 VS17

 Timestamp is 641e9548 (Sat Mar 25 07:31:36 2023)

 Preferred load address is 0000000140000000

 Start         Length     Name                   Class
 0001:00000000 00000020H .text$di                CODE
 0001:00000020 00037bc0H .text$mn                CODE
 0001:00037be0 00000040H .text$mn$00             CODE
 0001:00037c20 000006d0H .text$x                 CODE
 0001:000382f0 000000d9H .text$yd                CODE
 0002:00000000 00000538H .idata$5                DATA
 0002:00000538 00000028H .00cfg                  DATA
 0002:00000560 00000008H .CRT$XCA                DATA
 0002:00000568 00000008H .CRT$XCAA               DATA
 0002:00000570 00000010H .CRT$XCU                DATA
 0002:00000580 00000008H .CRT$XCZ                DATA
 0002:00000588 00000008H .CRT$XIA                DATA
 0002:00000590 00000008H .CRT$XIAA               DATA
 0002:00000598 00000008H .CRT$XIAC               DATA
 0002:000005a0 00000028H .CRT$XIC                DATA
 0002:000005c8 00000008H .CRT$XIZ                DATA
 0002:000005d0 00000008H .CRT$XPA                DATA
 0002:000005d8 00000010H .CRT$XPX                DATA
 0002:000005e8 00000008H .CRT$XPXA               DATA
 0002:000005f0 00000008H .CRT$XPZ                DATA
 0002:000005f8 00000008H .CRT$XTA                DATA
 0002:00000600 00000010H .CRT$XTZ                DATA
 0002:00000608 00000000H .gehcont$y              DATA
 0002:00000608 00000000H .gfids$y                DATA
 0002:00000610 0000d0f0H .rdata                  DATA
 0002:0000d700 00000000H .rdata$CastGuardVftablesA DATA
 0002:0000d700 00000000H .rdata$CastGuardVftablesC DATA
 0002:0000d700 000006fcH .rdata$r                DATA
 0002:0000ddfc 000002ccH .rdata$voltmd           DATA
 0002:0000e0c8 000003b0H .rdata$zzzdbg           DATA
 0002:0000e478 00000008H .rtc$IAA                DATA
 0002:0000e480 00000008H .rtc$IZZ                DATA
 0002:0000e488 00000008H .rtc$TAA                DATA
 0002:0000e490 00000008H .rtc$TZZ                DATA
 0002:0000e498 00002de8H .xdata                  DATA
 0002:00011280 00000314H .xdata$x                DATA
 0002:00011594 00000000H .edata                  DATA
 0002:00011594 0000008cH .idata$2                DATA
 0002:00011620 00000018H .idata$3                DATA
 0002:00011638 00000538H .idata$4                DATA
 0002:00011b70 00000bd2H .idata$6                DATA
 0003:00000000 00000ca0H .data                   DATA
 0003:00000ca0 000001a8H .data$r                 DATA
 0003:00000e48 000000c8H .data$rs                DATA
 0003:00000f10 0000fbf0H .bss                    DATA
 0004:00000000 0000282cH .pdata                  DATA
 0005:00000000 00013510H _RDATA                  DATA
 0006:00000000 00000060H .rsrc$01                DATA
 0006:00000060 00000180H .rsrc$02                DATA

  Address         Publics by Value              Rva+Base               Lib:Object

 0000:00000000       __x64_code_ranges_to_entry_points_count 0000000000000000     <absolute>
 0000:00000000       __guard_longjmp_table      0000000000000000     <absolute>
 0000:00000000       __x64_code_ranges_to_entry_points 0000000000000000     <absolute>
 0000:00000000       __guard_iat_table          0000000000000000     <absolute>
 0000:00000000       __guard_fids_count         0000000000000000     <absolute>
 0000:00000000       __guard_iat_count          0000000000000000     <absolute>
 0000:00000000       __guard_longjmp_count      0000000000000000     <absolute>
 0000:00000000       __arm64x_extra_rfe_table   0000000000000000     <absolute>
 0000:00000000       __dynamic_value_reloc_table 0000000000000000     <absolute>
 0000:00000000       __hybrid_auxiliary_iat     0000000000000000     <absolute>
 0000:00000000       __hybrid_auxiliary_iat_copy 0000000000000000     <absolute>
 0000:00000000       __hybrid_code_map          0000000000000000     <absolute>
 0000:00000000       __arm64x_extra_rfe_table_size 0000000000000000     <absolute>
 0000:00000000       __arm64x_redirection_metadata 0000000000000000     <absolute>
 0000:00000000       __AbsoluteZero             0000000000000000     <absolute>
 0000:00000000       __guard_check_icall_a64n_fptr 0000000000000000     <absolute>
 0000:00000000       __guard_fids_table         0000000000000000     <absolute>
 0000:00000000       __guard_eh_cont_count      0000000000000000     <absolute>
 0000:00000000       __arm64x_redirection_metadata_count 0000000000000000     <absolute>
 0000:00000000       __enclave_config           0000000000000000     <absolute>
 0000:00000000       __guard_eh_cont_table      0000000000000000     <absolute>
 0000:00000000       __arm64x_native_entrypoint 0000000000000000     <absolute>
 0000:00000000       __hybrid_code_map_count    0000000000000000     <absolute>
 0000:00000100       __guard_flags              0000000000000100     <absolute>
 0000:00000000       __ImageBase                0000000140000000     <linker-defined>
 0001:00000020       __local_stdio_printf_options 0000000140001020 f i device.obj
 0001:00000030       fprintf                    0000000140001030 f i device.obj
 0001:00000080       snprintf                   0000000140001080 f i device.obj
 0001:000002d0       sync_save_tracks           00000001400012d0 f   device.obj
 0001:00000890       sync_tcp_connect           0000000140001890 f   device.obj
 0001:00000ad0       sync_update                0000000140001ad0 f   device.obj
 0001:00000d40       sync_get_track             0000000140001d40 f   device.obj
 0001:00000f40       sync_get_val               0000000140001f40 f   track.obj
 0001:00001140       ??0Vector3@@QEAA@MMM@Z     0000000140002140 f i Matrix44.obj
 0001:00001160       ??GVector3@@QEBA?BV0@AEBV0@@Z 0000000140002160 f i Matrix44.obj
 0001:000011a0       ??DVector3@@QEBA?BMAEBV0@@Z 00000001400021a0 f i Matrix44.obj
 0001:000011d0       ??DVector3@@QEBA?BV0@M@Z   00000001400021d0 f i Matrix44.obj
 0001:00001200       ??XVector3@@QEAAAEAV0@M@Z  0000000140002200 f i Matrix44.obj
 0001:00001230       ?Normalized@Vector3@@QEBA?BV1@XZ 0000000140002230 f i Matrix44.obj
 0001:000012a0       ??0Vector4@@QEAA@MMMM@Z    00000001400022a0 f i Matrix44.obj
 0001:000012c0       ??0exception@std@@QEAA@AEBV01@@Z 00000001400022c0 f i audio.obj
 0001:00001300       ?what@exception@std@@UEBAPEBDXZ 0000000140002300 f i audio.obj
 0001:00001320       ??_Gbad_alloc@std@@UEAAPEAXI@Z 0000000140002320 f i audio.obj
 0001:00001320       ??_Gbad_array_new_length@std@@UEAAPEAXI@Z 0000000140002320 f i audio.obj
 0001:00001320       ??_Gbad_exception@std@@UEAAPEAXI@Z 0000000140002320 f i libvcruntime:frame.obj
 0001:00001320       ??_Gruntime_error@std@@UEAAPEAXI@Z 0000000140002320 f i main.obj
 0001:00001320       ??_Ebad_alloc@std@@UEAAPEAXI@Z 0000000140002320 f i * CIL library *:* CIL module *
 0001:00001320       ??_Glength_error@std@@UEAAPEAXI@Z 0000000140002320 f i libcpmt:xthrow.obj
 0001:00001320       ??_Gexception@std@@UEAAPEAXI@Z 0000000140002320 f i audio.obj
 0001:00001320       ??_Eexception@std@@UEAAPEAXI@Z 0000000140002320 f i * CIL library *:* CIL module *
 0001:00001320       ??_Glogic_error@std@@UEAAPEAXI@Z 0000000140002320 f i libcpmt:xthrow.obj
 0001:00001320       ??_Ebad_exception@std@@UEAAPEAXI@Z 0000000140002320 f i libvcruntime:frame.obj
 0001:00001320       ??_Ebad_array_new_length@std@@UEAAPEAXI@Z 0000000140002320 f i * CIL library *:* CIL module *
 0001:00001320       ??_Elogic_error@std@@UEAAPEAXI@Z 0000000140002320 f i libcpmt:xthrow.obj
 0001:00001320       ??_Elength_error@std@@UEAAPEAXI@Z 0000000140002320 f i libcpmt:xthrow.obj
 0001:00001320       ??_Eruntime_error@std@@UEAAPEAXI@Z 0000000140002320 f i * CIL library *:* CIL module *
 0001:00001370       ??1system_error@std@@UEAA@XZ 0000000140002370 f i main.obj
 0001:00001370       ??1bad_alloc@std@@UEAA@XZ  0000000140002370 f i audio.obj
 0001:00001370       ??1bad_exception@std@@UEAA@XZ 0000000140002370 f i libvcruntime:frame.obj
 0001:00001370       ??1bad_array_new_length@std@@UEAA@XZ 0000000140002370 f i audio.obj
 0001:00001370       ??1length_error@std@@UEAA@XZ 0000000140002370 f i libcpmt:xthrow.obj
 0001:00001390       ??0bad_array_new_length@std@@QEAA@XZ 0000000140002390 f i audio.obj
 0001:000013c0       ?__scrt_throw_std_bad_array_new_length@@YAXXZ 00000001400023c0 f i LIBCMT:throw_bad_alloc.obj
 0001:000013c0       ?_Throw_bad_array_new_length@std@@YAXXZ 00000001400023c0 f i audio.obj
 0001:000013e0       ??0bad_array_new_length@std@@QEAA@AEBV01@@Z 00000001400023e0 f i audio.obj
 0001:00001420       ??0bad_alloc@std@@QEAA@AEBV01@@Z 0000000140002420 f i audio.obj
 0001:00001460       ?_Xlen_string@std@@YAXXZ   0000000140002460 f i audio.obj
 0001:00001480       ?Audio_Create@@YA_NIAEBV?$basic_string@DU?$char_traits@D@std@@V?$allocator@D@2@@std@@PEAUHWND__@@_N@Z 0000000140002480 f   audio.obj
 0001:000017d0       ?Audio_Rocket_Pause@@YAXPEAXH@Z 00000001400027d0 f   audio.obj
 0001:000017f0       ?Audio_Rocket_SetRow@@YAXPEAXH@Z 00000001400027f0 f   audio.obj
 0001:00001830       ?Audio_Rocket_IsPlaying@@YAHPEAX@Z 0000000140002830 f   audio.obj
 0001:00001840       ??1?$basic_string@DU?$char_traits@D@std@@V?$allocator@D@2@@std@@QEAA@XZ 0000000140002840 f i audio.obj
 0001:000018a0       ??0?$basic_string@DU?$char_traits@D@std@@V?$allocator@D@2@@std@@QEAA@QEBD@Z 00000001400028a0 f i audio.obj
 0001:000018e0       ?assign@?$basic_string@DU?$char_traits@D@std@@V?$allocator@D@2@@std@@QEAAAEAV12@QEBD@Z 00000001400028e0 f i audio.obj
 0001:00001900       ?assign@?$basic_string@DU?$char_traits@D@std@@V?$allocator@D@2@@std@@QEAAAEAV12@QEBD_K@Z 0000000140002900 f i audio.obj
 0001:00002960       ?Ball_Create@@YA_NXZ       0000000140003960 f   ball.obj
 0001:00003060       ?Ball_Draw@@YAXPEAIMM@Z    0000000140004060 f   ball.obj
 0001:000033d0       ?HorizontalBoxBlur32@@YAXPEAIPEBIIIM@Z 00000001400043d0 f   boxblur.obj
 0001:00003560       ?VerticalBoxBlur32@@YAXPEAIPEBIIIM@Z 0000000140004560 f   boxblur.obj
 0001:000036e0       ?Fx_Blit_2x2@@YAXPEAI0@Z   00000001400046e0 f   fx-blitter.obj
 0001:00003750       tinymt32_init              0000000140004750 f   random.obj
 0001:00003a30       ?Shadertoy_Create@@YA_NXZ  0000000140004a30 f   shadertoy.obj
 0001:00004ee0       ?RenderLaura_2x2@@YAXPEAIM@Z 0000000140005ee0 f   shadertoy.obj
 0001:000050d0       ?Demo_Create@@YA_NXZ       00000001400060d0 f   demo.obj
 0001:00006890       ?Demo_Draw@@YA_NPEAIMM@Z   0000000140007890 f   demo.obj
 0001:00007cd0       ?Open@Display@@QEAA_NAEBV?$basic_string@DU?$char_traits@D@std@@V?$allocator@D@2@@std@@II_N@Z 0000000140008cd0 f   display.obj
 0001:00007fc0       ?Gamepad_Update@@YA_NAEAUPadState@@@Z 0000000140008fc0 f   gamepad.obj
 0001:000084d0       ?Image_Load32@@YAPEAIAEBV?$basic_string@DU?$char_traits@D@std@@V?$allocator@D@2@@std@@@Z 00000001400094d0 f   image.obj
 0001:000084e0       ?deallocate@?$allocator@PEAX@std@@QEAAXQEAPEAX_K@Z 00000001400094e0 f i image.obj
 0001:00008530       ??$_Emplace_reallocate@AEBQEAX@?$vector@PEAXV?$allocator@PEAX@std@@@std@@QEAAPEAPEAXQEAPEAXAEBQEAX@Z 0000000140009530 f i image.obj
 0001:00008720       ?_Xlength@?$vector@PEAXV?$allocator@PEAX@std@@@std@@CAXXZ 0000000140009720 f i image.obj
 0001:00008d10       ?Landscape_Create@@YA_NXZ  0000000140009d10 f   landscape.obj
 0001:00008f70       ??0runtime_error@std@@QEAA@AEBV01@@Z 0000000140009f70 f i main.obj
 0001:00008fb0       ?default_error_condition@error_category@std@@UEBA?AVerror_condition@2@H@Z 0000000140009fb0 f i main.obj
 0001:00008fc0       ?equivalent@error_category@std@@UEBA_NHAEBVerror_condition@2@@Z 0000000140009fc0 f i main.obj
 0001:00009000       ?equivalent@error_category@std@@UEBA_NAEBVerror_code@2@H@Z 000000014000a000 f i main.obj
 0001:00009020       ?make_error_code@std@@YA?AVerror_code@1@W4errc@1@@Z 000000014000a020 f i main.obj
 0001:00009040       ??0_System_error@std@@IEAA@Verror_code@1@AEBV?$basic_string@DU?$char_traits@D@std@@V?$allocator@D@2@@1@@Z 000000014000a040 f i main.obj
 0001:000091e0       ??_Esystem_error@std@@UEAAPEAXI@Z 000000014000a1e0 f i * CIL library *:* CIL module *
 0001:000091e0       ??_E_System_error@std@@UEAAPEAXI@Z 000000014000a1e0 f i * CIL library *:* CIL module *
 0001:000091e0       ??_Gsystem_error@std@@UEAAPEAXI@Z 000000014000a1e0 f i main.obj
 0001:000091e0       ??_G_System_error@std@@UEAAPEAXI@Z 000000014000a1e0 f i main.obj
 0001:00009230       ??0system_error@std@@QEAA@Verror_code@1@@Z 000000014000a230 f i main.obj
 0001:000092e0       ?_Throw_system_error@std@@YAXW4errc@1@@Z 000000014000a2e0 f i main.obj
 0001:00009320       ??0system_error@std@@QEAA@AEBV01@@Z 000000014000a320 f i main.obj
 0001:00009380       ??0_System_error@std@@QEAA@AEBV01@@Z 000000014000a380 f i main.obj
 0001:000093d0       ?name@_Generic_error_category@std@@UEBAPEBDXZ 000000014000a3d0 f i main.obj
 0001:000093e0       ?message@_Generic_error_category@std@@UEBA?AV?$basic_string@DU?$char_traits@D@std@@V?$allocator@D@2@@2@H@Z 000000014000a3e0 f i main.obj
 0001:00009430       ??_G_System_error_category@std@@UEAAPEAXI@Z 000000014000a430 f i main.obj
 0001:00009430       ??_E_System_error_category@std@@UEAAPEAXI@Z 000000014000a430 f i * CIL library *:* CIL module *
 0001:00009430       ??_G_Generic_error_category@std@@UEAAPEAXI@Z 000000014000a430 f i main.obj
 0001:00009430       ??_E_Generic_error_category@std@@UEAAPEAXI@Z 000000014000a430 f i * CIL library *:* CIL module *
 0001:00009460       ?name@_System_error_category@std@@UEBAPEBDXZ 000000014000a460 f i main.obj
 0001:00009470       ?message@_System_error_category@std@@UEBA?AV?$basic_string@DU?$char_traits@D@std@@V?$allocator@D@2@@2@H@Z 000000014000a470 f i main.obj
 0001:000094e0       ?default_error_condition@_System_error_category@std@@UEBA?AVerror_condition@2@H@Z 000000014000a4e0 f i main.obj
 0001:00009540       ?_Make_ec@filesystem@std@@YA?AVerror_code@2@W4__std_win_error@@@Z 000000014000a540 f i main.obj
 0001:00009560       ?_Throw_system_error_from_std_win_error@filesystem@std@@YAXW4__std_win_error@@@Z 000000014000a560 f i main.obj
 0001:000095a0       ??0path@filesystem@std@@QEAA@AEBV012@@Z 000000014000a5a0 f i main.obj
 0001:000096a0       ??0filesystem_error@filesystem@std@@QEAA@AEBV?$basic_string@DU?$char_traits@D@std@@V?$allocator@D@2@@2@AEBVpath@12@Verror_code@2@@Z 000000014000a6a0 f i main.obj
 0001:000097c0       ?what@filesystem_error@filesystem@std@@UEBAPEBDXZ 000000014000a7c0 f i main.obj
 0001:000097d0       ?_Pretty_message@filesystem_error@filesystem@std@@CA?AV?$basic_string@DU?$char_traits@D@std@@V?$allocator@D@2@@3@V?$basic_string_view@DU?$char_traits@D@std@@@3@AEBVpath@23@1@Z 000000014000a7d0 f i main.obj
 0001:00009a00       ??_Efilesystem_error@filesystem@std@@UEAAPEAXI@Z 000000014000aa00 f i * CIL library *:* CIL module *
 0001:00009a00       ??_Gfilesystem_error@filesystem@std@@UEAAPEAXI@Z 000000014000aa00 f i main.obj
 0001:00009b50       ??1filesystem_error@filesystem@std@@UEAA@XZ 000000014000ab50 f i main.obj
 0001:00009c70       ??0filesystem_error@filesystem@std@@QEAA@AEBV012@@Z 000000014000ac70 f i main.obj
 0001:00009cf0       ?_Throw_fs_error@filesystem@std@@YAXPEBDW4__std_win_error@@AEBVpath@12@@Z 000000014000acf0 f i main.obj
 0001:00009d60       WinMain                    000000014000ad60 f   main.obj
 0001:0000a740       ??0?$basic_string@DU?$char_traits@D@std@@V?$allocator@D@2@@std@@QEAA@AEBV01@@Z 000000014000b740 f i main.obj
 0001:0000a820       ?append@?$basic_string@DU?$char_traits@D@std@@V?$allocator@D@2@@std@@QEAAAEAV12@QEBD_K@Z 000000014000b820 f i main.obj
 0001:0000a8a0       ??$_Convert_wide_to_narrow_replace_chars@U?$char_traits@D@std@@V?$allocator@D@2@@filesystem@std@@YA?AV?$basic_string@DU?$char_traits@D@std@@V?$allocator@D@2@@1@W4__std_code_page@@V?$basic_string_view@_WU?$char_traits@_W@std@@@1@AEBV?$allocator@D@1@@Z 000000014000b8a0 f i main.obj
 0001:0000a9f0       ??$_Reallocate_grow_by@V<lambda_1>@?1??reserve@?$basic_string@DU?$char_traits@D@std@@V?$allocator@D@2@@std@@QEAAX_K@Z@$$V@?$basic_string@DU?$char_traits@D@std@@V?$allocator@D@2@@std@@AEAAAEAV01@_KV<lambda_1>@?1??reserve@01@QEAAX0@Z@@Z 000000014000b9f0 f i main.obj
 0001:0000ab40       ??$_Reallocate_grow_by@V<lambda_1>@?1??append@?$basic_string@_WU?$char_traits@_W@std@@V?$allocator@_W@2@@std@@QEAAAEAV34@_K_W@Z@_K_W@?$basic_string@_WU?$char_traits@_W@std@@V?$allocator@_W@2@@std@@AEAAAEAV01@_KV<lambda_1>@?1??append@01@QEAAAEAV01@0_W@Z@_K_W@Z 000000014000bb40 f i main.obj
 0001:0000acf0       ??$_Reallocate_grow_by@V<lambda_1>@?1??push_back@?$basic_string@DU?$char_traits@D@std@@V?$allocator@D@2@@std@@QEAAXD@Z@D@?$basic_string@DU?$char_traits@D@std@@V?$allocator@D@2@@std@@AEAAAEAV01@_KV<lambda_1>@?1??push_back@01@QEAAXD@Z@D@Z 000000014000bcf0 f i main.obj
 0001:0000ae60       ??$_Reallocate_grow_by@V<lambda_1>@?1??append@?$basic_string@DU?$char_traits@D@std@@V?$allocator@D@2@@std@@QEAAAEAV34@QEBD_K@Z@PEBD_K@?$basic_string@DU?$char_traits@D@std@@V?$allocator@D@2@@std@@AEAAAEAV01@_KV<lambda_1>@?1??append@01@QEAAAEAV01@QEBD0@Z@PEBD_K@Z 000000014000be60 f i main.obj
 0001:0000afe0       ??$_Reallocate_grow_by@V<lambda_1>@?1??append@?$basic_string@DU?$char_traits@D@std@@V?$allocator@D@2@@std@@QEAAAEAV34@_KD@Z@_KD@?$basic_string@DU?$char_traits@D@std@@V?$allocator@D@2@@std@@AEAAAEAV01@_KV<lambda_1>@?1??append@01@QEAAAEAV01@0D@Z@_KD@Z 000000014000bfe0 f i main.obj
 0001:0000b410       ?Polar_Blit@@YAXPEAIPEBI_N@Z 000000014000c410 f   polar.obj
 0001:0000b450       ?Polar_BlitA@@YAXPEAIPEBI_N@Z 000000014000c450 f   polar.obj
 0001:0000b480       ?Shared_Create@@YA_NXZ     000000014000c480 f   shared-resources.obj
 0001:0000ba30       ?Twister_Create@@YA_NXZ    000000014000ca30 f   torus-twister.obj
 0001:0000c150       ?Tunnelscape_Create@@YA_NXZ 000000014000d150 f   tunnelscape.obj
 0001:0000c3b0       ?Mix32@@YAXPEAIPEBIIE@Z    000000014000d3b0 f   util.obj
 0001:0000c420       ?Add32@@YAXPEAIPEBII@Z     000000014000d420 f   util.obj
 0001:0000c470       ?MixOver32@@YAXPEAIPEBII@Z 000000014000d470 f   util.obj
 0001:0000c4b0       ?Sub32@@YAXPEAIPEBII@Z     000000014000d4b0 f   util.obj
 0001:0000c500       ?Excl32@@YAXPEAIPEBII@Z    000000014000d500 f   util.obj
 0001:0000c540       ?SoftLight32@@YAXPEAIPEBII@Z 000000014000d540 f   util.obj
 0001:0000c580       ?SoftLight32A@@YAXPEAIPEBII@Z 000000014000d580 f   util.obj
 0001:0000c5c0       ?SoftLight32AA@@YAXPEAIPEBIIM@Z 000000014000d5c0 f   util.obj
 0001:0000c650       ?Overlay32@@YAXPEAIPEBII@Z 000000014000d650 f   util.obj
 0001:0000c690       ?Overlay32A@@YAXPEAIPEBII@Z 000000014000d690 f   util.obj
 0001:0000c6d0       ?Darken32_50@@YAXPEAIPEBII@Z 000000014000d6d0 f   util.obj
 0001:0000c710       ?TapeWarp32@@YAXPEAIPEBIIIMM@Z 000000014000d710 f   util.obj
 0001:0000c770       ?MulSrc32@@YAXPEAIPEBII@Z  000000014000d770 f   util.obj
 0001:0000c7c0       ?MulSrc32A@@YAXPEAIPEBII@Z 000000014000d7c0 f   util.obj
 0001:0000c810       ?MixSrc32@@YAXPEAIPEBII@Z  000000014000d810 f   util.obj
 0001:0000c860       ?BlitSrc32@@YAXPEAIPEBIIII@Z 000000014000d860 f   util.obj
 0001:0000c8e0       ?BlitSrc32A@@YAXPEAIPEBIIIIM@Z 000000014000d8e0 f   util.obj
 0001:0000c980       ?BlitAdd32A@@YAXPEAIPEBIIIIM@Z 000000014000d980 f   util.obj
 0001:0000ca10       ?Fade32@@YAXPEAIIIE@Z      000000014000da10 f   util.obj
 0001:0000ca90       ??2@YAPEAX_K@Z             000000014000da90 f   LIBCMT:new_scalar.obj
 0001:0000cacc       ??3@YAXPEAX@Z              000000014000dacc f   LIBCMT:delete_scalar.obj
 0001:0000cad4       ??3@YAXPEAX_K@Z            000000014000dad4 f   LIBCMT:delete_scalar_size.obj
 0001:0000cadc       ??_Gtype_info@@UEAAPEAXI@Z 000000014000dadc f i LIBCMT:std_type_info_static.obj
 0001:0000cadc       ??_Etype_info@@UEAAPEAXI@Z 000000014000dadc f i LIBCMT:std_type_info_static.obj
 0001:0000cb08       __scrt_acquire_startup_lock 000000014000db08 f   LIBCMT:utility.obj
 0001:0000cb44       __scrt_initialize_crt      000000014000db44 f   LIBCMT:utility.obj
 0001:0000cb90       __scrt_initialize_onexit_tables 000000014000db90 f   LIBCMT:utility.obj
 0001:0000cc1c       __scrt_is_nonwritable_in_current_image 000000014000dc1c f   LIBCMT:utility.obj
 0001:0000ccb4       __scrt_release_startup_lock 000000014000dcb4 f   LIBCMT:utility.obj
 0001:0000ccd8       __scrt_uninitialize_crt    000000014000dcd8 f   LIBCMT:utility.obj
 0001:0000cd04       _onexit                    000000014000dd04 f   LIBCMT:utility.obj
 0001:0000cd40       atexit                     000000014000dd40 f   LIBCMT:utility.obj
 0001:0000cfb0       WinMainCRTStartup          000000014000dfb0 f   LIBCMT:exe_winmain.obj
 0001:0000cfc4       ??0bad_alloc@std@@QEAA@XZ  000000014000dfc4 f i LIBCMT:throw_bad_alloc.obj
 0001:0000cfe4       ?__scrt_throw_std_bad_alloc@@YAXXZ 000000014000dfe4 f   LIBCMT:throw_bad_alloc.obj
 0001:0000d004       __isa_available_init       000000014000e004 f   LIBCMT:cpu_disp.obj
 0001:0000d1a8       _get_startup_argv_mode     000000014000e1a8 f   LIBCMT:argv_mode.obj
 0001:0000d1b0       __scrt_is_ucrt_dll_in_use  000000014000e1b0 f   LIBCMT:ucrt_detection.obj
 0001:0000d1bc       __crt_debugger_hook        000000014000e1bc f   LIBCMT:utility_desktop.obj
 0001:0000d1c4       __scrt_fastfail            000000014000e1c4 f   LIBCMT:utility_desktop.obj
 0001:0000d310       __scrt_get_show_window_mode 000000014000e310 f   LIBCMT:utility_desktop.obj
 0001:0000d34c       __scrt_initialize_mta      000000014000e34c f   LIBCMT:utility_desktop.obj
 0001:0000d354       __scrt_exe_initialize_mta  000000014000e354 f   LIBCMT:utility_desktop.obj
 0001:0000d354       _get_startup_thread_locale_mode 000000014000e354 f   LIBCMT:thread_locale.obj
 0001:0000d354       __scrt_initialize_winrt    000000014000e354 f   LIBCMT:utility_desktop.obj
 0001:0000d354       _matherr                   000000014000e354 f   LIBCMT:matherr.obj
 0001:0000d354       _get_startup_new_mode      000000014000e354 f   LIBCMT:new_mode.obj
 0001:0000d354       _get_startup_commit_mode   000000014000e354 f   LIBCMT:commit_mode.obj
 0001:0000d354       __scrt_stub_for_initialize_mta 000000014000e354 f   LIBCMT:utility_desktop.obj
 0001:0000d358       __scrt_is_managed_app      000000014000e358 f   LIBCMT:utility_desktop.obj
 0001:0000d3ac       __scrt_set_unhandled_exception_filter 000000014000e3ac f   LIBCMT:utility_desktop.obj
 0001:0000d3bc       __scrt_unhandled_exception_filter 000000014000e3bc f   LIBCMT:utility_desktop.obj
 0001:0000d418       _initialize_invalid_parameter_handler 000000014000e418 f i LIBCMT:invalid_parameter_handler.obj
 0001:0000d418       _guard_check_icall_nop     000000014000e418 f i LIBCMT:guard_support.obj
 0001:0000d418       _initialize_denormal_control 000000014000e418 f i LIBCMT:denormal_control.obj
 0001:0000d41c       __security_init_cookie     000000014000e41c f   LIBCMT:gs_support.obj
 0001:0000d4c8       _get_startup_file_mode     000000014000e4c8 f   LIBCMT:file_mode.obj
 0001:0000d4d0       ?__scrt_initialize_type_info@@YAXXZ 000000014000e4d0 f   LIBCMT:tncleanup.obj
 0001:0000d4e0       _should_initialize_environment 000000014000e4e0 f   LIBCMT:env_mode.obj
 0001:0000d4e0       __acrt_uninitialize_command_line 000000014000e4e0 f   libucrt:argv_data.obj
 0001:0000d4e4       __local_stdio_scanf_options 000000014000e4e4 f i LIBCMT:default_local_stdio_options.obj
 0001:0000d4ec       __scrt_initialize_default_local_stdio_options 000000014000e4ec f   LIBCMT:default_local_stdio_options.obj
 0001:0000d508       __scrt_is_user_matherr_present 000000014000e508 f   LIBCMT:matherr_detection.obj
 0001:0000d514       __scrt_get_dyn_tls_init_callback 000000014000e514 f   LIBCMT:dyn_tls_init.obj
 0001:0000d51c       __scrt_get_dyn_tls_dtor_callback 000000014000e51c f   LIBCMT:dyn_tls_dtor.obj
 0001:0000d524       _RTC_Initialize            000000014000e524 f   LIBCMT:initsect.obj
 0001:0000d560       _RTC_Terminate             000000014000e560 f   LIBCMT:initsect.obj
 0001:0000d5a0       ??0length_error@std@@QEAA@AEBV01@@Z 000000014000e5a0 f i libcpmt:xthrow.obj
 0001:0000d5dc       ??0length_error@std@@QEAA@PEBD@Z 000000014000e5dc f i libcpmt:xthrow.obj
 0001:0000d624       ??0logic_error@std@@QEAA@AEBV01@@Z 000000014000e624 f i libcpmt:xthrow.obj
 0001:0000d660       ?_Xlength_error@std@@YAXPEBD@Z 000000014000e660 f   libcpmt:xthrow.obj
 0001:0000d684       __std_system_error_allocate_message 000000014000e684 f   libcpmt:syserror_import_lib.obj
 0001:0000d6e4       __std_system_error_deallocate_message 000000014000e6e4 f   libcpmt:syserror_import_lib.obj
 0001:0000d6ec       __std_fs_code_page         000000014000e6ec f   libcpmt:filesystem.obj
 0001:0000d714       __std_fs_convert_narrow_to_wide 000000014000e714 f   libcpmt:filesystem.obj
 0001:0000d75c       __std_fs_convert_wide_to_narrow_replace_chars 000000014000e75c f   libcpmt:filesystem.obj
 0001:0000d828       __std_fs_set_current_path  000000014000e828 f   libcpmt:filesystem.obj
 0001:0000d848       ?_Syserror_map@std@@YAPEBDH@Z 000000014000e848 f   libcpmt:syserror.obj
 0001:0000d870       ?_Winerror_map@std@@YAHH@Z 000000014000e870 f   libcpmt:syserror.obj
 0001:0000d894       strchr                     000000014000e894 f   libvcruntime:strchr.obj
 0001:0000d914       __std_exception_copy       000000014000e914 f   libvcruntime:std_exception.obj
 0001:0000d9a4       __std_exception_destroy    000000014000e9a4 f   libvcruntime:std_exception.obj
 0001:0000d9cc       __vcrt_initialize          000000014000e9cc f   libvcruntime:initialization.obj
 0001:0000d9f4       __vcrt_uninitialize        000000014000e9f4 f   libvcruntime:initialization.obj
 0001:0000da10       __C_specific_handler       000000014000ea10 f   libvcruntime:riscchandler.obj
 0001:0000dc1c       _CxxThrowException         000000014000ec1c f   libvcruntime:throw.obj
 0001:0000dcbc       __DestructExceptionObject  000000014000ecbc f   libvcruntime:ehhelpers.obj
 0001:0000dd2c       ?_CallMemberFunction0@@YAXQEAX0@Z 000000014000ed2c f i libvcruntime:ehhelpers.obj
 0001:0000dd30       _IsExceptionObjectToBeDestroyed 000000014000ed30 f   libvcruntime:ehhelpers.obj
 0001:0000dd60       __AdjustPointer            000000014000ed60 f   libvcruntime:ehhelpers.obj
 0001:0000dd84       __FrameUnwindFilter        000000014000ed84 f   libvcruntime:ehhelpers.obj
 0001:0000ddec       __current_exception        000000014000edec f   libvcruntime:ehhelpers.obj
 0001:0000de00       __current_exception_context 000000014000ee00 f   libvcruntime:ehhelpers.obj
 0001:0000de14       __std_terminate            000000014000ee14 f   libvcruntime:ehhelpers.obj
 0001:0000de30       memset_repmovs             000000014000ee30 f   libvcruntime:memset.obj
 0001:0000de50       memset                     000000014000ee50 f   libvcruntime:memset.obj
 0001:0000dfe0       __std_type_info_compare    000000014000efe0 f   libvcruntime:std_type_info.obj
 0001:0000e008       __vcrt_freefls             000000014000f008 f   libvcruntime:per_thread_data.obj
 0001:0000e028       __vcrt_getptd              000000014000f028 f   libvcruntime:per_thread_data.obj
 0001:0000e044       __vcrt_getptd_noexit       000000014000f044 f   libvcruntime:per_thread_data.obj
 0001:0000e104       __vcrt_initialize_ptd      000000014000f104 f   libvcruntime:per_thread_data.obj
 0001:0000e14c       __vcrt_uninitialize_ptd    000000014000f14c f   libvcruntime:per_thread_data.obj
 0001:0000e170       __vcrt_initialize_locks    000000014000f170 f   libvcruntime:locks.obj
 0001:0000e1a4       __vcrt_uninitialize_locks  000000014000f1a4 f   libvcruntime:locks.obj
 0001:0000e1f0       _NLG_Notify                000000014000f1f0 f   libvcruntime:notify.obj
 0001:0000e210       __NLG_Dispatch2            000000014000f210 f   libvcruntime:notify.obj
 0001:0000e220       __NLG_Return2              000000014000f220 f   libvcruntime:notify.obj
 0001:0000e224       __except_validate_context_record 000000014000f224 f   libvcruntime:jbcxrval.obj
 0001:0000e3ac       __vcrt_FlsAlloc            000000014000f3ac f   libvcruntime:winapi_downlevel.obj
 0001:0000e3f4       __vcrt_FlsFree             000000014000f3f4 f   libvcruntime:winapi_downlevel.obj
 0001:0000e43c       __vcrt_FlsGetValue         000000014000f43c f   libvcruntime:winapi_downlevel.obj
 0001:0000e484       __vcrt_FlsSetValue         000000014000f484 f   libvcruntime:winapi_downlevel.obj
 0001:0000e4d8       __vcrt_InitializeCriticalSectionEx 000000014000f4d8 f   libvcruntime:winapi_downlevel.obj
 0001:0000e53c       ??$_CallSETranslator@V__FrameHandler3@@@@YAHPEAUEHExceptionRecord@@PEA_KPEAU_CONTEXT@@PEAU_xDISPATCHER_CONTEXT@@PEBU_s_FuncInfo@@K1H@Z 000000014000f53c f i libvcruntime:risctrnsctrl.obj
 0001:0000e590       ??$_CallSETranslator@V__FrameHandler4@@@@YAHPEAUEHExceptionRecord@@PEA_KPEAU_CONTEXT@@PEAU_xDISPATCHER_CONTEXT@@PEAUFuncInfo4@FH4@@K1H@Z 000000014000f590 f i libvcruntime:risctrnsctrl.obj
 0001:0000e5e4       ?CatchTryBlock@__FrameHandler3@@SAPEBU_s_TryBlockMapEntry@@PEBU_s_FuncInfo@@H@Z 000000014000f5e4 f   libvcruntime:risctrnsctrl.obj
 0001:0000e638       ?DecompFuncInfo@FH4@@YA_JPEAEAEAUFuncInfo4@1@_KH_N@Z 000000014000f638 f i libvcruntime:risctrnsctrl.obj
 0001:0000e75c       ?ExecutionInCatch@__FrameHandler3@@SA_NPEAU_xDISPATCHER_CONTEXT@@PEBU_s_FuncInfo@@@Z 000000014000f75c f   libvcruntime:risctrnsctrl.obj
 0001:0000e788       ?ExecutionInCatch@__FrameHandler4@@SA_NPEAU_xDISPATCHER_CONTEXT@@PEAUFuncInfo4@FH4@@@Z 000000014000f788 f   libvcruntime:risctrnsctrl.obj
 0001:0000e790       ?FrameUnwindToEmptyState@__FrameHandler3@@SAXPEA_KPEAU_xDISPATCHER_CONTEXT@@PEBU_s_FuncInfo@@@Z 000000014000f790 f   libvcruntime:risctrnsctrl.obj
 0001:0000e7f4       ?FrameUnwindToEmptyState@__FrameHandler4@@SAXPEA_KPEAU_xDISPATCHER_CONTEXT@@PEAUFuncInfo4@FH4@@@Z 000000014000f7f4 f   libvcruntime:risctrnsctrl.obj
 0001:0000e828       ?GetEstablisherFrame@__FrameHandler3@@SAPEA_KPEA_KPEAU_xDISPATCHER_CONTEXT@@PEBU_s_FuncInfo@@0@Z 000000014000f828 f   libvcruntime:risctrnsctrl.obj
 0001:0000e8f4       ?GetEstablisherFrame@__FrameHandler4@@SAPEA_KPEA_KPEAU_xDISPATCHER_CONTEXT@@PEAUFuncInfo4@FH4@@0@Z 000000014000f8f4 f   libvcruntime:risctrnsctrl.obj
 0001:0000e918       ?GetRangeOfTrysToCheck@__FrameHandler3@@SA?AU?$pair@Viterator@TryBlockMap@__FrameHandler3@@V123@@std@@AEAVTryBlockMap@1@HPEAU_xDISPATCHER_CONTEXT@@PEBU_s_FuncInfo@@H@Z 000000014000f918 f   libvcruntime:risctrnsctrl.obj
 0001:0000ea58       ?GetRangeOfTrysToCheck@__FrameHandler4@@SA?AU?$pair@Viterator@TryBlockMap4@FH4@@V123@@std@@AEAVTryBlockMap4@FH4@@HPEAU_xDISPATCHER_CONTEXT@@PEAUFuncInfo4@5@H@Z 000000014000fa58 f   libvcruntime:risctrnsctrl.obj
 0001:0000ebc0       ?UnwindNestedFrames@__FrameHandler3@@SAXPEA_KPEAUEHExceptionRecord@@PEAU_CONTEXT@@0PEAXPEBU_s_FuncInfo@@HHPEBU_s_HandlerType@@PEAU_xDISPATCHER_CONTEXT@@E@Z 000000014000fbc0 f   libvcruntime:risctrnsctrl.obj
 0001:0000ecc4       ?UnwindNestedFrames@__FrameHandler4@@SAXPEA_KPEAUEHExceptionRecord@@PEAU_CONTEXT@@0PEAXPEAUFuncInfo4@FH4@@HHPEAUHandlerType4@5@PEAU_xDISPATCHER_CONTEXT@@E@Z 000000014000fcc4 f   libvcruntime:risctrnsctrl.obj
 0001:0000ede4       ?setBuffer@TryBlockMap4@FH4@@QEAAXViterator@12@@Z 000000014000fde4 f i libvcruntime:risctrnsctrl.obj
 0001:0000efa4       _CreateFrameInfo           000000014000ffa4 f   libvcruntime:risctrnsctrl.obj
 0001:0000efe0       _FindAndUnlinkFrame        000000014000ffe0 f   libvcruntime:risctrnsctrl.obj
 0001:0000f034       _GetImageBase              0000000140010034 f   libvcruntime:risctrnsctrl.obj
 0001:0000f048       _GetThrowImageBase         0000000140010048 f   libvcruntime:risctrnsctrl.obj
 0001:0000f05c       _SetImageBase              000000014001005c f   libvcruntime:risctrnsctrl.obj
 0001:0000f074       _SetThrowImageBase         0000000140010074 f   libvcruntime:risctrnsctrl.obj
 0001:0000f08c       __CxxFrameHandler3         000000014001008c f   libvcruntime:risctrnsctrl.obj
 0001:0000f114       __CxxFrameHandler4         0000000140010114 f   libvcruntime:risctrnsctrl.obj
 0001:0000f1f0       memcpy_repmovs             00000001400101f0 f   libvcruntime:memcpy.obj
 0001:0000f210       memmove                    0000000140010210 f   libvcruntime:memcpy.obj
 0001:0000f210       memcpy                     0000000140010210 f   libvcruntime:memcpy.obj
 0001:0000f888       ?GetCurrentState@__FrameHandler3@@SAHPEA_KPEAU_xDISPATCHER_CONTEXT@@PEBU_s_FuncInfo@@@Z 0000000140010888 f   libvcruntime:ehstate.obj
 0001:0000f8b0       ?GetUnwindTryBlock@__FrameHandler3@@SAHPEA_KPEAU_xDISPATCHER_CONTEXT@@PEBU_s_FuncInfo@@@Z 00000001400108b0 f   libvcruntime:ehstate.obj
 0001:0000f8dc       ?SetState@__FrameHandler3@@SAXPEA_KPEBU_s_FuncInfo@@H@Z 00000001400108dc f   libvcruntime:ehstate.obj
 0001:0000f8e8       ?SetUnwindTryBlock@__FrameHandler3@@SAXPEA_KPEAU_xDISPATCHER_CONTEXT@@PEBU_s_FuncInfo@@H@Z 00000001400108e8 f   libvcruntime:ehstate.obj
 0001:0000f924       ?StateFromControlPc@__FrameHandler3@@SAHPEBU_s_FuncInfo@@PEAU_xDISPATCHER_CONTEXT@@@Z 0000000140010924 f   libvcruntime:ehstate.obj
 0001:0000f92c       ?StateFromControlPc@__FrameHandler4@@SAHPEAUFuncInfo4@FH4@@PEAU_xDISPATCHER_CONTEXT@@@Z 000000014001092c f   libvcruntime:ehstate.obj
 0001:0000f934       ?StateFromIp@__FrameHandler3@@SAHPEBU_s_FuncInfo@@PEAU_xDISPATCHER_CONTEXT@@_K@Z 0000000140010934 f   libvcruntime:ehstate.obj
 0001:0000f99c       ?StateFromIp@__FrameHandler4@@SAHPEAUFuncInfo4@FH4@@PEAU_xDISPATCHER_CONTEXT@@_K@Z 000000014001099c f   libvcruntime:ehstate.obj
 0001:00011080       ??$TypeMatchHelper@V__FrameHandler3@@@@YAHPEBU_s_HandlerType@@PEBU_s_CatchableType@@PEBU_s_ThrowInfo@@@Z 0000000140012080 f i libvcruntime:frame.obj
 0001:000111c0       ??$TypeMatchHelper@V__FrameHandler4@@@@YAHPEAUHandlerType4@FH4@@PEBU_s_CatchableType@@PEBU_s_ThrowInfo@@@Z 00000001400121c0 f i libvcruntime:frame.obj
 0001:00011304       ??$__InternalCxxFrameHandler@V__FrameHandler3@@@@YA?AW4_EXCEPTION_DISPOSITION@@PEAUEHExceptionRecord@@PEA_KPEAU_CONTEXT@@PEAU_xDISPATCHER_CONTEXT@@PEBU_s_FuncInfo@@H1E@Z 0000000140012304 f i libvcruntime:frame.obj
 0001:0001153c       ??$__InternalCxxFrameHandler@V__FrameHandler4@@@@YA?AW4_EXCEPTION_DISPOSITION@@PEAUEHExceptionRecord@@PEA_KPEAU_CONTEXT@@PEAU_xDISPATCHER_CONTEXT@@PEAUFuncInfo4@FH4@@H1E@Z 000000014001253c f i libvcruntime:frame.obj
 0001:000117d0       ??0HandlerMap4@FH4@@QEAA@PEBUTryBlockMapEntry4@1@_KH@Z 00000001400127d0 f i libvcruntime:frame.obj
 0001:0001184c       ??0TryBlockMap4@FH4@@QEAA@PEBUFuncInfo4@1@_K@Z 000000014001284c f i libvcruntime:frame.obj
 0001:00011924       ??0bad_exception@std@@QEAA@AEBV01@@Z 0000000140012924 f i libvcruntime:frame.obj
 0001:00011960       ??0bad_exception@std@@QEAA@XZ 0000000140012960 f i libvcruntime:frame.obj
 0001:00011980       ?CxxCallCatchBlock@__FrameHandler3@@SAPEAXPEAU_EXCEPTION_RECORD@@@Z 0000000140012980 f   libvcruntime:frame.obj
 0001:00011b6c       ?CxxCallCatchBlock@__FrameHandler4@@SAPEAXPEAU_EXCEPTION_RECORD@@@Z 0000000140012b6c f   libvcruntime:frame.obj
 0001:00011dbc       ?DecompHandler@HandlerMap4@FH4@@AEAAXXZ 0000000140012dbc f i libvcruntime:frame.obj
 0001:00011ffc       ?FrameUnwindToState@__FrameHandler3@@SAXPEA_KPEAU_xDISPATCHER_CONTEXT@@PEBU_s_FuncInfo@@H@Z 0000000140012ffc f   libvcruntime:frame.obj
 0001:00012188       ?FrameUnwindToState@__FrameHandler4@@SAXPEA_KPEAU_xDISPATCHER_CONTEXT@@PEAUFuncInfo4@FH4@@H@Z 0000000140013188 f   libvcruntime:frame.obj
 0001:00012470       ?GetHandlerSearchState@__FrameHandler3@@SAHPEA_KPEAU_xDISPATCHER_CONTEXT@@PEBU_s_FuncInfo@@@Z 0000000140013470 f i libvcruntime:frame.obj
 0001:00012680       ?ReadEntry@UWMap4@FH4@@AEAAXPEAPEAE@Z 0000000140013680 f i libvcruntime:frame.obj
 0001:00012720       ?_CallMemberFunction1@@YAXQEAX00@Z 0000000140013720 f i libvcruntime:frame.obj
 0001:0001272c       ?_CallMemberFunction2@@YAXQEAX00H@Z 000000014001372c f i libvcruntime:frame.obj
 0001:0001273c       ?getStartStop@UWMap4@FH4@@QEAAXHHAEAViterator@12@0@Z 000000014001373c f i libvcruntime:frame.obj
 0001:0001280c       ?getStateFromIterators@UWMap4@FH4@@SAHAEBViterator@12@H0H0@Z 000000014001380c f i libvcruntime:frame.obj
 0001:000128f0       _CallSettingFrame          00000001400138f0 f   libvcruntime:handlers.obj
 0001:00012940       _CallSettingFrame_LookupContinuationIndex 0000000140013940 f   libvcruntime:handlers.obj
 0001:00012970       _CallSettingFrame_NotifyContinuationAddr 0000000140013970 f   libvcruntime:handlers.obj
 0001:000129a0       _CallSettingFrameEncoded   00000001400139a0 f   libvcruntime:handlers.obj
 0001:00012aa4       fopen                      0000000140013aa4 f   libucrt:fopen.obj
 0001:00012ab0       __acrt_initialize_stdio    0000000140013ab0 f   libucrt:_file.obj
 0001:00012bd0       __acrt_iob_func            0000000140013bd0 f   libucrt:_file.obj
 0001:00012be4       __acrt_uninitialize_stdio  0000000140013be4 f   libucrt:_file.obj
 0001:00012c40       _lock_file                 0000000140013c40 f   libucrt:_file.obj
 0001:00012c4c       _unlock_file               0000000140013c4c f   libucrt:_file.obj
 0001:00012d7c       ?get_raw_ptd@__crt_cached_ptd_host@@QEAAPEAU__acrt_ptd@@XZ 0000000140013d7c f i libucrt:fclose.obj
 0001:00012de4       fclose                     0000000140013de4 f   libucrt:fclose.obj
 0001:00012e7c       realloc                    0000000140013e7c f   libucrt:realloc.obj
 0001:00012ec4       ??$ensure_buffer_is_big_enough@D@formatting_buffer@__crt_stdio_output@@QEAA_N_KAEAV__crt_cached_ptd_host@@@Z 0000000140013ec4 f i libucrt:output.obj
 0001:00012f6c       ??$parse_integer@KV?$c_string_character_source@D@__crt_strtox@@$0A@@__crt_strtox@@YAKAEAV__crt_cached_ptd_host@@V?$c_string_character_source@D@0@H_N@Z 0000000140013f6c f i libucrt:output.obj
 0001:00013220       ??$type_case_integer@$07@?$output_processor@DV?$string_output_adapter@D@__crt_stdio_output@@V?$standard_base@DV?$string_output_adapter@D@__crt_stdio_output@@@2@@__crt_stdio_output@@AEAA_N_N@Z 0000000140014220 f i libucrt:output.obj
 0001:00013220       ??$type_case_integer@$07@?$output_processor@DV?$stream_output_adapter@D@__crt_stdio_output@@V?$standard_base@DV?$stream_output_adapter@D@__crt_stdio_output@@@2@@__crt_stdio_output@@AEAA_N_N@Z 0000000140014220 f i libucrt:output.obj
 0001:00013424       ??$type_case_integer@$09@?$output_processor@DV?$stream_output_adapter@D@__crt_stdio_output@@V?$standard_base@DV?$stream_output_adapter@D@__crt_stdio_output@@@2@@__crt_stdio_output@@AEAA_N_N@Z 0000000140014424 f i libucrt:output.obj
 0001:00013424       ??$type_case_integer@$09@?$output_processor@DV?$string_output_adapter@D@__crt_stdio_output@@V?$standard_base@DV?$string_output_adapter@D@__crt_stdio_output@@@2@@__crt_stdio_output@@AEAA_N_N@Z 0000000140014424 f i libucrt:output.obj
 0001:00013628       ??$type_case_integer@$0BA@@?$output_processor@DV?$string_output_adapter@D@__crt_stdio_output@@V?$standard_base@DV?$string_output_adapter@D@__crt_stdio_output@@@2@@__crt_stdio_output@@AEAA_N_N@Z 0000000140014628 f i libucrt:output.obj
 0001:00013628       ??$type_case_integer@$0BA@@?$output_processor@DV?$stream_output_adapter@D@__crt_stdio_output@@V?$standard_base@DV?$stream_output_adapter@D@__crt_stdio_output@@@2@@__crt_stdio_output@@AEAA_N_N@Z 0000000140014628 f i libucrt:output.obj
 0001:0001382c       ??$type_case_integer_parse_into_buffer@I$07@?$output_processor@DV?$stream_output_adapter@D@__crt_stdio_output@@V?$standard_base@DV?$stream_output_adapter@D@__crt_stdio_output@@@2@@__crt_stdio_output@@AEAAXI_N@Z 000000014001482c f i libucrt:output.obj
 0001:0001382c       ??$type_case_integer_parse_into_buffer@I$07@?$output_processor@DV?$string_output_adapter@D@__crt_stdio_output@@V?$standard_base@DV?$string_output_adapter@D@__crt_stdio_output@@@2@@__crt_stdio_output@@AEAAXI_N@Z 000000014001482c f i libucrt:output.obj
 0001:0001389c       ??$type_case_integer_parse_into_buffer@I$09@?$output_processor@DV?$stream_output_adapter@D@__crt_stdio_output@@V?$standard_base@DV?$stream_output_adapter@D@__crt_stdio_output@@@2@@__crt_stdio_output@@AEAAXI_N@Z 000000014001489c f i libucrt:output.obj
 0001:0001389c       ??$type_case_integer_parse_into_buffer@I$09@?$output_processor@DV?$string_output_adapter@D@__crt_stdio_output@@V?$standard_base@DV?$string_output_adapter@D@__crt_stdio_output@@@2@@__crt_stdio_output@@AEAAXI_N@Z 000000014001489c f i libucrt:output.obj
 0001:00013948       ??$type_case_integer_parse_into_buffer@I$0BA@@?$output_processor@DV?$string_output_adapter@D@__crt_stdio_output@@V?$standard_base@DV?$string_output_adapter@D@__crt_stdio_output@@@2@@__crt_stdio_output@@AEAAXI_N@Z 0000000140014948 f i libucrt:output.obj
 0001:00013948       ??$type_case_integer_parse_into_buffer@I$0BA@@?$output_processor@DV?$stream_output_adapter@D@__crt_stdio_output@@V?$standard_base@DV?$stream_output_adapter@D@__crt_stdio_output@@@2@@__crt_stdio_output@@AEAAXI_N@Z 0000000140014948 f i libucrt:output.obj
 0001:000139cc       ??$type_case_integer_parse_into_buffer@_K$07@?$output_processor@DV?$stream_output_adapter@D@__crt_stdio_output@@V?$standard_base@DV?$stream_output_adapter@D@__crt_stdio_output@@@2@@__crt_stdio_output@@AEAAX_K_N@Z 00000001400149cc f i libucrt:output.obj
 0001:000139cc       ??$type_case_integer_parse_into_buffer@_K$07@?$output_processor@DV?$string_output_adapter@D@__crt_stdio_output@@V?$standard_base@DV?$string_output_adapter@D@__crt_stdio_output@@@2@@__crt_stdio_output@@AEAAX_K_N@Z 00000001400149cc f i libucrt:output.obj
 0001:00013a3c       ??$type_case_integer_parse_into_buffer@_K$09@?$output_processor@DV?$string_output_adapter@D@__crt_stdio_output@@V?$standard_base@DV?$string_output_adapter@D@__crt_stdio_output@@@2@@__crt_stdio_output@@AEAAX_K_N@Z 0000000140014a3c f i libucrt:output.obj
 0001:00013a3c       ??$type_case_integer_parse_into_buffer@_K$09@?$output_processor@DV?$stream_output_adapter@D@__crt_stdio_output@@V?$standard_base@DV?$stream_output_adapter@D@__crt_stdio_output@@@2@@__crt_stdio_output@@AEAAX_K_N@Z 0000000140014a3c f i libucrt:output.obj
 0001:00013aec       ??$type_case_integer_parse_into_buffer@_K$0BA@@?$output_processor@DV?$stream_output_adapter@D@__crt_stdio_output@@V?$standard_base@DV?$stream_output_adapter@D@__crt_stdio_output@@@2@@__crt_stdio_output@@AEAAX_K_N@Z 0000000140014aec f i libucrt:output.obj
 0001:00013aec       ??$type_case_integer_parse_into_buffer@_K$0BA@@?$output_processor@DV?$string_output_adapter@D@__crt_stdio_output@@V?$standard_base@DV?$string_output_adapter@D@__crt_stdio_output@@@2@@__crt_stdio_output@@AEAAX_K_N@Z 0000000140014aec f i libucrt:output.obj
 0001:00013c8c       ?crop_zeroes@__crt_stdio_output@@YAXPEADQEAU__crt_locale_pointers@@@Z 0000000140014c8c f i libucrt:output.obj
 0001:00013cf8       ?parse_int_from_format_string@?$output_processor@DV?$string_output_adapter@D@__crt_stdio_output@@V?$standard_base@DV?$string_output_adapter@D@__crt_stdio_output@@@2@@__crt_stdio_output@@AEAA_NQEAH@Z 0000000140014cf8 f i libucrt:output.obj
 0001:00013cf8       ?parse_int_from_format_string@?$output_processor@DV?$stream_output_adapter@D@__crt_stdio_output@@V?$standard_base@DV?$stream_output_adapter@D@__crt_stdio_output@@@2@@__crt_stdio_output@@AEAA_NQEAH@Z 0000000140014cf8 f i libucrt:output.obj
 0001:00013d88       ?process@?$output_processor@DV?$stream_output_adapter@D@__crt_stdio_output@@V?$standard_base@DV?$stream_output_adapter@D@__crt_stdio_output@@@2@@__crt_stdio_output@@QEAAHXZ 0000000140014d88 f i libucrt:output.obj
 0001:00014120       ?process@?$output_processor@DV?$string_output_adapter@D@__crt_stdio_output@@V?$standard_base@DV?$string_output_adapter@D@__crt_stdio_output@@@2@@__crt_stdio_output@@QEAAHXZ 0000000140015120 f i libucrt:output.obj
 0001:000144a0       ?state_case_size@?$output_processor@DV?$stream_output_adapter@D@__crt_stdio_output@@V?$standard_base@DV?$stream_output_adapter@D@__crt_stdio_output@@@2@@__crt_stdio_output@@AEAA_NXZ 00000001400154a0 f i libucrt:output.obj
 0001:00014628       ?state_case_size@?$output_processor@DV?$string_output_adapter@D@__crt_stdio_output@@V?$standard_base@DV?$string_output_adapter@D@__crt_stdio_output@@@2@@__crt_stdio_output@@AEAA_NXZ 0000000140015628 f i libucrt:output.obj
 0001:000147b0       ?state_case_type@?$output_processor@DV?$stream_output_adapter@D@__crt_stdio_output@@V?$standard_base@DV?$stream_output_adapter@D@__crt_stdio_output@@@2@@__crt_stdio_output@@AEAA_NXZ 00000001400157b0 f i libucrt:output.obj
 0001:00014be8       ?state_case_type@?$output_processor@DV?$string_output_adapter@D@__crt_stdio_output@@V?$standard_base@DV?$string_output_adapter@D@__crt_stdio_output@@@2@@__crt_stdio_output@@AEAA_NXZ 0000000140015be8 f i libucrt:output.obj
 0001:00014fec       ?type_case_Z@?$output_processor@DV?$stream_output_adapter@D@__crt_stdio_output@@V?$standard_base@DV?$stream_output_adapter@D@__crt_stdio_output@@@2@@__crt_stdio_output@@AEAA_NXZ 0000000140015fec f i libucrt:output.obj
 0001:00014fec       ?type_case_Z@?$output_processor@DV?$string_output_adapter@D@__crt_stdio_output@@V?$standard_base@DV?$string_output_adapter@D@__crt_stdio_output@@@2@@__crt_stdio_output@@AEAA_NXZ 0000000140015fec f i libucrt:output.obj
 0001:00015068       ?type_case_a@?$output_processor@DV?$string_output_adapter@D@__crt_stdio_output@@V?$standard_base@DV?$string_output_adapter@D@__crt_stdio_output@@@2@@__crt_stdio_output@@AEAA_NXZ 0000000140016068 f i libucrt:output.obj
 0001:00015068       ?type_case_a@?$output_processor@DV?$stream_output_adapter@D@__crt_stdio_output@@V?$standard_base@DV?$stream_output_adapter@D@__crt_stdio_output@@@2@@__crt_stdio_output@@AEAA_NXZ 0000000140016068 f i libucrt:output.obj
 0001:000152bc       ?type_case_c_tchar@?$output_processor@DV?$stream_output_adapter@D@__crt_stdio_output@@V?$standard_base@DV?$stream_output_adapter@D@__crt_stdio_output@@@2@@__crt_stdio_output@@AEAA_ND@Z 00000001400162bc f i libucrt:output.obj
 0001:000152bc       ?type_case_c_tchar@?$output_processor@DV?$string_output_adapter@D@__crt_stdio_output@@V?$standard_base@DV?$string_output_adapter@D@__crt_stdio_output@@@2@@__crt_stdio_output@@AEAA_ND@Z 00000001400162bc f i libucrt:output.obj
 0001:00015390       ?type_case_n@?$output_processor@DV?$string_output_adapter@D@__crt_stdio_output@@V?$standard_base@DV?$string_output_adapter@D@__crt_stdio_output@@@2@@__crt_stdio_output@@AEAA_NXZ 0000000140016390 f i libucrt:output.obj
 0001:00015390       ?type_case_n@?$output_processor@DV?$stream_output_adapter@D@__crt_stdio_output@@V?$standard_base@DV?$stream_output_adapter@D@__crt_stdio_output@@@2@@__crt_stdio_output@@AEAA_NXZ 0000000140016390 f i libucrt:output.obj
 0001:00015448       ?type_case_s@?$output_processor@DV?$stream_output_adapter@D@__crt_stdio_output@@V?$standard_base@DV?$stream_output_adapter@D@__crt_stdio_output@@@2@@__crt_stdio_output@@AEAA_NXZ 0000000140016448 f i libucrt:output.obj
 0001:00015448       ?type_case_s@?$output_processor@DV?$string_output_adapter@D@__crt_stdio_output@@V?$standard_base@DV?$string_output_adapter@D@__crt_stdio_output@@@2@@__crt_stdio_output@@AEAA_NXZ 0000000140016448 f i libucrt:output.obj
 0001:000154f0       ?update_locale_slow@__crt_cached_ptd_host@@AEAAXXZ 00000001400164f0 f i libucrt:output.obj
 0001:00015568       ?validate_stream_is_ansi_if_required@?$__acrt_stdio_char_traits@D@@SA_NQEAU_iobuf@@@Z 0000000140016568 f i libucrt:output.obj
 0001:00015604       ?write_string@?$string_output_adapter@D@__crt_stdio_output@@QEBAXQEBDHQEAHAEAV__crt_cached_ptd_host@@@Z 0000000140016604 f i libucrt:output.obj
 0001:000156a8       ?write_string_impl@?$output_adapter_common@DV?$stream_output_adapter@D@__crt_stdio_output@@@__crt_stdio_output@@IEBAXQEBDHQEAHAEAV__crt_cached_ptd_host@@@Z 00000001400166a8 f i libucrt:output.obj
 0001:00015774       __stdio_common_vfprintf    0000000140016774 f   libucrt:output.obj
 0001:00015898       __stdio_common_vsprintf    0000000140016898 f   libucrt:output.obj
 0001:00015b00       strncpy                    0000000140016b00 f   libucrt:strncpy.obj
 0001:00015c70       isalnum                    0000000140016c70 f   libucrt:_ctype.obj
 0001:00015d1c       ??$__acrt_convert_wcs_mbs_cp@D_WV<lambda_7c9dea7b4ca7285d2cdb541a38da6275>@@U__crt_win32_buffer_internal_dynamic_resizing@@@@YAHQEBDAEAV?$__crt_win32_buffer@_WU__crt_win32_buffer_internal_dynamic_resizing@@@@AEBV<lambda_7c9dea7b4ca7285d2cdb541a38da6275>@@I@Z 0000000140016d1c f i libucrt:stat.obj
 0001:00016234       ??0_LocaleUpdate@@QEAA@QEAU__crt_locale_pointers@@@Z 0000000140017234 f i libucrt:stat.obj
 0001:00016620       _stat64i32                 0000000140017620 f   libucrt:stat.obj
 0001:00016740       strncmp                    0000000140017740 f   libucrt:strncmp.obj
 0001:00016880       _fwrite_internal           0000000140017880 f   libucrt:fwrite.obj
 0001:0001691c       _fwrite_nolock_internal    000000014001791c f   libucrt:fwrite.obj
 0001:00016b30       fwrite                     0000000140017b30 f   libucrt:fwrite.obj
 0001:00016bd4       free                       0000000140017bd4 f   libucrt:free.obj
 0001:00016c00       strncat                    0000000140017c00 f   libucrt:strncat.obj
 0001:00016d98       _mkdir                     0000000140017d98 f   libucrt:mkdir.obj
 0001:00016e7c       _fread_nolock_s            0000000140017e7c f   libucrt:fread.obj
 0001:000170dc       fread                      00000001400180dc f   libucrt:fread.obj
 0001:000170fc       fread_s                    00000001400180fc f   libucrt:fread.obj
 0001:000171a4       malloc                     00000001400181a4 f   libucrt:malloc.obj
 0001:000171ac       ?get_raw_ptd_noexit@__crt_cached_ptd_host@@QEAAPEAU__acrt_ptd@@XZ 00000001400181ac f i libucrt:invalid_parameter.obj
 0001:00017218       ?value@?$dual_state_global@P6AXPEB_W00I_K@Z@__crt_state_management@@QEAAAEAP6AXPEB_W00I_K@ZAEAV__crt_cached_ptd_host@@@Z 0000000140018218 f i libucrt:invalid_parameter.obj
 0001:00017264       __acrt_call_reportfault    0000000140018264 f   libucrt:invalid_parameter.obj
 0001:000173c0       __acrt_initialize_invalid_parameter_handler 00000001400183c0 f   libucrt:invalid_parameter.obj
 0001:000173c8       _invalid_parameter         00000001400183c8 f   libucrt:invalid_parameter.obj
 0001:00017464       _invalid_parameter_internal 0000000140018464 f   libucrt:invalid_parameter.obj
 0001:00017530       _invalid_parameter_noinfo  0000000140018530 f   libucrt:invalid_parameter.obj
 0001:00017550       _invalid_parameter_noinfo_noreturn 0000000140018550 f   libucrt:invalid_parameter.obj
 0001:00017580       _invoke_watson             0000000140018580 f   libucrt:invalid_parameter.obj
 0001:000175c8       _aligned_free              00000001400185c8 f   libucrt:align.obj
 0001:000175e4       _aligned_malloc            00000001400185e4 f   libucrt:align.obj
 0001:00017664       roundf                     0000000140018664 f   libucrt:roundf.obj
 0001:000176cc       _clearfp                   00000001400186cc f   libucrt:ieee.obj
 0001:00017738       _control87                 0000000140018738 f   libucrt:ieee.obj
 0001:00017740       _controlfp                 0000000140018740 f   libucrt:ieee.obj
 0001:000179e8       __acrt_initialize_new_handler 00000001400189e8 f   libucrt:new_handler.obj
 0001:000179f0       _callnewh                  00000001400189f0 f   libucrt:new_handler.obj
 0001:00017a30       _query_new_handler         0000000140018a30 f   libucrt:new_handler.obj
 0001:00017a68       _seh_filter_exe            0000000140018a68 f   libucrt:exception_filter.obj
 0001:00017e80       __acrt_initialize_thread_local_exit_callback 0000000140018e80 f   libucrt:exit.obj
 0001:00017e88       _c_exit                    0000000140018e88 f   libucrt:exit.obj
 0001:00017e98       _cexit                     0000000140018e98 f   libucrt:exit.obj
 0001:00017ea8       _exit                      0000000140018ea8 f   libucrt:exit.obj
 0001:00017eb4       _register_thread_local_exe_atexit_callback 0000000140018eb4 f   libucrt:exit.obj
 0001:00017ef4       exit                       0000000140018ef4 f   libucrt:exit.obj
 0001:000180c8       __acrt_allocate_buffer_for_argv 00000001400190c8 f   libucrt:argv_parsing.obj
 0001:00018128       _configure_narrow_argv     0000000140019128 f   libucrt:argv_parsing.obj
 0001:000186f8       __dcrt_get_or_create_wide_environment_nolock 00000001400196f8 f   libucrt:environment_initialization.obj
 0001:00018734       __dcrt_uninitialize_environments_nolock 0000000140019734 f   libucrt:environment_initialization.obj
 0001:00018778       _initialize_narrow_environment 0000000140019778 f   libucrt:environment_initialization.obj
 0001:00018ac8       _crt_atexit                0000000140019ac8 f   libucrt:onexit.obj
 0001:00018ad8       _execute_onexit_table      0000000140019ad8 f   libucrt:onexit.obj
 0001:00018b1c       _initialize_onexit_table   0000000140019b1c f   libucrt:onexit.obj
 0001:00018b44       _register_onexit_function  0000000140019b44 f   libucrt:onexit.obj
 0001:00018cb8       __acrt_initialize          0000000140019cb8 f   libucrt:initialization.obj
 0001:00018ccc       __acrt_uninitialize        0000000140019ccc f   libucrt:initialization.obj
 0001:00018d04       _query_app_type            0000000140019d04 f   libucrt:report_runtime_error.obj
 0001:00018d0c       _set_app_type              0000000140019d0c f   libucrt:report_runtime_error.obj
 0001:00018d14       __acrt_has_user_matherr    0000000140019d14 f   libucrt:matherr.obj
 0001:00018d34       __acrt_initialize_user_matherr 0000000140019d34 f   libucrt:matherr.obj
 0001:00018d3c       __acrt_invoke_user_matherr 0000000140019d3c f   libucrt:matherr.obj
 0001:00018d78       __setusermatherr           0000000140019d78 f   libucrt:matherr.obj
 0001:00018da0       _get_narrow_winmain_command_line 0000000140019da0 f   libucrt:argv_winmain.obj
 0001:00018e10       _initterm                  0000000140019e10 f   libucrt:initterm.obj
 0001:00018e54       _initterm_e                0000000140019e54 f   libucrt:initterm.obj
 0001:00018e9c       _get_fmode                 0000000140019e9c f   libucrt:setmode.obj
 0001:00018ecc       _set_fmode                 0000000140019ecc f   libucrt:setmode.obj
 0001:00018f0c       _setmode_nolock            0000000140019f0c f   libucrt:setmode.obj
 0001:00019060       __acrt_set_locale_changed  000000014001a060 f   libucrt:wsetlocale.obj
 0001:0001906c       __acrt_uninitialize_locale 000000014001a06c f   libucrt:wsetlocale.obj
 0001:0001909c       _configthreadlocale        000000014001a09c f   libucrt:wsetlocale.obj
 0001:00019108       _query_new_mode            000000014001a108 f   libucrt:new_mode.obj
 0001:00019110       _set_new_mode              000000014001a110 f   libucrt:new_mode.obj
 0001:0001913c       __p__commode               000000014001a13c f   libucrt:ncommode.obj
 0001:00019144       terminate                  000000014001a144 f   libucrt:terminate.obj
 0001:00019170       _strdup                    000000014001a170 f   libucrt:strdup.obj
 0001:00019170       strdup                     000000014001a170 f   libucrt:strdup.obj
 0001:000191e8       ___lc_codepage_func        000000014001a1e8 f   libucrt:initctype.obj
 0001:00019218       strcpy_s                   000000014001a218 f   libucrt:strcpy_s.obj
 0001:00019278       abort                      000000014001a278 f   libucrt:abort.obj
 0001:000192d0       calloc                     000000014001a2d0 f   libucrt:calloc.obj
 0001:000192d8       ??$parse_integer@KV?$c_string_character_source@_W@__crt_strtox@@$00@__crt_strtox@@YAKAEAV__crt_cached_ptd_host@@V?$c_string_character_source@_W@0@H_N@Z 000000014001a2d8 f i libucrt:atox.obj
 0001:00019a74       wcsncmp                    000000014001aa74 f   libucrt:wcsncmp.obj
 0001:00019aa0       __acrt_errno_from_os_error 000000014001aaa0 f   libucrt:errno.obj
 0001:00019ae8       __acrt_errno_map_os_error  000000014001aae8 f   libucrt:errno.obj
 0001:00019b30       __acrt_errno_map_os_error_ptd 000000014001ab30 f   libucrt:errno.obj
 0001:00019b54       __doserrno                 000000014001ab54 f   libucrt:errno.obj
 0001:00019b74       _errno                     000000014001ab74 f   libucrt:errno.obj
 0001:00019b94       ?__acrt_stdio_allocate_stream@@YA?AV__crt_stdio_stream@@XZ 000000014001ab94 f   libucrt:stream.obj
 0001:00019bec       ?__acrt_stdio_free_stream@@YAXV__crt_stdio_stream@@@Z 000000014001abec f   libucrt:stream.obj
 0001:00019cf4       ??$__acrt_stdio_parse_mode@D@@YA?AU__acrt_stdio_stream_mode@@QEBD@Z 000000014001acf4 f i libucrt:openfile.obj
 0001:00019fb8       _openfile                  000000014001afb8 f   libucrt:openfile.obj
 0001:0001a054       _calloc_base               000000014001b054 f   libucrt:calloc_base.obj
 0001:0001a0cc       _free_base                 000000014001b0cc f   libucrt:free_base.obj
 0001:0001a2c4       __acrt_AppPolicyGetProcessTerminationMethodInternal 000000014001b2c4 f   libucrt:winapi_thunks.obj
 0001:0001a31c       __acrt_AreFileApisANSI     000000014001b31c f   libucrt:winapi_thunks.obj
 0001:0001a360       __acrt_CompareStringEx     000000014001b360 f   libucrt:winapi_thunks.obj
 0001:0001a44c       __acrt_FlsAlloc            000000014001b44c f   libucrt:winapi_thunks.obj
 0001:0001a454       __acrt_FlsFree             000000014001b454 f   libucrt:winapi_thunks.obj
 0001:0001a45c       __acrt_FlsGetValue         000000014001b45c f   libucrt:winapi_thunks.obj
 0001:0001a464       __acrt_FlsSetValue         000000014001b464 f   libucrt:winapi_thunks.obj
 0001:0001a46c       __acrt_InitializeCriticalSectionEx 000000014001b46c f   libucrt:winapi_thunks.obj
 0001:0001a4dc       __acrt_LCMapStringEx       000000014001b4dc f   libucrt:winapi_thunks.obj
 0001:0001a5c8       __acrt_LocaleNameToLCID    000000014001b5c8 f   libucrt:winapi_thunks.obj
 0001:0001a628       __acrt_initialize_winapi_thunks 000000014001b628 f   libucrt:winapi_thunks.obj
 0001:0001a64c       __acrt_uninitialize_winapi_thunks 000000014001b64c f   libucrt:winapi_thunks.obj
 0001:0001a690       _fcloseall                 000000014001b690 f   libucrt:closeall.obj
 0001:0001a924       __acrt_stdio_flush_nolock  000000014001b924 f   libucrt:fflush.obj
 0001:0001a9b0       _fflush_nolock             000000014001b9b0 f   libucrt:fflush.obj
 0001:0001aa84       _flushall                  000000014001ba84 f   libucrt:fflush.obj
 0001:0001aa8c       __acrt_stdio_free_buffer_nolock 000000014001ba8c f   libucrt:_freebuf.obj
 0001:0001acc8       __acrt_initialize_lowio    000000014001bcc8 f   libucrt:ioinit.obj
 0001:0001ad04       __acrt_uninitialize_lowio  000000014001bd04 f   libucrt:ioinit.obj
 0001:0001ad44       _fileno                    000000014001bd44 f   libucrt:fileno.obj
 0001:0001ade4       _close_internal            000000014001bde4 f   libucrt:close.obj
 0001:0001aea8       _close_nolock              000000014001bea8 f   libucrt:close.obj
 0001:0001af40       _close_nolock_internal     000000014001bf40 f   libucrt:close.obj
 0001:0001b388       __acrt_getptd              000000014001c388 f   libucrt:per_thread_data.obj
 0001:0001b45c       __acrt_getptd_head         000000014001c45c f   libucrt:per_thread_data.obj
 0001:0001b500       __acrt_getptd_noexit       000000014001c500 f   libucrt:per_thread_data.obj
 0001:0001b5c8       __acrt_getptd_noexit_explicit 000000014001c5c8 f   libucrt:per_thread_data.obj
 0001:0001b688       __acrt_initialize_ptd      000000014001c688 f   libucrt:per_thread_data.obj
 0001:0001b6c4       __acrt_uninitialize_ptd    000000014001c6c4 f   libucrt:per_thread_data.obj
 0001:0001b6e8       _realloc_base              000000014001c6e8 f   libucrt:realloc_base.obj
 0001:0001b764       _malloc_base               000000014001c764 f   libucrt:malloc_base.obj
 0001:0001b7c4       strnlen                    000000014001c7c4 f   libucrt:strnlen.obj
 0001:0001b914       wcsnlen                    000000014001c914 f   libucrt:strnlen.obj
 0001:0001baec       __acrt_update_locale_info  000000014001caec f   libucrt:locale_update.obj
 0001:0001bb20       __acrt_update_locale_info_explicit 000000014001cb20 f   libucrt:locale_update.obj
 0001:0001bb58       __acrt_update_multibyte_info 000000014001cb58 f   libucrt:locale_update.obj
 0001:0001bb8c       __acrt_update_multibyte_info_explicit 000000014001cb8c f   libucrt:locale_update.obj
 0001:0001c6d8       __acrt_fp_format           000000014001d6d8 f   libucrt:cvt.obj
 0001:0001c9c0       _wctomb_internal           000000014001d9c0 f   libucrt:wctomb.obj
 0001:0001cb70       _mbtowc_internal           000000014001db70 f   libucrt:mbtowc.obj
 0001:0001cce8       _get_printf_count_output   000000014001dce8 f   libucrt:printf_count_output.obj
 0001:0001cd00       _fputc_nolock_internal     000000014001dd00 f   libucrt:fputc.obj
 0001:0001cd18       __acrt_should_use_temporary_buffer 000000014001dd18 f   libucrt:_sftbuf.obj
 0001:0001cd64       __acrt_stdio_begin_temporary_buffering_nolock 000000014001dd64 f   libucrt:_sftbuf.obj
 0001:0001ce2c       __acrt_stdio_end_temporary_buffering_nolock 000000014001de2c f   libucrt:_sftbuf.obj
 0001:0001ce6c       _isctype_l                 000000014001de6c f   libucrt:isctype.obj
 0001:0001cf74       _getdrive                  000000014001df74 f   libucrt:drive.obj
 0001:0001d06c       ??$__acrt_convert_wcs_mbs_cp@_WDV<lambda_f788ae46380686e8b737efdd8c720d07>@@U__crt_win32_buffer_no_resizing@@@@YAHQEB_WAEAV?$__crt_win32_buffer@DU__crt_win32_buffer_no_resizing@@@@AEBV<lambda_f788ae46380686e8b737efdd8c720d07>@@I@Z 000000014001e06c f i libucrt:fullpath.obj
 0001:0001d188       ??$call_win32_function@V<lambda_17b8e77e04f0039ff1429d79b8271fa1>@@@?$__crt_win32_buffer@_WU__crt_win32_buffer_no_resizing@@@@QEAAHAEBV<lambda_17b8e77e04f0039ff1429d79b8271fa1>@@@Z 000000014001e188 f i libucrt:fullpath.obj
 0001:0001d1fc       ??$call_win32_function@V<lambda_1a60cddbd8640ed4c95e91b82cd9827b>@@@?$__crt_win32_buffer@_WU__crt_win32_buffer_public_dynamic_resizing@@@@QEAAHAEBV<lambda_1a60cddbd8640ed4c95e91b82cd9827b>@@@Z 000000014001e1fc f i libucrt:fullpath.obj
 0001:0001d2d4       ?detach@?$__crt_win32_buffer@_WU__crt_win32_buffer_public_dynamic_resizing@@@@QEAAPEA_WXZ 000000014001e2d4 f i libucrt:fullpath.obj
 0001:0001d3b8       _wfullpath                 000000014001e3b8 f   libucrt:fullpath.obj
 0001:0001d46c       wcspbrk                    000000014001e46c f   libucrt:wcspbrk.obj
 0001:0001d4a0       __ascii_wcsicmp            000000014001e4a0 f   libucrt:wcsicmp.obj
 0001:0001d4e0       _wcsicmp                   000000014001e4e0 f   libucrt:wcsicmp.obj
 0001:0001d528       _wcsicmp_l                 000000014001e528 f   libucrt:wcsicmp.obj
 0001:0001d65c       __acrt_MultiByteToWideChar 000000014001e65c f   libucrt:multibytetowidechar.obj
 0001:0001d6ec       __acrt_lowio_create_handle_array 000000014001e6ec f   libucrt:osfinfo.obj
 0001:0001d794       __acrt_lowio_destroy_handle_array 000000014001e794 f   libucrt:osfinfo.obj
 0001:0001d7e4       __acrt_lowio_ensure_fh_exists 000000014001e7e4 f   libucrt:osfinfo.obj
 0001:0001d88c       __acrt_lowio_lock_fh       000000014001e88c f   libucrt:osfinfo.obj
 0001:0001d8b4       __acrt_lowio_set_os_handle 000000014001e8b4 f   libucrt:osfinfo.obj
 0001:0001d974       __acrt_lowio_unlock_fh     000000014001e974 f   libucrt:osfinfo.obj
 0001:0001d99c       _alloc_osfhnd              000000014001e99c f   libucrt:osfinfo.obj
 0001:0001dadc       _free_osfhnd               000000014001eadc f   libucrt:osfinfo.obj
 0001:0001db98       _get_osfhandle             000000014001eb98 f   libucrt:osfinfo.obj
 0001:0001dc10       ??$__crt_time_is_leap_year@H@@YA_NH@Z 000000014001ec10 f i libucrt:loctotime.obj
 0001:0001dea0       __loctotime64_t            000000014001eea0 f   libucrt:loctotime.obj
 0001:0001e6b0       _write                     000000014001f6b0 f   libucrt:write.obj
 0001:0001e748       _write_internal            000000014001f748 f   libucrt:write.obj
 0001:0001e868       _write_nolock              000000014001f868 f   libucrt:write.obj
 0001:0001ece4       __acrt_stdio_flush_and_write_narrow_nolock 000000014001fce4 f   libucrt:_flsbuf.obj
 0001:0001edb0       _wmkdir                    000000014001fdb0 f   libucrt:wmkdir.obj
 0001:0001f264       _read                      0000000140020264 f   libucrt:read.obj
 0001:0001f384       _read_nolock               0000000140020384 f   libucrt:read.obj
 0001:0001f7d4       __acrt_stdio_refill_and_read_narrow_nolock 00000001400207d4 f   libucrt:_filbuf.obj
 0001:0001f93c       _msize_base                000000014002093c f   libucrt:msize.obj
 0001:0001f978       _fd_int                    0000000140020978 f   libucrt:_test.obj
 0001:0001fa60       _get_fpsr                  0000000140020a60 f   libucrt:fpsr.obj
 0001:0001fa70       _set_fpsr                  0000000140020a70 f   libucrt:fpsr.obj
 0001:0001fa7a       _fclrf                     0000000140020a7a f   libucrt:fpsr.obj
 0001:0001fa8e       _frnd                      0000000140020a8e f   libucrt:fpsr.obj
 0001:0001fab0       __acrt_initialize_locks    0000000140020ab0 f   libucrt:locks.obj
 0001:0001faf8       __acrt_lock                0000000140020af8 f   libucrt:locks.obj
 0001:0001fb14       __acrt_uninitialize_locks  0000000140020b14 f   libucrt:locks.obj
 0001:0001fb4c       __acrt_unlock              0000000140020b4c f   libucrt:locks.obj
 0001:0001fb68       __acrt_app_verifier_enabled 0000000140020b68 f   libucrt:peb_access.obj
 0001:0001fb84       __acrt_is_secure_process   0000000140020b84 f   libucrt:peb_access.obj
 0001:0001fb9c       __acrt_get_process_end_policy 0000000140020b9c f   libucrt:win_policies.obj
 0001:0001fbe0       ??$__acrt_convert_wcs_mbs_cp@_WDV<lambda_d8593a27d1aa8c02be35c86a17d324c4>@@U__crt_win32_buffer_internal_dynamic_resizing@@@@YAHQEB_WAEAV?$__crt_win32_buffer@DU__crt_win32_buffer_internal_dynamic_resizing@@@@AEBV<lambda_d8593a27d1aa8c02be35c86a17d324c4>@@I@Z 0000000140020be0 f i libucrt:argv_wildcards.obj
 0001:00020484       __acrt_expand_narrow_argv_wildcards 0000000140021484 f   libucrt:argv_wildcards.obj
 0001:0002048c       __acrt_GetModuleFileNameA  000000014002148c f   libucrt:getmodulefilenamea.obj
 0001:00020da8       __acrt_initialize_multibyte 0000000140021da8 f   libucrt:mbctype.obj
 0001:00020e08       __acrt_update_thread_multibyte_data 0000000140021e08 f   libucrt:mbctype.obj
 0001:00020e24       _setmbcp_nolock            0000000140021e24 f   libucrt:mbctype.obj
 0001:00021158       _ismbblead                 0000000140022158 f   libucrt:ismbbyte.obj
 0001:0002116c       __acrt_initialize_command_line 000000014002216c f   libucrt:argv_data.obj
 0001:00021194       wcscpy_s                   0000000140022194 f   libucrt:wcscpy_s.obj
 0001:000211fc       __acrt_WideCharToMultiByte 00000001400221fc f   libucrt:widechartomultibyte.obj
 0001:000212dc       __dcrt_get_narrow_environment_from_os 00000001400222dc f   libucrt:get_environment_from_os.obj
 0001:000213ec       __dcrt_get_wide_environment_from_os 00000001400223ec f   libucrt:get_environment_from_os.obj
 0001:000218dc       __dcrt_set_variable_in_wide_environment_nolock 00000001400228dc f   libucrt:setenv.obj
 0001:000218e4       _recalloc_base             00000001400228e4 f   libucrt:recalloc.obj
 0001:0002197c       __acrt_initialize_heap     000000014002297c f   libucrt:heap_handle.obj
 0001:00021998       __acrt_uninitialize_heap   0000000140022998 f   libucrt:heap_handle.obj
 0001:000219a4       __acrt_execute_initializers 00000001400229a4 f   libucrt:shared_initialization.obj
 0001:00021a38       __acrt_execute_uninitializers 0000000140022a38 f   libucrt:shared_initialization.obj
 0001:00021ac8       __acrt_get_sigabrt_handler 0000000140022ac8 f   libucrt:signal.obj
 0001:00021af8       __acrt_initialize_signal_handlers 0000000140022af8 f   libucrt:signal.obj
 0001:00021b18       raise                      0000000140022b18 f   libucrt:signal.obj
 0001:00021d94       wcsncpy_s                  0000000140022d94 f   libucrt:wcsncpy_s.obj
 0001:00021e90       __acrt_initialize_fmode    0000000140022e90 f   libucrt:txtmode.obj
 0001:00021eac       __acrt_locale_free_monetary 0000000140022eac f   libucrt:initmon.obj
 0001:00021fb8       __acrt_locale_free_numeric 0000000140022fb8 f   libucrt:initnum.obj
 0001:00022058       __acrt_locale_free_time    0000000140023058 f   libucrt:inittime.obj
 0001:00022160       __acrt_GetStringTypeA      0000000140023160 f   libucrt:getstringtypea.obj
 0001:000222f0       __acrt_add_locale_ref      00000001400232f0 f   libucrt:locale_refcounting.obj
 0001:0002237c       __acrt_free_locale         000000014002337c f   libucrt:locale_refcounting.obj
 0001:000224f4       __acrt_locale_add_lc_time_reference 00000001400234f4 f   libucrt:locale_refcounting.obj
 0001:0002251c       __acrt_locale_free_lc_time_if_unreferenced 000000014002351c f   libucrt:locale_refcounting.obj
 0001:00022554       __acrt_locale_release_lc_time_reference 0000000140023554 f   libucrt:locale_refcounting.obj
 0001:0002257c       __acrt_release_locale_ref  000000014002357c f   libucrt:locale_refcounting.obj
 0001:00022624       __acrt_update_thread_locale_data 0000000140023624 f   libucrt:locale_refcounting.obj
 0001:00022694       _updatetlocinfoEx_nolock   0000000140023694 f   libucrt:locale_refcounting.obj
 0001:00022a30       __acrt_LCMapStringA        0000000140023a30 f   libucrt:lcmapstringa.obj
 0001:00022ac8       iswctype                   0000000140023ac8 f   libucrt:iswctype.obj
 0001:00022b34       __ascii_wcsnicmp           0000000140023b34 f   libucrt:wcsnicmp.obj
 0001:00022b80       __ascii_strnicmp           0000000140023b80 f   libucrt:strnicmp.obj
 0001:00022bcc       _strnicmp                  0000000140023bcc f   libucrt:strnicmp.obj
 0001:00022c1c       _strnicmp_l                0000000140023c1c f   libucrt:strnicmp.obj
 0001:000232dc       _sopen_nolock              00000001400242dc f   libucrt:open.obj
 0001:000233f8       _sopen_s                   00000001400243f8 f   libucrt:open.obj
 0001:0002342c       _wsopen_nolock             000000014002442c f   libucrt:open.obj
 0001:0002381c       __acrt_DownlevelLocaleNameToLCID 000000014002481c f   libucrt:lcidtoname_downlevel.obj
 0001:0002394c       _commit                    000000014002494c f   libucrt:commit.obj
 0001:00023ab0       __acrt_fp_strflt_to_string 0000000140024ab0 f   libucrt:_fptostr.obj
 0001:00023bc0       ?divide@__crt_strtox@@YA_KAEAUbig_integer@1@AEBU21@@Z 0000000140024bc0 f i libucrt:cfout.obj
 0001:0002405c       __acrt_fltout              000000014002505c f   libucrt:cfout.obj
 0001:00025374       fegetround                 0000000140026374 f   libucrt:fegetround.obj
 0001:00025388       ?__c32rtomb_utf8@__crt_mbstring@@YA_KPEAD_UPEAU_Mbstatet@@AEAV__crt_cached_ptd_host@@@Z 0000000140026388 f   libucrt:c32rtomb.obj
 0001:0002542c       ?__mbrtowc_utf8@__crt_mbstring@@YA_KPEA_WPEBD_KPEAU_Mbstatet@@AEAV__crt_cached_ptd_host@@@Z 000000014002642c f   libucrt:mbrtowc.obj
 0001:00025470       ?__mbsrtowcs_utf8@__crt_mbstring@@YA_KPEA_WPEAPEBD_KPEAU_Mbstatet@@AEAV__crt_cached_ptd_host@@@Z 0000000140026470 f   libucrt:mbrtowc.obj
 0001:00025614       _isatty                    0000000140026614 f   libucrt:isatty.obj
 0001:00025864       _wgetcwd                   0000000140026864 f   libucrt:getcwd.obj
 0001:0002588c       _towlower_l                000000014002688c f   libucrt:towlower.obj
 0001:00025980       __acrt_initialize_timeset  0000000140026980 f   libucrt:timeset.obj
 0001:000259d0       __daylight                 00000001400269d0 f   libucrt:timeset.obj
 0001:000259d8       __dstbias                  00000001400269d8 f   libucrt:timeset.obj
 0001:000259e0       __timezone                 00000001400269e0 f   libucrt:timeset.obj
 0001:000259e8       __tzname                   00000001400269e8 f   libucrt:timeset.obj
 0001:000259f0       __wide_tzname              00000001400269f0 f   libucrt:timeset.obj
 0001:000259f8       _get_daylight              00000001400269f8 f   libucrt:timeset.obj
 0001:00025a28       _get_dstbias               0000000140026a28 f   libucrt:timeset.obj
 0001:00025a58       _get_timezone              0000000140026a58 f   libucrt:timeset.obj
 0001:000265f4       __tzset                    00000001400275f4 f   libucrt:tzset.obj
 0001:00026638       _isindst                   0000000140027638 f   libucrt:tzset.obj
 0001:00026834       _lseeki64                  0000000140027834 f   libucrt:lseek.obj
 0001:000268d0       _lseeki64_nolock           00000001400278d0 f   libucrt:lseek.obj
 0001:0002696c       _lseeki64_nolock_internal  000000014002796c f   libucrt:lseek.obj
 0001:00026974       _putwch_nolock             0000000140027974 f   libucrt:putwch.obj
 0001:000269b0       __acrt_stdio_allocate_buffer_nolock 00000001400279b0 f   libucrt:_getbuf.obj
 0001:00026a1c       __acrt_fenv_get_common_round_control 0000000140027a1c f   libucrt:_fenvutils.obj
 0001:00026a28       __acrt_fenv_get_control    0000000140027a28 f   libucrt:_fenvutils.obj
 0001:00026b0c       __acrt_fenv_get_status     0000000140027b0c f   libucrt:_fenvutils.obj
 0001:00026b64       __acrt_fenv_set_control    0000000140027b64 f   libucrt:_fenvutils.obj
 0001:00026c9c       __acrt_fenv_set_status     0000000140027c9c f   libucrt:_fenvutils.obj
 0001:00026d10       qsort                      0000000140027d10 f   libucrt:qsort.obj
 0001:00027120       strncpy_s                  0000000140028120 f   libucrt:strncpy_s.obj
 0001:000272b0       strpbrk                    00000001400282b0 f   libucrt:strpbrk.obj
 0001:00027678       _mbsdec                    0000000140028678 f   libucrt:mbsdec.obj
 0001:00027680       _mbsdec_l                  0000000140028680 f   libucrt:mbsdec.obj
 0001:0002772c       _wcsnicoll                 000000014002872c f   libucrt:wcsnicol.obj
 0001:0002777c       _wcsnicoll_l               000000014002877c f   libucrt:wcsnicol.obj
 0001:0002786c       __strncnt                  000000014002886c f   libucrt:strncnt.obj
 0001:00027884       __acrt_GetStringTypeW      0000000140028884 f   libucrt:getstringtypew.obj
 0001:0002788c       _chsize_nolock             000000014002888c f   libucrt:chsize.obj
 0001:00027924       _chsize_nolock_internal    0000000140028924 f   libucrt:chsize.obj
 0001:00027ab8       _controlfp_s               0000000140028ab8 f   libucrt:contrlfp.obj
 0001:00027b1c       fegetenv                   0000000140028b1c f   libucrt:fegetenv.obj
 0001:00027b3c       fesetenv                   0000000140028b3c f   libucrt:fesetenv.obj
 0001:00027b94       feholdexcept               0000000140028b94 f   libucrt:feholdexcept.obj
 0001:00027be4       ceil                       0000000140028be4 f   libucrt:ceil.obj
 0001:00027cb0       log10                      0000000140028cb0 f   libucrt:log10.obj
 0001:0002825c       ?reset_and_return@__crt_mbstring@@YA_K_KPEAU_Mbstatet@@@Z 000000014002925c f   libucrt:common_utf8.obj
 0001:00028264       ?return_illegal_sequence@__crt_mbstring@@YA_KPEAU_Mbstatet@@AEAV__crt_cached_ptd_host@@@Z 0000000140029264 f   libucrt:common_utf8.obj
 0001:00028278       ?__mbrtoc32_utf8@__crt_mbstring@@YA_KPEA_UPEBD_KPEAU_Mbstatet@@AEAV__crt_cached_ptd_host@@@Z 0000000140029278 f   libucrt:mbrtoc32.obj
 0001:00028454       __acrt_LCMapStringW        0000000140029454 f   libucrt:lcmapstringw.obj
 0001:000284dc       wcstol                     00000001400294dc f   libucrt:strtox.obj
 0001:00028720       _wgetenv_s                 0000000140029720 f   libucrt:getenv.obj
 0001:00028728       __dcrt_lowio_ensure_console_output_initialized 0000000140029728 f   libucrt:initcon.obj
 0001:0002877c       __dcrt_terminate_console_output 000000014002977c f   libucrt:initcon.obj
 0001:00028798       __dcrt_write_console       0000000140029798 f   libucrt:initcon.obj
 0001:00028858       __acrt_CompareStringW      0000000140029858 f   libucrt:comparestringw.obj
 0001:00028a3c       _handle_error              0000000140029a3c f   libucrt:libm_error.obj
 0001:00028b64       _handle_errorf             0000000140029b64 f   libucrt:libm_error.obj
 0001:00028c98       _handle_nan                0000000140029c98 f   libucrt:libm_error.obj
 0001:00028cb4       _handle_nanf               0000000140029cb4 f   libucrt:libm_error.obj
 0001:00028cd0       __acrt_initialize_fma3     0000000140029cd0 f   libucrt:fma3_available.obj
 0001:00028d40       _log10_special             0000000140029d40 f   libucrt:log_special.obj
 0001:00028df8       _raise_exc                 0000000140029df8 f   libucrt:fpexcept.obj
 0001:00028e20       _raise_exc_ex              0000000140029e20 f   libucrt:fpexcept.obj
 0001:00029128       _raise_excf                000000014002a128 f   libucrt:fpexcept.obj
 0001:00029154       _set_errno_from_matherr    000000014002a154 f   libucrt:fpexcept.obj
 0001:00029184       _clrfp                     000000014002a184 f   libucrt:fpctrl.obj
 0001:000291a4       _ctrlfp                    000000014002a1a4 f   libucrt:fpctrl.obj
 0001:00029220       _set_statfp                000000014002a220 f   libucrt:fpctrl.obj
 0001:00029240       _statfp                    000000014002a240 f   libucrt:fpctrl.obj
 0001:00029254       __GSHandlerCheck           000000014002a254 f   LIBCMT:gshandler.obj
 0001:00029274       __GSHandlerCheckCommon     000000014002a274 f   LIBCMT:gshandler.obj
 0001:000292e0       __security_check_cookie    000000014002a2e0 f   LIBCMT:amdsecgs.obj
 0001:00029300       _FindPESection             000000014002a300 f   LIBCMT:pesect.obj
 0001:00029350       _IsNonwritableInCurrentImage 000000014002a350 f   LIBCMT:pesect.obj
 0001:000293a0       _ValidateImageBase         000000014002a3a0 f   LIBCMT:pesect.obj
 0001:000293d0       __GSHandlerCheck_SEH       000000014002a3d0 f   LIBCMT:gshandlerseh.obj
 0001:00029458       __raise_securityfailure    000000014002a458 f   LIBCMT:gs_report.obj
 0001:0002948c       __report_gsfailure         000000014002a48c f   LIBCMT:gs_report.obj
 0001:00029560       __report_rangecheckfailure 000000014002a560 f   LIBCMT:gs_report.obj
 0001:00029574       __report_securityfailure   000000014002a574 f   LIBCMT:gs_report.obj
 0001:000296f4       __GSHandlerCheck_EH        000000014002a6f4 f   LIBCMT:gshandlereh.obj
 0001:00029790       __chkstk                   000000014002a790 f   LIBCMT:chkstk.obj
 0001:00029790       _alloca_probe              000000014002a790 f   LIBCMT:chkstk.obj
 0001:000297e0       __C_specific_handler_noexcept 000000014002a7e0 f   libvcruntime:chandler_noexcept.obj
 0001:0002982c       wcsrchr                    000000014002a82c f   libvcruntime:wcsrchr.obj
 0001:000298f0       memcmp                     000000014002a8f0 f   libvcruntime:memcmp.obj
 0001:000299b8       strrchr                    000000014002a9b8 f   libvcruntime:strrchr.obj
 0001:00029ae4       wcschr                     000000014002aae4 f   libvcruntime:wcschr.obj
 0001:00032900       __vdecl_sinf4              0000000140033900 f   LIBCMT:svml_ssinf4_dispatch.obj
 0001:00032920       __libm_sse2_sincosf_       0000000140033920 f   LIBCMT:svml_ssinf4_dispatch.obj
 0001:00032963       __libm_sse2_sincosf4_      0000000140033963 f   LIBCMT:svml_ssinf4_dispatch.obj
 0001:00032970       __vdecl_cos2               0000000140033970 f   LIBCMT:svml_dcos2_dispatch.obj
 0001:00032990       __sse2_sinf4@@16           0000000140033990 f   LIBCMT:svml_ssinf4_sse2.obj
 0001:000332d0       __sse4_sinf4@@16           00000001400342d0 f   LIBCMT:svml_ssinf4_sse4.obj
 0001:00033a50       __sse2_cos2@@16            0000000140034a50 f   LIBCMT:svml_dcos2_sse2.obj
 0001:00034100       __sse4_cos2@@16            0000000140035100 f   LIBCMT:svml_dcos2_sse4.obj
 0001:000347b0       __common_ssin_cout_rare    00000001400357b0 f   LIBCMT:svml_s_sin_cout.obj
 0001:00034820       __common_dcos_cout_rare    0000000140035820 f   LIBCMT:svml_d_cos_cout.obj
 0001:00034890       _vcomp_for_dynamic_init    0000000140035890 f   VCOMP:VCOMP140.DLL
 0001:00034896       _vcomp_for_dynamic_next    0000000140035896 f   VCOMP:VCOMP140.DLL
[...]
 0002:00011208       $xdatasym                  000000014004b208     libucrt:cos.obj
 0002:00011210       $xdatasym                  000000014004b210     libucrt:cosf.obj
 0002:00011218       $xdatasym                  000000014004b218     libucrt:expf.obj
 0002:00011220       $xdatasym                  000000014004b220     libucrt:powf.obj
 0002:00011230       $xdatasym                  000000014004b230     libucrt:sinf.obj
 0002:00011238       $xdatasym                  000000014004b238     libucrt:remainder_piby2_forasm.obj
 0002:00011248       $xdatasym                  000000014004b248     libucrt:remainder_piby2_forfma3.obj
 0002:00011254       $unwind$_sincos_special    000000014004b254     libucrt:sincos_special.obj
 0002:00011254       $unwind$_sincosf_special   000000014004b254     libucrt:sincos_special.obj
 0002:00011260       $xdatasym                  000000014004b260     libucrt:remainder_piby2f_forasm.obj
 0002:00011264       $unwind$_powf_special      000000014004b264     libucrt:pow_special.obj
 0002:00011270       $xdatasym                  000000014004b270     libucrt:remainder_piby2f_forc.obj
 0002:00011b8e       .idata$6                   000000014004bb8e     ws2_32:WS2_32.dll
 0002:00011bb0       .idata$6                   000000014004bbb0     kernel32:KERNEL32.dll
 0002:00011be2       .idata$6                   000000014004bbe2     user32:USER32.dll
 0002:00011cee       .idata$6                   000000014004bcee     bass:BASS.dll
 0002:00011d8c       .idata$6                   000000014004bd8c     DevIL:DevIL.dll
 0002:00012016       .idata$6                   000000014004c016     SDL2:SDL2.dll
 0002:00012734       .idata$6                   000000014004c734     VCOMP:VCOMP140.DLL
 0003:00000040       ?__vcrt_flsindex@@3KA      000000014004d040     libvcruntime:per_thread_data.obj
 0003:00000160       ?dazSupported@?1??common_control87@@9@9 000000014004d160     libucrt:ieee.obj
 0003:00000168       ?errno_no_memory@@3HA      000000014004d168     libucrt:errno.obj
 0003:0000016c       ?doserrno_no_memory@@3KA   000000014004d16c     libucrt:errno.obj
 0003:000001b8       ?__acrt_flsindex@@3KA      000000014004d1b8     libucrt:per_thread_data.obj
 0003:00000660       _mbctypes                  000000014004d660     libucrt:mbctype.obj
 0003:00000770       _mbcasemaps                000000014004d770     libucrt:mbctype.obj
 0003:00000870       ?__rgctypeflag@@3PADA      000000014004d870     libucrt:mbctype.obj
 0003:00000880       ?__rgcode_page_info@@3PAUcode_page_info@@A 000000014004d880     libucrt:mbctype.obj
 0003:00000a30       ?tzstd_program@@3PADA      000000014004da30     libucrt:timeset.obj
 0003:00000a70       ?tzdst_program@@3PADA      000000014004da70     libucrt:timeset.obj
 0003:00000ab0       ?w_tzstd_program@@3PA_WA   000000014004dab0     libucrt:timeset.obj
 0003:00000b30       ?w_tzdst_program@@3PA_WA   000000014004db30     libucrt:timeset.obj
 0003:00000bb0       ?tzname_states@@3PAY01PEADA 000000014004dbb0     libucrt:timeset.obj
 0003:00000bc0       ?w_tzname_states@@3PAY01PEA_WA 000000014004dbc0     libucrt:timeset.obj
 0003:00000bd0       ?dststart@@3Utransitiondate@?A0x7639d0b4@@A 000000014004dbd0     libucrt:tzset.obj
 0003:00000be0       ?dstend@@3Utransitiondate@?A0x7639d0b4@@A 000000014004dbe0     libucrt:tzset.obj
 0003:00000bf0       ?__dcrt_lowio_console_output_handle@@3PEAXEA 000000014004dbf0     libucrt:initcon.obj
 0003:00000c00       ?dazSupported@?1??_ctrlfp@@9@9 000000014004dc00     libucrt:fpctrl.obj
 0003:00000c40       ?need_init@?1??server_connect@@9@9 000000014004dc40     device.obj
 0003:00000c44       ?s_curRayLength@@3IA       000000014004dc44     ball.obj
 0003:00000c48       ?s_beamAlphaMin@@3MA       000000014004dc48     ball.obj
 0003:00000c4c       ?s_beamAtten@@3IA          000000014004dc4c     ball.obj
 0003:00000c50       ?s_rocketCallbacks@@3Usync_cb@@A 000000014004dc50     rocket.obj
 0003:00000c68       ?s_mapTilt@@3HA            000000014004dc68     landscape.obj
 0003:00000c70       ?s_lastErr@@3V?$basic_string@DU?$char_traits@D@std@@V?$allocator@D@2@@std@@A 000000014004dc70     main.obj
 0003:00000f20       ?is_initialized_as_dll@@3_NA 000000014004df20     LIBCMT:utility.obj
 0003:00000f21       ?module_local_atexit_table_initialized@@3_NA 000000014004df21     LIBCMT:utility.obj
 0003:00000f28       ?module_local_atexit_table@@3U_onexit_table_t@@A 000000014004df28     LIBCMT:utility.obj
 0003:00000f40       ?module_local_at_quick_exit_table@@3U_onexit_table_t@@A 000000014004df40     LIBCMT:utility.obj
 0003:00000f90       ?__vcrt_startup_thread_ptd@@3U__vcrt_ptd@@A 000000014004df90     libvcruntime:per_thread_data.obj
 0003:00001010       __vcrt_lock_table          000000014004e010     libvcruntime:locks.obj
 0003:00001038       __vcrt_locks_initialized   000000014004e038     libvcruntime:locks.obj
 0003:00001080       ?heap@@3V_HeapManager@@A   000000014004e080     libvcruntime:undname.obj
 0003:000010a8       ?module_handles@@3PAPEAUHINSTANCE__@@A 000000014004e0a8     libvcruntime:winapi_downlevel.obj
 0003:000010c0       ?function_pointers@@3PAPEAXA 000000014004e0c0     libvcruntime:winapi_downlevel.obj
 0003:00001108       ?__acrt_invalid_parameter_handler@@3V?$dual_state_global@P6AXPEB_W00I_K@Z@__crt_state_management@@A 000000014004e108     libucrt:invalid_parameter.obj
 0003:00001110       ?__acrt_new_handler@@3V?$dual_state_global@P6AH_K@Z@__crt_state_management@@A 000000014004e110     libucrt:new_handler.obj
 0003:00001118       ?c_termination_complete@@3JA 000000014004e118     libucrt:exit.obj
 0003:00001120       ?thread_local_exit_callback_func@@3P6AXPEAXK0@ZEA 000000014004e120     libucrt:exit.obj
 0003:00001128       ?c_exit_complete@?1???R<lambda_6e4b09c48022b2350581041d5f6b0c4c>@@QEBA@XZ@4_NA 000000014004e128     libucrt:exit.obj
 0003:00001130       ?program_name@?1???$common_configure_argv@D@@YAHW4_crt_argv_mode@@@Z@4PADA 000000014004e130     libucrt:argv_parsing.obj
 0003:00001288       ?__acrt_app_type@@3W4_crt_app_type@@A 000000014004e288     libucrt:report_runtime_error.obj
 0003:00001290       ?user_matherr@@3V?$dual_state_global@P6AHPEAU_exception@@@Z@__crt_state_management@@A 000000014004e290     libucrt:matherr.obj
 0003:00001298       ?empty_string@?1???$common_wincmdln@E@@YAPEAEXZ@4PAEA 000000014004e298     libucrt:argv_winmain.obj
 0003:000012a0       ?__acrt_global_new_mode@@3V?$dual_state_global@J@__crt_state_management@@A 000000014004e2a0     libucrt:new_mode.obj
 0003:000012b0       ?module_handles@@3PAPEAUHINSTANCE__@@A 000000014004e2b0     libucrt:winapi_thunks.obj
 0003:00001360       ?encoded_function_pointers@@3PAPEAXA 000000014004e360     libucrt:winapi_thunks.obj
 0003:00001870       ?internal_state@?1??_mbtowc_internal@@9@4U_Mbstatet@@A 000000014004e870     libucrt:mbtowc.obj
 0003:00001878       ?enable_percent_n@@3_KA    000000014004e878     libucrt:printf_count_output.obj
 0003:00001890       ?__acrt_lock_table@@3PAU_RTL_CRITICAL_SECTION@@A 000000014004e890     libucrt:locks.obj
 0003:00001ac0       ?__acrt_locks_initialized@@3IA 000000014004eac0     libucrt:locks.obj
 0003:00001ae0       ?fSystemSet@@3HA           000000014004eae0     libucrt:mbctype.obj
 0003:00001ae4       ?initialized@?1??__acrt_initialize_multibyte@@9@4_NA 000000014004eae4     libucrt:mbctype.obj
 0003:00001b20       ?ctrlc_action@@3V?$dual_state_global@P6AXH@Z@__crt_state_management@@A 000000014004eb20     libucrt:signal.obj
 0003:00001b28       ?ctrlbreak_action@@3V?$dual_state_global@P6AXH@Z@__crt_state_management@@A 000000014004eb28     libucrt:signal.obj
 0003:00001b30       ?abort_action@@3V?$dual_state_global@P6AXH@Z@__crt_state_management@@A 000000014004eb30     libucrt:signal.obj
 0003:00001b38       ?term_action@@3V?$dual_state_global@P6AXH@Z@__crt_state_management@@A 000000014004eb38     libucrt:signal.obj
 0003:00001b60       ?_tzname@@3V?$dual_state_global@PEAPEAD@__crt_state_management@@A 000000014004eb60     libucrt:timeset.obj
 0003:00001b68       ?w_tzname@@3V?$dual_state_global@PEAPEA_W@__crt_state_management@@A 000000014004eb68     libucrt:timeset.obj
 0003:00001b70       ?last_wide_tz@@3PEA_WEA    000000014004eb70     libucrt:tzset.obj
 0003:00001b80       ?tz_api_used@@3HA          000000014004eb80     libucrt:tzset.obj
 0003:00001b84       ?tzset_init_state@@3V?$dual_state_global@J@__crt_state_management@@A 000000014004eb84     libucrt:tzset.obj
 0003:00001b90       ?tz_info@@3U_TIME_ZONE_INFORMATION@@A 000000014004eb90     libucrt:tzset.obj
 0003:00001c40       ?internal_pst@?1??__mbrtoc32_utf8@__crt_mbstring@@YA_KPEA_UPEBD_KPEAU_Mbstatet@@AEAV__crt_cached_ptd_host@@@Z@4U3@A 000000014004ec40     libucrt:mbrtoc32.obj
 0003:00001c50       GS_ExceptionRecord         000000014004ec50     LIBCMT:gs_report.obj
 0003:00001cf0       GS_ContextRecord           000000014004ecf0     LIBCMT:gs_report.obj
 0003:00009598       ?s_bassInf@@3UBASS_INFO@@A 0000000140056598     audio.obj
 0003:000095d0       ?fNautilus_global@@3VVector3@@A 00000001400565d0     shadertoy.obj
 0003:000095e0       ?fSpike_global@@3VVector4@@A 00000001400565e0     shadertoy.obj
 0003:000095f0       ?temp@?1??path_encode@@9@9 00000001400565f0     device.obj
 0003:000096f4       ?s_hMusic@@3KA             00000001400566f4     audio.obj
 0003:000096f8       ?s_pEnvMap@@3PEAIEA        00000001400566f8     ball.obj
 0003:00009700       ?temp@?1??sync_track_path@@9@9 0000000140056700     device.obj
 0003:00009808       ?s_pColorMap@@3PAPEAIA     0000000140056808     ball.obj
 0003:00009818       ?s_pHeightMap@@3PAPEAEA    0000000140056818     ball.obj
 0003:00009840       ?s_heightProj@@3PAIA       0000000140056840     ball.obj
 0003:0000a840       ?s_heightProjNorm@@3PAHA   0000000140057840     ball.obj
 0003:0000b840       ?s_pHalo@@3PEAIEA          0000000140058840     ball.obj
 0003:0000b848       ?s_pBeamMapMix@@3PEAIEA    0000000140058848     ball.obj
 0003:0000b850       ?s_pBeamMaps@@3PAPEAIA     0000000140058850     ball.obj
 0003:0000b868       ?s_heightMapMix@@3PEAEEA   0000000140058868     ball.obj
 0003:0000b870       ?s_pBackgrounds@@3PAPEAIA  0000000140058870     ball.obj
 0003:0000b880       ?s_pTempBuf@@3PEAIEA       0000000140058880     boxblur.obj
 0003:0000b888       ?s_genState@@3UTINYMT32_T@@A 0000000140058888     random.obj
 0003:0000b8a8       ?s_hRocket@@3PEAUsync_device@@EA 00000001400588a8     rocket.obj
 0003:0000b8b0       ?s_pFDTunnelTex@@3PEAIEA   00000001400588b0     shadertoy.obj
 0003:0000b8b8       ?s_pFDTunnelTexHighlights@@3PEAIEA 00000001400588b8     shadertoy.obj
 0003:0000b8c0       ?s_pNautilusDirt@@3PEAIEA  00000001400588c0     demo.obj
 0003:0000b8c8       ?s_pBallVignette@@3PEAIEA  00000001400588c8     demo.obj
 0003:0000b8d0       ?s_pLenz@@3PEAIEA          00000001400588d0     demo.obj
 0003:0000b8d8       ?s_pRevLogo@@3PEAIEA       00000001400588d8     demo.obj
 0003:0000b8e0       ?s_pSpikeyFullDirt@@3PEAIEA 00000001400588e0     demo.obj
 0003:0000b8e8       ?s_pNoooN@@3PEAIEA         00000001400588e8     demo.obj
 0003:0000b8f0       ?s_pTunnelVignette2@@3PEAIEA 00000001400588f0     demo.obj
 0003:0000b8f8       ?s_pSpikeyBypass@@3PEAIEA  00000001400588f8     demo.obj
 0003:0000b900       ?s_pDiscoGuys@@3PAPEAIA    0000000140058900     demo.obj
 0003:0000b940       ?s_pGreetings@@3PAPEAIA    0000000140058940     demo.obj
 0003:0000b960       ?s_pCredits@@3PAPEAIA      0000000140058960     demo.obj
 0003:0000b980       ?s_pWaterDirt@@3PEAIEA     0000000140058980     demo.obj
 0003:0000b988       ?s_pCloseSpikeVignette@@3PEAIEA 0000000140058988     demo.obj
 0003:0000b990       ?s_pCloseSpikeDirt@@3PEAIEA 0000000140058990     demo.obj
 0003:0000b998       ?s_pVignette06@@3PEAIEA    0000000140058998     demo.obj
 0003:0000b9a0       ?s_pNautilusCousteauRim2@@3PEAIEA 00000001400589a0     demo.obj
 0003:0000b9a8       ?s_pWaterPrismOverlay@@3PEAIEA 00000001400589a8     demo.obj
 0003:0000b9b0       ?s_pNautilusCousteau2@@3PEAIEA 00000001400589b0     demo.obj
 0003:0000b9b8       ?s_pSpikeyArrested@@3PEAIEA 00000001400589b8     demo.obj
 0003:0000b9c0       ?s_pAreWeDone@@3PEAIEA     00000001400589c0     demo.obj
 0003:0000b9c8       ?s_pTunnelFullDirt@@3PEAIEA 00000001400589c8     demo.obj
 0003:0000b9d0       ?s_pGodLayer@@3PEAIEA      00000001400589d0     demo.obj
 0003:0000b9d8       ?s_pSpikeyVignette@@3PEAIEA 00000001400589d8     demo.obj
 0003:0000b9e0       ?s_pNautilusCousteauRim1@@3PEAIEA 00000001400589e0     demo.obj
 0003:0000b9e8       ?s_pTunnelVignette@@3PEAIEA 00000001400589e8     demo.obj
 0003:0000b9f0       ?s_pNautilusCousteau1@@3PEAIEA 00000001400589f0     demo.obj
 0003:0000b9f8       ?s_pNautilusVignette@@3PEAIEA 00000001400589f8     demo.obj
 0003:0000ba00       ?s_pNautilusText@@3PEAIEA  0000000140058a00     demo.obj
 0003:0000ba08       ?s_pGreetingsDirt@@3PEAIEA 0000000140058a08     demo.obj
 0003:0000ba10       ?s_pGreetingsVignette@@3PEAIEA 0000000140058a10     demo.obj
 0003:0000ba18       ?s_pMFX@@3PEAIEA           0000000140058a18     demo.obj
 0003:0000ba20       ?s_pSpikeyVignette2@@3PEAIEA 0000000140058a20     demo.obj
 0003:0000ba28       ?s_pPad@@3PEAU_SDL_GameController@@EA 0000000140058a28     gamepad.obj
 0003:0000ba30       ?s_pGC@@3V?$vector@PEAXV?$allocator@PEAX@std@@@std@@A 0000000140058a30     image.obj
 0003:0000ba48       ?s_pColorMap@@3PEAIEA      0000000140058a48     landscape.obj
 0003:0000ba50       ?s_fogGradientUnp@@3PAT__m128i@@A 0000000140058a50     landscape.obj
 0003:0000ca50       ?s_pFogGradient@@3PEAIEA   0000000140059a50     landscape.obj
 0003:0000ca58       ?s_pHeightMap@@3PEAEEA     0000000140059a58     landscape.obj
 0003:0000ca60       ?s_pInvMap2x2@@3PEAHEA     0000000140059a60     polar.obj
 0003:0000ca68       ?s_pMap@@3PEAHEA           0000000140059a68     polar.obj
 0003:0000ca70       ?s_pInvMap@@3PEAHEA        0000000140059a70     polar.obj
 0003:0000ca78       ?s_pMap2x2@@3PEAHEA        0000000140059a78     polar.obj
 0003:0000ca80       ?s_pColorMap@@3PEAIEA      0000000140059a80     torus-twister.obj
 0003:0000ca88       ?s_pHeightMap@@3PEAEEA     0000000140059a88     torus-twister.obj
 0003:0000ca90       ?s_heightProj@@3PAIA       0000000140059a90     torus-twister.obj
 0003:0000d290       ?s_heightProjNorm@@3PAIA   000000014005a290     torus-twister.obj
 0003:0000da90       ?s_pBackground@@3PEAIEA    000000014005aa90     torus-twister.obj
 0003:0000da98       ?s_pColorMap@@3PEAIEA      000000014005aa98     tunnelscape.obj
 0003:0000daa0       ?s_fogGradientUnp@@3PAT__m128i@@A 000000014005aaa0     tunnelscape.obj
 0003:0000eaa0       ?s_pFogGradient@@3PEAIEA   000000014005baa0     tunnelscape.obj
 0003:0000eaa8       ?s_pHeightMap@@3PEAEEA     000000014005baa8     tunnelscape.obj
 0003:0000eab0       ?numCalls@?9??Gamepad_Update@@YA_NAEAUPadState@@@Z@4HA 000000014005bab0     gamepad.obj
 0003:0000eab4       ?strafeX@?1??vscape@@YAXPEAIMM@Z@4MA 000000014005bab4     landscape.obj
 0003:0000eab8       ?viewAngle@?1??vscape@@YAXPEAIMM@Z@4MA 000000014005bab8     landscape.obj
 0003:0000eabc       ?padMoveX@?1??vscape@@YAXPEAIMM@Z@4MA 000000014005babc     landscape.obj
 0003:0000eac0       ?padTilt@?1??vscape@@YAXPEAIMM@Z@4MA 000000014005bac0     landscape.obj
 0003:0000eac4       ?padMoveY@?1??vscape@@YAXPEAIMM@Z@4MA 000000014005bac4     landscape.obj
 0003:0000eac8       ?strafeY@?1??vscape@@YAXPEAIMM@Z@4MA 000000014005bac8     landscape.obj
 0003:0000ead0       ?edgeDivs@?1??VerticalBoxBlur32@@YAXPEAIPEBIIIM@Z@4PAT__m128i@@A 000000014005bad0     boxblur.obj
 0003:0000fad0       ?edgeDivs@?1??HorizontalBoxBlur32@@YAXPEAIPEBIIIM@Z@4PAT__m128i@@A 000000014005cad0     boxblur.obj
 0005:00000000       MsetTab                    0000000140061000     libvcruntime:memset.obj
 0005:00000050       MoveSmall                  0000000140061050     libvcruntime:memcpy.obj
 0005:00000090       MoveSmallYmm               0000000140061090     libvcruntime:memcpy.obj
 0005:000000b4       MoveSmallYmmNT             00000001400610b4     libvcruntime:memcpy.obj
 0005:000000d8       MoveSmallXmm               00000001400610d8     libvcruntime:memcpy.obj
 0005:00000100       _2il0floatpacket$19        0000000140061100     LIBCMT:svml_ssinf4_sse2.obj
 0005:00000200       _2il0floatpacket$26        0000000140061200     LIBCMT:svml_dcos2_sse2.obj
 0005:00000210       _2il0floatpacket$27        0000000140061210     LIBCMT:svml_dcos2_sse2.obj
 0005:00000220       _2il0floatpacket$28        0000000140061220     LIBCMT:svml_dcos2_sse2.obj
 0005:00000230       _2il0floatpacket$29        0000000140061230     LIBCMT:svml_dcos2_sse2.obj
 0005:00000240       _2il0floatpacket$30        0000000140061240     LIBCMT:svml_dcos2_sse2.obj
 0005:00000250       _2il0floatpacket$31        0000000140061250     LIBCMT:svml_dcos2_sse2.obj
 0005:00000260       _2il0floatpacket$32        0000000140061260     LIBCMT:svml_dcos2_sse2.obj
 0005:00000270       _2il0floatpacket$33        0000000140061270     LIBCMT:svml_dcos2_sse2.obj
 0005:00000280       _2il0floatpacket$34        0000000140061280     LIBCMT:svml_dcos2_sse2.obj
 0005:00000290       _2il0floatpacket$35        0000000140061290     LIBCMT:svml_dcos2_sse2.obj
 0005:000002a0       _2il0floatpacket$36        00000001400612a0     LIBCMT:svml_dcos2_sse2.obj
 0005:000002b0       _2il0floatpacket$37        00000001400612b0     LIBCMT:svml_dcos2_sse2.obj
 0005:000002c0       _2il0floatpacket$38        00000001400612c0     LIBCMT:svml_dcos2_sse2.obj
 0005:000002d0       _2il0floatpacket$39        00000001400612d0     LIBCMT:svml_dcos2_sse2.obj
 0005:000002e0       _2il0floatpacket$40        00000001400612e0     LIBCMT:svml_dcos2_sse2.obj
 0005:000002f0       _2il0floatpacket$41        00000001400612f0     LIBCMT:svml_dcos2_sse2.obj
 0005:00000300       _2il0floatpacket$42        0000000140061300     LIBCMT:svml_dcos2_sse2.obj
 0005:00000310       _2il0floatpacket$43        0000000140061310     LIBCMT:svml_dcos2_sse2.obj
 0005:00000400       _2il0floatpacket$26        0000000140061400     LIBCMT:svml_dcos2_sse4.obj
 0005:00000410       _2il0floatpacket$27        0000000140061410     LIBCMT:svml_dcos2_sse4.obj
 0005:00000420       _2il0floatpacket$28        0000000140061420     LIBCMT:svml_dcos2_sse4.obj
 0005:00000430       _2il0floatpacket$29        0000000140061430     LIBCMT:svml_dcos2_sse4.obj
 0005:00000440       _2il0floatpacket$30        0000000140061440     LIBCMT:svml_dcos2_sse4.obj
 0005:00000450       _2il0floatpacket$31        0000000140061450     LIBCMT:svml_dcos2_sse4.obj
 0005:00000460       _2il0floatpacket$32        0000000140061460     LIBCMT:svml_dcos2_sse4.obj
 0005:00000470       _2il0floatpacket$33        0000000140061470     LIBCMT:svml_dcos2_sse4.obj
 0005:00000480       _2il0floatpacket$34        0000000140061480     LIBCMT:svml_dcos2_sse4.obj
 0005:00000490       _2il0floatpacket$35        0000000140061490     LIBCMT:svml_dcos2_sse4.obj
 0005:000004a0       _2il0floatpacket$36        00000001400614a0     LIBCMT:svml_dcos2_sse4.obj
 0005:000004b0       _2il0floatpacket$37        00000001400614b0     LIBCMT:svml_dcos2_sse4.obj
 0005:000004c0       _2il0floatpacket$38        00000001400614c0     LIBCMT:svml_dcos2_sse4.obj
 0005:000004d0       _2il0floatpacket$39        00000001400614d0     LIBCMT:svml_dcos2_sse4.obj
 0005:000004e0       _2il0floatpacket$40        00000001400614e0     LIBCMT:svml_dcos2_sse4.obj
 0005:000004f0       _2il0floatpacket$41        00000001400614f0     LIBCMT:svml_dcos2_sse4.obj
 0005:00000500       _2il0floatpacket$42        0000000140061500     LIBCMT:svml_dcos2_sse4.obj
 0005:00000510       _2il0floatpacket$43        0000000140061510     LIBCMT:svml_dcos2_sse4.obj
 0005:00002700       _vmlsSinHATab              0000000140063700     LIBCMT:svml_s_sin_cout.obj
 0005:00013500       _vmldCosHATab              0000000140074500     LIBCMT:svml_d_cos_cout.obj
 0006:00000060       $R000000                   0000000140075060     * linker generated manifest res *
