 VS17

 Timestamp is 642e5203 (Thu Apr  6 07:00:51 2023)

 Preferred load address is 0000000140000000

 Start         Length     Name                   Class
 0001:00000000 00000020H .text$di                CODE
 0001:00000020 000396a0H .text$mn                CODE
 0001:000396c0 00000040H .text$mn$00             CODE
 0001:00039700 000006d0H .text$x                 CODE
 0001:00039dd0 000000d9H .text$yd                CODE
 0002:00000000 00000540H .idata$5                DATA
 0002:00000540 00000028H .00cfg                  DATA
 0002:00000568 00000008H .CRT$XCA                DATA
 0002:00000570 00000008H .CRT$XCAA               DATA
 0002:00000578 00000010H .CRT$XCU                DATA
 0002:00000588 00000008H .CRT$XCZ                DATA
 0002:00000590 00000008H .CRT$XIA                DATA
 0002:00000598 00000008H .CRT$XIAA               DATA
 0002:000005a0 00000008H .CRT$XIAC               DATA
 0002:000005a8 00000028H .CRT$XIC                DATA
 0002:000005d0 00000008H .CRT$XIZ                DATA
 0002:000005d8 00000008H .CRT$XPA                DATA
 0002:000005e0 00000010H .CRT$XPX                DATA
 0002:000005f0 00000008H .CRT$XPXA               DATA
 0002:000005f8 00000008H .CRT$XPZ                DATA
 0002:00000600 00000008H .CRT$XTA                DATA
 0002:00000608 00000008H .CRT$XTZ                DATA
 0002:00000610 00000000H .gehcont$y              DATA
 0002:00000610 00000000H .gfids$y                DATA
 0002:00000610 0000d8f0H .rdata                  DATA
 0002:0000df00 00000000H .rdata$CastGuardVftablesA DATA
 0002:0000df00 00000000H .rdata$CastGuardVftablesC DATA
 0002:0000df00 000006fcH .rdata$r                DATA
 0002:0000e5fc 00000344H .rdata$voltmd           DATA
 0002:0000e940 000003b0H .rdata$zzzdbg           DATA
 0002:0000ecf0 00000008H .rtc$IAA                DATA
 0002:0000ecf8 00000008H .rtc$IZZ                DATA
 0002:0000ed00 00000008H .rtc$TAA                DATA
 0002:0000ed08 00000008H .rtc$TZZ                DATA
 0002:0000ed10 00002ef0H .xdata                  DATA
 0002:00011c00 00000314H .xdata$x                DATA
 0002:00011f14 00000000H .edata                  DATA
 0002:00011f14 0000008cH .idata$2                DATA
 0002:00011fa0 00000018H .idata$3                DATA
 0002:00011fb8 00000540H .idata$4                DATA
 0002:000124f8 00000be0H .idata$6                DATA
 0003:00000000 00000ca0H .data                   DATA
 0003:00000ca0 000001a8H .data$r                 DATA
 0003:00000e48 000000c8H .data$rs                DATA
 0003:00000f10 00011d90H .bss                    DATA
 0004:00000000 000028d4H .pdata                  DATA
 0005:00000000 00013510H _RDATA                  DATA
 0006:00000000 00000060H .rsrc$01                DATA
 0006:00000060 00000180H .rsrc$02                DATA

  Address         Publics by Value              Rva+Base               Lib:Object

 0000:00000000       __x64_code_ranges_to_entry_points_count 0000000000000000     <absolute>
 0000:00000000       __guard_longjmp_table      0000000000000000     <absolute>
 0000:00000000       __guard_iat_table          0000000000000000     <absolute>
 0000:00000000       __x64_code_ranges_to_entry_points 0000000000000000     <absolute>
 0000:00000000       __guard_fids_count         0000000000000000     <absolute>
 0000:00000000       __guard_iat_count          0000000000000000     <absolute>
 0000:00000000       __guard_longjmp_count      0000000000000000     <absolute>
 0000:00000000       __arm64x_extra_rfe_table   0000000000000000     <absolute>
 0000:00000000       __dynamic_value_reloc_table 0000000000000000     <absolute>
 0000:00000000       __hybrid_auxiliary_iat     0000000000000000     <absolute>
 0000:00000000       __hybrid_auxiliary_iat_copy 0000000000000000     <absolute>
 0000:00000000       __hybrid_code_map          0000000000000000     <absolute>
 0000:00000000       __arm64x_redirection_metadata 0000000000000000     <absolute>
 0000:00000000       __arm64x_extra_rfe_table_size 0000000000000000     <absolute>
 0000:00000000       __AbsoluteZero             0000000000000000     <absolute>
 0000:00000000       __guard_check_icall_a64n_fptr 0000000000000000     <absolute>
 0000:00000000       __guard_fids_table         0000000000000000     <absolute>
 0000:00000000       __guard_eh_cont_count      0000000000000000     <absolute>
 0000:00000000       __arm64x_redirection_metadata_count 0000000000000000     <absolute>
 0000:00000000       __enclave_config           0000000000000000     <absolute>
 0000:00000000       __guard_eh_cont_table      0000000000000000     <absolute>
 0000:00000000       __arm64x_native_entrypoint 0000000000000000     <absolute>
 0000:00000000       __hybrid_code_map_count    0000000000000000     <absolute>
 0000:00000100       __guard_flags              0000000000000100     <absolute>
 0000:00000000       __ImageBase                0000000140000000     <linker-defined>
 0001:00000020       __local_stdio_printf_options 0000000140001020 f i device.obj
 0001:00000030       fprintf                    0000000140001030 f i device.obj
 0001:00000080       snprintf                   0000000140001080 f i device.obj
 0001:000002d0       sync_save_tracks           00000001400012d0 f   device.obj
 0001:00000890       sync_tcp_connect           0000000140001890 f   device.obj
 0001:00000ad0       sync_update                0000000140001ad0 f   device.obj
 0001:00000d40       sync_get_track             0000000140001d40 f   device.obj
 0001:00000f40       sync_get_val               0000000140001f40 f   track.obj
 0001:00001140       ??0Vector3@@QEAA@MMM@Z     0000000140002140 f i Matrix44.obj
 0001:00001160       ??GVector3@@QEBA?BV0@AEBV0@@Z 0000000140002160 f i Matrix44.obj
 0001:000011a0       ??DVector3@@QEBA?BMAEBV0@@Z 00000001400021a0 f i Matrix44.obj
 0001:000011d0       ??DVector3@@QEBA?BV0@M@Z   00000001400021d0 f i Matrix44.obj
 0001:00001200       ??XVector3@@QEAAAEAV0@M@Z  0000000140002200 f i Matrix44.obj
 0001:00001230       ?Normalized@Vector3@@QEBA?BV1@XZ 0000000140002230 f i Matrix44.obj
 0001:000012a0       ??0Vector4@@QEAA@MMMM@Z    00000001400022a0 f i Matrix44.obj
 0001:000012c0       ??0exception@std@@QEAA@AEBV01@@Z 00000001400022c0 f i audio.obj
 0001:00001300       ?what@exception@std@@UEBAPEBDXZ 0000000140002300 f i audio.obj
 0001:00001320       ??_Gruntime_error@std@@UEAAPEAXI@Z 0000000140002320 f i main.obj
 0001:00001320       ??_Gbad_array_new_length@std@@UEAAPEAXI@Z 0000000140002320 f i audio.obj
 0001:00001320       ??_Gbad_exception@std@@UEAAPEAXI@Z 0000000140002320 f i libvcruntime:frame.obj
 0001:00001320       ??_Glength_error@std@@UEAAPEAXI@Z 0000000140002320 f i libcpmt:xthrow.obj
 0001:00001320       ??_Elength_error@std@@UEAAPEAXI@Z 0000000140002320 f i libcpmt:xthrow.obj
 0001:00001320       ??_Elogic_error@std@@UEAAPEAXI@Z 0000000140002320 f i libcpmt:xthrow.obj
 0001:00001320       ??_Eruntime_error@std@@UEAAPEAXI@Z 0000000140002320 f i * CIL library *:* CIL module *
 0001:00001320       ??_Ebad_alloc@std@@UEAAPEAXI@Z 0000000140002320 f i * CIL library *:* CIL module *
 0001:00001320       ??_Eexception@std@@UEAAPEAXI@Z 0000000140002320 f i * CIL library *:* CIL module *
 0001:00001320       ??_Gbad_alloc@std@@UEAAPEAXI@Z 0000000140002320 f i audio.obj
 0001:00001320       ??_Glogic_error@std@@UEAAPEAXI@Z 0000000140002320 f i libcpmt:xthrow.obj
 0001:00001320       ??_Gexception@std@@UEAAPEAXI@Z 0000000140002320 f i audio.obj
 0001:00001320       ??_Ebad_array_new_length@std@@UEAAPEAXI@Z 0000000140002320 f i * CIL library *:* CIL module *
 0001:00001320       ??_Ebad_exception@std@@UEAAPEAXI@Z 0000000140002320 f i libvcruntime:frame.obj
 0001:00001370       ??1bad_array_new_length@std@@UEAA@XZ 0000000140002370 f i audio.obj
 0001:00001370       ??1system_error@std@@UEAA@XZ 0000000140002370 f i main.obj
 0001:00001370       ??1bad_alloc@std@@UEAA@XZ  0000000140002370 f i audio.obj
 0001:00001370       ??1bad_exception@std@@UEAA@XZ 0000000140002370 f i libvcruntime:frame.obj
 0001:00001370       ??1length_error@std@@UEAA@XZ 0000000140002370 f i libcpmt:xthrow.obj
 0001:00001390       ??0bad_array_new_length@std@@QEAA@XZ 0000000140002390 f i audio.obj
 0001:000013c0       ?_Throw_bad_array_new_length@std@@YAXXZ 00000001400023c0 f i audio.obj
 0001:000013c0       ?__scrt_throw_std_bad_array_new_length@@YAXXZ 00000001400023c0 f i LIBCMT:throw_bad_alloc.obj
 0001:000013e0       ??0bad_array_new_length@std@@QEAA@AEBV01@@Z 00000001400023e0 f i audio.obj
 0001:00001420       ??0bad_alloc@std@@QEAA@AEBV01@@Z 0000000140002420 f i audio.obj
 0001:00001460       ?_Xlen_string@std@@YAXXZ   0000000140002460 f i audio.obj
 0001:00001480       ?Audio_Create@@YA_NIAEBV?$basic_string@DU?$char_traits@D@std@@V?$allocator@D@2@@std@@PEAUHWND__@@_N@Z 0000000140002480 f   audio.obj
 0001:000017d0       ?Audio_Rocket_Pause@@YAXPEAXH@Z 00000001400027d0 f   audio.obj
 0001:000017f0       ?Audio_Rocket_SetRow@@YAXPEAXH@Z 00000001400027f0 f   audio.obj
 0001:00001830       ?Audio_Rocket_IsPlaying@@YAHPEAX@Z 0000000140002830 f   audio.obj
 0001:00001840       ??1?$basic_string@DU?$char_traits@D@std@@V?$allocator@D@2@@std@@QEAA@XZ 0000000140002840 f i audio.obj
 0001:000018a0       ??0?$basic_string@DU?$char_traits@D@std@@V?$allocator@D@2@@std@@QEAA@QEBD@Z 00000001400028a0 f i audio.obj
 0001:000018e0       ?assign@?$basic_string@DU?$char_traits@D@std@@V?$allocator@D@2@@std@@QEAAAEAV12@QEBD@Z 00000001400028e0 f i audio.obj
 0001:00001900       ?assign@?$basic_string@DU?$char_traits@D@std@@V?$allocator@D@2@@std@@QEAAAEAV12@QEBD_K@Z 0000000140002900 f i audio.obj
 0001:000029f0       ?Ball_Create@@YA_NXZ       00000001400039f0 f   ball.obj
 0001:00003100       ?Ball_Draw@@YAXPEAIMM@Z    0000000140004100 f   ball.obj
 0001:00003480       ?HorizontalBoxBlur32@@YAXPEAIPEBIIIM@Z 0000000140004480 f   boxblur.obj
 0001:00003610       ?VerticalBoxBlur32@@YAXPEAIPEBIIIM@Z 0000000140004610 f   boxblur.obj
 0001:00003790       ?Fx_Blit_2x2@@YAXPEAI0@Z   0000000140004790 f   fx-blitter.obj
 0001:00003800       tinymt32_init              0000000140004800 f   random.obj
 0001:00003ae0       ?Shadertoy_Create@@YA_NXZ  0000000140004ae0 f   shadertoy.obj
 0001:00004db0       ?Spikey_Draw@@YAXPEAIMM_N@Z 0000000140005db0 f   shadertoy.obj
 0001:000055e0       ?RenderLaura_2x2@@YAXPEAIM@Z 00000001400065e0 f   shadertoy.obj
 0001:000057d0       ?Demo_Create@@YA_NXZ       00000001400067d0 f   demo.obj
 0001:000078c0       ?Demo_Draw@@YA_NPEAIMM@Z   00000001400088c0 f   demo.obj
 0001:00009150       ?Open@Display@@QEAA_NAEBV?$basic_string@DU?$char_traits@D@std@@V?$allocator@D@2@@std@@II_N@Z 000000014000a150 f   display.obj
 0001:00009440       ?Gamepad_Update@@YA_NAEAUPadState@@@Z 000000014000a440 f   gamepad.obj
 0001:00009960       ?Image_Load32@@YAPEAIAEBV?$basic_string@DU?$char_traits@D@std@@V?$allocator@D@2@@std@@@Z 000000014000a960 f   image.obj
 0001:00009970       ?deallocate@?$allocator@PEAX@std@@QEAAXQEAPEAX_K@Z 000000014000a970 f i image.obj
 0001:000099c0       ??$_Emplace_reallocate@AEBQEAX@?$vector@PEAXV?$allocator@PEAX@std@@@std@@QEAAPEAPEAXQEAPEAXAEBQEAX@Z 000000014000a9c0 f i image.obj
 0001:00009bb0       ?_Xlength@?$vector@PEAXV?$allocator@PEAX@std@@@std@@CAXXZ 000000014000abb0 f i image.obj
 0001:0000a1a0       ?Landscape_Create@@YA_NXZ  000000014000b1a0 f   landscape.obj
 0001:0000a400       ??0runtime_error@std@@QEAA@AEBV01@@Z 000000014000b400 f i main.obj
 0001:0000a440       ?default_error_condition@error_category@std@@UEBA?AVerror_condition@2@H@Z 000000014000b440 f i main.obj
 0001:0000a450       ?equivalent@error_category@std@@UEBA_NHAEBVerror_condition@2@@Z 000000014000b450 f i main.obj
 0001:0000a490       ?equivalent@error_category@std@@UEBA_NAEBVerror_code@2@H@Z 000000014000b490 f i main.obj
 0001:0000a4b0       ?make_error_code@std@@YA?AVerror_code@1@W4errc@1@@Z 000000014000b4b0 f i main.obj
 0001:0000a4d0       ??0_System_error@std@@IEAA@Verror_code@1@AEBV?$basic_string@DU?$char_traits@D@std@@V?$allocator@D@2@@1@@Z 000000014000b4d0 f i main.obj
 0001:0000a670       ??_Gsystem_error@std@@UEAAPEAXI@Z 000000014000b670 f i main.obj
 0001:0000a670       ??_E_System_error@std@@UEAAPEAXI@Z 000000014000b670 f i * CIL library *:* CIL module *
 0001:0000a670       ??_G_System_error@std@@UEAAPEAXI@Z 000000014000b670 f i main.obj
 0001:0000a670       ??_Esystem_error@std@@UEAAPEAXI@Z 000000014000b670 f i * CIL library *:* CIL module *
 0001:0000a6c0       ??0system_error@std@@QEAA@Verror_code@1@@Z 000000014000b6c0 f i main.obj
 0001:0000a770       ?_Throw_system_error@std@@YAXW4errc@1@@Z 000000014000b770 f i main.obj
 0001:0000a7b0       ??0system_error@std@@QEAA@AEBV01@@Z 000000014000b7b0 f i main.obj
 0001:0000a810       ??0_System_error@std@@QEAA@AEBV01@@Z 000000014000b810 f i main.obj
 0001:0000a860       ?name@_Generic_error_category@std@@UEBAPEBDXZ 000000014000b860 f i main.obj
 0001:0000a870       ?message@_Generic_error_category@std@@UEBA?AV?$basic_string@DU?$char_traits@D@std@@V?$allocator@D@2@@2@H@Z 000000014000b870 f i main.obj
 0001:0000a8c0       ??_E_System_error_category@std@@UEAAPEAXI@Z 000000014000b8c0 f i * CIL library *:* CIL module *
 0001:0000a8c0       ??_G_Generic_error_category@std@@UEAAPEAXI@Z 000000014000b8c0 f i main.obj
 0001:0000a8c0       ??_G_System_error_category@std@@UEAAPEAXI@Z 000000014000b8c0 f i main.obj
 0001:0000a8c0       ??_E_Generic_error_category@std@@UEAAPEAXI@Z 000000014000b8c0 f i * CIL library *:* CIL module *
 0001:0000a8f0       ?name@_System_error_category@std@@UEBAPEBDXZ 000000014000b8f0 f i main.obj
 0001:0000a900       ?message@_System_error_category@std@@UEBA?AV?$basic_string@DU?$char_traits@D@std@@V?$allocator@D@2@@2@H@Z 000000014000b900 f i main.obj
 0001:0000a970       ?default_error_condition@_System_error_category@std@@UEBA?AVerror_condition@2@H@Z 000000014000b970 f i main.obj
 0001:0000a9d0       ?_Make_ec@filesystem@std@@YA?AVerror_code@2@W4__std_win_error@@@Z 000000014000b9d0 f i main.obj
 0001:0000a9f0       ?_Throw_system_error_from_std_win_error@filesystem@std@@YAXW4__std_win_error@@@Z 000000014000b9f0 f i main.obj
 0001:0000aa30       ??0path@filesystem@std@@QEAA@AEBV012@@Z 000000014000ba30 f i main.obj
 0001:0000ab30       ??0filesystem_error@filesystem@std@@QEAA@AEBV?$basic_string@DU?$char_traits@D@std@@V?$allocator@D@2@@2@AEBVpath@12@Verror_code@2@@Z 000000014000bb30 f i main.obj
 0001:0000ac50       ?what@filesystem_error@filesystem@std@@UEBAPEBDXZ 000000014000bc50 f i main.obj
 0001:0000ac60       ?_Pretty_message@filesystem_error@filesystem@std@@CA?AV?$basic_string@DU?$char_traits@D@std@@V?$allocator@D@2@@3@V?$basic_string_view@DU?$char_traits@D@std@@@3@AEBVpath@23@1@Z 000000014000bc60 f i main.obj
 0001:0000ae90       ??_Efilesystem_error@filesystem@std@@UEAAPEAXI@Z 000000014000be90 f i * CIL library *:* CIL module *
 0001:0000ae90       ??_Gfilesystem_error@filesystem@std@@UEAAPEAXI@Z 000000014000be90 f i main.obj
 0001:0000afe0       ??1filesystem_error@filesystem@std@@UEAA@XZ 000000014000bfe0 f i main.obj
 0001:0000b100       ??0filesystem_error@filesystem@std@@QEAA@AEBV012@@Z 000000014000c100 f i main.obj
 0001:0000b180       ?_Throw_fs_error@filesystem@std@@YAXPEBDW4__std_win_error@@AEBVpath@12@@Z 000000014000c180 f i main.obj
 0001:0000b1f0       WinMain                    000000014000c1f0 f   main.obj
 0001:0000bbf0       ??0?$basic_string@DU?$char_traits@D@std@@V?$allocator@D@2@@std@@QEAA@AEBV01@@Z 000000014000cbf0 f i main.obj
 0001:0000bcd0       ?append@?$basic_string@DU?$char_traits@D@std@@V?$allocator@D@2@@std@@QEAAAEAV12@QEBD_K@Z 000000014000ccd0 f i main.obj
 0001:0000bd50       ??$_Convert_wide_to_narrow_replace_chars@U?$char_traits@D@std@@V?$allocator@D@2@@filesystem@std@@YA?AV?$basic_string@DU?$char_traits@D@std@@V?$allocator@D@2@@1@W4__std_code_page@@V?$basic_string_view@_WU?$char_traits@_W@std@@@1@AEBV?$allocator@D@1@@Z 000000014000cd50 f i main.obj
 0001:0000bea0       ??$_Reallocate_grow_by@V<lambda_1>@?1??reserve@?$basic_string@DU?$char_traits@D@std@@V?$allocator@D@2@@std@@QEAAX_K@Z@$$V@?$basic_string@DU?$char_traits@D@std@@V?$allocator@D@2@@std@@AEAAAEAV01@_KV<lambda_1>@?1??reserve@01@QEAAX0@Z@@Z 000000014000cea0 f i main.obj
 0001:0000bff0       ??$_Reallocate_grow_by@V<lambda_1>@?1??append@?$basic_string@_WU?$char_traits@_W@std@@V?$allocator@_W@2@@std@@QEAAAEAV34@_K_W@Z@_K_W@?$basic_string@_WU?$char_traits@_W@std@@V?$allocator@_W@2@@std@@AEAAAEAV01@_KV<lambda_1>@?1??append@01@QEAAAEAV01@0_W@Z@_K_W@Z 000000014000cff0 f i main.obj
 0001:0000c1a0       ??$_Reallocate_grow_by@V<lambda_1>@?1??push_back@?$basic_string@DU?$char_traits@D@std@@V?$allocator@D@2@@std@@QEAAXD@Z@D@?$basic_string@DU?$char_traits@D@std@@V?$allocator@D@2@@std@@AEAAAEAV01@_KV<lambda_1>@?1??push_back@01@QEAAXD@Z@D@Z 000000014000d1a0 f i main.obj
 0001:0000c310       ??$_Reallocate_grow_by@V<lambda_1>@?1??append@?$basic_string@DU?$char_traits@D@std@@V?$allocator@D@2@@std@@QEAAAEAV34@QEBD_K@Z@PEBD_K@?$basic_string@DU?$char_traits@D@std@@V?$allocator@D@2@@std@@AEAAAEAV01@_KV<lambda_1>@?1??append@01@QEAAAEAV01@QEBD0@Z@PEBD_K@Z 000000014000d310 f i main.obj
 0001:0000c490       ??$_Reallocate_grow_by@V<lambda_1>@?1??append@?$basic_string@DU?$char_traits@D@std@@V?$allocator@D@2@@std@@QEAAAEAV34@_KD@Z@_KD@?$basic_string@DU?$char_traits@D@std@@V?$allocator@D@2@@std@@AEAAAEAV01@_KV<lambda_1>@?1??append@01@QEAAAEAV01@0D@Z@_KD@Z 000000014000d490 f i main.obj
 0001:0000c8c0       ?Polar_Blit@@YAXPEAIPEBI_N@Z 000000014000d8c0 f   polar.obj
 0001:0000c900       ?Polar_BlitA@@YAXPEAIPEBI_N@Z 000000014000d900 f   polar.obj
 0001:0000c930       ?Shared_Create@@YA_NXZ     000000014000d930 f   shared-resources.obj
 0001:0000cee0       ?Twister_Create@@YA_NXZ    000000014000dee0 f   torus-twister.obj
 0001:0000d610       ?Tunnelscape_Create@@YA_NXZ 000000014000e610 f   tunnelscape.obj
 0001:0000d870       ?Mix32@@YAXPEAIPEBIIE@Z    000000014000e870 f   util.obj
 0001:0000d8e0       ?Add32@@YAXPEAIPEBII@Z     000000014000e8e0 f   util.obj
 0001:0000d930       ?MixOver32@@YAXPEAIPEBII@Z 000000014000e930 f   util.obj
 0001:0000d970       ?Sub32@@YAXPEAIPEBII@Z     000000014000e970 f   util.obj
 0001:0000d9c0       ?Excl32@@YAXPEAIPEBII@Z    000000014000e9c0 f   util.obj
 0001:0000da00       ?SoftLight32@@YAXPEAIPEBII@Z 000000014000ea00 f   util.obj
 0001:0000da40       ?SoftLight32A@@YAXPEAIPEBII@Z 000000014000ea40 f   util.obj
 0001:0000da80       ?SoftLight32AA@@YAXPEAIPEBIIM@Z 000000014000ea80 f   util.obj
 0001:0000db00       ?Overlay32@@YAXPEAIPEBII@Z 000000014000eb00 f   util.obj
 0001:0000db40       ?Overlay32A@@YAXPEAIPEBII@Z 000000014000eb40 f   util.obj
 0001:0000db80       ?Darken32_50@@YAXPEAIPEBII@Z 000000014000eb80 f   util.obj
 0001:0000dbc0       ?TapeWarp32@@YAXPEAIPEBIIIMM@Z 000000014000ebc0 f   util.obj
 0001:0000dc20       ?MulSrc32@@YAXPEAIPEBII@Z  000000014000ec20 f   util.obj
 0001:0000dc70       ?MulSrc32A@@YAXPEAIPEBII@Z 000000014000ec70 f   util.obj
 0001:0000dcc0       ?MixSrc32S@@YAXPEAIPEBIIII@Z 000000014000ecc0 f   util.obj
 0001:0000dd30       ?MixSrc32@@YAXPEAIPEBII@Z  000000014000ed30 f   util.obj
 0001:0000dd80       ?BlitSrc32@@YAXPEAIPEBIIII@Z 000000014000ed80 f   util.obj
 0001:0000dde0       ?BlitSrc32A@@YAXPEAIPEBIIIIM@Z 000000014000ede0 f   util.obj
 0001:0000de80       ?BlitAdd32A@@YAXPEAIPEBIIIIM@Z 000000014000ee80 f   util.obj
 0001:0000df10       ?Fade32@@YAXPEAIIIE@Z      000000014000ef10 f   util.obj
 0001:0000df90       ??2@YAPEAX_K@Z             000000014000ef90 f   LIBCMT:new_scalar.obj
 0001:0000dfcc       ??3@YAXPEAX@Z              000000014000efcc f   LIBCMT:delete_scalar.obj
 0001:0000dfd4       ??3@YAXPEAX_K@Z            000000014000efd4 f   LIBCMT:delete_scalar_size.obj
 0001:0000dfdc       ??_Etype_info@@UEAAPEAXI@Z 000000014000efdc f i LIBCMT:std_type_info_static.obj
 0001:0000dfdc       ??_Gtype_info@@UEAAPEAXI@Z 000000014000efdc f i LIBCMT:std_type_info_static.obj
 0001:0000e008       __scrt_acquire_startup_lock 000000014000f008 f   LIBCMT:utility.obj
 0001:0000e044       __scrt_initialize_crt      000000014000f044 f   LIBCMT:utility.obj
 0001:0000e090       __scrt_initialize_onexit_tables 000000014000f090 f   LIBCMT:utility.obj
 0001:0000e11c       __scrt_is_nonwritable_in_current_image 000000014000f11c f   LIBCMT:utility.obj
 0001:0000e1b4       __scrt_release_startup_lock 000000014000f1b4 f   LIBCMT:utility.obj
 0001:0000e1d8       __scrt_uninitialize_crt    000000014000f1d8 f   LIBCMT:utility.obj
 0001:0000e204       _onexit                    000000014000f204 f   LIBCMT:utility.obj
 0001:0000e240       atexit                     000000014000f240 f   LIBCMT:utility.obj
 0001:0000e4b0       WinMainCRTStartup          000000014000f4b0 f   LIBCMT:exe_winmain.obj
 0001:0000e4c4       ??0bad_alloc@std@@QEAA@XZ  000000014000f4c4 f i LIBCMT:throw_bad_alloc.obj
 0001:0000e4e4       ?__scrt_throw_std_bad_alloc@@YAXXZ 000000014000f4e4 f   LIBCMT:throw_bad_alloc.obj
 0001:0000e504       __isa_available_init       000000014000f504 f   LIBCMT:cpu_disp.obj
 0001:0000e6a8       _get_startup_argv_mode     000000014000f6a8 f   LIBCMT:argv_mode.obj
 0001:0000e6b0       __scrt_is_ucrt_dll_in_use  000000014000f6b0 f   LIBCMT:ucrt_detection.obj
 0001:0000e6bc       __crt_debugger_hook        000000014000f6bc f   LIBCMT:utility_desktop.obj
 0001:0000e6c4       __scrt_fastfail            000000014000f6c4 f   LIBCMT:utility_desktop.obj
 0001:0000e810       __scrt_get_show_window_mode 000000014000f810 f   LIBCMT:utility_desktop.obj
 0001:0000e84c       __scrt_initialize_mta      000000014000f84c f   LIBCMT:utility_desktop.obj
 0001:0000e854       __scrt_stub_for_initialize_mta 000000014000f854 f   LIBCMT:utility_desktop.obj
 0001:0000e854       __scrt_exe_initialize_mta  000000014000f854 f   LIBCMT:utility_desktop.obj
 0001:0000e854       _matherr                   000000014000f854 f   LIBCMT:matherr.obj
 0001:0000e854       _get_startup_thread_locale_mode 000000014000f854 f   LIBCMT:thread_locale.obj
 0001:0000e854       _get_startup_new_mode      000000014000f854 f   LIBCMT:new_mode.obj
 0001:0000e854       _get_startup_commit_mode   000000014000f854 f   LIBCMT:commit_mode.obj
 0001:0000e854       __scrt_initialize_winrt    000000014000f854 f   LIBCMT:utility_desktop.obj
 0001:0000e858       __scrt_is_managed_app      000000014000f858 f   LIBCMT:utility_desktop.obj
 0001:0000e8ac       __scrt_set_unhandled_exception_filter 000000014000f8ac f   LIBCMT:utility_desktop.obj
 0001:0000e8bc       __scrt_unhandled_exception_filter 000000014000f8bc f   LIBCMT:utility_desktop.obj
 0001:0000e918       _guard_check_icall_nop     000000014000f918 f i LIBCMT:guard_support.obj
 0001:0000e918       _initialize_invalid_parameter_handler 000000014000f918 f i LIBCMT:invalid_parameter_handler.obj
 0001:0000e918       _initialize_denormal_control 000000014000f918 f i LIBCMT:denormal_control.obj
 0001:0000e91c       __security_init_cookie     000000014000f91c f   LIBCMT:gs_support.obj
 0001:0000e9c8       _get_startup_file_mode     000000014000f9c8 f   LIBCMT:file_mode.obj
 0001:0000e9d0       ?__scrt_initialize_type_info@@YAXXZ 000000014000f9d0 f   LIBCMT:tncleanup.obj
 0001:0000e9e0       _should_initialize_environment 000000014000f9e0 f   LIBCMT:env_mode.obj
 0001:0000e9e0       __acrt_uninitialize_command_line 000000014000f9e0 f   libucrt:argv_data.obj
 0001:0000e9e4       __local_stdio_scanf_options 000000014000f9e4 f i LIBCMT:default_local_stdio_options.obj
 0001:0000e9ec       __scrt_initialize_default_local_stdio_options 000000014000f9ec f   LIBCMT:default_local_stdio_options.obj
 0001:0000ea08       __scrt_is_user_matherr_present 000000014000fa08 f   LIBCMT:matherr_detection.obj
 0001:0000ea14       __scrt_get_dyn_tls_init_callback 000000014000fa14 f   LIBCMT:dyn_tls_init.obj
 0001:0000ea1c       __scrt_get_dyn_tls_dtor_callback 000000014000fa1c f   LIBCMT:dyn_tls_dtor.obj
 0001:0000ea24       _RTC_Initialize            000000014000fa24 f   LIBCMT:initsect.obj
 0001:0000ea60       _RTC_Terminate             000000014000fa60 f   LIBCMT:initsect.obj
 0001:0000eaa0       ??0length_error@std@@QEAA@AEBV01@@Z 000000014000faa0 f i libcpmt:xthrow.obj
 0001:0000eadc       ??0length_error@std@@QEAA@PEBD@Z 000000014000fadc f i libcpmt:xthrow.obj
 0001:0000eb24       ??0logic_error@std@@QEAA@AEBV01@@Z 000000014000fb24 f i libcpmt:xthrow.obj
 0001:0000eb60       ?_Xlength_error@std@@YAXPEBD@Z 000000014000fb60 f   libcpmt:xthrow.obj
 0001:0000eb84       __std_system_error_allocate_message 000000014000fb84 f   libcpmt:syserror_import_lib.obj
 0001:0000ebe4       __std_system_error_deallocate_message 000000014000fbe4 f   libcpmt:syserror_import_lib.obj
 0001:0000ebec       __std_fs_code_page         000000014000fbec f   libcpmt:filesystem.obj
 0001:0000ec14       __std_fs_convert_narrow_to_wide 000000014000fc14 f   libcpmt:filesystem.obj
 0001:0000ec5c       __std_fs_convert_wide_to_narrow_replace_chars 000000014000fc5c f   libcpmt:filesystem.obj
 0001:0000ed28       __std_fs_set_current_path  000000014000fd28 f   libcpmt:filesystem.obj
 0001:0000ed48       ?_Syserror_map@std@@YAPEBDH@Z 000000014000fd48 f   libcpmt:syserror.obj
 0001:0000ed70       ?_Winerror_map@std@@YAHH@Z 000000014000fd70 f   libcpmt:syserror.obj
 0001:0000ed94       strchr                     000000014000fd94 f   libvcruntime:strchr.obj
 0001:0000ee14       __std_exception_copy       000000014000fe14 f   libvcruntime:std_exception.obj
 0001:0000eea4       __std_exception_destroy    000000014000fea4 f   libvcruntime:std_exception.obj
 0001:0000eecc       __vcrt_initialize          000000014000fecc f   libvcruntime:initialization.obj
 0001:0000eef4       __vcrt_uninitialize        000000014000fef4 f   libvcruntime:initialization.obj
 0001:0000ef10       __C_specific_handler       000000014000ff10 f   libvcruntime:riscchandler.obj
 0001:0000f11c       _CxxThrowException         000000014001011c f   libvcruntime:throw.obj
 0001:0000f1bc       __DestructExceptionObject  00000001400101bc f   libvcruntime:ehhelpers.obj
 0001:0000f22c       ?_CallMemberFunction0@@YAXQEAX0@Z 000000014001022c f i libvcruntime:ehhelpers.obj
 0001:0000f230       _IsExceptionObjectToBeDestroyed 0000000140010230 f   libvcruntime:ehhelpers.obj
 0001:0000f260       __AdjustPointer            0000000140010260 f   libvcruntime:ehhelpers.obj
 0001:0000f284       __FrameUnwindFilter        0000000140010284 f   libvcruntime:ehhelpers.obj
 0001:0000f2ec       __current_exception        00000001400102ec f   libvcruntime:ehhelpers.obj
 0001:0000f300       __current_exception_context 0000000140010300 f   libvcruntime:ehhelpers.obj
 0001:0000f314       __std_terminate            0000000140010314 f   libvcruntime:ehhelpers.obj
 0001:0000f330       memset_repmovs             0000000140010330 f   libvcruntime:memset.obj
 0001:0000f350       memset                     0000000140010350 f   libvcruntime:memset.obj
 0001:0000f4e0       __std_type_info_compare    00000001400104e0 f   libvcruntime:std_type_info.obj
 0001:0000f508       __vcrt_freefls             0000000140010508 f   libvcruntime:per_thread_data.obj
 0001:0000f528       __vcrt_getptd              0000000140010528 f   libvcruntime:per_thread_data.obj
 0001:0000f544       __vcrt_getptd_noexit       0000000140010544 f   libvcruntime:per_thread_data.obj
 0001:0000f604       __vcrt_initialize_ptd      0000000140010604 f   libvcruntime:per_thread_data.obj
 0001:0000f64c       __vcrt_uninitialize_ptd    000000014001064c f   libvcruntime:per_thread_data.obj
 0001:0000f670       __vcrt_initialize_locks    0000000140010670 f   libvcruntime:locks.obj
 0001:0000f6a4       __vcrt_uninitialize_locks  00000001400106a4 f   libvcruntime:locks.obj
 0001:0000f6f0       _NLG_Notify                00000001400106f0 f   libvcruntime:notify.obj
 0001:0000f710       __NLG_Dispatch2            0000000140010710 f   libvcruntime:notify.obj
 0001:0000f720       __NLG_Return2              0000000140010720 f   libvcruntime:notify.obj
 0001:0000f724       __except_validate_context_record 0000000140010724 f   libvcruntime:jbcxrval.obj
 0001:0000f8ac       __vcrt_FlsAlloc            00000001400108ac f   libvcruntime:winapi_downlevel.obj
 0001:0000f8f4       __vcrt_FlsFree             00000001400108f4 f   libvcruntime:winapi_downlevel.obj
 0001:0000f93c       __vcrt_FlsGetValue         000000014001093c f   libvcruntime:winapi_downlevel.obj
 0001:0000f984       __vcrt_FlsSetValue         0000000140010984 f   libvcruntime:winapi_downlevel.obj
 0001:0000f9d8       __vcrt_InitializeCriticalSectionEx 00000001400109d8 f   libvcruntime:winapi_downlevel.obj
 0001:0000fa3c       ??$_CallSETranslator@V__FrameHandler3@@@@YAHPEAUEHExceptionRecord@@PEA_KPEAU_CONTEXT@@PEAU_xDISPATCHER_CONTEXT@@PEBU_s_FuncInfo@@K1H@Z 0000000140010a3c f i libvcruntime:risctrnsctrl.obj
 0001:0000fa90       ??$_CallSETranslator@V__FrameHandler4@@@@YAHPEAUEHExceptionRecord@@PEA_KPEAU_CONTEXT@@PEAU_xDISPATCHER_CONTEXT@@PEAUFuncInfo4@FH4@@K1H@Z 0000000140010a90 f i libvcruntime:risctrnsctrl.obj
 0001:0000fae4       ?CatchTryBlock@__FrameHandler3@@SAPEBU_s_TryBlockMapEntry@@PEBU_s_FuncInfo@@H@Z 0000000140010ae4 f   libvcruntime:risctrnsctrl.obj
 0001:0000fb38       ?DecompFuncInfo@FH4@@YA_JPEAEAEAUFuncInfo4@1@_KH_N@Z 0000000140010b38 f i libvcruntime:risctrnsctrl.obj
 0001:0000fc5c       ?ExecutionInCatch@__FrameHandler3@@SA_NPEAU_xDISPATCHER_CONTEXT@@PEBU_s_FuncInfo@@@Z 0000000140010c5c f   libvcruntime:risctrnsctrl.obj
 0001:0000fc88       ?ExecutionInCatch@__FrameHandler4@@SA_NPEAU_xDISPATCHER_CONTEXT@@PEAUFuncInfo4@FH4@@@Z 0000000140010c88 f   libvcruntime:risctrnsctrl.obj
 0001:0000fc90       ?FrameUnwindToEmptyState@__FrameHandler3@@SAXPEA_KPEAU_xDISPATCHER_CONTEXT@@PEBU_s_FuncInfo@@@Z 0000000140010c90 f   libvcruntime:risctrnsctrl.obj
 0001:0000fcf4       ?FrameUnwindToEmptyState@__FrameHandler4@@SAXPEA_KPEAU_xDISPATCHER_CONTEXT@@PEAUFuncInfo4@FH4@@@Z 0000000140010cf4 f   libvcruntime:risctrnsctrl.obj
 0001:0000fd28       ?GetEstablisherFrame@__FrameHandler3@@SAPEA_KPEA_KPEAU_xDISPATCHER_CONTEXT@@PEBU_s_FuncInfo@@0@Z 0000000140010d28 f   libvcruntime:risctrnsctrl.obj
 0001:0000fdf4       ?GetEstablisherFrame@__FrameHandler4@@SAPEA_KPEA_KPEAU_xDISPATCHER_CONTEXT@@PEAUFuncInfo4@FH4@@0@Z 0000000140010df4 f   libvcruntime:risctrnsctrl.obj
 0001:0000fe18       ?GetRangeOfTrysToCheck@__FrameHandler3@@SA?AU?$pair@Viterator@TryBlockMap@__FrameHandler3@@V123@@std@@AEAVTryBlockMap@1@HPEAU_xDISPATCHER_CONTEXT@@PEBU_s_FuncInfo@@H@Z 0000000140010e18 f   libvcruntime:risctrnsctrl.obj
 0001:0000ff58       ?GetRangeOfTrysToCheck@__FrameHandler4@@SA?AU?$pair@Viterator@TryBlockMap4@FH4@@V123@@std@@AEAVTryBlockMap4@FH4@@HPEAU_xDISPATCHER_CONTEXT@@PEAUFuncInfo4@5@H@Z 0000000140010f58 f   libvcruntime:risctrnsctrl.obj
 0001:000100c0       ?UnwindNestedFrames@__FrameHandler3@@SAXPEA_KPEAUEHExceptionRecord@@PEAU_CONTEXT@@0PEAXPEBU_s_FuncInfo@@HHPEBU_s_HandlerType@@PEAU_xDISPATCHER_CONTEXT@@E@Z 00000001400110c0 f   libvcruntime:risctrnsctrl.obj
 0001:000101c4       ?UnwindNestedFrames@__FrameHandler4@@SAXPEA_KPEAUEHExceptionRecord@@PEAU_CONTEXT@@0PEAXPEAUFuncInfo4@FH4@@HHPEAUHandlerType4@5@PEAU_xDISPATCHER_CONTEXT@@E@Z 00000001400111c4 f   libvcruntime:risctrnsctrl.obj
 0001:000102e4       ?setBuffer@TryBlockMap4@FH4@@QEAAXViterator@12@@Z 00000001400112e4 f i libvcruntime:risctrnsctrl.obj
 0001:000104a4       _CreateFrameInfo           00000001400114a4 f   libvcruntime:risctrnsctrl.obj
 0001:000104e0       _FindAndUnlinkFrame        00000001400114e0 f   libvcruntime:risctrnsctrl.obj
 0001:00010534       _GetImageBase              0000000140011534 f   libvcruntime:risctrnsctrl.obj
 0001:00010548       _GetThrowImageBase         0000000140011548 f   libvcruntime:risctrnsctrl.obj
 0001:0001055c       _SetImageBase              000000014001155c f   libvcruntime:risctrnsctrl.obj
 0001:00010574       _SetThrowImageBase         0000000140011574 f   libvcruntime:risctrnsctrl.obj
 0001:0001058c       __CxxFrameHandler3         000000014001158c f   libvcruntime:risctrnsctrl.obj
 0001:00010614       __CxxFrameHandler4         0000000140011614 f   libvcruntime:risctrnsctrl.obj
 0001:000106f0       memcpy_repmovs             00000001400116f0 f   libvcruntime:memcpy.obj
 0001:00010710       memcpy                     0000000140011710 f   libvcruntime:memcpy.obj
 0001:00010710       memmove                    0000000140011710 f   libvcruntime:memcpy.obj
 0001:00010d88       ?GetCurrentState@__FrameHandler3@@SAHPEA_KPEAU_xDISPATCHER_CONTEXT@@PEBU_s_FuncInfo@@@Z 0000000140011d88 f   libvcruntime:ehstate.obj
 0001:00010db0       ?GetUnwindTryBlock@__FrameHandler3@@SAHPEA_KPEAU_xDISPATCHER_CONTEXT@@PEBU_s_FuncInfo@@@Z 0000000140011db0 f   libvcruntime:ehstate.obj
 0001:00010ddc       ?SetState@__FrameHandler3@@SAXPEA_KPEBU_s_FuncInfo@@H@Z 0000000140011ddc f   libvcruntime:ehstate.obj
 0001:00010de8       ?SetUnwindTryBlock@__FrameHandler3@@SAXPEA_KPEAU_xDISPATCHER_CONTEXT@@PEBU_s_FuncInfo@@H@Z 0000000140011de8 f   libvcruntime:ehstate.obj
 0001:00010e24       ?StateFromControlPc@__FrameHandler3@@SAHPEBU_s_FuncInfo@@PEAU_xDISPATCHER_CONTEXT@@@Z 0000000140011e24 f   libvcruntime:ehstate.obj
 0001:00010e2c       ?StateFromControlPc@__FrameHandler4@@SAHPEAUFuncInfo4@FH4@@PEAU_xDISPATCHER_CONTEXT@@@Z 0000000140011e2c f   libvcruntime:ehstate.obj
 0001:00010e34       ?StateFromIp@__FrameHandler3@@SAHPEBU_s_FuncInfo@@PEAU_xDISPATCHER_CONTEXT@@_K@Z 0000000140011e34 f   libvcruntime:ehstate.obj
 0001:00010e9c       ?StateFromIp@__FrameHandler4@@SAHPEAUFuncInfo4@FH4@@PEAU_xDISPATCHER_CONTEXT@@_K@Z 0000000140011e9c f   libvcruntime:ehstate.obj
 0001:00012580       ??$TypeMatchHelper@V__FrameHandler3@@@@YAHPEBU_s_HandlerType@@PEBU_s_CatchableType@@PEBU_s_ThrowInfo@@@Z 0000000140013580 f i libvcruntime:frame.obj
 0001:000126c0       ??$TypeMatchHelper@V__FrameHandler4@@@@YAHPEAUHandlerType4@FH4@@PEBU_s_CatchableType@@PEBU_s_ThrowInfo@@@Z 00000001400136c0 f i libvcruntime:frame.obj
 0001:00012804       ??$__InternalCxxFrameHandler@V__FrameHandler3@@@@YA?AW4_EXCEPTION_DISPOSITION@@PEAUEHExceptionRecord@@PEA_KPEAU_CONTEXT@@PEAU_xDISPATCHER_CONTEXT@@PEBU_s_FuncInfo@@H1E@Z 0000000140013804 f i libvcruntime:frame.obj
 0001:00012a3c       ??$__InternalCxxFrameHandler@V__FrameHandler4@@@@YA?AW4_EXCEPTION_DISPOSITION@@PEAUEHExceptionRecord@@PEA_KPEAU_CONTEXT@@PEAU_xDISPATCHER_CONTEXT@@PEAUFuncInfo4@FH4@@H1E@Z 0000000140013a3c f i libvcruntime:frame.obj
 0001:00012cd0       ??0HandlerMap4@FH4@@QEAA@PEBUTryBlockMapEntry4@1@_KH@Z 0000000140013cd0 f i libvcruntime:frame.obj
 0001:00012d4c       ??0TryBlockMap4@FH4@@QEAA@PEBUFuncInfo4@1@_K@Z 0000000140013d4c f i libvcruntime:frame.obj
 0001:00012e24       ??0bad_exception@std@@QEAA@AEBV01@@Z 0000000140013e24 f i libvcruntime:frame.obj
 0001:00012e60       ??0bad_exception@std@@QEAA@XZ 0000000140013e60 f i libvcruntime:frame.obj
 0001:00012e80       ?CxxCallCatchBlock@__FrameHandler3@@SAPEAXPEAU_EXCEPTION_RECORD@@@Z 0000000140013e80 f   libvcruntime:frame.obj
 0001:0001306c       ?CxxCallCatchBlock@__FrameHandler4@@SAPEAXPEAU_EXCEPTION_RECORD@@@Z 000000014001406c f   libvcruntime:frame.obj
 0001:000132bc       ?DecompHandler@HandlerMap4@FH4@@AEAAXXZ 00000001400142bc f i libvcruntime:frame.obj
 0001:000134fc       ?FrameUnwindToState@__FrameHandler3@@SAXPEA_KPEAU_xDISPATCHER_CONTEXT@@PEBU_s_FuncInfo@@H@Z 00000001400144fc f   libvcruntime:frame.obj
 0001:00013688       ?FrameUnwindToState@__FrameHandler4@@SAXPEA_KPEAU_xDISPATCHER_CONTEXT@@PEAUFuncInfo4@FH4@@H@Z 0000000140014688 f   libvcruntime:frame.obj
 0001:00013970       ?GetHandlerSearchState@__FrameHandler3@@SAHPEA_KPEAU_xDISPATCHER_CONTEXT@@PEBU_s_FuncInfo@@@Z 0000000140014970 f i libvcruntime:frame.obj
 0001:00013b80       ?ReadEntry@UWMap4@FH4@@AEAAXPEAPEAE@Z 0000000140014b80 f i libvcruntime:frame.obj
 0001:00013c20       ?_CallMemberFunction1@@YAXQEAX00@Z 0000000140014c20 f i libvcruntime:frame.obj
 0001:00013c2c       ?_CallMemberFunction2@@YAXQEAX00H@Z 0000000140014c2c f i libvcruntime:frame.obj
 0001:00013c3c       ?getStartStop@UWMap4@FH4@@QEAAXHHAEAViterator@12@0@Z 0000000140014c3c f i libvcruntime:frame.obj
 0001:00013d0c       ?getStateFromIterators@UWMap4@FH4@@SAHAEBViterator@12@H0H0@Z 0000000140014d0c f i libvcruntime:frame.obj
 0001:00013df0       _CallSettingFrame          0000000140014df0 f   libvcruntime:handlers.obj
 0001:00013e40       _CallSettingFrame_LookupContinuationIndex 0000000140014e40 f   libvcruntime:handlers.obj
 0001:00013e70       _CallSettingFrame_NotifyContinuationAddr 0000000140014e70 f   libvcruntime:handlers.obj
 0001:00013ea0       _CallSettingFrameEncoded   0000000140014ea0 f   libvcruntime:handlers.obj
 0001:00013fa4       fopen                      0000000140014fa4 f   libucrt:fopen.obj
 0001:00013fb0       __acrt_initialize_stdio    0000000140014fb0 f   libucrt:_file.obj
 0001:000140d0       __acrt_iob_func            00000001400150d0 f   libucrt:_file.obj
 0001:000140e4       __acrt_uninitialize_stdio  00000001400150e4 f   libucrt:_file.obj
 0001:00014140       _lock_file                 0000000140015140 f   libucrt:_file.obj
 0001:0001414c       _unlock_file               000000014001514c f   libucrt:_file.obj
 0001:0001427c       ?get_raw_ptd@__crt_cached_ptd_host@@QEAAPEAU__acrt_ptd@@XZ 000000014001527c f i libucrt:fclose.obj
 0001:000142e4       fclose                     00000001400152e4 f   libucrt:fclose.obj
 0001:0001437c       realloc                    000000014001537c f   libucrt:realloc.obj
 0001:000143c4       ??$ensure_buffer_is_big_enough@D@formatting_buffer@__crt_stdio_output@@QEAA_N_KAEAV__crt_cached_ptd_host@@@Z 00000001400153c4 f i libucrt:output.obj
 0001:0001446c       ??$parse_integer@KV?$c_string_character_source@D@__crt_strtox@@$0A@@__crt_strtox@@YAKAEAV__crt_cached_ptd_host@@V?$c_string_character_source@D@0@H_N@Z 000000014001546c f i libucrt:output.obj
 0001:00014720       ??$type_case_integer@$07@?$output_processor@DV?$stream_output_adapter@D@__crt_stdio_output@@V?$standard_base@DV?$stream_output_adapter@D@__crt_stdio_output@@@2@@__crt_stdio_output@@AEAA_N_N@Z 0000000140015720 f i libucrt:output.obj
 0001:00014720       ??$type_case_integer@$07@?$output_processor@DV?$string_output_adapter@D@__crt_stdio_output@@V?$standard_base@DV?$string_output_adapter@D@__crt_stdio_output@@@2@@__crt_stdio_output@@AEAA_N_N@Z 0000000140015720 f i libucrt:output.obj
 0001:00014924       ??$type_case_integer@$09@?$output_processor@DV?$stream_output_adapter@D@__crt_stdio_output@@V?$standard_base@DV?$stream_output_adapter@D@__crt_stdio_output@@@2@@__crt_stdio_output@@AEAA_N_N@Z 0000000140015924 f i libucrt:output.obj
 0001:00014924       ??$type_case_integer@$09@?$output_processor@DV?$string_output_adapter@D@__crt_stdio_output@@V?$standard_base@DV?$string_output_adapter@D@__crt_stdio_output@@@2@@__crt_stdio_output@@AEAA_N_N@Z 0000000140015924 f i libucrt:output.obj
 0001:00014b28       ??$type_case_integer@$0BA@@?$output_processor@DV?$string_output_adapter@D@__crt_stdio_output@@V?$standard_base@DV?$string_output_adapter@D@__crt_stdio_output@@@2@@__crt_stdio_output@@AEAA_N_N@Z 0000000140015b28 f i libucrt:output.obj
 0001:00014b28       ??$type_case_integer@$0BA@@?$output_processor@DV?$stream_output_adapter@D@__crt_stdio_output@@V?$standard_base@DV?$stream_output_adapter@D@__crt_stdio_output@@@2@@__crt_stdio_output@@AEAA_N_N@Z 0000000140015b28 f i libucrt:output.obj
 0001:00014d2c       ??$type_case_integer_parse_into_buffer@I$07@?$output_processor@DV?$string_output_adapter@D@__crt_stdio_output@@V?$standard_base@DV?$string_output_adapter@D@__crt_stdio_output@@@2@@__crt_stdio_output@@AEAAXI_N@Z 0000000140015d2c f i libucrt:output.obj
 0001:00014d2c       ??$type_case_integer_parse_into_buffer@I$07@?$output_processor@DV?$stream_output_adapter@D@__crt_stdio_output@@V?$standard_base@DV?$stream_output_adapter@D@__crt_stdio_output@@@2@@__crt_stdio_output@@AEAAXI_N@Z 0000000140015d2c f i libucrt:output.obj
 0001:00014d9c       ??$type_case_integer_parse_into_buffer@I$09@?$output_processor@DV?$string_output_adapter@D@__crt_stdio_output@@V?$standard_base@DV?$string_output_adapter@D@__crt_stdio_output@@@2@@__crt_stdio_output@@AEAAXI_N@Z 0000000140015d9c f i libucrt:output.obj
 0001:00014d9c       ??$type_case_integer_parse_into_buffer@I$09@?$output_processor@DV?$stream_output_adapter@D@__crt_stdio_output@@V?$standard_base@DV?$stream_output_adapter@D@__crt_stdio_output@@@2@@__crt_stdio_output@@AEAAXI_N@Z 0000000140015d9c f i libucrt:output.obj
 0001:00014e48       ??$type_case_integer_parse_into_buffer@I$0BA@@?$output_processor@DV?$stream_output_adapter@D@__crt_stdio_output@@V?$standard_base@DV?$stream_output_adapter@D@__crt_stdio_output@@@2@@__crt_stdio_output@@AEAAXI_N@Z 0000000140015e48 f i libucrt:output.obj
 0001:00014e48       ??$type_case_integer_parse_into_buffer@I$0BA@@?$output_processor@DV?$string_output_adapter@D@__crt_stdio_output@@V?$standard_base@DV?$string_output_adapter@D@__crt_stdio_output@@@2@@__crt_stdio_output@@AEAAXI_N@Z 0000000140015e48 f i libucrt:output.obj
 0001:00014ecc       ??$type_case_integer_parse_into_buffer@_K$07@?$output_processor@DV?$string_output_adapter@D@__crt_stdio_output@@V?$standard_base@DV?$string_output_adapter@D@__crt_stdio_output@@@2@@__crt_stdio_output@@AEAAX_K_N@Z 0000000140015ecc f i libucrt:output.obj
 0001:00014ecc       ??$type_case_integer_parse_into_buffer@_K$07@?$output_processor@DV?$stream_output_adapter@D@__crt_stdio_output@@V?$standard_base@DV?$stream_output_adapter@D@__crt_stdio_output@@@2@@__crt_stdio_output@@AEAAX_K_N@Z 0000000140015ecc f i libucrt:output.obj
 0001:00014f3c       ??$type_case_integer_parse_into_buffer@_K$09@?$output_processor@DV?$stream_output_adapter@D@__crt_stdio_output@@V?$standard_base@DV?$stream_output_adapter@D@__crt_stdio_output@@@2@@__crt_stdio_output@@AEAAX_K_N@Z 0000000140015f3c f i libucrt:output.obj
 0001:00014f3c       ??$type_case_integer_parse_into_buffer@_K$09@?$output_processor@DV?$string_output_adapter@D@__crt_stdio_output@@V?$standard_base@DV?$string_output_adapter@D@__crt_stdio_output@@@2@@__crt_stdio_output@@AEAAX_K_N@Z 0000000140015f3c f i libucrt:output.obj
 0001:00014fec       ??$type_case_integer_parse_into_buffer@_K$0BA@@?$output_processor@DV?$stream_output_adapter@D@__crt_stdio_output@@V?$standard_base@DV?$stream_output_adapter@D@__crt_stdio_output@@@2@@__crt_stdio_output@@AEAAX_K_N@Z 0000000140015fec f i libucrt:output.obj
 0001:00014fec       ??$type_case_integer_parse_into_buffer@_K$0BA@@?$output_processor@DV?$string_output_adapter@D@__crt_stdio_output@@V?$standard_base@DV?$string_output_adapter@D@__crt_stdio_output@@@2@@__crt_stdio_output@@AEAAX_K_N@Z 0000000140015fec f i libucrt:output.obj
 0001:0001518c       ?crop_zeroes@__crt_stdio_output@@YAXPEADQEAU__crt_locale_pointers@@@Z 000000014001618c f i libucrt:output.obj
 0001:000151f8       ?parse_int_from_format_string@?$output_processor@DV?$stream_output_adapter@D@__crt_stdio_output@@V?$standard_base@DV?$stream_output_adapter@D@__crt_stdio_output@@@2@@__crt_stdio_output@@AEAA_NQEAH@Z 00000001400161f8 f i libucrt:output.obj
 0001:000151f8       ?parse_int_from_format_string@?$output_processor@DV?$string_output_adapter@D@__crt_stdio_output@@V?$standard_base@DV?$string_output_adapter@D@__crt_stdio_output@@@2@@__crt_stdio_output@@AEAA_NQEAH@Z 00000001400161f8 f i libucrt:output.obj
 0001:00015288       ?process@?$output_processor@DV?$stream_output_adapter@D@__crt_stdio_output@@V?$standard_base@DV?$stream_output_adapter@D@__crt_stdio_output@@@2@@__crt_stdio_output@@QEAAHXZ 0000000140016288 f i libucrt:output.obj
 0001:00015620       ?process@?$output_processor@DV?$string_output_adapter@D@__crt_stdio_output@@V?$standard_base@DV?$string_output_adapter@D@__crt_stdio_output@@@2@@__crt_stdio_output@@QEAAHXZ 0000000140016620 f i libucrt:output.obj
 0001:000159a0       ?state_case_size@?$output_processor@DV?$stream_output_adapter@D@__crt_stdio_output@@V?$standard_base@DV?$stream_output_adapter@D@__crt_stdio_output@@@2@@__crt_stdio_output@@AEAA_NXZ 00000001400169a0 f i libucrt:output.obj
 0001:00015b28       ?state_case_size@?$output_processor@DV?$string_output_adapter@D@__crt_stdio_output@@V?$standard_base@DV?$string_output_adapter@D@__crt_stdio_output@@@2@@__crt_stdio_output@@AEAA_NXZ 0000000140016b28 f i libucrt:output.obj
 0001:00015cb0       ?state_case_type@?$output_processor@DV?$stream_output_adapter@D@__crt_stdio_output@@V?$standard_base@DV?$stream_output_adapter@D@__crt_stdio_output@@@2@@__crt_stdio_output@@AEAA_NXZ 0000000140016cb0 f i libucrt:output.obj
 0001:000160e8       ?state_case_type@?$output_processor@DV?$string_output_adapter@D@__crt_stdio_output@@V?$standard_base@DV?$string_output_adapter@D@__crt_stdio_output@@@2@@__crt_stdio_output@@AEAA_NXZ 00000001400170e8 f i libucrt:output.obj
 0001:000164ec       ?type_case_Z@?$output_processor@DV?$stream_output_adapter@D@__crt_stdio_output@@V?$standard_base@DV?$stream_output_adapter@D@__crt_stdio_output@@@2@@__crt_stdio_output@@AEAA_NXZ 00000001400174ec f i libucrt:output.obj
 0001:000164ec       ?type_case_Z@?$output_processor@DV?$string_output_adapter@D@__crt_stdio_output@@V?$standard_base@DV?$string_output_adapter@D@__crt_stdio_output@@@2@@__crt_stdio_output@@AEAA_NXZ 00000001400174ec f i libucrt:output.obj
 0001:00016568       ?type_case_a@?$output_processor@DV?$stream_output_adapter@D@__crt_stdio_output@@V?$standard_base@DV?$stream_output_adapter@D@__crt_stdio_output@@@2@@__crt_stdio_output@@AEAA_NXZ 0000000140017568 f i libucrt:output.obj
 0001:00016568       ?type_case_a@?$output_processor@DV?$string_output_adapter@D@__crt_stdio_output@@V?$standard_base@DV?$string_output_adapter@D@__crt_stdio_output@@@2@@__crt_stdio_output@@AEAA_NXZ 0000000140017568 f i libucrt:output.obj
 0001:000167bc       ?type_case_c_tchar@?$output_processor@DV?$string_output_adapter@D@__crt_stdio_output@@V?$standard_base@DV?$string_output_adapter@D@__crt_stdio_output@@@2@@__crt_stdio_output@@AEAA_ND@Z 00000001400177bc f i libucrt:output.obj
 0001:000167bc       ?type_case_c_tchar@?$output_processor@DV?$stream_output_adapter@D@__crt_stdio_output@@V?$standard_base@DV?$stream_output_adapter@D@__crt_stdio_output@@@2@@__crt_stdio_output@@AEAA_ND@Z 00000001400177bc f i libucrt:output.obj
 0001:00016890       ?type_case_n@?$output_processor@DV?$stream_output_adapter@D@__crt_stdio_output@@V?$standard_base@DV?$stream_output_adapter@D@__crt_stdio_output@@@2@@__crt_stdio_output@@AEAA_NXZ 0000000140017890 f i libucrt:output.obj
 0001:00016890       ?type_case_n@?$output_processor@DV?$string_output_adapter@D@__crt_stdio_output@@V?$standard_base@DV?$string_output_adapter@D@__crt_stdio_output@@@2@@__crt_stdio_output@@AEAA_NXZ 0000000140017890 f i libucrt:output.obj
 0001:00016948       ?type_case_s@?$output_processor@DV?$stream_output_adapter@D@__crt_stdio_output@@V?$standard_base@DV?$stream_output_adapter@D@__crt_stdio_output@@@2@@__crt_stdio_output@@AEAA_NXZ 0000000140017948 f i libucrt:output.obj
 0001:00016948       ?type_case_s@?$output_processor@DV?$string_output_adapter@D@__crt_stdio_output@@V?$standard_base@DV?$string_output_adapter@D@__crt_stdio_output@@@2@@__crt_stdio_output@@AEAA_NXZ 0000000140017948 f i libucrt:output.obj
 0001:000169f0       ?update_locale_slow@__crt_cached_ptd_host@@AEAAXXZ 00000001400179f0 f i libucrt:output.obj
 0001:00016a68       ?validate_stream_is_ansi_if_required@?$__acrt_stdio_char_traits@D@@SA_NQEAU_iobuf@@@Z 0000000140017a68 f i libucrt:output.obj
 0001:00016b04       ?write_string@?$string_output_adapter@D@__crt_stdio_output@@QEBAXQEBDHQEAHAEAV__crt_cached_ptd_host@@@Z 0000000140017b04 f i libucrt:output.obj
 0001:00016ba8       ?write_string_impl@?$output_adapter_common@DV?$stream_output_adapter@D@__crt_stdio_output@@@__crt_stdio_output@@IEBAXQEBDHQEAHAEAV__crt_cached_ptd_host@@@Z 0000000140017ba8 f i libucrt:output.obj
 0001:00016c74       __stdio_common_vfprintf    0000000140017c74 f   libucrt:output.obj
 0001:00016d98       __stdio_common_vsprintf    0000000140017d98 f   libucrt:output.obj
 0001:00017000       strncpy                    0000000140018000 f   libucrt:strncpy.obj
 0001:00017170       isalnum                    0000000140018170 f   libucrt:_ctype.obj
 0001:0001721c       ??$__acrt_convert_wcs_mbs_cp@D_WV<lambda_7c9dea7b4ca7285d2cdb541a38da6275>@@U__crt_win32_buffer_internal_dynamic_resizing@@@@YAHQEBDAEAV?$__crt_win32_buffer@_WU__crt_win32_buffer_internal_dynamic_resizing@@@@AEBV<lambda_7c9dea7b4ca7285d2cdb541a38da6275>@@I@Z 000000014001821c f i libucrt:stat.obj
 0001:00017734       ??0_LocaleUpdate@@QEAA@QEAU__crt_locale_pointers@@@Z 0000000140018734 f i libucrt:stat.obj
 0001:00017b20       _stat64i32                 0000000140018b20 f   libucrt:stat.obj
 0001:00017c40       strncmp                    0000000140018c40 f   libucrt:strncmp.obj
 0001:00017d80       _fwrite_internal           0000000140018d80 f   libucrt:fwrite.obj
 0001:00017e1c       _fwrite_nolock_internal    0000000140018e1c f   libucrt:fwrite.obj
 0001:00018030       fwrite                     0000000140019030 f   libucrt:fwrite.obj
 0001:000180d4       free                       00000001400190d4 f   libucrt:free.obj
 0001:00018100       strncat                    0000000140019100 f   libucrt:strncat.obj
 0001:00018298       _mkdir                     0000000140019298 f   libucrt:mkdir.obj
 0001:0001837c       _fread_nolock_s            000000014001937c f   libucrt:fread.obj
 0001:000185dc       fread                      00000001400195dc f   libucrt:fread.obj
 0001:000185fc       fread_s                    00000001400195fc f   libucrt:fread.obj
 0001:000186a4       malloc                     00000001400196a4 f   libucrt:malloc.obj
 0001:000186ac       ?get_raw_ptd_noexit@__crt_cached_ptd_host@@QEAAPEAU__acrt_ptd@@XZ 00000001400196ac f i libucrt:invalid_parameter.obj
 0001:00018718       ?value@?$dual_state_global@P6AXPEB_W00I_K@Z@__crt_state_management@@QEAAAEAP6AXPEB_W00I_K@ZAEAV__crt_cached_ptd_host@@@Z 0000000140019718 f i libucrt:invalid_parameter.obj
 0001:00018764       __acrt_call_reportfault    0000000140019764 f   libucrt:invalid_parameter.obj
 0001:000188c0       __acrt_initialize_invalid_parameter_handler 00000001400198c0 f   libucrt:invalid_parameter.obj
 0001:000188c8       _invalid_parameter         00000001400198c8 f   libucrt:invalid_parameter.obj
 0001:00018964       _invalid_parameter_internal 0000000140019964 f   libucrt:invalid_parameter.obj
 0001:00018a30       _invalid_parameter_noinfo  0000000140019a30 f   libucrt:invalid_parameter.obj
 0001:00018a50       _invalid_parameter_noinfo_noreturn 0000000140019a50 f   libucrt:invalid_parameter.obj
 0001:00018a80       _invoke_watson             0000000140019a80 f   libucrt:invalid_parameter.obj
 0001:00018ac8       _aligned_free              0000000140019ac8 f   libucrt:align.obj
 0001:00018ae4       _aligned_malloc            0000000140019ae4 f   libucrt:align.obj
 0001:00018b64       roundf                     0000000140019b64 f   libucrt:roundf.obj
 0001:00018bcc       _clearfp                   0000000140019bcc f   libucrt:ieee.obj
 0001:00018c38       _control87                 0000000140019c38 f   libucrt:ieee.obj
 0001:00018c40       _controlfp                 0000000140019c40 f   libucrt:ieee.obj
 0001:00018ee8       __acrt_initialize_new_handler 0000000140019ee8 f   libucrt:new_handler.obj
 0001:00018ef0       _callnewh                  0000000140019ef0 f   libucrt:new_handler.obj
 0001:00018f30       _query_new_handler         0000000140019f30 f   libucrt:new_handler.obj
 0001:00018f68       _seh_filter_exe            0000000140019f68 f   libucrt:exception_filter.obj
 0001:00019380       __acrt_initialize_thread_local_exit_callback 000000014001a380 f   libucrt:exit.obj
 0001:00019388       _c_exit                    000000014001a388 f   libucrt:exit.obj
 0001:00019398       _cexit                     000000014001a398 f   libucrt:exit.obj
 0001:000193a8       _exit                      000000014001a3a8 f   libucrt:exit.obj
 0001:000193b4       _register_thread_local_exe_atexit_callback 000000014001a3b4 f   libucrt:exit.obj
 0001:000193f4       exit                       000000014001a3f4 f   libucrt:exit.obj
 0001:000195c8       __acrt_allocate_buffer_for_argv 000000014001a5c8 f   libucrt:argv_parsing.obj
 0001:00019628       _configure_narrow_argv     000000014001a628 f   libucrt:argv_parsing.obj
 0001:00019bf8       __dcrt_get_or_create_wide_environment_nolock 000000014001abf8 f   libucrt:environment_initialization.obj
 0001:00019c34       __dcrt_uninitialize_environments_nolock 000000014001ac34 f   libucrt:environment_initialization.obj
 0001:00019c78       _initialize_narrow_environment 000000014001ac78 f   libucrt:environment_initialization.obj
 0001:00019fc8       _crt_atexit                000000014001afc8 f   libucrt:onexit.obj
 0001:00019fd8       _execute_onexit_table      000000014001afd8 f   libucrt:onexit.obj
 0001:0001a01c       _initialize_onexit_table   000000014001b01c f   libucrt:onexit.obj
 0001:0001a044       _register_onexit_function  000000014001b044 f   libucrt:onexit.obj
 0001:0001a1b8       __acrt_initialize          000000014001b1b8 f   libucrt:initialization.obj
 0001:0001a1cc       __acrt_uninitialize        000000014001b1cc f   libucrt:initialization.obj
 0001:0001a204       _query_app_type            000000014001b204 f   libucrt:report_runtime_error.obj
 0001:0001a20c       _set_app_type              000000014001b20c f   libucrt:report_runtime_error.obj
 0001:0001a214       __acrt_has_user_matherr    000000014001b214 f   libucrt:matherr.obj
 0001:0001a234       __acrt_initialize_user_matherr 000000014001b234 f   libucrt:matherr.obj
 0001:0001a23c       __acrt_invoke_user_matherr 000000014001b23c f   libucrt:matherr.obj
 0001:0001a278       __setusermatherr           000000014001b278 f   libucrt:matherr.obj
 0001:0001a2a0       _get_narrow_winmain_command_line 000000014001b2a0 f   libucrt:argv_winmain.obj
 0001:0001a310       _initterm                  000000014001b310 f   libucrt:initterm.obj
 0001:0001a354       _initterm_e                000000014001b354 f   libucrt:initterm.obj
 0001:0001a39c       _get_fmode                 000000014001b39c f   libucrt:setmode.obj
 0001:0001a3cc       _set_fmode                 000000014001b3cc f   libucrt:setmode.obj
 0001:0001a40c       _setmode_nolock            000000014001b40c f   libucrt:setmode.obj
 0001:0001a560       __acrt_set_locale_changed  000000014001b560 f   libucrt:wsetlocale.obj
 0001:0001a56c       __acrt_uninitialize_locale 000000014001b56c f   libucrt:wsetlocale.obj
 0001:0001a59c       _configthreadlocale        000000014001b59c f   libucrt:wsetlocale.obj
 0001:0001a608       _query_new_mode            000000014001b608 f   libucrt:new_mode.obj
 0001:0001a610       _set_new_mode              000000014001b610 f   libucrt:new_mode.obj
 0001:0001a63c       __p__commode               000000014001b63c f   libucrt:ncommode.obj
 0001:0001a644       terminate                  000000014001b644 f   libucrt:terminate.obj
 0001:0001a670       strdup                     000000014001b670 f   libucrt:strdup.obj
 0001:0001a670       _strdup                    000000014001b670 f   libucrt:strdup.obj
 0001:0001a6e8       ___lc_codepage_func        000000014001b6e8 f   libucrt:initctype.obj
 0001:0001a718       strcpy_s                   000000014001b718 f   libucrt:strcpy_s.obj
 0001:0001a778       abort                      000000014001b778 f   libucrt:abort.obj
 0001:0001a7d0       calloc                     000000014001b7d0 f   libucrt:calloc.obj
 0001:0001a7d8       ??$parse_integer@KV?$c_string_character_source@_W@__crt_strtox@@$00@__crt_strtox@@YAKAEAV__crt_cached_ptd_host@@V?$c_string_character_source@_W@0@H_N@Z 000000014001b7d8 f i libucrt:atox.obj
 0001:0001af74       wcsncmp                    000000014001bf74 f   libucrt:wcsncmp.obj
 0001:0001afa0       __acrt_errno_from_os_error 000000014001bfa0 f   libucrt:errno.obj
 0001:0001afe8       __acrt_errno_map_os_error  000000014001bfe8 f   libucrt:errno.obj
 0001:0001b030       __acrt_errno_map_os_error_ptd 000000014001c030 f   libucrt:errno.obj
 0001:0001b054       __doserrno                 000000014001c054 f   libucrt:errno.obj
 0001:0001b074       _errno                     000000014001c074 f   libucrt:errno.obj
 0001:0001b094       ?__acrt_stdio_allocate_stream@@YA?AV__crt_stdio_stream@@XZ 000000014001c094 f   libucrt:stream.obj
 0001:0001b0ec       ?__acrt_stdio_free_stream@@YAXV__crt_stdio_stream@@@Z 000000014001c0ec f   libucrt:stream.obj
 0001:0001b1f4       ??$__acrt_stdio_parse_mode@D@@YA?AU__acrt_stdio_stream_mode@@QEBD@Z 000000014001c1f4 f i libucrt:openfile.obj
 0001:0001b4b8       _openfile                  000000014001c4b8 f   libucrt:openfile.obj
 0001:0001b554       _calloc_base               000000014001c554 f   libucrt:calloc_base.obj
 0001:0001b5cc       _free_base                 000000014001c5cc f   libucrt:free_base.obj
 0001:0001b7c4       __acrt_AppPolicyGetProcessTerminationMethodInternal 000000014001c7c4 f   libucrt:winapi_thunks.obj
 0001:0001b81c       __acrt_AreFileApisANSI     000000014001c81c f   libucrt:winapi_thunks.obj
 0001:0001b860       __acrt_CompareStringEx     000000014001c860 f   libucrt:winapi_thunks.obj
 0001:0001b94c       __acrt_FlsAlloc            000000014001c94c f   libucrt:winapi_thunks.obj
 0001:0001b954       __acrt_FlsFree             000000014001c954 f   libucrt:winapi_thunks.obj
 0001:0001b95c       __acrt_FlsGetValue         000000014001c95c f   libucrt:winapi_thunks.obj
 0001:0001b964       __acrt_FlsSetValue         000000014001c964 f   libucrt:winapi_thunks.obj
 0001:0001b96c       __acrt_InitializeCriticalSectionEx 000000014001c96c f   libucrt:winapi_thunks.obj
 0001:0001b9dc       __acrt_LCMapStringEx       000000014001c9dc f   libucrt:winapi_thunks.obj
 0001:0001bac8       __acrt_LocaleNameToLCID    000000014001cac8 f   libucrt:winapi_thunks.obj
 0001:0001bb28       __acrt_initialize_winapi_thunks 000000014001cb28 f   libucrt:winapi_thunks.obj
 0001:0001bb4c       __acrt_uninitialize_winapi_thunks 000000014001cb4c f   libucrt:winapi_thunks.obj
 0001:0001bb90       _fcloseall                 000000014001cb90 f   libucrt:closeall.obj
 0001:0001be24       __acrt_stdio_flush_nolock  000000014001ce24 f   libucrt:fflush.obj
 0001:0001beb0       _fflush_nolock             000000014001ceb0 f   libucrt:fflush.obj
 0001:0001bf84       _flushall                  000000014001cf84 f   libucrt:fflush.obj
 0001:0001bf8c       __acrt_stdio_free_buffer_nolock 000000014001cf8c f   libucrt:_freebuf.obj
 0001:0001c1c8       __acrt_initialize_lowio    000000014001d1c8 f   libucrt:ioinit.obj
 0001:0001c204       __acrt_uninitialize_lowio  000000014001d204 f   libucrt:ioinit.obj
 0001:0001c244       _fileno                    000000014001d244 f   libucrt:fileno.obj
 0001:0001c2e4       _close_internal            000000014001d2e4 f   libucrt:close.obj
 0001:0001c3a8       _close_nolock              000000014001d3a8 f   libucrt:close.obj
 0001:0001c440       _close_nolock_internal     000000014001d440 f   libucrt:close.obj
 0001:0001c888       __acrt_getptd              000000014001d888 f   libucrt:per_thread_data.obj
 0001:0001c95c       __acrt_getptd_head         000000014001d95c f   libucrt:per_thread_data.obj
 0001:0001ca00       __acrt_getptd_noexit       000000014001da00 f   libucrt:per_thread_data.obj
 0001:0001cac8       __acrt_getptd_noexit_explicit 000000014001dac8 f   libucrt:per_thread_data.obj
 0001:0001cb88       __acrt_initialize_ptd      000000014001db88 f   libucrt:per_thread_data.obj
 0001:0001cbc4       __acrt_uninitialize_ptd    000000014001dbc4 f   libucrt:per_thread_data.obj
 0001:0001cbe8       _realloc_base              000000014001dbe8 f   libucrt:realloc_base.obj
 0001:0001cc64       _malloc_base               000000014001dc64 f   libucrt:malloc_base.obj
 0001:0001ccc4       strnlen                    000000014001dcc4 f   libucrt:strnlen.obj
 0001:0001ce14       wcsnlen                    000000014001de14 f   libucrt:strnlen.obj
 0001:0001cfec       __acrt_update_locale_info  000000014001dfec f   libucrt:locale_update.obj
 0001:0001d020       __acrt_update_locale_info_explicit 000000014001e020 f   libucrt:locale_update.obj
 0001:0001d058       __acrt_update_multibyte_info 000000014001e058 f   libucrt:locale_update.obj
 0001:0001d08c       __acrt_update_multibyte_info_explicit 000000014001e08c f   libucrt:locale_update.obj
 0001:0001dbd8       __acrt_fp_format           000000014001ebd8 f   libucrt:cvt.obj
 0001:0001dec0       _wctomb_internal           000000014001eec0 f   libucrt:wctomb.obj
 0001:0001e070       _mbtowc_internal           000000014001f070 f   libucrt:mbtowc.obj
 0001:0001e1e8       _get_printf_count_output   000000014001f1e8 f   libucrt:printf_count_output.obj
 0001:0001e200       _fputc_nolock_internal     000000014001f200 f   libucrt:fputc.obj
 0001:0001e218       __acrt_should_use_temporary_buffer 000000014001f218 f   libucrt:_sftbuf.obj
 0001:0001e264       __acrt_stdio_begin_temporary_buffering_nolock 000000014001f264 f   libucrt:_sftbuf.obj
 0001:0001e32c       __acrt_stdio_end_temporary_buffering_nolock 000000014001f32c f   libucrt:_sftbuf.obj
 0001:0001e36c       _isctype_l                 000000014001f36c f   libucrt:isctype.obj
 0001:0001e474       _getdrive                  000000014001f474 f   libucrt:drive.obj
 0001:0001e56c       ??$__acrt_convert_wcs_mbs_cp@_WDV<lambda_f788ae46380686e8b737efdd8c720d07>@@U__crt_win32_buffer_no_resizing@@@@YAHQEB_WAEAV?$__crt_win32_buffer@DU__crt_win32_buffer_no_resizing@@@@AEBV<lambda_f788ae46380686e8b737efdd8c720d07>@@I@Z 000000014001f56c f i libucrt:fullpath.obj
 0001:0001e688       ??$call_win32_function@V<lambda_17b8e77e04f0039ff1429d79b8271fa1>@@@?$__crt_win32_buffer@_WU__crt_win32_buffer_no_resizing@@@@QEAAHAEBV<lambda_17b8e77e04f0039ff1429d79b8271fa1>@@@Z 000000014001f688 f i libucrt:fullpath.obj
 0001:0001e6fc       ??$call_win32_function@V<lambda_1a60cddbd8640ed4c95e91b82cd9827b>@@@?$__crt_win32_buffer@_WU__crt_win32_buffer_public_dynamic_resizing@@@@QEAAHAEBV<lambda_1a60cddbd8640ed4c95e91b82cd9827b>@@@Z 000000014001f6fc f i libucrt:fullpath.obj
 0001:0001e7d4       ?detach@?$__crt_win32_buffer@_WU__crt_win32_buffer_public_dynamic_resizing@@@@QEAAPEA_WXZ 000000014001f7d4 f i libucrt:fullpath.obj
 0001:0001e8b8       _wfullpath                 000000014001f8b8 f   libucrt:fullpath.obj
 0001:0001e96c       wcspbrk                    000000014001f96c f   libucrt:wcspbrk.obj
 0001:0001e9a0       __ascii_wcsicmp            000000014001f9a0 f   libucrt:wcsicmp.obj
 0001:0001e9e0       _wcsicmp                   000000014001f9e0 f   libucrt:wcsicmp.obj
 0001:0001ea28       _wcsicmp_l                 000000014001fa28 f   libucrt:wcsicmp.obj
 0001:0001eb5c       __acrt_MultiByteToWideChar 000000014001fb5c f   libucrt:multibytetowidechar.obj
 0001:0001ebec       __acrt_lowio_create_handle_array 000000014001fbec f   libucrt:osfinfo.obj
 0001:0001ec94       __acrt_lowio_destroy_handle_array 000000014001fc94 f   libucrt:osfinfo.obj
 0001:0001ece4       __acrt_lowio_ensure_fh_exists 000000014001fce4 f   libucrt:osfinfo.obj
 0001:0001ed8c       __acrt_lowio_lock_fh       000000014001fd8c f   libucrt:osfinfo.obj
 0001:0001edb4       __acrt_lowio_set_os_handle 000000014001fdb4 f   libucrt:osfinfo.obj
 0001:0001ee74       __acrt_lowio_unlock_fh     000000014001fe74 f   libucrt:osfinfo.obj
 0001:0001ee9c       _alloc_osfhnd              000000014001fe9c f   libucrt:osfinfo.obj
 0001:0001efdc       _free_osfhnd               000000014001ffdc f   libucrt:osfinfo.obj
 0001:0001f098       _get_osfhandle             0000000140020098 f   libucrt:osfinfo.obj
 0001:0001f110       ??$__crt_time_is_leap_year@H@@YA_NH@Z 0000000140020110 f i libucrt:loctotime.obj
 0001:0001f3a0       __loctotime64_t            00000001400203a0 f   libucrt:loctotime.obj
 0001:0001fbb0       _write                     0000000140020bb0 f   libucrt:write.obj
 0001:0001fc48       _write_internal            0000000140020c48 f   libucrt:write.obj
 0001:0001fd68       _write_nolock              0000000140020d68 f   libucrt:write.obj
 0001:000201e4       __acrt_stdio_flush_and_write_narrow_nolock 00000001400211e4 f   libucrt:_flsbuf.obj
 0001:000202b0       _wmkdir                    00000001400212b0 f   libucrt:wmkdir.obj
 0001:00020764       _read                      0000000140021764 f   libucrt:read.obj
 0001:00020884       _read_nolock               0000000140021884 f   libucrt:read.obj
 0001:00020cd4       __acrt_stdio_refill_and_read_narrow_nolock 0000000140021cd4 f   libucrt:_filbuf.obj
 0001:00020e3c       _msize_base                0000000140021e3c f   libucrt:msize.obj
 0001:00020e78       _fd_int                    0000000140021e78 f   libucrt:_test.obj
 0001:00020f60       _get_fpsr                  0000000140021f60 f   libucrt:fpsr.obj
 0001:00020f70       _set_fpsr                  0000000140021f70 f   libucrt:fpsr.obj
 0001:00020f7a       _fclrf                     0000000140021f7a f   libucrt:fpsr.obj
 0001:00020f8e       _frnd                      0000000140021f8e f   libucrt:fpsr.obj
 0001:00020fb0       __acrt_initialize_locks    0000000140021fb0 f   libucrt:locks.obj
 0001:00020ff8       __acrt_lock                0000000140021ff8 f   libucrt:locks.obj
 0001:00021014       __acrt_uninitialize_locks  0000000140022014 f   libucrt:locks.obj
 0001:0002104c       __acrt_unlock              000000014002204c f   libucrt:locks.obj
 0001:00021068       __acrt_app_verifier_enabled 0000000140022068 f   libucrt:peb_access.obj
 0001:00021084       __acrt_is_secure_process   0000000140022084 f   libucrt:peb_access.obj
 0001:0002109c       __acrt_get_process_end_policy 000000014002209c f   libucrt:win_policies.obj
 0001:000210e0       ??$__acrt_convert_wcs_mbs_cp@_WDV<lambda_d8593a27d1aa8c02be35c86a17d324c4>@@U__crt_win32_buffer_internal_dynamic_resizing@@@@YAHQEB_WAEAV?$__crt_win32_buffer@DU__crt_win32_buffer_internal_dynamic_resizing@@@@AEBV<lambda_d8593a27d1aa8c02be35c86a17d324c4>@@I@Z 00000001400220e0 f i libucrt:argv_wildcards.obj
 0001:00021984       __acrt_expand_narrow_argv_wildcards 0000000140022984 f   libucrt:argv_wildcards.obj
 0001:0002198c       __acrt_GetModuleFileNameA  000000014002298c f   libucrt:getmodulefilenamea.obj
 0001:000222a8       __acrt_initialize_multibyte 00000001400232a8 f   libucrt:mbctype.obj
 0001:00022308       __acrt_update_thread_multibyte_data 0000000140023308 f   libucrt:mbctype.obj
 0001:00022324       _setmbcp_nolock            0000000140023324 f   libucrt:mbctype.obj
 0001:00022658       _ismbblead                 0000000140023658 f   libucrt:ismbbyte.obj
 0001:0002266c       __acrt_initialize_command_line 000000014002366c f   libucrt:argv_data.obj
 0001:00022694       wcscpy_s                   0000000140023694 f   libucrt:wcscpy_s.obj
 0001:000226fc       __acrt_WideCharToMultiByte 00000001400236fc f   libucrt:widechartomultibyte.obj
 0001:000227dc       __dcrt_get_narrow_environment_from_os 00000001400237dc f   libucrt:get_environment_from_os.obj
 0001:000228ec       __dcrt_get_wide_environment_from_os 00000001400238ec f   libucrt:get_environment_from_os.obj
 0001:00022ddc       __dcrt_set_variable_in_wide_environment_nolock 0000000140023ddc f   libucrt:setenv.obj
 0001:00022de4       _recalloc_base             0000000140023de4 f   libucrt:recalloc.obj
 0001:00022e7c       __acrt_initialize_heap     0000000140023e7c f   libucrt:heap_handle.obj
 0001:00022e98       __acrt_uninitialize_heap   0000000140023e98 f   libucrt:heap_handle.obj
 0001:00022ea4       __acrt_execute_initializers 0000000140023ea4 f   libucrt:shared_initialization.obj
 0001:00022f38       __acrt_execute_uninitializers 0000000140023f38 f   libucrt:shared_initialization.obj
 0001:00022fc8       __acrt_get_sigabrt_handler 0000000140023fc8 f   libucrt:signal.obj
 0001:00022ff8       __acrt_initialize_signal_handlers 0000000140023ff8 f   libucrt:signal.obj
 0001:00023018       raise                      0000000140024018 f   libucrt:signal.obj
 0001:00023294       wcsncpy_s                  0000000140024294 f   libucrt:wcsncpy_s.obj
 0001:00023390       __acrt_initialize_fmode    0000000140024390 f   libucrt:txtmode.obj
 0001:000233ac       __acrt_locale_free_monetary 00000001400243ac f   libucrt:initmon.obj
 0001:000234b8       __acrt_locale_free_numeric 00000001400244b8 f   libucrt:initnum.obj
 0001:00023558       __acrt_locale_free_time    0000000140024558 f   libucrt:inittime.obj
 0001:00023660       __acrt_GetStringTypeA      0000000140024660 f   libucrt:getstringtypea.obj
 0001:000237f0       __acrt_add_locale_ref      00000001400247f0 f   libucrt:locale_refcounting.obj
 0001:0002387c       __acrt_free_locale         000000014002487c f   libucrt:locale_refcounting.obj
 0001:000239f4       __acrt_locale_add_lc_time_reference 00000001400249f4 f   libucrt:locale_refcounting.obj
 0001:00023a1c       __acrt_locale_free_lc_time_if_unreferenced 0000000140024a1c f   libucrt:locale_refcounting.obj
 0001:00023a54       __acrt_locale_release_lc_time_reference 0000000140024a54 f   libucrt:locale_refcounting.obj
 0001:00023a7c       __acrt_release_locale_ref  0000000140024a7c f   libucrt:locale_refcounting.obj
 0001:00023b24       __acrt_update_thread_locale_data 0000000140024b24 f   libucrt:locale_refcounting.obj
 0001:00023b94       _updatetlocinfoEx_nolock   0000000140024b94 f   libucrt:locale_refcounting.obj
 0001:00023f30       __acrt_LCMapStringA        0000000140024f30 f   libucrt:lcmapstringa.obj
 0001:00023fc8       iswctype                   0000000140024fc8 f   libucrt:iswctype.obj
 0001:00024034       __ascii_wcsnicmp           0000000140025034 f   libucrt:wcsnicmp.obj
 0001:00024080       __ascii_strnicmp           0000000140025080 f   libucrt:strnicmp.obj
 0001:000240cc       _strnicmp                  00000001400250cc f   libucrt:strnicmp.obj
 0001:0002411c       _strnicmp_l                000000014002511c f   libucrt:strnicmp.obj
 0001:000247dc       _sopen_nolock              00000001400257dc f   libucrt:open.obj
 0001:000248f8       _sopen_s                   00000001400258f8 f   libucrt:open.obj
 0001:0002492c       _wsopen_nolock             000000014002592c f   libucrt:open.obj
 0001:00024d1c       __acrt_DownlevelLocaleNameToLCID 0000000140025d1c f   libucrt:lcidtoname_downlevel.obj
 0001:00024e4c       _commit                    0000000140025e4c f   libucrt:commit.obj
 0001:00024fb0       __acrt_fp_strflt_to_string 0000000140025fb0 f   libucrt:_fptostr.obj
 0001:000250c0       ?divide@__crt_strtox@@YA_KAEAUbig_integer@1@AEBU21@@Z 00000001400260c0 f i libucrt:cfout.obj
 0001:0002555c       __acrt_fltout              000000014002655c f   libucrt:cfout.obj
 0001:00026874       fegetround                 0000000140027874 f   libucrt:fegetround.obj
 0001:00026888       ?__c32rtomb_utf8@__crt_mbstring@@YA_KPEAD_UPEAU_Mbstatet@@AEAV__crt_cached_ptd_host@@@Z 0000000140027888 f   libucrt:c32rtomb.obj
 0001:0002692c       ?__mbrtowc_utf8@__crt_mbstring@@YA_KPEA_WPEBD_KPEAU_Mbstatet@@AEAV__crt_cached_ptd_host@@@Z 000000014002792c f   libucrt:mbrtowc.obj
 0001:00026970       ?__mbsrtowcs_utf8@__crt_mbstring@@YA_KPEA_WPEAPEBD_KPEAU_Mbstatet@@AEAV__crt_cached_ptd_host@@@Z 0000000140027970 f   libucrt:mbrtowc.obj
 0001:00026b14       _isatty                    0000000140027b14 f   libucrt:isatty.obj
 0001:00026d64       _wgetcwd                   0000000140027d64 f   libucrt:getcwd.obj
 0001:00026d8c       _towlower_l                0000000140027d8c f   libucrt:towlower.obj
 0001:00026e80       __acrt_initialize_timeset  0000000140027e80 f   libucrt:timeset.obj
 0001:00026ed0       __daylight                 0000000140027ed0 f   libucrt:timeset.obj
 0001:00026ed8       __dstbias                  0000000140027ed8 f   libucrt:timeset.obj
 0001:00026ee0       __timezone                 0000000140027ee0 f   libucrt:timeset.obj
 0001:00026ee8       __tzname                   0000000140027ee8 f   libucrt:timeset.obj
 0001:00026ef0       __wide_tzname              0000000140027ef0 f   libucrt:timeset.obj
 0001:00026ef8       _get_daylight              0000000140027ef8 f   libucrt:timeset.obj
 0001:00026f28       _get_dstbias               0000000140027f28 f   libucrt:timeset.obj
 0001:00026f58       _get_timezone              0000000140027f58 f   libucrt:timeset.obj
 0001:00027af4       __tzset                    0000000140028af4 f   libucrt:tzset.obj
 0001:00027b38       _isindst                   0000000140028b38 f   libucrt:tzset.obj
 0001:00027d34       _lseeki64                  0000000140028d34 f   libucrt:lseek.obj
 0001:00027dd0       _lseeki64_nolock           0000000140028dd0 f   libucrt:lseek.obj
 0001:00027e6c       _lseeki64_nolock_internal  0000000140028e6c f   libucrt:lseek.obj
 0001:00027e74       _putwch_nolock             0000000140028e74 f   libucrt:putwch.obj
 0001:00027eb0       __acrt_stdio_allocate_buffer_nolock 0000000140028eb0 f   libucrt:_getbuf.obj
 0001:00027f1c       __acrt_fenv_get_common_round_control 0000000140028f1c f   libucrt:_fenvutils.obj
 0001:00027f28       __acrt_fenv_get_control    0000000140028f28 f   libucrt:_fenvutils.obj
 0001:0002800c       __acrt_fenv_get_status     000000014002900c f   libucrt:_fenvutils.obj
 0001:00028064       __acrt_fenv_set_control    0000000140029064 f   libucrt:_fenvutils.obj
 0001:0002819c       __acrt_fenv_set_status     000000014002919c f   libucrt:_fenvutils.obj
 0001:00028210       qsort                      0000000140029210 f   libucrt:qsort.obj
 0001:00028620       strncpy_s                  0000000140029620 f   libucrt:strncpy_s.obj
 0001:000287b0       strpbrk                    00000001400297b0 f   libucrt:strpbrk.obj
 0001:00028b78       _mbsdec                    0000000140029b78 f   libucrt:mbsdec.obj
 0001:00028b80       _mbsdec_l                  0000000140029b80 f   libucrt:mbsdec.obj
 0001:00028c2c       _wcsnicoll                 0000000140029c2c f   libucrt:wcsnicol.obj
 0001:00028c7c       _wcsnicoll_l               0000000140029c7c f   libucrt:wcsnicol.obj
 0001:00028d6c       __strncnt                  0000000140029d6c f   libucrt:strncnt.obj
 0001:00028d84       __acrt_GetStringTypeW      0000000140029d84 f   libucrt:getstringtypew.obj
 0001:00028d8c       _chsize_nolock             0000000140029d8c f   libucrt:chsize.obj
 0001:00028e24       _chsize_nolock_internal    0000000140029e24 f   libucrt:chsize.obj
 0001:00028fb8       _controlfp_s               0000000140029fb8 f   libucrt:contrlfp.obj
 0001:0002901c       fegetenv                   000000014002a01c f   libucrt:fegetenv.obj
 0001:0002903c       fesetenv                   000000014002a03c f   libucrt:fesetenv.obj
 0001:00029094       feholdexcept               000000014002a094 f   libucrt:feholdexcept.obj
 0001:000290e4       ceil                       000000014002a0e4 f   libucrt:ceil.obj
 0001:000291b0       log10                      000000014002a1b0 f   libucrt:log10.obj
 0001:0002975c       ?reset_and_return@__crt_mbstring@@YA_K_KPEAU_Mbstatet@@@Z 000000014002a75c f   libucrt:common_utf8.obj
 0001:00029764       ?return_illegal_sequence@__crt_mbstring@@YA_KPEAU_Mbstatet@@AEAV__crt_cached_ptd_host@@@Z 000000014002a764 f   libucrt:common_utf8.obj
 0001:00029778       ?__mbrtoc32_utf8@__crt_mbstring@@YA_KPEA_UPEBD_KPEAU_Mbstatet@@AEAV__crt_cached_ptd_host@@@Z 000000014002a778 f   libucrt:mbrtoc32.obj
 0001:00029954       __acrt_LCMapStringW        000000014002a954 f   libucrt:lcmapstringw.obj
 0001:000299dc       wcstol                     000000014002a9dc f   libucrt:strtox.obj
 0001:00029c20       _wgetenv_s                 000000014002ac20 f   libucrt:getenv.obj
 0001:00029c28       __dcrt_lowio_ensure_console_output_initialized 000000014002ac28 f   libucrt:initcon.obj
 0001:00029c7c       __dcrt_terminate_console_output 000000014002ac7c f   libucrt:initcon.obj
 0001:00029c98       __dcrt_write_console       000000014002ac98 f   libucrt:initcon.obj
 0001:00029d58       __acrt_CompareStringW      000000014002ad58 f   libucrt:comparestringw.obj
 0001:00029f3c       _handle_error              000000014002af3c f   libucrt:libm_error.obj
 0001:0002a064       _handle_errorf             000000014002b064 f   libucrt:libm_error.obj
 0001:0002a198       _handle_nan                000000014002b198 f   libucrt:libm_error.obj
 0001:0002a1b4       _handle_nanf               000000014002b1b4 f   libucrt:libm_error.obj
 0001:0002a1d0       __acrt_initialize_fma3     000000014002b1d0 f   libucrt:fma3_available.obj
 0001:0002a240       _log10_special             000000014002b240 f   libucrt:log_special.obj
 0001:0002a2f8       _raise_exc                 000000014002b2f8 f   libucrt:fpexcept.obj
 0001:0002a320       _raise_exc_ex              000000014002b320 f   libucrt:fpexcept.obj
 0001:0002a628       _raise_excf                000000014002b628 f   libucrt:fpexcept.obj
 0001:0002a654       _set_errno_from_matherr    000000014002b654 f   libucrt:fpexcept.obj
 0001:0002a684       _clrfp                     000000014002b684 f   libucrt:fpctrl.obj
 0001:0002a6a4       _ctrlfp                    000000014002b6a4 f   libucrt:fpctrl.obj
 0001:0002a720       _set_statfp                000000014002b720 f   libucrt:fpctrl.obj
 0001:0002a740       _statfp                    000000014002b740 f   libucrt:fpctrl.obj
 0001:0002a754       __GSHandlerCheck           000000014002b754 f   LIBCMT:gshandler.obj
 0001:0002a774       __GSHandlerCheckCommon     000000014002b774 f   LIBCMT:gshandler.obj
 0001:0002a7e0       __security_check_cookie    000000014002b7e0 f   LIBCMT:amdsecgs.obj
 0001:0002a800       _FindPESection             000000014002b800 f   LIBCMT:pesect.obj
 0001:0002a850       _IsNonwritableInCurrentImage 000000014002b850 f   LIBCMT:pesect.obj
 0001:0002a8a0       _ValidateImageBase         000000014002b8a0 f   LIBCMT:pesect.obj
 0001:0002a8d0       __GSHandlerCheck_SEH       000000014002b8d0 f   LIBCMT:gshandlerseh.obj
 0001:0002a958       __raise_securityfailure    000000014002b958 f   LIBCMT:gs_report.obj
 0001:0002a98c       __report_gsfailure         000000014002b98c f   LIBCMT:gs_report.obj
 0001:0002aa60       __report_rangecheckfailure 000000014002ba60 f   LIBCMT:gs_report.obj
 0001:0002aa74       __report_securityfailure   000000014002ba74 f   LIBCMT:gs_report.obj
 0001:0002abf4       __GSHandlerCheck_EH        000000014002bbf4 f   LIBCMT:gshandlereh.obj
 0001:0002ac90       _alloca_probe              000000014002bc90 f   LIBCMT:chkstk.obj
 0001:0002ac90       __chkstk                   000000014002bc90 f   LIBCMT:chkstk.obj
 0001:0002ace0       __C_specific_handler_noexcept 000000014002bce0 f   libvcruntime:chandler_noexcept.obj
 0001:0002ad2c       wcsrchr                    000000014002bd2c f   libvcruntime:wcsrchr.obj
 0001:0002adf0       memcmp                     000000014002bdf0 f   libvcruntime:memcmp.obj
 0001:0002aeb8       strrchr                    000000014002beb8 f   libvcruntime:strrchr.obj
 0001:0002afe4       wcschr                     000000014002bfe4 f   libvcruntime:wcschr.obj
 0001:00033f00       __vdecl_sinf4              0000000140034f00 f   LIBCMT:svml_ssinf4_dispatch.obj
 0001:00033f20       __libm_sse2_sincosf_       0000000140034f20 f   LIBCMT:svml_ssinf4_dispatch.obj
 0001:00033f63       __libm_sse2_sincosf4_      0000000140034f63 f   LIBCMT:svml_ssinf4_dispatch.obj
 0001:00033f70       __vdecl_cos2               0000000140034f70 f   LIBCMT:svml_dcos2_dispatch.obj
 0001:00033f90       __sse2_sinf4@@16           0000000140034f90 f   LIBCMT:svml_ssinf4_sse2.obj
 0001:000348d0       __sse4_sinf4@@16           00000001400358d0 f   LIBCMT:svml_ssinf4_sse4.obj
 0001:00035050       __sse2_cos2@@16            0000000140036050 f   LIBCMT:svml_dcos2_sse2.obj
 0001:00035700       __sse4_cos2@@16            0000000140036700 f   LIBCMT:svml_dcos2_sse4.obj
 0001:00035db0       __common_ssin_cout_rare    0000000140036db0 f   LIBCMT:svml_s_sin_cout.obj
 0001:00035e20       __common_dcos_cout_rare    0000000140036e20 f   LIBCMT:svml_d_cos_cout.obj
[...]
 0002:00011be0       $xdatasym                  000000014004cbe0     libucrt:remainder_piby2f_forasm.obj
 0002:00011be4       $unwind$_powf_special      000000014004cbe4     libucrt:pow_special.obj
 0002:00011bf0       $xdatasym                  000000014004cbf0     libucrt:remainder_piby2f_forc.obj
 0002:00012516       .idata$6                   000000014004d516     ws2_32:WS2_32.dll
 0002:00012538       .idata$6                   000000014004d538     kernel32:KERNEL32.dll
 0002:0001256a       .idata$6                   000000014004d56a     user32:USER32.dll
 0002:00012676       .idata$6                   000000014004d676     bass:BASS.dll
 0002:00012722       .idata$6                   000000014004d722     DevIL:DevIL.dll
 0002:000129ac       .idata$6                   000000014004d9ac     SDL2:SDL2.dll
 0002:000130ca       .idata$6                   000000014004e0ca     VCOMP:VCOMP140.DLL
 0003:00000040       ?__vcrt_flsindex@@3KA      000000014004f040     libvcruntime:per_thread_data.obj
 0003:00000160       ?dazSupported@?1??common_control87@@9@9 000000014004f160     libucrt:ieee.obj
 0003:00000168       ?errno_no_memory@@3HA      000000014004f168     libucrt:errno.obj
 0003:0000016c       ?doserrno_no_memory@@3KA   000000014004f16c     libucrt:errno.obj
 0003:000001b8       ?__acrt_flsindex@@3KA      000000014004f1b8     libucrt:per_thread_data.obj
 0003:00000660       _mbctypes                  000000014004f660     libucrt:mbctype.obj
 0003:00000770       _mbcasemaps                000000014004f770     libucrt:mbctype.obj
 0003:00000870       ?__rgctypeflag@@3PADA      000000014004f870     libucrt:mbctype.obj
 0003:00000880       ?__rgcode_page_info@@3PAUcode_page_info@@A 000000014004f880     libucrt:mbctype.obj
 0003:00000a30       ?tzstd_program@@3PADA      000000014004fa30     libucrt:timeset.obj
 0003:00000a70       ?tzdst_program@@3PADA      000000014004fa70     libucrt:timeset.obj
 0003:00000ab0       ?w_tzstd_program@@3PA_WA   000000014004fab0     libucrt:timeset.obj
 0003:00000b30       ?w_tzdst_program@@3PA_WA   000000014004fb30     libucrt:timeset.obj
 0003:00000bb0       ?tzname_states@@3PAY01PEADA 000000014004fbb0     libucrt:timeset.obj
 0003:00000bc0       ?w_tzname_states@@3PAY01PEA_WA 000000014004fbc0     libucrt:timeset.obj
 0003:00000bd0       ?dststart@@3Utransitiondate@?A0x7639d0b4@@A 000000014004fbd0     libucrt:tzset.obj
 0003:00000be0       ?dstend@@3Utransitiondate@?A0x7639d0b4@@A 000000014004fbe0     libucrt:tzset.obj
 0003:00000bf0       ?__dcrt_lowio_console_output_handle@@3PEAXEA 000000014004fbf0     libucrt:initcon.obj
 0003:00000c00       ?dazSupported@?1??_ctrlfp@@9@9 000000014004fc00     libucrt:fpctrl.obj
 0003:00000c40       ?need_init@?1??server_connect@@9@9 000000014004fc40     device.obj
 0003:00000c44       ?s_curRayLength@@3IA       000000014004fc44     ball.obj
 0003:00000c48       ?s_beamAlphaMin@@3MA       000000014004fc48     ball.obj
 0003:00000c4c       ?s_beamAtten@@3IA          000000014004fc4c     ball.obj
 0003:00000c50       ?s_rocketCallbacks@@3Usync_cb@@A 000000014004fc50     rocket.obj
 0003:00000c68       ?s_mapTilt@@3HA            000000014004fc68     landscape.obj
 0003:00000c70       ?s_lastErr@@3V?$basic_string@DU?$char_traits@D@std@@V?$allocator@D@2@@std@@A 000000014004fc70     main.obj
 0003:00000f20       ?is_initialized_as_dll@@3_NA 000000014004ff20     LIBCMT:utility.obj
 0003:00000f21       ?module_local_atexit_table_initialized@@3_NA 000000014004ff21     LIBCMT:utility.obj
 0003:00000f28       ?module_local_atexit_table@@3U_onexit_table_t@@A 000000014004ff28     LIBCMT:utility.obj
 0003:00000f40       ?module_local_at_quick_exit_table@@3U_onexit_table_t@@A 000000014004ff40     LIBCMT:utility.obj
 0003:00000f90       ?__vcrt_startup_thread_ptd@@3U__vcrt_ptd@@A 000000014004ff90     libvcruntime:per_thread_data.obj
 0003:00001010       __vcrt_lock_table          0000000140050010     libvcruntime:locks.obj
 0003:00001038       __vcrt_locks_initialized   0000000140050038     libvcruntime:locks.obj
 0003:00001080       ?heap@@3V_HeapManager@@A   0000000140050080     libvcruntime:undname.obj
 0003:000010a8       ?module_handles@@3PAPEAUHINSTANCE__@@A 00000001400500a8     libvcruntime:winapi_downlevel.obj
 0003:000010c0       ?function_pointers@@3PAPEAXA 00000001400500c0     libvcruntime:winapi_downlevel.obj
 0003:00001108       ?__acrt_invalid_parameter_handler@@3V?$dual_state_global@P6AXPEB_W00I_K@Z@__crt_state_management@@A 0000000140050108     libucrt:invalid_parameter.obj
 0003:00001110       ?__acrt_new_handler@@3V?$dual_state_global@P6AH_K@Z@__crt_state_management@@A 0000000140050110     libucrt:new_handler.obj
 0003:00001118       ?c_termination_complete@@3JA 0000000140050118     libucrt:exit.obj
 0003:00001120       ?thread_local_exit_callback_func@@3P6AXPEAXK0@ZEA 0000000140050120     libucrt:exit.obj
 0003:00001128       ?c_exit_complete@?1???R<lambda_6e4b09c48022b2350581041d5f6b0c4c>@@QEBA@XZ@4_NA 0000000140050128     libucrt:exit.obj
 0003:00001130       ?program_name@?1???$common_configure_argv@D@@YAHW4_crt_argv_mode@@@Z@4PADA 0000000140050130     libucrt:argv_parsing.obj
 0003:00001288       ?__acrt_app_type@@3W4_crt_app_type@@A 0000000140050288     libucrt:report_runtime_error.obj
 0003:00001290       ?user_matherr@@3V?$dual_state_global@P6AHPEAU_exception@@@Z@__crt_state_management@@A 0000000140050290     libucrt:matherr.obj
 0003:00001298       ?empty_string@?1???$common_wincmdln@E@@YAPEAEXZ@4PAEA 0000000140050298     libucrt:argv_winmain.obj
 0003:000012a0       ?__acrt_global_new_mode@@3V?$dual_state_global@J@__crt_state_management@@A 00000001400502a0     libucrt:new_mode.obj
 0003:000012b0       ?module_handles@@3PAPEAUHINSTANCE__@@A 00000001400502b0     libucrt:winapi_thunks.obj
 0003:00001360       ?encoded_function_pointers@@3PAPEAXA 0000000140050360     libucrt:winapi_thunks.obj
 0003:00001870       ?internal_state@?1??_mbtowc_internal@@9@4U_Mbstatet@@A 0000000140050870     libucrt:mbtowc.obj
 0003:00001878       ?enable_percent_n@@3_KA    0000000140050878     libucrt:printf_count_output.obj
 0003:00001890       ?__acrt_lock_table@@3PAU_RTL_CRITICAL_SECTION@@A 0000000140050890     libucrt:locks.obj
 0003:00001ac0       ?__acrt_locks_initialized@@3IA 0000000140050ac0     libucrt:locks.obj
 0003:00001ae0       ?fSystemSet@@3HA           0000000140050ae0     libucrt:mbctype.obj
 0003:00001ae4       ?initialized@?1??__acrt_initialize_multibyte@@9@4_NA 0000000140050ae4     libucrt:mbctype.obj
 0003:00001b20       ?ctrlc_action@@3V?$dual_state_global@P6AXH@Z@__crt_state_management@@A 0000000140050b20     libucrt:signal.obj
 0003:00001b28       ?ctrlbreak_action@@3V?$dual_state_global@P6AXH@Z@__crt_state_management@@A 0000000140050b28     libucrt:signal.obj
 0003:00001b30       ?abort_action@@3V?$dual_state_global@P6AXH@Z@__crt_state_management@@A 0000000140050b30     libucrt:signal.obj
 0003:00001b38       ?term_action@@3V?$dual_state_global@P6AXH@Z@__crt_state_management@@A 0000000140050b38     libucrt:signal.obj
 0003:00001b60       ?_tzname@@3V?$dual_state_global@PEAPEAD@__crt_state_management@@A 0000000140050b60     libucrt:timeset.obj
 0003:00001b68       ?w_tzname@@3V?$dual_state_global@PEAPEA_W@__crt_state_management@@A 0000000140050b68     libucrt:timeset.obj
 0003:00001b70       ?last_wide_tz@@3PEA_WEA    0000000140050b70     libucrt:tzset.obj
 0003:00001b80       ?tz_api_used@@3HA          0000000140050b80     libucrt:tzset.obj
 0003:00001b84       ?tzset_init_state@@3V?$dual_state_global@J@__crt_state_management@@A 0000000140050b84     libucrt:tzset.obj
 0003:00001b90       ?tz_info@@3U_TIME_ZONE_INFORMATION@@A 0000000140050b90     libucrt:tzset.obj
 0003:00001c40       ?internal_pst@?1??__mbrtoc32_utf8@__crt_mbstring@@YA_KPEA_UPEBD_KPEAU_Mbstatet@@AEAV__crt_cached_ptd_host@@@Z@4U3@A 0000000140050c40     libucrt:mbrtoc32.obj
 0003:00001c50       GS_ExceptionRecord         0000000140050c50     LIBCMT:gs_report.obj
 0003:00001cf0       GS_ContextRecord           0000000140050cf0     LIBCMT:gs_report.obj
 0003:00009618       ?s_bassInf@@3UBASS_INFO@@A 0000000140058618     audio.obj
 0003:00009650       ?fNautilus_global@@3VVector3@@A 0000000140058650     shadertoy.obj
 0003:00009660       ?fSpike_global@@3VVector4@@A 0000000140058660     shadertoy.obj
 0003:00009670       ?temp@?1??path_encode@@9@9 0000000140058670     device.obj
 0003:00009774       ?s_hMusic@@3KA             0000000140058774     audio.obj
 0003:00009778       ?s_pEnvMap@@3PEAIEA        0000000140058778     ball.obj
 0003:00009780       ?temp@?1??sync_track_path@@9@9 0000000140058780     device.obj
 0003:00009888       ?s_pColorMap@@3PAPEAIA     0000000140058888     ball.obj
 0003:00009898       ?s_pHeightMap@@3PAPEAEA    0000000140058898     ball.obj
 0003:000098c0       ?s_heightProj@@3PAIA       00000001400588c0     ball.obj
 0003:0000a8c0       ?s_heightProjNorm@@3PAY02HA 00000001400598c0     ball.obj
 0003:0000d8c0       ?s_pHalo@@3PEAIEA          000000014005c8c0     ball.obj
 0003:0000d8c8       ?s_pBeamMapMix@@3PEAIEA    000000014005c8c8     ball.obj
 0003:0000d8d0       ?s_pBeamMaps@@3PAPEAIA     000000014005c8d0     ball.obj
 0003:0000d8e8       ?s_heightMapMix@@3PEAEEA   000000014005c8e8     ball.obj
 0003:0000d8f0       ?s_pBackgrounds@@3PAPEAIA  000000014005c8f0     ball.obj
 0003:0000d900       ?s_pTempBuf@@3PEAIEA       000000014005c900     boxblur.obj
 0003:0000d908       ?s_genState@@3UTINYMT32_T@@A 000000014005c908     random.obj
 0003:0000d928       ?s_hRocket@@3PEAUsync_device@@EA 000000014005c928     rocket.obj
 0003:0000d930       ?s_pFDTunnelTex@@3PEAIEA   000000014005c930     shadertoy.obj
 0003:0000d938       ?s_pFDTunnelTexHighlights@@3PEAIEA 000000014005c938     shadertoy.obj
 0003:0000d940       ?s_pSpikeBlurMap@@3PEAIEA  000000014005c940     shadertoy.obj
 0003:0000d948       ?s_pSpikeBlurMaps@@3PAPEAIA 000000014005c948     shadertoy.obj
 0003:0000d958       ?s_pNautilusDirt@@3PEAIEA  000000014005c958     demo.obj
 0003:0000d960       ?s_pBallVignette@@3PEAIEA  000000014005c960     demo.obj
 0003:0000d968       ?s_pLenz@@3PEAIEA          000000014005c968     demo.obj
 0003:0000d970       ?s_pRevLogo@@3PEAIEA       000000014005c970     demo.obj
 0003:0000d978       ?s_pCloseSpike1961@@3PEAIEA 000000014005c978     demo.obj
 0003:0000d980       ?s_pSpikeyFullDirt@@3PEAIEA 000000014005c980     demo.obj
 0003:0000d988       ?s_pNoooN@@3PAPEAIA        000000014005c988     demo.obj
 0003:0000d9a8       ?s_pTunnelVignette2@@3PEAIEA 000000014005c9a8     demo.obj
 0003:0000d9b0       ?s_pDiscoGuys@@3PAPEAIA    000000014005c9b0     demo.obj
 0003:0000d9f0       ?s_pGreetings@@3PAPEAIA    000000014005c9f0     demo.obj
 0003:0000da10       ?s_pCredits@@3PAPEAIA      000000014005ca10     demo.obj
 0003:0000da30       ?s_pSpikeyBypass@@3PEAIEA  000000014005ca30     demo.obj
 0003:0000da38       ?s_pWaterDirt@@3PEAIEA     000000014005ca38     demo.obj
 0003:0000da40       ?s_pCloseSpikeVignette@@3PEAIEA 000000014005ca40     demo.obj
 0003:0000da48       ?s_pVignette06@@3PEAIEA    000000014005ca48     demo.obj
 0003:0000da50       ?s_pRibbons@@3PEAIEA       000000014005ca50     demo.obj
 0003:0000da58       ?s_pNautilusCousteauRim2@@3PEAIEA 000000014005ca58     demo.obj
 0003:0000da60       ?s_pWaterPrismOverlay@@3PEAIEA 000000014005ca60     demo.obj
 0003:0000da68       ?s_pComatron@@3PAPEAIA     000000014005ca68     demo.obj
 0003:0000da90       ?s_pNautilusCousteau2@@3PEAIEA 000000014005ca90     demo.obj
 0003:0000da98       ?s_pSpikeyArrested@@3PAPEAIA 000000014005ca98     demo.obj
 0003:0000dab8       ?s_pCloseSpikeDirtRaker@@3PEAIEA 000000014005cab8     demo.obj
 0003:0000dac0       ?s_pAreWeDone@@3PEAIEA     000000014005cac0     demo.obj
 0003:0000dac8       ?s_pTunnelFullDirt@@3PEAIEA 000000014005cac8     demo.obj
 0003:0000dad0       ?s_pGodLayer@@3PEAIEA      000000014005cad0     demo.obj
 0003:0000dad8       ?s_pCloseSpikeVignetteForRaker@@3PEAIEA 000000014005cad8     demo.obj
 0003:0000dae0       ?s_pSpikeyVignette@@3PEAIEA 000000014005cae0     demo.obj
 0003:0000dae8       ?s_pNautilusCousteauRim1@@3PEAIEA 000000014005cae8     demo.obj
 0003:0000daf0       ?s_pGPUJoke@@3PEAIEA       000000014005caf0     demo.obj
 0003:0000daf8       ?s_pTunnelVignette@@3PEAIEA 000000014005caf8     demo.obj
 0003:0000db00       ?s_pNautilusCousteau1@@3PEAIEA 000000014005cb00     demo.obj
 0003:0000db08       ?s_pNautilusVignette@@3PEAIEA 000000014005cb08     demo.obj
 0003:0000db10       ?s_pNautilusText@@3PEAIEA  000000014005cb10     demo.obj
 0003:0000db18       ?s_pJadeNytrik@@3PAPEAIA   000000014005cb18     demo.obj
 0003:0000db40       ?s_pGreetingsDirt@@3PEAIEA 000000014005cb40     demo.obj
 0003:0000db48       ?s_pGreetingsVignette@@3PEAIEA 000000014005cb48     demo.obj
 0003:0000db50       ?s_pMFX@@3PAPEAIA          000000014005cb50     demo.obj
 0003:0000db70       ?s_pSpikeyVignette2@@3PEAIEA 000000014005cb70     demo.obj
 0003:0000db78       ?s_pSuperplek@@3PAPEAIA    000000014005cb78     demo.obj
 0003:0000dba0       ?s_pErnstHot@@3PAPEAIA     000000014005cba0     demo.obj
 0003:0000dbc8       ?s_pPad@@3PEAU_SDL_GameController@@EA 000000014005cbc8     gamepad.obj
 0003:0000dbd0       ?s_pGC@@3V?$vector@PEAXV?$allocator@PEAX@std@@@std@@A 000000014005cbd0     image.obj
 0003:0000dbe8       ?s_pColorMap@@3PEAIEA      000000014005cbe8     landscape.obj
 0003:0000dbf0       ?s_fogGradientUnp@@3PAT__m128i@@A 000000014005cbf0     landscape.obj
 0003:0000ebf0       ?s_pFogGradient@@3PEAIEA   000000014005dbf0     landscape.obj
 0003:0000ebf8       ?s_pHeightMap@@3PEAEEA     000000014005dbf8     landscape.obj
 0003:0000ec00       ?s_pInvMap2x2@@3PEAHEA     000000014005dc00     polar.obj
 0003:0000ec08       ?s_pMap@@3PEAHEA           000000014005dc08     polar.obj
 0003:0000ec10       ?s_pInvMap@@3PEAHEA        000000014005dc10     polar.obj
 0003:0000ec18       ?s_pMap2x2@@3PEAHEA        000000014005dc18     polar.obj
 0003:0000ec20       ?s_pColorMap@@3PEAIEA      000000014005dc20     torus-twister.obj
 0003:0000ec28       ?s_pHeightMap@@3PEAEEA     000000014005dc28     torus-twister.obj
 0003:0000ec30       ?s_heightProj@@3PAIA       000000014005dc30     torus-twister.obj
 0003:0000f430       ?s_heightProjNorm@@3PAIA   000000014005e430     torus-twister.obj
 0003:0000fc30       ?s_pBackground@@3PEAIEA    000000014005ec30     torus-twister.obj
 0003:0000fc38       ?s_pColorMap@@3PEAIEA      000000014005ec38     tunnelscape.obj
 0003:0000fc40       ?s_fogGradientUnp@@3PAT__m128i@@A 000000014005ec40     tunnelscape.obj
 0003:00010c40       ?s_pFogGradient@@3PEAIEA   000000014005fc40     tunnelscape.obj
 0003:00010c48       ?s_pHeightMap@@3PEAEEA     000000014005fc48     tunnelscape.obj
 0003:00010c50       ?numCalls@?9??Gamepad_Update@@YA_NAEAUPadState@@@Z@4HA 000000014005fc50     gamepad.obj
 0003:00010c54       ?padMoveY@?1??vscape@@YAXPEAIMM@Z@4MA 000000014005fc54     landscape.obj
 0003:00010c58       ?strafeY@?1??vscape@@YAXPEAIMM@Z@4MA 000000014005fc58     landscape.obj
 0003:00010c5c       ?strafeX@?1??vscape@@YAXPEAIMM@Z@4MA 000000014005fc5c     landscape.obj
 0003:00010c60       ?viewAngle@?1??vscape@@YAXPEAIMM@Z@4MA 000000014005fc60     landscape.obj
 0003:00010c64       ?padMoveX@?1??vscape@@YAXPEAIMM@Z@4MA 000000014005fc64     landscape.obj
 0003:00010c68       ?padTilt@?1??vscape@@YAXPEAIMM@Z@4MA 000000014005fc68     landscape.obj
 0003:00010c70       ?edgeDivs@?1??VerticalBoxBlur32@@YAXPEAIPEBIIIM@Z@4PAT__m128i@@A 000000014005fc70     boxblur.obj
 0003:00011c70       ?edgeDivs@?1??HorizontalBoxBlur32@@YAXPEAIPEBIIIM@Z@4PAT__m128i@@A 0000000140060c70     boxblur.obj
 0005:00000000       MsetTab                    0000000140065000     libvcruntime:memset.obj
 0005:00000050       MoveSmall                  0000000140065050     libvcruntime:memcpy.obj
 0005:00000090       MoveSmallYmm               0000000140065090     libvcruntime:memcpy.obj
 0005:000000b4       MoveSmallYmmNT             00000001400650b4     libvcruntime:memcpy.obj
 0005:000000d8       MoveSmallXmm               00000001400650d8     libvcruntime:memcpy.obj
 0005:00000100       _2il0floatpacket$19        0000000140065100     LIBCMT:svml_ssinf4_sse2.obj
 0005:00000200       _2il0floatpacket$26        0000000140065200     LIBCMT:svml_dcos2_sse2.obj
 0005:00000210       _2il0floatpacket$27        0000000140065210     LIBCMT:svml_dcos2_sse2.obj
 0005:00000220       _2il0floatpacket$28        0000000140065220     LIBCMT:svml_dcos2_sse2.obj
 0005:00000230       _2il0floatpacket$29        0000000140065230     LIBCMT:svml_dcos2_sse2.obj
 0005:00000240       _2il0floatpacket$30        0000000140065240     LIBCMT:svml_dcos2_sse2.obj
 0005:00000250       _2il0floatpacket$31        0000000140065250     LIBCMT:svml_dcos2_sse2.obj
 0005:00000260       _2il0floatpacket$32        0000000140065260     LIBCMT:svml_dcos2_sse2.obj
 0005:00000270       _2il0floatpacket$33        0000000140065270     LIBCMT:svml_dcos2_sse2.obj
 0005:00000280       _2il0floatpacket$34        0000000140065280     LIBCMT:svml_dcos2_sse2.obj
 0005:00000290       _2il0floatpacket$35        0000000140065290     LIBCMT:svml_dcos2_sse2.obj
 0005:000002a0       _2il0floatpacket$36        00000001400652a0     LIBCMT:svml_dcos2_sse2.obj
 0005:000002b0       _2il0floatpacket$37        00000001400652b0     LIBCMT:svml_dcos2_sse2.obj
 0005:000002c0       _2il0floatpacket$38        00000001400652c0     LIBCMT:svml_dcos2_sse2.obj
 0005:000002d0       _2il0floatpacket$39        00000001400652d0     LIBCMT:svml_dcos2_sse2.obj
 0005:000002e0       _2il0floatpacket$40        00000001400652e0     LIBCMT:svml_dcos2_sse2.obj
 0005:000002f0       _2il0floatpacket$41        00000001400652f0     LIBCMT:svml_dcos2_sse2.obj
 0005:00000300       _2il0floatpacket$42        0000000140065300     LIBCMT:svml_dcos2_sse2.obj
 0005:00000310       _2il0floatpacket$43        0000000140065310     LIBCMT:svml_dcos2_sse2.obj
 0005:00000400       _2il0floatpacket$26        0000000140065400     LIBCMT:svml_dcos2_sse4.obj
 0005:00000410       _2il0floatpacket$27        0000000140065410     LIBCMT:svml_dcos2_sse4.obj
 0005:00000420       _2il0floatpacket$28        0000000140065420     LIBCMT:svml_dcos2_sse4.obj
 0005:00000430       _2il0floatpacket$29        0000000140065430     LIBCMT:svml_dcos2_sse4.obj
 0005:00000440       _2il0floatpacket$30        0000000140065440     LIBCMT:svml_dcos2_sse4.obj
 0005:00000450       _2il0floatpacket$31        0000000140065450     LIBCMT:svml_dcos2_sse4.obj
 0005:00000460       _2il0floatpacket$32        0000000140065460     LIBCMT:svml_dcos2_sse4.obj
 0005:00000470       _2il0floatpacket$33        0000000140065470     LIBCMT:svml_dcos2_sse4.obj
 0005:00000480       _2il0floatpacket$34        0000000140065480     LIBCMT:svml_dcos2_sse4.obj
 0005:00000490       _2il0floatpacket$35        0000000140065490     LIBCMT:svml_dcos2_sse4.obj
 0005:000004a0       _2il0floatpacket$36        00000001400654a0     LIBCMT:svml_dcos2_sse4.obj
 0005:000004b0       _2il0floatpacket$37        00000001400654b0     LIBCMT:svml_dcos2_sse4.obj
 0005:000004c0       _2il0floatpacket$38        00000001400654c0     LIBCMT:svml_dcos2_sse4.obj
 0005:000004d0       _2il0floatpacket$39        00000001400654d0     LIBCMT:svml_dcos2_sse4.obj
 0005:000004e0       _2il0floatpacket$40        00000001400654e0     LIBCMT:svml_dcos2_sse4.obj
 0005:000004f0       _2il0floatpacket$41        00000001400654f0     LIBCMT:svml_dcos2_sse4.obj
 0005:00000500       _2il0floatpacket$42        0000000140065500     LIBCMT:svml_dcos2_sse4.obj
 0005:00000510       _2il0floatpacket$43        0000000140065510     LIBCMT:svml_dcos2_sse4.obj
 0005:00002700       _vmlsSinHATab              0000000140067700     LIBCMT:svml_s_sin_cout.obj
 0005:00013500       _vmldCosHATab              0000000140078500     LIBCMT:svml_d_cos_cout.obj
 0006:00000060       $R000000                   0000000140079060     * linker generated manifest res *
