 VS17

 Timestamp is 6414d533 (Fri Mar 17 22:01:39 2023)

 Preferred load address is 0000000140000000

 Start         Length     Name                   Class
 0001:00000000 00000020H .text$di                CODE
 0001:00000020 00036a70H .text$mn                CODE
 0001:00036a90 00000040H .text$mn$00             CODE
 0001:00036ad0 000006d0H .text$x                 CODE
 0001:000371a0 000000d9H .text$yd                CODE
 0002:00000000 00000538H .idata$5                DATA
 0002:00000538 00000028H .00cfg                  DATA
 0002:00000560 00000008H .CRT$XCA                DATA
 0002:00000568 00000008H .CRT$XCAA               DATA
 0002:00000570 00000010H .CRT$XCU                DATA
 0002:00000580 00000008H .CRT$XCZ                DATA
 0002:00000588 00000008H .CRT$XIA                DATA
 0002:00000590 00000008H .CRT$XIAA               DATA
 0002:00000598 00000008H .CRT$XIAC               DATA
 0002:000005a0 00000028H .CRT$XIC                DATA
 0002:000005c8 00000008H .CRT$XIZ                DATA
 0002:000005d0 00000008H .CRT$XPA                DATA
 0002:000005d8 00000010H .CRT$XPX                DATA
 0002:000005e8 00000008H .CRT$XPXA               DATA
 0002:000005f0 00000008H .CRT$XPZ                DATA
 0002:000005f8 00000008H .CRT$XTA                DATA
 0002:00000600 00000010H .CRT$XTZ                DATA
 0002:00000608 00000000H .gehcont$y              DATA
 0002:00000608 00000000H .gfids$y                DATA
 0002:00000610 0000ce70H .rdata                  DATA
 0002:0000d480 00000000H .rdata$CastGuardVftablesA DATA
 0002:0000d480 00000000H .rdata$CastGuardVftablesC DATA
 0002:0000d480 000006fcH .rdata$r                DATA
 0002:0000db7c 000002ccH .rdata$voltmd           DATA
 0002:0000de48 000003b0H .rdata$zzzdbg           DATA
 0002:0000e1f8 00000008H .rtc$IAA                DATA
 0002:0000e200 00000008H .rtc$IZZ                DATA
 0002:0000e208 00000008H .rtc$TAA                DATA
 0002:0000e210 00000008H .rtc$TZZ                DATA
 0002:0000e218 00002c78H .xdata                  DATA
 0002:00010e90 00000314H .xdata$x                DATA
 0002:000111a4 00000000H .edata                  DATA
 0002:000111a4 0000008cH .idata$2                DATA
 0002:00011230 00000018H .idata$3                DATA
 0002:00011248 00000538H .idata$4                DATA
 0002:00011780 00000bd2H .idata$6                DATA
 0003:00000000 00000ca0H .data                   DATA
 0003:00000ca0 000001a8H .data$r                 DATA
 0003:00000e48 000000c8H .data$rs                DATA
 0003:00000f10 0000ed10H .bss                    DATA
 0004:00000000 00002748H .pdata                  DATA
 0005:00000000 00013510H _RDATA                  DATA
 0006:00000000 00000060H .rsrc$01                DATA
 0006:00000060 00000180H .rsrc$02                DATA

  Address         Publics by Value              Rva+Base               Lib:Object

 0000:00000000       __x64_code_ranges_to_entry_points_count 0000000000000000     <absolute>
 0000:00000000       __guard_longjmp_table      0000000000000000     <absolute>
 0000:00000000       __x64_code_ranges_to_entry_points 0000000000000000     <absolute>
 0000:00000000       __guard_iat_table          0000000000000000     <absolute>
 0000:00000000       __guard_fids_count         0000000000000000     <absolute>
 0000:00000000       __guard_iat_count          0000000000000000     <absolute>
 0000:00000000       __guard_longjmp_count      0000000000000000     <absolute>
 0000:00000000       __arm64x_extra_rfe_table   0000000000000000     <absolute>
 0000:00000000       __dynamic_value_reloc_table 0000000000000000     <absolute>
 0000:00000000       __hybrid_auxiliary_iat     0000000000000000     <absolute>
 0000:00000000       __hybrid_auxiliary_iat_copy 0000000000000000     <absolute>
 0000:00000000       __hybrid_code_map          0000000000000000     <absolute>
 0000:00000000       __arm64x_extra_rfe_table_size 0000000000000000     <absolute>
 0000:00000000       __arm64x_redirection_metadata 0000000000000000     <absolute>
 0000:00000000       __AbsoluteZero             0000000000000000     <absolute>
 0000:00000000       __guard_check_icall_a64n_fptr 0000000000000000     <absolute>
 0000:00000000       __guard_fids_table         0000000000000000     <absolute>
 0000:00000000       __guard_eh_cont_count      0000000000000000     <absolute>
 0000:00000000       __arm64x_redirection_metadata_count 0000000000000000     <absolute>
 0000:00000000       __enclave_config           0000000000000000     <absolute>
 0000:00000000       __guard_eh_cont_table      0000000000000000     <absolute>
 0000:00000000       __arm64x_native_entrypoint 0000000000000000     <absolute>
 0000:00000000       __hybrid_code_map_count    0000000000000000     <absolute>
 0000:00000100       __guard_flags              0000000000000100     <absolute>
 0000:00000000       __ImageBase                0000000140000000     <linker-defined>
 0001:00000020       __local_stdio_printf_options 0000000140001020 f i device.obj
 0001:00000030       fprintf                    0000000140001030 f i device.obj
 0001:00000080       snprintf                   0000000140001080 f i device.obj
 0001:000002d0       sync_save_tracks           00000001400012d0 f   device.obj
 0001:00000890       sync_tcp_connect           0000000140001890 f   device.obj
 0001:00000ad0       sync_update                0000000140001ad0 f   device.obj
 0001:00000d40       sync_get_track             0000000140001d40 f   device.obj
 0001:00000f40       sync_get_val               0000000140001f40 f   track.obj
 0001:00001140       ??0Vector3@@QEAA@MMM@Z     0000000140002140 f i Matrix44.obj
 0001:00001160       ??GVector3@@QEBA?BV0@AEBV0@@Z 0000000140002160 f i Matrix44.obj
 0001:000011a0       ??DVector3@@QEBA?BMAEBV0@@Z 00000001400021a0 f i Matrix44.obj
 0001:000011d0       ??DVector3@@QEBA?BV0@M@Z   00000001400021d0 f i Matrix44.obj
 0001:00001200       ??XVector3@@QEAAAEAV0@M@Z  0000000140002200 f i Matrix44.obj
 0001:00001230       ?Normalized@Vector3@@QEBA?BV1@XZ 0000000140002230 f i Matrix44.obj
 0001:000012a0       ??0Vector4@@QEAA@MMMM@Z    00000001400022a0 f i Matrix44.obj
 0001:000012c0       ??0exception@std@@QEAA@AEBV01@@Z 00000001400022c0 f i audio.obj
 0001:00001300       ?what@exception@std@@UEBAPEBDXZ 0000000140002300 f i audio.obj
 0001:00001320       ??_Elogic_error@std@@UEAAPEAXI@Z 0000000140002320 f i libcpmt:xthrow.obj
 0001:00001320       ??_Gbad_array_new_length@std@@UEAAPEAXI@Z 0000000140002320 f i audio.obj
 0001:00001320       ??_Ebad_exception@std@@UEAAPEAXI@Z 0000000140002320 f i libvcruntime:frame.obj
 0001:00001320       ??_Glength_error@std@@UEAAPEAXI@Z 0000000140002320 f i libcpmt:xthrow.obj
 0001:00001320       ??_Gbad_exception@std@@UEAAPEAXI@Z 0000000140002320 f i libvcruntime:frame.obj
 0001:00001320       ??_Ebad_array_new_length@std@@UEAAPEAXI@Z 0000000140002320 f i * CIL library *:* CIL module *
 0001:00001320       ??_Glogic_error@std@@UEAAPEAXI@Z 0000000140002320 f i libcpmt:xthrow.obj
 0001:00001320       ??_Eruntime_error@std@@UEAAPEAXI@Z 0000000140002320 f i * CIL library *:* CIL module *
 0001:00001320       ??_Gbad_alloc@std@@UEAAPEAXI@Z 0000000140002320 f i audio.obj
 0001:00001320       ??_Gexception@std@@UEAAPEAXI@Z 0000000140002320 f i audio.obj
 0001:00001320       ??_Eexception@std@@UEAAPEAXI@Z 0000000140002320 f i * CIL library *:* CIL module *
 0001:00001320       ??_Gruntime_error@std@@UEAAPEAXI@Z 0000000140002320 f i main.obj
 0001:00001320       ??_Elength_error@std@@UEAAPEAXI@Z 0000000140002320 f i libcpmt:xthrow.obj
 0001:00001320       ??_Ebad_alloc@std@@UEAAPEAXI@Z 0000000140002320 f i * CIL library *:* CIL module *
 0001:00001370       ??1system_error@std@@UEAA@XZ 0000000140002370 f i main.obj
 0001:00001370       ??1bad_array_new_length@std@@UEAA@XZ 0000000140002370 f i audio.obj
 0001:00001370       ??1length_error@std@@UEAA@XZ 0000000140002370 f i libcpmt:xthrow.obj
 0001:00001370       ??1bad_alloc@std@@UEAA@XZ  0000000140002370 f i audio.obj
 0001:00001370       ??1bad_exception@std@@UEAA@XZ 0000000140002370 f i libvcruntime:frame.obj
 0001:00001390       ??0bad_array_new_length@std@@QEAA@XZ 0000000140002390 f i audio.obj
 0001:000013c0       ?_Throw_bad_array_new_length@std@@YAXXZ 00000001400023c0 f i audio.obj
 0001:000013c0       ?__scrt_throw_std_bad_array_new_length@@YAXXZ 00000001400023c0 f i LIBCMT:throw_bad_alloc.obj
 0001:000013e0       ??0bad_array_new_length@std@@QEAA@AEBV01@@Z 00000001400023e0 f i audio.obj
 0001:00001420       ??0bad_alloc@std@@QEAA@AEBV01@@Z 0000000140002420 f i audio.obj
 0001:00001460       ?_Xlen_string@std@@YAXXZ   0000000140002460 f i audio.obj
 0001:00001480       ?Audio_Create@@YA_NIAEBV?$basic_string@DU?$char_traits@D@std@@V?$allocator@D@2@@std@@PEAUHWND__@@_N@Z 0000000140002480 f   audio.obj
 0001:000017d0       ?Audio_Rocket_Pause@@YAXPEAXH@Z 00000001400027d0 f   audio.obj
 0001:000017f0       ?Audio_Rocket_SetRow@@YAXPEAXH@Z 00000001400027f0 f   audio.obj
 0001:00001830       ?Audio_Rocket_IsPlaying@@YAHPEAX@Z 0000000140002830 f   audio.obj
 0001:00001840       ??1?$basic_string@DU?$char_traits@D@std@@V?$allocator@D@2@@std@@QEAA@XZ 0000000140002840 f i audio.obj
 0001:000018a0       ??0?$basic_string@DU?$char_traits@D@std@@V?$allocator@D@2@@std@@QEAA@QEBD@Z 00000001400028a0 f i audio.obj
 0001:000018e0       ?assign@?$basic_string@DU?$char_traits@D@std@@V?$allocator@D@2@@std@@QEAAAEAV12@QEBD@Z 00000001400028e0 f i audio.obj
 0001:00001900       ?assign@?$basic_string@DU?$char_traits@D@std@@V?$allocator@D@2@@std@@QEAAAEAV12@QEBD_K@Z 0000000140002900 f i audio.obj
 0001:00002930       ?Ball_Create@@YA_NXZ       0000000140003930 f   ball.obj
 0001:00002e40       ?HorizontalBoxBlur32@@YAXPEAIPEBIIIM@Z 0000000140003e40 f   boxblur.obj
 0001:00002fd0       ?VerticalBoxBlur32@@YAXPEAIPEBIIIM@Z 0000000140003fd0 f   boxblur.obj
 0001:00003150       ?Fx_Blit_2x2@@YAXPEAI0@Z   0000000140004150 f   fx-blitter.obj
 0001:000031c0       tinymt32_init              00000001400041c0 f   random.obj
 0001:000034a0       ?Shadertoy_Create@@YA_NXZ  00000001400044a0 f   shadertoy.obj
 0001:000047a0       ?RenderLaura_2x2@@YAXPEAIM@Z 00000001400057a0 f   shadertoy.obj
 0001:00004990       ?Demo_Create@@YA_NXZ       0000000140005990 f   demo.obj
 0001:00006060       ?Demo_Draw@@YAXPEAIMM@Z    0000000140007060 f   demo.obj
 0001:00007360       ?Open@Display@@QEAA_NAEBV?$basic_string@DU?$char_traits@D@std@@V?$allocator@D@2@@std@@II_N@Z 0000000140008360 f   display.obj
 0001:00007650       ?Gamepad_Update@@YA_NAEAUPadState@@@Z 0000000140008650 f   gamepad.obj
 0001:00007b60       ?Image_Load32@@YAPEAIAEBV?$basic_string@DU?$char_traits@D@std@@V?$allocator@D@2@@std@@@Z 0000000140008b60 f   image.obj
 0001:00007b70       ?deallocate@?$allocator@PEAX@std@@QEAAXQEAPEAX_K@Z 0000000140008b70 f i image.obj
 0001:00007bc0       ??$_Emplace_reallocate@AEBQEAX@?$vector@PEAXV?$allocator@PEAX@std@@@std@@QEAAPEAPEAXQEAPEAXAEBQEAX@Z 0000000140008bc0 f i image.obj
 0001:00007db0       ?_Xlength@?$vector@PEAXV?$allocator@PEAX@std@@@std@@CAXXZ 0000000140008db0 f i image.obj
 0001:000083a0       ?Landscape_Create@@YA_NXZ  00000001400093a0 f   landscape.obj
 0001:00008600       ??0runtime_error@std@@QEAA@AEBV01@@Z 0000000140009600 f i main.obj
 0001:00008640       ?default_error_condition@error_category@std@@UEBA?AVerror_condition@2@H@Z 0000000140009640 f i main.obj
 0001:00008650       ?equivalent@error_category@std@@UEBA_NHAEBVerror_condition@2@@Z 0000000140009650 f i main.obj
 0001:00008690       ?equivalent@error_category@std@@UEBA_NAEBVerror_code@2@H@Z 0000000140009690 f i main.obj
 0001:000086b0       ?make_error_code@std@@YA?AVerror_code@1@W4errc@1@@Z 00000001400096b0 f i main.obj
 0001:000086d0       ??0_System_error@std@@IEAA@Verror_code@1@AEBV?$basic_string@DU?$char_traits@D@std@@V?$allocator@D@2@@1@@Z 00000001400096d0 f i main.obj
 0001:00008870       ??_G_System_error@std@@UEAAPEAXI@Z 0000000140009870 f i main.obj
 0001:00008870       ??_Esystem_error@std@@UEAAPEAXI@Z 0000000140009870 f i * CIL library *:* CIL module *
 0001:00008870       ??_E_System_error@std@@UEAAPEAXI@Z 0000000140009870 f i * CIL library *:* CIL module *
 0001:00008870       ??_Gsystem_error@std@@UEAAPEAXI@Z 0000000140009870 f i main.obj
 0001:000088c0       ??0system_error@std@@QEAA@Verror_code@1@@Z 00000001400098c0 f i main.obj
 0001:00008970       ?_Throw_system_error@std@@YAXW4errc@1@@Z 0000000140009970 f i main.obj
 0001:000089b0       ??0system_error@std@@QEAA@AEBV01@@Z 00000001400099b0 f i main.obj
 0001:00008a10       ??0_System_error@std@@QEAA@AEBV01@@Z 0000000140009a10 f i main.obj
 0001:00008a60       ?name@_Generic_error_category@std@@UEBAPEBDXZ 0000000140009a60 f i main.obj
 0001:00008a70       ?message@_Generic_error_category@std@@UEBA?AV?$basic_string@DU?$char_traits@D@std@@V?$allocator@D@2@@2@H@Z 0000000140009a70 f i main.obj
 0001:00008ac0       ??_G_System_error_category@std@@UEAAPEAXI@Z 0000000140009ac0 f i main.obj
 0001:00008ac0       ??_G_Generic_error_category@std@@UEAAPEAXI@Z 0000000140009ac0 f i main.obj
 0001:00008ac0       ??_E_System_error_category@std@@UEAAPEAXI@Z 0000000140009ac0 f i * CIL library *:* CIL module *
 0001:00008ac0       ??_E_Generic_error_category@std@@UEAAPEAXI@Z 0000000140009ac0 f i * CIL library *:* CIL module *
 0001:00008af0       ?name@_System_error_category@std@@UEBAPEBDXZ 0000000140009af0 f i main.obj
 0001:00008b00       ?message@_System_error_category@std@@UEBA?AV?$basic_string@DU?$char_traits@D@std@@V?$allocator@D@2@@2@H@Z 0000000140009b00 f i main.obj
 0001:00008b70       ?default_error_condition@_System_error_category@std@@UEBA?AVerror_condition@2@H@Z 0000000140009b70 f i main.obj
 0001:00008bd0       ?_Make_ec@filesystem@std@@YA?AVerror_code@2@W4__std_win_error@@@Z 0000000140009bd0 f i main.obj
 0001:00008bf0       ?_Throw_system_error_from_std_win_error@filesystem@std@@YAXW4__std_win_error@@@Z 0000000140009bf0 f i main.obj
 0001:00008c30       ??0path@filesystem@std@@QEAA@AEBV012@@Z 0000000140009c30 f i main.obj
 0001:00008d30       ??0filesystem_error@filesystem@std@@QEAA@AEBV?$basic_string@DU?$char_traits@D@std@@V?$allocator@D@2@@2@AEBVpath@12@Verror_code@2@@Z 0000000140009d30 f i main.obj
 0001:00008e50       ?what@filesystem_error@filesystem@std@@UEBAPEBDXZ 0000000140009e50 f i main.obj
 0001:00008e60       ?_Pretty_message@filesystem_error@filesystem@std@@CA?AV?$basic_string@DU?$char_traits@D@std@@V?$allocator@D@2@@3@V?$basic_string_view@DU?$char_traits@D@std@@@3@AEBVpath@23@1@Z 0000000140009e60 f i main.obj
 0001:00009090       ??_Gfilesystem_error@filesystem@std@@UEAAPEAXI@Z 000000014000a090 f i main.obj
 0001:00009090       ??_Efilesystem_error@filesystem@std@@UEAAPEAXI@Z 000000014000a090 f i * CIL library *:* CIL module *
 0001:000091e0       ??1filesystem_error@filesystem@std@@UEAA@XZ 000000014000a1e0 f i main.obj
 0001:00009300       ??0filesystem_error@filesystem@std@@QEAA@AEBV012@@Z 000000014000a300 f i main.obj
 0001:00009380       ?_Throw_fs_error@filesystem@std@@YAXPEBDW4__std_win_error@@AEBVpath@12@@Z 000000014000a380 f i main.obj
 0001:000093f0       WinMain                    000000014000a3f0 f   main.obj
 0001:00009e10       ??0?$basic_string@DU?$char_traits@D@std@@V?$allocator@D@2@@std@@QEAA@AEBV01@@Z 000000014000ae10 f i main.obj
 0001:00009ef0       ?append@?$basic_string@DU?$char_traits@D@std@@V?$allocator@D@2@@std@@QEAAAEAV12@QEBD_K@Z 000000014000aef0 f i main.obj
 0001:00009f70       ??$_Convert_wide_to_narrow_replace_chars@U?$char_traits@D@std@@V?$allocator@D@2@@filesystem@std@@YA?AV?$basic_string@DU?$char_traits@D@std@@V?$allocator@D@2@@1@W4__std_code_page@@V?$basic_string_view@_WU?$char_traits@_W@std@@@1@AEBV?$allocator@D@1@@Z 000000014000af70 f i main.obj
 0001:0000a0c0       ??$_Reallocate_grow_by@V<lambda_1>@?1??reserve@?$basic_string@DU?$char_traits@D@std@@V?$allocator@D@2@@std@@QEAAX_K@Z@$$V@?$basic_string@DU?$char_traits@D@std@@V?$allocator@D@2@@std@@AEAAAEAV01@_KV<lambda_1>@?1??reserve@01@QEAAX0@Z@@Z 000000014000b0c0 f i main.obj
 0001:0000a210       ??$_Reallocate_grow_by@V<lambda_1>@?1??append@?$basic_string@_WU?$char_traits@_W@std@@V?$allocator@_W@2@@std@@QEAAAEAV34@_K_W@Z@_K_W@?$basic_string@_WU?$char_traits@_W@std@@V?$allocator@_W@2@@std@@AEAAAEAV01@_KV<lambda_1>@?1??append@01@QEAAAEAV01@0_W@Z@_K_W@Z 000000014000b210 f i main.obj
 0001:0000a3c0       ??$_Reallocate_grow_by@V<lambda_1>@?1??push_back@?$basic_string@DU?$char_traits@D@std@@V?$allocator@D@2@@std@@QEAAXD@Z@D@?$basic_string@DU?$char_traits@D@std@@V?$allocator@D@2@@std@@AEAAAEAV01@_KV<lambda_1>@?1??push_back@01@QEAAXD@Z@D@Z 000000014000b3c0 f i main.obj
 0001:0000a530       ??$_Reallocate_grow_by@V<lambda_1>@?1??append@?$basic_string@DU?$char_traits@D@std@@V?$allocator@D@2@@std@@QEAAAEAV34@QEBD_K@Z@PEBD_K@?$basic_string@DU?$char_traits@D@std@@V?$allocator@D@2@@std@@AEAAAEAV01@_KV<lambda_1>@?1??append@01@QEAAAEAV01@QEBD0@Z@PEBD_K@Z 000000014000b530 f i main.obj
 0001:0000a6b0       ??$_Reallocate_grow_by@V<lambda_1>@?1??append@?$basic_string@DU?$char_traits@D@std@@V?$allocator@D@2@@std@@QEAAAEAV34@_KD@Z@_KD@?$basic_string@DU?$char_traits@D@std@@V?$allocator@D@2@@std@@AEAAAEAV01@_KV<lambda_1>@?1??append@01@QEAAAEAV01@0D@Z@_KD@Z 000000014000b6b0 f i main.obj
 0001:0000aae0       ?Polar_Blit@@YAXPEAIPEBI_N@Z 000000014000bae0 f   polar.obj
 0001:0000ab20       ?Polar_BlitA@@YAXPEAIPEBI_N@Z 000000014000bb20 f   polar.obj
 0001:0000ab50       ?Shared_Create@@YA_NXZ     000000014000bb50 f   shared-resources.obj
 0001:0000b0d0       ?Twister_Create@@YA_NXZ    000000014000c0d0 f   torus-twister.obj
 0001:0000b780       ?Tunnelscape_Create@@YA_NXZ 000000014000c780 f   tunnelscape.obj
 0001:0000b9e0       ?Mix32@@YAXPEAIPEBIIE@Z    000000014000c9e0 f   util.obj
 0001:0000ba50       ?MixOver32@@YAXPEAIPEBII@Z 000000014000ca50 f   util.obj
 0001:0000ba90       ?Sub32@@YAXPEAIPEBII@Z     000000014000ca90 f   util.obj
 0001:0000bae0       ?Excl32@@YAXPEAIPEBII@Z    000000014000cae0 f   util.obj
 0001:0000bb20       ?SoftLight32@@YAXPEAIPEBII@Z 000000014000cb20 f   util.obj
 0001:0000bb60       ?Overlay32@@YAXPEAI0I@Z    000000014000cb60 f   util.obj
 0001:0000bba0       ?Overlay32A@@YAXPEAI0I@Z   000000014000cba0 f   util.obj
 0001:0000bbe0       ?Darken32_50@@YAXPEAI0I@Z  000000014000cbe0 f   util.obj
 0001:0000bc20       ?TapeWarp32@@YAXPEAIPEBIIIMM@Z 000000014000cc20 f   util.obj
 0001:0000bc80       ?MulSrc32@@YAXPEAIPEBII@Z  000000014000cc80 f   util.obj
 0001:0000bcd0       ?MulSrc32A@@YAXPEAIPEBII@Z 000000014000ccd0 f   util.obj
 0001:0000bd20       ?MixSrc32@@YAXPEAIPEBII@Z  000000014000cd20 f   util.obj
 0001:0000bd70       ?BlitSrc32@@YAXPEAIPEBIIII@Z 000000014000cd70 f   util.obj
 0001:0000bdf0       ?BlitSrc32A@@YAXPEAIPEBIIIIM@Z 000000014000cdf0 f   util.obj
 0001:0000be90       ?BlitAdd32A@@YAXPEAIPEBIIIIM@Z 000000014000ce90 f   util.obj
 0001:0000bf30       ?Fade32@@YAXPEAIIIE@Z      000000014000cf30 f   util.obj
 0001:0000bfb0       ??2@YAPEAX_K@Z             000000014000cfb0 f   LIBCMT:new_scalar.obj
 0001:0000bfec       ??3@YAXPEAX@Z              000000014000cfec f   LIBCMT:delete_scalar.obj
 0001:0000bff4       ??3@YAXPEAX_K@Z            000000014000cff4 f   LIBCMT:delete_scalar_size.obj
 0001:0000bffc       ??_Etype_info@@UEAAPEAXI@Z 000000014000cffc f i LIBCMT:std_type_info_static.obj
 0001:0000bffc       ??_Gtype_info@@UEAAPEAXI@Z 000000014000cffc f i LIBCMT:std_type_info_static.obj
 0001:0000c028       __scrt_acquire_startup_lock 000000014000d028 f   LIBCMT:utility.obj
 0001:0000c064       __scrt_initialize_crt      000000014000d064 f   LIBCMT:utility.obj
 0001:0000c0b0       __scrt_initialize_onexit_tables 000000014000d0b0 f   LIBCMT:utility.obj
 0001:0000c13c       __scrt_is_nonwritable_in_current_image 000000014000d13c f   LIBCMT:utility.obj
 0001:0000c1d4       __scrt_release_startup_lock 000000014000d1d4 f   LIBCMT:utility.obj
 0001:0000c1f8       __scrt_uninitialize_crt    000000014000d1f8 f   LIBCMT:utility.obj
 0001:0000c224       _onexit                    000000014000d224 f   LIBCMT:utility.obj
 0001:0000c260       atexit                     000000014000d260 f   LIBCMT:utility.obj
 0001:0000c4d0       WinMainCRTStartup          000000014000d4d0 f   LIBCMT:exe_winmain.obj
 0001:0000c4e4       ??0bad_alloc@std@@QEAA@XZ  000000014000d4e4 f i LIBCMT:throw_bad_alloc.obj
 0001:0000c504       ?__scrt_throw_std_bad_alloc@@YAXXZ 000000014000d504 f   LIBCMT:throw_bad_alloc.obj
 0001:0000c524       __isa_available_init       000000014000d524 f   LIBCMT:cpu_disp.obj
 0001:0000c6c8       _get_startup_argv_mode     000000014000d6c8 f   LIBCMT:argv_mode.obj
 0001:0000c6d0       __scrt_is_ucrt_dll_in_use  000000014000d6d0 f   LIBCMT:ucrt_detection.obj
 0001:0000c6dc       __crt_debugger_hook        000000014000d6dc f   LIBCMT:utility_desktop.obj
 0001:0000c6e4       __scrt_fastfail            000000014000d6e4 f   LIBCMT:utility_desktop.obj
 0001:0000c830       __scrt_get_show_window_mode 000000014000d830 f   LIBCMT:utility_desktop.obj
 0001:0000c86c       __scrt_initialize_mta      000000014000d86c f   LIBCMT:utility_desktop.obj
 0001:0000c874       __scrt_initialize_winrt    000000014000d874 f   LIBCMT:utility_desktop.obj
 0001:0000c874       _matherr                   000000014000d874 f   LIBCMT:matherr.obj
 0001:0000c874       _get_startup_thread_locale_mode 000000014000d874 f   LIBCMT:thread_locale.obj
 0001:0000c874       __scrt_exe_initialize_mta  000000014000d874 f   LIBCMT:utility_desktop.obj
 0001:0000c874       __scrt_stub_for_initialize_mta 000000014000d874 f   LIBCMT:utility_desktop.obj
 0001:0000c874       _get_startup_new_mode      000000014000d874 f   LIBCMT:new_mode.obj
 0001:0000c874       _get_startup_commit_mode   000000014000d874 f   LIBCMT:commit_mode.obj
 0001:0000c878       __scrt_is_managed_app      000000014000d878 f   LIBCMT:utility_desktop.obj
 0001:0000c8cc       __scrt_set_unhandled_exception_filter 000000014000d8cc f   LIBCMT:utility_desktop.obj
 0001:0000c8dc       __scrt_unhandled_exception_filter 000000014000d8dc f   LIBCMT:utility_desktop.obj
 0001:0000c938       _initialize_denormal_control 000000014000d938 f i LIBCMT:denormal_control.obj
 0001:0000c938       _guard_check_icall_nop     000000014000d938 f i LIBCMT:guard_support.obj
 0001:0000c938       _initialize_invalid_parameter_handler 000000014000d938 f i LIBCMT:invalid_parameter_handler.obj
 0001:0000c93c       __security_init_cookie     000000014000d93c f   LIBCMT:gs_support.obj
 0001:0000c9e8       _get_startup_file_mode     000000014000d9e8 f   LIBCMT:file_mode.obj
 0001:0000c9f0       ?__scrt_initialize_type_info@@YAXXZ 000000014000d9f0 f   LIBCMT:tncleanup.obj
 0001:0000ca00       _should_initialize_environment 000000014000da00 f   LIBCMT:env_mode.obj
 0001:0000ca00       __acrt_uninitialize_command_line 000000014000da00 f   libucrt:argv_data.obj
 0001:0000ca04       __local_stdio_scanf_options 000000014000da04 f i LIBCMT:default_local_stdio_options.obj
 0001:0000ca0c       __scrt_initialize_default_local_stdio_options 000000014000da0c f   LIBCMT:default_local_stdio_options.obj
 0001:0000ca28       __scrt_is_user_matherr_present 000000014000da28 f   LIBCMT:matherr_detection.obj
 0001:0000ca34       __scrt_get_dyn_tls_init_callback 000000014000da34 f   LIBCMT:dyn_tls_init.obj
 0001:0000ca3c       __scrt_get_dyn_tls_dtor_callback 000000014000da3c f   LIBCMT:dyn_tls_dtor.obj
 0001:0000ca44       _RTC_Initialize            000000014000da44 f   LIBCMT:initsect.obj
 0001:0000ca80       _RTC_Terminate             000000014000da80 f   LIBCMT:initsect.obj
 0001:0000cac0       ??0length_error@std@@QEAA@AEBV01@@Z 000000014000dac0 f i libcpmt:xthrow.obj
 0001:0000cafc       ??0length_error@std@@QEAA@PEBD@Z 000000014000dafc f i libcpmt:xthrow.obj
 0001:0000cb44       ??0logic_error@std@@QEAA@AEBV01@@Z 000000014000db44 f i libcpmt:xthrow.obj
 0001:0000cb80       ?_Xlength_error@std@@YAXPEBD@Z 000000014000db80 f   libcpmt:xthrow.obj
 0001:0000cba4       __std_system_error_allocate_message 000000014000dba4 f   libcpmt:syserror_import_lib.obj
 0001:0000cc04       __std_system_error_deallocate_message 000000014000dc04 f   libcpmt:syserror_import_lib.obj
 0001:0000cc0c       __std_fs_code_page         000000014000dc0c f   libcpmt:filesystem.obj
 0001:0000cc34       __std_fs_convert_narrow_to_wide 000000014000dc34 f   libcpmt:filesystem.obj
 0001:0000cc7c       __std_fs_convert_wide_to_narrow_replace_chars 000000014000dc7c f   libcpmt:filesystem.obj
 0001:0000cd48       __std_fs_set_current_path  000000014000dd48 f   libcpmt:filesystem.obj
 0001:0000cd68       ?_Syserror_map@std@@YAPEBDH@Z 000000014000dd68 f   libcpmt:syserror.obj
 0001:0000cd90       ?_Winerror_map@std@@YAHH@Z 000000014000dd90 f   libcpmt:syserror.obj
 0001:0000cdb4       strchr                     000000014000ddb4 f   libvcruntime:strchr.obj
 0001:0000ce34       __std_exception_copy       000000014000de34 f   libvcruntime:std_exception.obj
 0001:0000cec4       __std_exception_destroy    000000014000dec4 f   libvcruntime:std_exception.obj
 0001:0000ceec       __vcrt_initialize          000000014000deec f   libvcruntime:initialization.obj
 0001:0000cf14       __vcrt_uninitialize        000000014000df14 f   libvcruntime:initialization.obj
 0001:0000cf30       __C_specific_handler       000000014000df30 f   libvcruntime:riscchandler.obj
 0001:0000d13c       _CxxThrowException         000000014000e13c f   libvcruntime:throw.obj
 0001:0000d1dc       __DestructExceptionObject  000000014000e1dc f   libvcruntime:ehhelpers.obj
 0001:0000d24c       ?_CallMemberFunction0@@YAXQEAX0@Z 000000014000e24c f i libvcruntime:ehhelpers.obj
 0001:0000d250       _IsExceptionObjectToBeDestroyed 000000014000e250 f   libvcruntime:ehhelpers.obj
 0001:0000d280       __AdjustPointer            000000014000e280 f   libvcruntime:ehhelpers.obj
 0001:0000d2a4       __FrameUnwindFilter        000000014000e2a4 f   libvcruntime:ehhelpers.obj
 0001:0000d30c       __current_exception        000000014000e30c f   libvcruntime:ehhelpers.obj
 0001:0000d320       __current_exception_context 000000014000e320 f   libvcruntime:ehhelpers.obj
 0001:0000d334       __std_terminate            000000014000e334 f   libvcruntime:ehhelpers.obj
 0001:0000d350       memset_repmovs             000000014000e350 f   libvcruntime:memset.obj
 0001:0000d370       memset                     000000014000e370 f   libvcruntime:memset.obj
 0001:0000d500       __std_type_info_compare    000000014000e500 f   libvcruntime:std_type_info.obj
 0001:0000d528       __vcrt_freefls             000000014000e528 f   libvcruntime:per_thread_data.obj
 0001:0000d548       __vcrt_getptd              000000014000e548 f   libvcruntime:per_thread_data.obj
 0001:0000d564       __vcrt_getptd_noexit       000000014000e564 f   libvcruntime:per_thread_data.obj
 0001:0000d624       __vcrt_initialize_ptd      000000014000e624 f   libvcruntime:per_thread_data.obj
 0001:0000d66c       __vcrt_uninitialize_ptd    000000014000e66c f   libvcruntime:per_thread_data.obj
 0001:0000d690       __vcrt_initialize_locks    000000014000e690 f   libvcruntime:locks.obj
 0001:0000d6c4       __vcrt_uninitialize_locks  000000014000e6c4 f   libvcruntime:locks.obj
 0001:0000d710       _NLG_Notify                000000014000e710 f   libvcruntime:notify.obj
 0001:0000d730       __NLG_Dispatch2            000000014000e730 f   libvcruntime:notify.obj
 0001:0000d740       __NLG_Return2              000000014000e740 f   libvcruntime:notify.obj
 0001:0000d744       __except_validate_context_record 000000014000e744 f   libvcruntime:jbcxrval.obj
 0001:0000d8cc       __vcrt_FlsAlloc            000000014000e8cc f   libvcruntime:winapi_downlevel.obj
 0001:0000d914       __vcrt_FlsFree             000000014000e914 f   libvcruntime:winapi_downlevel.obj
 0001:0000d95c       __vcrt_FlsGetValue         000000014000e95c f   libvcruntime:winapi_downlevel.obj
 0001:0000d9a4       __vcrt_FlsSetValue         000000014000e9a4 f   libvcruntime:winapi_downlevel.obj
 0001:0000d9f8       __vcrt_InitializeCriticalSectionEx 000000014000e9f8 f   libvcruntime:winapi_downlevel.obj
 0001:0000da5c       ??$_CallSETranslator@V__FrameHandler3@@@@YAHPEAUEHExceptionRecord@@PEA_KPEAU_CONTEXT@@PEAU_xDISPATCHER_CONTEXT@@PEBU_s_FuncInfo@@K1H@Z 000000014000ea5c f i libvcruntime:risctrnsctrl.obj
 0001:0000dab0       ??$_CallSETranslator@V__FrameHandler4@@@@YAHPEAUEHExceptionRecord@@PEA_KPEAU_CONTEXT@@PEAU_xDISPATCHER_CONTEXT@@PEAUFuncInfo4@FH4@@K1H@Z 000000014000eab0 f i libvcruntime:risctrnsctrl.obj
 0001:0000db04       ?CatchTryBlock@__FrameHandler3@@SAPEBU_s_TryBlockMapEntry@@PEBU_s_FuncInfo@@H@Z 000000014000eb04 f   libvcruntime:risctrnsctrl.obj
 0001:0000db58       ?DecompFuncInfo@FH4@@YA_JPEAEAEAUFuncInfo4@1@_KH_N@Z 000000014000eb58 f i libvcruntime:risctrnsctrl.obj
 0001:0000dc7c       ?ExecutionInCatch@__FrameHandler3@@SA_NPEAU_xDISPATCHER_CONTEXT@@PEBU_s_FuncInfo@@@Z 000000014000ec7c f   libvcruntime:risctrnsctrl.obj
 0001:0000dca8       ?ExecutionInCatch@__FrameHandler4@@SA_NPEAU_xDISPATCHER_CONTEXT@@PEAUFuncInfo4@FH4@@@Z 000000014000eca8 f   libvcruntime:risctrnsctrl.obj
 0001:0000dcb0       ?FrameUnwindToEmptyState@__FrameHandler3@@SAXPEA_KPEAU_xDISPATCHER_CONTEXT@@PEBU_s_FuncInfo@@@Z 000000014000ecb0 f   libvcruntime:risctrnsctrl.obj
 0001:0000dd14       ?FrameUnwindToEmptyState@__FrameHandler4@@SAXPEA_KPEAU_xDISPATCHER_CONTEXT@@PEAUFuncInfo4@FH4@@@Z 000000014000ed14 f   libvcruntime:risctrnsctrl.obj
 0001:0000dd48       ?GetEstablisherFrame@__FrameHandler3@@SAPEA_KPEA_KPEAU_xDISPATCHER_CONTEXT@@PEBU_s_FuncInfo@@0@Z 000000014000ed48 f   libvcruntime:risctrnsctrl.obj
 0001:0000de14       ?GetEstablisherFrame@__FrameHandler4@@SAPEA_KPEA_KPEAU_xDISPATCHER_CONTEXT@@PEAUFuncInfo4@FH4@@0@Z 000000014000ee14 f   libvcruntime:risctrnsctrl.obj
 0001:0000de38       ?GetRangeOfTrysToCheck@__FrameHandler3@@SA?AU?$pair@Viterator@TryBlockMap@__FrameHandler3@@V123@@std@@AEAVTryBlockMap@1@HPEAU_xDISPATCHER_CONTEXT@@PEBU_s_FuncInfo@@H@Z 000000014000ee38 f   libvcruntime:risctrnsctrl.obj
 0001:0000df78       ?GetRangeOfTrysToCheck@__FrameHandler4@@SA?AU?$pair@Viterator@TryBlockMap4@FH4@@V123@@std@@AEAVTryBlockMap4@FH4@@HPEAU_xDISPATCHER_CONTEXT@@PEAUFuncInfo4@5@H@Z 000000014000ef78 f   libvcruntime:risctrnsctrl.obj
 0001:0000e0e0       ?UnwindNestedFrames@__FrameHandler3@@SAXPEA_KPEAUEHExceptionRecord@@PEAU_CONTEXT@@0PEAXPEBU_s_FuncInfo@@HHPEBU_s_HandlerType@@PEAU_xDISPATCHER_CONTEXT@@E@Z 000000014000f0e0 f   libvcruntime:risctrnsctrl.obj
 0001:0000e1e4       ?UnwindNestedFrames@__FrameHandler4@@SAXPEA_KPEAUEHExceptionRecord@@PEAU_CONTEXT@@0PEAXPEAUFuncInfo4@FH4@@HHPEAUHandlerType4@5@PEAU_xDISPATCHER_CONTEXT@@E@Z 000000014000f1e4 f   libvcruntime:risctrnsctrl.obj
 0001:0000e304       ?setBuffer@TryBlockMap4@FH4@@QEAAXViterator@12@@Z 000000014000f304 f i libvcruntime:risctrnsctrl.obj
 0001:0000e4c4       _CreateFrameInfo           000000014000f4c4 f   libvcruntime:risctrnsctrl.obj
 0001:0000e500       _FindAndUnlinkFrame        000000014000f500 f   libvcruntime:risctrnsctrl.obj
 0001:0000e554       _GetImageBase              000000014000f554 f   libvcruntime:risctrnsctrl.obj
 0001:0000e568       _GetThrowImageBase         000000014000f568 f   libvcruntime:risctrnsctrl.obj
 0001:0000e57c       _SetImageBase              000000014000f57c f   libvcruntime:risctrnsctrl.obj
 0001:0000e594       _SetThrowImageBase         000000014000f594 f   libvcruntime:risctrnsctrl.obj
 0001:0000e5ac       __CxxFrameHandler3         000000014000f5ac f   libvcruntime:risctrnsctrl.obj
 0001:0000e634       __CxxFrameHandler4         000000014000f634 f   libvcruntime:risctrnsctrl.obj
 0001:0000e710       memcpy_repmovs             000000014000f710 f   libvcruntime:memcpy.obj
 0001:0000e730       memmove                    000000014000f730 f   libvcruntime:memcpy.obj
 0001:0000e730       memcpy                     000000014000f730 f   libvcruntime:memcpy.obj
 0001:0000eda8       ?GetCurrentState@__FrameHandler3@@SAHPEA_KPEAU_xDISPATCHER_CONTEXT@@PEBU_s_FuncInfo@@@Z 000000014000fda8 f   libvcruntime:ehstate.obj
 0001:0000edd0       ?GetUnwindTryBlock@__FrameHandler3@@SAHPEA_KPEAU_xDISPATCHER_CONTEXT@@PEBU_s_FuncInfo@@@Z 000000014000fdd0 f   libvcruntime:ehstate.obj
 0001:0000edfc       ?SetState@__FrameHandler3@@SAXPEA_KPEBU_s_FuncInfo@@H@Z 000000014000fdfc f   libvcruntime:ehstate.obj
 0001:0000ee08       ?SetUnwindTryBlock@__FrameHandler3@@SAXPEA_KPEAU_xDISPATCHER_CONTEXT@@PEBU_s_FuncInfo@@H@Z 000000014000fe08 f   libvcruntime:ehstate.obj
 0001:0000ee44       ?StateFromControlPc@__FrameHandler3@@SAHPEBU_s_FuncInfo@@PEAU_xDISPATCHER_CONTEXT@@@Z 000000014000fe44 f   libvcruntime:ehstate.obj
 0001:0000ee4c       ?StateFromControlPc@__FrameHandler4@@SAHPEAUFuncInfo4@FH4@@PEAU_xDISPATCHER_CONTEXT@@@Z 000000014000fe4c f   libvcruntime:ehstate.obj
 0001:0000ee54       ?StateFromIp@__FrameHandler3@@SAHPEBU_s_FuncInfo@@PEAU_xDISPATCHER_CONTEXT@@_K@Z 000000014000fe54 f   libvcruntime:ehstate.obj
 0001:0000eebc       ?StateFromIp@__FrameHandler4@@SAHPEAUFuncInfo4@FH4@@PEAU_xDISPATCHER_CONTEXT@@_K@Z 000000014000febc f   libvcruntime:ehstate.obj
 0001:000105a0       ??$TypeMatchHelper@V__FrameHandler3@@@@YAHPEBU_s_HandlerType@@PEBU_s_CatchableType@@PEBU_s_ThrowInfo@@@Z 00000001400115a0 f i libvcruntime:frame.obj
 0001:000106e0       ??$TypeMatchHelper@V__FrameHandler4@@@@YAHPEAUHandlerType4@FH4@@PEBU_s_CatchableType@@PEBU_s_ThrowInfo@@@Z 00000001400116e0 f i libvcruntime:frame.obj
 0001:00010824       ??$__InternalCxxFrameHandler@V__FrameHandler3@@@@YA?AW4_EXCEPTION_DISPOSITION@@PEAUEHExceptionRecord@@PEA_KPEAU_CONTEXT@@PEAU_xDISPATCHER_CONTEXT@@PEBU_s_FuncInfo@@H1E@Z 0000000140011824 f i libvcruntime:frame.obj
 0001:00010a5c       ??$__InternalCxxFrameHandler@V__FrameHandler4@@@@YA?AW4_EXCEPTION_DISPOSITION@@PEAUEHExceptionRecord@@PEA_KPEAU_CONTEXT@@PEAU_xDISPATCHER_CONTEXT@@PEAUFuncInfo4@FH4@@H1E@Z 0000000140011a5c f i libvcruntime:frame.obj
 0001:00010cf0       ??0HandlerMap4@FH4@@QEAA@PEBUTryBlockMapEntry4@1@_KH@Z 0000000140011cf0 f i libvcruntime:frame.obj
 0001:00010d6c       ??0TryBlockMap4@FH4@@QEAA@PEBUFuncInfo4@1@_K@Z 0000000140011d6c f i libvcruntime:frame.obj
 0001:00010e44       ??0bad_exception@std@@QEAA@AEBV01@@Z 0000000140011e44 f i libvcruntime:frame.obj
 0001:00010e80       ??0bad_exception@std@@QEAA@XZ 0000000140011e80 f i libvcruntime:frame.obj
 0001:00010ea0       ?CxxCallCatchBlock@__FrameHandler3@@SAPEAXPEAU_EXCEPTION_RECORD@@@Z 0000000140011ea0 f   libvcruntime:frame.obj
 0001:0001108c       ?CxxCallCatchBlock@__FrameHandler4@@SAPEAXPEAU_EXCEPTION_RECORD@@@Z 000000014001208c f   libvcruntime:frame.obj
 0001:000112dc       ?DecompHandler@HandlerMap4@FH4@@AEAAXXZ 00000001400122dc f i libvcruntime:frame.obj
 0001:0001151c       ?FrameUnwindToState@__FrameHandler3@@SAXPEA_KPEAU_xDISPATCHER_CONTEXT@@PEBU_s_FuncInfo@@H@Z 000000014001251c f   libvcruntime:frame.obj
 0001:000116a8       ?FrameUnwindToState@__FrameHandler4@@SAXPEA_KPEAU_xDISPATCHER_CONTEXT@@PEAUFuncInfo4@FH4@@H@Z 00000001400126a8 f   libvcruntime:frame.obj
 0001:00011990       ?GetHandlerSearchState@__FrameHandler3@@SAHPEA_KPEAU_xDISPATCHER_CONTEXT@@PEBU_s_FuncInfo@@@Z 0000000140012990 f i libvcruntime:frame.obj
 0001:00011ba0       ?ReadEntry@UWMap4@FH4@@AEAAXPEAPEAE@Z 0000000140012ba0 f i libvcruntime:frame.obj
 0001:00011c40       ?_CallMemberFunction1@@YAXQEAX00@Z 0000000140012c40 f i libvcruntime:frame.obj
 0001:00011c4c       ?_CallMemberFunction2@@YAXQEAX00H@Z 0000000140012c4c f i libvcruntime:frame.obj
 0001:00011c5c       ?getStartStop@UWMap4@FH4@@QEAAXHHAEAViterator@12@0@Z 0000000140012c5c f i libvcruntime:frame.obj
 0001:00011d2c       ?getStateFromIterators@UWMap4@FH4@@SAHAEBViterator@12@H0H0@Z 0000000140012d2c f i libvcruntime:frame.obj
 0001:00011e10       _CallSettingFrame          0000000140012e10 f   libvcruntime:handlers.obj
 0001:00011e60       _CallSettingFrame_LookupContinuationIndex 0000000140012e60 f   libvcruntime:handlers.obj
 0001:00011e90       _CallSettingFrame_NotifyContinuationAddr 0000000140012e90 f   libvcruntime:handlers.obj
 0001:00011ec0       _CallSettingFrameEncoded   0000000140012ec0 f   libvcruntime:handlers.obj
 0001:00011fc4       fopen                      0000000140012fc4 f   libucrt:fopen.obj
 0001:00011fd0       __acrt_initialize_stdio    0000000140012fd0 f   libucrt:_file.obj
 0001:000120f0       __acrt_iob_func            00000001400130f0 f   libucrt:_file.obj
 0001:00012104       __acrt_uninitialize_stdio  0000000140013104 f   libucrt:_file.obj
 0001:00012160       _lock_file                 0000000140013160 f   libucrt:_file.obj
 0001:0001216c       _unlock_file               000000014001316c f   libucrt:_file.obj
 0001:0001229c       ?get_raw_ptd@__crt_cached_ptd_host@@QEAAPEAU__acrt_ptd@@XZ 000000014001329c f i libucrt:fclose.obj
 0001:00012304       fclose                     0000000140013304 f   libucrt:fclose.obj
 0001:0001239c       realloc                    000000014001339c f   libucrt:realloc.obj
 0001:000123e4       ??$ensure_buffer_is_big_enough@D@formatting_buffer@__crt_stdio_output@@QEAA_N_KAEAV__crt_cached_ptd_host@@@Z 00000001400133e4 f i libucrt:output.obj
 0001:0001248c       ??$parse_integer@KV?$c_string_character_source@D@__crt_strtox@@$0A@@__crt_strtox@@YAKAEAV__crt_cached_ptd_host@@V?$c_string_character_source@D@0@H_N@Z 000000014001348c f i libucrt:output.obj
 0001:00012740       ??$type_case_integer@$07@?$output_processor@DV?$string_output_adapter@D@__crt_stdio_output@@V?$standard_base@DV?$string_output_adapter@D@__crt_stdio_output@@@2@@__crt_stdio_output@@AEAA_N_N@Z 0000000140013740 f i libucrt:output.obj
 0001:00012740       ??$type_case_integer@$07@?$output_processor@DV?$stream_output_adapter@D@__crt_stdio_output@@V?$standard_base@DV?$stream_output_adapter@D@__crt_stdio_output@@@2@@__crt_stdio_output@@AEAA_N_N@Z 0000000140013740 f i libucrt:output.obj
 0001:00012944       ??$type_case_integer@$09@?$output_processor@DV?$string_output_adapter@D@__crt_stdio_output@@V?$standard_base@DV?$string_output_adapter@D@__crt_stdio_output@@@2@@__crt_stdio_output@@AEAA_N_N@Z 0000000140013944 f i libucrt:output.obj
 0001:00012944       ??$type_case_integer@$09@?$output_processor@DV?$stream_output_adapter@D@__crt_stdio_output@@V?$standard_base@DV?$stream_output_adapter@D@__crt_stdio_output@@@2@@__crt_stdio_output@@AEAA_N_N@Z 0000000140013944 f i libucrt:output.obj
 0001:00012b48       ??$type_case_integer@$0BA@@?$output_processor@DV?$string_output_adapter@D@__crt_stdio_output@@V?$standard_base@DV?$string_output_adapter@D@__crt_stdio_output@@@2@@__crt_stdio_output@@AEAA_N_N@Z 0000000140013b48 f i libucrt:output.obj
 0001:00012b48       ??$type_case_integer@$0BA@@?$output_processor@DV?$stream_output_adapter@D@__crt_stdio_output@@V?$standard_base@DV?$stream_output_adapter@D@__crt_stdio_output@@@2@@__crt_stdio_output@@AEAA_N_N@Z 0000000140013b48 f i libucrt:output.obj
 0001:00012d4c       ??$type_case_integer_parse_into_buffer@I$07@?$output_processor@DV?$string_output_adapter@D@__crt_stdio_output@@V?$standard_base@DV?$string_output_adapter@D@__crt_stdio_output@@@2@@__crt_stdio_output@@AEAAXI_N@Z 0000000140013d4c f i libucrt:output.obj
 0001:00012d4c       ??$type_case_integer_parse_into_buffer@I$07@?$output_processor@DV?$stream_output_adapter@D@__crt_stdio_output@@V?$standard_base@DV?$stream_output_adapter@D@__crt_stdio_output@@@2@@__crt_stdio_output@@AEAAXI_N@Z 0000000140013d4c f i libucrt:output.obj
 0001:00012dbc       ??$type_case_integer_parse_into_buffer@I$09@?$output_processor@DV?$stream_output_adapter@D@__crt_stdio_output@@V?$standard_base@DV?$stream_output_adapter@D@__crt_stdio_output@@@2@@__crt_stdio_output@@AEAAXI_N@Z 0000000140013dbc f i libucrt:output.obj
 0001:00012dbc       ??$type_case_integer_parse_into_buffer@I$09@?$output_processor@DV?$string_output_adapter@D@__crt_stdio_output@@V?$standard_base@DV?$string_output_adapter@D@__crt_stdio_output@@@2@@__crt_stdio_output@@AEAAXI_N@Z 0000000140013dbc f i libucrt:output.obj
 0001:00012e68       ??$type_case_integer_parse_into_buffer@I$0BA@@?$output_processor@DV?$stream_output_adapter@D@__crt_stdio_output@@V?$standard_base@DV?$stream_output_adapter@D@__crt_stdio_output@@@2@@__crt_stdio_output@@AEAAXI_N@Z 0000000140013e68 f i libucrt:output.obj
 0001:00012e68       ??$type_case_integer_parse_into_buffer@I$0BA@@?$output_processor@DV?$string_output_adapter@D@__crt_stdio_output@@V?$standard_base@DV?$string_output_adapter@D@__crt_stdio_output@@@2@@__crt_stdio_output@@AEAAXI_N@Z 0000000140013e68 f i libucrt:output.obj
 0001:00012eec       ??$type_case_integer_parse_into_buffer@_K$07@?$output_processor@DV?$string_output_adapter@D@__crt_stdio_output@@V?$standard_base@DV?$string_output_adapter@D@__crt_stdio_output@@@2@@__crt_stdio_output@@AEAAX_K_N@Z 0000000140013eec f i libucrt:output.obj
 0001:00012eec       ??$type_case_integer_parse_into_buffer@_K$07@?$output_processor@DV?$stream_output_adapter@D@__crt_stdio_output@@V?$standard_base@DV?$stream_output_adapter@D@__crt_stdio_output@@@2@@__crt_stdio_output@@AEAAX_K_N@Z 0000000140013eec f i libucrt:output.obj
 0001:00012f5c       ??$type_case_integer_parse_into_buffer@_K$09@?$output_processor@DV?$stream_output_adapter@D@__crt_stdio_output@@V?$standard_base@DV?$stream_output_adapter@D@__crt_stdio_output@@@2@@__crt_stdio_output@@AEAAX_K_N@Z 0000000140013f5c f i libucrt:output.obj
 0001:00012f5c       ??$type_case_integer_parse_into_buffer@_K$09@?$output_processor@DV?$string_output_adapter@D@__crt_stdio_output@@V?$standard_base@DV?$string_output_adapter@D@__crt_stdio_output@@@2@@__crt_stdio_output@@AEAAX_K_N@Z 0000000140013f5c f i libucrt:output.obj
 0001:0001300c       ??$type_case_integer_parse_into_buffer@_K$0BA@@?$output_processor@DV?$stream_output_adapter@D@__crt_stdio_output@@V?$standard_base@DV?$stream_output_adapter@D@__crt_stdio_output@@@2@@__crt_stdio_output@@AEAAX_K_N@Z 000000014001400c f i libucrt:output.obj
 0001:0001300c       ??$type_case_integer_parse_into_buffer@_K$0BA@@?$output_processor@DV?$string_output_adapter@D@__crt_stdio_output@@V?$standard_base@DV?$string_output_adapter@D@__crt_stdio_output@@@2@@__crt_stdio_output@@AEAAX_K_N@Z 000000014001400c f i libucrt:output.obj
 0001:000131ac       ?crop_zeroes@__crt_stdio_output@@YAXPEADQEAU__crt_locale_pointers@@@Z 00000001400141ac f i libucrt:output.obj
 0001:00013218       ?parse_int_from_format_string@?$output_processor@DV?$stream_output_adapter@D@__crt_stdio_output@@V?$standard_base@DV?$stream_output_adapter@D@__crt_stdio_output@@@2@@__crt_stdio_output@@AEAA_NQEAH@Z 0000000140014218 f i libucrt:output.obj
 0001:00013218       ?parse_int_from_format_string@?$output_processor@DV?$string_output_adapter@D@__crt_stdio_output@@V?$standard_base@DV?$string_output_adapter@D@__crt_stdio_output@@@2@@__crt_stdio_output@@AEAA_NQEAH@Z 0000000140014218 f i libucrt:output.obj
 0001:000132a8       ?process@?$output_processor@DV?$stream_output_adapter@D@__crt_stdio_output@@V?$standard_base@DV?$stream_output_adapter@D@__crt_stdio_output@@@2@@__crt_stdio_output@@QEAAHXZ 00000001400142a8 f i libucrt:output.obj
 0001:00013640       ?process@?$output_processor@DV?$string_output_adapter@D@__crt_stdio_output@@V?$standard_base@DV?$string_output_adapter@D@__crt_stdio_output@@@2@@__crt_stdio_output@@QEAAHXZ 0000000140014640 f i libucrt:output.obj
 0001:000139c0       ?state_case_size@?$output_processor@DV?$stream_output_adapter@D@__crt_stdio_output@@V?$standard_base@DV?$stream_output_adapter@D@__crt_stdio_output@@@2@@__crt_stdio_output@@AEAA_NXZ 00000001400149c0 f i libucrt:output.obj
 0001:00013b48       ?state_case_size@?$output_processor@DV?$string_output_adapter@D@__crt_stdio_output@@V?$standard_base@DV?$string_output_adapter@D@__crt_stdio_output@@@2@@__crt_stdio_output@@AEAA_NXZ 0000000140014b48 f i libucrt:output.obj
 0001:00013cd0       ?state_case_type@?$output_processor@DV?$stream_output_adapter@D@__crt_stdio_output@@V?$standard_base@DV?$stream_output_adapter@D@__crt_stdio_output@@@2@@__crt_stdio_output@@AEAA_NXZ 0000000140014cd0 f i libucrt:output.obj
 0001:00014108       ?state_case_type@?$output_processor@DV?$string_output_adapter@D@__crt_stdio_output@@V?$standard_base@DV?$string_output_adapter@D@__crt_stdio_output@@@2@@__crt_stdio_output@@AEAA_NXZ 0000000140015108 f i libucrt:output.obj
 0001:0001450c       ?type_case_Z@?$output_processor@DV?$stream_output_adapter@D@__crt_stdio_output@@V?$standard_base@DV?$stream_output_adapter@D@__crt_stdio_output@@@2@@__crt_stdio_output@@AEAA_NXZ 000000014001550c f i libucrt:output.obj
 0001:0001450c       ?type_case_Z@?$output_processor@DV?$string_output_adapter@D@__crt_stdio_output@@V?$standard_base@DV?$string_output_adapter@D@__crt_stdio_output@@@2@@__crt_stdio_output@@AEAA_NXZ 000000014001550c f i libucrt:output.obj
 0001:00014588       ?type_case_a@?$output_processor@DV?$stream_output_adapter@D@__crt_stdio_output@@V?$standard_base@DV?$stream_output_adapter@D@__crt_stdio_output@@@2@@__crt_stdio_output@@AEAA_NXZ 0000000140015588 f i libucrt:output.obj
 0001:00014588       ?type_case_a@?$output_processor@DV?$string_output_adapter@D@__crt_stdio_output@@V?$standard_base@DV?$string_output_adapter@D@__crt_stdio_output@@@2@@__crt_stdio_output@@AEAA_NXZ 0000000140015588 f i libucrt:output.obj
 0001:000147dc       ?type_case_c_tchar@?$output_processor@DV?$stream_output_adapter@D@__crt_stdio_output@@V?$standard_base@DV?$stream_output_adapter@D@__crt_stdio_output@@@2@@__crt_stdio_output@@AEAA_ND@Z 00000001400157dc f i libucrt:output.obj
 0001:000147dc       ?type_case_c_tchar@?$output_processor@DV?$string_output_adapter@D@__crt_stdio_output@@V?$standard_base@DV?$string_output_adapter@D@__crt_stdio_output@@@2@@__crt_stdio_output@@AEAA_ND@Z 00000001400157dc f i libucrt:output.obj
 0001:000148b0       ?type_case_n@?$output_processor@DV?$stream_output_adapter@D@__crt_stdio_output@@V?$standard_base@DV?$stream_output_adapter@D@__crt_stdio_output@@@2@@__crt_stdio_output@@AEAA_NXZ 00000001400158b0 f i libucrt:output.obj
 0001:000148b0       ?type_case_n@?$output_processor@DV?$string_output_adapter@D@__crt_stdio_output@@V?$standard_base@DV?$string_output_adapter@D@__crt_stdio_output@@@2@@__crt_stdio_output@@AEAA_NXZ 00000001400158b0 f i libucrt:output.obj
 0001:00014968       ?type_case_s@?$output_processor@DV?$string_output_adapter@D@__crt_stdio_output@@V?$standard_base@DV?$string_output_adapter@D@__crt_stdio_output@@@2@@__crt_stdio_output@@AEAA_NXZ 0000000140015968 f i libucrt:output.obj
 0001:00014968       ?type_case_s@?$output_processor@DV?$stream_output_adapter@D@__crt_stdio_output@@V?$standard_base@DV?$stream_output_adapter@D@__crt_stdio_output@@@2@@__crt_stdio_output@@AEAA_NXZ 0000000140015968 f i libucrt:output.obj
 0001:00014a10       ?update_locale_slow@__crt_cached_ptd_host@@AEAAXXZ 0000000140015a10 f i libucrt:output.obj
 0001:00014a88       ?validate_stream_is_ansi_if_required@?$__acrt_stdio_char_traits@D@@SA_NQEAU_iobuf@@@Z 0000000140015a88 f i libucrt:output.obj
 0001:00014b24       ?write_string@?$string_output_adapter@D@__crt_stdio_output@@QEBAXQEBDHQEAHAEAV__crt_cached_ptd_host@@@Z 0000000140015b24 f i libucrt:output.obj
 0001:00014bc8       ?write_string_impl@?$output_adapter_common@DV?$stream_output_adapter@D@__crt_stdio_output@@@__crt_stdio_output@@IEBAXQEBDHQEAHAEAV__crt_cached_ptd_host@@@Z 0000000140015bc8 f i libucrt:output.obj
 0001:00014c94       __stdio_common_vfprintf    0000000140015c94 f   libucrt:output.obj
 0001:00014db8       __stdio_common_vsprintf    0000000140015db8 f   libucrt:output.obj
 0001:00015020       strncpy                    0000000140016020 f   libucrt:strncpy.obj
 0001:00015190       isalnum                    0000000140016190 f   libucrt:_ctype.obj
 0001:0001523c       ??$__acrt_convert_wcs_mbs_cp@D_WV<lambda_7c9dea7b4ca7285d2cdb541a38da6275>@@U__crt_win32_buffer_internal_dynamic_resizing@@@@YAHQEBDAEAV?$__crt_win32_buffer@_WU__crt_win32_buffer_internal_dynamic_resizing@@@@AEBV<lambda_7c9dea7b4ca7285d2cdb541a38da6275>@@I@Z 000000014001623c f i libucrt:stat.obj
 0001:00015754       ??0_LocaleUpdate@@QEAA@QEAU__crt_locale_pointers@@@Z 0000000140016754 f i libucrt:stat.obj
 0001:00015b40       _stat64i32                 0000000140016b40 f   libucrt:stat.obj
 0001:00015c60       strncmp                    0000000140016c60 f   libucrt:strncmp.obj
 0001:00015da0       _fwrite_internal           0000000140016da0 f   libucrt:fwrite.obj
 0001:00015e3c       _fwrite_nolock_internal    0000000140016e3c f   libucrt:fwrite.obj
 0001:00016050       fwrite                     0000000140017050 f   libucrt:fwrite.obj
 0001:000160f4       free                       00000001400170f4 f   libucrt:free.obj
 0001:00016120       strncat                    0000000140017120 f   libucrt:strncat.obj
 0001:000162b8       _mkdir                     00000001400172b8 f   libucrt:mkdir.obj
 0001:0001639c       _fread_nolock_s            000000014001739c f   libucrt:fread.obj
 0001:000165fc       fread                      00000001400175fc f   libucrt:fread.obj
 0001:0001661c       fread_s                    000000014001761c f   libucrt:fread.obj
 0001:000166c4       malloc                     00000001400176c4 f   libucrt:malloc.obj
 0001:000166cc       ?get_raw_ptd_noexit@__crt_cached_ptd_host@@QEAAPEAU__acrt_ptd@@XZ 00000001400176cc f i libucrt:invalid_parameter.obj
 0001:00016738       ?value@?$dual_state_global@P6AXPEB_W00I_K@Z@__crt_state_management@@QEAAAEAP6AXPEB_W00I_K@ZAEAV__crt_cached_ptd_host@@@Z 0000000140017738 f i libucrt:invalid_parameter.obj
 0001:00016784       __acrt_call_reportfault    0000000140017784 f   libucrt:invalid_parameter.obj
 0001:000168e0       __acrt_initialize_invalid_parameter_handler 00000001400178e0 f   libucrt:invalid_parameter.obj
 0001:000168e8       _invalid_parameter         00000001400178e8 f   libucrt:invalid_parameter.obj
 0001:00016984       _invalid_parameter_internal 0000000140017984 f   libucrt:invalid_parameter.obj
 0001:00016a50       _invalid_parameter_noinfo  0000000140017a50 f   libucrt:invalid_parameter.obj
 0001:00016a70       _invalid_parameter_noinfo_noreturn 0000000140017a70 f   libucrt:invalid_parameter.obj
 0001:00016aa0       _invoke_watson             0000000140017aa0 f   libucrt:invalid_parameter.obj
 0001:00016ae8       _aligned_free              0000000140017ae8 f   libucrt:align.obj
 0001:00016b04       _aligned_malloc            0000000140017b04 f   libucrt:align.obj
 0001:00016b84       roundf                     0000000140017b84 f   libucrt:roundf.obj
 0001:00016bec       _clearfp                   0000000140017bec f   libucrt:ieee.obj
 0001:00016c58       _control87                 0000000140017c58 f   libucrt:ieee.obj
 0001:00016c60       _controlfp                 0000000140017c60 f   libucrt:ieee.obj
 0001:00016f08       __acrt_initialize_new_handler 0000000140017f08 f   libucrt:new_handler.obj
 0001:00016f10       _callnewh                  0000000140017f10 f   libucrt:new_handler.obj
 0001:00016f50       _query_new_handler         0000000140017f50 f   libucrt:new_handler.obj
 0001:00016f88       _seh_filter_exe            0000000140017f88 f   libucrt:exception_filter.obj
 0001:000173a0       __acrt_initialize_thread_local_exit_callback 00000001400183a0 f   libucrt:exit.obj
 0001:000173a8       _c_exit                    00000001400183a8 f   libucrt:exit.obj
 0001:000173b8       _cexit                     00000001400183b8 f   libucrt:exit.obj
 0001:000173c8       _exit                      00000001400183c8 f   libucrt:exit.obj
 0001:000173d4       _register_thread_local_exe_atexit_callback 00000001400183d4 f   libucrt:exit.obj
 0001:00017414       exit                       0000000140018414 f   libucrt:exit.obj
 0001:000175e8       __acrt_allocate_buffer_for_argv 00000001400185e8 f   libucrt:argv_parsing.obj
 0001:00017648       _configure_narrow_argv     0000000140018648 f   libucrt:argv_parsing.obj
 0001:00017c18       __dcrt_get_or_create_wide_environment_nolock 0000000140018c18 f   libucrt:environment_initialization.obj
 0001:00017c54       __dcrt_uninitialize_environments_nolock 0000000140018c54 f   libucrt:environment_initialization.obj
 0001:00017c98       _initialize_narrow_environment 0000000140018c98 f   libucrt:environment_initialization.obj
 0001:00017fe8       _crt_atexit                0000000140018fe8 f   libucrt:onexit.obj
 0001:00017ff8       _execute_onexit_table      0000000140018ff8 f   libucrt:onexit.obj
 0001:0001803c       _initialize_onexit_table   000000014001903c f   libucrt:onexit.obj
 0001:00018064       _register_onexit_function  0000000140019064 f   libucrt:onexit.obj
 0001:000181d8       __acrt_initialize          00000001400191d8 f   libucrt:initialization.obj
 0001:000181ec       __acrt_uninitialize        00000001400191ec f   libucrt:initialization.obj
 0001:00018224       _query_app_type            0000000140019224 f   libucrt:report_runtime_error.obj
 0001:0001822c       _set_app_type              000000014001922c f   libucrt:report_runtime_error.obj
 0001:00018234       __acrt_has_user_matherr    0000000140019234 f   libucrt:matherr.obj
 0001:00018254       __acrt_initialize_user_matherr 0000000140019254 f   libucrt:matherr.obj
 0001:0001825c       __acrt_invoke_user_matherr 000000014001925c f   libucrt:matherr.obj
 0001:00018298       __setusermatherr           0000000140019298 f   libucrt:matherr.obj
 0001:000182c0       _get_narrow_winmain_command_line 00000001400192c0 f   libucrt:argv_winmain.obj
 0001:00018330       _initterm                  0000000140019330 f   libucrt:initterm.obj
 0001:00018374       _initterm_e                0000000140019374 f   libucrt:initterm.obj
 0001:000183bc       _get_fmode                 00000001400193bc f   libucrt:setmode.obj
 0001:000183ec       _set_fmode                 00000001400193ec f   libucrt:setmode.obj
 0001:0001842c       _setmode_nolock            000000014001942c f   libucrt:setmode.obj
 0001:00018580       __acrt_set_locale_changed  0000000140019580 f   libucrt:wsetlocale.obj
 0001:0001858c       __acrt_uninitialize_locale 000000014001958c f   libucrt:wsetlocale.obj
 0001:000185bc       _configthreadlocale        00000001400195bc f   libucrt:wsetlocale.obj
 0001:00018628       _query_new_mode            0000000140019628 f   libucrt:new_mode.obj
 0001:00018630       _set_new_mode              0000000140019630 f   libucrt:new_mode.obj
 0001:0001865c       __p__commode               000000014001965c f   libucrt:ncommode.obj
 0001:00018664       terminate                  0000000140019664 f   libucrt:terminate.obj
 0001:00018690       _strdup                    0000000140019690 f   libucrt:strdup.obj
 0001:00018690       strdup                     0000000140019690 f   libucrt:strdup.obj
 0001:00018708       ___lc_codepage_func        0000000140019708 f   libucrt:initctype.obj
 0001:00018738       strcpy_s                   0000000140019738 f   libucrt:strcpy_s.obj
 0001:00018798       abort                      0000000140019798 f   libucrt:abort.obj
 0001:000187f0       calloc                     00000001400197f0 f   libucrt:calloc.obj
 0001:000187f8       ??$parse_integer@KV?$c_string_character_source@_W@__crt_strtox@@$00@__crt_strtox@@YAKAEAV__crt_cached_ptd_host@@V?$c_string_character_source@_W@0@H_N@Z 00000001400197f8 f i libucrt:atox.obj
 0001:00018f94       wcsncmp                    0000000140019f94 f   libucrt:wcsncmp.obj
 0001:00018fc0       __acrt_errno_from_os_error 0000000140019fc0 f   libucrt:errno.obj
 0001:00019008       __acrt_errno_map_os_error  000000014001a008 f   libucrt:errno.obj
 0001:00019050       __acrt_errno_map_os_error_ptd 000000014001a050 f   libucrt:errno.obj
 0001:00019074       __doserrno                 000000014001a074 f   libucrt:errno.obj
 0001:00019094       _errno                     000000014001a094 f   libucrt:errno.obj
 0001:000190b4       ?__acrt_stdio_allocate_stream@@YA?AV__crt_stdio_stream@@XZ 000000014001a0b4 f   libucrt:stream.obj
 0001:0001910c       ?__acrt_stdio_free_stream@@YAXV__crt_stdio_stream@@@Z 000000014001a10c f   libucrt:stream.obj
 0001:00019214       ??$__acrt_stdio_parse_mode@D@@YA?AU__acrt_stdio_stream_mode@@QEBD@Z 000000014001a214 f i libucrt:openfile.obj
 0001:000194d8       _openfile                  000000014001a4d8 f   libucrt:openfile.obj
 0001:00019574       _calloc_base               000000014001a574 f   libucrt:calloc_base.obj
 0001:000195ec       _free_base                 000000014001a5ec f   libucrt:free_base.obj
 0001:000197e4       __acrt_AppPolicyGetProcessTerminationMethodInternal 000000014001a7e4 f   libucrt:winapi_thunks.obj
 0001:0001983c       __acrt_AreFileApisANSI     000000014001a83c f   libucrt:winapi_thunks.obj
 0001:00019880       __acrt_CompareStringEx     000000014001a880 f   libucrt:winapi_thunks.obj
 0001:0001996c       __acrt_FlsAlloc            000000014001a96c f   libucrt:winapi_thunks.obj
 0001:00019974       __acrt_FlsFree             000000014001a974 f   libucrt:winapi_thunks.obj
 0001:0001997c       __acrt_FlsGetValue         000000014001a97c f   libucrt:winapi_thunks.obj
 0001:00019984       __acrt_FlsSetValue         000000014001a984 f   libucrt:winapi_thunks.obj
 0001:0001998c       __acrt_InitializeCriticalSectionEx 000000014001a98c f   libucrt:winapi_thunks.obj
 0001:000199fc       __acrt_LCMapStringEx       000000014001a9fc f   libucrt:winapi_thunks.obj
 0001:00019ae8       __acrt_LocaleNameToLCID    000000014001aae8 f   libucrt:winapi_thunks.obj
 0001:00019b48       __acrt_initialize_winapi_thunks 000000014001ab48 f   libucrt:winapi_thunks.obj
 0001:00019b6c       __acrt_uninitialize_winapi_thunks 000000014001ab6c f   libucrt:winapi_thunks.obj
 0001:00019bb0       _fcloseall                 000000014001abb0 f   libucrt:closeall.obj
 0001:00019e44       __acrt_stdio_flush_nolock  000000014001ae44 f   libucrt:fflush.obj
 0001:00019ed0       _fflush_nolock             000000014001aed0 f   libucrt:fflush.obj
 0001:00019fa4       _flushall                  000000014001afa4 f   libucrt:fflush.obj
 0001:00019fac       __acrt_stdio_free_buffer_nolock 000000014001afac f   libucrt:_freebuf.obj
 0001:0001a1e8       __acrt_initialize_lowio    000000014001b1e8 f   libucrt:ioinit.obj
 0001:0001a224       __acrt_uninitialize_lowio  000000014001b224 f   libucrt:ioinit.obj
 0001:0001a264       _fileno                    000000014001b264 f   libucrt:fileno.obj
 0001:0001a304       _close_internal            000000014001b304 f   libucrt:close.obj
 0001:0001a3c8       _close_nolock              000000014001b3c8 f   libucrt:close.obj
 0001:0001a460       _close_nolock_internal     000000014001b460 f   libucrt:close.obj
 0001:0001a8a8       __acrt_getptd              000000014001b8a8 f   libucrt:per_thread_data.obj
 0001:0001a97c       __acrt_getptd_head         000000014001b97c f   libucrt:per_thread_data.obj
 0001:0001aa20       __acrt_getptd_noexit       000000014001ba20 f   libucrt:per_thread_data.obj
 0001:0001aae8       __acrt_getptd_noexit_explicit 000000014001bae8 f   libucrt:per_thread_data.obj
 0001:0001aba8       __acrt_initialize_ptd      000000014001bba8 f   libucrt:per_thread_data.obj
 0001:0001abe4       __acrt_uninitialize_ptd    000000014001bbe4 f   libucrt:per_thread_data.obj
 0001:0001ac08       _realloc_base              000000014001bc08 f   libucrt:realloc_base.obj
 0001:0001ac84       _malloc_base               000000014001bc84 f   libucrt:malloc_base.obj
 0001:0001ace4       strnlen                    000000014001bce4 f   libucrt:strnlen.obj
 0001:0001ae34       wcsnlen                    000000014001be34 f   libucrt:strnlen.obj
 0001:0001b00c       __acrt_update_locale_info  000000014001c00c f   libucrt:locale_update.obj
 0001:0001b040       __acrt_update_locale_info_explicit 000000014001c040 f   libucrt:locale_update.obj
 0001:0001b078       __acrt_update_multibyte_info 000000014001c078 f   libucrt:locale_update.obj
 0001:0001b0ac       __acrt_update_multibyte_info_explicit 000000014001c0ac f   libucrt:locale_update.obj
 0001:0001bbf8       __acrt_fp_format           000000014001cbf8 f   libucrt:cvt.obj
 0001:0001bee0       _wctomb_internal           000000014001cee0 f   libucrt:wctomb.obj
 0001:0001c090       _mbtowc_internal           000000014001d090 f   libucrt:mbtowc.obj
 0001:0001c208       _get_printf_count_output   000000014001d208 f   libucrt:printf_count_output.obj
 0001:0001c220       _fputc_nolock_internal     000000014001d220 f   libucrt:fputc.obj
 0001:0001c238       __acrt_should_use_temporary_buffer 000000014001d238 f   libucrt:_sftbuf.obj
 0001:0001c284       __acrt_stdio_begin_temporary_buffering_nolock 000000014001d284 f   libucrt:_sftbuf.obj
 0001:0001c34c       __acrt_stdio_end_temporary_buffering_nolock 000000014001d34c f   libucrt:_sftbuf.obj
 0001:0001c38c       _isctype_l                 000000014001d38c f   libucrt:isctype.obj
 0001:0001c494       _getdrive                  000000014001d494 f   libucrt:drive.obj
 0001:0001c58c       ??$__acrt_convert_wcs_mbs_cp@_WDV<lambda_f788ae46380686e8b737efdd8c720d07>@@U__crt_win32_buffer_no_resizing@@@@YAHQEB_WAEAV?$__crt_win32_buffer@DU__crt_win32_buffer_no_resizing@@@@AEBV<lambda_f788ae46380686e8b737efdd8c720d07>@@I@Z 000000014001d58c f i libucrt:fullpath.obj
 0001:0001c6a8       ??$call_win32_function@V<lambda_17b8e77e04f0039ff1429d79b8271fa1>@@@?$__crt_win32_buffer@_WU__crt_win32_buffer_no_resizing@@@@QEAAHAEBV<lambda_17b8e77e04f0039ff1429d79b8271fa1>@@@Z 000000014001d6a8 f i libucrt:fullpath.obj
 0001:0001c71c       ??$call_win32_function@V<lambda_1a60cddbd8640ed4c95e91b82cd9827b>@@@?$__crt_win32_buffer@_WU__crt_win32_buffer_public_dynamic_resizing@@@@QEAAHAEBV<lambda_1a60cddbd8640ed4c95e91b82cd9827b>@@@Z 000000014001d71c f i libucrt:fullpath.obj
 0001:0001c7f4       ?detach@?$__crt_win32_buffer@_WU__crt_win32_buffer_public_dynamic_resizing@@@@QEAAPEA_WXZ 000000014001d7f4 f i libucrt:fullpath.obj
 0001:0001c8d8       _wfullpath                 000000014001d8d8 f   libucrt:fullpath.obj
 0001:0001c98c       wcspbrk                    000000014001d98c f   libucrt:wcspbrk.obj
 0001:0001c9c0       __ascii_wcsicmp            000000014001d9c0 f   libucrt:wcsicmp.obj
 0001:0001ca00       _wcsicmp                   000000014001da00 f   libucrt:wcsicmp.obj
 0001:0001ca48       _wcsicmp_l                 000000014001da48 f   libucrt:wcsicmp.obj
 0001:0001cb7c       __acrt_MultiByteToWideChar 000000014001db7c f   libucrt:multibytetowidechar.obj
 0001:0001cc0c       __acrt_lowio_create_handle_array 000000014001dc0c f   libucrt:osfinfo.obj
 0001:0001ccb4       __acrt_lowio_destroy_handle_array 000000014001dcb4 f   libucrt:osfinfo.obj
 0001:0001cd04       __acrt_lowio_ensure_fh_exists 000000014001dd04 f   libucrt:osfinfo.obj
 0001:0001cdac       __acrt_lowio_lock_fh       000000014001ddac f   libucrt:osfinfo.obj
 0001:0001cdd4       __acrt_lowio_set_os_handle 000000014001ddd4 f   libucrt:osfinfo.obj
 0001:0001ce94       __acrt_lowio_unlock_fh     000000014001de94 f   libucrt:osfinfo.obj
 0001:0001cebc       _alloc_osfhnd              000000014001debc f   libucrt:osfinfo.obj
 0001:0001cffc       _free_osfhnd               000000014001dffc f   libucrt:osfinfo.obj
 0001:0001d0b8       _get_osfhandle             000000014001e0b8 f   libucrt:osfinfo.obj
 0001:0001d130       ??$__crt_time_is_leap_year@H@@YA_NH@Z 000000014001e130 f i libucrt:loctotime.obj
 0001:0001d3c0       __loctotime64_t            000000014001e3c0 f   libucrt:loctotime.obj
 0001:0001dbd0       _write                     000000014001ebd0 f   libucrt:write.obj
 0001:0001dc68       _write_internal            000000014001ec68 f   libucrt:write.obj
 0001:0001dd88       _write_nolock              000000014001ed88 f   libucrt:write.obj
 0001:0001e204       __acrt_stdio_flush_and_write_narrow_nolock 000000014001f204 f   libucrt:_flsbuf.obj
 0001:0001e2d0       _wmkdir                    000000014001f2d0 f   libucrt:wmkdir.obj
 0001:0001e784       _read                      000000014001f784 f   libucrt:read.obj
 0001:0001e8a4       _read_nolock               000000014001f8a4 f   libucrt:read.obj
 0001:0001ecf4       __acrt_stdio_refill_and_read_narrow_nolock 000000014001fcf4 f   libucrt:_filbuf.obj
 0001:0001ee5c       _msize_base                000000014001fe5c f   libucrt:msize.obj
 0001:0001ee98       _fd_int                    000000014001fe98 f   libucrt:_test.obj
 0001:0001ef80       _get_fpsr                  000000014001ff80 f   libucrt:fpsr.obj
 0001:0001ef90       _set_fpsr                  000000014001ff90 f   libucrt:fpsr.obj
 0001:0001ef9a       _fclrf                     000000014001ff9a f   libucrt:fpsr.obj
 0001:0001efae       _frnd                      000000014001ffae f   libucrt:fpsr.obj
 0001:0001efd0       __acrt_initialize_locks    000000014001ffd0 f   libucrt:locks.obj
 0001:0001f018       __acrt_lock                0000000140020018 f   libucrt:locks.obj
 0001:0001f034       __acrt_uninitialize_locks  0000000140020034 f   libucrt:locks.obj
 0001:0001f06c       __acrt_unlock              000000014002006c f   libucrt:locks.obj
 0001:0001f088       __acrt_app_verifier_enabled 0000000140020088 f   libucrt:peb_access.obj
 0001:0001f0a4       __acrt_is_secure_process   00000001400200a4 f   libucrt:peb_access.obj
 0001:0001f0bc       __acrt_get_process_end_policy 00000001400200bc f   libucrt:win_policies.obj
 0001:0001f100       ??$__acrt_convert_wcs_mbs_cp@_WDV<lambda_d8593a27d1aa8c02be35c86a17d324c4>@@U__crt_win32_buffer_internal_dynamic_resizing@@@@YAHQEB_WAEAV?$__crt_win32_buffer@DU__crt_win32_buffer_internal_dynamic_resizing@@@@AEBV<lambda_d8593a27d1aa8c02be35c86a17d324c4>@@I@Z 0000000140020100 f i libucrt:argv_wildcards.obj
 0001:0001f9a4       __acrt_expand_narrow_argv_wildcards 00000001400209a4 f   libucrt:argv_wildcards.obj
 0001:0001f9ac       __acrt_GetModuleFileNameA  00000001400209ac f   libucrt:getmodulefilenamea.obj
 0001:000202c8       __acrt_initialize_multibyte 00000001400212c8 f   libucrt:mbctype.obj
 0001:00020328       __acrt_update_thread_multibyte_data 0000000140021328 f   libucrt:mbctype.obj
 0001:00020344       _setmbcp_nolock            0000000140021344 f   libucrt:mbctype.obj
 0001:00020678       _ismbblead                 0000000140021678 f   libucrt:ismbbyte.obj
 0001:0002068c       __acrt_initialize_command_line 000000014002168c f   libucrt:argv_data.obj
 0001:000206b4       wcscpy_s                   00000001400216b4 f   libucrt:wcscpy_s.obj
 0001:0002071c       __acrt_WideCharToMultiByte 000000014002171c f   libucrt:widechartomultibyte.obj
 0001:000207fc       __dcrt_get_narrow_environment_from_os 00000001400217fc f   libucrt:get_environment_from_os.obj
 0001:0002090c       __dcrt_get_wide_environment_from_os 000000014002190c f   libucrt:get_environment_from_os.obj
 0001:00020dfc       __dcrt_set_variable_in_wide_environment_nolock 0000000140021dfc f   libucrt:setenv.obj
 0001:00020e04       _recalloc_base             0000000140021e04 f   libucrt:recalloc.obj
 0001:00020e9c       __acrt_initialize_heap     0000000140021e9c f   libucrt:heap_handle.obj
 0001:00020eb8       __acrt_uninitialize_heap   0000000140021eb8 f   libucrt:heap_handle.obj
 0001:00020ec4       __acrt_execute_initializers 0000000140021ec4 f   libucrt:shared_initialization.obj
 0001:00020f58       __acrt_execute_uninitializers 0000000140021f58 f   libucrt:shared_initialization.obj
 0001:00020fe8       __acrt_get_sigabrt_handler 0000000140021fe8 f   libucrt:signal.obj
 0001:00021018       __acrt_initialize_signal_handlers 0000000140022018 f   libucrt:signal.obj
 0001:00021038       raise                      0000000140022038 f   libucrt:signal.obj
 0001:000212b4       wcsncpy_s                  00000001400222b4 f   libucrt:wcsncpy_s.obj
 0001:000213b0       __acrt_initialize_fmode    00000001400223b0 f   libucrt:txtmode.obj
 0001:000213cc       __acrt_locale_free_monetary 00000001400223cc f   libucrt:initmon.obj
 0001:000214d8       __acrt_locale_free_numeric 00000001400224d8 f   libucrt:initnum.obj
 0001:00021578       __acrt_locale_free_time    0000000140022578 f   libucrt:inittime.obj
 0001:00021680       __acrt_GetStringTypeA      0000000140022680 f   libucrt:getstringtypea.obj
 0001:00021810       __acrt_add_locale_ref      0000000140022810 f   libucrt:locale_refcounting.obj
 0001:0002189c       __acrt_free_locale         000000014002289c f   libucrt:locale_refcounting.obj
 0001:00021a14       __acrt_locale_add_lc_time_reference 0000000140022a14 f   libucrt:locale_refcounting.obj
 0001:00021a3c       __acrt_locale_free_lc_time_if_unreferenced 0000000140022a3c f   libucrt:locale_refcounting.obj
 0001:00021a74       __acrt_locale_release_lc_time_reference 0000000140022a74 f   libucrt:locale_refcounting.obj
 0001:00021a9c       __acrt_release_locale_ref  0000000140022a9c f   libucrt:locale_refcounting.obj
 0001:00021b44       __acrt_update_thread_locale_data 0000000140022b44 f   libucrt:locale_refcounting.obj
 0001:00021bb4       _updatetlocinfoEx_nolock   0000000140022bb4 f   libucrt:locale_refcounting.obj
 0001:00021f50       __acrt_LCMapStringA        0000000140022f50 f   libucrt:lcmapstringa.obj
 0001:00021fe8       iswctype                   0000000140022fe8 f   libucrt:iswctype.obj
 0001:00022054       __ascii_wcsnicmp           0000000140023054 f   libucrt:wcsnicmp.obj
 0001:000220a0       __ascii_strnicmp           00000001400230a0 f   libucrt:strnicmp.obj
 0001:000220ec       _strnicmp                  00000001400230ec f   libucrt:strnicmp.obj
 0001:0002213c       _strnicmp_l                000000014002313c f   libucrt:strnicmp.obj
 0001:000227fc       _sopen_nolock              00000001400237fc f   libucrt:open.obj
 0001:00022918       _sopen_s                   0000000140023918 f   libucrt:open.obj
 0001:0002294c       _wsopen_nolock             000000014002394c f   libucrt:open.obj
 0001:00022d3c       __acrt_DownlevelLocaleNameToLCID 0000000140023d3c f   libucrt:lcidtoname_downlevel.obj
 0001:00022e6c       _commit                    0000000140023e6c f   libucrt:commit.obj
 0001:00022fd0       __acrt_fp_strflt_to_string 0000000140023fd0 f   libucrt:_fptostr.obj
 0001:000230e0       ?divide@__crt_strtox@@YA_KAEAUbig_integer@1@AEBU21@@Z 00000001400240e0 f i libucrt:cfout.obj
 0001:0002357c       __acrt_fltout              000000014002457c f   libucrt:cfout.obj
 0001:00024894       fegetround                 0000000140025894 f   libucrt:fegetround.obj
 0001:000248a8       ?__c32rtomb_utf8@__crt_mbstring@@YA_KPEAD_UPEAU_Mbstatet@@AEAV__crt_cached_ptd_host@@@Z 00000001400258a8 f   libucrt:c32rtomb.obj
 0001:0002494c       ?__mbrtowc_utf8@__crt_mbstring@@YA_KPEA_WPEBD_KPEAU_Mbstatet@@AEAV__crt_cached_ptd_host@@@Z 000000014002594c f   libucrt:mbrtowc.obj
 0001:00024990       ?__mbsrtowcs_utf8@__crt_mbstring@@YA_KPEA_WPEAPEBD_KPEAU_Mbstatet@@AEAV__crt_cached_ptd_host@@@Z 0000000140025990 f   libucrt:mbrtowc.obj
 0001:00024b34       _isatty                    0000000140025b34 f   libucrt:isatty.obj
 0001:00024d84       _wgetcwd                   0000000140025d84 f   libucrt:getcwd.obj
 0001:00024dac       _towlower_l                0000000140025dac f   libucrt:towlower.obj
 0001:00024ea0       __acrt_initialize_timeset  0000000140025ea0 f   libucrt:timeset.obj
 0001:00024ef0       __daylight                 0000000140025ef0 f   libucrt:timeset.obj
 0001:00024ef8       __dstbias                  0000000140025ef8 f   libucrt:timeset.obj
 0001:00024f00       __timezone                 0000000140025f00 f   libucrt:timeset.obj
 0001:00024f08       __tzname                   0000000140025f08 f   libucrt:timeset.obj
 0001:00024f10       __wide_tzname              0000000140025f10 f   libucrt:timeset.obj
 0001:00024f18       _get_daylight              0000000140025f18 f   libucrt:timeset.obj
 0001:00024f48       _get_dstbias               0000000140025f48 f   libucrt:timeset.obj
 0001:00024f78       _get_timezone              0000000140025f78 f   libucrt:timeset.obj
 0001:00025b14       __tzset                    0000000140026b14 f   libucrt:tzset.obj
 0001:00025b58       _isindst                   0000000140026b58 f   libucrt:tzset.obj
 0001:00025d54       _lseeki64                  0000000140026d54 f   libucrt:lseek.obj
 0001:00025df0       _lseeki64_nolock           0000000140026df0 f   libucrt:lseek.obj
 0001:00025e8c       _lseeki64_nolock_internal  0000000140026e8c f   libucrt:lseek.obj
 0001:00025e94       _putwch_nolock             0000000140026e94 f   libucrt:putwch.obj
 0001:00025ed0       __acrt_stdio_allocate_buffer_nolock 0000000140026ed0 f   libucrt:_getbuf.obj
 0001:00025f3c       __acrt_fenv_get_common_round_control 0000000140026f3c f   libucrt:_fenvutils.obj
 0001:00025f48       __acrt_fenv_get_control    0000000140026f48 f   libucrt:_fenvutils.obj
 0001:0002602c       __acrt_fenv_get_status     000000014002702c f   libucrt:_fenvutils.obj
 0001:00026084       __acrt_fenv_set_control    0000000140027084 f   libucrt:_fenvutils.obj
 0001:000261bc       __acrt_fenv_set_status     00000001400271bc f   libucrt:_fenvutils.obj
 0001:00026230       qsort                      0000000140027230 f   libucrt:qsort.obj
 0001:00026640       strncpy_s                  0000000140027640 f   libucrt:strncpy_s.obj
 0001:000267d0       strpbrk                    00000001400277d0 f   libucrt:strpbrk.obj
 0001:00026b98       _mbsdec                    0000000140027b98 f   libucrt:mbsdec.obj
 0001:00026ba0       _mbsdec_l                  0000000140027ba0 f   libucrt:mbsdec.obj
 0001:00026c4c       _wcsnicoll                 0000000140027c4c f   libucrt:wcsnicol.obj
 0001:00026c9c       _wcsnicoll_l               0000000140027c9c f   libucrt:wcsnicol.obj
 0001:00026d8c       __strncnt                  0000000140027d8c f   libucrt:strncnt.obj
 0001:00026da4       __acrt_GetStringTypeW      0000000140027da4 f   libucrt:getstringtypew.obj
 0001:00026dac       _chsize_nolock             0000000140027dac f   libucrt:chsize.obj
 0001:00026e44       _chsize_nolock_internal    0000000140027e44 f   libucrt:chsize.obj
 0001:00026fd8       _controlfp_s               0000000140027fd8 f   libucrt:contrlfp.obj
 0001:0002703c       fegetenv                   000000014002803c f   libucrt:fegetenv.obj
 0001:0002705c       fesetenv                   000000014002805c f   libucrt:fesetenv.obj
 0001:000270b4       feholdexcept               00000001400280b4 f   libucrt:feholdexcept.obj
 0001:00027104       ceil                       0000000140028104 f   libucrt:ceil.obj
 0001:000271d0       log10                      00000001400281d0 f   libucrt:log10.obj
 0001:0002777c       ?reset_and_return@__crt_mbstring@@YA_K_KPEAU_Mbstatet@@@Z 000000014002877c f   libucrt:common_utf8.obj
 0001:00027784       ?return_illegal_sequence@__crt_mbstring@@YA_KPEAU_Mbstatet@@AEAV__crt_cached_ptd_host@@@Z 0000000140028784 f   libucrt:common_utf8.obj
 0001:00027798       ?__mbrtoc32_utf8@__crt_mbstring@@YA_KPEA_UPEBD_KPEAU_Mbstatet@@AEAV__crt_cached_ptd_host@@@Z 0000000140028798 f   libucrt:mbrtoc32.obj
 0001:00027974       __acrt_LCMapStringW        0000000140028974 f   libucrt:lcmapstringw.obj
 0001:000279fc       wcstol                     00000001400289fc f   libucrt:strtox.obj
 0001:00027c40       _wgetenv_s                 0000000140028c40 f   libucrt:getenv.obj
 0001:00027c48       __dcrt_lowio_ensure_console_output_initialized 0000000140028c48 f   libucrt:initcon.obj
 0001:00027c9c       __dcrt_terminate_console_output 0000000140028c9c f   libucrt:initcon.obj
 0001:00027cb8       __dcrt_write_console       0000000140028cb8 f   libucrt:initcon.obj
 0001:00027d78       __acrt_CompareStringW      0000000140028d78 f   libucrt:comparestringw.obj
 0001:00027f5c       _handle_error              0000000140028f5c f   libucrt:libm_error.obj
 0001:00028084       _handle_errorf             0000000140029084 f   libucrt:libm_error.obj
 0001:000281b8       _handle_nan                00000001400291b8 f   libucrt:libm_error.obj
 0001:000281d4       _handle_nanf               00000001400291d4 f   libucrt:libm_error.obj
 0001:000281f0       __acrt_initialize_fma3     00000001400291f0 f   libucrt:fma3_available.obj
 0001:00028260       _log10_special             0000000140029260 f   libucrt:log_special.obj
 0001:00028318       _raise_exc                 0000000140029318 f   libucrt:fpexcept.obj
 0001:00028340       _raise_exc_ex              0000000140029340 f   libucrt:fpexcept.obj
 0001:00028648       _raise_excf                0000000140029648 f   libucrt:fpexcept.obj
 0001:00028674       _set_errno_from_matherr    0000000140029674 f   libucrt:fpexcept.obj
 0001:000286a4       _clrfp                     00000001400296a4 f   libucrt:fpctrl.obj
 0001:000286c4       _ctrlfp                    00000001400296c4 f   libucrt:fpctrl.obj
 0001:00028740       _set_statfp                0000000140029740 f   libucrt:fpctrl.obj
 0001:00028760       _statfp                    0000000140029760 f   libucrt:fpctrl.obj
 0001:00028774       __GSHandlerCheck           0000000140029774 f   LIBCMT:gshandler.obj
 0001:00028794       __GSHandlerCheckCommon     0000000140029794 f   LIBCMT:gshandler.obj
 0001:00028800       __security_check_cookie    0000000140029800 f   LIBCMT:amdsecgs.obj
 0001:00028820       _FindPESection             0000000140029820 f   LIBCMT:pesect.obj
 0001:00028870       _IsNonwritableInCurrentImage 0000000140029870 f   LIBCMT:pesect.obj
 0001:000288c0       _ValidateImageBase         00000001400298c0 f   LIBCMT:pesect.obj
 0001:000288f0       __GSHandlerCheck_SEH       00000001400298f0 f   LIBCMT:gshandlerseh.obj
 0001:00028978       __raise_securityfailure    0000000140029978 f   LIBCMT:gs_report.obj
 0001:000289ac       __report_gsfailure         00000001400299ac f   LIBCMT:gs_report.obj
 0001:00028a80       __report_rangecheckfailure 0000000140029a80 f   LIBCMT:gs_report.obj
 0001:00028a94       __report_securityfailure   0000000140029a94 f   LIBCMT:gs_report.obj
 0001:00028c14       __GSHandlerCheck_EH        0000000140029c14 f   LIBCMT:gshandlereh.obj
 0001:00028cb0       __chkstk                   0000000140029cb0 f   LIBCMT:chkstk.obj
 0001:00028cb0       _alloca_probe              0000000140029cb0 f   LIBCMT:chkstk.obj
 0001:00028d00       __C_specific_handler_noexcept 0000000140029d00 f   libvcruntime:chandler_noexcept.obj
 0001:00028d4c       wcsrchr                    0000000140029d4c f   libvcruntime:wcsrchr.obj
 0001:00028e10       memcmp                     0000000140029e10 f   libvcruntime:memcmp.obj
 0001:00028ed8       strrchr                    0000000140029ed8 f   libvcruntime:strrchr.obj
 0001:00029004       wcschr                     000000014002a004 f   libvcruntime:wcschr.obj
 0001:000317b0       __vdecl_sinf4              00000001400327b0 f   LIBCMT:svml_ssinf4_dispatch.obj
 0001:000317d0       __libm_sse2_sincosf_       00000001400327d0 f   LIBCMT:svml_ssinf4_dispatch.obj
 0001:00031813       __libm_sse2_sincosf4_      0000000140032813 f   LIBCMT:svml_ssinf4_dispatch.obj
 0001:00031820       __vdecl_cos2               0000000140032820 f   LIBCMT:svml_dcos2_dispatch.obj
 0001:00031840       __sse2_sinf4@@16           0000000140032840 f   LIBCMT:svml_ssinf4_sse2.obj
 0001:00032180       __sse4_sinf4@@16           0000000140033180 f   LIBCMT:svml_ssinf4_sse4.obj
 0001:00032900       __sse2_cos2@@16            0000000140033900 f   LIBCMT:svml_dcos2_sse2.obj
 0001:00032fb0       __sse4_cos2@@16            0000000140033fb0 f   LIBCMT:svml_dcos2_sse4.obj
 0001:00033660       __common_ssin_cout_rare    0000000140034660 f   LIBCMT:svml_s_sin_cout.obj
 0001:000336d0       __common_dcos_cout_rare    00000001400346d0 f   LIBCMT:svml_d_cos_cout.obj
 0001:00033740       _vcomp_for_dynamic_init    0000000140034740 f   VCOMP:VCOMP140.DLL
 0001:00033746       _vcomp_for_dynamic_next    0000000140034746 f   VCOMP:VCOMP140.DLL
 0001:0003374c       _vcomp_for_static_end      000000014003474c f   VCOMP:VCOMP140.DLL
 0001:00033752       _vcomp_for_static_simple_init 0000000140034752 f   VCOMP:VCOMP140.DLL
 0001:00033758       _vcomp_fork                0000000140034758 f   VCOMP:VCOMP140.DLL
[...]
 0002:00010db0       $xdatasym                  0000000140049db0     LIBCMT:svml_dcos2_sse4.obj
 0002:00010de8       $xdatasym                  0000000140049de8     LIBCMT:svml_s_sin_cout.obj
 0002:00010df0       $xdatasym                  0000000140049df0     LIBCMT:svml_d_cos_cout.obj
 0002:00010df8       $unwind$atan2f             0000000140049df8     libucrt:atan2f.obj
 0002:00010e18       $xdatasym                  0000000140049e18     libucrt:cos.obj
 0002:00010e20       $xdatasym                  0000000140049e20     libucrt:cosf.obj
 0002:00010e28       $xdatasym                  0000000140049e28     libucrt:expf.obj
 0002:00010e30       $xdatasym                  0000000140049e30     libucrt:powf.obj
 0002:00010e40       $xdatasym                  0000000140049e40     libucrt:sinf.obj
 0002:00010e48       $xdatasym                  0000000140049e48     libucrt:remainder_piby2_forasm.obj
 0002:00010e58       $xdatasym                  0000000140049e58     libucrt:remainder_piby2_forfma3.obj
 0002:00010e64       $unwind$_sincos_special    0000000140049e64     libucrt:sincos_special.obj
 0002:00010e64       $unwind$_sincosf_special   0000000140049e64     libucrt:sincos_special.obj
 0002:00010e70       $xdatasym                  0000000140049e70     libucrt:remainder_piby2f_forasm.obj
 0002:00010e74       $unwind$_powf_special      0000000140049e74     libucrt:pow_special.obj
 0002:00010e80       $xdatasym                  0000000140049e80     libucrt:remainder_piby2f_forc.obj
 0002:0001179e       .idata$6                   000000014004a79e     ws2_32:WS2_32.dll
 0002:000117c0       .idata$6                   000000014004a7c0     kernel32:KERNEL32.dll
 0002:000117f2       .idata$6                   000000014004a7f2     user32:USER32.dll
 0002:000118fe       .idata$6                   000000014004a8fe     bass:BASS.dll
 0002:0001199c       .idata$6                   000000014004a99c     DevIL:DevIL.dll
 0002:00011c26       .idata$6                   000000014004ac26     SDL2:SDL2.dll
 0002:00012344       .idata$6                   000000014004b344     VCOMP:VCOMP140.DLL
 0003:00000040       ?__vcrt_flsindex@@3KA      000000014004c040     libvcruntime:per_thread_data.obj
 0003:00000160       ?dazSupported@?1??common_control87@@9@9 000000014004c160     libucrt:ieee.obj
 0003:00000168       ?errno_no_memory@@3HA      000000014004c168     libucrt:errno.obj
 0003:0000016c       ?doserrno_no_memory@@3KA   000000014004c16c     libucrt:errno.obj
 0003:000001b8       ?__acrt_flsindex@@3KA      000000014004c1b8     libucrt:per_thread_data.obj
 0003:00000660       _mbctypes                  000000014004c660     libucrt:mbctype.obj
 0003:00000770       _mbcasemaps                000000014004c770     libucrt:mbctype.obj
 0003:00000870       ?__rgctypeflag@@3PADA      000000014004c870     libucrt:mbctype.obj
 0003:00000880       ?__rgcode_page_info@@3PAUcode_page_info@@A 000000014004c880     libucrt:mbctype.obj
 0003:00000a30       ?tzstd_program@@3PADA      000000014004ca30     libucrt:timeset.obj
 0003:00000a70       ?tzdst_program@@3PADA      000000014004ca70     libucrt:timeset.obj
 0003:00000ab0       ?w_tzstd_program@@3PA_WA   000000014004cab0     libucrt:timeset.obj
 0003:00000b30       ?w_tzdst_program@@3PA_WA   000000014004cb30     libucrt:timeset.obj
 0003:00000bb0       ?tzname_states@@3PAY01PEADA 000000014004cbb0     libucrt:timeset.obj
 0003:00000bc0       ?w_tzname_states@@3PAY01PEA_WA 000000014004cbc0     libucrt:timeset.obj
 0003:00000bd0       ?dststart@@3Utransitiondate@?A0x7639d0b4@@A 000000014004cbd0     libucrt:tzset.obj
 0003:00000be0       ?dstend@@3Utransitiondate@?A0x7639d0b4@@A 000000014004cbe0     libucrt:tzset.obj
 0003:00000bf0       ?__dcrt_lowio_console_output_handle@@3PEAXEA 000000014004cbf0     libucrt:initcon.obj
 0003:00000c00       ?dazSupported@?1??_ctrlfp@@9@9 000000014004cc00     libucrt:fpctrl.obj
 0003:00000c40       ?need_init@?1??server_connect@@9@9 000000014004cc40     device.obj
 0003:00000c44       ?s_curRayLength@@3IA       000000014004cc44     ball.obj
 0003:00000c48       ?s_beamAlphaMin@@3MA       000000014004cc48     ball.obj
 0003:00000c4c       ?s_beamAtten@@3IA          000000014004cc4c     ball.obj
 0003:00000c50       ?s_rocketCallbacks@@3Usync_cb@@A 000000014004cc50     rocket.obj
 0003:00000c68       ?s_mapTilt@@3HA            000000014004cc68     landscape.obj
 0003:00000c70       ?s_lastErr@@3V?$basic_string@DU?$char_traits@D@std@@V?$allocator@D@2@@std@@A 000000014004cc70     main.obj
 0003:00000f20       ?is_initialized_as_dll@@3_NA 000000014004cf20     LIBCMT:utility.obj
 0003:00000f21       ?module_local_atexit_table_initialized@@3_NA 000000014004cf21     LIBCMT:utility.obj
 0003:00000f28       ?module_local_atexit_table@@3U_onexit_table_t@@A 000000014004cf28     LIBCMT:utility.obj
 0003:00000f40       ?module_local_at_quick_exit_table@@3U_onexit_table_t@@A 000000014004cf40     LIBCMT:utility.obj
 0003:00000f90       ?__vcrt_startup_thread_ptd@@3U__vcrt_ptd@@A 000000014004cf90     libvcruntime:per_thread_data.obj
 0003:00001010       __vcrt_lock_table          000000014004d010     libvcruntime:locks.obj
 0003:00001038       __vcrt_locks_initialized   000000014004d038     libvcruntime:locks.obj
 0003:00001080       ?heap@@3V_HeapManager@@A   000000014004d080     libvcruntime:undname.obj
 0003:000010a8       ?module_handles@@3PAPEAUHINSTANCE__@@A 000000014004d0a8     libvcruntime:winapi_downlevel.obj
 0003:000010c0       ?function_pointers@@3PAPEAXA 000000014004d0c0     libvcruntime:winapi_downlevel.obj
 0003:00001108       ?__acrt_invalid_parameter_handler@@3V?$dual_state_global@P6AXPEB_W00I_K@Z@__crt_state_management@@A 000000014004d108     libucrt:invalid_parameter.obj
 0003:00001110       ?__acrt_new_handler@@3V?$dual_state_global@P6AH_K@Z@__crt_state_management@@A 000000014004d110     libucrt:new_handler.obj
 0003:00001118       ?c_termination_complete@@3JA 000000014004d118     libucrt:exit.obj
 0003:00001120       ?thread_local_exit_callback_func@@3P6AXPEAXK0@ZEA 000000014004d120     libucrt:exit.obj
 0003:00001128       ?c_exit_complete@?1???R<lambda_6e4b09c48022b2350581041d5f6b0c4c>@@QEBA@XZ@4_NA 000000014004d128     libucrt:exit.obj
 0003:00001130       ?program_name@?1???$common_configure_argv@D@@YAHW4_crt_argv_mode@@@Z@4PADA 000000014004d130     libucrt:argv_parsing.obj
 0003:00001288       ?__acrt_app_type@@3W4_crt_app_type@@A 000000014004d288     libucrt:report_runtime_error.obj
 0003:00001290       ?user_matherr@@3V?$dual_state_global@P6AHPEAU_exception@@@Z@__crt_state_management@@A 000000014004d290     libucrt:matherr.obj
 0003:00001298       ?empty_string@?1???$common_wincmdln@E@@YAPEAEXZ@4PAEA 000000014004d298     libucrt:argv_winmain.obj
 0003:000012a0       ?__acrt_global_new_mode@@3V?$dual_state_global@J@__crt_state_management@@A 000000014004d2a0     libucrt:new_mode.obj
 0003:000012b0       ?module_handles@@3PAPEAUHINSTANCE__@@A 000000014004d2b0     libucrt:winapi_thunks.obj
 0003:00001360       ?encoded_function_pointers@@3PAPEAXA 000000014004d360     libucrt:winapi_thunks.obj
 0003:00001870       ?internal_state@?1??_mbtowc_internal@@9@4U_Mbstatet@@A 000000014004d870     libucrt:mbtowc.obj
 0003:00001878       ?enable_percent_n@@3_KA    000000014004d878     libucrt:printf_count_output.obj
 0003:00001890       ?__acrt_lock_table@@3PAU_RTL_CRITICAL_SECTION@@A 000000014004d890     libucrt:locks.obj
 0003:00001ac0       ?__acrt_locks_initialized@@3IA 000000014004dac0     libucrt:locks.obj
 0003:00001ae0       ?fSystemSet@@3HA           000000014004dae0     libucrt:mbctype.obj
 0003:00001ae4       ?initialized@?1??__acrt_initialize_multibyte@@9@4_NA 000000014004dae4     libucrt:mbctype.obj
 0003:00001b20       ?ctrlc_action@@3V?$dual_state_global@P6AXH@Z@__crt_state_management@@A 000000014004db20     libucrt:signal.obj
 0003:00001b28       ?ctrlbreak_action@@3V?$dual_state_global@P6AXH@Z@__crt_state_management@@A 000000014004db28     libucrt:signal.obj
 0003:00001b30       ?abort_action@@3V?$dual_state_global@P6AXH@Z@__crt_state_management@@A 000000014004db30     libucrt:signal.obj
 0003:00001b38       ?term_action@@3V?$dual_state_global@P6AXH@Z@__crt_state_management@@A 000000014004db38     libucrt:signal.obj
 0003:00001b60       ?_tzname@@3V?$dual_state_global@PEAPEAD@__crt_state_management@@A 000000014004db60     libucrt:timeset.obj
 0003:00001b68       ?w_tzname@@3V?$dual_state_global@PEAPEA_W@__crt_state_management@@A 000000014004db68     libucrt:timeset.obj
 0003:00001b70       ?last_wide_tz@@3PEA_WEA    000000014004db70     libucrt:tzset.obj
 0003:00001b80       ?tz_api_used@@3HA          000000014004db80     libucrt:tzset.obj
 0003:00001b84       ?tzset_init_state@@3V?$dual_state_global@J@__crt_state_management@@A 000000014004db84     libucrt:tzset.obj
 0003:00001b90       ?tz_info@@3U_TIME_ZONE_INFORMATION@@A 000000014004db90     libucrt:tzset.obj
 0003:00001c40       ?internal_pst@?1??__mbrtoc32_utf8@__crt_mbstring@@YA_KPEA_UPEBD_KPEAU_Mbstatet@@AEAV__crt_cached_ptd_host@@@Z@4U3@A 000000014004dc40     libucrt:mbrtoc32.obj
 0003:00001c50       GS_ExceptionRecord         000000014004dc50     LIBCMT:gs_report.obj
 0003:00001cf0       GS_ContextRecord           000000014004dcf0     LIBCMT:gs_report.obj
 0003:000094e0       ?fNautilus_global@@3VVector3@@A 00000001400554e0     shadertoy.obj
 0003:000094f0       ?fSpike_global@@3VVector4@@A 00000001400554f0     shadertoy.obj
 0003:00009500       ?temp@?1??path_encode@@9@9 0000000140055500     device.obj
 0003:00009604       ?s_hMusic@@3KA             0000000140055604     audio.obj
 0003:00009608       ?s_bassInf@@3UBASS_INFO@@A 0000000140055608     audio.obj
 0003:00009640       ?temp@?1??sync_track_path@@9@9 0000000140055640     device.obj
 0003:00009748       ?s_pColorMap@@3PAPEAIA     0000000140055748     ball.obj
 0003:00009758       ?s_pEnvMap@@3PEAIEA        0000000140055758     ball.obj
 0003:00009760       ?s_heightProj@@3PAIA       0000000140055760     ball.obj
 0003:0000a760       ?s_heightProjNorm@@3PAHA   0000000140056760     ball.obj
 0003:0000b760       ?s_pHeightMap@@3PAPEAEA    0000000140057760     ball.obj
 0003:0000b788       ?s_heightMapMix@@3PEAEEA   0000000140057788     ball.obj
 0003:0000b790       ?s_pBeamMap@@3PEAIEA       0000000140057790     ball.obj
 0003:0000b798       ?s_pBackgrounds@@3PAPEAIA  0000000140057798     ball.obj
 0003:0000b7a8       ?s_pTempBuf@@3PEAIEA       00000001400577a8     boxblur.obj
 0003:0000b7b0       ?s_genState@@3UTINYMT32_T@@A 00000001400577b0     random.obj
 0003:0000b7d0       ?s_hRocket@@3PEAUsync_device@@EA 00000001400577d0     rocket.obj
 0003:0000b7d8       ?s_pFDTunnelTex@@3PEAIEA   00000001400577d8     shadertoy.obj
 0003:0000b7e0       ?s_pNautilusDirt@@3PEAIEA  00000001400577e0     demo.obj
 0003:0000b7e8       ?s_pBallVignette@@3PEAIEA  00000001400577e8     demo.obj
 0003:0000b7f0       ?s_pLenz@@3PEAIEA          00000001400577f0     demo.obj
 0003:0000b7f8       ?s_pRevLogo@@3PEAIEA       00000001400577f8     demo.obj
 0003:0000b800       ?s_pSpikeyFullDirt@@3PEAIEA 0000000140057800     demo.obj
 0003:0000b808       ?s_pNoooN@@3PEAIEA         0000000140057808     demo.obj
 0003:0000b810       ?s_pTunnelVignette2@@3PEAIEA 0000000140057810     demo.obj
 0003:0000b818       ?s_pSpikeyBypass@@3PEAIEA  0000000140057818     demo.obj
 0003:0000b820       ?s_pDiscoGuys@@3PAPEAIA    0000000140057820     demo.obj
 0003:0000b860       ?s_pGreetings@@3PAPEAIA    0000000140057860     demo.obj
 0003:0000b880       ?s_pCredits@@3PAPEAIA      0000000140057880     demo.obj
 0003:0000b8a0       ?s_pWaterDirt@@3PEAIEA     00000001400578a0     demo.obj
 0003:0000b8a8       ?s_pCloseSpikeVignette@@3PEAIEA 00000001400578a8     demo.obj
 0003:0000b8b0       ?s_pCloseSpikeDirt@@3PEAIEA 00000001400578b0     demo.obj
 0003:0000b8b8       ?s_pVignette06@@3PEAIEA    00000001400578b8     demo.obj
 0003:0000b8c0       ?s_pWaterPrismOverlay@@3PEAIEA 00000001400578c0     demo.obj
 0003:0000b8c8       ?s_pNautilusCousteau2@@3PEAIEA 00000001400578c8     demo.obj
 0003:0000b8d0       ?s_pSpikeyArrested@@3PEAIEA 00000001400578d0     demo.obj
 0003:0000b8d8       ?s_pAreWeDone@@3PEAIEA     00000001400578d8     demo.obj
 0003:0000b8e0       ?s_pTunnelFullDirt@@3PEAIEA 00000001400578e0     demo.obj
 0003:0000b8e8       ?s_pHeliHUD@@3PEAIEA       00000001400578e8     demo.obj
 0003:0000b8f0       ?s_pSpikeyVignette@@3PEAIEA 00000001400578f0     demo.obj
 0003:0000b8f8       ?s_pNautilusCousteauRim1@@3PEAIEA 00000001400578f8     demo.obj
 0003:0000b900       ?s_pTunnelVignette@@3PEAIEA 0000000140057900     demo.obj
 0003:0000b908       ?s_pNautilusCousteau1@@3PEAIEA 0000000140057908     demo.obj
 0003:0000b910       ?s_pNautilusVignette@@3PEAIEA 0000000140057910     demo.obj
 0003:0000b918       ?s_pNautilusText@@3PEAIEA  0000000140057918     demo.obj
 0003:0000b920       ?s_pGreetingsDirt@@3PEAIEA 0000000140057920     demo.obj
 0003:0000b928       ?s_pGreetingsVignette@@3PEAIEA 0000000140057928     demo.obj
 0003:0000b930       ?s_pMFX@@3PEAIEA           0000000140057930     demo.obj
 0003:0000b938       ?s_pSpikeyVignette2@@3PEAIEA 0000000140057938     demo.obj
 0003:0000b940       ?s_pPad@@3PEAU_SDL_GameController@@EA 0000000140057940     gamepad.obj
 0003:0000b948       ?s_pGC@@3V?$vector@PEAXV?$allocator@PEAX@std@@@std@@A 0000000140057948     image.obj
 0003:0000b960       ?s_pColorMap@@3PEAIEA      0000000140057960     landscape.obj
 0003:0000b968       ?s_pFogGradient@@3PEAIEA   0000000140057968     landscape.obj
 0003:0000b970       ?s_fogGradientUnp@@3PAT__m128i@@A 0000000140057970     landscape.obj
 0003:0000c970       ?s_pHeightMap@@3PEAEEA     0000000140058970     landscape.obj
 0003:0000c978       ?s_pInvMap2x2@@3PEAHEA     0000000140058978     polar.obj
 0003:0000c980       ?s_pMap@@3PEAHEA           0000000140058980     polar.obj
 0003:0000c988       ?s_pInvMap@@3PEAHEA        0000000140058988     polar.obj
 0003:0000c990       ?s_pMap2x2@@3PEAHEA        0000000140058990     polar.obj
 0003:0000c998       ?s_pColorMap@@3PEAIEA      0000000140058998     torus-twister.obj
 0003:0000c9a0       ?s_heightProj@@3PAIA       00000001400589a0     torus-twister.obj
 0003:0000cba0       ?s_pHeightMap@@3PEAEEA     0000000140058ba0     torus-twister.obj
 0003:0000cba8       ?s_pBackground@@3PEAIEA    0000000140058ba8     torus-twister.obj
 0003:0000cbb0       ?s_pColorMap@@3PEAIEA      0000000140058bb0     tunnelscape.obj
 0003:0000cbb8       ?s_pFogGradient@@3PEAIEA   0000000140058bb8     tunnelscape.obj
 0003:0000cbc0       ?s_fogGradientUnp@@3PAT__m128i@@A 0000000140058bc0     tunnelscape.obj
 0003:0000dbc0       ?s_pHeightMap@@3PEAEEA     0000000140059bc0     tunnelscape.obj
 0003:0000dbc8       ?numCalls@?9??Gamepad_Update@@YA_NAEAUPadState@@@Z@4HA 0000000140059bc8     gamepad.obj
 0003:0000dbcc       ?viewAngle@?1??vscape@@YAXPEAIMM@Z@4MA 0000000140059bcc     landscape.obj
 0003:0000dbd0       ?padMoveX@?1??vscape@@YAXPEAIMM@Z@4MA 0000000140059bd0     landscape.obj
 0003:0000dbd4       ?padTilt@?1??vscape@@YAXPEAIMM@Z@4MA 0000000140059bd4     landscape.obj
 0003:0000dbd8       ?padMoveY@?1??vscape@@YAXPEAIMM@Z@4MA 0000000140059bd8     landscape.obj
 0003:0000dbdc       ?strafeY@?1??vscape@@YAXPEAIMM@Z@4MA 0000000140059bdc     landscape.obj
 0003:0000dbe0       ?strafeX@?1??vscape@@YAXPEAIMM@Z@4MA 0000000140059be0     landscape.obj
 0003:0000dbf0       ?edgeDivs@?1??VerticalBoxBlur32@@YAXPEAIPEBIIIM@Z@4PAT__m128i@@A 0000000140059bf0     boxblur.obj
 0003:0000ebf0       ?edgeDivs@?1??HorizontalBoxBlur32@@YAXPEAIPEBIIIM@Z@4PAT__m128i@@A 000000014005abf0     boxblur.obj
 0005:00000000       MsetTab                    000000014005f000     libvcruntime:memset.obj
 0005:00000050       MoveSmall                  000000014005f050     libvcruntime:memcpy.obj
 0005:00000090       MoveSmallYmm               000000014005f090     libvcruntime:memcpy.obj
 0005:000000b4       MoveSmallYmmNT             000000014005f0b4     libvcruntime:memcpy.obj
 0005:000000d8       MoveSmallXmm               000000014005f0d8     libvcruntime:memcpy.obj
 0005:00000100       _2il0floatpacket$19        000000014005f100     LIBCMT:svml_ssinf4_sse2.obj
 0005:00000200       _2il0floatpacket$26        000000014005f200     LIBCMT:svml_dcos2_sse2.obj
 0005:00000210       _2il0floatpacket$27        000000014005f210     LIBCMT:svml_dcos2_sse2.obj
 0005:00000220       _2il0floatpacket$28        000000014005f220     LIBCMT:svml_dcos2_sse2.obj
 0005:00000230       _2il0floatpacket$29        000000014005f230     LIBCMT:svml_dcos2_sse2.obj
 0005:00000240       _2il0floatpacket$30        000000014005f240     LIBCMT:svml_dcos2_sse2.obj
 0005:00000250       _2il0floatpacket$31        000000014005f250     LIBCMT:svml_dcos2_sse2.obj
 0005:00000260       _2il0floatpacket$32        000000014005f260     LIBCMT:svml_dcos2_sse2.obj
 0005:00000270       _2il0floatpacket$33        000000014005f270     LIBCMT:svml_dcos2_sse2.obj
 0005:00000280       _2il0floatpacket$34        000000014005f280     LIBCMT:svml_dcos2_sse2.obj
 0005:00000290       _2il0floatpacket$35        000000014005f290     LIBCMT:svml_dcos2_sse2.obj
 0005:000002a0       _2il0floatpacket$36        000000014005f2a0     LIBCMT:svml_dcos2_sse2.obj
 0005:000002b0       _2il0floatpacket$37        000000014005f2b0     LIBCMT:svml_dcos2_sse2.obj
 0005:000002c0       _2il0floatpacket$38        000000014005f2c0     LIBCMT:svml_dcos2_sse2.obj
 0005:000002d0       _2il0floatpacket$39        000000014005f2d0     LIBCMT:svml_dcos2_sse2.obj
 0005:000002e0       _2il0floatpacket$40        000000014005f2e0     LIBCMT:svml_dcos2_sse2.obj
 0005:000002f0       _2il0floatpacket$41        000000014005f2f0     LIBCMT:svml_dcos2_sse2.obj
 0005:00000300       _2il0floatpacket$42        000000014005f300     LIBCMT:svml_dcos2_sse2.obj
 0005:00000310       _2il0floatpacket$43        000000014005f310     LIBCMT:svml_dcos2_sse2.obj
 0005:00000400       _2il0floatpacket$26        000000014005f400     LIBCMT:svml_dcos2_sse4.obj
 0005:00000410       _2il0floatpacket$27        000000014005f410     LIBCMT:svml_dcos2_sse4.obj
 0005:00000420       _2il0floatpacket$28        000000014005f420     LIBCMT:svml_dcos2_sse4.obj
 0005:00000430       _2il0floatpacket$29        000000014005f430     LIBCMT:svml_dcos2_sse4.obj
 0005:00000440       _2il0floatpacket$30        000000014005f440     LIBCMT:svml_dcos2_sse4.obj
 0005:00000450       _2il0floatpacket$31        000000014005f450     LIBCMT:svml_dcos2_sse4.obj
 0005:00000460       _2il0floatpacket$32        000000014005f460     LIBCMT:svml_dcos2_sse4.obj
 0005:00000470       _2il0floatpacket$33        000000014005f470     LIBCMT:svml_dcos2_sse4.obj
 0005:00000480       _2il0floatpacket$34        000000014005f480     LIBCMT:svml_dcos2_sse4.obj
 0005:00000490       _2il0floatpacket$35        000000014005f490     LIBCMT:svml_dcos2_sse4.obj
 0005:000004a0       _2il0floatpacket$36        000000014005f4a0     LIBCMT:svml_dcos2_sse4.obj
 0005:000004b0       _2il0floatpacket$37        000000014005f4b0     LIBCMT:svml_dcos2_sse4.obj
 0005:000004c0       _2il0floatpacket$38        000000014005f4c0     LIBCMT:svml_dcos2_sse4.obj
 0005:000004d0       _2il0floatpacket$39        000000014005f4d0     LIBCMT:svml_dcos2_sse4.obj
 0005:000004e0       _2il0floatpacket$40        000000014005f4e0     LIBCMT:svml_dcos2_sse4.obj
 0005:000004f0       _2il0floatpacket$41        000000014005f4f0     LIBCMT:svml_dcos2_sse4.obj
 0005:00000500       _2il0floatpacket$42        000000014005f500     LIBCMT:svml_dcos2_sse4.obj
 0005:00000510       _2il0floatpacket$43        000000014005f510     LIBCMT:svml_dcos2_sse4.obj
 0005:00002700       _vmlsSinHATab              0000000140061700     LIBCMT:svml_s_sin_cout.obj
 0005:00013500       _vmldCosHATab              0000000140072500     LIBCMT:svml_d_cos_cout.obj
 0006:00000060       $R000000                   0000000140073060     * linker generated manifest res *
