 VS17

 Timestamp is 642b7cf4 (Tue Apr  4 03:27:16 2023)

 Preferred load address is 0000000140000000

 Start         Length     Name                   Class
 0001:00000000 00000020H .text$di                CODE
 0001:00000020 00038930H .text$mn                CODE
 0001:00038950 00000040H .text$mn$00             CODE
 0001:00038990 000006d0H .text$x                 CODE
 0001:00039060 000000d9H .text$yd                CODE
 0002:00000000 00000540H .idata$5                DATA
 0002:00000540 00000028H .00cfg                  DATA
 0002:00000568 00000008H .CRT$XCA                DATA
 0002:00000570 00000008H .CRT$XCAA               DATA
 0002:00000578 00000010H .CRT$XCU                DATA
 0002:00000588 00000008H .CRT$XCZ                DATA
 0002:00000590 00000008H .CRT$XIA                DATA
 0002:00000598 00000008H .CRT$XIAA               DATA
 0002:000005a0 00000008H .CRT$XIAC               DATA
 0002:000005a8 00000028H .CRT$XIC                DATA
 0002:000005d0 00000008H .CRT$XIZ                DATA
 0002:000005d8 00000008H .CRT$XPA                DATA
 0002:000005e0 00000010H .CRT$XPX                DATA
 0002:000005f0 00000008H .CRT$XPXA               DATA
 0002:000005f8 00000008H .CRT$XPZ                DATA
 0002:00000600 00000008H .CRT$XTA                DATA
 0002:00000608 00000008H .CRT$XTZ                DATA
 0002:00000610 00000000H .gehcont$y              DATA
 0002:00000610 00000000H .gfids$y                DATA
 0002:00000610 0000d3f0H .rdata                  DATA
 0002:0000da00 00000000H .rdata$CastGuardVftablesA DATA
 0002:0000da00 00000000H .rdata$CastGuardVftablesC DATA
 0002:0000da00 000006fcH .rdata$r                DATA
 0002:0000e0fc 000002f4H .rdata$voltmd           DATA
 0002:0000e3f0 000003b0H .rdata$zzzdbg           DATA
 0002:0000e7a0 00000008H .rtc$IAA                DATA
 0002:0000e7a8 00000008H .rtc$IZZ                DATA
 0002:0000e7b0 00000008H .rtc$TAA                DATA
 0002:0000e7b8 00000008H .rtc$TZZ                DATA
 0002:0000e7c0 00002ed0H .xdata                  DATA
 0002:00011690 00000314H .xdata$x                DATA
 0002:000119a4 00000000H .edata                  DATA
 0002:000119a4 0000008cH .idata$2                DATA
 0002:00011a30 00000018H .idata$3                DATA
 0002:00011a48 00000540H .idata$4                DATA
 0002:00011f88 00000be0H .idata$6                DATA
 0003:00000000 00000ca0H .data                   DATA
 0003:00000ca0 000001a8H .data$r                 DATA
 0003:00000e48 000000c8H .data$rs                DATA
 0003:00000f10 00011c80H .bss                    DATA
 0004:00000000 000028bcH .pdata                  DATA
 0005:00000000 00013510H _RDATA                  DATA
 0006:00000000 00000060H .rsrc$01                DATA
 0006:00000060 00000180H .rsrc$02                DATA

  Address         Publics by Value              Rva+Base               Lib:Object

 0000:00000000       __x64_code_ranges_to_entry_points_count 0000000000000000     <absolute>
 0000:00000000       __guard_longjmp_table      0000000000000000     <absolute>
 0000:00000000       __guard_iat_table          0000000000000000     <absolute>
 0000:00000000       __x64_code_ranges_to_entry_points 0000000000000000     <absolute>
 0000:00000000       __guard_fids_count         0000000000000000     <absolute>
 0000:00000000       __guard_iat_count          0000000000000000     <absolute>
 0000:00000000       __guard_longjmp_count      0000000000000000     <absolute>
 0000:00000000       __arm64x_extra_rfe_table   0000000000000000     <absolute>
 0000:00000000       __dynamic_value_reloc_table 0000000000000000     <absolute>
 0000:00000000       __hybrid_auxiliary_iat     0000000000000000     <absolute>
 0000:00000000       __hybrid_auxiliary_iat_copy 0000000000000000     <absolute>
 0000:00000000       __hybrid_code_map          0000000000000000     <absolute>
 0000:00000000       __arm64x_extra_rfe_table_size 0000000000000000     <absolute>
 0000:00000000       __arm64x_redirection_metadata 0000000000000000     <absolute>
 0000:00000000       __AbsoluteZero             0000000000000000     <absolute>
 0000:00000000       __guard_check_icall_a64n_fptr 0000000000000000     <absolute>
 0000:00000000       __guard_fids_table         0000000000000000     <absolute>
 0000:00000000       __guard_eh_cont_count      0000000000000000     <absolute>
 0000:00000000       __arm64x_redirection_metadata_count 0000000000000000     <absolute>
 0000:00000000       __enclave_config           0000000000000000     <absolute>
 0000:00000000       __guard_eh_cont_table      0000000000000000     <absolute>
 0000:00000000       __arm64x_native_entrypoint 0000000000000000     <absolute>
 0000:00000000       __hybrid_code_map_count    0000000000000000     <absolute>
 0000:00000100       __guard_flags              0000000000000100     <absolute>
 0000:00000000       __ImageBase                0000000140000000     <linker-defined>
 0001:00000020       __local_stdio_printf_options 0000000140001020 f i device.obj
 0001:00000030       fprintf                    0000000140001030 f i device.obj
 0001:00000080       snprintf                   0000000140001080 f i device.obj
 0001:000002d0       sync_save_tracks           00000001400012d0 f   device.obj
 0001:00000890       sync_tcp_connect           0000000140001890 f   device.obj
 0001:00000ad0       sync_update                0000000140001ad0 f   device.obj
 0001:00000d40       sync_get_track             0000000140001d40 f   device.obj
 0001:00000f40       sync_get_val               0000000140001f40 f   track.obj
 0001:00001140       ??0Vector3@@QEAA@MMM@Z     0000000140002140 f i Matrix44.obj
 0001:00001160       ??GVector3@@QEBA?BV0@AEBV0@@Z 0000000140002160 f i Matrix44.obj
 0001:000011a0       ??DVector3@@QEBA?BMAEBV0@@Z 00000001400021a0 f i Matrix44.obj
 0001:000011d0       ??DVector3@@QEBA?BV0@M@Z   00000001400021d0 f i Matrix44.obj
 0001:00001200       ??XVector3@@QEAAAEAV0@M@Z  0000000140002200 f i Matrix44.obj
 0001:00001230       ?Normalized@Vector3@@QEBA?BV1@XZ 0000000140002230 f i Matrix44.obj
 0001:000012a0       ??0Vector4@@QEAA@MMMM@Z    00000001400022a0 f i Matrix44.obj
 0001:000012c0       ??0exception@std@@QEAA@AEBV01@@Z 00000001400022c0 f i audio.obj
 0001:00001300       ?what@exception@std@@UEBAPEBDXZ 0000000140002300 f i audio.obj
 0001:00001320       ??_Ebad_alloc@std@@UEAAPEAXI@Z 0000000140002320 f i * CIL library *:* CIL module *
 0001:00001320       ??_Gexception@std@@UEAAPEAXI@Z 0000000140002320 f i audio.obj
 0001:00001320       ??_Eruntime_error@std@@UEAAPEAXI@Z 0000000140002320 f i * CIL library *:* CIL module *
 0001:00001320       ??_Gbad_exception@std@@UEAAPEAXI@Z 0000000140002320 f i libvcruntime:frame.obj
 0001:00001320       ??_Gbad_array_new_length@std@@UEAAPEAXI@Z 0000000140002320 f i audio.obj
 0001:00001320       ??_Gbad_alloc@std@@UEAAPEAXI@Z 0000000140002320 f i audio.obj
 0001:00001320       ??_Elength_error@std@@UEAAPEAXI@Z 0000000140002320 f i libcpmt:xthrow.obj
 0001:00001320       ??_Ebad_array_new_length@std@@UEAAPEAXI@Z 0000000140002320 f i * CIL library *:* CIL module *
 0001:00001320       ??_Eexception@std@@UEAAPEAXI@Z 0000000140002320 f i * CIL library *:* CIL module *
 0001:00001320       ??_Glogic_error@std@@UEAAPEAXI@Z 0000000140002320 f i libcpmt:xthrow.obj
 0001:00001320       ??_Gruntime_error@std@@UEAAPEAXI@Z 0000000140002320 f i main.obj
 0001:00001320       ??_Ebad_exception@std@@UEAAPEAXI@Z 0000000140002320 f i libvcruntime:frame.obj
 0001:00001320       ??_Glength_error@std@@UEAAPEAXI@Z 0000000140002320 f i libcpmt:xthrow.obj
 0001:00001320       ??_Elogic_error@std@@UEAAPEAXI@Z 0000000140002320 f i libcpmt:xthrow.obj
 0001:00001370       ??1system_error@std@@UEAA@XZ 0000000140002370 f i main.obj
 0001:00001370       ??1length_error@std@@UEAA@XZ 0000000140002370 f i libcpmt:xthrow.obj
 0001:00001370       ??1bad_array_new_length@std@@UEAA@XZ 0000000140002370 f i audio.obj
 0001:00001370       ??1bad_exception@std@@UEAA@XZ 0000000140002370 f i libvcruntime:frame.obj
 0001:00001370       ??1bad_alloc@std@@UEAA@XZ  0000000140002370 f i audio.obj
 0001:00001390       ??0bad_array_new_length@std@@QEAA@XZ 0000000140002390 f i audio.obj
 0001:000013c0       ?__scrt_throw_std_bad_array_new_length@@YAXXZ 00000001400023c0 f i LIBCMT:throw_bad_alloc.obj
 0001:000013c0       ?_Throw_bad_array_new_length@std@@YAXXZ 00000001400023c0 f i audio.obj
 0001:000013e0       ??0bad_array_new_length@std@@QEAA@AEBV01@@Z 00000001400023e0 f i audio.obj
 0001:00001420       ??0bad_alloc@std@@QEAA@AEBV01@@Z 0000000140002420 f i audio.obj
 0001:00001460       ?_Xlen_string@std@@YAXXZ   0000000140002460 f i audio.obj
 0001:00001480       ?Audio_Create@@YA_NIAEBV?$basic_string@DU?$char_traits@D@std@@V?$allocator@D@2@@std@@PEAUHWND__@@_N@Z 0000000140002480 f   audio.obj
 0001:000017d0       ?Audio_Rocket_Pause@@YAXPEAXH@Z 00000001400027d0 f   audio.obj
 0001:000017f0       ?Audio_Rocket_SetRow@@YAXPEAXH@Z 00000001400027f0 f   audio.obj
 0001:00001830       ?Audio_Rocket_IsPlaying@@YAHPEAX@Z 0000000140002830 f   audio.obj
 0001:00001840       ??1?$basic_string@DU?$char_traits@D@std@@V?$allocator@D@2@@std@@QEAA@XZ 0000000140002840 f i audio.obj
 0001:000018a0       ??0?$basic_string@DU?$char_traits@D@std@@V?$allocator@D@2@@std@@QEAA@QEBD@Z 00000001400028a0 f i audio.obj
 0001:000018e0       ?assign@?$basic_string@DU?$char_traits@D@std@@V?$allocator@D@2@@std@@QEAAAEAV12@QEBD_K@Z 00000001400028e0 f i audio.obj
 0001:000029d0       ?Ball_Create@@YA_NXZ       00000001400039d0 f   ball.obj
 0001:000030e0       ?Ball_Draw@@YAXPEAIMM@Z    00000001400040e0 f   ball.obj
 0001:00003460       ?HorizontalBoxBlur32@@YAXPEAIPEBIIIM@Z 0000000140004460 f   boxblur.obj
 0001:000035f0       ?VerticalBoxBlur32@@YAXPEAIPEBIIIM@Z 00000001400045f0 f   boxblur.obj
 0001:00003770       ?Fx_Blit_2x2@@YAXPEAI0@Z   0000000140004770 f   fx-blitter.obj
 0001:000037e0       tinymt32_init              00000001400047e0 f   random.obj
 0001:00003ac0       ?Shadertoy_Create@@YA_NXZ  0000000140004ac0 f   shadertoy.obj
 0001:00004d70       ?Spikey_Draw@@YAXPEAIMM_N@Z 0000000140005d70 f   shadertoy.obj
 0001:000054f0       ?RenderLaura_2x2@@YAXPEAIM@Z 00000001400064f0 f   shadertoy.obj
 0001:000056e0       ?Demo_Create@@YA_NXZ       00000001400066e0 f   demo.obj
 0001:00006fd0       ?Demo_Draw@@YA_NPEAIMM@Z   0000000140007fd0 f   demo.obj
 0001:00008630       ?Open@Display@@QEAA_NAEBV?$basic_string@DU?$char_traits@D@std@@V?$allocator@D@2@@std@@II_N@Z 0000000140009630 f   display.obj
 0001:00008920       ?Gamepad_Update@@YA_NAEAUPadState@@@Z 0000000140009920 f   gamepad.obj
 0001:00008e40       ?Image_Load32@@YAPEAIAEBV?$basic_string@DU?$char_traits@D@std@@V?$allocator@D@2@@std@@@Z 0000000140009e40 f   image.obj
 0001:00008e50       ?deallocate@?$allocator@PEAX@std@@QEAAXQEAPEAX_K@Z 0000000140009e50 f i image.obj
 0001:00008ea0       ??$_Emplace_reallocate@AEBQEAX@?$vector@PEAXV?$allocator@PEAX@std@@@std@@QEAAPEAPEAXQEAPEAXAEBQEAX@Z 0000000140009ea0 f i image.obj
 0001:00009090       ?_Xlength@?$vector@PEAXV?$allocator@PEAX@std@@@std@@CAXXZ 000000014000a090 f i image.obj
 0001:00009680       ?Landscape_Create@@YA_NXZ  000000014000a680 f   landscape.obj
 0001:000098e0       ??0runtime_error@std@@QEAA@AEBV01@@Z 000000014000a8e0 f i main.obj
 0001:00009920       ?default_error_condition@error_category@std@@UEBA?AVerror_condition@2@H@Z 000000014000a920 f i main.obj
 0001:00009930       ?equivalent@error_category@std@@UEBA_NHAEBVerror_condition@2@@Z 000000014000a930 f i main.obj
 0001:00009970       ?equivalent@error_category@std@@UEBA_NAEBVerror_code@2@H@Z 000000014000a970 f i main.obj
 0001:00009990       ?make_error_code@std@@YA?AVerror_code@1@W4errc@1@@Z 000000014000a990 f i main.obj
 0001:000099b0       ??0_System_error@std@@IEAA@Verror_code@1@AEBV?$basic_string@DU?$char_traits@D@std@@V?$allocator@D@2@@1@@Z 000000014000a9b0 f i main.obj
 0001:00009b50       ??_G_System_error@std@@UEAAPEAXI@Z 000000014000ab50 f i main.obj
 0001:00009b50       ??_Esystem_error@std@@UEAAPEAXI@Z 000000014000ab50 f i * CIL library *:* CIL module *
 0001:00009b50       ??_Gsystem_error@std@@UEAAPEAXI@Z 000000014000ab50 f i main.obj
 0001:00009b50       ??_E_System_error@std@@UEAAPEAXI@Z 000000014000ab50 f i * CIL library *:* CIL module *
 0001:00009ba0       ??0system_error@std@@QEAA@Verror_code@1@@Z 000000014000aba0 f i main.obj
 0001:00009c50       ?_Throw_system_error@std@@YAXW4errc@1@@Z 000000014000ac50 f i main.obj
 0001:00009c90       ??0system_error@std@@QEAA@AEBV01@@Z 000000014000ac90 f i main.obj
 0001:00009cf0       ??0_System_error@std@@QEAA@AEBV01@@Z 000000014000acf0 f i main.obj
 0001:00009d40       ?name@_Generic_error_category@std@@UEBAPEBDXZ 000000014000ad40 f i main.obj
 0001:00009d50       ?message@_Generic_error_category@std@@UEBA?AV?$basic_string@DU?$char_traits@D@std@@V?$allocator@D@2@@2@H@Z 000000014000ad50 f i main.obj
 0001:00009da0       ??_G_System_error_category@std@@UEAAPEAXI@Z 000000014000ada0 f i main.obj
 0001:00009da0       ??_E_Generic_error_category@std@@UEAAPEAXI@Z 000000014000ada0 f i * CIL library *:* CIL module *
 0001:00009da0       ??_E_System_error_category@std@@UEAAPEAXI@Z 000000014000ada0 f i * CIL library *:* CIL module *
 0001:00009da0       ??_G_Generic_error_category@std@@UEAAPEAXI@Z 000000014000ada0 f i main.obj
 0001:00009dd0       ?name@_System_error_category@std@@UEBAPEBDXZ 000000014000add0 f i main.obj
 0001:00009de0       ?message@_System_error_category@std@@UEBA?AV?$basic_string@DU?$char_traits@D@std@@V?$allocator@D@2@@2@H@Z 000000014000ade0 f i main.obj
 0001:00009e50       ?default_error_condition@_System_error_category@std@@UEBA?AVerror_condition@2@H@Z 000000014000ae50 f i main.obj
 0001:00009eb0       ?_Make_ec@filesystem@std@@YA?AVerror_code@2@W4__std_win_error@@@Z 000000014000aeb0 f i main.obj
 0001:00009ed0       ?_Throw_system_error_from_std_win_error@filesystem@std@@YAXW4__std_win_error@@@Z 000000014000aed0 f i main.obj
 0001:00009f10       ??0path@filesystem@std@@QEAA@AEBV012@@Z 000000014000af10 f i main.obj
 0001:0000a010       ??0filesystem_error@filesystem@std@@QEAA@AEBV?$basic_string@DU?$char_traits@D@std@@V?$allocator@D@2@@2@AEBVpath@12@Verror_code@2@@Z 000000014000b010 f i main.obj
 0001:0000a130       ?what@filesystem_error@filesystem@std@@UEBAPEBDXZ 000000014000b130 f i main.obj
 0001:0000a140       ?_Pretty_message@filesystem_error@filesystem@std@@CA?AV?$basic_string@DU?$char_traits@D@std@@V?$allocator@D@2@@3@V?$basic_string_view@DU?$char_traits@D@std@@@3@AEBVpath@23@1@Z 000000014000b140 f i main.obj
 0001:0000a370       ??_Gfilesystem_error@filesystem@std@@UEAAPEAXI@Z 000000014000b370 f i main.obj
 0001:0000a370       ??_Efilesystem_error@filesystem@std@@UEAAPEAXI@Z 000000014000b370 f i * CIL library *:* CIL module *
 0001:0000a4c0       ??1filesystem_error@filesystem@std@@UEAA@XZ 000000014000b4c0 f i main.obj
 0001:0000a5e0       ??0filesystem_error@filesystem@std@@QEAA@AEBV012@@Z 000000014000b5e0 f i main.obj
 0001:0000a660       ?_Throw_fs_error@filesystem@std@@YAXPEBDW4__std_win_error@@AEBVpath@12@@Z 000000014000b660 f i main.obj
 0001:0000a6d0       WinMain                    000000014000b6d0 f   main.obj
 0001:0000b0d0       ??0?$basic_string@DU?$char_traits@D@std@@V?$allocator@D@2@@std@@QEAA@AEBV01@@Z 000000014000c0d0 f i main.obj
 0001:0000b1b0       ?append@?$basic_string@DU?$char_traits@D@std@@V?$allocator@D@2@@std@@QEAAAEAV12@QEBD_K@Z 000000014000c1b0 f i main.obj
 0001:0000b230       ??$_Convert_wide_to_narrow_replace_chars@U?$char_traits@D@std@@V?$allocator@D@2@@filesystem@std@@YA?AV?$basic_string@DU?$char_traits@D@std@@V?$allocator@D@2@@1@W4__std_code_page@@V?$basic_string_view@_WU?$char_traits@_W@std@@@1@AEBV?$allocator@D@1@@Z 000000014000c230 f i main.obj
 0001:0000b380       ??$_Reallocate_grow_by@V<lambda_1>@?1??reserve@?$basic_string@DU?$char_traits@D@std@@V?$allocator@D@2@@std@@QEAAX_K@Z@$$V@?$basic_string@DU?$char_traits@D@std@@V?$allocator@D@2@@std@@AEAAAEAV01@_KV<lambda_1>@?1??reserve@01@QEAAX0@Z@@Z 000000014000c380 f i main.obj
 0001:0000b4d0       ??$_Reallocate_grow_by@V<lambda_1>@?1??append@?$basic_string@_WU?$char_traits@_W@std@@V?$allocator@_W@2@@std@@QEAAAEAV34@_K_W@Z@_K_W@?$basic_string@_WU?$char_traits@_W@std@@V?$allocator@_W@2@@std@@AEAAAEAV01@_KV<lambda_1>@?1??append@01@QEAAAEAV01@0_W@Z@_K_W@Z 000000014000c4d0 f i main.obj
 0001:0000b680       ??$_Reallocate_grow_by@V<lambda_1>@?1??push_back@?$basic_string@DU?$char_traits@D@std@@V?$allocator@D@2@@std@@QEAAXD@Z@D@?$basic_string@DU?$char_traits@D@std@@V?$allocator@D@2@@std@@AEAAAEAV01@_KV<lambda_1>@?1??push_back@01@QEAAXD@Z@D@Z 000000014000c680 f i main.obj
 0001:0000b7f0       ??$_Reallocate_grow_by@V<lambda_1>@?1??append@?$basic_string@DU?$char_traits@D@std@@V?$allocator@D@2@@std@@QEAAAEAV34@QEBD_K@Z@PEBD_K@?$basic_string@DU?$char_traits@D@std@@V?$allocator@D@2@@std@@AEAAAEAV01@_KV<lambda_1>@?1??append@01@QEAAAEAV01@QEBD0@Z@PEBD_K@Z 000000014000c7f0 f i main.obj
 0001:0000b970       ??$_Reallocate_grow_by@V<lambda_1>@?1??append@?$basic_string@DU?$char_traits@D@std@@V?$allocator@D@2@@std@@QEAAAEAV34@_KD@Z@_KD@?$basic_string@DU?$char_traits@D@std@@V?$allocator@D@2@@std@@AEAAAEAV01@_KV<lambda_1>@?1??append@01@QEAAAEAV01@0D@Z@_KD@Z 000000014000c970 f i main.obj
 0001:0000bda0       ?Polar_Blit@@YAXPEAIPEBI_N@Z 000000014000cda0 f   polar.obj
 0001:0000bde0       ?Polar_BlitA@@YAXPEAIPEBI_N@Z 000000014000cde0 f   polar.obj
 0001:0000be10       ?Shared_Create@@YA_NXZ     000000014000ce10 f   shared-resources.obj
 0001:0000c3c0       ?Twister_Create@@YA_NXZ    000000014000d3c0 f   torus-twister.obj
 0001:0000caf0       ?Tunnelscape_Create@@YA_NXZ 000000014000daf0 f   tunnelscape.obj
 0001:0000cd50       ?Mix32@@YAXPEAIPEBIIE@Z    000000014000dd50 f   util.obj
 0001:0000cdc0       ?Add32@@YAXPEAIPEBII@Z     000000014000ddc0 f   util.obj
 0001:0000ce10       ?MixOver32@@YAXPEAIPEBII@Z 000000014000de10 f   util.obj
 0001:0000ce50       ?Sub32@@YAXPEAIPEBII@Z     000000014000de50 f   util.obj
 0001:0000cea0       ?Excl32@@YAXPEAIPEBII@Z    000000014000dea0 f   util.obj
 0001:0000cee0       ?SoftLight32@@YAXPEAIPEBII@Z 000000014000dee0 f   util.obj
 0001:0000cf20       ?SoftLight32A@@YAXPEAIPEBII@Z 000000014000df20 f   util.obj
 0001:0000cf60       ?SoftLight32AA@@YAXPEAIPEBIIM@Z 000000014000df60 f   util.obj
 0001:0000cfe0       ?Overlay32@@YAXPEAIPEBII@Z 000000014000dfe0 f   util.obj
 0001:0000d020       ?Overlay32A@@YAXPEAIPEBII@Z 000000014000e020 f   util.obj
 0001:0000d060       ?Darken32_50@@YAXPEAIPEBII@Z 000000014000e060 f   util.obj
 0001:0000d0a0       ?TapeWarp32@@YAXPEAIPEBIIIMM@Z 000000014000e0a0 f   util.obj
 0001:0000d100       ?MulSrc32@@YAXPEAIPEBII@Z  000000014000e100 f   util.obj
 0001:0000d150       ?MulSrc32A@@YAXPEAIPEBII@Z 000000014000e150 f   util.obj
 0001:0000d1a0       ?MixSrc32S@@YAXPEAIPEBIIII@Z 000000014000e1a0 f   util.obj
 0001:0000d210       ?MixSrc32@@YAXPEAIPEBII@Z  000000014000e210 f   util.obj
 0001:0000d260       ?BlitSrc32@@YAXPEAIPEBIIII@Z 000000014000e260 f   util.obj
 0001:0000d2c0       ?BlitSrc32A@@YAXPEAIPEBIIIIM@Z 000000014000e2c0 f   util.obj
 0001:0000d360       ?BlitAdd32A@@YAXPEAIPEBIIIIM@Z 000000014000e360 f   util.obj
 0001:0000d3f0       ?Fade32@@YAXPEAIIIE@Z      000000014000e3f0 f   util.obj
 0001:0000d470       ??2@YAPEAX_K@Z             000000014000e470 f   LIBCMT:new_scalar.obj
 0001:0000d4ac       ??3@YAXPEAX@Z              000000014000e4ac f   LIBCMT:delete_scalar.obj
 0001:0000d4b4       ??3@YAXPEAX_K@Z            000000014000e4b4 f   LIBCMT:delete_scalar_size.obj
 0001:0000d4bc       ??_Etype_info@@UEAAPEAXI@Z 000000014000e4bc f i LIBCMT:std_type_info_static.obj
 0001:0000d4bc       ??_Gtype_info@@UEAAPEAXI@Z 000000014000e4bc f i LIBCMT:std_type_info_static.obj
 0001:0000d4e8       __scrt_acquire_startup_lock 000000014000e4e8 f   LIBCMT:utility.obj
 0001:0000d524       __scrt_initialize_crt      000000014000e524 f   LIBCMT:utility.obj
 0001:0000d570       __scrt_initialize_onexit_tables 000000014000e570 f   LIBCMT:utility.obj
 0001:0000d5fc       __scrt_is_nonwritable_in_current_image 000000014000e5fc f   LIBCMT:utility.obj
 0001:0000d694       __scrt_release_startup_lock 000000014000e694 f   LIBCMT:utility.obj
 0001:0000d6b8       __scrt_uninitialize_crt    000000014000e6b8 f   LIBCMT:utility.obj
 0001:0000d6e4       _onexit                    000000014000e6e4 f   LIBCMT:utility.obj
 0001:0000d720       atexit                     000000014000e720 f   LIBCMT:utility.obj
 0001:0000d990       WinMainCRTStartup          000000014000e990 f   LIBCMT:exe_winmain.obj
 0001:0000d9a4       ??0bad_alloc@std@@QEAA@XZ  000000014000e9a4 f i LIBCMT:throw_bad_alloc.obj
 0001:0000d9c4       ?__scrt_throw_std_bad_alloc@@YAXXZ 000000014000e9c4 f   LIBCMT:throw_bad_alloc.obj
 0001:0000d9e4       __isa_available_init       000000014000e9e4 f   LIBCMT:cpu_disp.obj
 0001:0000db88       _get_startup_argv_mode     000000014000eb88 f   LIBCMT:argv_mode.obj
 0001:0000db90       __scrt_is_ucrt_dll_in_use  000000014000eb90 f   LIBCMT:ucrt_detection.obj
 0001:0000db9c       __crt_debugger_hook        000000014000eb9c f   LIBCMT:utility_desktop.obj
 0001:0000dba4       __scrt_fastfail            000000014000eba4 f   LIBCMT:utility_desktop.obj
 0001:0000dcf0       __scrt_get_show_window_mode 000000014000ecf0 f   LIBCMT:utility_desktop.obj
 0001:0000dd2c       __scrt_initialize_mta      000000014000ed2c f   LIBCMT:utility_desktop.obj
 0001:0000dd34       _get_startup_commit_mode   000000014000ed34 f   LIBCMT:commit_mode.obj
 0001:0000dd34       __scrt_exe_initialize_mta  000000014000ed34 f   LIBCMT:utility_desktop.obj
 0001:0000dd34       _get_startup_thread_locale_mode 000000014000ed34 f   LIBCMT:thread_locale.obj
 0001:0000dd34       _get_startup_new_mode      000000014000ed34 f   LIBCMT:new_mode.obj
 0001:0000dd34       __scrt_stub_for_initialize_mta 000000014000ed34 f   LIBCMT:utility_desktop.obj
 0001:0000dd34       _matherr                   000000014000ed34 f   LIBCMT:matherr.obj
 0001:0000dd34       __scrt_initialize_winrt    000000014000ed34 f   LIBCMT:utility_desktop.obj
 0001:0000dd38       __scrt_is_managed_app      000000014000ed38 f   LIBCMT:utility_desktop.obj
 0001:0000dd8c       __scrt_set_unhandled_exception_filter 000000014000ed8c f   LIBCMT:utility_desktop.obj
 0001:0000dd9c       __scrt_unhandled_exception_filter 000000014000ed9c f   LIBCMT:utility_desktop.obj
 0001:0000ddf8       _guard_check_icall_nop     000000014000edf8 f i LIBCMT:guard_support.obj
 0001:0000ddf8       _initialize_invalid_parameter_handler 000000014000edf8 f i LIBCMT:invalid_parameter_handler.obj
 0001:0000ddf8       _initialize_denormal_control 000000014000edf8 f i LIBCMT:denormal_control.obj
 0001:0000ddfc       __security_init_cookie     000000014000edfc f   LIBCMT:gs_support.obj
 0001:0000dea8       _get_startup_file_mode     000000014000eea8 f   LIBCMT:file_mode.obj
 0001:0000deb0       ?__scrt_initialize_type_info@@YAXXZ 000000014000eeb0 f   LIBCMT:tncleanup.obj
 0001:0000dec0       _should_initialize_environment 000000014000eec0 f   LIBCMT:env_mode.obj
 0001:0000dec0       __acrt_uninitialize_command_line 000000014000eec0 f   libucrt:argv_data.obj
 0001:0000dec4       __local_stdio_scanf_options 000000014000eec4 f i LIBCMT:default_local_stdio_options.obj
 0001:0000decc       __scrt_initialize_default_local_stdio_options 000000014000eecc f   LIBCMT:default_local_stdio_options.obj
 0001:0000dee8       __scrt_is_user_matherr_present 000000014000eee8 f   LIBCMT:matherr_detection.obj
 0001:0000def4       __scrt_get_dyn_tls_init_callback 000000014000eef4 f   LIBCMT:dyn_tls_init.obj
 0001:0000defc       __scrt_get_dyn_tls_dtor_callback 000000014000eefc f   LIBCMT:dyn_tls_dtor.obj
 0001:0000df04       _RTC_Initialize            000000014000ef04 f   LIBCMT:initsect.obj
 0001:0000df40       _RTC_Terminate             000000014000ef40 f   LIBCMT:initsect.obj
 0001:0000df80       ??0length_error@std@@QEAA@AEBV01@@Z 000000014000ef80 f i libcpmt:xthrow.obj
 0001:0000dfbc       ??0length_error@std@@QEAA@PEBD@Z 000000014000efbc f i libcpmt:xthrow.obj
 0001:0000e004       ??0logic_error@std@@QEAA@AEBV01@@Z 000000014000f004 f i libcpmt:xthrow.obj
 0001:0000e040       ?_Xlength_error@std@@YAXPEBD@Z 000000014000f040 f   libcpmt:xthrow.obj
 0001:0000e064       __std_system_error_allocate_message 000000014000f064 f   libcpmt:syserror_import_lib.obj
 0001:0000e0c4       __std_system_error_deallocate_message 000000014000f0c4 f   libcpmt:syserror_import_lib.obj
 0001:0000e0cc       __std_fs_code_page         000000014000f0cc f   libcpmt:filesystem.obj
 0001:0000e0f4       __std_fs_convert_narrow_to_wide 000000014000f0f4 f   libcpmt:filesystem.obj
 0001:0000e13c       __std_fs_convert_wide_to_narrow_replace_chars 000000014000f13c f   libcpmt:filesystem.obj
 0001:0000e208       __std_fs_set_current_path  000000014000f208 f   libcpmt:filesystem.obj
 0001:0000e228       ?_Syserror_map@std@@YAPEBDH@Z 000000014000f228 f   libcpmt:syserror.obj
 0001:0000e250       ?_Winerror_map@std@@YAHH@Z 000000014000f250 f   libcpmt:syserror.obj
 0001:0000e274       strchr                     000000014000f274 f   libvcruntime:strchr.obj
 0001:0000e2f4       __std_exception_copy       000000014000f2f4 f   libvcruntime:std_exception.obj
 0001:0000e384       __std_exception_destroy    000000014000f384 f   libvcruntime:std_exception.obj
 0001:0000e3ac       __vcrt_initialize          000000014000f3ac f   libvcruntime:initialization.obj
 0001:0000e3d4       __vcrt_uninitialize        000000014000f3d4 f   libvcruntime:initialization.obj
 0001:0000e3f0       __C_specific_handler       000000014000f3f0 f   libvcruntime:riscchandler.obj
 0001:0000e5fc       _CxxThrowException         000000014000f5fc f   libvcruntime:throw.obj
 0001:0000e69c       __DestructExceptionObject  000000014000f69c f   libvcruntime:ehhelpers.obj
 0001:0000e70c       ?_CallMemberFunction0@@YAXQEAX0@Z 000000014000f70c f i libvcruntime:ehhelpers.obj
 0001:0000e710       _IsExceptionObjectToBeDestroyed 000000014000f710 f   libvcruntime:ehhelpers.obj
 0001:0000e740       __AdjustPointer            000000014000f740 f   libvcruntime:ehhelpers.obj
 0001:0000e764       __FrameUnwindFilter        000000014000f764 f   libvcruntime:ehhelpers.obj
 0001:0000e7cc       __current_exception        000000014000f7cc f   libvcruntime:ehhelpers.obj
 0001:0000e7e0       __current_exception_context 000000014000f7e0 f   libvcruntime:ehhelpers.obj
 0001:0000e7f4       __std_terminate            000000014000f7f4 f   libvcruntime:ehhelpers.obj
 0001:0000e810       memset_repmovs             000000014000f810 f   libvcruntime:memset.obj
 0001:0000e830       memset                     000000014000f830 f   libvcruntime:memset.obj
 0001:0000e9c0       __std_type_info_compare    000000014000f9c0 f   libvcruntime:std_type_info.obj
 0001:0000e9e8       __vcrt_freefls             000000014000f9e8 f   libvcruntime:per_thread_data.obj
 0001:0000ea08       __vcrt_getptd              000000014000fa08 f   libvcruntime:per_thread_data.obj
 0001:0000ea24       __vcrt_getptd_noexit       000000014000fa24 f   libvcruntime:per_thread_data.obj
 0001:0000eae4       __vcrt_initialize_ptd      000000014000fae4 f   libvcruntime:per_thread_data.obj
 0001:0000eb2c       __vcrt_uninitialize_ptd    000000014000fb2c f   libvcruntime:per_thread_data.obj
 0001:0000eb50       __vcrt_initialize_locks    000000014000fb50 f   libvcruntime:locks.obj
 0001:0000eb84       __vcrt_uninitialize_locks  000000014000fb84 f   libvcruntime:locks.obj
 0001:0000ebd0       _NLG_Notify                000000014000fbd0 f   libvcruntime:notify.obj
 0001:0000ebf0       __NLG_Dispatch2            000000014000fbf0 f   libvcruntime:notify.obj
 0001:0000ec00       __NLG_Return2              000000014000fc00 f   libvcruntime:notify.obj
 0001:0000ec04       __except_validate_context_record 000000014000fc04 f   libvcruntime:jbcxrval.obj
 0001:0000ed8c       __vcrt_FlsAlloc            000000014000fd8c f   libvcruntime:winapi_downlevel.obj
 0001:0000edd4       __vcrt_FlsFree             000000014000fdd4 f   libvcruntime:winapi_downlevel.obj
 0001:0000ee1c       __vcrt_FlsGetValue         000000014000fe1c f   libvcruntime:winapi_downlevel.obj
 0001:0000ee64       __vcrt_FlsSetValue         000000014000fe64 f   libvcruntime:winapi_downlevel.obj
 0001:0000eeb8       __vcrt_InitializeCriticalSectionEx 000000014000feb8 f   libvcruntime:winapi_downlevel.obj
 0001:0000ef1c       ??$_CallSETranslator@V__FrameHandler3@@@@YAHPEAUEHExceptionRecord@@PEA_KPEAU_CONTEXT@@PEAU_xDISPATCHER_CONTEXT@@PEBU_s_FuncInfo@@K1H@Z 000000014000ff1c f i libvcruntime:risctrnsctrl.obj
 0001:0000ef70       ??$_CallSETranslator@V__FrameHandler4@@@@YAHPEAUEHExceptionRecord@@PEA_KPEAU_CONTEXT@@PEAU_xDISPATCHER_CONTEXT@@PEAUFuncInfo4@FH4@@K1H@Z 000000014000ff70 f i libvcruntime:risctrnsctrl.obj
 0001:0000efc4       ?CatchTryBlock@__FrameHandler3@@SAPEBU_s_TryBlockMapEntry@@PEBU_s_FuncInfo@@H@Z 000000014000ffc4 f   libvcruntime:risctrnsctrl.obj
 0001:0000f018       ?DecompFuncInfo@FH4@@YA_JPEAEAEAUFuncInfo4@1@_KH_N@Z 0000000140010018 f i libvcruntime:risctrnsctrl.obj
 0001:0000f13c       ?ExecutionInCatch@__FrameHandler3@@SA_NPEAU_xDISPATCHER_CONTEXT@@PEBU_s_FuncInfo@@@Z 000000014001013c f   libvcruntime:risctrnsctrl.obj
 0001:0000f168       ?ExecutionInCatch@__FrameHandler4@@SA_NPEAU_xDISPATCHER_CONTEXT@@PEAUFuncInfo4@FH4@@@Z 0000000140010168 f   libvcruntime:risctrnsctrl.obj
 0001:0000f170       ?FrameUnwindToEmptyState@__FrameHandler3@@SAXPEA_KPEAU_xDISPATCHER_CONTEXT@@PEBU_s_FuncInfo@@@Z 0000000140010170 f   libvcruntime:risctrnsctrl.obj
 0001:0000f1d4       ?FrameUnwindToEmptyState@__FrameHandler4@@SAXPEA_KPEAU_xDISPATCHER_CONTEXT@@PEAUFuncInfo4@FH4@@@Z 00000001400101d4 f   libvcruntime:risctrnsctrl.obj
 0001:0000f208       ?GetEstablisherFrame@__FrameHandler3@@SAPEA_KPEA_KPEAU_xDISPATCHER_CONTEXT@@PEBU_s_FuncInfo@@0@Z 0000000140010208 f   libvcruntime:risctrnsctrl.obj
 0001:0000f2d4       ?GetEstablisherFrame@__FrameHandler4@@SAPEA_KPEA_KPEAU_xDISPATCHER_CONTEXT@@PEAUFuncInfo4@FH4@@0@Z 00000001400102d4 f   libvcruntime:risctrnsctrl.obj
 0001:0000f2f8       ?GetRangeOfTrysToCheck@__FrameHandler3@@SA?AU?$pair@Viterator@TryBlockMap@__FrameHandler3@@V123@@std@@AEAVTryBlockMap@1@HPEAU_xDISPATCHER_CONTEXT@@PEBU_s_FuncInfo@@H@Z 00000001400102f8 f   libvcruntime:risctrnsctrl.obj
 0001:0000f438       ?GetRangeOfTrysToCheck@__FrameHandler4@@SA?AU?$pair@Viterator@TryBlockMap4@FH4@@V123@@std@@AEAVTryBlockMap4@FH4@@HPEAU_xDISPATCHER_CONTEXT@@PEAUFuncInfo4@5@H@Z 0000000140010438 f   libvcruntime:risctrnsctrl.obj
 0001:0000f5a0       ?UnwindNestedFrames@__FrameHandler3@@SAXPEA_KPEAUEHExceptionRecord@@PEAU_CONTEXT@@0PEAXPEBU_s_FuncInfo@@HHPEBU_s_HandlerType@@PEAU_xDISPATCHER_CONTEXT@@E@Z 00000001400105a0 f   libvcruntime:risctrnsctrl.obj
 0001:0000f6a4       ?UnwindNestedFrames@__FrameHandler4@@SAXPEA_KPEAUEHExceptionRecord@@PEAU_CONTEXT@@0PEAXPEAUFuncInfo4@FH4@@HHPEAUHandlerType4@5@PEAU_xDISPATCHER_CONTEXT@@E@Z 00000001400106a4 f   libvcruntime:risctrnsctrl.obj
 0001:0000f7c4       ?setBuffer@TryBlockMap4@FH4@@QEAAXViterator@12@@Z 00000001400107c4 f i libvcruntime:risctrnsctrl.obj
 0001:0000f984       _CreateFrameInfo           0000000140010984 f   libvcruntime:risctrnsctrl.obj
 0001:0000f9c0       _FindAndUnlinkFrame        00000001400109c0 f   libvcruntime:risctrnsctrl.obj
 0001:0000fa14       _GetImageBase              0000000140010a14 f   libvcruntime:risctrnsctrl.obj
 0001:0000fa28       _GetThrowImageBase         0000000140010a28 f   libvcruntime:risctrnsctrl.obj
 0001:0000fa3c       _SetImageBase              0000000140010a3c f   libvcruntime:risctrnsctrl.obj
 0001:0000fa54       _SetThrowImageBase         0000000140010a54 f   libvcruntime:risctrnsctrl.obj
 0001:0000fa6c       __CxxFrameHandler3         0000000140010a6c f   libvcruntime:risctrnsctrl.obj
 0001:0000faf4       __CxxFrameHandler4         0000000140010af4 f   libvcruntime:risctrnsctrl.obj
 0001:0000fbd0       memcpy_repmovs             0000000140010bd0 f   libvcruntime:memcpy.obj
 0001:0000fbf0       memcpy                     0000000140010bf0 f   libvcruntime:memcpy.obj
 0001:0000fbf0       memmove                    0000000140010bf0 f   libvcruntime:memcpy.obj
 0001:00010268       ?GetCurrentState@__FrameHandler3@@SAHPEA_KPEAU_xDISPATCHER_CONTEXT@@PEBU_s_FuncInfo@@@Z 0000000140011268 f   libvcruntime:ehstate.obj
 0001:00010290       ?GetUnwindTryBlock@__FrameHandler3@@SAHPEA_KPEAU_xDISPATCHER_CONTEXT@@PEBU_s_FuncInfo@@@Z 0000000140011290 f   libvcruntime:ehstate.obj
 0001:000102bc       ?SetState@__FrameHandler3@@SAXPEA_KPEBU_s_FuncInfo@@H@Z 00000001400112bc f   libvcruntime:ehstate.obj
 0001:000102c8       ?SetUnwindTryBlock@__FrameHandler3@@SAXPEA_KPEAU_xDISPATCHER_CONTEXT@@PEBU_s_FuncInfo@@H@Z 00000001400112c8 f   libvcruntime:ehstate.obj
 0001:00010304       ?StateFromControlPc@__FrameHandler3@@SAHPEBU_s_FuncInfo@@PEAU_xDISPATCHER_CONTEXT@@@Z 0000000140011304 f   libvcruntime:ehstate.obj
 0001:0001030c       ?StateFromControlPc@__FrameHandler4@@SAHPEAUFuncInfo4@FH4@@PEAU_xDISPATCHER_CONTEXT@@@Z 000000014001130c f   libvcruntime:ehstate.obj
 0001:00010314       ?StateFromIp@__FrameHandler3@@SAHPEBU_s_FuncInfo@@PEAU_xDISPATCHER_CONTEXT@@_K@Z 0000000140011314 f   libvcruntime:ehstate.obj
 0001:0001037c       ?StateFromIp@__FrameHandler4@@SAHPEAUFuncInfo4@FH4@@PEAU_xDISPATCHER_CONTEXT@@_K@Z 000000014001137c f   libvcruntime:ehstate.obj
 0001:00011a60       ??$TypeMatchHelper@V__FrameHandler3@@@@YAHPEBU_s_HandlerType@@PEBU_s_CatchableType@@PEBU_s_ThrowInfo@@@Z 0000000140012a60 f i libvcruntime:frame.obj
 0001:00011ba0       ??$TypeMatchHelper@V__FrameHandler4@@@@YAHPEAUHandlerType4@FH4@@PEBU_s_CatchableType@@PEBU_s_ThrowInfo@@@Z 0000000140012ba0 f i libvcruntime:frame.obj
 0001:00011ce4       ??$__InternalCxxFrameHandler@V__FrameHandler3@@@@YA?AW4_EXCEPTION_DISPOSITION@@PEAUEHExceptionRecord@@PEA_KPEAU_CONTEXT@@PEAU_xDISPATCHER_CONTEXT@@PEBU_s_FuncInfo@@H1E@Z 0000000140012ce4 f i libvcruntime:frame.obj
 0001:00011f1c       ??$__InternalCxxFrameHandler@V__FrameHandler4@@@@YA?AW4_EXCEPTION_DISPOSITION@@PEAUEHExceptionRecord@@PEA_KPEAU_CONTEXT@@PEAU_xDISPATCHER_CONTEXT@@PEAUFuncInfo4@FH4@@H1E@Z 0000000140012f1c f i libvcruntime:frame.obj
 0001:000121b0       ??0HandlerMap4@FH4@@QEAA@PEBUTryBlockMapEntry4@1@_KH@Z 00000001400131b0 f i libvcruntime:frame.obj
 0001:0001222c       ??0TryBlockMap4@FH4@@QEAA@PEBUFuncInfo4@1@_K@Z 000000014001322c f i libvcruntime:frame.obj
 0001:00012304       ??0bad_exception@std@@QEAA@AEBV01@@Z 0000000140013304 f i libvcruntime:frame.obj
 0001:00012340       ??0bad_exception@std@@QEAA@XZ 0000000140013340 f i libvcruntime:frame.obj
 0001:00012360       ?CxxCallCatchBlock@__FrameHandler3@@SAPEAXPEAU_EXCEPTION_RECORD@@@Z 0000000140013360 f   libvcruntime:frame.obj
 0001:0001254c       ?CxxCallCatchBlock@__FrameHandler4@@SAPEAXPEAU_EXCEPTION_RECORD@@@Z 000000014001354c f   libvcruntime:frame.obj
 0001:0001279c       ?DecompHandler@HandlerMap4@FH4@@AEAAXXZ 000000014001379c f i libvcruntime:frame.obj
 0001:000129dc       ?FrameUnwindToState@__FrameHandler3@@SAXPEA_KPEAU_xDISPATCHER_CONTEXT@@PEBU_s_FuncInfo@@H@Z 00000001400139dc f   libvcruntime:frame.obj
 0001:00012b68       ?FrameUnwindToState@__FrameHandler4@@SAXPEA_KPEAU_xDISPATCHER_CONTEXT@@PEAUFuncInfo4@FH4@@H@Z 0000000140013b68 f   libvcruntime:frame.obj
 0001:00012e50       ?GetHandlerSearchState@__FrameHandler3@@SAHPEA_KPEAU_xDISPATCHER_CONTEXT@@PEBU_s_FuncInfo@@@Z 0000000140013e50 f i libvcruntime:frame.obj
 0001:00013060       ?ReadEntry@UWMap4@FH4@@AEAAXPEAPEAE@Z 0000000140014060 f i libvcruntime:frame.obj
 0001:00013100       ?_CallMemberFunction1@@YAXQEAX00@Z 0000000140014100 f i libvcruntime:frame.obj
 0001:0001310c       ?_CallMemberFunction2@@YAXQEAX00H@Z 000000014001410c f i libvcruntime:frame.obj
 0001:0001311c       ?getStartStop@UWMap4@FH4@@QEAAXHHAEAViterator@12@0@Z 000000014001411c f i libvcruntime:frame.obj
 0001:000131ec       ?getStateFromIterators@UWMap4@FH4@@SAHAEBViterator@12@H0H0@Z 00000001400141ec f i libvcruntime:frame.obj
 0001:000132d0       _CallSettingFrame          00000001400142d0 f   libvcruntime:handlers.obj
 0001:00013320       _CallSettingFrame_LookupContinuationIndex 0000000140014320 f   libvcruntime:handlers.obj
 0001:00013350       _CallSettingFrame_NotifyContinuationAddr 0000000140014350 f   libvcruntime:handlers.obj
 0001:00013380       _CallSettingFrameEncoded   0000000140014380 f   libvcruntime:handlers.obj
 0001:00013484       fopen                      0000000140014484 f   libucrt:fopen.obj
 0001:00013490       __acrt_initialize_stdio    0000000140014490 f   libucrt:_file.obj
 0001:000135b0       __acrt_iob_func            00000001400145b0 f   libucrt:_file.obj
 0001:000135c4       __acrt_uninitialize_stdio  00000001400145c4 f   libucrt:_file.obj
 0001:00013620       _lock_file                 0000000140014620 f   libucrt:_file.obj
 0001:0001362c       _unlock_file               000000014001462c f   libucrt:_file.obj
 0001:0001375c       ?get_raw_ptd@__crt_cached_ptd_host@@QEAAPEAU__acrt_ptd@@XZ 000000014001475c f i libucrt:fclose.obj
 0001:000137c4       fclose                     00000001400147c4 f   libucrt:fclose.obj
 0001:0001385c       realloc                    000000014001485c f   libucrt:realloc.obj
 0001:000138a4       ??$ensure_buffer_is_big_enough@D@formatting_buffer@__crt_stdio_output@@QEAA_N_KAEAV__crt_cached_ptd_host@@@Z 00000001400148a4 f i libucrt:output.obj
 0001:0001394c       ??$parse_integer@KV?$c_string_character_source@D@__crt_strtox@@$0A@@__crt_strtox@@YAKAEAV__crt_cached_ptd_host@@V?$c_string_character_source@D@0@H_N@Z 000000014001494c f i libucrt:output.obj
 0001:00013c00       ??$type_case_integer@$07@?$output_processor@DV?$stream_output_adapter@D@__crt_stdio_output@@V?$standard_base@DV?$stream_output_adapter@D@__crt_stdio_output@@@2@@__crt_stdio_output@@AEAA_N_N@Z 0000000140014c00 f i libucrt:output.obj
 0001:00013c00       ??$type_case_integer@$07@?$output_processor@DV?$string_output_adapter@D@__crt_stdio_output@@V?$standard_base@DV?$string_output_adapter@D@__crt_stdio_output@@@2@@__crt_stdio_output@@AEAA_N_N@Z 0000000140014c00 f i libucrt:output.obj
 0001:00013e04       ??$type_case_integer@$09@?$output_processor@DV?$stream_output_adapter@D@__crt_stdio_output@@V?$standard_base@DV?$stream_output_adapter@D@__crt_stdio_output@@@2@@__crt_stdio_output@@AEAA_N_N@Z 0000000140014e04 f i libucrt:output.obj
 0001:00013e04       ??$type_case_integer@$09@?$output_processor@DV?$string_output_adapter@D@__crt_stdio_output@@V?$standard_base@DV?$string_output_adapter@D@__crt_stdio_output@@@2@@__crt_stdio_output@@AEAA_N_N@Z 0000000140014e04 f i libucrt:output.obj
 0001:00014008       ??$type_case_integer@$0BA@@?$output_processor@DV?$stream_output_adapter@D@__crt_stdio_output@@V?$standard_base@DV?$stream_output_adapter@D@__crt_stdio_output@@@2@@__crt_stdio_output@@AEAA_N_N@Z 0000000140015008 f i libucrt:output.obj
 0001:00014008       ??$type_case_integer@$0BA@@?$output_processor@DV?$string_output_adapter@D@__crt_stdio_output@@V?$standard_base@DV?$string_output_adapter@D@__crt_stdio_output@@@2@@__crt_stdio_output@@AEAA_N_N@Z 0000000140015008 f i libucrt:output.obj
 0001:0001420c       ??$type_case_integer_parse_into_buffer@I$07@?$output_processor@DV?$string_output_adapter@D@__crt_stdio_output@@V?$standard_base@DV?$string_output_adapter@D@__crt_stdio_output@@@2@@__crt_stdio_output@@AEAAXI_N@Z 000000014001520c f i libucrt:output.obj
 0001:0001420c       ??$type_case_integer_parse_into_buffer@I$07@?$output_processor@DV?$stream_output_adapter@D@__crt_stdio_output@@V?$standard_base@DV?$stream_output_adapter@D@__crt_stdio_output@@@2@@__crt_stdio_output@@AEAAXI_N@Z 000000014001520c f i libucrt:output.obj
 0001:0001427c       ??$type_case_integer_parse_into_buffer@I$09@?$output_processor@DV?$string_output_adapter@D@__crt_stdio_output@@V?$standard_base@DV?$string_output_adapter@D@__crt_stdio_output@@@2@@__crt_stdio_output@@AEAAXI_N@Z 000000014001527c f i libucrt:output.obj
 0001:0001427c       ??$type_case_integer_parse_into_buffer@I$09@?$output_processor@DV?$stream_output_adapter@D@__crt_stdio_output@@V?$standard_base@DV?$stream_output_adapter@D@__crt_stdio_output@@@2@@__crt_stdio_output@@AEAAXI_N@Z 000000014001527c f i libucrt:output.obj
 0001:00014328       ??$type_case_integer_parse_into_buffer@I$0BA@@?$output_processor@DV?$string_output_adapter@D@__crt_stdio_output@@V?$standard_base@DV?$string_output_adapter@D@__crt_stdio_output@@@2@@__crt_stdio_output@@AEAAXI_N@Z 0000000140015328 f i libucrt:output.obj
 0001:00014328       ??$type_case_integer_parse_into_buffer@I$0BA@@?$output_processor@DV?$stream_output_adapter@D@__crt_stdio_output@@V?$standard_base@DV?$stream_output_adapter@D@__crt_stdio_output@@@2@@__crt_stdio_output@@AEAAXI_N@Z 0000000140015328 f i libucrt:output.obj
 0001:000143ac       ??$type_case_integer_parse_into_buffer@_K$07@?$output_processor@DV?$string_output_adapter@D@__crt_stdio_output@@V?$standard_base@DV?$string_output_adapter@D@__crt_stdio_output@@@2@@__crt_stdio_output@@AEAAX_K_N@Z 00000001400153ac f i libucrt:output.obj
 0001:000143ac       ??$type_case_integer_parse_into_buffer@_K$07@?$output_processor@DV?$stream_output_adapter@D@__crt_stdio_output@@V?$standard_base@DV?$stream_output_adapter@D@__crt_stdio_output@@@2@@__crt_stdio_output@@AEAAX_K_N@Z 00000001400153ac f i libucrt:output.obj
 0001:0001441c       ??$type_case_integer_parse_into_buffer@_K$09@?$output_processor@DV?$string_output_adapter@D@__crt_stdio_output@@V?$standard_base@DV?$string_output_adapter@D@__crt_stdio_output@@@2@@__crt_stdio_output@@AEAAX_K_N@Z 000000014001541c f i libucrt:output.obj
 0001:0001441c       ??$type_case_integer_parse_into_buffer@_K$09@?$output_processor@DV?$stream_output_adapter@D@__crt_stdio_output@@V?$standard_base@DV?$stream_output_adapter@D@__crt_stdio_output@@@2@@__crt_stdio_output@@AEAAX_K_N@Z 000000014001541c f i libucrt:output.obj
 0001:000144cc       ??$type_case_integer_parse_into_buffer@_K$0BA@@?$output_processor@DV?$stream_output_adapter@D@__crt_stdio_output@@V?$standard_base@DV?$stream_output_adapter@D@__crt_stdio_output@@@2@@__crt_stdio_output@@AEAAX_K_N@Z 00000001400154cc f i libucrt:output.obj
 0001:000144cc       ??$type_case_integer_parse_into_buffer@_K$0BA@@?$output_processor@DV?$string_output_adapter@D@__crt_stdio_output@@V?$standard_base@DV?$string_output_adapter@D@__crt_stdio_output@@@2@@__crt_stdio_output@@AEAAX_K_N@Z 00000001400154cc f i libucrt:output.obj
 0001:0001466c       ?crop_zeroes@__crt_stdio_output@@YAXPEADQEAU__crt_locale_pointers@@@Z 000000014001566c f i libucrt:output.obj
 0001:000146d8       ?parse_int_from_format_string@?$output_processor@DV?$string_output_adapter@D@__crt_stdio_output@@V?$standard_base@DV?$string_output_adapter@D@__crt_stdio_output@@@2@@__crt_stdio_output@@AEAA_NQEAH@Z 00000001400156d8 f i libucrt:output.obj
 0001:000146d8       ?parse_int_from_format_string@?$output_processor@DV?$stream_output_adapter@D@__crt_stdio_output@@V?$standard_base@DV?$stream_output_adapter@D@__crt_stdio_output@@@2@@__crt_stdio_output@@AEAA_NQEAH@Z 00000001400156d8 f i libucrt:output.obj
 0001:00014768       ?process@?$output_processor@DV?$stream_output_adapter@D@__crt_stdio_output@@V?$standard_base@DV?$stream_output_adapter@D@__crt_stdio_output@@@2@@__crt_stdio_output@@QEAAHXZ 0000000140015768 f i libucrt:output.obj
 0001:00014b00       ?process@?$output_processor@DV?$string_output_adapter@D@__crt_stdio_output@@V?$standard_base@DV?$string_output_adapter@D@__crt_stdio_output@@@2@@__crt_stdio_output@@QEAAHXZ 0000000140015b00 f i libucrt:output.obj
 0001:00014e80       ?state_case_size@?$output_processor@DV?$stream_output_adapter@D@__crt_stdio_output@@V?$standard_base@DV?$stream_output_adapter@D@__crt_stdio_output@@@2@@__crt_stdio_output@@AEAA_NXZ 0000000140015e80 f i libucrt:output.obj
 0001:00015008       ?state_case_size@?$output_processor@DV?$string_output_adapter@D@__crt_stdio_output@@V?$standard_base@DV?$string_output_adapter@D@__crt_stdio_output@@@2@@__crt_stdio_output@@AEAA_NXZ 0000000140016008 f i libucrt:output.obj
 0001:00015190       ?state_case_type@?$output_processor@DV?$stream_output_adapter@D@__crt_stdio_output@@V?$standard_base@DV?$stream_output_adapter@D@__crt_stdio_output@@@2@@__crt_stdio_output@@AEAA_NXZ 0000000140016190 f i libucrt:output.obj
 0001:000155c8       ?state_case_type@?$output_processor@DV?$string_output_adapter@D@__crt_stdio_output@@V?$standard_base@DV?$string_output_adapter@D@__crt_stdio_output@@@2@@__crt_stdio_output@@AEAA_NXZ 00000001400165c8 f i libucrt:output.obj
 0001:000159cc       ?type_case_Z@?$output_processor@DV?$stream_output_adapter@D@__crt_stdio_output@@V?$standard_base@DV?$stream_output_adapter@D@__crt_stdio_output@@@2@@__crt_stdio_output@@AEAA_NXZ 00000001400169cc f i libucrt:output.obj
 0001:000159cc       ?type_case_Z@?$output_processor@DV?$string_output_adapter@D@__crt_stdio_output@@V?$standard_base@DV?$string_output_adapter@D@__crt_stdio_output@@@2@@__crt_stdio_output@@AEAA_NXZ 00000001400169cc f i libucrt:output.obj
 0001:00015a48       ?type_case_a@?$output_processor@DV?$string_output_adapter@D@__crt_stdio_output@@V?$standard_base@DV?$string_output_adapter@D@__crt_stdio_output@@@2@@__crt_stdio_output@@AEAA_NXZ 0000000140016a48 f i libucrt:output.obj
 0001:00015a48       ?type_case_a@?$output_processor@DV?$stream_output_adapter@D@__crt_stdio_output@@V?$standard_base@DV?$stream_output_adapter@D@__crt_stdio_output@@@2@@__crt_stdio_output@@AEAA_NXZ 0000000140016a48 f i libucrt:output.obj
 0001:00015c9c       ?type_case_c_tchar@?$output_processor@DV?$stream_output_adapter@D@__crt_stdio_output@@V?$standard_base@DV?$stream_output_adapter@D@__crt_stdio_output@@@2@@__crt_stdio_output@@AEAA_ND@Z 0000000140016c9c f i libucrt:output.obj
 0001:00015c9c       ?type_case_c_tchar@?$output_processor@DV?$string_output_adapter@D@__crt_stdio_output@@V?$standard_base@DV?$string_output_adapter@D@__crt_stdio_output@@@2@@__crt_stdio_output@@AEAA_ND@Z 0000000140016c9c f i libucrt:output.obj
 0001:00015d70       ?type_case_n@?$output_processor@DV?$string_output_adapter@D@__crt_stdio_output@@V?$standard_base@DV?$string_output_adapter@D@__crt_stdio_output@@@2@@__crt_stdio_output@@AEAA_NXZ 0000000140016d70 f i libucrt:output.obj
 0001:00015d70       ?type_case_n@?$output_processor@DV?$stream_output_adapter@D@__crt_stdio_output@@V?$standard_base@DV?$stream_output_adapter@D@__crt_stdio_output@@@2@@__crt_stdio_output@@AEAA_NXZ 0000000140016d70 f i libucrt:output.obj
 0001:00015e28       ?type_case_s@?$output_processor@DV?$string_output_adapter@D@__crt_stdio_output@@V?$standard_base@DV?$string_output_adapter@D@__crt_stdio_output@@@2@@__crt_stdio_output@@AEAA_NXZ 0000000140016e28 f i libucrt:output.obj
 0001:00015e28       ?type_case_s@?$output_processor@DV?$stream_output_adapter@D@__crt_stdio_output@@V?$standard_base@DV?$stream_output_adapter@D@__crt_stdio_output@@@2@@__crt_stdio_output@@AEAA_NXZ 0000000140016e28 f i libucrt:output.obj
 0001:00015ed0       ?update_locale_slow@__crt_cached_ptd_host@@AEAAXXZ 0000000140016ed0 f i libucrt:output.obj
 0001:00015f48       ?validate_stream_is_ansi_if_required@?$__acrt_stdio_char_traits@D@@SA_NQEAU_iobuf@@@Z 0000000140016f48 f i libucrt:output.obj
 0001:00015fe4       ?write_string@?$string_output_adapter@D@__crt_stdio_output@@QEBAXQEBDHQEAHAEAV__crt_cached_ptd_host@@@Z 0000000140016fe4 f i libucrt:output.obj
 0001:00016088       ?write_string_impl@?$output_adapter_common@DV?$stream_output_adapter@D@__crt_stdio_output@@@__crt_stdio_output@@IEBAXQEBDHQEAHAEAV__crt_cached_ptd_host@@@Z 0000000140017088 f i libucrt:output.obj
 0001:00016154       __stdio_common_vfprintf    0000000140017154 f   libucrt:output.obj
 0001:00016278       __stdio_common_vsprintf    0000000140017278 f   libucrt:output.obj
 0001:000164e0       strncpy                    00000001400174e0 f   libucrt:strncpy.obj
 0001:00016650       isalnum                    0000000140017650 f   libucrt:_ctype.obj
 0001:000166fc       ??$__acrt_convert_wcs_mbs_cp@D_WV<lambda_7c9dea7b4ca7285d2cdb541a38da6275>@@U__crt_win32_buffer_internal_dynamic_resizing@@@@YAHQEBDAEAV?$__crt_win32_buffer@_WU__crt_win32_buffer_internal_dynamic_resizing@@@@AEBV<lambda_7c9dea7b4ca7285d2cdb541a38da6275>@@I@Z 00000001400176fc f i libucrt:stat.obj
 0001:00016c14       ??0_LocaleUpdate@@QEAA@QEAU__crt_locale_pointers@@@Z 0000000140017c14 f i libucrt:stat.obj
 0001:00017000       _stat64i32                 0000000140018000 f   libucrt:stat.obj
 0001:00017120       strncmp                    0000000140018120 f   libucrt:strncmp.obj
 0001:00017260       _fwrite_internal           0000000140018260 f   libucrt:fwrite.obj
 0001:000172fc       _fwrite_nolock_internal    00000001400182fc f   libucrt:fwrite.obj
 0001:00017510       fwrite                     0000000140018510 f   libucrt:fwrite.obj
 0001:000175b4       free                       00000001400185b4 f   libucrt:free.obj
 0001:000175e0       strncat                    00000001400185e0 f   libucrt:strncat.obj
 0001:00017778       _mkdir                     0000000140018778 f   libucrt:mkdir.obj
 0001:0001785c       _fread_nolock_s            000000014001885c f   libucrt:fread.obj
 0001:00017abc       fread                      0000000140018abc f   libucrt:fread.obj
 0001:00017adc       fread_s                    0000000140018adc f   libucrt:fread.obj
 0001:00017b84       malloc                     0000000140018b84 f   libucrt:malloc.obj
 0001:00017b8c       ?get_raw_ptd_noexit@__crt_cached_ptd_host@@QEAAPEAU__acrt_ptd@@XZ 0000000140018b8c f i libucrt:invalid_parameter.obj
 0001:00017bf8       ?value@?$dual_state_global@P6AXPEB_W00I_K@Z@__crt_state_management@@QEAAAEAP6AXPEB_W00I_K@ZAEAV__crt_cached_ptd_host@@@Z 0000000140018bf8 f i libucrt:invalid_parameter.obj
 0001:00017c44       __acrt_call_reportfault    0000000140018c44 f   libucrt:invalid_parameter.obj
 0001:00017da0       __acrt_initialize_invalid_parameter_handler 0000000140018da0 f   libucrt:invalid_parameter.obj
 0001:00017da8       _invalid_parameter         0000000140018da8 f   libucrt:invalid_parameter.obj
 0001:00017e44       _invalid_parameter_internal 0000000140018e44 f   libucrt:invalid_parameter.obj
 0001:00017f10       _invalid_parameter_noinfo  0000000140018f10 f   libucrt:invalid_parameter.obj
 0001:00017f30       _invalid_parameter_noinfo_noreturn 0000000140018f30 f   libucrt:invalid_parameter.obj
 0001:00017f60       _invoke_watson             0000000140018f60 f   libucrt:invalid_parameter.obj
 0001:00017fa8       _aligned_free              0000000140018fa8 f   libucrt:align.obj
 0001:00017fc4       _aligned_malloc            0000000140018fc4 f   libucrt:align.obj
 0001:00018044       roundf                     0000000140019044 f   libucrt:roundf.obj
 0001:000180ac       _clearfp                   00000001400190ac f   libucrt:ieee.obj
 0001:00018118       _control87                 0000000140019118 f   libucrt:ieee.obj
 0001:00018120       _controlfp                 0000000140019120 f   libucrt:ieee.obj
 0001:000183c8       __acrt_initialize_new_handler 00000001400193c8 f   libucrt:new_handler.obj
 0001:000183d0       _callnewh                  00000001400193d0 f   libucrt:new_handler.obj
 0001:00018410       _query_new_handler         0000000140019410 f   libucrt:new_handler.obj
 0001:00018448       _seh_filter_exe            0000000140019448 f   libucrt:exception_filter.obj
 0001:00018860       __acrt_initialize_thread_local_exit_callback 0000000140019860 f   libucrt:exit.obj
 0001:00018868       _c_exit                    0000000140019868 f   libucrt:exit.obj
 0001:00018878       _cexit                     0000000140019878 f   libucrt:exit.obj
 0001:00018888       _exit                      0000000140019888 f   libucrt:exit.obj
 0001:00018894       _register_thread_local_exe_atexit_callback 0000000140019894 f   libucrt:exit.obj
 0001:000188d4       exit                       00000001400198d4 f   libucrt:exit.obj
 0001:00018aa8       __acrt_allocate_buffer_for_argv 0000000140019aa8 f   libucrt:argv_parsing.obj
 0001:00018b08       _configure_narrow_argv     0000000140019b08 f   libucrt:argv_parsing.obj
 0001:000190d8       __dcrt_get_or_create_wide_environment_nolock 000000014001a0d8 f   libucrt:environment_initialization.obj
 0001:00019114       __dcrt_uninitialize_environments_nolock 000000014001a114 f   libucrt:environment_initialization.obj
 0001:00019158       _initialize_narrow_environment 000000014001a158 f   libucrt:environment_initialization.obj
 0001:000194a8       _crt_atexit                000000014001a4a8 f   libucrt:onexit.obj
 0001:000194b8       _execute_onexit_table      000000014001a4b8 f   libucrt:onexit.obj
 0001:000194fc       _initialize_onexit_table   000000014001a4fc f   libucrt:onexit.obj
 0001:00019524       _register_onexit_function  000000014001a524 f   libucrt:onexit.obj
 0001:00019698       __acrt_initialize          000000014001a698 f   libucrt:initialization.obj
 0001:000196ac       __acrt_uninitialize        000000014001a6ac f   libucrt:initialization.obj
 0001:000196e4       _query_app_type            000000014001a6e4 f   libucrt:report_runtime_error.obj
 0001:000196ec       _set_app_type              000000014001a6ec f   libucrt:report_runtime_error.obj
 0001:000196f4       __acrt_has_user_matherr    000000014001a6f4 f   libucrt:matherr.obj
 0001:00019714       __acrt_initialize_user_matherr 000000014001a714 f   libucrt:matherr.obj
 0001:0001971c       __acrt_invoke_user_matherr 000000014001a71c f   libucrt:matherr.obj
 0001:00019758       __setusermatherr           000000014001a758 f   libucrt:matherr.obj
 0001:00019780       _get_narrow_winmain_command_line 000000014001a780 f   libucrt:argv_winmain.obj
 0001:000197f0       _initterm                  000000014001a7f0 f   libucrt:initterm.obj
 0001:00019834       _initterm_e                000000014001a834 f   libucrt:initterm.obj
 0001:0001987c       _get_fmode                 000000014001a87c f   libucrt:setmode.obj
 0001:000198ac       _set_fmode                 000000014001a8ac f   libucrt:setmode.obj
 0001:000198ec       _setmode_nolock            000000014001a8ec f   libucrt:setmode.obj
 0001:00019a40       __acrt_set_locale_changed  000000014001aa40 f   libucrt:wsetlocale.obj
 0001:00019a4c       __acrt_uninitialize_locale 000000014001aa4c f   libucrt:wsetlocale.obj
 0001:00019a7c       _configthreadlocale        000000014001aa7c f   libucrt:wsetlocale.obj
 0001:00019ae8       _query_new_mode            000000014001aae8 f   libucrt:new_mode.obj
 0001:00019af0       _set_new_mode              000000014001aaf0 f   libucrt:new_mode.obj
 0001:00019b1c       __p__commode               000000014001ab1c f   libucrt:ncommode.obj
 0001:00019b24       terminate                  000000014001ab24 f   libucrt:terminate.obj
 0001:00019b50       strdup                     000000014001ab50 f   libucrt:strdup.obj
 0001:00019b50       _strdup                    000000014001ab50 f   libucrt:strdup.obj
 0001:00019bc8       ___lc_codepage_func        000000014001abc8 f   libucrt:initctype.obj
 0001:00019bf8       strcpy_s                   000000014001abf8 f   libucrt:strcpy_s.obj
 0001:00019c58       abort                      000000014001ac58 f   libucrt:abort.obj
 0001:00019cb0       calloc                     000000014001acb0 f   libucrt:calloc.obj
 0001:00019cb8       ??$parse_integer@KV?$c_string_character_source@_W@__crt_strtox@@$00@__crt_strtox@@YAKAEAV__crt_cached_ptd_host@@V?$c_string_character_source@_W@0@H_N@Z 000000014001acb8 f i libucrt:atox.obj
 0001:0001a454       wcsncmp                    000000014001b454 f   libucrt:wcsncmp.obj
 0001:0001a480       __acrt_errno_from_os_error 000000014001b480 f   libucrt:errno.obj
 0001:0001a4c8       __acrt_errno_map_os_error  000000014001b4c8 f   libucrt:errno.obj
 0001:0001a510       __acrt_errno_map_os_error_ptd 000000014001b510 f   libucrt:errno.obj
 0001:0001a534       __doserrno                 000000014001b534 f   libucrt:errno.obj
 0001:0001a554       _errno                     000000014001b554 f   libucrt:errno.obj
 0001:0001a574       ?__acrt_stdio_allocate_stream@@YA?AV__crt_stdio_stream@@XZ 000000014001b574 f   libucrt:stream.obj
 0001:0001a5cc       ?__acrt_stdio_free_stream@@YAXV__crt_stdio_stream@@@Z 000000014001b5cc f   libucrt:stream.obj
 0001:0001a6d4       ??$__acrt_stdio_parse_mode@D@@YA?AU__acrt_stdio_stream_mode@@QEBD@Z 000000014001b6d4 f i libucrt:openfile.obj
 0001:0001a998       _openfile                  000000014001b998 f   libucrt:openfile.obj
 0001:0001aa34       _calloc_base               000000014001ba34 f   libucrt:calloc_base.obj
 0001:0001aaac       _free_base                 000000014001baac f   libucrt:free_base.obj
 0001:0001aca4       __acrt_AppPolicyGetProcessTerminationMethodInternal 000000014001bca4 f   libucrt:winapi_thunks.obj
 0001:0001acfc       __acrt_AreFileApisANSI     000000014001bcfc f   libucrt:winapi_thunks.obj
 0001:0001ad40       __acrt_CompareStringEx     000000014001bd40 f   libucrt:winapi_thunks.obj
 0001:0001ae2c       __acrt_FlsAlloc            000000014001be2c f   libucrt:winapi_thunks.obj
 0001:0001ae34       __acrt_FlsFree             000000014001be34 f   libucrt:winapi_thunks.obj
 0001:0001ae3c       __acrt_FlsGetValue         000000014001be3c f   libucrt:winapi_thunks.obj
 0001:0001ae44       __acrt_FlsSetValue         000000014001be44 f   libucrt:winapi_thunks.obj
 0001:0001ae4c       __acrt_InitializeCriticalSectionEx 000000014001be4c f   libucrt:winapi_thunks.obj
 0001:0001aebc       __acrt_LCMapStringEx       000000014001bebc f   libucrt:winapi_thunks.obj
 0001:0001afa8       __acrt_LocaleNameToLCID    000000014001bfa8 f   libucrt:winapi_thunks.obj
 0001:0001b008       __acrt_initialize_winapi_thunks 000000014001c008 f   libucrt:winapi_thunks.obj
 0001:0001b02c       __acrt_uninitialize_winapi_thunks 000000014001c02c f   libucrt:winapi_thunks.obj
 0001:0001b070       _fcloseall                 000000014001c070 f   libucrt:closeall.obj
 0001:0001b304       __acrt_stdio_flush_nolock  000000014001c304 f   libucrt:fflush.obj
 0001:0001b390       _fflush_nolock             000000014001c390 f   libucrt:fflush.obj
 0001:0001b464       _flushall                  000000014001c464 f   libucrt:fflush.obj
 0001:0001b46c       __acrt_stdio_free_buffer_nolock 000000014001c46c f   libucrt:_freebuf.obj
 0001:0001b6a8       __acrt_initialize_lowio    000000014001c6a8 f   libucrt:ioinit.obj
 0001:0001b6e4       __acrt_uninitialize_lowio  000000014001c6e4 f   libucrt:ioinit.obj
 0001:0001b724       _fileno                    000000014001c724 f   libucrt:fileno.obj
 0001:0001b7c4       _close_internal            000000014001c7c4 f   libucrt:close.obj
 0001:0001b888       _close_nolock              000000014001c888 f   libucrt:close.obj
 0001:0001b920       _close_nolock_internal     000000014001c920 f   libucrt:close.obj
 0001:0001bd68       __acrt_getptd              000000014001cd68 f   libucrt:per_thread_data.obj
 0001:0001be3c       __acrt_getptd_head         000000014001ce3c f   libucrt:per_thread_data.obj
 0001:0001bee0       __acrt_getptd_noexit       000000014001cee0 f   libucrt:per_thread_data.obj
 0001:0001bfa8       __acrt_getptd_noexit_explicit 000000014001cfa8 f   libucrt:per_thread_data.obj
 0001:0001c068       __acrt_initialize_ptd      000000014001d068 f   libucrt:per_thread_data.obj
 0001:0001c0a4       __acrt_uninitialize_ptd    000000014001d0a4 f   libucrt:per_thread_data.obj
 0001:0001c0c8       _realloc_base              000000014001d0c8 f   libucrt:realloc_base.obj
 0001:0001c144       _malloc_base               000000014001d144 f   libucrt:malloc_base.obj
 0001:0001c1a4       strnlen                    000000014001d1a4 f   libucrt:strnlen.obj
 0001:0001c2f4       wcsnlen                    000000014001d2f4 f   libucrt:strnlen.obj
 0001:0001c4cc       __acrt_update_locale_info  000000014001d4cc f   libucrt:locale_update.obj
 0001:0001c500       __acrt_update_locale_info_explicit 000000014001d500 f   libucrt:locale_update.obj
 0001:0001c538       __acrt_update_multibyte_info 000000014001d538 f   libucrt:locale_update.obj
 0001:0001c56c       __acrt_update_multibyte_info_explicit 000000014001d56c f   libucrt:locale_update.obj
 0001:0001d0b8       __acrt_fp_format           000000014001e0b8 f   libucrt:cvt.obj
 0001:0001d3a0       _wctomb_internal           000000014001e3a0 f   libucrt:wctomb.obj
 0001:0001d550       _mbtowc_internal           000000014001e550 f   libucrt:mbtowc.obj
 0001:0001d6c8       _get_printf_count_output   000000014001e6c8 f   libucrt:printf_count_output.obj
 0001:0001d6e0       _fputc_nolock_internal     000000014001e6e0 f   libucrt:fputc.obj
 0001:0001d6f8       __acrt_should_use_temporary_buffer 000000014001e6f8 f   libucrt:_sftbuf.obj
 0001:0001d744       __acrt_stdio_begin_temporary_buffering_nolock 000000014001e744 f   libucrt:_sftbuf.obj
 0001:0001d80c       __acrt_stdio_end_temporary_buffering_nolock 000000014001e80c f   libucrt:_sftbuf.obj
 0001:0001d84c       _isctype_l                 000000014001e84c f   libucrt:isctype.obj
 0001:0001d954       _getdrive                  000000014001e954 f   libucrt:drive.obj
 0001:0001da4c       ??$__acrt_convert_wcs_mbs_cp@_WDV<lambda_f788ae46380686e8b737efdd8c720d07>@@U__crt_win32_buffer_no_resizing@@@@YAHQEB_WAEAV?$__crt_win32_buffer@DU__crt_win32_buffer_no_resizing@@@@AEBV<lambda_f788ae46380686e8b737efdd8c720d07>@@I@Z 000000014001ea4c f i libucrt:fullpath.obj
 0001:0001db68       ??$call_win32_function@V<lambda_17b8e77e04f0039ff1429d79b8271fa1>@@@?$__crt_win32_buffer@_WU__crt_win32_buffer_no_resizing@@@@QEAAHAEBV<lambda_17b8e77e04f0039ff1429d79b8271fa1>@@@Z 000000014001eb68 f i libucrt:fullpath.obj
 0001:0001dbdc       ??$call_win32_function@V<lambda_1a60cddbd8640ed4c95e91b82cd9827b>@@@?$__crt_win32_buffer@_WU__crt_win32_buffer_public_dynamic_resizing@@@@QEAAHAEBV<lambda_1a60cddbd8640ed4c95e91b82cd9827b>@@@Z 000000014001ebdc f i libucrt:fullpath.obj
 0001:0001dcb4       ?detach@?$__crt_win32_buffer@_WU__crt_win32_buffer_public_dynamic_resizing@@@@QEAAPEA_WXZ 000000014001ecb4 f i libucrt:fullpath.obj
 0001:0001dd98       _wfullpath                 000000014001ed98 f   libucrt:fullpath.obj
 0001:0001de4c       wcspbrk                    000000014001ee4c f   libucrt:wcspbrk.obj
 0001:0001de80       __ascii_wcsicmp            000000014001ee80 f   libucrt:wcsicmp.obj
 0001:0001dec0       _wcsicmp                   000000014001eec0 f   libucrt:wcsicmp.obj
 0001:0001df08       _wcsicmp_l                 000000014001ef08 f   libucrt:wcsicmp.obj
 0001:0001e03c       __acrt_MultiByteToWideChar 000000014001f03c f   libucrt:multibytetowidechar.obj
 0001:0001e0cc       __acrt_lowio_create_handle_array 000000014001f0cc f   libucrt:osfinfo.obj
 0001:0001e174       __acrt_lowio_destroy_handle_array 000000014001f174 f   libucrt:osfinfo.obj
 0001:0001e1c4       __acrt_lowio_ensure_fh_exists 000000014001f1c4 f   libucrt:osfinfo.obj
 0001:0001e26c       __acrt_lowio_lock_fh       000000014001f26c f   libucrt:osfinfo.obj
 0001:0001e294       __acrt_lowio_set_os_handle 000000014001f294 f   libucrt:osfinfo.obj
 0001:0001e354       __acrt_lowio_unlock_fh     000000014001f354 f   libucrt:osfinfo.obj
 0001:0001e37c       _alloc_osfhnd              000000014001f37c f   libucrt:osfinfo.obj
 0001:0001e4bc       _free_osfhnd               000000014001f4bc f   libucrt:osfinfo.obj
 0001:0001e578       _get_osfhandle             000000014001f578 f   libucrt:osfinfo.obj
 0001:0001e5f0       ??$__crt_time_is_leap_year@H@@YA_NH@Z 000000014001f5f0 f i libucrt:loctotime.obj
 0001:0001e880       __loctotime64_t            000000014001f880 f   libucrt:loctotime.obj
 0001:0001f090       _write                     0000000140020090 f   libucrt:write.obj
 0001:0001f128       _write_internal            0000000140020128 f   libucrt:write.obj
 0001:0001f248       _write_nolock              0000000140020248 f   libucrt:write.obj
 0001:0001f6c4       __acrt_stdio_flush_and_write_narrow_nolock 00000001400206c4 f   libucrt:_flsbuf.obj
 0001:0001f790       _wmkdir                    0000000140020790 f   libucrt:wmkdir.obj
 0001:0001fc44       _read                      0000000140020c44 f   libucrt:read.obj
 0001:0001fd64       _read_nolock               0000000140020d64 f   libucrt:read.obj
 0001:000201b4       __acrt_stdio_refill_and_read_narrow_nolock 00000001400211b4 f   libucrt:_filbuf.obj
 0001:0002031c       _msize_base                000000014002131c f   libucrt:msize.obj
 0001:00020358       _fd_int                    0000000140021358 f   libucrt:_test.obj
 0001:00020440       _get_fpsr                  0000000140021440 f   libucrt:fpsr.obj
 0001:00020450       _set_fpsr                  0000000140021450 f   libucrt:fpsr.obj
 0001:0002045a       _fclrf                     000000014002145a f   libucrt:fpsr.obj
 0001:0002046e       _frnd                      000000014002146e f   libucrt:fpsr.obj
 0001:00020490       __acrt_initialize_locks    0000000140021490 f   libucrt:locks.obj
 0001:000204d8       __acrt_lock                00000001400214d8 f   libucrt:locks.obj
 0001:000204f4       __acrt_uninitialize_locks  00000001400214f4 f   libucrt:locks.obj
 0001:0002052c       __acrt_unlock              000000014002152c f   libucrt:locks.obj
 0001:00020548       __acrt_app_verifier_enabled 0000000140021548 f   libucrt:peb_access.obj
 0001:00020564       __acrt_is_secure_process   0000000140021564 f   libucrt:peb_access.obj
 0001:0002057c       __acrt_get_process_end_policy 000000014002157c f   libucrt:win_policies.obj
 0001:000205c0       ??$__acrt_convert_wcs_mbs_cp@_WDV<lambda_d8593a27d1aa8c02be35c86a17d324c4>@@U__crt_win32_buffer_internal_dynamic_resizing@@@@YAHQEB_WAEAV?$__crt_win32_buffer@DU__crt_win32_buffer_internal_dynamic_resizing@@@@AEBV<lambda_d8593a27d1aa8c02be35c86a17d324c4>@@I@Z 00000001400215c0 f i libucrt:argv_wildcards.obj
 0001:00020e64       __acrt_expand_narrow_argv_wildcards 0000000140021e64 f   libucrt:argv_wildcards.obj
 0001:00020e6c       __acrt_GetModuleFileNameA  0000000140021e6c f   libucrt:getmodulefilenamea.obj
 0001:00021788       __acrt_initialize_multibyte 0000000140022788 f   libucrt:mbctype.obj
 0001:000217e8       __acrt_update_thread_multibyte_data 00000001400227e8 f   libucrt:mbctype.obj
 0001:00021804       _setmbcp_nolock            0000000140022804 f   libucrt:mbctype.obj
 0001:00021b38       _ismbblead                 0000000140022b38 f   libucrt:ismbbyte.obj
 0001:00021b4c       __acrt_initialize_command_line 0000000140022b4c f   libucrt:argv_data.obj
 0001:00021b74       wcscpy_s                   0000000140022b74 f   libucrt:wcscpy_s.obj
 0001:00021bdc       __acrt_WideCharToMultiByte 0000000140022bdc f   libucrt:widechartomultibyte.obj
 0001:00021cbc       __dcrt_get_narrow_environment_from_os 0000000140022cbc f   libucrt:get_environment_from_os.obj
 0001:00021dcc       __dcrt_get_wide_environment_from_os 0000000140022dcc f   libucrt:get_environment_from_os.obj
 0001:000222bc       __dcrt_set_variable_in_wide_environment_nolock 00000001400232bc f   libucrt:setenv.obj
 0001:000222c4       _recalloc_base             00000001400232c4 f   libucrt:recalloc.obj
 0001:0002235c       __acrt_initialize_heap     000000014002335c f   libucrt:heap_handle.obj
 0001:00022378       __acrt_uninitialize_heap   0000000140023378 f   libucrt:heap_handle.obj
 0001:00022384       __acrt_execute_initializers 0000000140023384 f   libucrt:shared_initialization.obj
 0001:00022418       __acrt_execute_uninitializers 0000000140023418 f   libucrt:shared_initialization.obj
 0001:000224a8       __acrt_get_sigabrt_handler 00000001400234a8 f   libucrt:signal.obj
 0001:000224d8       __acrt_initialize_signal_handlers 00000001400234d8 f   libucrt:signal.obj
 0001:000224f8       raise                      00000001400234f8 f   libucrt:signal.obj
 0001:00022774       wcsncpy_s                  0000000140023774 f   libucrt:wcsncpy_s.obj
 0001:00022870       __acrt_initialize_fmode    0000000140023870 f   libucrt:txtmode.obj
 0001:0002288c       __acrt_locale_free_monetary 000000014002388c f   libucrt:initmon.obj
 0001:00022998       __acrt_locale_free_numeric 0000000140023998 f   libucrt:initnum.obj
 0001:00022a38       __acrt_locale_free_time    0000000140023a38 f   libucrt:inittime.obj
 0001:00022b40       __acrt_GetStringTypeA      0000000140023b40 f   libucrt:getstringtypea.obj
 0001:00022cd0       __acrt_add_locale_ref      0000000140023cd0 f   libucrt:locale_refcounting.obj
 0001:00022d5c       __acrt_free_locale         0000000140023d5c f   libucrt:locale_refcounting.obj
 0001:00022ed4       __acrt_locale_add_lc_time_reference 0000000140023ed4 f   libucrt:locale_refcounting.obj
 0001:00022efc       __acrt_locale_free_lc_time_if_unreferenced 0000000140023efc f   libucrt:locale_refcounting.obj
 0001:00022f34       __acrt_locale_release_lc_time_reference 0000000140023f34 f   libucrt:locale_refcounting.obj
 0001:00022f5c       __acrt_release_locale_ref  0000000140023f5c f   libucrt:locale_refcounting.obj
 0001:00023004       __acrt_update_thread_locale_data 0000000140024004 f   libucrt:locale_refcounting.obj
 0001:00023074       _updatetlocinfoEx_nolock   0000000140024074 f   libucrt:locale_refcounting.obj
 0001:00023410       __acrt_LCMapStringA        0000000140024410 f   libucrt:lcmapstringa.obj
 0001:000234a8       iswctype                   00000001400244a8 f   libucrt:iswctype.obj
 0001:00023514       __ascii_wcsnicmp           0000000140024514 f   libucrt:wcsnicmp.obj
 0001:00023560       __ascii_strnicmp           0000000140024560 f   libucrt:strnicmp.obj
 0001:000235ac       _strnicmp                  00000001400245ac f   libucrt:strnicmp.obj
 0001:000235fc       _strnicmp_l                00000001400245fc f   libucrt:strnicmp.obj
 0001:00023cbc       _sopen_nolock              0000000140024cbc f   libucrt:open.obj
 0001:00023dd8       _sopen_s                   0000000140024dd8 f   libucrt:open.obj
 0001:00023e0c       _wsopen_nolock             0000000140024e0c f   libucrt:open.obj
 0001:000241fc       __acrt_DownlevelLocaleNameToLCID 00000001400251fc f   libucrt:lcidtoname_downlevel.obj
 0001:0002432c       _commit                    000000014002532c f   libucrt:commit.obj
 0001:00024490       __acrt_fp_strflt_to_string 0000000140025490 f   libucrt:_fptostr.obj
 0001:000245a0       ?divide@__crt_strtox@@YA_KAEAUbig_integer@1@AEBU21@@Z 00000001400255a0 f i libucrt:cfout.obj
 0001:00024a3c       __acrt_fltout              0000000140025a3c f   libucrt:cfout.obj
 0001:00025d54       fegetround                 0000000140026d54 f   libucrt:fegetround.obj
 0001:00025d68       ?__c32rtomb_utf8@__crt_mbstring@@YA_KPEAD_UPEAU_Mbstatet@@AEAV__crt_cached_ptd_host@@@Z 0000000140026d68 f   libucrt:c32rtomb.obj
 0001:00025e0c       ?__mbrtowc_utf8@__crt_mbstring@@YA_KPEA_WPEBD_KPEAU_Mbstatet@@AEAV__crt_cached_ptd_host@@@Z 0000000140026e0c f   libucrt:mbrtowc.obj
 0001:00025e50       ?__mbsrtowcs_utf8@__crt_mbstring@@YA_KPEA_WPEAPEBD_KPEAU_Mbstatet@@AEAV__crt_cached_ptd_host@@@Z 0000000140026e50 f   libucrt:mbrtowc.obj
 0001:00025ff4       _isatty                    0000000140026ff4 f   libucrt:isatty.obj
 0001:00026244       _wgetcwd                   0000000140027244 f   libucrt:getcwd.obj
 0001:0002626c       _towlower_l                000000014002726c f   libucrt:towlower.obj
 0001:00026360       __acrt_initialize_timeset  0000000140027360 f   libucrt:timeset.obj
 0001:000263b0       __daylight                 00000001400273b0 f   libucrt:timeset.obj
 0001:000263b8       __dstbias                  00000001400273b8 f   libucrt:timeset.obj
 0001:000263c0       __timezone                 00000001400273c0 f   libucrt:timeset.obj
 0001:000263c8       __tzname                   00000001400273c8 f   libucrt:timeset.obj
 0001:000263d0       __wide_tzname              00000001400273d0 f   libucrt:timeset.obj
 0001:000263d8       _get_daylight              00000001400273d8 f   libucrt:timeset.obj
 0001:00026408       _get_dstbias               0000000140027408 f   libucrt:timeset.obj
 0001:00026438       _get_timezone              0000000140027438 f   libucrt:timeset.obj
 0001:00026fd4       __tzset                    0000000140027fd4 f   libucrt:tzset.obj
 0001:00027018       _isindst                   0000000140028018 f   libucrt:tzset.obj
 0001:00027214       _lseeki64                  0000000140028214 f   libucrt:lseek.obj
 0001:000272b0       _lseeki64_nolock           00000001400282b0 f   libucrt:lseek.obj
 0001:0002734c       _lseeki64_nolock_internal  000000014002834c f   libucrt:lseek.obj
 0001:00027354       _putwch_nolock             0000000140028354 f   libucrt:putwch.obj
 0001:00027390       __acrt_stdio_allocate_buffer_nolock 0000000140028390 f   libucrt:_getbuf.obj
 0001:000273fc       __acrt_fenv_get_common_round_control 00000001400283fc f   libucrt:_fenvutils.obj
 0001:00027408       __acrt_fenv_get_control    0000000140028408 f   libucrt:_fenvutils.obj
 0001:000274ec       __acrt_fenv_get_status     00000001400284ec f   libucrt:_fenvutils.obj
 0001:00027544       __acrt_fenv_set_control    0000000140028544 f   libucrt:_fenvutils.obj
 0001:0002767c       __acrt_fenv_set_status     000000014002867c f   libucrt:_fenvutils.obj
 0001:000276f0       qsort                      00000001400286f0 f   libucrt:qsort.obj
 0001:00027b00       strncpy_s                  0000000140028b00 f   libucrt:strncpy_s.obj
 0001:00027c90       strpbrk                    0000000140028c90 f   libucrt:strpbrk.obj
 0001:00028058       _mbsdec                    0000000140029058 f   libucrt:mbsdec.obj
 0001:00028060       _mbsdec_l                  0000000140029060 f   libucrt:mbsdec.obj
 0001:0002810c       _wcsnicoll                 000000014002910c f   libucrt:wcsnicol.obj
 0001:0002815c       _wcsnicoll_l               000000014002915c f   libucrt:wcsnicol.obj
 0001:0002824c       __strncnt                  000000014002924c f   libucrt:strncnt.obj
 0001:00028264       __acrt_GetStringTypeW      0000000140029264 f   libucrt:getstringtypew.obj
 0001:0002826c       _chsize_nolock             000000014002926c f   libucrt:chsize.obj
 0001:00028304       _chsize_nolock_internal    0000000140029304 f   libucrt:chsize.obj
 0001:00028498       _controlfp_s               0000000140029498 f   libucrt:contrlfp.obj
 0001:000284fc       fegetenv                   00000001400294fc f   libucrt:fegetenv.obj
 0001:0002851c       fesetenv                   000000014002951c f   libucrt:fesetenv.obj
 0001:00028574       feholdexcept               0000000140029574 f   libucrt:feholdexcept.obj
 0001:000285c4       ceil                       00000001400295c4 f   libucrt:ceil.obj
 0001:00028690       log10                      0000000140029690 f   libucrt:log10.obj
 0001:00028c3c       ?reset_and_return@__crt_mbstring@@YA_K_KPEAU_Mbstatet@@@Z 0000000140029c3c f   libucrt:common_utf8.obj
 0001:00028c44       ?return_illegal_sequence@__crt_mbstring@@YA_KPEAU_Mbstatet@@AEAV__crt_cached_ptd_host@@@Z 0000000140029c44 f   libucrt:common_utf8.obj
 0001:00028c58       ?__mbrtoc32_utf8@__crt_mbstring@@YA_KPEA_UPEBD_KPEAU_Mbstatet@@AEAV__crt_cached_ptd_host@@@Z 0000000140029c58 f   libucrt:mbrtoc32.obj
 0001:00028e34       __acrt_LCMapStringW        0000000140029e34 f   libucrt:lcmapstringw.obj
 0001:00028ebc       wcstol                     0000000140029ebc f   libucrt:strtox.obj
 0001:00029100       _wgetenv_s                 000000014002a100 f   libucrt:getenv.obj
 0001:00029108       __dcrt_lowio_ensure_console_output_initialized 000000014002a108 f   libucrt:initcon.obj
 0001:0002915c       __dcrt_terminate_console_output 000000014002a15c f   libucrt:initcon.obj
 0001:00029178       __dcrt_write_console       000000014002a178 f   libucrt:initcon.obj
 0001:00029238       __acrt_CompareStringW      000000014002a238 f   libucrt:comparestringw.obj
 0001:0002941c       _handle_error              000000014002a41c f   libucrt:libm_error.obj
 0001:00029544       _handle_errorf             000000014002a544 f   libucrt:libm_error.obj
 0001:00029678       _handle_nan                000000014002a678 f   libucrt:libm_error.obj
 0001:00029694       _handle_nanf               000000014002a694 f   libucrt:libm_error.obj
 0001:000296b0       __acrt_initialize_fma3     000000014002a6b0 f   libucrt:fma3_available.obj
 0001:00029720       _log10_special             000000014002a720 f   libucrt:log_special.obj
 0001:000297d8       _raise_exc                 000000014002a7d8 f   libucrt:fpexcept.obj
 0001:00029800       _raise_exc_ex              000000014002a800 f   libucrt:fpexcept.obj
 0001:00029b08       _raise_excf                000000014002ab08 f   libucrt:fpexcept.obj
 0001:00029b34       _set_errno_from_matherr    000000014002ab34 f   libucrt:fpexcept.obj
 0001:00029b64       _clrfp                     000000014002ab64 f   libucrt:fpctrl.obj
 0001:00029b84       _ctrlfp                    000000014002ab84 f   libucrt:fpctrl.obj
 0001:00029c00       _set_statfp                000000014002ac00 f   libucrt:fpctrl.obj
 0001:00029c20       _statfp                    000000014002ac20 f   libucrt:fpctrl.obj
 0001:00029c34       __GSHandlerCheck           000000014002ac34 f   LIBCMT:gshandler.obj
 0001:00029c54       __GSHandlerCheckCommon     000000014002ac54 f   LIBCMT:gshandler.obj
 0001:00029cc0       __security_check_cookie    000000014002acc0 f   LIBCMT:amdsecgs.obj
 0001:00029ce0       _FindPESection             000000014002ace0 f   LIBCMT:pesect.obj
 0001:00029d30       _IsNonwritableInCurrentImage 000000014002ad30 f   LIBCMT:pesect.obj
 0001:00029d80       _ValidateImageBase         000000014002ad80 f   LIBCMT:pesect.obj
 0001:00029db0       __GSHandlerCheck_SEH       000000014002adb0 f   LIBCMT:gshandlerseh.obj
 0001:00029e38       __raise_securityfailure    000000014002ae38 f   LIBCMT:gs_report.obj
 0001:00029e6c       __report_gsfailure         000000014002ae6c f   LIBCMT:gs_report.obj
 0001:00029f40       __report_rangecheckfailure 000000014002af40 f   LIBCMT:gs_report.obj
 0001:00029f54       __report_securityfailure   000000014002af54 f   LIBCMT:gs_report.obj
 0001:0002a0d4       __GSHandlerCheck_EH        000000014002b0d4 f   LIBCMT:gshandlereh.obj
 0001:0002a170       __chkstk                   000000014002b170 f   LIBCMT:chkstk.obj
 0001:0002a170       _alloca_probe              000000014002b170 f   LIBCMT:chkstk.obj
 0001:0002a1c0       __C_specific_handler_noexcept 000000014002b1c0 f   libvcruntime:chandler_noexcept.obj
 0001:0002a20c       wcsrchr                    000000014002b20c f   libvcruntime:wcsrchr.obj
 0001:0002a2d0       memcmp                     000000014002b2d0 f   libvcruntime:memcmp.obj
 0001:0002a398       strrchr                    000000014002b398 f   libvcruntime:strrchr.obj
 0001:0002a4c4       wcschr                     000000014002b4c4 f   libvcruntime:wcschr.obj
 0001:000333e0       __vdecl_sinf4              00000001400343e0 f   LIBCMT:svml_ssinf4_dispatch.obj
 0001:00033400       __libm_sse2_sincosf_       0000000140034400 f   LIBCMT:svml_ssinf4_dispatch.obj
 0001:00033443       __libm_sse2_sincosf4_      0000000140034443 f   LIBCMT:svml_ssinf4_dispatch.obj
 0001:00033450       __vdecl_cos2               0000000140034450 f   LIBCMT:svml_dcos2_dispatch.obj
 0001:00033470       __sse2_sinf4@@16           0000000140034470 f   LIBCMT:svml_ssinf4_sse2.obj
 0001:00033db0       __sse4_sinf4@@16           0000000140034db0 f   LIBCMT:svml_ssinf4_sse4.obj
 0001:00034530       __sse2_cos2@@16            0000000140035530 f   LIBCMT:svml_dcos2_sse2.obj
 0001:00034be0       __sse4_cos2@@16            0000000140035be0 f   LIBCMT:svml_dcos2_sse4.obj
 0001:00035290       __common_ssin_cout_rare    0000000140036290 f   LIBCMT:svml_s_sin_cout.obj
 0001:00035300       __common_dcos_cout_rare    0000000140036300 f   LIBCMT:svml_d_cos_cout.obj
 0001:00035370       _vcomp_for_dynamic_init    0000000140036370 f   VCOMP:VCOMP140.DLL
 0001:00035376       _vcomp_for_dynamic_next    0000000140036376 f   VCOMP:VCOMP140.DLL
[...]
 0002:00011658       $xdatasym                  000000014004c658     libucrt:remainder_piby2_forfma3.obj
 0002:00011664       $unwind$_sincos_special    000000014004c664     libucrt:sincos_special.obj
 0002:00011664       $unwind$_sincosf_special   000000014004c664     libucrt:sincos_special.obj
 0002:00011670       $xdatasym                  000000014004c670     libucrt:remainder_piby2f_forasm.obj
 0002:00011674       $unwind$_powf_special      000000014004c674     libucrt:pow_special.obj
 0002:00011680       $xdatasym                  000000014004c680     libucrt:remainder_piby2f_forc.obj
 0002:00011fa6       .idata$6                   000000014004cfa6     ws2_32:WS2_32.dll
 0002:00011fc8       .idata$6                   000000014004cfc8     kernel32:KERNEL32.dll
 0002:00011ffa       .idata$6                   000000014004cffa     user32:USER32.dll
 0002:00012106       .idata$6                   000000014004d106     bass:BASS.dll
 0002:000121b2       .idata$6                   000000014004d1b2     DevIL:DevIL.dll
 0002:0001243c       .idata$6                   000000014004d43c     SDL2:SDL2.dll
 0002:00012b5a       .idata$6                   000000014004db5a     VCOMP:VCOMP140.DLL
 0003:00000040       ?__vcrt_flsindex@@3KA      000000014004e040     libvcruntime:per_thread_data.obj
 0003:00000160       ?dazSupported@?1??common_control87@@9@9 000000014004e160     libucrt:ieee.obj
 0003:00000168       ?errno_no_memory@@3HA      000000014004e168     libucrt:errno.obj
 0003:0000016c       ?doserrno_no_memory@@3KA   000000014004e16c     libucrt:errno.obj
 0003:000001b8       ?__acrt_flsindex@@3KA      000000014004e1b8     libucrt:per_thread_data.obj
 0003:00000660       _mbctypes                  000000014004e660     libucrt:mbctype.obj
 0003:00000770       _mbcasemaps                000000014004e770     libucrt:mbctype.obj
 0003:00000870       ?__rgctypeflag@@3PADA      000000014004e870     libucrt:mbctype.obj
 0003:00000880       ?__rgcode_page_info@@3PAUcode_page_info@@A 000000014004e880     libucrt:mbctype.obj
 0003:00000a30       ?tzstd_program@@3PADA      000000014004ea30     libucrt:timeset.obj
 0003:00000a70       ?tzdst_program@@3PADA      000000014004ea70     libucrt:timeset.obj
 0003:00000ab0       ?w_tzstd_program@@3PA_WA   000000014004eab0     libucrt:timeset.obj
 0003:00000b30       ?w_tzdst_program@@3PA_WA   000000014004eb30     libucrt:timeset.obj
 0003:00000bb0       ?tzname_states@@3PAY01PEADA 000000014004ebb0     libucrt:timeset.obj
 0003:00000bc0       ?w_tzname_states@@3PAY01PEA_WA 000000014004ebc0     libucrt:timeset.obj
 0003:00000bd0       ?dststart@@3Utransitiondate@?A0x7639d0b4@@A 000000014004ebd0     libucrt:tzset.obj
 0003:00000be0       ?dstend@@3Utransitiondate@?A0x7639d0b4@@A 000000014004ebe0     libucrt:tzset.obj
 0003:00000bf0       ?__dcrt_lowio_console_output_handle@@3PEAXEA 000000014004ebf0     libucrt:initcon.obj
 0003:00000c00       ?dazSupported@?1??_ctrlfp@@9@9 000000014004ec00     libucrt:fpctrl.obj
 0003:00000c40       ?need_init@?1??server_connect@@9@9 000000014004ec40     device.obj
 0003:00000c44       ?s_curRayLength@@3IA       000000014004ec44     ball.obj
 0003:00000c48       ?s_beamAlphaMin@@3MA       000000014004ec48     ball.obj
 0003:00000c4c       ?s_beamAtten@@3IA          000000014004ec4c     ball.obj
 0003:00000c50       ?s_rocketCallbacks@@3Usync_cb@@A 000000014004ec50     rocket.obj
 0003:00000c68       ?s_mapTilt@@3HA            000000014004ec68     landscape.obj
 0003:00000c70       ?s_lastErr@@3V?$basic_string@DU?$char_traits@D@std@@V?$allocator@D@2@@std@@A 000000014004ec70     main.obj
 0003:00000f20       ?is_initialized_as_dll@@3_NA 000000014004ef20     LIBCMT:utility.obj
 0003:00000f21       ?module_local_atexit_table_initialized@@3_NA 000000014004ef21     LIBCMT:utility.obj
 0003:00000f28       ?module_local_atexit_table@@3U_onexit_table_t@@A 000000014004ef28     LIBCMT:utility.obj
 0003:00000f40       ?module_local_at_quick_exit_table@@3U_onexit_table_t@@A 000000014004ef40     LIBCMT:utility.obj
 0003:00000f90       ?__vcrt_startup_thread_ptd@@3U__vcrt_ptd@@A 000000014004ef90     libvcruntime:per_thread_data.obj
 0003:00001010       __vcrt_lock_table          000000014004f010     libvcruntime:locks.obj
 0003:00001038       __vcrt_locks_initialized   000000014004f038     libvcruntime:locks.obj
 0003:00001080       ?heap@@3V_HeapManager@@A   000000014004f080     libvcruntime:undname.obj
 0003:000010a8       ?module_handles@@3PAPEAUHINSTANCE__@@A 000000014004f0a8     libvcruntime:winapi_downlevel.obj
 0003:000010c0       ?function_pointers@@3PAPEAXA 000000014004f0c0     libvcruntime:winapi_downlevel.obj
 0003:00001108       ?__acrt_invalid_parameter_handler@@3V?$dual_state_global@P6AXPEB_W00I_K@Z@__crt_state_management@@A 000000014004f108     libucrt:invalid_parameter.obj
 0003:00001110       ?__acrt_new_handler@@3V?$dual_state_global@P6AH_K@Z@__crt_state_management@@A 000000014004f110     libucrt:new_handler.obj
 0003:00001118       ?c_termination_complete@@3JA 000000014004f118     libucrt:exit.obj
 0003:00001120       ?thread_local_exit_callback_func@@3P6AXPEAXK0@ZEA 000000014004f120     libucrt:exit.obj
 0003:00001128       ?c_exit_complete@?1???R<lambda_6e4b09c48022b2350581041d5f6b0c4c>@@QEBA@XZ@4_NA 000000014004f128     libucrt:exit.obj
 0003:00001130       ?program_name@?1???$common_configure_argv@D@@YAHW4_crt_argv_mode@@@Z@4PADA 000000014004f130     libucrt:argv_parsing.obj
 0003:00001288       ?__acrt_app_type@@3W4_crt_app_type@@A 000000014004f288     libucrt:report_runtime_error.obj
 0003:00001290       ?user_matherr@@3V?$dual_state_global@P6AHPEAU_exception@@@Z@__crt_state_management@@A 000000014004f290     libucrt:matherr.obj
 0003:00001298       ?empty_string@?1???$common_wincmdln@E@@YAPEAEXZ@4PAEA 000000014004f298     libucrt:argv_winmain.obj
 0003:000012a0       ?__acrt_global_new_mode@@3V?$dual_state_global@J@__crt_state_management@@A 000000014004f2a0     libucrt:new_mode.obj
 0003:000012b0       ?module_handles@@3PAPEAUHINSTANCE__@@A 000000014004f2b0     libucrt:winapi_thunks.obj
 0003:00001360       ?encoded_function_pointers@@3PAPEAXA 000000014004f360     libucrt:winapi_thunks.obj
 0003:00001870       ?internal_state@?1??_mbtowc_internal@@9@4U_Mbstatet@@A 000000014004f870     libucrt:mbtowc.obj
 0003:00001878       ?enable_percent_n@@3_KA    000000014004f878     libucrt:printf_count_output.obj
 0003:00001890       ?__acrt_lock_table@@3PAU_RTL_CRITICAL_SECTION@@A 000000014004f890     libucrt:locks.obj
 0003:00001ac0       ?__acrt_locks_initialized@@3IA 000000014004fac0     libucrt:locks.obj
 0003:00001ae0       ?fSystemSet@@3HA           000000014004fae0     libucrt:mbctype.obj
 0003:00001ae4       ?initialized@?1??__acrt_initialize_multibyte@@9@4_NA 000000014004fae4     libucrt:mbctype.obj
 0003:00001b20       ?ctrlc_action@@3V?$dual_state_global@P6AXH@Z@__crt_state_management@@A 000000014004fb20     libucrt:signal.obj
 0003:00001b28       ?ctrlbreak_action@@3V?$dual_state_global@P6AXH@Z@__crt_state_management@@A 000000014004fb28     libucrt:signal.obj
 0003:00001b30       ?abort_action@@3V?$dual_state_global@P6AXH@Z@__crt_state_management@@A 000000014004fb30     libucrt:signal.obj
 0003:00001b38       ?term_action@@3V?$dual_state_global@P6AXH@Z@__crt_state_management@@A 000000014004fb38     libucrt:signal.obj
 0003:00001b60       ?_tzname@@3V?$dual_state_global@PEAPEAD@__crt_state_management@@A 000000014004fb60     libucrt:timeset.obj
 0003:00001b68       ?w_tzname@@3V?$dual_state_global@PEAPEA_W@__crt_state_management@@A 000000014004fb68     libucrt:timeset.obj
 0003:00001b70       ?last_wide_tz@@3PEA_WEA    000000014004fb70     libucrt:tzset.obj
 0003:00001b80       ?tz_api_used@@3HA          000000014004fb80     libucrt:tzset.obj
 0003:00001b84       ?tzset_init_state@@3V?$dual_state_global@J@__crt_state_management@@A 000000014004fb84     libucrt:tzset.obj
 0003:00001b90       ?tz_info@@3U_TIME_ZONE_INFORMATION@@A 000000014004fb90     libucrt:tzset.obj
 0003:00001c40       ?internal_pst@?1??__mbrtoc32_utf8@__crt_mbstring@@YA_KPEA_UPEBD_KPEAU_Mbstatet@@AEAV__crt_cached_ptd_host@@@Z@4U3@A 000000014004fc40     libucrt:mbrtoc32.obj
 0003:00001c50       GS_ExceptionRecord         000000014004fc50     LIBCMT:gs_report.obj
 0003:00001cf0       GS_ContextRecord           000000014004fcf0     LIBCMT:gs_report.obj
 0003:000095f0       ?fNautilus_global@@3VVector3@@A 00000001400575f0     shadertoy.obj
 0003:00009600       ?fSpike_global@@3VVector4@@A 0000000140057600     shadertoy.obj
 0003:00009610       ?temp@?1??path_encode@@9@9 0000000140057610     device.obj
 0003:00009714       ?s_hMusic@@3KA             0000000140057714     audio.obj
 0003:00009718       ?s_bassInf@@3UBASS_INFO@@A 0000000140057718     audio.obj
 0003:00009750       ?temp@?1??sync_track_path@@9@9 0000000140057750     device.obj
 0003:00009858       ?s_pColorMap@@3PAPEAIA     0000000140057858     ball.obj
 0003:00009868       ?s_pEnvMap@@3PEAIEA        0000000140057868     ball.obj
 0003:00009870       ?s_heightProj@@3PAIA       0000000140057870     ball.obj
 0003:0000a870       ?s_heightProjNorm@@3PAY02HA 0000000140058870     ball.obj
 0003:0000d870       ?s_pHeightMap@@3PAPEAEA    000000014005b870     ball.obj
 0003:0000d898       ?s_pHalo@@3PEAIEA          000000014005b898     ball.obj
 0003:0000d8a0       ?s_pBeamMapMix@@3PEAIEA    000000014005b8a0     ball.obj
 0003:0000d8a8       ?s_pBeamMaps@@3PAPEAIA     000000014005b8a8     ball.obj
 0003:0000d8c0       ?s_heightMapMix@@3PEAEEA   000000014005b8c0     ball.obj
 0003:0000d8c8       ?s_pBackgrounds@@3PAPEAIA  000000014005b8c8     ball.obj
 0003:0000d8d8       ?s_pTempBuf@@3PEAIEA       000000014005b8d8     boxblur.obj
 0003:0000d8e0       ?s_genState@@3UTINYMT32_T@@A 000000014005b8e0     random.obj
 0003:0000d900       ?s_hRocket@@3PEAUsync_device@@EA 000000014005b900     rocket.obj
 0003:0000d908       ?s_pFDTunnelTex@@3PEAIEA   000000014005b908     shadertoy.obj
 0003:0000d910       ?s_pFDTunnelTexHighlights@@3PEAIEA 000000014005b910     shadertoy.obj
 0003:0000d918       ?s_pSpikeBlurMap@@3PEAIEA  000000014005b918     shadertoy.obj
 0003:0000d920       ?s_pSpikeBlurMaps@@3PAPEAIA 000000014005b920     shadertoy.obj
 0003:0000d930       ?s_pNautilusDirt@@3PEAIEA  000000014005b930     demo.obj
 0003:0000d938       ?s_pBallVignette@@3PEAIEA  000000014005b938     demo.obj
 0003:0000d940       ?s_pLenz@@3PEAIEA          000000014005b940     demo.obj
 0003:0000d948       ?s_pRevLogo@@3PEAIEA       000000014005b948     demo.obj
 0003:0000d950       ?s_pCloseSpike1961@@3PEAIEA 000000014005b950     demo.obj
 0003:0000d958       ?s_pSpikeyFullDirt@@3PEAIEA 000000014005b958     demo.obj
 0003:0000d960       ?s_pNoooN@@3PEAIEA         000000014005b960     demo.obj
 0003:0000d968       ?s_pTunnelVignette2@@3PEAIEA 000000014005b968     demo.obj
 0003:0000d970       ?s_pDiscoGuys@@3PAPEAIA    000000014005b970     demo.obj
 0003:0000d9b0       ?s_pGreetings@@3PAPEAIA    000000014005b9b0     demo.obj
 0003:0000d9d0       ?s_pCredits@@3PAPEAIA      000000014005b9d0     demo.obj
 0003:0000d9f0       ?s_pSpikeyBypass@@3PEAIEA  000000014005b9f0     demo.obj
 0003:0000d9f8       ?s_pWaterDirt@@3PEAIEA     000000014005b9f8     demo.obj
 0003:0000da00       ?s_pCloseSpikeVignette@@3PEAIEA 000000014005ba00     demo.obj
 0003:0000da08       ?s_pVignette06@@3PEAIEA    000000014005ba08     demo.obj
 0003:0000da10       ?s_pRibbons@@3PEAIEA       000000014005ba10     demo.obj
 0003:0000da18       ?s_pNautilusCousteauRim2@@3PEAIEA 000000014005ba18     demo.obj
 0003:0000da20       ?s_pWaterPrismOverlay@@3PEAIEA 000000014005ba20     demo.obj
 0003:0000da28       ?s_pNautilusCousteau2@@3PEAIEA 000000014005ba28     demo.obj
 0003:0000da30       ?s_pSpikeyArrested@@3PEAIEA 000000014005ba30     demo.obj
 0003:0000da38       ?s_pCloseSpikeDirtRaker@@3PEAIEA 000000014005ba38     demo.obj
 0003:0000da40       ?s_pAreWeDone@@3PEAIEA     000000014005ba40     demo.obj
 0003:0000da48       ?s_pTunnelFullDirt@@3PEAIEA 000000014005ba48     demo.obj
 0003:0000da50       ?s_pGodLayer@@3PEAIEA      000000014005ba50     demo.obj
 0003:0000da58       ?s_pCloseSpikeVignetteForRaker@@3PEAIEA 000000014005ba58     demo.obj
 0003:0000da60       ?s_pSpikeyVignette@@3PEAIEA 000000014005ba60     demo.obj
 0003:0000da68       ?s_pNautilusCousteauRim1@@3PEAIEA 000000014005ba68     demo.obj
 0003:0000da70       ?s_pGPUJoke@@3PEAIEA       000000014005ba70     demo.obj
 0003:0000da78       ?s_pTunnelVignette@@3PEAIEA 000000014005ba78     demo.obj
 0003:0000da80       ?s_pNautilusCousteau1@@3PEAIEA 000000014005ba80     demo.obj
 0003:0000da88       ?s_pNautilusVignette@@3PEAIEA 000000014005ba88     demo.obj
 0003:0000da90       ?s_pNautilusText@@3PEAIEA  000000014005ba90     demo.obj
 0003:0000da98       ?s_pGreetingsDirt@@3PEAIEA 000000014005ba98     demo.obj
 0003:0000daa0       ?s_pGreetingsVignette@@3PEAIEA 000000014005baa0     demo.obj
 0003:0000daa8       ?s_pMFX@@3PEAIEA           000000014005baa8     demo.obj
 0003:0000dab0       ?s_pSpikeyVignette2@@3PEAIEA 000000014005bab0     demo.obj
 0003:0000dab8       ?s_pPad@@3PEAU_SDL_GameController@@EA 000000014005bab8     gamepad.obj
 0003:0000dac0       ?s_pGC@@3V?$vector@PEAXV?$allocator@PEAX@std@@@std@@A 000000014005bac0     image.obj
 0003:0000dad8       ?s_pColorMap@@3PEAIEA      000000014005bad8     landscape.obj
 0003:0000dae0       ?s_fogGradientUnp@@3PAT__m128i@@A 000000014005bae0     landscape.obj
 0003:0000eae0       ?s_pFogGradient@@3PEAIEA   000000014005cae0     landscape.obj
 0003:0000eae8       ?s_pHeightMap@@3PEAEEA     000000014005cae8     landscape.obj
 0003:0000eaf0       ?s_pInvMap2x2@@3PEAHEA     000000014005caf0     polar.obj
 0003:0000eaf8       ?s_pMap@@3PEAHEA           000000014005caf8     polar.obj
 0003:0000eb00       ?s_pInvMap@@3PEAHEA        000000014005cb00     polar.obj
 0003:0000eb08       ?s_pMap2x2@@3PEAHEA        000000014005cb08     polar.obj
 0003:0000eb10       ?s_pColorMap@@3PEAIEA      000000014005cb10     torus-twister.obj
 0003:0000eb18       ?s_pHeightMap@@3PEAEEA     000000014005cb18     torus-twister.obj
 0003:0000eb20       ?s_heightProj@@3PAIA       000000014005cb20     torus-twister.obj
 0003:0000f320       ?s_heightProjNorm@@3PAIA   000000014005d320     torus-twister.obj
 0003:0000fb20       ?s_pBackground@@3PEAIEA    000000014005db20     torus-twister.obj
 0003:0000fb28       ?s_pColorMap@@3PEAIEA      000000014005db28     tunnelscape.obj
 0003:0000fb30       ?s_fogGradientUnp@@3PAT__m128i@@A 000000014005db30     tunnelscape.obj
 0003:00010b30       ?s_pFogGradient@@3PEAIEA   000000014005eb30     tunnelscape.obj
 0003:00010b38       ?s_pHeightMap@@3PEAEEA     000000014005eb38     tunnelscape.obj
 0003:00010b40       ?numCalls@?9??Gamepad_Update@@YA_NAEAUPadState@@@Z@4HA 000000014005eb40     gamepad.obj
 0003:00010b44       ?strafeX@?1??vscape@@YAXPEAIMM@Z@4MA 000000014005eb44     landscape.obj
 0003:00010b48       ?viewAngle@?1??vscape@@YAXPEAIMM@Z@4MA 000000014005eb48     landscape.obj
 0003:00010b4c       ?padMoveX@?1??vscape@@YAXPEAIMM@Z@4MA 000000014005eb4c     landscape.obj
 0003:00010b50       ?padTilt@?1??vscape@@YAXPEAIMM@Z@4MA 000000014005eb50     landscape.obj
 0003:00010b54       ?padMoveY@?1??vscape@@YAXPEAIMM@Z@4MA 000000014005eb54     landscape.obj
 0003:00010b58       ?strafeY@?1??vscape@@YAXPEAIMM@Z@4MA 000000014005eb58     landscape.obj
 0003:00010b60       ?edgeDivs@?1??VerticalBoxBlur32@@YAXPEAIPEBIIIM@Z@4PAT__m128i@@A 000000014005eb60     boxblur.obj
 0003:00011b60       ?edgeDivs@?1??HorizontalBoxBlur32@@YAXPEAIPEBIIIM@Z@4PAT__m128i@@A 000000014005fb60     boxblur.obj
 0005:00000000       MsetTab                    0000000140064000     libvcruntime:memset.obj
 0005:00000050       MoveSmall                  0000000140064050     libvcruntime:memcpy.obj
 0005:00000090       MoveSmallYmm               0000000140064090     libvcruntime:memcpy.obj
 0005:000000b4       MoveSmallYmmNT             00000001400640b4     libvcruntime:memcpy.obj
 0005:000000d8       MoveSmallXmm               00000001400640d8     libvcruntime:memcpy.obj
 0005:00000100       _2il0floatpacket$19        0000000140064100     LIBCMT:svml_ssinf4_sse2.obj
 0005:00000200       _2il0floatpacket$26        0000000140064200     LIBCMT:svml_dcos2_sse2.obj
 0005:00000210       _2il0floatpacket$27        0000000140064210     LIBCMT:svml_dcos2_sse2.obj
 0005:00000220       _2il0floatpacket$28        0000000140064220     LIBCMT:svml_dcos2_sse2.obj
 0005:00000230       _2il0floatpacket$29        0000000140064230     LIBCMT:svml_dcos2_sse2.obj
 0005:00000240       _2il0floatpacket$30        0000000140064240     LIBCMT:svml_dcos2_sse2.obj
 0005:00000250       _2il0floatpacket$31        0000000140064250     LIBCMT:svml_dcos2_sse2.obj
 0005:00000260       _2il0floatpacket$32        0000000140064260     LIBCMT:svml_dcos2_sse2.obj
 0005:00000270       _2il0floatpacket$33        0000000140064270     LIBCMT:svml_dcos2_sse2.obj
 0005:00000280       _2il0floatpacket$34        0000000140064280     LIBCMT:svml_dcos2_sse2.obj
 0005:00000290       _2il0floatpacket$35        0000000140064290     LIBCMT:svml_dcos2_sse2.obj
 0005:000002a0       _2il0floatpacket$36        00000001400642a0     LIBCMT:svml_dcos2_sse2.obj
 0005:000002b0       _2il0floatpacket$37        00000001400642b0     LIBCMT:svml_dcos2_sse2.obj
 0005:000002c0       _2il0floatpacket$38        00000001400642c0     LIBCMT:svml_dcos2_sse2.obj
 0005:000002d0       _2il0floatpacket$39        00000001400642d0     LIBCMT:svml_dcos2_sse2.obj
 0005:000002e0       _2il0floatpacket$40        00000001400642e0     LIBCMT:svml_dcos2_sse2.obj
 0005:000002f0       _2il0floatpacket$41        00000001400642f0     LIBCMT:svml_dcos2_sse2.obj
 0005:00000300       _2il0floatpacket$42        0000000140064300     LIBCMT:svml_dcos2_sse2.obj
 0005:00000310       _2il0floatpacket$43        0000000140064310     LIBCMT:svml_dcos2_sse2.obj
 0005:00000400       _2il0floatpacket$26        0000000140064400     LIBCMT:svml_dcos2_sse4.obj
 0005:00000410       _2il0floatpacket$27        0000000140064410     LIBCMT:svml_dcos2_sse4.obj
 0005:00000420       _2il0floatpacket$28        0000000140064420     LIBCMT:svml_dcos2_sse4.obj
 0005:00000430       _2il0floatpacket$29        0000000140064430     LIBCMT:svml_dcos2_sse4.obj
 0005:00000440       _2il0floatpacket$30        0000000140064440     LIBCMT:svml_dcos2_sse4.obj
 0005:00000450       _2il0floatpacket$31        0000000140064450     LIBCMT:svml_dcos2_sse4.obj
 0005:00000460       _2il0floatpacket$32        0000000140064460     LIBCMT:svml_dcos2_sse4.obj
 0005:00000470       _2il0floatpacket$33        0000000140064470     LIBCMT:svml_dcos2_sse4.obj
 0005:00000480       _2il0floatpacket$34        0000000140064480     LIBCMT:svml_dcos2_sse4.obj
 0005:00000490       _2il0floatpacket$35        0000000140064490     LIBCMT:svml_dcos2_sse4.obj
 0005:000004a0       _2il0floatpacket$36        00000001400644a0     LIBCMT:svml_dcos2_sse4.obj
 0005:000004b0       _2il0floatpacket$37        00000001400644b0     LIBCMT:svml_dcos2_sse4.obj
 0005:000004c0       _2il0floatpacket$38        00000001400644c0     LIBCMT:svml_dcos2_sse4.obj
 0005:000004d0       _2il0floatpacket$39        00000001400644d0     LIBCMT:svml_dcos2_sse4.obj
 0005:000004e0       _2il0floatpacket$40        00000001400644e0     LIBCMT:svml_dcos2_sse4.obj
 0005:000004f0       _2il0floatpacket$41        00000001400644f0     LIBCMT:svml_dcos2_sse4.obj
 0005:00000500       _2il0floatpacket$42        0000000140064500     LIBCMT:svml_dcos2_sse4.obj
 0005:00000510       _2il0floatpacket$43        0000000140064510     LIBCMT:svml_dcos2_sse4.obj
 0005:00002700       _vmlsSinHATab              0000000140066700     LIBCMT:svml_s_sin_cout.obj
 0005:00013500       _vmldCosHATab              0000000140077500     LIBCMT:svml_d_cos_cout.obj
 0006:00000060       $R000000                   0000000140078060     * linker generated manifest res *
