 VS17

 Timestamp is 64190db8 (Tue Mar 21 02:51:52 2023)

 Preferred load address is 0000000140000000

 Start         Length     Name                   Class
 0001:00000000 00000020H .text$di                CODE
 0001:00000020 00036d60H .text$mn                CODE
 0001:00036d80 00000040H .text$mn$00             CODE
 0001:00036dc0 000006d0H .text$x                 CODE
 0001:00037490 000000d9H .text$yd                CODE
 0002:00000000 00000538H .idata$5                DATA
 0002:00000538 00000028H .00cfg                  DATA
 0002:00000560 00000008H .CRT$XCA                DATA
 0002:00000568 00000008H .CRT$XCAA               DATA
 0002:00000570 00000010H .CRT$XCU                DATA
 0002:00000580 00000008H .CRT$XCZ                DATA
 0002:00000588 00000008H .CRT$XIA                DATA
 0002:00000590 00000008H .CRT$XIAA               DATA
 0002:00000598 00000008H .CRT$XIAC               DATA
 0002:000005a0 00000028H .CRT$XIC                DATA
 0002:000005c8 00000008H .CRT$XIZ                DATA
 0002:000005d0 00000008H .CRT$XPA                DATA
 0002:000005d8 00000010H .CRT$XPX                DATA
 0002:000005e8 00000008H .CRT$XPXA               DATA
 0002:000005f0 00000008H .CRT$XPZ                DATA
 0002:000005f8 00000008H .CRT$XTA                DATA
 0002:00000600 00000010H .CRT$XTZ                DATA
 0002:00000608 00000000H .gehcont$y              DATA
 0002:00000608 00000000H .gfids$y                DATA
 0002:00000610 0000cef0H .rdata                  DATA
 0002:0000d500 00000000H .rdata$CastGuardVftablesA DATA
 0002:0000d500 00000000H .rdata$CastGuardVftablesC DATA
 0002:0000d500 000006fcH .rdata$r                DATA
 0002:0000dbfc 000002ccH .rdata$voltmd           DATA
 0002:0000dec8 000003b0H .rdata$zzzdbg           DATA
 0002:0000e278 00000008H .rtc$IAA                DATA
 0002:0000e280 00000008H .rtc$IZZ                DATA
 0002:0000e288 00000008H .rtc$TAA                DATA
 0002:0000e290 00000008H .rtc$TZZ                DATA
 0002:0000e298 00002ca8H .xdata                  DATA
 0002:00010f40 00000314H .xdata$x                DATA
 0002:00011254 00000000H .edata                  DATA
 0002:00011254 0000008cH .idata$2                DATA
 0002:000112e0 00000018H .idata$3                DATA
 0002:000112f8 00000538H .idata$4                DATA
 0002:00011830 00000bd2H .idata$6                DATA
 0003:00000000 00000ca0H .data                   DATA
 0003:00000ca0 000001a8H .data$r                 DATA
 0003:00000e48 000000c8H .data$rs                DATA
 0003:00000f10 0000ed10H .bss                    DATA
 0004:00000000 00002778H .pdata                  DATA
 0005:00000000 00013510H _RDATA                  DATA
 0006:00000000 00000060H .rsrc$01                DATA
 0006:00000060 00000180H .rsrc$02                DATA

  Address         Publics by Value              Rva+Base               Lib:Object

 0000:00000000       __x64_code_ranges_to_entry_points_count 0000000000000000     <absolute>
 0000:00000000       __arm64x_redirection_metadata 0000000000000000     <absolute>
 0000:00000000       __x64_code_ranges_to_entry_points 0000000000000000     <absolute>
 0000:00000000       __guard_iat_table          0000000000000000     <absolute>
 0000:00000000       __guard_fids_count         0000000000000000     <absolute>
 0000:00000000       __guard_iat_count          0000000000000000     <absolute>
 0000:00000000       __guard_longjmp_count      0000000000000000     <absolute>
 0000:00000000       __arm64x_extra_rfe_table   0000000000000000     <absolute>
 0000:00000000       __dynamic_value_reloc_table 0000000000000000     <absolute>
 0000:00000000       __hybrid_auxiliary_iat     0000000000000000     <absolute>
 0000:00000000       __hybrid_auxiliary_iat_copy 0000000000000000     <absolute>
 0000:00000000       __hybrid_code_map          0000000000000000     <absolute>
 0000:00000000       __arm64x_extra_rfe_table_size 0000000000000000     <absolute>
 0000:00000000       __guard_longjmp_table      0000000000000000     <absolute>
 0000:00000000       __AbsoluteZero             0000000000000000     <absolute>
 0000:00000000       __guard_check_icall_a64n_fptr 0000000000000000     <absolute>
 0000:00000000       __guard_fids_table         0000000000000000     <absolute>
 0000:00000000       __guard_eh_cont_count      0000000000000000     <absolute>
 0000:00000000       __arm64x_redirection_metadata_count 0000000000000000     <absolute>
 0000:00000000       __enclave_config           0000000000000000     <absolute>
 0000:00000000       __guard_eh_cont_table      0000000000000000     <absolute>
 0000:00000000       __arm64x_native_entrypoint 0000000000000000     <absolute>
 0000:00000000       __hybrid_code_map_count    0000000000000000     <absolute>
 0000:00000100       __guard_flags              0000000000000100     <absolute>
 0000:00000000       __ImageBase                0000000140000000     <linker-defined>
 0001:00000020       __local_stdio_printf_options 0000000140001020 f i device.obj
 0001:00000030       fprintf                    0000000140001030 f i device.obj
 0001:00000080       snprintf                   0000000140001080 f i device.obj
 0001:000002d0       sync_save_tracks           00000001400012d0 f   device.obj
 0001:00000890       sync_tcp_connect           0000000140001890 f   device.obj
 0001:00000ad0       sync_update                0000000140001ad0 f   device.obj
 0001:00000d40       sync_get_track             0000000140001d40 f   device.obj
 0001:00000f40       sync_get_val               0000000140001f40 f   track.obj
 0001:00001140       ??0Vector3@@QEAA@MMM@Z     0000000140002140 f i Matrix44.obj
 0001:00001160       ??GVector3@@QEBA?BV0@AEBV0@@Z 0000000140002160 f i Matrix44.obj
 0001:000011a0       ??DVector3@@QEBA?BMAEBV0@@Z 00000001400021a0 f i Matrix44.obj
 0001:000011d0       ??DVector3@@QEBA?BV0@M@Z   00000001400021d0 f i Matrix44.obj
 0001:00001200       ??XVector3@@QEAAAEAV0@M@Z  0000000140002200 f i Matrix44.obj
 0001:00001230       ?Normalized@Vector3@@QEBA?BV1@XZ 0000000140002230 f i Matrix44.obj
 0001:000012a0       ??0Vector4@@QEAA@MMMM@Z    00000001400022a0 f i Matrix44.obj
 0001:000012c0       ??0exception@std@@QEAA@AEBV01@@Z 00000001400022c0 f i audio.obj
 0001:00001300       ?what@exception@std@@UEBAPEBDXZ 0000000140002300 f i audio.obj
 0001:00001320       ??_Gruntime_error@std@@UEAAPEAXI@Z 0000000140002320 f i main.obj
 0001:00001320       ??_Gexception@std@@UEAAPEAXI@Z 0000000140002320 f i audio.obj
 0001:00001320       ??_Glogic_error@std@@UEAAPEAXI@Z 0000000140002320 f i libcpmt:xthrow.obj
 0001:00001320       ??_Ebad_alloc@std@@UEAAPEAXI@Z 0000000140002320 f i * CIL library *:* CIL module *
 0001:00001320       ??_Gbad_exception@std@@UEAAPEAXI@Z 0000000140002320 f i libvcruntime:frame.obj
 0001:00001320       ??_Eexception@std@@UEAAPEAXI@Z 0000000140002320 f i * CIL library *:* CIL module *
 0001:00001320       ??_Gbad_array_new_length@std@@UEAAPEAXI@Z 0000000140002320 f i audio.obj
 0001:00001320       ??_Glength_error@std@@UEAAPEAXI@Z 0000000140002320 f i libcpmt:xthrow.obj
 0001:00001320       ??_Ebad_array_new_length@std@@UEAAPEAXI@Z 0000000140002320 f i * CIL library *:* CIL module *
 0001:00001320       ??_Gbad_alloc@std@@UEAAPEAXI@Z 0000000140002320 f i audio.obj
 0001:00001320       ??_Elength_error@std@@UEAAPEAXI@Z 0000000140002320 f i libcpmt:xthrow.obj
 0001:00001320       ??_Eruntime_error@std@@UEAAPEAXI@Z 0000000140002320 f i * CIL library *:* CIL module *
 0001:00001320       ??_Elogic_error@std@@UEAAPEAXI@Z 0000000140002320 f i libcpmt:xthrow.obj
 0001:00001320       ??_Ebad_exception@std@@UEAAPEAXI@Z 0000000140002320 f i libvcruntime:frame.obj
 0001:00001370       ??1length_error@std@@UEAA@XZ 0000000140002370 f i libcpmt:xthrow.obj
 0001:00001370       ??1bad_array_new_length@std@@UEAA@XZ 0000000140002370 f i audio.obj
 0001:00001370       ??1bad_exception@std@@UEAA@XZ 0000000140002370 f i libvcruntime:frame.obj
 0001:00001370       ??1system_error@std@@UEAA@XZ 0000000140002370 f i main.obj
 0001:00001370       ??1bad_alloc@std@@UEAA@XZ  0000000140002370 f i audio.obj
 0001:00001390       ??0bad_array_new_length@std@@QEAA@XZ 0000000140002390 f i audio.obj
 0001:000013c0       ?__scrt_throw_std_bad_array_new_length@@YAXXZ 00000001400023c0 f i LIBCMT:throw_bad_alloc.obj
 0001:000013c0       ?_Throw_bad_array_new_length@std@@YAXXZ 00000001400023c0 f i audio.obj
 0001:000013e0       ??0bad_array_new_length@std@@QEAA@AEBV01@@Z 00000001400023e0 f i audio.obj
 0001:00001420       ??0bad_alloc@std@@QEAA@AEBV01@@Z 0000000140002420 f i audio.obj
 0001:00001460       ?_Xlen_string@std@@YAXXZ   0000000140002460 f i audio.obj
 0001:00001480       ?Audio_Create@@YA_NIAEBV?$basic_string@DU?$char_traits@D@std@@V?$allocator@D@2@@std@@PEAUHWND__@@_N@Z 0000000140002480 f   audio.obj
 0001:000017d0       ?Audio_Rocket_Pause@@YAXPEAXH@Z 00000001400027d0 f   audio.obj
 0001:000017f0       ?Audio_Rocket_SetRow@@YAXPEAXH@Z 00000001400027f0 f   audio.obj
 0001:00001830       ?Audio_Rocket_IsPlaying@@YAHPEAX@Z 0000000140002830 f   audio.obj
 0001:00001840       ??1?$basic_string@DU?$char_traits@D@std@@V?$allocator@D@2@@std@@QEAA@XZ 0000000140002840 f i audio.obj
 0001:000018a0       ??0?$basic_string@DU?$char_traits@D@std@@V?$allocator@D@2@@std@@QEAA@QEBD@Z 00000001400028a0 f i audio.obj
 0001:000018e0       ?assign@?$basic_string@DU?$char_traits@D@std@@V?$allocator@D@2@@std@@QEAAAEAV12@QEBD@Z 00000001400028e0 f i audio.obj
 0001:00001900       ?assign@?$basic_string@DU?$char_traits@D@std@@V?$allocator@D@2@@std@@QEAAAEAV12@QEBD_K@Z 0000000140002900 f i audio.obj
 0001:00002910       ?Ball_Create@@YA_NXZ       0000000140003910 f   ball.obj
 0001:00002e20       ?HorizontalBoxBlur32@@YAXPEAIPEBIIIM@Z 0000000140003e20 f   boxblur.obj
 0001:00002fb0       ?VerticalBoxBlur32@@YAXPEAIPEBIIIM@Z 0000000140003fb0 f   boxblur.obj
 0001:00003130       ?Fx_Blit_2x2@@YAXPEAI0@Z   0000000140004130 f   fx-blitter.obj
 0001:000031a0       tinymt32_init              00000001400041a0 f   random.obj
 0001:00003480       ?Shadertoy_Create@@YA_NXZ  0000000140004480 f   shadertoy.obj
 0001:00004780       ?RenderLaura_2x2@@YAXPEAIM@Z 0000000140005780 f   shadertoy.obj
 0001:00004970       ?Demo_Create@@YA_NXZ       0000000140005970 f   demo.obj
 0001:00006070       ?Demo_Draw@@YAXPEAIMM@Z    0000000140007070 f   demo.obj
 0001:00007420       ?Open@Display@@QEAA_NAEBV?$basic_string@DU?$char_traits@D@std@@V?$allocator@D@2@@std@@II_N@Z 0000000140008420 f   display.obj
 0001:00007710       ?Gamepad_Update@@YA_NAEAUPadState@@@Z 0000000140008710 f   gamepad.obj
 0001:00007c20       ?Image_Load32@@YAPEAIAEBV?$basic_string@DU?$char_traits@D@std@@V?$allocator@D@2@@std@@@Z 0000000140008c20 f   image.obj
 0001:00007c30       ?deallocate@?$allocator@PEAX@std@@QEAAXQEAPEAX_K@Z 0000000140008c30 f i image.obj
 0001:00007c80       ??$_Emplace_reallocate@AEBQEAX@?$vector@PEAXV?$allocator@PEAX@std@@@std@@QEAAPEAPEAXQEAPEAXAEBQEAX@Z 0000000140008c80 f i image.obj
 0001:00007e70       ?_Xlength@?$vector@PEAXV?$allocator@PEAX@std@@@std@@CAXXZ 0000000140008e70 f i image.obj
 0001:00008460       ?Landscape_Create@@YA_NXZ  0000000140009460 f   landscape.obj
 0001:000086c0       ??0runtime_error@std@@QEAA@AEBV01@@Z 00000001400096c0 f i main.obj
 0001:00008700       ?default_error_condition@error_category@std@@UEBA?AVerror_condition@2@H@Z 0000000140009700 f i main.obj
 0001:00008710       ?equivalent@error_category@std@@UEBA_NHAEBVerror_condition@2@@Z 0000000140009710 f i main.obj
 0001:00008750       ?equivalent@error_category@std@@UEBA_NAEBVerror_code@2@H@Z 0000000140009750 f i main.obj
 0001:00008770       ?make_error_code@std@@YA?AVerror_code@1@W4errc@1@@Z 0000000140009770 f i main.obj
 0001:00008790       ??0_System_error@std@@IEAA@Verror_code@1@AEBV?$basic_string@DU?$char_traits@D@std@@V?$allocator@D@2@@1@@Z 0000000140009790 f i main.obj
 0001:00008930       ??_Esystem_error@std@@UEAAPEAXI@Z 0000000140009930 f i * CIL library *:* CIL module *
 0001:00008930       ??_G_System_error@std@@UEAAPEAXI@Z 0000000140009930 f i main.obj
 0001:00008930       ??_Gsystem_error@std@@UEAAPEAXI@Z 0000000140009930 f i main.obj
 0001:00008930       ??_E_System_error@std@@UEAAPEAXI@Z 0000000140009930 f i * CIL library *:* CIL module *
 0001:00008980       ??0system_error@std@@QEAA@Verror_code@1@@Z 0000000140009980 f i main.obj
 0001:00008a30       ?_Throw_system_error@std@@YAXW4errc@1@@Z 0000000140009a30 f i main.obj
 0001:00008a70       ??0system_error@std@@QEAA@AEBV01@@Z 0000000140009a70 f i main.obj
 0001:00008ad0       ??0_System_error@std@@QEAA@AEBV01@@Z 0000000140009ad0 f i main.obj
 0001:00008b20       ?name@_Generic_error_category@std@@UEBAPEBDXZ 0000000140009b20 f i main.obj
 0001:00008b30       ?message@_Generic_error_category@std@@UEBA?AV?$basic_string@DU?$char_traits@D@std@@V?$allocator@D@2@@2@H@Z 0000000140009b30 f i main.obj
 0001:00008b80       ??_E_System_error_category@std@@UEAAPEAXI@Z 0000000140009b80 f i * CIL library *:* CIL module *
 0001:00008b80       ??_G_Generic_error_category@std@@UEAAPEAXI@Z 0000000140009b80 f i main.obj
 0001:00008b80       ??_E_Generic_error_category@std@@UEAAPEAXI@Z 0000000140009b80 f i * CIL library *:* CIL module *
 0001:00008b80       ??_G_System_error_category@std@@UEAAPEAXI@Z 0000000140009b80 f i main.obj
 0001:00008bb0       ?name@_System_error_category@std@@UEBAPEBDXZ 0000000140009bb0 f i main.obj
 0001:00008bc0       ?message@_System_error_category@std@@UEBA?AV?$basic_string@DU?$char_traits@D@std@@V?$allocator@D@2@@2@H@Z 0000000140009bc0 f i main.obj
 0001:00008c30       ?default_error_condition@_System_error_category@std@@UEBA?AVerror_condition@2@H@Z 0000000140009c30 f i main.obj
 0001:00008c90       ?_Make_ec@filesystem@std@@YA?AVerror_code@2@W4__std_win_error@@@Z 0000000140009c90 f i main.obj
 0001:00008cb0       ?_Throw_system_error_from_std_win_error@filesystem@std@@YAXW4__std_win_error@@@Z 0000000140009cb0 f i main.obj
 0001:00008cf0       ??0path@filesystem@std@@QEAA@AEBV012@@Z 0000000140009cf0 f i main.obj
 0001:00008df0       ??0filesystem_error@filesystem@std@@QEAA@AEBV?$basic_string@DU?$char_traits@D@std@@V?$allocator@D@2@@2@AEBVpath@12@Verror_code@2@@Z 0000000140009df0 f i main.obj
 0001:00008f10       ?what@filesystem_error@filesystem@std@@UEBAPEBDXZ 0000000140009f10 f i main.obj
 0001:00008f20       ?_Pretty_message@filesystem_error@filesystem@std@@CA?AV?$basic_string@DU?$char_traits@D@std@@V?$allocator@D@2@@3@V?$basic_string_view@DU?$char_traits@D@std@@@3@AEBVpath@23@1@Z 0000000140009f20 f i main.obj
 0001:00009150       ??_Gfilesystem_error@filesystem@std@@UEAAPEAXI@Z 000000014000a150 f i main.obj
 0001:00009150       ??_Efilesystem_error@filesystem@std@@UEAAPEAXI@Z 000000014000a150 f i * CIL library *:* CIL module *
 0001:000092a0       ??1filesystem_error@filesystem@std@@UEAA@XZ 000000014000a2a0 f i main.obj
 0001:000093c0       ??0filesystem_error@filesystem@std@@QEAA@AEBV012@@Z 000000014000a3c0 f i main.obj
 0001:00009440       ?_Throw_fs_error@filesystem@std@@YAXPEBDW4__std_win_error@@AEBVpath@12@@Z 000000014000a440 f i main.obj
 0001:000094b0       WinMain                    000000014000a4b0 f   main.obj
 0001:00009ed0       ??0?$basic_string@DU?$char_traits@D@std@@V?$allocator@D@2@@std@@QEAA@AEBV01@@Z 000000014000aed0 f i main.obj
 0001:00009fb0       ?append@?$basic_string@DU?$char_traits@D@std@@V?$allocator@D@2@@std@@QEAAAEAV12@QEBD_K@Z 000000014000afb0 f i main.obj
 0001:0000a030       ??$_Convert_wide_to_narrow_replace_chars@U?$char_traits@D@std@@V?$allocator@D@2@@filesystem@std@@YA?AV?$basic_string@DU?$char_traits@D@std@@V?$allocator@D@2@@1@W4__std_code_page@@V?$basic_string_view@_WU?$char_traits@_W@std@@@1@AEBV?$allocator@D@1@@Z 000000014000b030 f i main.obj
 0001:0000a180       ??$_Reallocate_grow_by@V<lambda_1>@?1??reserve@?$basic_string@DU?$char_traits@D@std@@V?$allocator@D@2@@std@@QEAAX_K@Z@$$V@?$basic_string@DU?$char_traits@D@std@@V?$allocator@D@2@@std@@AEAAAEAV01@_KV<lambda_1>@?1??reserve@01@QEAAX0@Z@@Z 000000014000b180 f i main.obj
 0001:0000a2d0       ??$_Reallocate_grow_by@V<lambda_1>@?1??append@?$basic_string@_WU?$char_traits@_W@std@@V?$allocator@_W@2@@std@@QEAAAEAV34@_K_W@Z@_K_W@?$basic_string@_WU?$char_traits@_W@std@@V?$allocator@_W@2@@std@@AEAAAEAV01@_KV<lambda_1>@?1??append@01@QEAAAEAV01@0_W@Z@_K_W@Z 000000014000b2d0 f i main.obj
 0001:0000a480       ??$_Reallocate_grow_by@V<lambda_1>@?1??push_back@?$basic_string@DU?$char_traits@D@std@@V?$allocator@D@2@@std@@QEAAXD@Z@D@?$basic_string@DU?$char_traits@D@std@@V?$allocator@D@2@@std@@AEAAAEAV01@_KV<lambda_1>@?1??push_back@01@QEAAXD@Z@D@Z 000000014000b480 f i main.obj
 0001:0000a5f0       ??$_Reallocate_grow_by@V<lambda_1>@?1??append@?$basic_string@DU?$char_traits@D@std@@V?$allocator@D@2@@std@@QEAAAEAV34@QEBD_K@Z@PEBD_K@?$basic_string@DU?$char_traits@D@std@@V?$allocator@D@2@@std@@AEAAAEAV01@_KV<lambda_1>@?1??append@01@QEAAAEAV01@QEBD0@Z@PEBD_K@Z 000000014000b5f0 f i main.obj
 0001:0000a770       ??$_Reallocate_grow_by@V<lambda_1>@?1??append@?$basic_string@DU?$char_traits@D@std@@V?$allocator@D@2@@std@@QEAAAEAV34@_KD@Z@_KD@?$basic_string@DU?$char_traits@D@std@@V?$allocator@D@2@@std@@AEAAAEAV01@_KV<lambda_1>@?1??append@01@QEAAAEAV01@0D@Z@_KD@Z 000000014000b770 f i main.obj
 0001:0000aba0       ?Polar_Blit@@YAXPEAIPEBI_N@Z 000000014000bba0 f   polar.obj
 0001:0000abe0       ?Polar_BlitA@@YAXPEAIPEBI_N@Z 000000014000bbe0 f   polar.obj
 0001:0000ac10       ?Shared_Create@@YA_NXZ     000000014000bc10 f   shared-resources.obj
 0001:0000b190       ?Twister_Create@@YA_NXZ    000000014000c190 f   torus-twister.obj
 0001:0000b840       ?Tunnelscape_Create@@YA_NXZ 000000014000c840 f   tunnelscape.obj
 0001:0000baa0       ?Mix32@@YAXPEAIPEBIIE@Z    000000014000caa0 f   util.obj
 0001:0000bb10       ?MixOver32@@YAXPEAIPEBII@Z 000000014000cb10 f   util.obj
 0001:0000bb50       ?Sub32@@YAXPEAIPEBII@Z     000000014000cb50 f   util.obj
 0001:0000bba0       ?Excl32@@YAXPEAIPEBII@Z    000000014000cba0 f   util.obj
 0001:0000bbe0       ?SoftLight32@@YAXPEAIPEBII@Z 000000014000cbe0 f   util.obj
 0001:0000bc20       ?SoftLight32A@@YAXPEAIPEBII@Z 000000014000cc20 f   util.obj
 0001:0000bc60       ?Overlay32@@YAXPEAIPEBII@Z 000000014000cc60 f   util.obj
 0001:0000bca0       ?Overlay32A@@YAXPEAIPEBII@Z 000000014000cca0 f   util.obj
 0001:0000bce0       ?Darken32_50@@YAXPEAIPEBII@Z 000000014000cce0 f   util.obj
 0001:0000bd20       ?TapeWarp32@@YAXPEAIPEBIIIMM@Z 000000014000cd20 f   util.obj
 0001:0000bd80       ?MulSrc32@@YAXPEAIPEBII@Z  000000014000cd80 f   util.obj
 0001:0000bdd0       ?MulSrc32A@@YAXPEAIPEBII@Z 000000014000cdd0 f   util.obj
 0001:0000be20       ?MixSrc32@@YAXPEAIPEBII@Z  000000014000ce20 f   util.obj
 0001:0000be70       ?BlitSrc32@@YAXPEAIPEBIIII@Z 000000014000ce70 f   util.obj
 0001:0000bef0       ?BlitSrc32A@@YAXPEAIPEBIIIIM@Z 000000014000cef0 f   util.obj
 0001:0000bf90       ?BlitAdd32A@@YAXPEAIPEBIIIIM@Z 000000014000cf90 f   util.obj
 0001:0000c030       ?Fade32@@YAXPEAIIIE@Z      000000014000d030 f   util.obj
 0001:0000c0b0       ??2@YAPEAX_K@Z             000000014000d0b0 f   LIBCMT:new_scalar.obj
 0001:0000c0ec       ??3@YAXPEAX@Z              000000014000d0ec f   LIBCMT:delete_scalar.obj
 0001:0000c0f4       ??3@YAXPEAX_K@Z            000000014000d0f4 f   LIBCMT:delete_scalar_size.obj
 0001:0000c0fc       ??_Etype_info@@UEAAPEAXI@Z 000000014000d0fc f i LIBCMT:std_type_info_static.obj
 0001:0000c0fc       ??_Gtype_info@@UEAAPEAXI@Z 000000014000d0fc f i LIBCMT:std_type_info_static.obj
 0001:0000c128       __scrt_acquire_startup_lock 000000014000d128 f   LIBCMT:utility.obj
 0001:0000c164       __scrt_initialize_crt      000000014000d164 f   LIBCMT:utility.obj
 0001:0000c1b0       __scrt_initialize_onexit_tables 000000014000d1b0 f   LIBCMT:utility.obj
 0001:0000c23c       __scrt_is_nonwritable_in_current_image 000000014000d23c f   LIBCMT:utility.obj
 0001:0000c2d4       __scrt_release_startup_lock 000000014000d2d4 f   LIBCMT:utility.obj
 0001:0000c2f8       __scrt_uninitialize_crt    000000014000d2f8 f   LIBCMT:utility.obj
 0001:0000c324       _onexit                    000000014000d324 f   LIBCMT:utility.obj
 0001:0000c360       atexit                     000000014000d360 f   LIBCMT:utility.obj
 0001:0000c5d0       WinMainCRTStartup          000000014000d5d0 f   LIBCMT:exe_winmain.obj
 0001:0000c5e4       ??0bad_alloc@std@@QEAA@XZ  000000014000d5e4 f i LIBCMT:throw_bad_alloc.obj
 0001:0000c604       ?__scrt_throw_std_bad_alloc@@YAXXZ 000000014000d604 f   LIBCMT:throw_bad_alloc.obj
 0001:0000c624       __isa_available_init       000000014000d624 f   LIBCMT:cpu_disp.obj
 0001:0000c7c8       _get_startup_argv_mode     000000014000d7c8 f   LIBCMT:argv_mode.obj
 0001:0000c7d0       __scrt_is_ucrt_dll_in_use  000000014000d7d0 f   LIBCMT:ucrt_detection.obj
 0001:0000c7dc       __crt_debugger_hook        000000014000d7dc f   LIBCMT:utility_desktop.obj
 0001:0000c7e4       __scrt_fastfail            000000014000d7e4 f   LIBCMT:utility_desktop.obj
 0001:0000c930       __scrt_get_show_window_mode 000000014000d930 f   LIBCMT:utility_desktop.obj
 0001:0000c96c       __scrt_initialize_mta      000000014000d96c f   LIBCMT:utility_desktop.obj
 0001:0000c974       __scrt_initialize_winrt    000000014000d974 f   LIBCMT:utility_desktop.obj
 0001:0000c974       __scrt_exe_initialize_mta  000000014000d974 f   LIBCMT:utility_desktop.obj
 0001:0000c974       __scrt_stub_for_initialize_mta 000000014000d974 f   LIBCMT:utility_desktop.obj
 0001:0000c974       _get_startup_thread_locale_mode 000000014000d974 f   LIBCMT:thread_locale.obj
 0001:0000c974       _get_startup_new_mode      000000014000d974 f   LIBCMT:new_mode.obj
 0001:0000c974       _get_startup_commit_mode   000000014000d974 f   LIBCMT:commit_mode.obj
 0001:0000c974       _matherr                   000000014000d974 f   LIBCMT:matherr.obj
 0001:0000c978       __scrt_is_managed_app      000000014000d978 f   LIBCMT:utility_desktop.obj
 0001:0000c9cc       __scrt_set_unhandled_exception_filter 000000014000d9cc f   LIBCMT:utility_desktop.obj
 0001:0000c9dc       __scrt_unhandled_exception_filter 000000014000d9dc f   LIBCMT:utility_desktop.obj
 0001:0000ca38       _guard_check_icall_nop     000000014000da38 f i LIBCMT:guard_support.obj
 0001:0000ca38       _initialize_denormal_control 000000014000da38 f i LIBCMT:denormal_control.obj
 0001:0000ca38       _initialize_invalid_parameter_handler 000000014000da38 f i LIBCMT:invalid_parameter_handler.obj
 0001:0000ca3c       __security_init_cookie     000000014000da3c f   LIBCMT:gs_support.obj
 0001:0000cae8       _get_startup_file_mode     000000014000dae8 f   LIBCMT:file_mode.obj
 0001:0000caf0       ?__scrt_initialize_type_info@@YAXXZ 000000014000daf0 f   LIBCMT:tncleanup.obj
 0001:0000cb00       __acrt_uninitialize_command_line 000000014000db00 f   libucrt:argv_data.obj
 0001:0000cb00       _should_initialize_environment 000000014000db00 f   LIBCMT:env_mode.obj
 0001:0000cb04       __local_stdio_scanf_options 000000014000db04 f i LIBCMT:default_local_stdio_options.obj
 0001:0000cb0c       __scrt_initialize_default_local_stdio_options 000000014000db0c f   LIBCMT:default_local_stdio_options.obj
 0001:0000cb28       __scrt_is_user_matherr_present 000000014000db28 f   LIBCMT:matherr_detection.obj
 0001:0000cb34       __scrt_get_dyn_tls_init_callback 000000014000db34 f   LIBCMT:dyn_tls_init.obj
 0001:0000cb3c       __scrt_get_dyn_tls_dtor_callback 000000014000db3c f   LIBCMT:dyn_tls_dtor.obj
 0001:0000cb44       _RTC_Initialize            000000014000db44 f   LIBCMT:initsect.obj
 0001:0000cb80       _RTC_Terminate             000000014000db80 f   LIBCMT:initsect.obj
 0001:0000cbc0       ??0length_error@std@@QEAA@AEBV01@@Z 000000014000dbc0 f i libcpmt:xthrow.obj
 0001:0000cbfc       ??0length_error@std@@QEAA@PEBD@Z 000000014000dbfc f i libcpmt:xthrow.obj
 0001:0000cc44       ??0logic_error@std@@QEAA@AEBV01@@Z 000000014000dc44 f i libcpmt:xthrow.obj
 0001:0000cc80       ?_Xlength_error@std@@YAXPEBD@Z 000000014000dc80 f   libcpmt:xthrow.obj
 0001:0000cca4       __std_system_error_allocate_message 000000014000dca4 f   libcpmt:syserror_import_lib.obj
 0001:0000cd04       __std_system_error_deallocate_message 000000014000dd04 f   libcpmt:syserror_import_lib.obj
 0001:0000cd0c       __std_fs_code_page         000000014000dd0c f   libcpmt:filesystem.obj
 0001:0000cd34       __std_fs_convert_narrow_to_wide 000000014000dd34 f   libcpmt:filesystem.obj
 0001:0000cd7c       __std_fs_convert_wide_to_narrow_replace_chars 000000014000dd7c f   libcpmt:filesystem.obj
 0001:0000ce48       __std_fs_set_current_path  000000014000de48 f   libcpmt:filesystem.obj
 0001:0000ce68       ?_Syserror_map@std@@YAPEBDH@Z 000000014000de68 f   libcpmt:syserror.obj
 0001:0000ce90       ?_Winerror_map@std@@YAHH@Z 000000014000de90 f   libcpmt:syserror.obj
 0001:0000ceb4       strchr                     000000014000deb4 f   libvcruntime:strchr.obj
 0001:0000cf34       __std_exception_copy       000000014000df34 f   libvcruntime:std_exception.obj
 0001:0000cfc4       __std_exception_destroy    000000014000dfc4 f   libvcruntime:std_exception.obj
 0001:0000cfec       __vcrt_initialize          000000014000dfec f   libvcruntime:initialization.obj
 0001:0000d014       __vcrt_uninitialize        000000014000e014 f   libvcruntime:initialization.obj
 0001:0000d030       __C_specific_handler       000000014000e030 f   libvcruntime:riscchandler.obj
 0001:0000d23c       _CxxThrowException         000000014000e23c f   libvcruntime:throw.obj
 0001:0000d2dc       __DestructExceptionObject  000000014000e2dc f   libvcruntime:ehhelpers.obj
 0001:0000d34c       ?_CallMemberFunction0@@YAXQEAX0@Z 000000014000e34c f i libvcruntime:ehhelpers.obj
 0001:0000d350       _IsExceptionObjectToBeDestroyed 000000014000e350 f   libvcruntime:ehhelpers.obj
 0001:0000d380       __AdjustPointer            000000014000e380 f   libvcruntime:ehhelpers.obj
 0001:0000d3a4       __FrameUnwindFilter        000000014000e3a4 f   libvcruntime:ehhelpers.obj
 0001:0000d40c       __current_exception        000000014000e40c f   libvcruntime:ehhelpers.obj
 0001:0000d420       __current_exception_context 000000014000e420 f   libvcruntime:ehhelpers.obj
 0001:0000d434       __std_terminate            000000014000e434 f   libvcruntime:ehhelpers.obj
 0001:0000d450       memset_repmovs             000000014000e450 f   libvcruntime:memset.obj
 0001:0000d470       memset                     000000014000e470 f   libvcruntime:memset.obj
 0001:0000d600       __std_type_info_compare    000000014000e600 f   libvcruntime:std_type_info.obj
 0001:0000d628       __vcrt_freefls             000000014000e628 f   libvcruntime:per_thread_data.obj
 0001:0000d648       __vcrt_getptd              000000014000e648 f   libvcruntime:per_thread_data.obj
 0001:0000d664       __vcrt_getptd_noexit       000000014000e664 f   libvcruntime:per_thread_data.obj
 0001:0000d724       __vcrt_initialize_ptd      000000014000e724 f   libvcruntime:per_thread_data.obj
 0001:0000d76c       __vcrt_uninitialize_ptd    000000014000e76c f   libvcruntime:per_thread_data.obj
 0001:0000d790       __vcrt_initialize_locks    000000014000e790 f   libvcruntime:locks.obj
 0001:0000d7c4       __vcrt_uninitialize_locks  000000014000e7c4 f   libvcruntime:locks.obj
 0001:0000d810       _NLG_Notify                000000014000e810 f   libvcruntime:notify.obj
 0001:0000d830       __NLG_Dispatch2            000000014000e830 f   libvcruntime:notify.obj
 0001:0000d840       __NLG_Return2              000000014000e840 f   libvcruntime:notify.obj
 0001:0000d844       __except_validate_context_record 000000014000e844 f   libvcruntime:jbcxrval.obj
 0001:0000d9cc       __vcrt_FlsAlloc            000000014000e9cc f   libvcruntime:winapi_downlevel.obj
 0001:0000da14       __vcrt_FlsFree             000000014000ea14 f   libvcruntime:winapi_downlevel.obj
 0001:0000da5c       __vcrt_FlsGetValue         000000014000ea5c f   libvcruntime:winapi_downlevel.obj
 0001:0000daa4       __vcrt_FlsSetValue         000000014000eaa4 f   libvcruntime:winapi_downlevel.obj
 0001:0000daf8       __vcrt_InitializeCriticalSectionEx 000000014000eaf8 f   libvcruntime:winapi_downlevel.obj
 0001:0000db5c       ??$_CallSETranslator@V__FrameHandler3@@@@YAHPEAUEHExceptionRecord@@PEA_KPEAU_CONTEXT@@PEAU_xDISPATCHER_CONTEXT@@PEBU_s_FuncInfo@@K1H@Z 000000014000eb5c f i libvcruntime:risctrnsctrl.obj
 0001:0000dbb0       ??$_CallSETranslator@V__FrameHandler4@@@@YAHPEAUEHExceptionRecord@@PEA_KPEAU_CONTEXT@@PEAU_xDISPATCHER_CONTEXT@@PEAUFuncInfo4@FH4@@K1H@Z 000000014000ebb0 f i libvcruntime:risctrnsctrl.obj
 0001:0000dc04       ?CatchTryBlock@__FrameHandler3@@SAPEBU_s_TryBlockMapEntry@@PEBU_s_FuncInfo@@H@Z 000000014000ec04 f   libvcruntime:risctrnsctrl.obj
 0001:0000dc58       ?DecompFuncInfo@FH4@@YA_JPEAEAEAUFuncInfo4@1@_KH_N@Z 000000014000ec58 f i libvcruntime:risctrnsctrl.obj
 0001:0000dd7c       ?ExecutionInCatch@__FrameHandler3@@SA_NPEAU_xDISPATCHER_CONTEXT@@PEBU_s_FuncInfo@@@Z 000000014000ed7c f   libvcruntime:risctrnsctrl.obj
 0001:0000dda8       ?ExecutionInCatch@__FrameHandler4@@SA_NPEAU_xDISPATCHER_CONTEXT@@PEAUFuncInfo4@FH4@@@Z 000000014000eda8 f   libvcruntime:risctrnsctrl.obj
 0001:0000ddb0       ?FrameUnwindToEmptyState@__FrameHandler3@@SAXPEA_KPEAU_xDISPATCHER_CONTEXT@@PEBU_s_FuncInfo@@@Z 000000014000edb0 f   libvcruntime:risctrnsctrl.obj
 0001:0000de14       ?FrameUnwindToEmptyState@__FrameHandler4@@SAXPEA_KPEAU_xDISPATCHER_CONTEXT@@PEAUFuncInfo4@FH4@@@Z 000000014000ee14 f   libvcruntime:risctrnsctrl.obj
 0001:0000de48       ?GetEstablisherFrame@__FrameHandler3@@SAPEA_KPEA_KPEAU_xDISPATCHER_CONTEXT@@PEBU_s_FuncInfo@@0@Z 000000014000ee48 f   libvcruntime:risctrnsctrl.obj
 0001:0000df14       ?GetEstablisherFrame@__FrameHandler4@@SAPEA_KPEA_KPEAU_xDISPATCHER_CONTEXT@@PEAUFuncInfo4@FH4@@0@Z 000000014000ef14 f   libvcruntime:risctrnsctrl.obj
 0001:0000df38       ?GetRangeOfTrysToCheck@__FrameHandler3@@SA?AU?$pair@Viterator@TryBlockMap@__FrameHandler3@@V123@@std@@AEAVTryBlockMap@1@HPEAU_xDISPATCHER_CONTEXT@@PEBU_s_FuncInfo@@H@Z 000000014000ef38 f   libvcruntime:risctrnsctrl.obj
 0001:0000e078       ?GetRangeOfTrysToCheck@__FrameHandler4@@SA?AU?$pair@Viterator@TryBlockMap4@FH4@@V123@@std@@AEAVTryBlockMap4@FH4@@HPEAU_xDISPATCHER_CONTEXT@@PEAUFuncInfo4@5@H@Z 000000014000f078 f   libvcruntime:risctrnsctrl.obj
 0001:0000e1e0       ?UnwindNestedFrames@__FrameHandler3@@SAXPEA_KPEAUEHExceptionRecord@@PEAU_CONTEXT@@0PEAXPEBU_s_FuncInfo@@HHPEBU_s_HandlerType@@PEAU_xDISPATCHER_CONTEXT@@E@Z 000000014000f1e0 f   libvcruntime:risctrnsctrl.obj
 0001:0000e2e4       ?UnwindNestedFrames@__FrameHandler4@@SAXPEA_KPEAUEHExceptionRecord@@PEAU_CONTEXT@@0PEAXPEAUFuncInfo4@FH4@@HHPEAUHandlerType4@5@PEAU_xDISPATCHER_CONTEXT@@E@Z 000000014000f2e4 f   libvcruntime:risctrnsctrl.obj
 0001:0000e404       ?setBuffer@TryBlockMap4@FH4@@QEAAXViterator@12@@Z 000000014000f404 f i libvcruntime:risctrnsctrl.obj
 0001:0000e5c4       _CreateFrameInfo           000000014000f5c4 f   libvcruntime:risctrnsctrl.obj
 0001:0000e600       _FindAndUnlinkFrame        000000014000f600 f   libvcruntime:risctrnsctrl.obj
 0001:0000e654       _GetImageBase              000000014000f654 f   libvcruntime:risctrnsctrl.obj
 0001:0000e668       _GetThrowImageBase         000000014000f668 f   libvcruntime:risctrnsctrl.obj
 0001:0000e67c       _SetImageBase              000000014000f67c f   libvcruntime:risctrnsctrl.obj
 0001:0000e694       _SetThrowImageBase         000000014000f694 f   libvcruntime:risctrnsctrl.obj
 0001:0000e6ac       __CxxFrameHandler3         000000014000f6ac f   libvcruntime:risctrnsctrl.obj
 0001:0000e734       __CxxFrameHandler4         000000014000f734 f   libvcruntime:risctrnsctrl.obj
 0001:0000e810       memcpy_repmovs             000000014000f810 f   libvcruntime:memcpy.obj
 0001:0000e830       memcpy                     000000014000f830 f   libvcruntime:memcpy.obj
 0001:0000e830       memmove                    000000014000f830 f   libvcruntime:memcpy.obj
 0001:0000eea8       ?GetCurrentState@__FrameHandler3@@SAHPEA_KPEAU_xDISPATCHER_CONTEXT@@PEBU_s_FuncInfo@@@Z 000000014000fea8 f   libvcruntime:ehstate.obj
 0001:0000eed0       ?GetUnwindTryBlock@__FrameHandler3@@SAHPEA_KPEAU_xDISPATCHER_CONTEXT@@PEBU_s_FuncInfo@@@Z 000000014000fed0 f   libvcruntime:ehstate.obj
 0001:0000eefc       ?SetState@__FrameHandler3@@SAXPEA_KPEBU_s_FuncInfo@@H@Z 000000014000fefc f   libvcruntime:ehstate.obj
 0001:0000ef08       ?SetUnwindTryBlock@__FrameHandler3@@SAXPEA_KPEAU_xDISPATCHER_CONTEXT@@PEBU_s_FuncInfo@@H@Z 000000014000ff08 f   libvcruntime:ehstate.obj
 0001:0000ef44       ?StateFromControlPc@__FrameHandler3@@SAHPEBU_s_FuncInfo@@PEAU_xDISPATCHER_CONTEXT@@@Z 000000014000ff44 f   libvcruntime:ehstate.obj
 0001:0000ef4c       ?StateFromControlPc@__FrameHandler4@@SAHPEAUFuncInfo4@FH4@@PEAU_xDISPATCHER_CONTEXT@@@Z 000000014000ff4c f   libvcruntime:ehstate.obj
 0001:0000ef54       ?StateFromIp@__FrameHandler3@@SAHPEBU_s_FuncInfo@@PEAU_xDISPATCHER_CONTEXT@@_K@Z 000000014000ff54 f   libvcruntime:ehstate.obj
 0001:0000efbc       ?StateFromIp@__FrameHandler4@@SAHPEAUFuncInfo4@FH4@@PEAU_xDISPATCHER_CONTEXT@@_K@Z 000000014000ffbc f   libvcruntime:ehstate.obj
 0001:000106a0       ??$TypeMatchHelper@V__FrameHandler3@@@@YAHPEBU_s_HandlerType@@PEBU_s_CatchableType@@PEBU_s_ThrowInfo@@@Z 00000001400116a0 f i libvcruntime:frame.obj
 0001:000107e0       ??$TypeMatchHelper@V__FrameHandler4@@@@YAHPEAUHandlerType4@FH4@@PEBU_s_CatchableType@@PEBU_s_ThrowInfo@@@Z 00000001400117e0 f i libvcruntime:frame.obj
 0001:00010924       ??$__InternalCxxFrameHandler@V__FrameHandler3@@@@YA?AW4_EXCEPTION_DISPOSITION@@PEAUEHExceptionRecord@@PEA_KPEAU_CONTEXT@@PEAU_xDISPATCHER_CONTEXT@@PEBU_s_FuncInfo@@H1E@Z 0000000140011924 f i libvcruntime:frame.obj
 0001:00010b5c       ??$__InternalCxxFrameHandler@V__FrameHandler4@@@@YA?AW4_EXCEPTION_DISPOSITION@@PEAUEHExceptionRecord@@PEA_KPEAU_CONTEXT@@PEAU_xDISPATCHER_CONTEXT@@PEAUFuncInfo4@FH4@@H1E@Z 0000000140011b5c f i libvcruntime:frame.obj
 0001:00010df0       ??0HandlerMap4@FH4@@QEAA@PEBUTryBlockMapEntry4@1@_KH@Z 0000000140011df0 f i libvcruntime:frame.obj
 0001:00010e6c       ??0TryBlockMap4@FH4@@QEAA@PEBUFuncInfo4@1@_K@Z 0000000140011e6c f i libvcruntime:frame.obj
 0001:00010f44       ??0bad_exception@std@@QEAA@AEBV01@@Z 0000000140011f44 f i libvcruntime:frame.obj
 0001:00010f80       ??0bad_exception@std@@QEAA@XZ 0000000140011f80 f i libvcruntime:frame.obj
 0001:00010fa0       ?CxxCallCatchBlock@__FrameHandler3@@SAPEAXPEAU_EXCEPTION_RECORD@@@Z 0000000140011fa0 f   libvcruntime:frame.obj
 0001:0001118c       ?CxxCallCatchBlock@__FrameHandler4@@SAPEAXPEAU_EXCEPTION_RECORD@@@Z 000000014001218c f   libvcruntime:frame.obj
 0001:000113dc       ?DecompHandler@HandlerMap4@FH4@@AEAAXXZ 00000001400123dc f i libvcruntime:frame.obj
 0001:0001161c       ?FrameUnwindToState@__FrameHandler3@@SAXPEA_KPEAU_xDISPATCHER_CONTEXT@@PEBU_s_FuncInfo@@H@Z 000000014001261c f   libvcruntime:frame.obj
 0001:000117a8       ?FrameUnwindToState@__FrameHandler4@@SAXPEA_KPEAU_xDISPATCHER_CONTEXT@@PEAUFuncInfo4@FH4@@H@Z 00000001400127a8 f   libvcruntime:frame.obj
 0001:00011a90       ?GetHandlerSearchState@__FrameHandler3@@SAHPEA_KPEAU_xDISPATCHER_CONTEXT@@PEBU_s_FuncInfo@@@Z 0000000140012a90 f i libvcruntime:frame.obj
 0001:00011ca0       ?ReadEntry@UWMap4@FH4@@AEAAXPEAPEAE@Z 0000000140012ca0 f i libvcruntime:frame.obj
 0001:00011d40       ?_CallMemberFunction1@@YAXQEAX00@Z 0000000140012d40 f i libvcruntime:frame.obj
 0001:00011d4c       ?_CallMemberFunction2@@YAXQEAX00H@Z 0000000140012d4c f i libvcruntime:frame.obj
 0001:00011d5c       ?getStartStop@UWMap4@FH4@@QEAAXHHAEAViterator@12@0@Z 0000000140012d5c f i libvcruntime:frame.obj
 0001:00011e2c       ?getStateFromIterators@UWMap4@FH4@@SAHAEBViterator@12@H0H0@Z 0000000140012e2c f i libvcruntime:frame.obj
 0001:00011f10       _CallSettingFrame          0000000140012f10 f   libvcruntime:handlers.obj
 0001:00011f60       _CallSettingFrame_LookupContinuationIndex 0000000140012f60 f   libvcruntime:handlers.obj
 0001:00011f90       _CallSettingFrame_NotifyContinuationAddr 0000000140012f90 f   libvcruntime:handlers.obj
 0001:00011fc0       _CallSettingFrameEncoded   0000000140012fc0 f   libvcruntime:handlers.obj
 0001:000120c4       fopen                      00000001400130c4 f   libucrt:fopen.obj
 0001:000120d0       __acrt_initialize_stdio    00000001400130d0 f   libucrt:_file.obj
 0001:000121f0       __acrt_iob_func            00000001400131f0 f   libucrt:_file.obj
 0001:00012204       __acrt_uninitialize_stdio  0000000140013204 f   libucrt:_file.obj
 0001:00012260       _lock_file                 0000000140013260 f   libucrt:_file.obj
 0001:0001226c       _unlock_file               000000014001326c f   libucrt:_file.obj
 0001:0001239c       ?get_raw_ptd@__crt_cached_ptd_host@@QEAAPEAU__acrt_ptd@@XZ 000000014001339c f i libucrt:fclose.obj
 0001:00012404       fclose                     0000000140013404 f   libucrt:fclose.obj
 0001:0001249c       realloc                    000000014001349c f   libucrt:realloc.obj
 0001:000124e4       ??$ensure_buffer_is_big_enough@D@formatting_buffer@__crt_stdio_output@@QEAA_N_KAEAV__crt_cached_ptd_host@@@Z 00000001400134e4 f i libucrt:output.obj
 0001:0001258c       ??$parse_integer@KV?$c_string_character_source@D@__crt_strtox@@$0A@@__crt_strtox@@YAKAEAV__crt_cached_ptd_host@@V?$c_string_character_source@D@0@H_N@Z 000000014001358c f i libucrt:output.obj
 0001:00012840       ??$type_case_integer@$07@?$output_processor@DV?$stream_output_adapter@D@__crt_stdio_output@@V?$standard_base@DV?$stream_output_adapter@D@__crt_stdio_output@@@2@@__crt_stdio_output@@AEAA_N_N@Z 0000000140013840 f i libucrt:output.obj
 0001:00012840       ??$type_case_integer@$07@?$output_processor@DV?$string_output_adapter@D@__crt_stdio_output@@V?$standard_base@DV?$string_output_adapter@D@__crt_stdio_output@@@2@@__crt_stdio_output@@AEAA_N_N@Z 0000000140013840 f i libucrt:output.obj
 0001:00012a44       ??$type_case_integer@$09@?$output_processor@DV?$string_output_adapter@D@__crt_stdio_output@@V?$standard_base@DV?$string_output_adapter@D@__crt_stdio_output@@@2@@__crt_stdio_output@@AEAA_N_N@Z 0000000140013a44 f i libucrt:output.obj
 0001:00012a44       ??$type_case_integer@$09@?$output_processor@DV?$stream_output_adapter@D@__crt_stdio_output@@V?$standard_base@DV?$stream_output_adapter@D@__crt_stdio_output@@@2@@__crt_stdio_output@@AEAA_N_N@Z 0000000140013a44 f i libucrt:output.obj
 0001:00012c48       ??$type_case_integer@$0BA@@?$output_processor@DV?$string_output_adapter@D@__crt_stdio_output@@V?$standard_base@DV?$string_output_adapter@D@__crt_stdio_output@@@2@@__crt_stdio_output@@AEAA_N_N@Z 0000000140013c48 f i libucrt:output.obj
 0001:00012c48       ??$type_case_integer@$0BA@@?$output_processor@DV?$stream_output_adapter@D@__crt_stdio_output@@V?$standard_base@DV?$stream_output_adapter@D@__crt_stdio_output@@@2@@__crt_stdio_output@@AEAA_N_N@Z 0000000140013c48 f i libucrt:output.obj
 0001:00012e4c       ??$type_case_integer_parse_into_buffer@I$07@?$output_processor@DV?$stream_output_adapter@D@__crt_stdio_output@@V?$standard_base@DV?$stream_output_adapter@D@__crt_stdio_output@@@2@@__crt_stdio_output@@AEAAXI_N@Z 0000000140013e4c f i libucrt:output.obj
 0001:00012e4c       ??$type_case_integer_parse_into_buffer@I$07@?$output_processor@DV?$string_output_adapter@D@__crt_stdio_output@@V?$standard_base@DV?$string_output_adapter@D@__crt_stdio_output@@@2@@__crt_stdio_output@@AEAAXI_N@Z 0000000140013e4c f i libucrt:output.obj
 0001:00012ebc       ??$type_case_integer_parse_into_buffer@I$09@?$output_processor@DV?$stream_output_adapter@D@__crt_stdio_output@@V?$standard_base@DV?$stream_output_adapter@D@__crt_stdio_output@@@2@@__crt_stdio_output@@AEAAXI_N@Z 0000000140013ebc f i libucrt:output.obj
 0001:00012ebc       ??$type_case_integer_parse_into_buffer@I$09@?$output_processor@DV?$string_output_adapter@D@__crt_stdio_output@@V?$standard_base@DV?$string_output_adapter@D@__crt_stdio_output@@@2@@__crt_stdio_output@@AEAAXI_N@Z 0000000140013ebc f i libucrt:output.obj
 0001:00012f68       ??$type_case_integer_parse_into_buffer@I$0BA@@?$output_processor@DV?$stream_output_adapter@D@__crt_stdio_output@@V?$standard_base@DV?$stream_output_adapter@D@__crt_stdio_output@@@2@@__crt_stdio_output@@AEAAXI_N@Z 0000000140013f68 f i libucrt:output.obj
 0001:00012f68       ??$type_case_integer_parse_into_buffer@I$0BA@@?$output_processor@DV?$string_output_adapter@D@__crt_stdio_output@@V?$standard_base@DV?$string_output_adapter@D@__crt_stdio_output@@@2@@__crt_stdio_output@@AEAAXI_N@Z 0000000140013f68 f i libucrt:output.obj
 0001:00012fec       ??$type_case_integer_parse_into_buffer@_K$07@?$output_processor@DV?$stream_output_adapter@D@__crt_stdio_output@@V?$standard_base@DV?$stream_output_adapter@D@__crt_stdio_output@@@2@@__crt_stdio_output@@AEAAX_K_N@Z 0000000140013fec f i libucrt:output.obj
 0001:00012fec       ??$type_case_integer_parse_into_buffer@_K$07@?$output_processor@DV?$string_output_adapter@D@__crt_stdio_output@@V?$standard_base@DV?$string_output_adapter@D@__crt_stdio_output@@@2@@__crt_stdio_output@@AEAAX_K_N@Z 0000000140013fec f i libucrt:output.obj
 0001:0001305c       ??$type_case_integer_parse_into_buffer@_K$09@?$output_processor@DV?$stream_output_adapter@D@__crt_stdio_output@@V?$standard_base@DV?$stream_output_adapter@D@__crt_stdio_output@@@2@@__crt_stdio_output@@AEAAX_K_N@Z 000000014001405c f i libucrt:output.obj
 0001:0001305c       ??$type_case_integer_parse_into_buffer@_K$09@?$output_processor@DV?$string_output_adapter@D@__crt_stdio_output@@V?$standard_base@DV?$string_output_adapter@D@__crt_stdio_output@@@2@@__crt_stdio_output@@AEAAX_K_N@Z 000000014001405c f i libucrt:output.obj
 0001:0001310c       ??$type_case_integer_parse_into_buffer@_K$0BA@@?$output_processor@DV?$stream_output_adapter@D@__crt_stdio_output@@V?$standard_base@DV?$stream_output_adapter@D@__crt_stdio_output@@@2@@__crt_stdio_output@@AEAAX_K_N@Z 000000014001410c f i libucrt:output.obj
 0001:0001310c       ??$type_case_integer_parse_into_buffer@_K$0BA@@?$output_processor@DV?$string_output_adapter@D@__crt_stdio_output@@V?$standard_base@DV?$string_output_adapter@D@__crt_stdio_output@@@2@@__crt_stdio_output@@AEAAX_K_N@Z 000000014001410c f i libucrt:output.obj
 0001:000132ac       ?crop_zeroes@__crt_stdio_output@@YAXPEADQEAU__crt_locale_pointers@@@Z 00000001400142ac f i libucrt:output.obj
 0001:00013318       ?parse_int_from_format_string@?$output_processor@DV?$string_output_adapter@D@__crt_stdio_output@@V?$standard_base@DV?$string_output_adapter@D@__crt_stdio_output@@@2@@__crt_stdio_output@@AEAA_NQEAH@Z 0000000140014318 f i libucrt:output.obj
 0001:00013318       ?parse_int_from_format_string@?$output_processor@DV?$stream_output_adapter@D@__crt_stdio_output@@V?$standard_base@DV?$stream_output_adapter@D@__crt_stdio_output@@@2@@__crt_stdio_output@@AEAA_NQEAH@Z 0000000140014318 f i libucrt:output.obj
 0001:000133a8       ?process@?$output_processor@DV?$stream_output_adapter@D@__crt_stdio_output@@V?$standard_base@DV?$stream_output_adapter@D@__crt_stdio_output@@@2@@__crt_stdio_output@@QEAAHXZ 00000001400143a8 f i libucrt:output.obj
 0001:00013740       ?process@?$output_processor@DV?$string_output_adapter@D@__crt_stdio_output@@V?$standard_base@DV?$string_output_adapter@D@__crt_stdio_output@@@2@@__crt_stdio_output@@QEAAHXZ 0000000140014740 f i libucrt:output.obj
 0001:00013ac0       ?state_case_size@?$output_processor@DV?$stream_output_adapter@D@__crt_stdio_output@@V?$standard_base@DV?$stream_output_adapter@D@__crt_stdio_output@@@2@@__crt_stdio_output@@AEAA_NXZ 0000000140014ac0 f i libucrt:output.obj
 0001:00013c48       ?state_case_size@?$output_processor@DV?$string_output_adapter@D@__crt_stdio_output@@V?$standard_base@DV?$string_output_adapter@D@__crt_stdio_output@@@2@@__crt_stdio_output@@AEAA_NXZ 0000000140014c48 f i libucrt:output.obj
 0001:00013dd0       ?state_case_type@?$output_processor@DV?$stream_output_adapter@D@__crt_stdio_output@@V?$standard_base@DV?$stream_output_adapter@D@__crt_stdio_output@@@2@@__crt_stdio_output@@AEAA_NXZ 0000000140014dd0 f i libucrt:output.obj
 0001:00014208       ?state_case_type@?$output_processor@DV?$string_output_adapter@D@__crt_stdio_output@@V?$standard_base@DV?$string_output_adapter@D@__crt_stdio_output@@@2@@__crt_stdio_output@@AEAA_NXZ 0000000140015208 f i libucrt:output.obj
 0001:0001460c       ?type_case_Z@?$output_processor@DV?$string_output_adapter@D@__crt_stdio_output@@V?$standard_base@DV?$string_output_adapter@D@__crt_stdio_output@@@2@@__crt_stdio_output@@AEAA_NXZ 000000014001560c f i libucrt:output.obj
 0001:0001460c       ?type_case_Z@?$output_processor@DV?$stream_output_adapter@D@__crt_stdio_output@@V?$standard_base@DV?$stream_output_adapter@D@__crt_stdio_output@@@2@@__crt_stdio_output@@AEAA_NXZ 000000014001560c f i libucrt:output.obj
 0001:00014688       ?type_case_a@?$output_processor@DV?$stream_output_adapter@D@__crt_stdio_output@@V?$standard_base@DV?$stream_output_adapter@D@__crt_stdio_output@@@2@@__crt_stdio_output@@AEAA_NXZ 0000000140015688 f i libucrt:output.obj
 0001:00014688       ?type_case_a@?$output_processor@DV?$string_output_adapter@D@__crt_stdio_output@@V?$standard_base@DV?$string_output_adapter@D@__crt_stdio_output@@@2@@__crt_stdio_output@@AEAA_NXZ 0000000140015688 f i libucrt:output.obj
 0001:000148dc       ?type_case_c_tchar@?$output_processor@DV?$stream_output_adapter@D@__crt_stdio_output@@V?$standard_base@DV?$stream_output_adapter@D@__crt_stdio_output@@@2@@__crt_stdio_output@@AEAA_ND@Z 00000001400158dc f i libucrt:output.obj
 0001:000148dc       ?type_case_c_tchar@?$output_processor@DV?$string_output_adapter@D@__crt_stdio_output@@V?$standard_base@DV?$string_output_adapter@D@__crt_stdio_output@@@2@@__crt_stdio_output@@AEAA_ND@Z 00000001400158dc f i libucrt:output.obj
 0001:000149b0       ?type_case_n@?$output_processor@DV?$string_output_adapter@D@__crt_stdio_output@@V?$standard_base@DV?$string_output_adapter@D@__crt_stdio_output@@@2@@__crt_stdio_output@@AEAA_NXZ 00000001400159b0 f i libucrt:output.obj
 0001:000149b0       ?type_case_n@?$output_processor@DV?$stream_output_adapter@D@__crt_stdio_output@@V?$standard_base@DV?$stream_output_adapter@D@__crt_stdio_output@@@2@@__crt_stdio_output@@AEAA_NXZ 00000001400159b0 f i libucrt:output.obj
 0001:00014a68       ?type_case_s@?$output_processor@DV?$stream_output_adapter@D@__crt_stdio_output@@V?$standard_base@DV?$stream_output_adapter@D@__crt_stdio_output@@@2@@__crt_stdio_output@@AEAA_NXZ 0000000140015a68 f i libucrt:output.obj
 0001:00014a68       ?type_case_s@?$output_processor@DV?$string_output_adapter@D@__crt_stdio_output@@V?$standard_base@DV?$string_output_adapter@D@__crt_stdio_output@@@2@@__crt_stdio_output@@AEAA_NXZ 0000000140015a68 f i libucrt:output.obj
 0001:00014b10       ?update_locale_slow@__crt_cached_ptd_host@@AEAAXXZ 0000000140015b10 f i libucrt:output.obj
 0001:00014b88       ?validate_stream_is_ansi_if_required@?$__acrt_stdio_char_traits@D@@SA_NQEAU_iobuf@@@Z 0000000140015b88 f i libucrt:output.obj
 0001:00014c24       ?write_string@?$string_output_adapter@D@__crt_stdio_output@@QEBAXQEBDHQEAHAEAV__crt_cached_ptd_host@@@Z 0000000140015c24 f i libucrt:output.obj
 0001:00014cc8       ?write_string_impl@?$output_adapter_common@DV?$stream_output_adapter@D@__crt_stdio_output@@@__crt_stdio_output@@IEBAXQEBDHQEAHAEAV__crt_cached_ptd_host@@@Z 0000000140015cc8 f i libucrt:output.obj
 0001:00014d94       __stdio_common_vfprintf    0000000140015d94 f   libucrt:output.obj
 0001:00014eb8       __stdio_common_vsprintf    0000000140015eb8 f   libucrt:output.obj
 0001:00015120       strncpy                    0000000140016120 f   libucrt:strncpy.obj
 0001:00015290       isalnum                    0000000140016290 f   libucrt:_ctype.obj
 0001:0001533c       ??$__acrt_convert_wcs_mbs_cp@D_WV<lambda_7c9dea7b4ca7285d2cdb541a38da6275>@@U__crt_win32_buffer_internal_dynamic_resizing@@@@YAHQEBDAEAV?$__crt_win32_buffer@_WU__crt_win32_buffer_internal_dynamic_resizing@@@@AEBV<lambda_7c9dea7b4ca7285d2cdb541a38da6275>@@I@Z 000000014001633c f i libucrt:stat.obj
 0001:00015854       ??0_LocaleUpdate@@QEAA@QEAU__crt_locale_pointers@@@Z 0000000140016854 f i libucrt:stat.obj
 0001:00015c40       _stat64i32                 0000000140016c40 f   libucrt:stat.obj
 0001:00015d60       strncmp                    0000000140016d60 f   libucrt:strncmp.obj
 0001:00015ea0       _fwrite_internal           0000000140016ea0 f   libucrt:fwrite.obj
 0001:00015f3c       _fwrite_nolock_internal    0000000140016f3c f   libucrt:fwrite.obj
 0001:00016150       fwrite                     0000000140017150 f   libucrt:fwrite.obj
 0001:000161f4       free                       00000001400171f4 f   libucrt:free.obj
 0001:00016220       strncat                    0000000140017220 f   libucrt:strncat.obj
 0001:000163b8       _mkdir                     00000001400173b8 f   libucrt:mkdir.obj
 0001:0001649c       _fread_nolock_s            000000014001749c f   libucrt:fread.obj
 0001:000166fc       fread                      00000001400176fc f   libucrt:fread.obj
 0001:0001671c       fread_s                    000000014001771c f   libucrt:fread.obj
 0001:000167c4       malloc                     00000001400177c4 f   libucrt:malloc.obj
 0001:000167cc       ?get_raw_ptd_noexit@__crt_cached_ptd_host@@QEAAPEAU__acrt_ptd@@XZ 00000001400177cc f i libucrt:invalid_parameter.obj
 0001:00016838       ?value@?$dual_state_global@P6AXPEB_W00I_K@Z@__crt_state_management@@QEAAAEAP6AXPEB_W00I_K@ZAEAV__crt_cached_ptd_host@@@Z 0000000140017838 f i libucrt:invalid_parameter.obj
 0001:00016884       __acrt_call_reportfault    0000000140017884 f   libucrt:invalid_parameter.obj
 0001:000169e0       __acrt_initialize_invalid_parameter_handler 00000001400179e0 f   libucrt:invalid_parameter.obj
 0001:000169e8       _invalid_parameter         00000001400179e8 f   libucrt:invalid_parameter.obj
 0001:00016a84       _invalid_parameter_internal 0000000140017a84 f   libucrt:invalid_parameter.obj
 0001:00016b50       _invalid_parameter_noinfo  0000000140017b50 f   libucrt:invalid_parameter.obj
 0001:00016b70       _invalid_parameter_noinfo_noreturn 0000000140017b70 f   libucrt:invalid_parameter.obj
 0001:00016ba0       _invoke_watson             0000000140017ba0 f   libucrt:invalid_parameter.obj
 0001:00016be8       _aligned_free              0000000140017be8 f   libucrt:align.obj
 0001:00016c04       _aligned_malloc            0000000140017c04 f   libucrt:align.obj
 0001:00016c84       roundf                     0000000140017c84 f   libucrt:roundf.obj
 0001:00016cec       _clearfp                   0000000140017cec f   libucrt:ieee.obj
 0001:00016d58       _control87                 0000000140017d58 f   libucrt:ieee.obj
 0001:00016d60       _controlfp                 0000000140017d60 f   libucrt:ieee.obj
 0001:00017008       __acrt_initialize_new_handler 0000000140018008 f   libucrt:new_handler.obj
 0001:00017010       _callnewh                  0000000140018010 f   libucrt:new_handler.obj
 0001:00017050       _query_new_handler         0000000140018050 f   libucrt:new_handler.obj
 0001:00017088       _seh_filter_exe            0000000140018088 f   libucrt:exception_filter.obj
 0001:000174a0       __acrt_initialize_thread_local_exit_callback 00000001400184a0 f   libucrt:exit.obj
 0001:000174a8       _c_exit                    00000001400184a8 f   libucrt:exit.obj
 0001:000174b8       _cexit                     00000001400184b8 f   libucrt:exit.obj
 0001:000174c8       _exit                      00000001400184c8 f   libucrt:exit.obj
 0001:000174d4       _register_thread_local_exe_atexit_callback 00000001400184d4 f   libucrt:exit.obj
 0001:00017514       exit                       0000000140018514 f   libucrt:exit.obj
 0001:000176e8       __acrt_allocate_buffer_for_argv 00000001400186e8 f   libucrt:argv_parsing.obj
 0001:00017748       _configure_narrow_argv     0000000140018748 f   libucrt:argv_parsing.obj
 0001:00017d18       __dcrt_get_or_create_wide_environment_nolock 0000000140018d18 f   libucrt:environment_initialization.obj
 0001:00017d54       __dcrt_uninitialize_environments_nolock 0000000140018d54 f   libucrt:environment_initialization.obj
 0001:00017d98       _initialize_narrow_environment 0000000140018d98 f   libucrt:environment_initialization.obj
 0001:000180e8       _crt_atexit                00000001400190e8 f   libucrt:onexit.obj
 0001:000180f8       _execute_onexit_table      00000001400190f8 f   libucrt:onexit.obj
 0001:0001813c       _initialize_onexit_table   000000014001913c f   libucrt:onexit.obj
 0001:00018164       _register_onexit_function  0000000140019164 f   libucrt:onexit.obj
 0001:000182d8       __acrt_initialize          00000001400192d8 f   libucrt:initialization.obj
 0001:000182ec       __acrt_uninitialize        00000001400192ec f   libucrt:initialization.obj
 0001:00018324       _query_app_type            0000000140019324 f   libucrt:report_runtime_error.obj
 0001:0001832c       _set_app_type              000000014001932c f   libucrt:report_runtime_error.obj
 0001:00018334       __acrt_has_user_matherr    0000000140019334 f   libucrt:matherr.obj
 0001:00018354       __acrt_initialize_user_matherr 0000000140019354 f   libucrt:matherr.obj
 0001:0001835c       __acrt_invoke_user_matherr 000000014001935c f   libucrt:matherr.obj
 0001:00018398       __setusermatherr           0000000140019398 f   libucrt:matherr.obj
 0001:000183c0       _get_narrow_winmain_command_line 00000001400193c0 f   libucrt:argv_winmain.obj
 0001:00018430       _initterm                  0000000140019430 f   libucrt:initterm.obj
 0001:00018474       _initterm_e                0000000140019474 f   libucrt:initterm.obj
 0001:000184bc       _get_fmode                 00000001400194bc f   libucrt:setmode.obj
 0001:000184ec       _set_fmode                 00000001400194ec f   libucrt:setmode.obj
 0001:0001852c       _setmode_nolock            000000014001952c f   libucrt:setmode.obj
 0001:00018680       __acrt_set_locale_changed  0000000140019680 f   libucrt:wsetlocale.obj
 0001:0001868c       __acrt_uninitialize_locale 000000014001968c f   libucrt:wsetlocale.obj
 0001:000186bc       _configthreadlocale        00000001400196bc f   libucrt:wsetlocale.obj
 0001:00018728       _query_new_mode            0000000140019728 f   libucrt:new_mode.obj
 0001:00018730       _set_new_mode              0000000140019730 f   libucrt:new_mode.obj
 0001:0001875c       __p__commode               000000014001975c f   libucrt:ncommode.obj
 0001:00018764       terminate                  0000000140019764 f   libucrt:terminate.obj
 0001:00018790       strdup                     0000000140019790 f   libucrt:strdup.obj
 0001:00018790       _strdup                    0000000140019790 f   libucrt:strdup.obj
 0001:00018808       ___lc_codepage_func        0000000140019808 f   libucrt:initctype.obj
 0001:00018838       strcpy_s                   0000000140019838 f   libucrt:strcpy_s.obj
 0001:00018898       abort                      0000000140019898 f   libucrt:abort.obj
 0001:000188f0       calloc                     00000001400198f0 f   libucrt:calloc.obj
 0001:000188f8       ??$parse_integer@KV?$c_string_character_source@_W@__crt_strtox@@$00@__crt_strtox@@YAKAEAV__crt_cached_ptd_host@@V?$c_string_character_source@_W@0@H_N@Z 00000001400198f8 f i libucrt:atox.obj
 0001:00019094       wcsncmp                    000000014001a094 f   libucrt:wcsncmp.obj
 0001:000190c0       __acrt_errno_from_os_error 000000014001a0c0 f   libucrt:errno.obj
 0001:00019108       __acrt_errno_map_os_error  000000014001a108 f   libucrt:errno.obj
 0001:00019150       __acrt_errno_map_os_error_ptd 000000014001a150 f   libucrt:errno.obj
 0001:00019174       __doserrno                 000000014001a174 f   libucrt:errno.obj
 0001:00019194       _errno                     000000014001a194 f   libucrt:errno.obj
 0001:000191b4       ?__acrt_stdio_allocate_stream@@YA?AV__crt_stdio_stream@@XZ 000000014001a1b4 f   libucrt:stream.obj
 0001:0001920c       ?__acrt_stdio_free_stream@@YAXV__crt_stdio_stream@@@Z 000000014001a20c f   libucrt:stream.obj
 0001:00019314       ??$__acrt_stdio_parse_mode@D@@YA?AU__acrt_stdio_stream_mode@@QEBD@Z 000000014001a314 f i libucrt:openfile.obj
 0001:000195d8       _openfile                  000000014001a5d8 f   libucrt:openfile.obj
 0001:00019674       _calloc_base               000000014001a674 f   libucrt:calloc_base.obj
 0001:000196ec       _free_base                 000000014001a6ec f   libucrt:free_base.obj
 0001:000198e4       __acrt_AppPolicyGetProcessTerminationMethodInternal 000000014001a8e4 f   libucrt:winapi_thunks.obj
 0001:0001993c       __acrt_AreFileApisANSI     000000014001a93c f   libucrt:winapi_thunks.obj
 0001:00019980       __acrt_CompareStringEx     000000014001a980 f   libucrt:winapi_thunks.obj
 0001:00019a6c       __acrt_FlsAlloc            000000014001aa6c f   libucrt:winapi_thunks.obj
 0001:00019a74       __acrt_FlsFree             000000014001aa74 f   libucrt:winapi_thunks.obj
 0001:00019a7c       __acrt_FlsGetValue         000000014001aa7c f   libucrt:winapi_thunks.obj
 0001:00019a84       __acrt_FlsSetValue         000000014001aa84 f   libucrt:winapi_thunks.obj
 0001:00019a8c       __acrt_InitializeCriticalSectionEx 000000014001aa8c f   libucrt:winapi_thunks.obj
 0001:00019afc       __acrt_LCMapStringEx       000000014001aafc f   libucrt:winapi_thunks.obj
 0001:00019be8       __acrt_LocaleNameToLCID    000000014001abe8 f   libucrt:winapi_thunks.obj
 0001:00019c48       __acrt_initialize_winapi_thunks 000000014001ac48 f   libucrt:winapi_thunks.obj
 0001:00019c6c       __acrt_uninitialize_winapi_thunks 000000014001ac6c f   libucrt:winapi_thunks.obj
 0001:00019cb0       _fcloseall                 000000014001acb0 f   libucrt:closeall.obj
 0001:00019f44       __acrt_stdio_flush_nolock  000000014001af44 f   libucrt:fflush.obj
 0001:00019fd0       _fflush_nolock             000000014001afd0 f   libucrt:fflush.obj
 0001:0001a0a4       _flushall                  000000014001b0a4 f   libucrt:fflush.obj
 0001:0001a0ac       __acrt_stdio_free_buffer_nolock 000000014001b0ac f   libucrt:_freebuf.obj
 0001:0001a2e8       __acrt_initialize_lowio    000000014001b2e8 f   libucrt:ioinit.obj
 0001:0001a324       __acrt_uninitialize_lowio  000000014001b324 f   libucrt:ioinit.obj
 0001:0001a364       _fileno                    000000014001b364 f   libucrt:fileno.obj
 0001:0001a404       _close_internal            000000014001b404 f   libucrt:close.obj
 0001:0001a4c8       _close_nolock              000000014001b4c8 f   libucrt:close.obj
 0001:0001a560       _close_nolock_internal     000000014001b560 f   libucrt:close.obj
 0001:0001a9a8       __acrt_getptd              000000014001b9a8 f   libucrt:per_thread_data.obj
 0001:0001aa7c       __acrt_getptd_head         000000014001ba7c f   libucrt:per_thread_data.obj
 0001:0001ab20       __acrt_getptd_noexit       000000014001bb20 f   libucrt:per_thread_data.obj
 0001:0001abe8       __acrt_getptd_noexit_explicit 000000014001bbe8 f   libucrt:per_thread_data.obj
 0001:0001aca8       __acrt_initialize_ptd      000000014001bca8 f   libucrt:per_thread_data.obj
 0001:0001ace4       __acrt_uninitialize_ptd    000000014001bce4 f   libucrt:per_thread_data.obj
 0001:0001ad08       _realloc_base              000000014001bd08 f   libucrt:realloc_base.obj
 0001:0001ad84       _malloc_base               000000014001bd84 f   libucrt:malloc_base.obj
 0001:0001ade4       strnlen                    000000014001bde4 f   libucrt:strnlen.obj
 0001:0001af34       wcsnlen                    000000014001bf34 f   libucrt:strnlen.obj
 0001:0001b10c       __acrt_update_locale_info  000000014001c10c f   libucrt:locale_update.obj
 0001:0001b140       __acrt_update_locale_info_explicit 000000014001c140 f   libucrt:locale_update.obj
 0001:0001b178       __acrt_update_multibyte_info 000000014001c178 f   libucrt:locale_update.obj
 0001:0001b1ac       __acrt_update_multibyte_info_explicit 000000014001c1ac f   libucrt:locale_update.obj
 0001:0001bcf8       __acrt_fp_format           000000014001ccf8 f   libucrt:cvt.obj
 0001:0001bfe0       _wctomb_internal           000000014001cfe0 f   libucrt:wctomb.obj
 0001:0001c190       _mbtowc_internal           000000014001d190 f   libucrt:mbtowc.obj
 0001:0001c308       _get_printf_count_output   000000014001d308 f   libucrt:printf_count_output.obj
 0001:0001c320       _fputc_nolock_internal     000000014001d320 f   libucrt:fputc.obj
 0001:0001c338       __acrt_should_use_temporary_buffer 000000014001d338 f   libucrt:_sftbuf.obj
 0001:0001c384       __acrt_stdio_begin_temporary_buffering_nolock 000000014001d384 f   libucrt:_sftbuf.obj
 0001:0001c44c       __acrt_stdio_end_temporary_buffering_nolock 000000014001d44c f   libucrt:_sftbuf.obj
 0001:0001c48c       _isctype_l                 000000014001d48c f   libucrt:isctype.obj
 0001:0001c594       _getdrive                  000000014001d594 f   libucrt:drive.obj
 0001:0001c68c       ??$__acrt_convert_wcs_mbs_cp@_WDV<lambda_f788ae46380686e8b737efdd8c720d07>@@U__crt_win32_buffer_no_resizing@@@@YAHQEB_WAEAV?$__crt_win32_buffer@DU__crt_win32_buffer_no_resizing@@@@AEBV<lambda_f788ae46380686e8b737efdd8c720d07>@@I@Z 000000014001d68c f i libucrt:fullpath.obj
 0001:0001c7a8       ??$call_win32_function@V<lambda_17b8e77e04f0039ff1429d79b8271fa1>@@@?$__crt_win32_buffer@_WU__crt_win32_buffer_no_resizing@@@@QEAAHAEBV<lambda_17b8e77e04f0039ff1429d79b8271fa1>@@@Z 000000014001d7a8 f i libucrt:fullpath.obj
 0001:0001c81c       ??$call_win32_function@V<lambda_1a60cddbd8640ed4c95e91b82cd9827b>@@@?$__crt_win32_buffer@_WU__crt_win32_buffer_public_dynamic_resizing@@@@QEAAHAEBV<lambda_1a60cddbd8640ed4c95e91b82cd9827b>@@@Z 000000014001d81c f i libucrt:fullpath.obj
 0001:0001c8f4       ?detach@?$__crt_win32_buffer@_WU__crt_win32_buffer_public_dynamic_resizing@@@@QEAAPEA_WXZ 000000014001d8f4 f i libucrt:fullpath.obj
 0001:0001c9d8       _wfullpath                 000000014001d9d8 f   libucrt:fullpath.obj
 0001:0001ca8c       wcspbrk                    000000014001da8c f   libucrt:wcspbrk.obj
 0001:0001cac0       __ascii_wcsicmp            000000014001dac0 f   libucrt:wcsicmp.obj
 0001:0001cb00       _wcsicmp                   000000014001db00 f   libucrt:wcsicmp.obj
 0001:0001cb48       _wcsicmp_l                 000000014001db48 f   libucrt:wcsicmp.obj
 0001:0001cc7c       __acrt_MultiByteToWideChar 000000014001dc7c f   libucrt:multibytetowidechar.obj
 0001:0001cd0c       __acrt_lowio_create_handle_array 000000014001dd0c f   libucrt:osfinfo.obj
 0001:0001cdb4       __acrt_lowio_destroy_handle_array 000000014001ddb4 f   libucrt:osfinfo.obj
 0001:0001ce04       __acrt_lowio_ensure_fh_exists 000000014001de04 f   libucrt:osfinfo.obj
 0001:0001ceac       __acrt_lowio_lock_fh       000000014001deac f   libucrt:osfinfo.obj
 0001:0001ced4       __acrt_lowio_set_os_handle 000000014001ded4 f   libucrt:osfinfo.obj
 0001:0001cf94       __acrt_lowio_unlock_fh     000000014001df94 f   libucrt:osfinfo.obj
 0001:0001cfbc       _alloc_osfhnd              000000014001dfbc f   libucrt:osfinfo.obj
 0001:0001d0fc       _free_osfhnd               000000014001e0fc f   libucrt:osfinfo.obj
 0001:0001d1b8       _get_osfhandle             000000014001e1b8 f   libucrt:osfinfo.obj
 0001:0001d230       ??$__crt_time_is_leap_year@H@@YA_NH@Z 000000014001e230 f i libucrt:loctotime.obj
 0001:0001d4c0       __loctotime64_t            000000014001e4c0 f   libucrt:loctotime.obj
 0001:0001dcd0       _write                     000000014001ecd0 f   libucrt:write.obj
 0001:0001dd68       _write_internal            000000014001ed68 f   libucrt:write.obj
 0001:0001de88       _write_nolock              000000014001ee88 f   libucrt:write.obj
 0001:0001e304       __acrt_stdio_flush_and_write_narrow_nolock 000000014001f304 f   libucrt:_flsbuf.obj
 0001:0001e3d0       _wmkdir                    000000014001f3d0 f   libucrt:wmkdir.obj
 0001:0001e884       _read                      000000014001f884 f   libucrt:read.obj
 0001:0001e9a4       _read_nolock               000000014001f9a4 f   libucrt:read.obj
 0001:0001edf4       __acrt_stdio_refill_and_read_narrow_nolock 000000014001fdf4 f   libucrt:_filbuf.obj
 0001:0001ef5c       _msize_base                000000014001ff5c f   libucrt:msize.obj
 0001:0001ef98       _fd_int                    000000014001ff98 f   libucrt:_test.obj
 0001:0001f080       _get_fpsr                  0000000140020080 f   libucrt:fpsr.obj
 0001:0001f090       _set_fpsr                  0000000140020090 f   libucrt:fpsr.obj
 0001:0001f09a       _fclrf                     000000014002009a f   libucrt:fpsr.obj
 0001:0001f0ae       _frnd                      00000001400200ae f   libucrt:fpsr.obj
 0001:0001f0d0       __acrt_initialize_locks    00000001400200d0 f   libucrt:locks.obj
 0001:0001f118       __acrt_lock                0000000140020118 f   libucrt:locks.obj
 0001:0001f134       __acrt_uninitialize_locks  0000000140020134 f   libucrt:locks.obj
 0001:0001f16c       __acrt_unlock              000000014002016c f   libucrt:locks.obj
 0001:0001f188       __acrt_app_verifier_enabled 0000000140020188 f   libucrt:peb_access.obj
 0001:0001f1a4       __acrt_is_secure_process   00000001400201a4 f   libucrt:peb_access.obj
 0001:0001f1bc       __acrt_get_process_end_policy 00000001400201bc f   libucrt:win_policies.obj
 0001:0001f200       ??$__acrt_convert_wcs_mbs_cp@_WDV<lambda_d8593a27d1aa8c02be35c86a17d324c4>@@U__crt_win32_buffer_internal_dynamic_resizing@@@@YAHQEB_WAEAV?$__crt_win32_buffer@DU__crt_win32_buffer_internal_dynamic_resizing@@@@AEBV<lambda_d8593a27d1aa8c02be35c86a17d324c4>@@I@Z 0000000140020200 f i libucrt:argv_wildcards.obj
 0001:0001faa4       __acrt_expand_narrow_argv_wildcards 0000000140020aa4 f   libucrt:argv_wildcards.obj
 0001:0001faac       __acrt_GetModuleFileNameA  0000000140020aac f   libucrt:getmodulefilenamea.obj
 0001:000203c8       __acrt_initialize_multibyte 00000001400213c8 f   libucrt:mbctype.obj
 0001:00020428       __acrt_update_thread_multibyte_data 0000000140021428 f   libucrt:mbctype.obj
 0001:00020444       _setmbcp_nolock            0000000140021444 f   libucrt:mbctype.obj
 0001:00020778       _ismbblead                 0000000140021778 f   libucrt:ismbbyte.obj
 0001:0002078c       __acrt_initialize_command_line 000000014002178c f   libucrt:argv_data.obj
 0001:000207b4       wcscpy_s                   00000001400217b4 f   libucrt:wcscpy_s.obj
 0001:0002081c       __acrt_WideCharToMultiByte 000000014002181c f   libucrt:widechartomultibyte.obj
 0001:000208fc       __dcrt_get_narrow_environment_from_os 00000001400218fc f   libucrt:get_environment_from_os.obj
 0001:00020a0c       __dcrt_get_wide_environment_from_os 0000000140021a0c f   libucrt:get_environment_from_os.obj
 0001:00020efc       __dcrt_set_variable_in_wide_environment_nolock 0000000140021efc f   libucrt:setenv.obj
 0001:00020f04       _recalloc_base             0000000140021f04 f   libucrt:recalloc.obj
 0001:00020f9c       __acrt_initialize_heap     0000000140021f9c f   libucrt:heap_handle.obj
 0001:00020fb8       __acrt_uninitialize_heap   0000000140021fb8 f   libucrt:heap_handle.obj
 0001:00020fc4       __acrt_execute_initializers 0000000140021fc4 f   libucrt:shared_initialization.obj
 0001:00021058       __acrt_execute_uninitializers 0000000140022058 f   libucrt:shared_initialization.obj
 0001:000210e8       __acrt_get_sigabrt_handler 00000001400220e8 f   libucrt:signal.obj
 0001:00021118       __acrt_initialize_signal_handlers 0000000140022118 f   libucrt:signal.obj
 0001:00021138       raise                      0000000140022138 f   libucrt:signal.obj
 0001:000213b4       wcsncpy_s                  00000001400223b4 f   libucrt:wcsncpy_s.obj
 0001:000214b0       __acrt_initialize_fmode    00000001400224b0 f   libucrt:txtmode.obj
 0001:000214cc       __acrt_locale_free_monetary 00000001400224cc f   libucrt:initmon.obj
 0001:000215d8       __acrt_locale_free_numeric 00000001400225d8 f   libucrt:initnum.obj
 0001:00021678       __acrt_locale_free_time    0000000140022678 f   libucrt:inittime.obj
 0001:00021780       __acrt_GetStringTypeA      0000000140022780 f   libucrt:getstringtypea.obj
 0001:00021910       __acrt_add_locale_ref      0000000140022910 f   libucrt:locale_refcounting.obj
 0001:0002199c       __acrt_free_locale         000000014002299c f   libucrt:locale_refcounting.obj
 0001:00021b14       __acrt_locale_add_lc_time_reference 0000000140022b14 f   libucrt:locale_refcounting.obj
 0001:00021b3c       __acrt_locale_free_lc_time_if_unreferenced 0000000140022b3c f   libucrt:locale_refcounting.obj
 0001:00021b74       __acrt_locale_release_lc_time_reference 0000000140022b74 f   libucrt:locale_refcounting.obj
 0001:00021b9c       __acrt_release_locale_ref  0000000140022b9c f   libucrt:locale_refcounting.obj
 0001:00021c44       __acrt_update_thread_locale_data 0000000140022c44 f   libucrt:locale_refcounting.obj
 0001:00021cb4       _updatetlocinfoEx_nolock   0000000140022cb4 f   libucrt:locale_refcounting.obj
 0001:00022050       __acrt_LCMapStringA        0000000140023050 f   libucrt:lcmapstringa.obj
 0001:000220e8       iswctype                   00000001400230e8 f   libucrt:iswctype.obj
 0001:00022154       __ascii_wcsnicmp           0000000140023154 f   libucrt:wcsnicmp.obj
 0001:000221a0       __ascii_strnicmp           00000001400231a0 f   libucrt:strnicmp.obj
 0001:000221ec       _strnicmp                  00000001400231ec f   libucrt:strnicmp.obj
 0001:0002223c       _strnicmp_l                000000014002323c f   libucrt:strnicmp.obj
 0001:000228fc       _sopen_nolock              00000001400238fc f   libucrt:open.obj
 0001:00022a18       _sopen_s                   0000000140023a18 f   libucrt:open.obj
 0001:00022a4c       _wsopen_nolock             0000000140023a4c f   libucrt:open.obj
 0001:00022e3c       __acrt_DownlevelLocaleNameToLCID 0000000140023e3c f   libucrt:lcidtoname_downlevel.obj
 0001:00022f6c       _commit                    0000000140023f6c f   libucrt:commit.obj
 0001:000230d0       __acrt_fp_strflt_to_string 00000001400240d0 f   libucrt:_fptostr.obj
 0001:000231e0       ?divide@__crt_strtox@@YA_KAEAUbig_integer@1@AEBU21@@Z 00000001400241e0 f i libucrt:cfout.obj
 0001:0002367c       __acrt_fltout              000000014002467c f   libucrt:cfout.obj
 0001:00024994       fegetround                 0000000140025994 f   libucrt:fegetround.obj
 0001:000249a8       ?__c32rtomb_utf8@__crt_mbstring@@YA_KPEAD_UPEAU_Mbstatet@@AEAV__crt_cached_ptd_host@@@Z 00000001400259a8 f   libucrt:c32rtomb.obj
 0001:00024a4c       ?__mbrtowc_utf8@__crt_mbstring@@YA_KPEA_WPEBD_KPEAU_Mbstatet@@AEAV__crt_cached_ptd_host@@@Z 0000000140025a4c f   libucrt:mbrtowc.obj
 0001:00024a90       ?__mbsrtowcs_utf8@__crt_mbstring@@YA_KPEA_WPEAPEBD_KPEAU_Mbstatet@@AEAV__crt_cached_ptd_host@@@Z 0000000140025a90 f   libucrt:mbrtowc.obj
 0001:00024c34       _isatty                    0000000140025c34 f   libucrt:isatty.obj
 0001:00024e84       _wgetcwd                   0000000140025e84 f   libucrt:getcwd.obj
 0001:00024eac       _towlower_l                0000000140025eac f   libucrt:towlower.obj
 0001:00024fa0       __acrt_initialize_timeset  0000000140025fa0 f   libucrt:timeset.obj
 0001:00024ff0       __daylight                 0000000140025ff0 f   libucrt:timeset.obj
 0001:00024ff8       __dstbias                  0000000140025ff8 f   libucrt:timeset.obj
 0001:00025000       __timezone                 0000000140026000 f   libucrt:timeset.obj
 0001:00025008       __tzname                   0000000140026008 f   libucrt:timeset.obj
 0001:00025010       __wide_tzname              0000000140026010 f   libucrt:timeset.obj
 0001:00025018       _get_daylight              0000000140026018 f   libucrt:timeset.obj
 0001:00025048       _get_dstbias               0000000140026048 f   libucrt:timeset.obj
 0001:00025078       _get_timezone              0000000140026078 f   libucrt:timeset.obj
 0001:00025c14       __tzset                    0000000140026c14 f   libucrt:tzset.obj
 0001:00025c58       _isindst                   0000000140026c58 f   libucrt:tzset.obj
 0001:00025e54       _lseeki64                  0000000140026e54 f   libucrt:lseek.obj
 0001:00025ef0       _lseeki64_nolock           0000000140026ef0 f   libucrt:lseek.obj
 0001:00025f8c       _lseeki64_nolock_internal  0000000140026f8c f   libucrt:lseek.obj
 0001:00025f94       _putwch_nolock             0000000140026f94 f   libucrt:putwch.obj
 0001:00025fd0       __acrt_stdio_allocate_buffer_nolock 0000000140026fd0 f   libucrt:_getbuf.obj
 0001:0002603c       __acrt_fenv_get_common_round_control 000000014002703c f   libucrt:_fenvutils.obj
 0001:00026048       __acrt_fenv_get_control    0000000140027048 f   libucrt:_fenvutils.obj
 0001:0002612c       __acrt_fenv_get_status     000000014002712c f   libucrt:_fenvutils.obj
 0001:00026184       __acrt_fenv_set_control    0000000140027184 f   libucrt:_fenvutils.obj
 0001:000262bc       __acrt_fenv_set_status     00000001400272bc f   libucrt:_fenvutils.obj
 0001:00026330       qsort                      0000000140027330 f   libucrt:qsort.obj
 0001:00026740       strncpy_s                  0000000140027740 f   libucrt:strncpy_s.obj
 0001:000268d0       strpbrk                    00000001400278d0 f   libucrt:strpbrk.obj
 0001:00026c98       _mbsdec                    0000000140027c98 f   libucrt:mbsdec.obj
 0001:00026ca0       _mbsdec_l                  0000000140027ca0 f   libucrt:mbsdec.obj
 0001:00026d4c       _wcsnicoll                 0000000140027d4c f   libucrt:wcsnicol.obj
 0001:00026d9c       _wcsnicoll_l               0000000140027d9c f   libucrt:wcsnicol.obj
 0001:00026e8c       __strncnt                  0000000140027e8c f   libucrt:strncnt.obj
 0001:00026ea4       __acrt_GetStringTypeW      0000000140027ea4 f   libucrt:getstringtypew.obj
 0001:00026eac       _chsize_nolock             0000000140027eac f   libucrt:chsize.obj
 0001:00026f44       _chsize_nolock_internal    0000000140027f44 f   libucrt:chsize.obj
 0001:000270d8       _controlfp_s               00000001400280d8 f   libucrt:contrlfp.obj
 0001:0002713c       fegetenv                   000000014002813c f   libucrt:fegetenv.obj
 0001:0002715c       fesetenv                   000000014002815c f   libucrt:fesetenv.obj
 0001:000271b4       feholdexcept               00000001400281b4 f   libucrt:feholdexcept.obj
 0001:00027204       ceil                       0000000140028204 f   libucrt:ceil.obj
 0001:000272d0       log10                      00000001400282d0 f   libucrt:log10.obj
 0001:0002787c       ?reset_and_return@__crt_mbstring@@YA_K_KPEAU_Mbstatet@@@Z 000000014002887c f   libucrt:common_utf8.obj
 0001:00027884       ?return_illegal_sequence@__crt_mbstring@@YA_KPEAU_Mbstatet@@AEAV__crt_cached_ptd_host@@@Z 0000000140028884 f   libucrt:common_utf8.obj
 0001:00027898       ?__mbrtoc32_utf8@__crt_mbstring@@YA_KPEA_UPEBD_KPEAU_Mbstatet@@AEAV__crt_cached_ptd_host@@@Z 0000000140028898 f   libucrt:mbrtoc32.obj
 0001:00027a74       __acrt_LCMapStringW        0000000140028a74 f   libucrt:lcmapstringw.obj
 0001:00027afc       wcstol                     0000000140028afc f   libucrt:strtox.obj
 0001:00027d40       _wgetenv_s                 0000000140028d40 f   libucrt:getenv.obj
 0001:00027d48       __dcrt_lowio_ensure_console_output_initialized 0000000140028d48 f   libucrt:initcon.obj
 0001:00027d9c       __dcrt_terminate_console_output 0000000140028d9c f   libucrt:initcon.obj
 0001:00027db8       __dcrt_write_console       0000000140028db8 f   libucrt:initcon.obj
 0001:00027e78       __acrt_CompareStringW      0000000140028e78 f   libucrt:comparestringw.obj
 0001:0002805c       _handle_error              000000014002905c f   libucrt:libm_error.obj
 0001:00028184       _handle_errorf             0000000140029184 f   libucrt:libm_error.obj
 0001:000282b8       _handle_nan                00000001400292b8 f   libucrt:libm_error.obj
 0001:000282d4       _handle_nanf               00000001400292d4 f   libucrt:libm_error.obj
 0001:000282f0       __acrt_initialize_fma3     00000001400292f0 f   libucrt:fma3_available.obj
 0001:00028360       _log10_special             0000000140029360 f   libucrt:log_special.obj
 0001:00028418       _raise_exc                 0000000140029418 f   libucrt:fpexcept.obj
 0001:00028440       _raise_exc_ex              0000000140029440 f   libucrt:fpexcept.obj
 0001:00028748       _raise_excf                0000000140029748 f   libucrt:fpexcept.obj
 0001:00028774       _set_errno_from_matherr    0000000140029774 f   libucrt:fpexcept.obj
 0001:000287a4       _clrfp                     00000001400297a4 f   libucrt:fpctrl.obj
 0001:000287c4       _ctrlfp                    00000001400297c4 f   libucrt:fpctrl.obj
 0001:00028840       _set_statfp                0000000140029840 f   libucrt:fpctrl.obj
 0001:00028860       _statfp                    0000000140029860 f   libucrt:fpctrl.obj
 0001:00028874       __GSHandlerCheck           0000000140029874 f   LIBCMT:gshandler.obj
 0001:00028894       __GSHandlerCheckCommon     0000000140029894 f   LIBCMT:gshandler.obj
 0001:00028900       __security_check_cookie    0000000140029900 f   LIBCMT:amdsecgs.obj
 0001:00028920       _FindPESection             0000000140029920 f   LIBCMT:pesect.obj
 0001:00028970       _IsNonwritableInCurrentImage 0000000140029970 f   LIBCMT:pesect.obj
 0001:000289c0       _ValidateImageBase         00000001400299c0 f   LIBCMT:pesect.obj
 0001:000289f0       __GSHandlerCheck_SEH       00000001400299f0 f   LIBCMT:gshandlerseh.obj
 0001:00028a78       __raise_securityfailure    0000000140029a78 f   LIBCMT:gs_report.obj
 0001:00028aac       __report_gsfailure         0000000140029aac f   LIBCMT:gs_report.obj
 0001:00028b80       __report_rangecheckfailure 0000000140029b80 f   LIBCMT:gs_report.obj
 0001:00028b94       __report_securityfailure   0000000140029b94 f   LIBCMT:gs_report.obj
 0001:00028d14       __GSHandlerCheck_EH        0000000140029d14 f   LIBCMT:gshandlereh.obj
 0001:00028db0       __chkstk                   0000000140029db0 f   LIBCMT:chkstk.obj
 0001:00028db0       _alloca_probe              0000000140029db0 f   LIBCMT:chkstk.obj
 0001:00028e00       __C_specific_handler_noexcept 0000000140029e00 f   libvcruntime:chandler_noexcept.obj
 0001:00028e4c       wcsrchr                    0000000140029e4c f   libvcruntime:wcsrchr.obj
 0001:00028f10       memcmp                     0000000140029f10 f   libvcruntime:memcmp.obj
 0001:00028fd8       strrchr                    0000000140029fd8 f   libvcruntime:strrchr.obj
 0001:00029104       wcschr                     000000014002a104 f   libvcruntime:wcschr.obj
 0001:00031aa0       __vdecl_sinf4              0000000140032aa0 f   LIBCMT:svml_ssinf4_dispatch.obj
 0001:00031ac0       __libm_sse2_sincosf_       0000000140032ac0 f   LIBCMT:svml_ssinf4_dispatch.obj
 0001:00031b03       __libm_sse2_sincosf4_      0000000140032b03 f   LIBCMT:svml_ssinf4_dispatch.obj
 0001:00031b10       __vdecl_cos2               0000000140032b10 f   LIBCMT:svml_dcos2_dispatch.obj
 0001:00031b30       __sse2_sinf4@@16           0000000140032b30 f   LIBCMT:svml_ssinf4_sse2.obj
 0001:00032470       __sse4_sinf4@@16           0000000140033470 f   LIBCMT:svml_ssinf4_sse4.obj
 0001:00032bf0       __sse2_cos2@@16            0000000140033bf0 f   LIBCMT:svml_dcos2_sse2.obj
 0001:000332a0       __sse4_cos2@@16            00000001400342a0 f   LIBCMT:svml_dcos2_sse4.obj
 0001:00033950       __common_ssin_cout_rare    0000000140034950 f   LIBCMT:svml_s_sin_cout.obj
 0001:000339c0       __common_dcos_cout_rare    00000001400349c0 f   LIBCMT:svml_d_cos_cout.obj
 0001:00033a30       _vcomp_for_dynamic_init    0000000140034a30 f   VCOMP:VCOMP140.DLL
 0001:00033a36       _vcomp_for_dynamic_next    0000000140034a36 f   VCOMP:VCOMP140.DLL
 0001:00033a3c       _vcomp_for_static_end      0000000140034a3c f   VCOMP:VCOMP140.DLL
 0001:00033a42       _vcomp_for_static_simple_init 0000000140034a42 f   VCOMP:VCOMP140.DLL
 0001:00033a48       _vcomp_fork                0000000140034a48 f   VCOMP:VCOMP140.DLL
[...]
 0002:00010e98       $xdatasym                  0000000140049e98     LIBCMT:svml_s_sin_cout.obj
 0002:00010ea0       $xdatasym                  0000000140049ea0     LIBCMT:svml_d_cos_cout.obj
 0002:00010ea8       $unwind$atan2f             0000000140049ea8     libucrt:atan2f.obj
 0002:00010ec8       $xdatasym                  0000000140049ec8     libucrt:cos.obj
 0002:00010ed0       $xdatasym                  0000000140049ed0     libucrt:cosf.obj
 0002:00010ed8       $xdatasym                  0000000140049ed8     libucrt:expf.obj
 0002:00010ee0       $xdatasym                  0000000140049ee0     libucrt:powf.obj
 0002:00010ef0       $xdatasym                  0000000140049ef0     libucrt:sinf.obj
 0002:00010ef8       $xdatasym                  0000000140049ef8     libucrt:remainder_piby2_forasm.obj
 0002:00010f08       $xdatasym                  0000000140049f08     libucrt:remainder_piby2_forfma3.obj
 0002:00010f14       $unwind$_sincos_special    0000000140049f14     libucrt:sincos_special.obj
 0002:00010f14       $unwind$_sincosf_special   0000000140049f14     libucrt:sincos_special.obj
 0002:00010f20       $xdatasym                  0000000140049f20     libucrt:remainder_piby2f_forasm.obj
 0002:00010f24       $unwind$_powf_special      0000000140049f24     libucrt:pow_special.obj
 0002:00010f30       $xdatasym                  0000000140049f30     libucrt:remainder_piby2f_forc.obj
 0002:0001184e       .idata$6                   000000014004a84e     ws2_32:WS2_32.dll
 0002:00011870       .idata$6                   000000014004a870     kernel32:KERNEL32.dll
 0002:000118a2       .idata$6                   000000014004a8a2     user32:USER32.dll
 0002:000119ae       .idata$6                   000000014004a9ae     bass:BASS.dll
 0002:00011a4c       .idata$6                   000000014004aa4c     DevIL:DevIL.dll
 0002:00011cd6       .idata$6                   000000014004acd6     SDL2:SDL2.dll
 0002:000123f4       .idata$6                   000000014004b3f4     VCOMP:VCOMP140.DLL
 0003:00000040       ?__vcrt_flsindex@@3KA      000000014004c040     libvcruntime:per_thread_data.obj
 0003:00000160       ?dazSupported@?1??common_control87@@9@9 000000014004c160     libucrt:ieee.obj
 0003:00000168       ?errno_no_memory@@3HA      000000014004c168     libucrt:errno.obj
 0003:0000016c       ?doserrno_no_memory@@3KA   000000014004c16c     libucrt:errno.obj
 0003:000001b8       ?__acrt_flsindex@@3KA      000000014004c1b8     libucrt:per_thread_data.obj
 0003:00000660       _mbctypes                  000000014004c660     libucrt:mbctype.obj
 0003:00000770       _mbcasemaps                000000014004c770     libucrt:mbctype.obj
 0003:00000870       ?__rgctypeflag@@3PADA      000000014004c870     libucrt:mbctype.obj
 0003:00000880       ?__rgcode_page_info@@3PAUcode_page_info@@A 000000014004c880     libucrt:mbctype.obj
 0003:00000a30       ?tzstd_program@@3PADA      000000014004ca30     libucrt:timeset.obj
 0003:00000a70       ?tzdst_program@@3PADA      000000014004ca70     libucrt:timeset.obj
 0003:00000ab0       ?w_tzstd_program@@3PA_WA   000000014004cab0     libucrt:timeset.obj
 0003:00000b30       ?w_tzdst_program@@3PA_WA   000000014004cb30     libucrt:timeset.obj
 0003:00000bb0       ?tzname_states@@3PAY01PEADA 000000014004cbb0     libucrt:timeset.obj
 0003:00000bc0       ?w_tzname_states@@3PAY01PEA_WA 000000014004cbc0     libucrt:timeset.obj
 0003:00000bd0       ?dststart@@3Utransitiondate@?A0x7639d0b4@@A 000000014004cbd0     libucrt:tzset.obj
 0003:00000be0       ?dstend@@3Utransitiondate@?A0x7639d0b4@@A 000000014004cbe0     libucrt:tzset.obj
 0003:00000bf0       ?__dcrt_lowio_console_output_handle@@3PEAXEA 000000014004cbf0     libucrt:initcon.obj
 0003:00000c00       ?dazSupported@?1??_ctrlfp@@9@9 000000014004cc00     libucrt:fpctrl.obj
 0003:00000c40       ?need_init@?1??server_connect@@9@9 000000014004cc40     device.obj
 0003:00000c44       ?s_curRayLength@@3IA       000000014004cc44     ball.obj
 0003:00000c48       ?s_beamAlphaMin@@3MA       000000014004cc48     ball.obj
 0003:00000c4c       ?s_beamAtten@@3IA          000000014004cc4c     ball.obj
 0003:00000c50       ?s_rocketCallbacks@@3Usync_cb@@A 000000014004cc50     rocket.obj
 0003:00000c68       ?s_mapTilt@@3HA            000000014004cc68     landscape.obj
 0003:00000c70       ?s_lastErr@@3V?$basic_string@DU?$char_traits@D@std@@V?$allocator@D@2@@std@@A 000000014004cc70     main.obj
 0003:00000f20       ?is_initialized_as_dll@@3_NA 000000014004cf20     LIBCMT:utility.obj
 0003:00000f21       ?module_local_atexit_table_initialized@@3_NA 000000014004cf21     LIBCMT:utility.obj
 0003:00000f28       ?module_local_atexit_table@@3U_onexit_table_t@@A 000000014004cf28     LIBCMT:utility.obj
 0003:00000f40       ?module_local_at_quick_exit_table@@3U_onexit_table_t@@A 000000014004cf40     LIBCMT:utility.obj
 0003:00000f90       ?__vcrt_startup_thread_ptd@@3U__vcrt_ptd@@A 000000014004cf90     libvcruntime:per_thread_data.obj
 0003:00001010       __vcrt_lock_table          000000014004d010     libvcruntime:locks.obj
 0003:00001038       __vcrt_locks_initialized   000000014004d038     libvcruntime:locks.obj
 0003:00001080       ?heap@@3V_HeapManager@@A   000000014004d080     libvcruntime:undname.obj
 0003:000010a8       ?module_handles@@3PAPEAUHINSTANCE__@@A 000000014004d0a8     libvcruntime:winapi_downlevel.obj
 0003:000010c0       ?function_pointers@@3PAPEAXA 000000014004d0c0     libvcruntime:winapi_downlevel.obj
 0003:00001108       ?__acrt_invalid_parameter_handler@@3V?$dual_state_global@P6AXPEB_W00I_K@Z@__crt_state_management@@A 000000014004d108     libucrt:invalid_parameter.obj
 0003:00001110       ?__acrt_new_handler@@3V?$dual_state_global@P6AH_K@Z@__crt_state_management@@A 000000014004d110     libucrt:new_handler.obj
 0003:00001118       ?c_termination_complete@@3JA 000000014004d118     libucrt:exit.obj
 0003:00001120       ?thread_local_exit_callback_func@@3P6AXPEAXK0@ZEA 000000014004d120     libucrt:exit.obj
 0003:00001128       ?c_exit_complete@?1???R<lambda_6e4b09c48022b2350581041d5f6b0c4c>@@QEBA@XZ@4_NA 000000014004d128     libucrt:exit.obj
 0003:00001130       ?program_name@?1???$common_configure_argv@D@@YAHW4_crt_argv_mode@@@Z@4PADA 000000014004d130     libucrt:argv_parsing.obj
 0003:00001288       ?__acrt_app_type@@3W4_crt_app_type@@A 000000014004d288     libucrt:report_runtime_error.obj
 0003:00001290       ?user_matherr@@3V?$dual_state_global@P6AHPEAU_exception@@@Z@__crt_state_management@@A 000000014004d290     libucrt:matherr.obj
 0003:00001298       ?empty_string@?1???$common_wincmdln@E@@YAPEAEXZ@4PAEA 000000014004d298     libucrt:argv_winmain.obj
 0003:000012a0       ?__acrt_global_new_mode@@3V?$dual_state_global@J@__crt_state_management@@A 000000014004d2a0     libucrt:new_mode.obj
 0003:000012b0       ?module_handles@@3PAPEAUHINSTANCE__@@A 000000014004d2b0     libucrt:winapi_thunks.obj
 0003:00001360       ?encoded_function_pointers@@3PAPEAXA 000000014004d360     libucrt:winapi_thunks.obj
 0003:00001870       ?internal_state@?1??_mbtowc_internal@@9@4U_Mbstatet@@A 000000014004d870     libucrt:mbtowc.obj
 0003:00001878       ?enable_percent_n@@3_KA    000000014004d878     libucrt:printf_count_output.obj
 0003:00001890       ?__acrt_lock_table@@3PAU_RTL_CRITICAL_SECTION@@A 000000014004d890     libucrt:locks.obj
 0003:00001ac0       ?__acrt_locks_initialized@@3IA 000000014004dac0     libucrt:locks.obj
 0003:00001ae0       ?fSystemSet@@3HA           000000014004dae0     libucrt:mbctype.obj
 0003:00001ae4       ?initialized@?1??__acrt_initialize_multibyte@@9@4_NA 000000014004dae4     libucrt:mbctype.obj
 0003:00001b20       ?ctrlc_action@@3V?$dual_state_global@P6AXH@Z@__crt_state_management@@A 000000014004db20     libucrt:signal.obj
 0003:00001b28       ?ctrlbreak_action@@3V?$dual_state_global@P6AXH@Z@__crt_state_management@@A 000000014004db28     libucrt:signal.obj
 0003:00001b30       ?abort_action@@3V?$dual_state_global@P6AXH@Z@__crt_state_management@@A 000000014004db30     libucrt:signal.obj
 0003:00001b38       ?term_action@@3V?$dual_state_global@P6AXH@Z@__crt_state_management@@A 000000014004db38     libucrt:signal.obj
 0003:00001b60       ?_tzname@@3V?$dual_state_global@PEAPEAD@__crt_state_management@@A 000000014004db60     libucrt:timeset.obj
 0003:00001b68       ?w_tzname@@3V?$dual_state_global@PEAPEA_W@__crt_state_management@@A 000000014004db68     libucrt:timeset.obj
 0003:00001b70       ?last_wide_tz@@3PEA_WEA    000000014004db70     libucrt:tzset.obj
 0003:00001b80       ?tz_api_used@@3HA          000000014004db80     libucrt:tzset.obj
 0003:00001b84       ?tzset_init_state@@3V?$dual_state_global@J@__crt_state_management@@A 000000014004db84     libucrt:tzset.obj
 0003:00001b90       ?tz_info@@3U_TIME_ZONE_INFORMATION@@A 000000014004db90     libucrt:tzset.obj
 0003:00001c40       ?internal_pst@?1??__mbrtoc32_utf8@__crt_mbstring@@YA_KPEA_UPEBD_KPEAU_Mbstatet@@AEAV__crt_cached_ptd_host@@@Z@4U3@A 000000014004dc40     libucrt:mbrtoc32.obj
 0003:00001c50       GS_ExceptionRecord         000000014004dc50     LIBCMT:gs_report.obj
 0003:00001cf0       GS_ContextRecord           000000014004dcf0     LIBCMT:gs_report.obj
 0003:000094e0       ?fNautilus_global@@3VVector3@@A 00000001400554e0     shadertoy.obj
 0003:000094f0       ?fSpike_global@@3VVector4@@A 00000001400554f0     shadertoy.obj
 0003:00009500       ?temp@?1??path_encode@@9@9 0000000140055500     device.obj
 0003:00009604       ?s_hMusic@@3KA             0000000140055604     audio.obj
 0003:00009608       ?s_bassInf@@3UBASS_INFO@@A 0000000140055608     audio.obj
 0003:00009640       ?temp@?1??sync_track_path@@9@9 0000000140055640     device.obj
 0003:00009748       ?s_pColorMap@@3PAPEAIA     0000000140055748     ball.obj
 0003:00009758       ?s_pEnvMap@@3PEAIEA        0000000140055758     ball.obj
 0003:00009760       ?s_heightProj@@3PAIA       0000000140055760     ball.obj
 0003:0000a760       ?s_heightProjNorm@@3PAHA   0000000140056760     ball.obj
 0003:0000b760       ?s_pHeightMap@@3PAPEAEA    0000000140057760     ball.obj
 0003:0000b788       ?s_heightMapMix@@3PEAEEA   0000000140057788     ball.obj
 0003:0000b790       ?s_pBeamMap@@3PEAIEA       0000000140057790     ball.obj
 0003:0000b798       ?s_pBackgrounds@@3PAPEAIA  0000000140057798     ball.obj
 0003:0000b7a8       ?s_pTempBuf@@3PEAIEA       00000001400577a8     boxblur.obj
 0003:0000b7b0       ?s_genState@@3UTINYMT32_T@@A 00000001400577b0     random.obj
 0003:0000b7d0       ?s_hRocket@@3PEAUsync_device@@EA 00000001400577d0     rocket.obj
 0003:0000b7d8       ?s_pFDTunnelTex@@3PEAIEA   00000001400577d8     shadertoy.obj
 0003:0000b7e0       ?s_pNautilusDirt@@3PEAIEA  00000001400577e0     demo.obj
 0003:0000b7e8       ?s_pBallVignette@@3PEAIEA  00000001400577e8     demo.obj
 0003:0000b7f0       ?s_pLenz@@3PEAIEA          00000001400577f0     demo.obj
 0003:0000b7f8       ?s_pRevLogo@@3PEAIEA       00000001400577f8     demo.obj
 0003:0000b800       ?s_pSpikeyFullDirt@@3PEAIEA 0000000140057800     demo.obj
 0003:0000b808       ?s_pNoooN@@3PEAIEA         0000000140057808     demo.obj
 0003:0000b810       ?s_pTunnelVignette2@@3PEAIEA 0000000140057810     demo.obj
 0003:0000b818       ?s_pSpikeyBypass@@3PEAIEA  0000000140057818     demo.obj
 0003:0000b820       ?s_pDiscoGuys@@3PAPEAIA    0000000140057820     demo.obj
 0003:0000b860       ?s_pGreetings@@3PAPEAIA    0000000140057860     demo.obj
 0003:0000b880       ?s_pCredits@@3PAPEAIA      0000000140057880     demo.obj
 0003:0000b8a0       ?s_pWaterDirt@@3PEAIEA     00000001400578a0     demo.obj
 0003:0000b8a8       ?s_pCloseSpikeVignette@@3PEAIEA 00000001400578a8     demo.obj
 0003:0000b8b0       ?s_pCloseSpikeDirt@@3PEAIEA 00000001400578b0     demo.obj
 0003:0000b8b8       ?s_pVignette06@@3PEAIEA    00000001400578b8     demo.obj
 0003:0000b8c0       ?s_pNautilusCousteauRim2@@3PEAIEA 00000001400578c0     demo.obj
 0003:0000b8c8       ?s_pWaterPrismOverlay@@3PEAIEA 00000001400578c8     demo.obj
 0003:0000b8d0       ?s_pNautilusCousteau2@@3PEAIEA 00000001400578d0     demo.obj
 0003:0000b8d8       ?s_pSpikeyArrested@@3PEAIEA 00000001400578d8     demo.obj
 0003:0000b8e0       ?s_pAreWeDone@@3PEAIEA     00000001400578e0     demo.obj
 0003:0000b8e8       ?s_pTunnelFullDirt@@3PEAIEA 00000001400578e8     demo.obj
 0003:0000b8f0       ?s_pGodLayer@@3PEAIEA      00000001400578f0     demo.obj
 0003:0000b8f8       ?s_pSpikeyVignette@@3PEAIEA 00000001400578f8     demo.obj
 0003:0000b900       ?s_pNautilusCousteauRim1@@3PEAIEA 0000000140057900     demo.obj
 0003:0000b908       ?s_pTunnelVignette@@3PEAIEA 0000000140057908     demo.obj
 0003:0000b910       ?s_pNautilusCousteau1@@3PEAIEA 0000000140057910     demo.obj
 0003:0000b918       ?s_pNautilusVignette@@3PEAIEA 0000000140057918     demo.obj
 0003:0000b920       ?s_pNautilusText@@3PEAIEA  0000000140057920     demo.obj
 0003:0000b928       ?s_pGreetingsDirt@@3PEAIEA 0000000140057928     demo.obj
 0003:0000b930       ?s_pGreetingsVignette@@3PEAIEA 0000000140057930     demo.obj
 0003:0000b938       ?s_pMFX@@3PEAIEA           0000000140057938     demo.obj
 0003:0000b940       ?s_pSpikeyVignette2@@3PEAIEA 0000000140057940     demo.obj
 0003:0000b948       ?s_pPad@@3PEAU_SDL_GameController@@EA 0000000140057948     gamepad.obj
 0003:0000b950       ?s_pGC@@3V?$vector@PEAXV?$allocator@PEAX@std@@@std@@A 0000000140057950     image.obj
 0003:0000b968       ?s_pColorMap@@3PEAIEA      0000000140057968     landscape.obj
 0003:0000b970       ?s_fogGradientUnp@@3PAT__m128i@@A 0000000140057970     landscape.obj
 0003:0000c970       ?s_pFogGradient@@3PEAIEA   0000000140058970     landscape.obj
 0003:0000c978       ?s_pHeightMap@@3PEAEEA     0000000140058978     landscape.obj
 0003:0000c980       ?s_pInvMap2x2@@3PEAHEA     0000000140058980     polar.obj
 0003:0000c988       ?s_pMap@@3PEAHEA           0000000140058988     polar.obj
 0003:0000c990       ?s_pInvMap@@3PEAHEA        0000000140058990     polar.obj
 0003:0000c998       ?s_pMap2x2@@3PEAHEA        0000000140058998     polar.obj
 0003:0000c9a0       ?s_pColorMap@@3PEAIEA      00000001400589a0     torus-twister.obj
 0003:0000c9a8       ?s_pHeightMap@@3PEAEEA     00000001400589a8     torus-twister.obj
 0003:0000c9b0       ?s_heightProj@@3PAIA       00000001400589b0     torus-twister.obj
 0003:0000cbb0       ?s_pBackground@@3PEAIEA    0000000140058bb0     torus-twister.obj
 0003:0000cbb8       ?s_pColorMap@@3PEAIEA      0000000140058bb8     tunnelscape.obj
 0003:0000cbc0       ?s_fogGradientUnp@@3PAT__m128i@@A 0000000140058bc0     tunnelscape.obj
 0003:0000dbc0       ?s_pFogGradient@@3PEAIEA   0000000140059bc0     tunnelscape.obj
 0003:0000dbc8       ?s_pHeightMap@@3PEAEEA     0000000140059bc8     tunnelscape.obj
 0003:0000dbd0       ?numCalls@?9??Gamepad_Update@@YA_NAEAUPadState@@@Z@4HA 0000000140059bd0     gamepad.obj
 0003:0000dbd4       ?viewAngle@?1??vscape@@YAXPEAIMM@Z@4MA 0000000140059bd4     landscape.obj
 0003:0000dbd8       ?padMoveX@?1??vscape@@YAXPEAIMM@Z@4MA 0000000140059bd8     landscape.obj
 0003:0000dbdc       ?padTilt@?1??vscape@@YAXPEAIMM@Z@4MA 0000000140059bdc     landscape.obj
 0003:0000dbe0       ?padMoveY@?1??vscape@@YAXPEAIMM@Z@4MA 0000000140059be0     landscape.obj
 0003:0000dbe4       ?strafeY@?1??vscape@@YAXPEAIMM@Z@4MA 0000000140059be4     landscape.obj
 0003:0000dbe8       ?strafeX@?1??vscape@@YAXPEAIMM@Z@4MA 0000000140059be8     landscape.obj
 0003:0000dbf0       ?edgeDivs@?1??VerticalBoxBlur32@@YAXPEAIPEBIIIM@Z@4PAT__m128i@@A 0000000140059bf0     boxblur.obj
 0003:0000ebf0       ?edgeDivs@?1??HorizontalBoxBlur32@@YAXPEAIPEBIIIM@Z@4PAT__m128i@@A 000000014005abf0     boxblur.obj
 0005:00000000       MsetTab                    000000014005f000     libvcruntime:memset.obj
 0005:00000050       MoveSmall                  000000014005f050     libvcruntime:memcpy.obj
 0005:00000090       MoveSmallYmm               000000014005f090     libvcruntime:memcpy.obj
 0005:000000b4       MoveSmallYmmNT             000000014005f0b4     libvcruntime:memcpy.obj
 0005:000000d8       MoveSmallXmm               000000014005f0d8     libvcruntime:memcpy.obj
 0005:00000100       _2il0floatpacket$19        000000014005f100     LIBCMT:svml_ssinf4_sse2.obj
 0005:00000200       _2il0floatpacket$26        000000014005f200     LIBCMT:svml_dcos2_sse2.obj
 0005:00000210       _2il0floatpacket$27        000000014005f210     LIBCMT:svml_dcos2_sse2.obj
 0005:00000220       _2il0floatpacket$28        000000014005f220     LIBCMT:svml_dcos2_sse2.obj
 0005:00000230       _2il0floatpacket$29        000000014005f230     LIBCMT:svml_dcos2_sse2.obj
 0005:00000240       _2il0floatpacket$30        000000014005f240     LIBCMT:svml_dcos2_sse2.obj
 0005:00000250       _2il0floatpacket$31        000000014005f250     LIBCMT:svml_dcos2_sse2.obj
 0005:00000260       _2il0floatpacket$32        000000014005f260     LIBCMT:svml_dcos2_sse2.obj
 0005:00000270       _2il0floatpacket$33        000000014005f270     LIBCMT:svml_dcos2_sse2.obj
 0005:00000280       _2il0floatpacket$34        000000014005f280     LIBCMT:svml_dcos2_sse2.obj
 0005:00000290       _2il0floatpacket$35        000000014005f290     LIBCMT:svml_dcos2_sse2.obj
 0005:000002a0       _2il0floatpacket$36        000000014005f2a0     LIBCMT:svml_dcos2_sse2.obj
 0005:000002b0       _2il0floatpacket$37        000000014005f2b0     LIBCMT:svml_dcos2_sse2.obj
 0005:000002c0       _2il0floatpacket$38        000000014005f2c0     LIBCMT:svml_dcos2_sse2.obj
 0005:000002d0       _2il0floatpacket$39        000000014005f2d0     LIBCMT:svml_dcos2_sse2.obj
 0005:000002e0       _2il0floatpacket$40        000000014005f2e0     LIBCMT:svml_dcos2_sse2.obj
 0005:000002f0       _2il0floatpacket$41        000000014005f2f0     LIBCMT:svml_dcos2_sse2.obj
 0005:00000300       _2il0floatpacket$42        000000014005f300     LIBCMT:svml_dcos2_sse2.obj
 0005:00000310       _2il0floatpacket$43        000000014005f310     LIBCMT:svml_dcos2_sse2.obj
 0005:00000400       _2il0floatpacket$26        000000014005f400     LIBCMT:svml_dcos2_sse4.obj
 0005:00000410       _2il0floatpacket$27        000000014005f410     LIBCMT:svml_dcos2_sse4.obj
 0005:00000420       _2il0floatpacket$28        000000014005f420     LIBCMT:svml_dcos2_sse4.obj
 0005:00000430       _2il0floatpacket$29        000000014005f430     LIBCMT:svml_dcos2_sse4.obj
 0005:00000440       _2il0floatpacket$30        000000014005f440     LIBCMT:svml_dcos2_sse4.obj
 0005:00000450       _2il0floatpacket$31        000000014005f450     LIBCMT:svml_dcos2_sse4.obj
 0005:00000460       _2il0floatpacket$32        000000014005f460     LIBCMT:svml_dcos2_sse4.obj
 0005:00000470       _2il0floatpacket$33        000000014005f470     LIBCMT:svml_dcos2_sse4.obj
 0005:00000480       _2il0floatpacket$34        000000014005f480     LIBCMT:svml_dcos2_sse4.obj
 0005:00000490       _2il0floatpacket$35        000000014005f490     LIBCMT:svml_dcos2_sse4.obj
 0005:000004a0       _2il0floatpacket$36        000000014005f4a0     LIBCMT:svml_dcos2_sse4.obj
 0005:000004b0       _2il0floatpacket$37        000000014005f4b0     LIBCMT:svml_dcos2_sse4.obj
 0005:000004c0       _2il0floatpacket$38        000000014005f4c0     LIBCMT:svml_dcos2_sse4.obj
 0005:000004d0       _2il0floatpacket$39        000000014005f4d0     LIBCMT:svml_dcos2_sse4.obj
 0005:000004e0       _2il0floatpacket$40        000000014005f4e0     LIBCMT:svml_dcos2_sse4.obj
 0005:000004f0       _2il0floatpacket$41        000000014005f4f0     LIBCMT:svml_dcos2_sse4.obj
 0005:00000500       _2il0floatpacket$42        000000014005f500     LIBCMT:svml_dcos2_sse4.obj
 0005:00000510       _2il0floatpacket$43        000000014005f510     LIBCMT:svml_dcos2_sse4.obj
 0005:00002700       _vmlsSinHATab              0000000140061700     LIBCMT:svml_s_sin_cout.obj
 0005:00013500       _vmldCosHATab              0000000140072500     LIBCMT:svml_d_cos_cout.obj
 0006:00000060       $R000000                   0000000140073060     * linker generated manifest res *
