 VS17

 Timestamp is 64193fd7 (Tue Mar 21 06:25:43 2023)

 Preferred load address is 0000000140000000

 Start         Length     Name                   Class
 0001:00000000 00000020H .text$di                CODE
 0001:00000020 00036da0H .text$mn                CODE
 0001:00036dc0 00000040H .text$mn$00             CODE
 0001:00036e00 000006d0H .text$x                 CODE
 0001:000374d0 000000d9H .text$yd                CODE
 0002:00000000 00000538H .idata$5                DATA
 0002:00000538 00000028H .00cfg                  DATA
 0002:00000560 00000008H .CRT$XCA                DATA
 0002:00000568 00000008H .CRT$XCAA               DATA
 0002:00000570 00000010H .CRT$XCU                DATA
 0002:00000580 00000008H .CRT$XCZ                DATA
 0002:00000588 00000008H .CRT$XIA                DATA
 0002:00000590 00000008H .CRT$XIAA               DATA
 0002:00000598 00000008H .CRT$XIAC               DATA
 0002:000005a0 00000028H .CRT$XIC                DATA
 0002:000005c8 00000008H .CRT$XIZ                DATA
 0002:000005d0 00000008H .CRT$XPA                DATA
 0002:000005d8 00000010H .CRT$XPX                DATA
 0002:000005e8 00000008H .CRT$XPXA               DATA
 0002:000005f0 00000008H .CRT$XPZ                DATA
 0002:000005f8 00000008H .CRT$XTA                DATA
 0002:00000600 00000010H .CRT$XTZ                DATA
 0002:00000608 00000000H .gehcont$y              DATA
 0002:00000608 00000000H .gfids$y                DATA
 0002:00000610 0000cef0H .rdata                  DATA
 0002:0000d500 00000000H .rdata$CastGuardVftablesA DATA
 0002:0000d500 00000000H .rdata$CastGuardVftablesC DATA
 0002:0000d500 000006fcH .rdata$r                DATA
 0002:0000dbfc 000002ccH .rdata$voltmd           DATA
 0002:0000dec8 000003b0H .rdata$zzzdbg           DATA
 0002:0000e278 00000008H .rtc$IAA                DATA
 0002:0000e280 00000008H .rtc$IZZ                DATA
 0002:0000e288 00000008H .rtc$TAA                DATA
 0002:0000e290 00000008H .rtc$TZZ                DATA
 0002:0000e298 00002d10H .xdata                  DATA
 0002:00010fa8 00000314H .xdata$x                DATA
 0002:000112bc 00000000H .edata                  DATA
 0002:000112bc 0000008cH .idata$2                DATA
 0002:00011348 00000018H .idata$3                DATA
 0002:00011360 00000538H .idata$4                DATA
 0002:00011898 00000bd2H .idata$6                DATA
 0003:00000000 00000ca0H .data                   DATA
 0003:00000ca0 000001a8H .data$r                 DATA
 0003:00000e48 000000c8H .data$rs                DATA
 0003:00000f10 0000ed20H .bss                    DATA
 0004:00000000 0000279cH .pdata                  DATA
 0005:00000000 00013510H _RDATA                  DATA
 0006:00000000 00000060H .rsrc$01                DATA
 0006:00000060 00000180H .rsrc$02                DATA

  Address         Publics by Value              Rva+Base               Lib:Object

 0000:00000000       __x64_code_ranges_to_entry_points_count 0000000000000000     <absolute>
 0000:00000000       __arm64x_redirection_metadata 0000000000000000     <absolute>
 0000:00000000       __x64_code_ranges_to_entry_points 0000000000000000     <absolute>
 0000:00000000       __guard_iat_table          0000000000000000     <absolute>
 0000:00000000       __guard_fids_count         0000000000000000     <absolute>
 0000:00000000       __guard_iat_count          0000000000000000     <absolute>
 0000:00000000       __guard_longjmp_count      0000000000000000     <absolute>
 0000:00000000       __arm64x_extra_rfe_table   0000000000000000     <absolute>
 0000:00000000       __dynamic_value_reloc_table 0000000000000000     <absolute>
 0000:00000000       __hybrid_auxiliary_iat     0000000000000000     <absolute>
 0000:00000000       __hybrid_auxiliary_iat_copy 0000000000000000     <absolute>
 0000:00000000       __hybrid_code_map          0000000000000000     <absolute>
 0000:00000000       __arm64x_extra_rfe_table_size 0000000000000000     <absolute>
 0000:00000000       __guard_longjmp_table      0000000000000000     <absolute>
 0000:00000000       __AbsoluteZero             0000000000000000     <absolute>
 0000:00000000       __guard_check_icall_a64n_fptr 0000000000000000     <absolute>
 0000:00000000       __guard_fids_table         0000000000000000     <absolute>
 0000:00000000       __guard_eh_cont_count      0000000000000000     <absolute>
 0000:00000000       __arm64x_redirection_metadata_count 0000000000000000     <absolute>
 0000:00000000       __enclave_config           0000000000000000     <absolute>
 0000:00000000       __guard_eh_cont_table      0000000000000000     <absolute>
 0000:00000000       __arm64x_native_entrypoint 0000000000000000     <absolute>
 0000:00000000       __hybrid_code_map_count    0000000000000000     <absolute>
 0000:00000100       __guard_flags              0000000000000100     <absolute>
 0000:00000000       __ImageBase                0000000140000000     <linker-defined>
 0001:00000020       __local_stdio_printf_options 0000000140001020 f i device.obj
 0001:00000030       fprintf                    0000000140001030 f i device.obj
 0001:00000080       snprintf                   0000000140001080 f i device.obj
 0001:000002d0       sync_save_tracks           00000001400012d0 f   device.obj
 0001:00000890       sync_tcp_connect           0000000140001890 f   device.obj
 0001:00000ad0       sync_update                0000000140001ad0 f   device.obj
 0001:00000d40       sync_get_track             0000000140001d40 f   device.obj
 0001:00000f40       sync_get_val               0000000140001f40 f   track.obj
 0001:00001140       ??0Vector3@@QEAA@MMM@Z     0000000140002140 f i Matrix44.obj
 0001:00001160       ??GVector3@@QEBA?BV0@AEBV0@@Z 0000000140002160 f i Matrix44.obj
 0001:000011a0       ??DVector3@@QEBA?BMAEBV0@@Z 00000001400021a0 f i Matrix44.obj
 0001:000011d0       ??DVector3@@QEBA?BV0@M@Z   00000001400021d0 f i Matrix44.obj
 0001:00001200       ??XVector3@@QEAAAEAV0@M@Z  0000000140002200 f i Matrix44.obj
 0001:00001230       ?Normalized@Vector3@@QEBA?BV1@XZ 0000000140002230 f i Matrix44.obj
 0001:000012a0       ??0Vector4@@QEAA@MMMM@Z    00000001400022a0 f i Matrix44.obj
 0001:000012c0       ??0exception@std@@QEAA@AEBV01@@Z 00000001400022c0 f i audio.obj
 0001:00001300       ?what@exception@std@@UEBAPEBDXZ 0000000140002300 f i audio.obj
 0001:00001320       ??_Elength_error@std@@UEAAPEAXI@Z 0000000140002320 f i libcpmt:xthrow.obj
 0001:00001320       ??_Ebad_exception@std@@UEAAPEAXI@Z 0000000140002320 f i libvcruntime:frame.obj
 0001:00001320       ??_Gbad_alloc@std@@UEAAPEAXI@Z 0000000140002320 f i audio.obj
 0001:00001320       ??_Ebad_array_new_length@std@@UEAAPEAXI@Z 0000000140002320 f i * CIL library *:* CIL module *
 0001:00001320       ??_Glength_error@std@@UEAAPEAXI@Z 0000000140002320 f i libcpmt:xthrow.obj
 0001:00001320       ??_Ebad_alloc@std@@UEAAPEAXI@Z 0000000140002320 f i * CIL library *:* CIL module *
 0001:00001320       ??_Elogic_error@std@@UEAAPEAXI@Z 0000000140002320 f i libcpmt:xthrow.obj
 0001:00001320       ??_Glogic_error@std@@UEAAPEAXI@Z 0000000140002320 f i libcpmt:xthrow.obj
 0001:00001320       ??_Gexception@std@@UEAAPEAXI@Z 0000000140002320 f i audio.obj
 0001:00001320       ??_Gruntime_error@std@@UEAAPEAXI@Z 0000000140002320 f i main.obj
 0001:00001320       ??_Gbad_array_new_length@std@@UEAAPEAXI@Z 0000000140002320 f i audio.obj
 0001:00001320       ??_Gbad_exception@std@@UEAAPEAXI@Z 0000000140002320 f i libvcruntime:frame.obj
 0001:00001320       ??_Eruntime_error@std@@UEAAPEAXI@Z 0000000140002320 f i * CIL library *:* CIL module *
 0001:00001320       ??_Eexception@std@@UEAAPEAXI@Z 0000000140002320 f i * CIL library *:* CIL module *
 0001:00001370       ??1system_error@std@@UEAA@XZ 0000000140002370 f i main.obj
 0001:00001370       ??1bad_alloc@std@@UEAA@XZ  0000000140002370 f i audio.obj
 0001:00001370       ??1bad_array_new_length@std@@UEAA@XZ 0000000140002370 f i audio.obj
 0001:00001370       ??1length_error@std@@UEAA@XZ 0000000140002370 f i libcpmt:xthrow.obj
 0001:00001370       ??1bad_exception@std@@UEAA@XZ 0000000140002370 f i libvcruntime:frame.obj
 0001:00001390       ??0bad_array_new_length@std@@QEAA@XZ 0000000140002390 f i audio.obj
 0001:000013c0       ?__scrt_throw_std_bad_array_new_length@@YAXXZ 00000001400023c0 f i LIBCMT:throw_bad_alloc.obj
 0001:000013c0       ?_Throw_bad_array_new_length@std@@YAXXZ 00000001400023c0 f i audio.obj
 0001:000013e0       ??0bad_array_new_length@std@@QEAA@AEBV01@@Z 00000001400023e0 f i audio.obj
 0001:00001420       ??0bad_alloc@std@@QEAA@AEBV01@@Z 0000000140002420 f i audio.obj
 0001:00001460       ?_Xlen_string@std@@YAXXZ   0000000140002460 f i audio.obj
 0001:00001480       ?Audio_Create@@YA_NIAEBV?$basic_string@DU?$char_traits@D@std@@V?$allocator@D@2@@std@@PEAUHWND__@@_N@Z 0000000140002480 f   audio.obj
 0001:000017d0       ?Audio_Rocket_Pause@@YAXPEAXH@Z 00000001400027d0 f   audio.obj
 0001:000017f0       ?Audio_Rocket_SetRow@@YAXPEAXH@Z 00000001400027f0 f   audio.obj
 0001:00001830       ?Audio_Rocket_IsPlaying@@YAHPEAX@Z 0000000140002830 f   audio.obj
 0001:00001840       ??1?$basic_string@DU?$char_traits@D@std@@V?$allocator@D@2@@std@@QEAA@XZ 0000000140002840 f i audio.obj
 0001:000018a0       ??0?$basic_string@DU?$char_traits@D@std@@V?$allocator@D@2@@std@@QEAA@QEBD@Z 00000001400028a0 f i audio.obj
 0001:000018e0       ?assign@?$basic_string@DU?$char_traits@D@std@@V?$allocator@D@2@@std@@QEAAAEAV12@QEBD@Z 00000001400028e0 f i audio.obj
 0001:00001900       ?assign@?$basic_string@DU?$char_traits@D@std@@V?$allocator@D@2@@std@@QEAAAEAV12@QEBD_K@Z 0000000140002900 f i audio.obj
 0001:00002910       ?Ball_Create@@YA_NXZ       0000000140003910 f   ball.obj
 0001:00002e20       ?HorizontalBoxBlur32@@YAXPEAIPEBIIIM@Z 0000000140003e20 f   boxblur.obj
 0001:00002fb0       ?VerticalBoxBlur32@@YAXPEAIPEBIIIM@Z 0000000140003fb0 f   boxblur.obj
 0001:00003130       ?Fx_Blit_2x2@@YAXPEAI0@Z   0000000140004130 f   fx-blitter.obj
 0001:000031a0       tinymt32_init              00000001400041a0 f   random.obj
 0001:00003480       ?Shadertoy_Create@@YA_NXZ  0000000140004480 f   shadertoy.obj
 0001:00004780       ?RenderLaura_2x2@@YAXPEAIM@Z 0000000140005780 f   shadertoy.obj
 0001:00004970       ?Demo_Create@@YA_NXZ       0000000140005970 f   demo.obj
 0001:00006090       ?Demo_Draw@@YA_NPEAIMM@Z   0000000140007090 f   demo.obj
 0001:00007490       ?Open@Display@@QEAA_NAEBV?$basic_string@DU?$char_traits@D@std@@V?$allocator@D@2@@std@@II_N@Z 0000000140008490 f   display.obj
 0001:00007780       ?Gamepad_Update@@YA_NAEAUPadState@@@Z 0000000140008780 f   gamepad.obj
 0001:00007c90       ?Image_Load32@@YAPEAIAEBV?$basic_string@DU?$char_traits@D@std@@V?$allocator@D@2@@std@@@Z 0000000140008c90 f   image.obj
 0001:00007ca0       ?deallocate@?$allocator@PEAX@std@@QEAAXQEAPEAX_K@Z 0000000140008ca0 f i image.obj
 0001:00007cf0       ??$_Emplace_reallocate@AEBQEAX@?$vector@PEAXV?$allocator@PEAX@std@@@std@@QEAAPEAPEAXQEAPEAXAEBQEAX@Z 0000000140008cf0 f i image.obj
 0001:00007ee0       ?_Xlength@?$vector@PEAXV?$allocator@PEAX@std@@@std@@CAXXZ 0000000140008ee0 f i image.obj
 0001:000084d0       ?Landscape_Create@@YA_NXZ  00000001400094d0 f   landscape.obj
 0001:00008730       ??0runtime_error@std@@QEAA@AEBV01@@Z 0000000140009730 f i main.obj
 0001:00008770       ?default_error_condition@error_category@std@@UEBA?AVerror_condition@2@H@Z 0000000140009770 f i main.obj
 0001:00008780       ?equivalent@error_category@std@@UEBA_NHAEBVerror_condition@2@@Z 0000000140009780 f i main.obj
 0001:000087c0       ?equivalent@error_category@std@@UEBA_NAEBVerror_code@2@H@Z 00000001400097c0 f i main.obj
 0001:000087e0       ?make_error_code@std@@YA?AVerror_code@1@W4errc@1@@Z 00000001400097e0 f i main.obj
 0001:00008800       ??0_System_error@std@@IEAA@Verror_code@1@AEBV?$basic_string@DU?$char_traits@D@std@@V?$allocator@D@2@@1@@Z 0000000140009800 f i main.obj
 0001:000089a0       ??_Gsystem_error@std@@UEAAPEAXI@Z 00000001400099a0 f i main.obj
 0001:000089a0       ??_G_System_error@std@@UEAAPEAXI@Z 00000001400099a0 f i main.obj
 0001:000089a0       ??_E_System_error@std@@UEAAPEAXI@Z 00000001400099a0 f i * CIL library *:* CIL module *
 0001:000089a0       ??_Esystem_error@std@@UEAAPEAXI@Z 00000001400099a0 f i * CIL library *:* CIL module *
 0001:000089f0       ??0system_error@std@@QEAA@Verror_code@1@@Z 00000001400099f0 f i main.obj
 0001:00008aa0       ?_Throw_system_error@std@@YAXW4errc@1@@Z 0000000140009aa0 f i main.obj
 0001:00008ae0       ??0system_error@std@@QEAA@AEBV01@@Z 0000000140009ae0 f i main.obj
 0001:00008b40       ??0_System_error@std@@QEAA@AEBV01@@Z 0000000140009b40 f i main.obj
 0001:00008b90       ?name@_Generic_error_category@std@@UEBAPEBDXZ 0000000140009b90 f i main.obj
 0001:00008ba0       ?message@_Generic_error_category@std@@UEBA?AV?$basic_string@DU?$char_traits@D@std@@V?$allocator@D@2@@2@H@Z 0000000140009ba0 f i main.obj
 0001:00008bf0       ??_G_Generic_error_category@std@@UEAAPEAXI@Z 0000000140009bf0 f i main.obj
 0001:00008bf0       ??_E_Generic_error_category@std@@UEAAPEAXI@Z 0000000140009bf0 f i * CIL library *:* CIL module *
 0001:00008bf0       ??_E_System_error_category@std@@UEAAPEAXI@Z 0000000140009bf0 f i * CIL library *:* CIL module *
 0001:00008bf0       ??_G_System_error_category@std@@UEAAPEAXI@Z 0000000140009bf0 f i main.obj
 0001:00008c20       ?name@_System_error_category@std@@UEBAPEBDXZ 0000000140009c20 f i main.obj
 0001:00008c30       ?message@_System_error_category@std@@UEBA?AV?$basic_string@DU?$char_traits@D@std@@V?$allocator@D@2@@2@H@Z 0000000140009c30 f i main.obj
 0001:00008ca0       ?default_error_condition@_System_error_category@std@@UEBA?AVerror_condition@2@H@Z 0000000140009ca0 f i main.obj
 0001:00008d00       ?_Make_ec@filesystem@std@@YA?AVerror_code@2@W4__std_win_error@@@Z 0000000140009d00 f i main.obj
 0001:00008d20       ?_Throw_system_error_from_std_win_error@filesystem@std@@YAXW4__std_win_error@@@Z 0000000140009d20 f i main.obj
 0001:00008d60       ??0path@filesystem@std@@QEAA@AEBV012@@Z 0000000140009d60 f i main.obj
 0001:00008e60       ??0filesystem_error@filesystem@std@@QEAA@AEBV?$basic_string@DU?$char_traits@D@std@@V?$allocator@D@2@@2@AEBVpath@12@Verror_code@2@@Z 0000000140009e60 f i main.obj
 0001:00008f80       ?what@filesystem_error@filesystem@std@@UEBAPEBDXZ 0000000140009f80 f i main.obj
 0001:00008f90       ?_Pretty_message@filesystem_error@filesystem@std@@CA?AV?$basic_string@DU?$char_traits@D@std@@V?$allocator@D@2@@3@V?$basic_string_view@DU?$char_traits@D@std@@@3@AEBVpath@23@1@Z 0000000140009f90 f i main.obj
 0001:000091c0       ??_Efilesystem_error@filesystem@std@@UEAAPEAXI@Z 000000014000a1c0 f i * CIL library *:* CIL module *
 0001:000091c0       ??_Gfilesystem_error@filesystem@std@@UEAAPEAXI@Z 000000014000a1c0 f i main.obj
 0001:00009310       ??1filesystem_error@filesystem@std@@UEAA@XZ 000000014000a310 f i main.obj
 0001:00009430       ??0filesystem_error@filesystem@std@@QEAA@AEBV012@@Z 000000014000a430 f i main.obj
 0001:000094b0       ?_Throw_fs_error@filesystem@std@@YAXPEBDW4__std_win_error@@AEBVpath@12@@Z 000000014000a4b0 f i main.obj
 0001:00009520       WinMain                    000000014000a520 f   main.obj
 0001:00009f10       ??0?$basic_string@DU?$char_traits@D@std@@V?$allocator@D@2@@std@@QEAA@AEBV01@@Z 000000014000af10 f i main.obj
 0001:00009ff0       ?append@?$basic_string@DU?$char_traits@D@std@@V?$allocator@D@2@@std@@QEAAAEAV12@QEBD_K@Z 000000014000aff0 f i main.obj
 0001:0000a070       ??$_Convert_wide_to_narrow_replace_chars@U?$char_traits@D@std@@V?$allocator@D@2@@filesystem@std@@YA?AV?$basic_string@DU?$char_traits@D@std@@V?$allocator@D@2@@1@W4__std_code_page@@V?$basic_string_view@_WU?$char_traits@_W@std@@@1@AEBV?$allocator@D@1@@Z 000000014000b070 f i main.obj
 0001:0000a1c0       ??$_Reallocate_grow_by@V<lambda_1>@?1??reserve@?$basic_string@DU?$char_traits@D@std@@V?$allocator@D@2@@std@@QEAAX_K@Z@$$V@?$basic_string@DU?$char_traits@D@std@@V?$allocator@D@2@@std@@AEAAAEAV01@_KV<lambda_1>@?1??reserve@01@QEAAX0@Z@@Z 000000014000b1c0 f i main.obj
 0001:0000a310       ??$_Reallocate_grow_by@V<lambda_1>@?1??append@?$basic_string@_WU?$char_traits@_W@std@@V?$allocator@_W@2@@std@@QEAAAEAV34@_K_W@Z@_K_W@?$basic_string@_WU?$char_traits@_W@std@@V?$allocator@_W@2@@std@@AEAAAEAV01@_KV<lambda_1>@?1??append@01@QEAAAEAV01@0_W@Z@_K_W@Z 000000014000b310 f i main.obj
 0001:0000a4c0       ??$_Reallocate_grow_by@V<lambda_1>@?1??push_back@?$basic_string@DU?$char_traits@D@std@@V?$allocator@D@2@@std@@QEAAXD@Z@D@?$basic_string@DU?$char_traits@D@std@@V?$allocator@D@2@@std@@AEAAAEAV01@_KV<lambda_1>@?1??push_back@01@QEAAXD@Z@D@Z 000000014000b4c0 f i main.obj
 0001:0000a630       ??$_Reallocate_grow_by@V<lambda_1>@?1??append@?$basic_string@DU?$char_traits@D@std@@V?$allocator@D@2@@std@@QEAAAEAV34@QEBD_K@Z@PEBD_K@?$basic_string@DU?$char_traits@D@std@@V?$allocator@D@2@@std@@AEAAAEAV01@_KV<lambda_1>@?1??append@01@QEAAAEAV01@QEBD0@Z@PEBD_K@Z 000000014000b630 f i main.obj
 0001:0000a7b0       ??$_Reallocate_grow_by@V<lambda_1>@?1??append@?$basic_string@DU?$char_traits@D@std@@V?$allocator@D@2@@std@@QEAAAEAV34@_KD@Z@_KD@?$basic_string@DU?$char_traits@D@std@@V?$allocator@D@2@@std@@AEAAAEAV01@_KV<lambda_1>@?1??append@01@QEAAAEAV01@0D@Z@_KD@Z 000000014000b7b0 f i main.obj
 0001:0000abe0       ?Polar_Blit@@YAXPEAIPEBI_N@Z 000000014000bbe0 f   polar.obj
 0001:0000ac20       ?Polar_BlitA@@YAXPEAIPEBI_N@Z 000000014000bc20 f   polar.obj
 0001:0000ac50       ?Shared_Create@@YA_NXZ     000000014000bc50 f   shared-resources.obj
 0001:0000b1d0       ?Twister_Create@@YA_NXZ    000000014000c1d0 f   torus-twister.obj
 0001:0000b880       ?Tunnelscape_Create@@YA_NXZ 000000014000c880 f   tunnelscape.obj
 0001:0000bae0       ?Mix32@@YAXPEAIPEBIIE@Z    000000014000cae0 f   util.obj
 0001:0000bb50       ?MixOver32@@YAXPEAIPEBII@Z 000000014000cb50 f   util.obj
 0001:0000bb90       ?Sub32@@YAXPEAIPEBII@Z     000000014000cb90 f   util.obj
 0001:0000bbe0       ?Excl32@@YAXPEAIPEBII@Z    000000014000cbe0 f   util.obj
 0001:0000bc20       ?SoftLight32@@YAXPEAIPEBII@Z 000000014000cc20 f   util.obj
 0001:0000bc60       ?SoftLight32A@@YAXPEAIPEBII@Z 000000014000cc60 f   util.obj
 0001:0000bca0       ?Overlay32@@YAXPEAIPEBII@Z 000000014000cca0 f   util.obj
 0001:0000bce0       ?Overlay32A@@YAXPEAIPEBII@Z 000000014000cce0 f   util.obj
 0001:0000bd20       ?Darken32_50@@YAXPEAIPEBII@Z 000000014000cd20 f   util.obj
 0001:0000bd60       ?TapeWarp32@@YAXPEAIPEBIIIMM@Z 000000014000cd60 f   util.obj
 0001:0000bdc0       ?MulSrc32@@YAXPEAIPEBII@Z  000000014000cdc0 f   util.obj
 0001:0000be10       ?MulSrc32A@@YAXPEAIPEBII@Z 000000014000ce10 f   util.obj
 0001:0000be60       ?MixSrc32@@YAXPEAIPEBII@Z  000000014000ce60 f   util.obj
 0001:0000beb0       ?BlitSrc32@@YAXPEAIPEBIIII@Z 000000014000ceb0 f   util.obj
 0001:0000bf30       ?BlitSrc32A@@YAXPEAIPEBIIIIM@Z 000000014000cf30 f   util.obj
 0001:0000bfd0       ?BlitAdd32A@@YAXPEAIPEBIIIIM@Z 000000014000cfd0 f   util.obj
 0001:0000c070       ?Fade32@@YAXPEAIIIE@Z      000000014000d070 f   util.obj
 0001:0000c0f0       ??2@YAPEAX_K@Z             000000014000d0f0 f   LIBCMT:new_scalar.obj
 0001:0000c12c       ??3@YAXPEAX@Z              000000014000d12c f   LIBCMT:delete_scalar.obj
 0001:0000c134       ??3@YAXPEAX_K@Z            000000014000d134 f   LIBCMT:delete_scalar_size.obj
 0001:0000c13c       ??_Gtype_info@@UEAAPEAXI@Z 000000014000d13c f i LIBCMT:std_type_info_static.obj
 0001:0000c13c       ??_Etype_info@@UEAAPEAXI@Z 000000014000d13c f i LIBCMT:std_type_info_static.obj
 0001:0000c168       __scrt_acquire_startup_lock 000000014000d168 f   LIBCMT:utility.obj
 0001:0000c1a4       __scrt_initialize_crt      000000014000d1a4 f   LIBCMT:utility.obj
 0001:0000c1f0       __scrt_initialize_onexit_tables 000000014000d1f0 f   LIBCMT:utility.obj
 0001:0000c27c       __scrt_is_nonwritable_in_current_image 000000014000d27c f   LIBCMT:utility.obj
 0001:0000c314       __scrt_release_startup_lock 000000014000d314 f   LIBCMT:utility.obj
 0001:0000c338       __scrt_uninitialize_crt    000000014000d338 f   LIBCMT:utility.obj
 0001:0000c364       _onexit                    000000014000d364 f   LIBCMT:utility.obj
 0001:0000c3a0       atexit                     000000014000d3a0 f   LIBCMT:utility.obj
 0001:0000c610       WinMainCRTStartup          000000014000d610 f   LIBCMT:exe_winmain.obj
 0001:0000c624       ??0bad_alloc@std@@QEAA@XZ  000000014000d624 f i LIBCMT:throw_bad_alloc.obj
 0001:0000c644       ?__scrt_throw_std_bad_alloc@@YAXXZ 000000014000d644 f   LIBCMT:throw_bad_alloc.obj
 0001:0000c664       __isa_available_init       000000014000d664 f   LIBCMT:cpu_disp.obj
 0001:0000c808       _get_startup_argv_mode     000000014000d808 f   LIBCMT:argv_mode.obj
 0001:0000c810       __scrt_is_ucrt_dll_in_use  000000014000d810 f   LIBCMT:ucrt_detection.obj
 0001:0000c81c       __crt_debugger_hook        000000014000d81c f   LIBCMT:utility_desktop.obj
 0001:0000c824       __scrt_fastfail            000000014000d824 f   LIBCMT:utility_desktop.obj
 0001:0000c970       __scrt_get_show_window_mode 000000014000d970 f   LIBCMT:utility_desktop.obj
 0001:0000c9ac       __scrt_initialize_mta      000000014000d9ac f   LIBCMT:utility_desktop.obj
 0001:0000c9b4       _get_startup_new_mode      000000014000d9b4 f   LIBCMT:new_mode.obj
 0001:0000c9b4       __scrt_initialize_winrt    000000014000d9b4 f   LIBCMT:utility_desktop.obj
 0001:0000c9b4       __scrt_stub_for_initialize_mta 000000014000d9b4 f   LIBCMT:utility_desktop.obj
 0001:0000c9b4       _get_startup_thread_locale_mode 000000014000d9b4 f   LIBCMT:thread_locale.obj
 0001:0000c9b4       _get_startup_commit_mode   000000014000d9b4 f   LIBCMT:commit_mode.obj
 0001:0000c9b4       _matherr                   000000014000d9b4 f   LIBCMT:matherr.obj
 0001:0000c9b4       __scrt_exe_initialize_mta  000000014000d9b4 f   LIBCMT:utility_desktop.obj
 0001:0000c9b8       __scrt_is_managed_app      000000014000d9b8 f   LIBCMT:utility_desktop.obj
 0001:0000ca0c       __scrt_set_unhandled_exception_filter 000000014000da0c f   LIBCMT:utility_desktop.obj
 0001:0000ca1c       __scrt_unhandled_exception_filter 000000014000da1c f   LIBCMT:utility_desktop.obj
 0001:0000ca78       _guard_check_icall_nop     000000014000da78 f i LIBCMT:guard_support.obj
 0001:0000ca78       _initialize_invalid_parameter_handler 000000014000da78 f i LIBCMT:invalid_parameter_handler.obj
 0001:0000ca78       _initialize_denormal_control 000000014000da78 f i LIBCMT:denormal_control.obj
 0001:0000ca7c       __security_init_cookie     000000014000da7c f   LIBCMT:gs_support.obj
 0001:0000cb28       _get_startup_file_mode     000000014000db28 f   LIBCMT:file_mode.obj
 0001:0000cb30       ?__scrt_initialize_type_info@@YAXXZ 000000014000db30 f   LIBCMT:tncleanup.obj
 0001:0000cb40       _should_initialize_environment 000000014000db40 f   LIBCMT:env_mode.obj
 0001:0000cb40       __acrt_uninitialize_command_line 000000014000db40 f   libucrt:argv_data.obj
 0001:0000cb44       __local_stdio_scanf_options 000000014000db44 f i LIBCMT:default_local_stdio_options.obj
 0001:0000cb4c       __scrt_initialize_default_local_stdio_options 000000014000db4c f   LIBCMT:default_local_stdio_options.obj
 0001:0000cb68       __scrt_is_user_matherr_present 000000014000db68 f   LIBCMT:matherr_detection.obj
 0001:0000cb74       __scrt_get_dyn_tls_init_callback 000000014000db74 f   LIBCMT:dyn_tls_init.obj
 0001:0000cb7c       __scrt_get_dyn_tls_dtor_callback 000000014000db7c f   LIBCMT:dyn_tls_dtor.obj
 0001:0000cb84       _RTC_Initialize            000000014000db84 f   LIBCMT:initsect.obj
 0001:0000cbc0       _RTC_Terminate             000000014000dbc0 f   LIBCMT:initsect.obj
 0001:0000cc00       ??0length_error@std@@QEAA@AEBV01@@Z 000000014000dc00 f i libcpmt:xthrow.obj
 0001:0000cc3c       ??0length_error@std@@QEAA@PEBD@Z 000000014000dc3c f i libcpmt:xthrow.obj
 0001:0000cc84       ??0logic_error@std@@QEAA@AEBV01@@Z 000000014000dc84 f i libcpmt:xthrow.obj
 0001:0000ccc0       ?_Xlength_error@std@@YAXPEBD@Z 000000014000dcc0 f   libcpmt:xthrow.obj
 0001:0000cce4       __std_system_error_allocate_message 000000014000dce4 f   libcpmt:syserror_import_lib.obj
 0001:0000cd44       __std_system_error_deallocate_message 000000014000dd44 f   libcpmt:syserror_import_lib.obj
 0001:0000cd4c       __std_fs_code_page         000000014000dd4c f   libcpmt:filesystem.obj
 0001:0000cd74       __std_fs_convert_narrow_to_wide 000000014000dd74 f   libcpmt:filesystem.obj
 0001:0000cdbc       __std_fs_convert_wide_to_narrow_replace_chars 000000014000ddbc f   libcpmt:filesystem.obj
 0001:0000ce88       __std_fs_set_current_path  000000014000de88 f   libcpmt:filesystem.obj
 0001:0000cea8       ?_Syserror_map@std@@YAPEBDH@Z 000000014000dea8 f   libcpmt:syserror.obj
 0001:0000ced0       ?_Winerror_map@std@@YAHH@Z 000000014000ded0 f   libcpmt:syserror.obj
 0001:0000cef4       strchr                     000000014000def4 f   libvcruntime:strchr.obj
 0001:0000cf74       __std_exception_copy       000000014000df74 f   libvcruntime:std_exception.obj
 0001:0000d004       __std_exception_destroy    000000014000e004 f   libvcruntime:std_exception.obj
 0001:0000d02c       __vcrt_initialize          000000014000e02c f   libvcruntime:initialization.obj
 0001:0000d054       __vcrt_uninitialize        000000014000e054 f   libvcruntime:initialization.obj
 0001:0000d070       __C_specific_handler       000000014000e070 f   libvcruntime:riscchandler.obj
 0001:0000d27c       _CxxThrowException         000000014000e27c f   libvcruntime:throw.obj
 0001:0000d31c       __DestructExceptionObject  000000014000e31c f   libvcruntime:ehhelpers.obj
 0001:0000d38c       ?_CallMemberFunction0@@YAXQEAX0@Z 000000014000e38c f i libvcruntime:ehhelpers.obj
 0001:0000d390       _IsExceptionObjectToBeDestroyed 000000014000e390 f   libvcruntime:ehhelpers.obj
 0001:0000d3c0       __AdjustPointer            000000014000e3c0 f   libvcruntime:ehhelpers.obj
 0001:0000d3e4       __FrameUnwindFilter        000000014000e3e4 f   libvcruntime:ehhelpers.obj
 0001:0000d44c       __current_exception        000000014000e44c f   libvcruntime:ehhelpers.obj
 0001:0000d460       __current_exception_context 000000014000e460 f   libvcruntime:ehhelpers.obj
 0001:0000d474       __std_terminate            000000014000e474 f   libvcruntime:ehhelpers.obj
 0001:0000d490       memset_repmovs             000000014000e490 f   libvcruntime:memset.obj
 0001:0000d4b0       memset                     000000014000e4b0 f   libvcruntime:memset.obj
 0001:0000d640       __std_type_info_compare    000000014000e640 f   libvcruntime:std_type_info.obj
 0001:0000d668       __vcrt_freefls             000000014000e668 f   libvcruntime:per_thread_data.obj
 0001:0000d688       __vcrt_getptd              000000014000e688 f   libvcruntime:per_thread_data.obj
 0001:0000d6a4       __vcrt_getptd_noexit       000000014000e6a4 f   libvcruntime:per_thread_data.obj
 0001:0000d764       __vcrt_initialize_ptd      000000014000e764 f   libvcruntime:per_thread_data.obj
 0001:0000d7ac       __vcrt_uninitialize_ptd    000000014000e7ac f   libvcruntime:per_thread_data.obj
 0001:0000d7d0       __vcrt_initialize_locks    000000014000e7d0 f   libvcruntime:locks.obj
 0001:0000d804       __vcrt_uninitialize_locks  000000014000e804 f   libvcruntime:locks.obj
 0001:0000d850       _NLG_Notify                000000014000e850 f   libvcruntime:notify.obj
 0001:0000d870       __NLG_Dispatch2            000000014000e870 f   libvcruntime:notify.obj
 0001:0000d880       __NLG_Return2              000000014000e880 f   libvcruntime:notify.obj
 0001:0000d884       __except_validate_context_record 000000014000e884 f   libvcruntime:jbcxrval.obj
 0001:0000da0c       __vcrt_FlsAlloc            000000014000ea0c f   libvcruntime:winapi_downlevel.obj
 0001:0000da54       __vcrt_FlsFree             000000014000ea54 f   libvcruntime:winapi_downlevel.obj
 0001:0000da9c       __vcrt_FlsGetValue         000000014000ea9c f   libvcruntime:winapi_downlevel.obj
 0001:0000dae4       __vcrt_FlsSetValue         000000014000eae4 f   libvcruntime:winapi_downlevel.obj
 0001:0000db38       __vcrt_InitializeCriticalSectionEx 000000014000eb38 f   libvcruntime:winapi_downlevel.obj
 0001:0000db9c       ??$_CallSETranslator@V__FrameHandler3@@@@YAHPEAUEHExceptionRecord@@PEA_KPEAU_CONTEXT@@PEAU_xDISPATCHER_CONTEXT@@PEBU_s_FuncInfo@@K1H@Z 000000014000eb9c f i libvcruntime:risctrnsctrl.obj
 0001:0000dbf0       ??$_CallSETranslator@V__FrameHandler4@@@@YAHPEAUEHExceptionRecord@@PEA_KPEAU_CONTEXT@@PEAU_xDISPATCHER_CONTEXT@@PEAUFuncInfo4@FH4@@K1H@Z 000000014000ebf0 f i libvcruntime:risctrnsctrl.obj
 0001:0000dc44       ?CatchTryBlock@__FrameHandler3@@SAPEBU_s_TryBlockMapEntry@@PEBU_s_FuncInfo@@H@Z 000000014000ec44 f   libvcruntime:risctrnsctrl.obj
 0001:0000dc98       ?DecompFuncInfo@FH4@@YA_JPEAEAEAUFuncInfo4@1@_KH_N@Z 000000014000ec98 f i libvcruntime:risctrnsctrl.obj
 0001:0000ddbc       ?ExecutionInCatch@__FrameHandler3@@SA_NPEAU_xDISPATCHER_CONTEXT@@PEBU_s_FuncInfo@@@Z 000000014000edbc f   libvcruntime:risctrnsctrl.obj
 0001:0000dde8       ?ExecutionInCatch@__FrameHandler4@@SA_NPEAU_xDISPATCHER_CONTEXT@@PEAUFuncInfo4@FH4@@@Z 000000014000ede8 f   libvcruntime:risctrnsctrl.obj
 0001:0000ddf0       ?FrameUnwindToEmptyState@__FrameHandler3@@SAXPEA_KPEAU_xDISPATCHER_CONTEXT@@PEBU_s_FuncInfo@@@Z 000000014000edf0 f   libvcruntime:risctrnsctrl.obj
 0001:0000de54       ?FrameUnwindToEmptyState@__FrameHandler4@@SAXPEA_KPEAU_xDISPATCHER_CONTEXT@@PEAUFuncInfo4@FH4@@@Z 000000014000ee54 f   libvcruntime:risctrnsctrl.obj
 0001:0000de88       ?GetEstablisherFrame@__FrameHandler3@@SAPEA_KPEA_KPEAU_xDISPATCHER_CONTEXT@@PEBU_s_FuncInfo@@0@Z 000000014000ee88 f   libvcruntime:risctrnsctrl.obj
 0001:0000df54       ?GetEstablisherFrame@__FrameHandler4@@SAPEA_KPEA_KPEAU_xDISPATCHER_CONTEXT@@PEAUFuncInfo4@FH4@@0@Z 000000014000ef54 f   libvcruntime:risctrnsctrl.obj
 0001:0000df78       ?GetRangeOfTrysToCheck@__FrameHandler3@@SA?AU?$pair@Viterator@TryBlockMap@__FrameHandler3@@V123@@std@@AEAVTryBlockMap@1@HPEAU_xDISPATCHER_CONTEXT@@PEBU_s_FuncInfo@@H@Z 000000014000ef78 f   libvcruntime:risctrnsctrl.obj
 0001:0000e0b8       ?GetRangeOfTrysToCheck@__FrameHandler4@@SA?AU?$pair@Viterator@TryBlockMap4@FH4@@V123@@std@@AEAVTryBlockMap4@FH4@@HPEAU_xDISPATCHER_CONTEXT@@PEAUFuncInfo4@5@H@Z 000000014000f0b8 f   libvcruntime:risctrnsctrl.obj
 0001:0000e220       ?UnwindNestedFrames@__FrameHandler3@@SAXPEA_KPEAUEHExceptionRecord@@PEAU_CONTEXT@@0PEAXPEBU_s_FuncInfo@@HHPEBU_s_HandlerType@@PEAU_xDISPATCHER_CONTEXT@@E@Z 000000014000f220 f   libvcruntime:risctrnsctrl.obj
 0001:0000e324       ?UnwindNestedFrames@__FrameHandler4@@SAXPEA_KPEAUEHExceptionRecord@@PEAU_CONTEXT@@0PEAXPEAUFuncInfo4@FH4@@HHPEAUHandlerType4@5@PEAU_xDISPATCHER_CONTEXT@@E@Z 000000014000f324 f   libvcruntime:risctrnsctrl.obj
 0001:0000e444       ?setBuffer@TryBlockMap4@FH4@@QEAAXViterator@12@@Z 000000014000f444 f i libvcruntime:risctrnsctrl.obj
 0001:0000e604       _CreateFrameInfo           000000014000f604 f   libvcruntime:risctrnsctrl.obj
 0001:0000e640       _FindAndUnlinkFrame        000000014000f640 f   libvcruntime:risctrnsctrl.obj
 0001:0000e694       _GetImageBase              000000014000f694 f   libvcruntime:risctrnsctrl.obj
 0001:0000e6a8       _GetThrowImageBase         000000014000f6a8 f   libvcruntime:risctrnsctrl.obj
 0001:0000e6bc       _SetImageBase              000000014000f6bc f   libvcruntime:risctrnsctrl.obj
 0001:0000e6d4       _SetThrowImageBase         000000014000f6d4 f   libvcruntime:risctrnsctrl.obj
 0001:0000e6ec       __CxxFrameHandler3         000000014000f6ec f   libvcruntime:risctrnsctrl.obj
 0001:0000e774       __CxxFrameHandler4         000000014000f774 f   libvcruntime:risctrnsctrl.obj
 0001:0000e850       memcpy_repmovs             000000014000f850 f   libvcruntime:memcpy.obj
 0001:0000e870       memmove                    000000014000f870 f   libvcruntime:memcpy.obj
 0001:0000e870       memcpy                     000000014000f870 f   libvcruntime:memcpy.obj
 0001:0000eee8       ?GetCurrentState@__FrameHandler3@@SAHPEA_KPEAU_xDISPATCHER_CONTEXT@@PEBU_s_FuncInfo@@@Z 000000014000fee8 f   libvcruntime:ehstate.obj
 0001:0000ef10       ?GetUnwindTryBlock@__FrameHandler3@@SAHPEA_KPEAU_xDISPATCHER_CONTEXT@@PEBU_s_FuncInfo@@@Z 000000014000ff10 f   libvcruntime:ehstate.obj
 0001:0000ef3c       ?SetState@__FrameHandler3@@SAXPEA_KPEBU_s_FuncInfo@@H@Z 000000014000ff3c f   libvcruntime:ehstate.obj
 0001:0000ef48       ?SetUnwindTryBlock@__FrameHandler3@@SAXPEA_KPEAU_xDISPATCHER_CONTEXT@@PEBU_s_FuncInfo@@H@Z 000000014000ff48 f   libvcruntime:ehstate.obj
 0001:0000ef84       ?StateFromControlPc@__FrameHandler3@@SAHPEBU_s_FuncInfo@@PEAU_xDISPATCHER_CONTEXT@@@Z 000000014000ff84 f   libvcruntime:ehstate.obj
 0001:0000ef8c       ?StateFromControlPc@__FrameHandler4@@SAHPEAUFuncInfo4@FH4@@PEAU_xDISPATCHER_CONTEXT@@@Z 000000014000ff8c f   libvcruntime:ehstate.obj
 0001:0000ef94       ?StateFromIp@__FrameHandler3@@SAHPEBU_s_FuncInfo@@PEAU_xDISPATCHER_CONTEXT@@_K@Z 000000014000ff94 f   libvcruntime:ehstate.obj
 0001:0000effc       ?StateFromIp@__FrameHandler4@@SAHPEAUFuncInfo4@FH4@@PEAU_xDISPATCHER_CONTEXT@@_K@Z 000000014000fffc f   libvcruntime:ehstate.obj
 0001:000106e0       ??$TypeMatchHelper@V__FrameHandler3@@@@YAHPEBU_s_HandlerType@@PEBU_s_CatchableType@@PEBU_s_ThrowInfo@@@Z 00000001400116e0 f i libvcruntime:frame.obj
 0001:00010820       ??$TypeMatchHelper@V__FrameHandler4@@@@YAHPEAUHandlerType4@FH4@@PEBU_s_CatchableType@@PEBU_s_ThrowInfo@@@Z 0000000140011820 f i libvcruntime:frame.obj
 0001:00010964       ??$__InternalCxxFrameHandler@V__FrameHandler3@@@@YA?AW4_EXCEPTION_DISPOSITION@@PEAUEHExceptionRecord@@PEA_KPEAU_CONTEXT@@PEAU_xDISPATCHER_CONTEXT@@PEBU_s_FuncInfo@@H1E@Z 0000000140011964 f i libvcruntime:frame.obj
 0001:00010b9c       ??$__InternalCxxFrameHandler@V__FrameHandler4@@@@YA?AW4_EXCEPTION_DISPOSITION@@PEAUEHExceptionRecord@@PEA_KPEAU_CONTEXT@@PEAU_xDISPATCHER_CONTEXT@@PEAUFuncInfo4@FH4@@H1E@Z 0000000140011b9c f i libvcruntime:frame.obj
 0001:00010e30       ??0HandlerMap4@FH4@@QEAA@PEBUTryBlockMapEntry4@1@_KH@Z 0000000140011e30 f i libvcruntime:frame.obj
 0001:00010eac       ??0TryBlockMap4@FH4@@QEAA@PEBUFuncInfo4@1@_K@Z 0000000140011eac f i libvcruntime:frame.obj
 0001:00010f84       ??0bad_exception@std@@QEAA@AEBV01@@Z 0000000140011f84 f i libvcruntime:frame.obj
 0001:00010fc0       ??0bad_exception@std@@QEAA@XZ 0000000140011fc0 f i libvcruntime:frame.obj
 0001:00010fe0       ?CxxCallCatchBlock@__FrameHandler3@@SAPEAXPEAU_EXCEPTION_RECORD@@@Z 0000000140011fe0 f   libvcruntime:frame.obj
 0001:000111cc       ?CxxCallCatchBlock@__FrameHandler4@@SAPEAXPEAU_EXCEPTION_RECORD@@@Z 00000001400121cc f   libvcruntime:frame.obj
 0001:0001141c       ?DecompHandler@HandlerMap4@FH4@@AEAAXXZ 000000014001241c f i libvcruntime:frame.obj
 0001:0001165c       ?FrameUnwindToState@__FrameHandler3@@SAXPEA_KPEAU_xDISPATCHER_CONTEXT@@PEBU_s_FuncInfo@@H@Z 000000014001265c f   libvcruntime:frame.obj
 0001:000117e8       ?FrameUnwindToState@__FrameHandler4@@SAXPEA_KPEAU_xDISPATCHER_CONTEXT@@PEAUFuncInfo4@FH4@@H@Z 00000001400127e8 f   libvcruntime:frame.obj
 0001:00011ad0       ?GetHandlerSearchState@__FrameHandler3@@SAHPEA_KPEAU_xDISPATCHER_CONTEXT@@PEBU_s_FuncInfo@@@Z 0000000140012ad0 f i libvcruntime:frame.obj
 0001:00011ce0       ?ReadEntry@UWMap4@FH4@@AEAAXPEAPEAE@Z 0000000140012ce0 f i libvcruntime:frame.obj
 0001:00011d80       ?_CallMemberFunction1@@YAXQEAX00@Z 0000000140012d80 f i libvcruntime:frame.obj
 0001:00011d8c       ?_CallMemberFunction2@@YAXQEAX00H@Z 0000000140012d8c f i libvcruntime:frame.obj
 0001:00011d9c       ?getStartStop@UWMap4@FH4@@QEAAXHHAEAViterator@12@0@Z 0000000140012d9c f i libvcruntime:frame.obj
 0001:00011e6c       ?getStateFromIterators@UWMap4@FH4@@SAHAEBViterator@12@H0H0@Z 0000000140012e6c f i libvcruntime:frame.obj
 0001:00011f50       _CallSettingFrame          0000000140012f50 f   libvcruntime:handlers.obj
 0001:00011fa0       _CallSettingFrame_LookupContinuationIndex 0000000140012fa0 f   libvcruntime:handlers.obj
 0001:00011fd0       _CallSettingFrame_NotifyContinuationAddr 0000000140012fd0 f   libvcruntime:handlers.obj
 0001:00012000       _CallSettingFrameEncoded   0000000140013000 f   libvcruntime:handlers.obj
 0001:00012104       fopen                      0000000140013104 f   libucrt:fopen.obj
 0001:00012110       __acrt_initialize_stdio    0000000140013110 f   libucrt:_file.obj
 0001:00012230       __acrt_iob_func            0000000140013230 f   libucrt:_file.obj
 0001:00012244       __acrt_uninitialize_stdio  0000000140013244 f   libucrt:_file.obj
 0001:000122a0       _lock_file                 00000001400132a0 f   libucrt:_file.obj
 0001:000122ac       _unlock_file               00000001400132ac f   libucrt:_file.obj
 0001:000123dc       ?get_raw_ptd@__crt_cached_ptd_host@@QEAAPEAU__acrt_ptd@@XZ 00000001400133dc f i libucrt:fclose.obj
 0001:00012444       fclose                     0000000140013444 f   libucrt:fclose.obj
 0001:000124dc       realloc                    00000001400134dc f   libucrt:realloc.obj
 0001:00012524       ??$ensure_buffer_is_big_enough@D@formatting_buffer@__crt_stdio_output@@QEAA_N_KAEAV__crt_cached_ptd_host@@@Z 0000000140013524 f i libucrt:output.obj
 0001:000125cc       ??$parse_integer@KV?$c_string_character_source@D@__crt_strtox@@$0A@@__crt_strtox@@YAKAEAV__crt_cached_ptd_host@@V?$c_string_character_source@D@0@H_N@Z 00000001400135cc f i libucrt:output.obj
 0001:00012880       ??$type_case_integer@$07@?$output_processor@DV?$string_output_adapter@D@__crt_stdio_output@@V?$standard_base@DV?$string_output_adapter@D@__crt_stdio_output@@@2@@__crt_stdio_output@@AEAA_N_N@Z 0000000140013880 f i libucrt:output.obj
 0001:00012880       ??$type_case_integer@$07@?$output_processor@DV?$stream_output_adapter@D@__crt_stdio_output@@V?$standard_base@DV?$stream_output_adapter@D@__crt_stdio_output@@@2@@__crt_stdio_output@@AEAA_N_N@Z 0000000140013880 f i libucrt:output.obj
 0001:00012a84       ??$type_case_integer@$09@?$output_processor@DV?$stream_output_adapter@D@__crt_stdio_output@@V?$standard_base@DV?$stream_output_adapter@D@__crt_stdio_output@@@2@@__crt_stdio_output@@AEAA_N_N@Z 0000000140013a84 f i libucrt:output.obj
 0001:00012a84       ??$type_case_integer@$09@?$output_processor@DV?$string_output_adapter@D@__crt_stdio_output@@V?$standard_base@DV?$string_output_adapter@D@__crt_stdio_output@@@2@@__crt_stdio_output@@AEAA_N_N@Z 0000000140013a84 f i libucrt:output.obj
 0001:00012c88       ??$type_case_integer@$0BA@@?$output_processor@DV?$stream_output_adapter@D@__crt_stdio_output@@V?$standard_base@DV?$stream_output_adapter@D@__crt_stdio_output@@@2@@__crt_stdio_output@@AEAA_N_N@Z 0000000140013c88 f i libucrt:output.obj
 0001:00012c88       ??$type_case_integer@$0BA@@?$output_processor@DV?$string_output_adapter@D@__crt_stdio_output@@V?$standard_base@DV?$string_output_adapter@D@__crt_stdio_output@@@2@@__crt_stdio_output@@AEAA_N_N@Z 0000000140013c88 f i libucrt:output.obj
 0001:00012e8c       ??$type_case_integer_parse_into_buffer@I$07@?$output_processor@DV?$string_output_adapter@D@__crt_stdio_output@@V?$standard_base@DV?$string_output_adapter@D@__crt_stdio_output@@@2@@__crt_stdio_output@@AEAAXI_N@Z 0000000140013e8c f i libucrt:output.obj
 0001:00012e8c       ??$type_case_integer_parse_into_buffer@I$07@?$output_processor@DV?$stream_output_adapter@D@__crt_stdio_output@@V?$standard_base@DV?$stream_output_adapter@D@__crt_stdio_output@@@2@@__crt_stdio_output@@AEAAXI_N@Z 0000000140013e8c f i libucrt:output.obj
 0001:00012efc       ??$type_case_integer_parse_into_buffer@I$09@?$output_processor@DV?$string_output_adapter@D@__crt_stdio_output@@V?$standard_base@DV?$string_output_adapter@D@__crt_stdio_output@@@2@@__crt_stdio_output@@AEAAXI_N@Z 0000000140013efc f i libucrt:output.obj
 0001:00012efc       ??$type_case_integer_parse_into_buffer@I$09@?$output_processor@DV?$stream_output_adapter@D@__crt_stdio_output@@V?$standard_base@DV?$stream_output_adapter@D@__crt_stdio_output@@@2@@__crt_stdio_output@@AEAAXI_N@Z 0000000140013efc f i libucrt:output.obj
 0001:00012fa8       ??$type_case_integer_parse_into_buffer@I$0BA@@?$output_processor@DV?$string_output_adapter@D@__crt_stdio_output@@V?$standard_base@DV?$string_output_adapter@D@__crt_stdio_output@@@2@@__crt_stdio_output@@AEAAXI_N@Z 0000000140013fa8 f i libucrt:output.obj
 0001:00012fa8       ??$type_case_integer_parse_into_buffer@I$0BA@@?$output_processor@DV?$stream_output_adapter@D@__crt_stdio_output@@V?$standard_base@DV?$stream_output_adapter@D@__crt_stdio_output@@@2@@__crt_stdio_output@@AEAAXI_N@Z 0000000140013fa8 f i libucrt:output.obj
 0001:0001302c       ??$type_case_integer_parse_into_buffer@_K$07@?$output_processor@DV?$stream_output_adapter@D@__crt_stdio_output@@V?$standard_base@DV?$stream_output_adapter@D@__crt_stdio_output@@@2@@__crt_stdio_output@@AEAAX_K_N@Z 000000014001402c f i libucrt:output.obj
 0001:0001302c       ??$type_case_integer_parse_into_buffer@_K$07@?$output_processor@DV?$string_output_adapter@D@__crt_stdio_output@@V?$standard_base@DV?$string_output_adapter@D@__crt_stdio_output@@@2@@__crt_stdio_output@@AEAAX_K_N@Z 000000014001402c f i libucrt:output.obj
 0001:0001309c       ??$type_case_integer_parse_into_buffer@_K$09@?$output_processor@DV?$stream_output_adapter@D@__crt_stdio_output@@V?$standard_base@DV?$stream_output_adapter@D@__crt_stdio_output@@@2@@__crt_stdio_output@@AEAAX_K_N@Z 000000014001409c f i libucrt:output.obj
 0001:0001309c       ??$type_case_integer_parse_into_buffer@_K$09@?$output_processor@DV?$string_output_adapter@D@__crt_stdio_output@@V?$standard_base@DV?$string_output_adapter@D@__crt_stdio_output@@@2@@__crt_stdio_output@@AEAAX_K_N@Z 000000014001409c f i libucrt:output.obj
 0001:0001314c       ??$type_case_integer_parse_into_buffer@_K$0BA@@?$output_processor@DV?$stream_output_adapter@D@__crt_stdio_output@@V?$standard_base@DV?$stream_output_adapter@D@__crt_stdio_output@@@2@@__crt_stdio_output@@AEAAX_K_N@Z 000000014001414c f i libucrt:output.obj
 0001:0001314c       ??$type_case_integer_parse_into_buffer@_K$0BA@@?$output_processor@DV?$string_output_adapter@D@__crt_stdio_output@@V?$standard_base@DV?$string_output_adapter@D@__crt_stdio_output@@@2@@__crt_stdio_output@@AEAAX_K_N@Z 000000014001414c f i libucrt:output.obj
 0001:000132ec       ?crop_zeroes@__crt_stdio_output@@YAXPEADQEAU__crt_locale_pointers@@@Z 00000001400142ec f i libucrt:output.obj
 0001:00013358       ?parse_int_from_format_string@?$output_processor@DV?$string_output_adapter@D@__crt_stdio_output@@V?$standard_base@DV?$string_output_adapter@D@__crt_stdio_output@@@2@@__crt_stdio_output@@AEAA_NQEAH@Z 0000000140014358 f i libucrt:output.obj
 0001:00013358       ?parse_int_from_format_string@?$output_processor@DV?$stream_output_adapter@D@__crt_stdio_output@@V?$standard_base@DV?$stream_output_adapter@D@__crt_stdio_output@@@2@@__crt_stdio_output@@AEAA_NQEAH@Z 0000000140014358 f i libucrt:output.obj
 0001:000133e8       ?process@?$output_processor@DV?$stream_output_adapter@D@__crt_stdio_output@@V?$standard_base@DV?$stream_output_adapter@D@__crt_stdio_output@@@2@@__crt_stdio_output@@QEAAHXZ 00000001400143e8 f i libucrt:output.obj
 0001:00013780       ?process@?$output_processor@DV?$string_output_adapter@D@__crt_stdio_output@@V?$standard_base@DV?$string_output_adapter@D@__crt_stdio_output@@@2@@__crt_stdio_output@@QEAAHXZ 0000000140014780 f i libucrt:output.obj
 0001:00013b00       ?state_case_size@?$output_processor@DV?$stream_output_adapter@D@__crt_stdio_output@@V?$standard_base@DV?$stream_output_adapter@D@__crt_stdio_output@@@2@@__crt_stdio_output@@AEAA_NXZ 0000000140014b00 f i libucrt:output.obj
 0001:00013c88       ?state_case_size@?$output_processor@DV?$string_output_adapter@D@__crt_stdio_output@@V?$standard_base@DV?$string_output_adapter@D@__crt_stdio_output@@@2@@__crt_stdio_output@@AEAA_NXZ 0000000140014c88 f i libucrt:output.obj
 0001:00013e10       ?state_case_type@?$output_processor@DV?$stream_output_adapter@D@__crt_stdio_output@@V?$standard_base@DV?$stream_output_adapter@D@__crt_stdio_output@@@2@@__crt_stdio_output@@AEAA_NXZ 0000000140014e10 f i libucrt:output.obj
 0001:00014248       ?state_case_type@?$output_processor@DV?$string_output_adapter@D@__crt_stdio_output@@V?$standard_base@DV?$string_output_adapter@D@__crt_stdio_output@@@2@@__crt_stdio_output@@AEAA_NXZ 0000000140015248 f i libucrt:output.obj
 0001:0001464c       ?type_case_Z@?$output_processor@DV?$stream_output_adapter@D@__crt_stdio_output@@V?$standard_base@DV?$stream_output_adapter@D@__crt_stdio_output@@@2@@__crt_stdio_output@@AEAA_NXZ 000000014001564c f i libucrt:output.obj
 0001:0001464c       ?type_case_Z@?$output_processor@DV?$string_output_adapter@D@__crt_stdio_output@@V?$standard_base@DV?$string_output_adapter@D@__crt_stdio_output@@@2@@__crt_stdio_output@@AEAA_NXZ 000000014001564c f i libucrt:output.obj
 0001:000146c8       ?type_case_a@?$output_processor@DV?$stream_output_adapter@D@__crt_stdio_output@@V?$standard_base@DV?$stream_output_adapter@D@__crt_stdio_output@@@2@@__crt_stdio_output@@AEAA_NXZ 00000001400156c8 f i libucrt:output.obj
 0001:000146c8       ?type_case_a@?$output_processor@DV?$string_output_adapter@D@__crt_stdio_output@@V?$standard_base@DV?$string_output_adapter@D@__crt_stdio_output@@@2@@__crt_stdio_output@@AEAA_NXZ 00000001400156c8 f i libucrt:output.obj
 0001:0001491c       ?type_case_c_tchar@?$output_processor@DV?$stream_output_adapter@D@__crt_stdio_output@@V?$standard_base@DV?$stream_output_adapter@D@__crt_stdio_output@@@2@@__crt_stdio_output@@AEAA_ND@Z 000000014001591c f i libucrt:output.obj
 0001:0001491c       ?type_case_c_tchar@?$output_processor@DV?$string_output_adapter@D@__crt_stdio_output@@V?$standard_base@DV?$string_output_adapter@D@__crt_stdio_output@@@2@@__crt_stdio_output@@AEAA_ND@Z 000000014001591c f i libucrt:output.obj
 0001:000149f0       ?type_case_n@?$output_processor@DV?$stream_output_adapter@D@__crt_stdio_output@@V?$standard_base@DV?$stream_output_adapter@D@__crt_stdio_output@@@2@@__crt_stdio_output@@AEAA_NXZ 00000001400159f0 f i libucrt:output.obj
 0001:000149f0       ?type_case_n@?$output_processor@DV?$string_output_adapter@D@__crt_stdio_output@@V?$standard_base@DV?$string_output_adapter@D@__crt_stdio_output@@@2@@__crt_stdio_output@@AEAA_NXZ 00000001400159f0 f i libucrt:output.obj
 0001:00014aa8       ?type_case_s@?$output_processor@DV?$string_output_adapter@D@__crt_stdio_output@@V?$standard_base@DV?$string_output_adapter@D@__crt_stdio_output@@@2@@__crt_stdio_output@@AEAA_NXZ 0000000140015aa8 f i libucrt:output.obj
 0001:00014aa8       ?type_case_s@?$output_processor@DV?$stream_output_adapter@D@__crt_stdio_output@@V?$standard_base@DV?$stream_output_adapter@D@__crt_stdio_output@@@2@@__crt_stdio_output@@AEAA_NXZ 0000000140015aa8 f i libucrt:output.obj
 0001:00014b50       ?update_locale_slow@__crt_cached_ptd_host@@AEAAXXZ 0000000140015b50 f i libucrt:output.obj
 0001:00014bc8       ?validate_stream_is_ansi_if_required@?$__acrt_stdio_char_traits@D@@SA_NQEAU_iobuf@@@Z 0000000140015bc8 f i libucrt:output.obj
 0001:00014c64       ?write_string@?$string_output_adapter@D@__crt_stdio_output@@QEBAXQEBDHQEAHAEAV__crt_cached_ptd_host@@@Z 0000000140015c64 f i libucrt:output.obj
 0001:00014d08       ?write_string_impl@?$output_adapter_common@DV?$stream_output_adapter@D@__crt_stdio_output@@@__crt_stdio_output@@IEBAXQEBDHQEAHAEAV__crt_cached_ptd_host@@@Z 0000000140015d08 f i libucrt:output.obj
 0001:00014dd4       __stdio_common_vfprintf    0000000140015dd4 f   libucrt:output.obj
 0001:00014ef8       __stdio_common_vsprintf    0000000140015ef8 f   libucrt:output.obj
 0001:00015160       strncpy                    0000000140016160 f   libucrt:strncpy.obj
 0001:000152d0       isalnum                    00000001400162d0 f   libucrt:_ctype.obj
 0001:0001537c       ??$__acrt_convert_wcs_mbs_cp@D_WV<lambda_7c9dea7b4ca7285d2cdb541a38da6275>@@U__crt_win32_buffer_internal_dynamic_resizing@@@@YAHQEBDAEAV?$__crt_win32_buffer@_WU__crt_win32_buffer_internal_dynamic_resizing@@@@AEBV<lambda_7c9dea7b4ca7285d2cdb541a38da6275>@@I@Z 000000014001637c f i libucrt:stat.obj
 0001:00015894       ??0_LocaleUpdate@@QEAA@QEAU__crt_locale_pointers@@@Z 0000000140016894 f i libucrt:stat.obj
 0001:00015c80       _stat64i32                 0000000140016c80 f   libucrt:stat.obj
 0001:00015da0       strncmp                    0000000140016da0 f   libucrt:strncmp.obj
 0001:00015ee0       _fwrite_internal           0000000140016ee0 f   libucrt:fwrite.obj
 0001:00015f7c       _fwrite_nolock_internal    0000000140016f7c f   libucrt:fwrite.obj
 0001:00016190       fwrite                     0000000140017190 f   libucrt:fwrite.obj
 0001:00016234       free                       0000000140017234 f   libucrt:free.obj
 0001:00016260       strncat                    0000000140017260 f   libucrt:strncat.obj
 0001:000163f8       _mkdir                     00000001400173f8 f   libucrt:mkdir.obj
 0001:000164dc       _fread_nolock_s            00000001400174dc f   libucrt:fread.obj
 0001:0001673c       fread                      000000014001773c f   libucrt:fread.obj
 0001:0001675c       fread_s                    000000014001775c f   libucrt:fread.obj
 0001:00016804       malloc                     0000000140017804 f   libucrt:malloc.obj
 0001:0001680c       ?get_raw_ptd_noexit@__crt_cached_ptd_host@@QEAAPEAU__acrt_ptd@@XZ 000000014001780c f i libucrt:invalid_parameter.obj
 0001:00016878       ?value@?$dual_state_global@P6AXPEB_W00I_K@Z@__crt_state_management@@QEAAAEAP6AXPEB_W00I_K@ZAEAV__crt_cached_ptd_host@@@Z 0000000140017878 f i libucrt:invalid_parameter.obj
 0001:000168c4       __acrt_call_reportfault    00000001400178c4 f   libucrt:invalid_parameter.obj
 0001:00016a20       __acrt_initialize_invalid_parameter_handler 0000000140017a20 f   libucrt:invalid_parameter.obj
 0001:00016a28       _invalid_parameter         0000000140017a28 f   libucrt:invalid_parameter.obj
 0001:00016ac4       _invalid_parameter_internal 0000000140017ac4 f   libucrt:invalid_parameter.obj
 0001:00016b90       _invalid_parameter_noinfo  0000000140017b90 f   libucrt:invalid_parameter.obj
 0001:00016bb0       _invalid_parameter_noinfo_noreturn 0000000140017bb0 f   libucrt:invalid_parameter.obj
 0001:00016be0       _invoke_watson             0000000140017be0 f   libucrt:invalid_parameter.obj
 0001:00016c28       _aligned_free              0000000140017c28 f   libucrt:align.obj
 0001:00016c44       _aligned_malloc            0000000140017c44 f   libucrt:align.obj
 0001:00016cc4       roundf                     0000000140017cc4 f   libucrt:roundf.obj
 0001:00016d2c       _clearfp                   0000000140017d2c f   libucrt:ieee.obj
 0001:00016d98       _control87                 0000000140017d98 f   libucrt:ieee.obj
 0001:00016da0       _controlfp                 0000000140017da0 f   libucrt:ieee.obj
 0001:00017048       __acrt_initialize_new_handler 0000000140018048 f   libucrt:new_handler.obj
 0001:00017050       _callnewh                  0000000140018050 f   libucrt:new_handler.obj
 0001:00017090       _query_new_handler         0000000140018090 f   libucrt:new_handler.obj
 0001:000170c8       _seh_filter_exe            00000001400180c8 f   libucrt:exception_filter.obj
 0001:000174e0       __acrt_initialize_thread_local_exit_callback 00000001400184e0 f   libucrt:exit.obj
 0001:000174e8       _c_exit                    00000001400184e8 f   libucrt:exit.obj
 0001:000174f8       _cexit                     00000001400184f8 f   libucrt:exit.obj
 0001:00017508       _exit                      0000000140018508 f   libucrt:exit.obj
 0001:00017514       _register_thread_local_exe_atexit_callback 0000000140018514 f   libucrt:exit.obj
 0001:00017554       exit                       0000000140018554 f   libucrt:exit.obj
 0001:00017728       __acrt_allocate_buffer_for_argv 0000000140018728 f   libucrt:argv_parsing.obj
 0001:00017788       _configure_narrow_argv     0000000140018788 f   libucrt:argv_parsing.obj
 0001:00017d58       __dcrt_get_or_create_wide_environment_nolock 0000000140018d58 f   libucrt:environment_initialization.obj
 0001:00017d94       __dcrt_uninitialize_environments_nolock 0000000140018d94 f   libucrt:environment_initialization.obj
 0001:00017dd8       _initialize_narrow_environment 0000000140018dd8 f   libucrt:environment_initialization.obj
 0001:00018128       _crt_atexit                0000000140019128 f   libucrt:onexit.obj
 0001:00018138       _execute_onexit_table      0000000140019138 f   libucrt:onexit.obj
 0001:0001817c       _initialize_onexit_table   000000014001917c f   libucrt:onexit.obj
 0001:000181a4       _register_onexit_function  00000001400191a4 f   libucrt:onexit.obj
 0001:00018318       __acrt_initialize          0000000140019318 f   libucrt:initialization.obj
 0001:0001832c       __acrt_uninitialize        000000014001932c f   libucrt:initialization.obj
 0001:00018364       _query_app_type            0000000140019364 f   libucrt:report_runtime_error.obj
 0001:0001836c       _set_app_type              000000014001936c f   libucrt:report_runtime_error.obj
 0001:00018374       __acrt_has_user_matherr    0000000140019374 f   libucrt:matherr.obj
 0001:00018394       __acrt_initialize_user_matherr 0000000140019394 f   libucrt:matherr.obj
 0001:0001839c       __acrt_invoke_user_matherr 000000014001939c f   libucrt:matherr.obj
 0001:000183d8       __setusermatherr           00000001400193d8 f   libucrt:matherr.obj
 0001:00018400       _get_narrow_winmain_command_line 0000000140019400 f   libucrt:argv_winmain.obj
 0001:00018470       _initterm                  0000000140019470 f   libucrt:initterm.obj
 0001:000184b4       _initterm_e                00000001400194b4 f   libucrt:initterm.obj
 0001:000184fc       _get_fmode                 00000001400194fc f   libucrt:setmode.obj
 0001:0001852c       _set_fmode                 000000014001952c f   libucrt:setmode.obj
 0001:0001856c       _setmode_nolock            000000014001956c f   libucrt:setmode.obj
 0001:000186c0       __acrt_set_locale_changed  00000001400196c0 f   libucrt:wsetlocale.obj
 0001:000186cc       __acrt_uninitialize_locale 00000001400196cc f   libucrt:wsetlocale.obj
 0001:000186fc       _configthreadlocale        00000001400196fc f   libucrt:wsetlocale.obj
 0001:00018768       _query_new_mode            0000000140019768 f   libucrt:new_mode.obj
 0001:00018770       _set_new_mode              0000000140019770 f   libucrt:new_mode.obj
 0001:0001879c       __p__commode               000000014001979c f   libucrt:ncommode.obj
 0001:000187a4       terminate                  00000001400197a4 f   libucrt:terminate.obj
 0001:000187d0       strdup                     00000001400197d0 f   libucrt:strdup.obj
 0001:000187d0       _strdup                    00000001400197d0 f   libucrt:strdup.obj
 0001:00018848       ___lc_codepage_func        0000000140019848 f   libucrt:initctype.obj
 0001:00018878       strcpy_s                   0000000140019878 f   libucrt:strcpy_s.obj
 0001:000188d8       abort                      00000001400198d8 f   libucrt:abort.obj
 0001:00018930       calloc                     0000000140019930 f   libucrt:calloc.obj
 0001:00018938       ??$parse_integer@KV?$c_string_character_source@_W@__crt_strtox@@$00@__crt_strtox@@YAKAEAV__crt_cached_ptd_host@@V?$c_string_character_source@_W@0@H_N@Z 0000000140019938 f i libucrt:atox.obj
 0001:000190d4       wcsncmp                    000000014001a0d4 f   libucrt:wcsncmp.obj
 0001:00019100       __acrt_errno_from_os_error 000000014001a100 f   libucrt:errno.obj
 0001:00019148       __acrt_errno_map_os_error  000000014001a148 f   libucrt:errno.obj
 0001:00019190       __acrt_errno_map_os_error_ptd 000000014001a190 f   libucrt:errno.obj
 0001:000191b4       __doserrno                 000000014001a1b4 f   libucrt:errno.obj
 0001:000191d4       _errno                     000000014001a1d4 f   libucrt:errno.obj
 0001:000191f4       ?__acrt_stdio_allocate_stream@@YA?AV__crt_stdio_stream@@XZ 000000014001a1f4 f   libucrt:stream.obj
 0001:0001924c       ?__acrt_stdio_free_stream@@YAXV__crt_stdio_stream@@@Z 000000014001a24c f   libucrt:stream.obj
 0001:00019354       ??$__acrt_stdio_parse_mode@D@@YA?AU__acrt_stdio_stream_mode@@QEBD@Z 000000014001a354 f i libucrt:openfile.obj
 0001:00019618       _openfile                  000000014001a618 f   libucrt:openfile.obj
 0001:000196b4       _calloc_base               000000014001a6b4 f   libucrt:calloc_base.obj
 0001:0001972c       _free_base                 000000014001a72c f   libucrt:free_base.obj
 0001:00019924       __acrt_AppPolicyGetProcessTerminationMethodInternal 000000014001a924 f   libucrt:winapi_thunks.obj
 0001:0001997c       __acrt_AreFileApisANSI     000000014001a97c f   libucrt:winapi_thunks.obj
 0001:000199c0       __acrt_CompareStringEx     000000014001a9c0 f   libucrt:winapi_thunks.obj
 0001:00019aac       __acrt_FlsAlloc            000000014001aaac f   libucrt:winapi_thunks.obj
 0001:00019ab4       __acrt_FlsFree             000000014001aab4 f   libucrt:winapi_thunks.obj
 0001:00019abc       __acrt_FlsGetValue         000000014001aabc f   libucrt:winapi_thunks.obj
 0001:00019ac4       __acrt_FlsSetValue         000000014001aac4 f   libucrt:winapi_thunks.obj
 0001:00019acc       __acrt_InitializeCriticalSectionEx 000000014001aacc f   libucrt:winapi_thunks.obj
 0001:00019b3c       __acrt_LCMapStringEx       000000014001ab3c f   libucrt:winapi_thunks.obj
 0001:00019c28       __acrt_LocaleNameToLCID    000000014001ac28 f   libucrt:winapi_thunks.obj
 0001:00019c88       __acrt_initialize_winapi_thunks 000000014001ac88 f   libucrt:winapi_thunks.obj
 0001:00019cac       __acrt_uninitialize_winapi_thunks 000000014001acac f   libucrt:winapi_thunks.obj
 0001:00019cf0       _fcloseall                 000000014001acf0 f   libucrt:closeall.obj
 0001:00019f84       __acrt_stdio_flush_nolock  000000014001af84 f   libucrt:fflush.obj
 0001:0001a010       _fflush_nolock             000000014001b010 f   libucrt:fflush.obj
 0001:0001a0e4       _flushall                  000000014001b0e4 f   libucrt:fflush.obj
 0001:0001a0ec       __acrt_stdio_free_buffer_nolock 000000014001b0ec f   libucrt:_freebuf.obj
 0001:0001a328       __acrt_initialize_lowio    000000014001b328 f   libucrt:ioinit.obj
 0001:0001a364       __acrt_uninitialize_lowio  000000014001b364 f   libucrt:ioinit.obj
 0001:0001a3a4       _fileno                    000000014001b3a4 f   libucrt:fileno.obj
 0001:0001a444       _close_internal            000000014001b444 f   libucrt:close.obj
 0001:0001a508       _close_nolock              000000014001b508 f   libucrt:close.obj
 0001:0001a5a0       _close_nolock_internal     000000014001b5a0 f   libucrt:close.obj
 0001:0001a9e8       __acrt_getptd              000000014001b9e8 f   libucrt:per_thread_data.obj
 0001:0001aabc       __acrt_getptd_head         000000014001babc f   libucrt:per_thread_data.obj
 0001:0001ab60       __acrt_getptd_noexit       000000014001bb60 f   libucrt:per_thread_data.obj
 0001:0001ac28       __acrt_getptd_noexit_explicit 000000014001bc28 f   libucrt:per_thread_data.obj
 0001:0001ace8       __acrt_initialize_ptd      000000014001bce8 f   libucrt:per_thread_data.obj
 0001:0001ad24       __acrt_uninitialize_ptd    000000014001bd24 f   libucrt:per_thread_data.obj
 0001:0001ad48       _realloc_base              000000014001bd48 f   libucrt:realloc_base.obj
 0001:0001adc4       _malloc_base               000000014001bdc4 f   libucrt:malloc_base.obj
 0001:0001ae24       strnlen                    000000014001be24 f   libucrt:strnlen.obj
 0001:0001af74       wcsnlen                    000000014001bf74 f   libucrt:strnlen.obj
 0001:0001b14c       __acrt_update_locale_info  000000014001c14c f   libucrt:locale_update.obj
 0001:0001b180       __acrt_update_locale_info_explicit 000000014001c180 f   libucrt:locale_update.obj
 0001:0001b1b8       __acrt_update_multibyte_info 000000014001c1b8 f   libucrt:locale_update.obj
 0001:0001b1ec       __acrt_update_multibyte_info_explicit 000000014001c1ec f   libucrt:locale_update.obj
 0001:0001bd38       __acrt_fp_format           000000014001cd38 f   libucrt:cvt.obj
 0001:0001c020       _wctomb_internal           000000014001d020 f   libucrt:wctomb.obj
 0001:0001c1d0       _mbtowc_internal           000000014001d1d0 f   libucrt:mbtowc.obj
 0001:0001c348       _get_printf_count_output   000000014001d348 f   libucrt:printf_count_output.obj
 0001:0001c360       _fputc_nolock_internal     000000014001d360 f   libucrt:fputc.obj
 0001:0001c378       __acrt_should_use_temporary_buffer 000000014001d378 f   libucrt:_sftbuf.obj
 0001:0001c3c4       __acrt_stdio_begin_temporary_buffering_nolock 000000014001d3c4 f   libucrt:_sftbuf.obj
 0001:0001c48c       __acrt_stdio_end_temporary_buffering_nolock 000000014001d48c f   libucrt:_sftbuf.obj
 0001:0001c4cc       _isctype_l                 000000014001d4cc f   libucrt:isctype.obj
 0001:0001c5d4       _getdrive                  000000014001d5d4 f   libucrt:drive.obj
 0001:0001c6cc       ??$__acrt_convert_wcs_mbs_cp@_WDV<lambda_f788ae46380686e8b737efdd8c720d07>@@U__crt_win32_buffer_no_resizing@@@@YAHQEB_WAEAV?$__crt_win32_buffer@DU__crt_win32_buffer_no_resizing@@@@AEBV<lambda_f788ae46380686e8b737efdd8c720d07>@@I@Z 000000014001d6cc f i libucrt:fullpath.obj
 0001:0001c7e8       ??$call_win32_function@V<lambda_17b8e77e04f0039ff1429d79b8271fa1>@@@?$__crt_win32_buffer@_WU__crt_win32_buffer_no_resizing@@@@QEAAHAEBV<lambda_17b8e77e04f0039ff1429d79b8271fa1>@@@Z 000000014001d7e8 f i libucrt:fullpath.obj
 0001:0001c85c       ??$call_win32_function@V<lambda_1a60cddbd8640ed4c95e91b82cd9827b>@@@?$__crt_win32_buffer@_WU__crt_win32_buffer_public_dynamic_resizing@@@@QEAAHAEBV<lambda_1a60cddbd8640ed4c95e91b82cd9827b>@@@Z 000000014001d85c f i libucrt:fullpath.obj
 0001:0001c934       ?detach@?$__crt_win32_buffer@_WU__crt_win32_buffer_public_dynamic_resizing@@@@QEAAPEA_WXZ 000000014001d934 f i libucrt:fullpath.obj
 0001:0001ca18       _wfullpath                 000000014001da18 f   libucrt:fullpath.obj
 0001:0001cacc       wcspbrk                    000000014001dacc f   libucrt:wcspbrk.obj
 0001:0001cb00       __ascii_wcsicmp            000000014001db00 f   libucrt:wcsicmp.obj
 0001:0001cb40       _wcsicmp                   000000014001db40 f   libucrt:wcsicmp.obj
 0001:0001cb88       _wcsicmp_l                 000000014001db88 f   libucrt:wcsicmp.obj
 0001:0001ccbc       __acrt_MultiByteToWideChar 000000014001dcbc f   libucrt:multibytetowidechar.obj
 0001:0001cd4c       __acrt_lowio_create_handle_array 000000014001dd4c f   libucrt:osfinfo.obj
 0001:0001cdf4       __acrt_lowio_destroy_handle_array 000000014001ddf4 f   libucrt:osfinfo.obj
 0001:0001ce44       __acrt_lowio_ensure_fh_exists 000000014001de44 f   libucrt:osfinfo.obj
 0001:0001ceec       __acrt_lowio_lock_fh       000000014001deec f   libucrt:osfinfo.obj
 0001:0001cf14       __acrt_lowio_set_os_handle 000000014001df14 f   libucrt:osfinfo.obj
 0001:0001cfd4       __acrt_lowio_unlock_fh     000000014001dfd4 f   libucrt:osfinfo.obj
 0001:0001cffc       _alloc_osfhnd              000000014001dffc f   libucrt:osfinfo.obj
 0001:0001d13c       _free_osfhnd               000000014001e13c f   libucrt:osfinfo.obj
 0001:0001d1f8       _get_osfhandle             000000014001e1f8 f   libucrt:osfinfo.obj
 0001:0001d270       ??$__crt_time_is_leap_year@H@@YA_NH@Z 000000014001e270 f i libucrt:loctotime.obj
 0001:0001d500       __loctotime64_t            000000014001e500 f   libucrt:loctotime.obj
 0001:0001dd10       _write                     000000014001ed10 f   libucrt:write.obj
 0001:0001dda8       _write_internal            000000014001eda8 f   libucrt:write.obj
 0001:0001dec8       _write_nolock              000000014001eec8 f   libucrt:write.obj
 0001:0001e344       __acrt_stdio_flush_and_write_narrow_nolock 000000014001f344 f   libucrt:_flsbuf.obj
 0001:0001e410       _wmkdir                    000000014001f410 f   libucrt:wmkdir.obj
 0001:0001e8c4       _read                      000000014001f8c4 f   libucrt:read.obj
 0001:0001e9e4       _read_nolock               000000014001f9e4 f   libucrt:read.obj
 0001:0001ee34       __acrt_stdio_refill_and_read_narrow_nolock 000000014001fe34 f   libucrt:_filbuf.obj
 0001:0001ef9c       _msize_base                000000014001ff9c f   libucrt:msize.obj
 0001:0001efd8       _fd_int                    000000014001ffd8 f   libucrt:_test.obj
 0001:0001f0c0       _get_fpsr                  00000001400200c0 f   libucrt:fpsr.obj
 0001:0001f0d0       _set_fpsr                  00000001400200d0 f   libucrt:fpsr.obj
 0001:0001f0da       _fclrf                     00000001400200da f   libucrt:fpsr.obj
 0001:0001f0ee       _frnd                      00000001400200ee f   libucrt:fpsr.obj
 0001:0001f110       __acrt_initialize_locks    0000000140020110 f   libucrt:locks.obj
 0001:0001f158       __acrt_lock                0000000140020158 f   libucrt:locks.obj
 0001:0001f174       __acrt_uninitialize_locks  0000000140020174 f   libucrt:locks.obj
 0001:0001f1ac       __acrt_unlock              00000001400201ac f   libucrt:locks.obj
 0001:0001f1c8       __acrt_app_verifier_enabled 00000001400201c8 f   libucrt:peb_access.obj
 0001:0001f1e4       __acrt_is_secure_process   00000001400201e4 f   libucrt:peb_access.obj
 0001:0001f1fc       __acrt_get_process_end_policy 00000001400201fc f   libucrt:win_policies.obj
 0001:0001f240       ??$__acrt_convert_wcs_mbs_cp@_WDV<lambda_d8593a27d1aa8c02be35c86a17d324c4>@@U__crt_win32_buffer_internal_dynamic_resizing@@@@YAHQEB_WAEAV?$__crt_win32_buffer@DU__crt_win32_buffer_internal_dynamic_resizing@@@@AEBV<lambda_d8593a27d1aa8c02be35c86a17d324c4>@@I@Z 0000000140020240 f i libucrt:argv_wildcards.obj
 0001:0001fae4       __acrt_expand_narrow_argv_wildcards 0000000140020ae4 f   libucrt:argv_wildcards.obj
 0001:0001faec       __acrt_GetModuleFileNameA  0000000140020aec f   libucrt:getmodulefilenamea.obj
 0001:00020408       __acrt_initialize_multibyte 0000000140021408 f   libucrt:mbctype.obj
 0001:00020468       __acrt_update_thread_multibyte_data 0000000140021468 f   libucrt:mbctype.obj
 0001:00020484       _setmbcp_nolock            0000000140021484 f   libucrt:mbctype.obj
 0001:000207b8       _ismbblead                 00000001400217b8 f   libucrt:ismbbyte.obj
 0001:000207cc       __acrt_initialize_command_line 00000001400217cc f   libucrt:argv_data.obj
 0001:000207f4       wcscpy_s                   00000001400217f4 f   libucrt:wcscpy_s.obj
 0001:0002085c       __acrt_WideCharToMultiByte 000000014002185c f   libucrt:widechartomultibyte.obj
 0001:0002093c       __dcrt_get_narrow_environment_from_os 000000014002193c f   libucrt:get_environment_from_os.obj
 0001:00020a4c       __dcrt_get_wide_environment_from_os 0000000140021a4c f   libucrt:get_environment_from_os.obj
 0001:00020f3c       __dcrt_set_variable_in_wide_environment_nolock 0000000140021f3c f   libucrt:setenv.obj
 0001:00020f44       _recalloc_base             0000000140021f44 f   libucrt:recalloc.obj
 0001:00020fdc       __acrt_initialize_heap     0000000140021fdc f   libucrt:heap_handle.obj
 0001:00020ff8       __acrt_uninitialize_heap   0000000140021ff8 f   libucrt:heap_handle.obj
 0001:00021004       __acrt_execute_initializers 0000000140022004 f   libucrt:shared_initialization.obj
 0001:00021098       __acrt_execute_uninitializers 0000000140022098 f   libucrt:shared_initialization.obj
 0001:00021128       __acrt_get_sigabrt_handler 0000000140022128 f   libucrt:signal.obj
 0001:00021158       __acrt_initialize_signal_handlers 0000000140022158 f   libucrt:signal.obj
 0001:00021178       raise                      0000000140022178 f   libucrt:signal.obj
 0001:000213f4       wcsncpy_s                  00000001400223f4 f   libucrt:wcsncpy_s.obj
 0001:000214f0       __acrt_initialize_fmode    00000001400224f0 f   libucrt:txtmode.obj
 0001:0002150c       __acrt_locale_free_monetary 000000014002250c f   libucrt:initmon.obj
 0001:00021618       __acrt_locale_free_numeric 0000000140022618 f   libucrt:initnum.obj
 0001:000216b8       __acrt_locale_free_time    00000001400226b8 f   libucrt:inittime.obj
 0001:000217c0       __acrt_GetStringTypeA      00000001400227c0 f   libucrt:getstringtypea.obj
 0001:00021950       __acrt_add_locale_ref      0000000140022950 f   libucrt:locale_refcounting.obj
 0001:000219dc       __acrt_free_locale         00000001400229dc f   libucrt:locale_refcounting.obj
 0001:00021b54       __acrt_locale_add_lc_time_reference 0000000140022b54 f   libucrt:locale_refcounting.obj
 0001:00021b7c       __acrt_locale_free_lc_time_if_unreferenced 0000000140022b7c f   libucrt:locale_refcounting.obj
 0001:00021bb4       __acrt_locale_release_lc_time_reference 0000000140022bb4 f   libucrt:locale_refcounting.obj
 0001:00021bdc       __acrt_release_locale_ref  0000000140022bdc f   libucrt:locale_refcounting.obj
 0001:00021c84       __acrt_update_thread_locale_data 0000000140022c84 f   libucrt:locale_refcounting.obj
 0001:00021cf4       _updatetlocinfoEx_nolock   0000000140022cf4 f   libucrt:locale_refcounting.obj
 0001:00022090       __acrt_LCMapStringA        0000000140023090 f   libucrt:lcmapstringa.obj
 0001:00022128       iswctype                   0000000140023128 f   libucrt:iswctype.obj
 0001:00022194       __ascii_wcsnicmp           0000000140023194 f   libucrt:wcsnicmp.obj
 0001:000221e0       __ascii_strnicmp           00000001400231e0 f   libucrt:strnicmp.obj
 0001:0002222c       _strnicmp                  000000014002322c f   libucrt:strnicmp.obj
 0001:0002227c       _strnicmp_l                000000014002327c f   libucrt:strnicmp.obj
 0001:0002293c       _sopen_nolock              000000014002393c f   libucrt:open.obj
 0001:00022a58       _sopen_s                   0000000140023a58 f   libucrt:open.obj
 0001:00022a8c       _wsopen_nolock             0000000140023a8c f   libucrt:open.obj
 0001:00022e7c       __acrt_DownlevelLocaleNameToLCID 0000000140023e7c f   libucrt:lcidtoname_downlevel.obj
 0001:00022fac       _commit                    0000000140023fac f   libucrt:commit.obj
 0001:00023110       __acrt_fp_strflt_to_string 0000000140024110 f   libucrt:_fptostr.obj
 0001:00023220       ?divide@__crt_strtox@@YA_KAEAUbig_integer@1@AEBU21@@Z 0000000140024220 f i libucrt:cfout.obj
 0001:000236bc       __acrt_fltout              00000001400246bc f   libucrt:cfout.obj
 0001:000249d4       fegetround                 00000001400259d4 f   libucrt:fegetround.obj
 0001:000249e8       ?__c32rtomb_utf8@__crt_mbstring@@YA_KPEAD_UPEAU_Mbstatet@@AEAV__crt_cached_ptd_host@@@Z 00000001400259e8 f   libucrt:c32rtomb.obj
 0001:00024a8c       ?__mbrtowc_utf8@__crt_mbstring@@YA_KPEA_WPEBD_KPEAU_Mbstatet@@AEAV__crt_cached_ptd_host@@@Z 0000000140025a8c f   libucrt:mbrtowc.obj
 0001:00024ad0       ?__mbsrtowcs_utf8@__crt_mbstring@@YA_KPEA_WPEAPEBD_KPEAU_Mbstatet@@AEAV__crt_cached_ptd_host@@@Z 0000000140025ad0 f   libucrt:mbrtowc.obj
 0001:00024c74       _isatty                    0000000140025c74 f   libucrt:isatty.obj
 0001:00024ec4       _wgetcwd                   0000000140025ec4 f   libucrt:getcwd.obj
 0001:00024eec       _towlower_l                0000000140025eec f   libucrt:towlower.obj
 0001:00024fe0       __acrt_initialize_timeset  0000000140025fe0 f   libucrt:timeset.obj
 0001:00025030       __daylight                 0000000140026030 f   libucrt:timeset.obj
 0001:00025038       __dstbias                  0000000140026038 f   libucrt:timeset.obj
 0001:00025040       __timezone                 0000000140026040 f   libucrt:timeset.obj
 0001:00025048       __tzname                   0000000140026048 f   libucrt:timeset.obj
 0001:00025050       __wide_tzname              0000000140026050 f   libucrt:timeset.obj
 0001:00025058       _get_daylight              0000000140026058 f   libucrt:timeset.obj
 0001:00025088       _get_dstbias               0000000140026088 f   libucrt:timeset.obj
 0001:000250b8       _get_timezone              00000001400260b8 f   libucrt:timeset.obj
 0001:00025c54       __tzset                    0000000140026c54 f   libucrt:tzset.obj
 0001:00025c98       _isindst                   0000000140026c98 f   libucrt:tzset.obj
 0001:00025e94       _lseeki64                  0000000140026e94 f   libucrt:lseek.obj
 0001:00025f30       _lseeki64_nolock           0000000140026f30 f   libucrt:lseek.obj
 0001:00025fcc       _lseeki64_nolock_internal  0000000140026fcc f   libucrt:lseek.obj
 0001:00025fd4       _putwch_nolock             0000000140026fd4 f   libucrt:putwch.obj
 0001:00026010       __acrt_stdio_allocate_buffer_nolock 0000000140027010 f   libucrt:_getbuf.obj
 0001:0002607c       __acrt_fenv_get_common_round_control 000000014002707c f   libucrt:_fenvutils.obj
 0001:00026088       __acrt_fenv_get_control    0000000140027088 f   libucrt:_fenvutils.obj
 0001:0002616c       __acrt_fenv_get_status     000000014002716c f   libucrt:_fenvutils.obj
 0001:000261c4       __acrt_fenv_set_control    00000001400271c4 f   libucrt:_fenvutils.obj
 0001:000262fc       __acrt_fenv_set_status     00000001400272fc f   libucrt:_fenvutils.obj
 0001:00026370       qsort                      0000000140027370 f   libucrt:qsort.obj
 0001:00026780       strncpy_s                  0000000140027780 f   libucrt:strncpy_s.obj
 0001:00026910       strpbrk                    0000000140027910 f   libucrt:strpbrk.obj
 0001:00026cd8       _mbsdec                    0000000140027cd8 f   libucrt:mbsdec.obj
 0001:00026ce0       _mbsdec_l                  0000000140027ce0 f   libucrt:mbsdec.obj
 0001:00026d8c       _wcsnicoll                 0000000140027d8c f   libucrt:wcsnicol.obj
 0001:00026ddc       _wcsnicoll_l               0000000140027ddc f   libucrt:wcsnicol.obj
 0001:00026ecc       __strncnt                  0000000140027ecc f   libucrt:strncnt.obj
 0001:00026ee4       __acrt_GetStringTypeW      0000000140027ee4 f   libucrt:getstringtypew.obj
 0001:00026eec       _chsize_nolock             0000000140027eec f   libucrt:chsize.obj
 0001:00026f84       _chsize_nolock_internal    0000000140027f84 f   libucrt:chsize.obj
 0001:00027118       _controlfp_s               0000000140028118 f   libucrt:contrlfp.obj
 0001:0002717c       fegetenv                   000000014002817c f   libucrt:fegetenv.obj
 0001:0002719c       fesetenv                   000000014002819c f   libucrt:fesetenv.obj
 0001:000271f4       feholdexcept               00000001400281f4 f   libucrt:feholdexcept.obj
 0001:00027244       ceil                       0000000140028244 f   libucrt:ceil.obj
 0001:00027310       log10                      0000000140028310 f   libucrt:log10.obj
 0001:000278bc       ?reset_and_return@__crt_mbstring@@YA_K_KPEAU_Mbstatet@@@Z 00000001400288bc f   libucrt:common_utf8.obj
 0001:000278c4       ?return_illegal_sequence@__crt_mbstring@@YA_KPEAU_Mbstatet@@AEAV__crt_cached_ptd_host@@@Z 00000001400288c4 f   libucrt:common_utf8.obj
 0001:000278d8       ?__mbrtoc32_utf8@__crt_mbstring@@YA_KPEA_UPEBD_KPEAU_Mbstatet@@AEAV__crt_cached_ptd_host@@@Z 00000001400288d8 f   libucrt:mbrtoc32.obj
 0001:00027ab4       __acrt_LCMapStringW        0000000140028ab4 f   libucrt:lcmapstringw.obj
 0001:00027b3c       wcstol                     0000000140028b3c f   libucrt:strtox.obj
 0001:00027d80       _wgetenv_s                 0000000140028d80 f   libucrt:getenv.obj
 0001:00027d88       __dcrt_lowio_ensure_console_output_initialized 0000000140028d88 f   libucrt:initcon.obj
 0001:00027ddc       __dcrt_terminate_console_output 0000000140028ddc f   libucrt:initcon.obj
 0001:00027df8       __dcrt_write_console       0000000140028df8 f   libucrt:initcon.obj
 0001:00027eb8       __acrt_CompareStringW      0000000140028eb8 f   libucrt:comparestringw.obj
 0001:0002809c       _handle_error              000000014002909c f   libucrt:libm_error.obj
 0001:000281c4       _handle_errorf             00000001400291c4 f   libucrt:libm_error.obj
 0001:000282f8       _handle_nan                00000001400292f8 f   libucrt:libm_error.obj
 0001:00028314       _handle_nanf               0000000140029314 f   libucrt:libm_error.obj
 0001:00028330       __acrt_initialize_fma3     0000000140029330 f   libucrt:fma3_available.obj
 0001:000283a0       _log10_special             00000001400293a0 f   libucrt:log_special.obj
 0001:00028458       _raise_exc                 0000000140029458 f   libucrt:fpexcept.obj
 0001:00028480       _raise_exc_ex              0000000140029480 f   libucrt:fpexcept.obj
 0001:00028788       _raise_excf                0000000140029788 f   libucrt:fpexcept.obj
 0001:000287b4       _set_errno_from_matherr    00000001400297b4 f   libucrt:fpexcept.obj
 0001:000287e4       _clrfp                     00000001400297e4 f   libucrt:fpctrl.obj
 0001:00028804       _ctrlfp                    0000000140029804 f   libucrt:fpctrl.obj
 0001:00028880       _set_statfp                0000000140029880 f   libucrt:fpctrl.obj
 0001:000288a0       _statfp                    00000001400298a0 f   libucrt:fpctrl.obj
 0001:000288b4       __GSHandlerCheck           00000001400298b4 f   LIBCMT:gshandler.obj
 0001:000288d4       __GSHandlerCheckCommon     00000001400298d4 f   LIBCMT:gshandler.obj
 0001:00028940       __security_check_cookie    0000000140029940 f   LIBCMT:amdsecgs.obj
 0001:00028960       _FindPESection             0000000140029960 f   LIBCMT:pesect.obj
 0001:000289b0       _IsNonwritableInCurrentImage 00000001400299b0 f   LIBCMT:pesect.obj
 0001:00028a00       _ValidateImageBase         0000000140029a00 f   LIBCMT:pesect.obj
 0001:00028a30       __GSHandlerCheck_SEH       0000000140029a30 f   LIBCMT:gshandlerseh.obj
 0001:00028ab8       __raise_securityfailure    0000000140029ab8 f   LIBCMT:gs_report.obj
 0001:00028aec       __report_gsfailure         0000000140029aec f   LIBCMT:gs_report.obj
 0001:00028bc0       __report_rangecheckfailure 0000000140029bc0 f   LIBCMT:gs_report.obj
 0001:00028bd4       __report_securityfailure   0000000140029bd4 f   LIBCMT:gs_report.obj
 0001:00028d54       __GSHandlerCheck_EH        0000000140029d54 f   LIBCMT:gshandlereh.obj
 0001:00028df0       _alloca_probe              0000000140029df0 f   LIBCMT:chkstk.obj
 0001:00028df0       __chkstk                   0000000140029df0 f   LIBCMT:chkstk.obj
 0001:00028e40       __C_specific_handler_noexcept 0000000140029e40 f   libvcruntime:chandler_noexcept.obj
 0001:00028e8c       wcsrchr                    0000000140029e8c f   libvcruntime:wcsrchr.obj
 0001:00028f50       memcmp                     0000000140029f50 f   libvcruntime:memcmp.obj
 0001:00029018       strrchr                    000000014002a018 f   libvcruntime:strrchr.obj
 0001:00029144       wcschr                     000000014002a144 f   libvcruntime:wcschr.obj
 0001:00031ae0       __vdecl_sinf4              0000000140032ae0 f   LIBCMT:svml_ssinf4_dispatch.obj
 0001:00031b00       __libm_sse2_sincosf_       0000000140032b00 f   LIBCMT:svml_ssinf4_dispatch.obj
 0001:00031b43       __libm_sse2_sincosf4_      0000000140032b43 f   LIBCMT:svml_ssinf4_dispatch.obj
 0001:00031b50       __vdecl_cos2               0000000140032b50 f   LIBCMT:svml_dcos2_dispatch.obj
 0001:00031b70       __sse2_sinf4@@16           0000000140032b70 f   LIBCMT:svml_ssinf4_sse2.obj
 0001:000324b0       __sse4_sinf4@@16           00000001400334b0 f   LIBCMT:svml_ssinf4_sse4.obj
 0001:00032c30       __sse2_cos2@@16            0000000140033c30 f   LIBCMT:svml_dcos2_sse2.obj
 0001:000332e0       __sse4_cos2@@16            00000001400342e0 f   LIBCMT:svml_dcos2_sse4.obj
 0001:00033990       __common_ssin_cout_rare    0000000140034990 f   LIBCMT:svml_s_sin_cout.obj
 0001:00033a00       __common_dcos_cout_rare    0000000140034a00 f   LIBCMT:svml_d_cos_cout.obj
 0001:00033a70       _vcomp_for_dynamic_init    0000000140034a70 f   VCOMP:VCOMP140.DLL
 0001:00033a76       _vcomp_for_dynamic_next    0000000140034a76 f   VCOMP:VCOMP140.DLL
 0001:00033a7c       _vcomp_for_static_end      0000000140034a7c f   VCOMP:VCOMP140.DLL
 0001:00033a82       _vcomp_for_static_simple_init 0000000140034a82 f   VCOMP:VCOMP140.DLL
 0001:00033a88       _vcomp_fork                0000000140034a88 f   VCOMP:VCOMP140.DLL
[...]
 0002:00010f00       $xdatasym                  0000000140049f00     LIBCMT:svml_s_sin_cout.obj
 0002:00010f08       $xdatasym                  0000000140049f08     LIBCMT:svml_d_cos_cout.obj
 0002:00010f10       $unwind$atan2f             0000000140049f10     libucrt:atan2f.obj
 0002:00010f30       $xdatasym                  0000000140049f30     libucrt:cos.obj
 0002:00010f38       $xdatasym                  0000000140049f38     libucrt:cosf.obj
 0002:00010f40       $xdatasym                  0000000140049f40     libucrt:expf.obj
 0002:00010f48       $xdatasym                  0000000140049f48     libucrt:powf.obj
 0002:00010f58       $xdatasym                  0000000140049f58     libucrt:sinf.obj
 0002:00010f60       $xdatasym                  0000000140049f60     libucrt:remainder_piby2_forasm.obj
 0002:00010f70       $xdatasym                  0000000140049f70     libucrt:remainder_piby2_forfma3.obj
 0002:00010f7c       $unwind$_sincos_special    0000000140049f7c     libucrt:sincos_special.obj
 0002:00010f7c       $unwind$_sincosf_special   0000000140049f7c     libucrt:sincos_special.obj
 0002:00010f88       $xdatasym                  0000000140049f88     libucrt:remainder_piby2f_forasm.obj
 0002:00010f8c       $unwind$_powf_special      0000000140049f8c     libucrt:pow_special.obj
 0002:00010f98       $xdatasym                  0000000140049f98     libucrt:remainder_piby2f_forc.obj
 0002:000118b6       .idata$6                   000000014004a8b6     ws2_32:WS2_32.dll
 0002:000118d8       .idata$6                   000000014004a8d8     kernel32:KERNEL32.dll
 0002:0001190a       .idata$6                   000000014004a90a     user32:USER32.dll
 0002:00011a16       .idata$6                   000000014004aa16     bass:BASS.dll
 0002:00011ab4       .idata$6                   000000014004aab4     DevIL:DevIL.dll
 0002:00011d3e       .idata$6                   000000014004ad3e     SDL2:SDL2.dll
 0002:0001245c       .idata$6                   000000014004b45c     VCOMP:VCOMP140.DLL
 0003:00000040       ?__vcrt_flsindex@@3KA      000000014004c040     libvcruntime:per_thread_data.obj
 0003:00000160       ?dazSupported@?1??common_control87@@9@9 000000014004c160     libucrt:ieee.obj
 0003:00000168       ?errno_no_memory@@3HA      000000014004c168     libucrt:errno.obj
 0003:0000016c       ?doserrno_no_memory@@3KA   000000014004c16c     libucrt:errno.obj
 0003:000001b8       ?__acrt_flsindex@@3KA      000000014004c1b8     libucrt:per_thread_data.obj
 0003:00000660       _mbctypes                  000000014004c660     libucrt:mbctype.obj
 0003:00000770       _mbcasemaps                000000014004c770     libucrt:mbctype.obj
 0003:00000870       ?__rgctypeflag@@3PADA      000000014004c870     libucrt:mbctype.obj
 0003:00000880       ?__rgcode_page_info@@3PAUcode_page_info@@A 000000014004c880     libucrt:mbctype.obj
 0003:00000a30       ?tzstd_program@@3PADA      000000014004ca30     libucrt:timeset.obj
 0003:00000a70       ?tzdst_program@@3PADA      000000014004ca70     libucrt:timeset.obj
 0003:00000ab0       ?w_tzstd_program@@3PA_WA   000000014004cab0     libucrt:timeset.obj
 0003:00000b30       ?w_tzdst_program@@3PA_WA   000000014004cb30     libucrt:timeset.obj
 0003:00000bb0       ?tzname_states@@3PAY01PEADA 000000014004cbb0     libucrt:timeset.obj
 0003:00000bc0       ?w_tzname_states@@3PAY01PEA_WA 000000014004cbc0     libucrt:timeset.obj
 0003:00000bd0       ?dststart@@3Utransitiondate@?A0x7639d0b4@@A 000000014004cbd0     libucrt:tzset.obj
 0003:00000be0       ?dstend@@3Utransitiondate@?A0x7639d0b4@@A 000000014004cbe0     libucrt:tzset.obj
 0003:00000bf0       ?__dcrt_lowio_console_output_handle@@3PEAXEA 000000014004cbf0     libucrt:initcon.obj
 0003:00000c00       ?dazSupported@?1??_ctrlfp@@9@9 000000014004cc00     libucrt:fpctrl.obj
 0003:00000c40       ?need_init@?1??server_connect@@9@9 000000014004cc40     device.obj
 0003:00000c44       ?s_curRayLength@@3IA       000000014004cc44     ball.obj
 0003:00000c48       ?s_beamAlphaMin@@3MA       000000014004cc48     ball.obj
 0003:00000c4c       ?s_beamAtten@@3IA          000000014004cc4c     ball.obj
 0003:00000c50       ?s_rocketCallbacks@@3Usync_cb@@A 000000014004cc50     rocket.obj
 0003:00000c68       ?s_mapTilt@@3HA            000000014004cc68     landscape.obj
 0003:00000c70       ?s_lastErr@@3V?$basic_string@DU?$char_traits@D@std@@V?$allocator@D@2@@std@@A 000000014004cc70     main.obj
 0003:00000f20       ?is_initialized_as_dll@@3_NA 000000014004cf20     LIBCMT:utility.obj
 0003:00000f21       ?module_local_atexit_table_initialized@@3_NA 000000014004cf21     LIBCMT:utility.obj
 0003:00000f28       ?module_local_atexit_table@@3U_onexit_table_t@@A 000000014004cf28     LIBCMT:utility.obj
 0003:00000f40       ?module_local_at_quick_exit_table@@3U_onexit_table_t@@A 000000014004cf40     LIBCMT:utility.obj
 0003:00000f90       ?__vcrt_startup_thread_ptd@@3U__vcrt_ptd@@A 000000014004cf90     libvcruntime:per_thread_data.obj
 0003:00001010       __vcrt_lock_table          000000014004d010     libvcruntime:locks.obj
 0003:00001038       __vcrt_locks_initialized   000000014004d038     libvcruntime:locks.obj
 0003:00001080       ?heap@@3V_HeapManager@@A   000000014004d080     libvcruntime:undname.obj
 0003:000010a8       ?module_handles@@3PAPEAUHINSTANCE__@@A 000000014004d0a8     libvcruntime:winapi_downlevel.obj
 0003:000010c0       ?function_pointers@@3PAPEAXA 000000014004d0c0     libvcruntime:winapi_downlevel.obj
 0003:00001108       ?__acrt_invalid_parameter_handler@@3V?$dual_state_global@P6AXPEB_W00I_K@Z@__crt_state_management@@A 000000014004d108     libucrt:invalid_parameter.obj
 0003:00001110       ?__acrt_new_handler@@3V?$dual_state_global@P6AH_K@Z@__crt_state_management@@A 000000014004d110     libucrt:new_handler.obj
 0003:00001118       ?c_termination_complete@@3JA 000000014004d118     libucrt:exit.obj
 0003:00001120       ?thread_local_exit_callback_func@@3P6AXPEAXK0@ZEA 000000014004d120     libucrt:exit.obj
 0003:00001128       ?c_exit_complete@?1???R<lambda_6e4b09c48022b2350581041d5f6b0c4c>@@QEBA@XZ@4_NA 000000014004d128     libucrt:exit.obj
 0003:00001130       ?program_name@?1???$common_configure_argv@D@@YAHW4_crt_argv_mode@@@Z@4PADA 000000014004d130     libucrt:argv_parsing.obj
 0003:00001288       ?__acrt_app_type@@3W4_crt_app_type@@A 000000014004d288     libucrt:report_runtime_error.obj
 0003:00001290       ?user_matherr@@3V?$dual_state_global@P6AHPEAU_exception@@@Z@__crt_state_management@@A 000000014004d290     libucrt:matherr.obj
 0003:00001298       ?empty_string@?1???$common_wincmdln@E@@YAPEAEXZ@4PAEA 000000014004d298     libucrt:argv_winmain.obj
 0003:000012a0       ?__acrt_global_new_mode@@3V?$dual_state_global@J@__crt_state_management@@A 000000014004d2a0     libucrt:new_mode.obj
 0003:000012b0       ?module_handles@@3PAPEAUHINSTANCE__@@A 000000014004d2b0     libucrt:winapi_thunks.obj
 0003:00001360       ?encoded_function_pointers@@3PAPEAXA 000000014004d360     libucrt:winapi_thunks.obj
 0003:00001870       ?internal_state@?1??_mbtowc_internal@@9@4U_Mbstatet@@A 000000014004d870     libucrt:mbtowc.obj
 0003:00001878       ?enable_percent_n@@3_KA    000000014004d878     libucrt:printf_count_output.obj
 0003:00001890       ?__acrt_lock_table@@3PAU_RTL_CRITICAL_SECTION@@A 000000014004d890     libucrt:locks.obj
 0003:00001ac0       ?__acrt_locks_initialized@@3IA 000000014004dac0     libucrt:locks.obj
 0003:00001ae0       ?fSystemSet@@3HA           000000014004dae0     libucrt:mbctype.obj
 0003:00001ae4       ?initialized@?1??__acrt_initialize_multibyte@@9@4_NA 000000014004dae4     libucrt:mbctype.obj
 0003:00001b20       ?ctrlc_action@@3V?$dual_state_global@P6AXH@Z@__crt_state_management@@A 000000014004db20     libucrt:signal.obj
 0003:00001b28       ?ctrlbreak_action@@3V?$dual_state_global@P6AXH@Z@__crt_state_management@@A 000000014004db28     libucrt:signal.obj
 0003:00001b30       ?abort_action@@3V?$dual_state_global@P6AXH@Z@__crt_state_management@@A 000000014004db30     libucrt:signal.obj
 0003:00001b38       ?term_action@@3V?$dual_state_global@P6AXH@Z@__crt_state_management@@A 000000014004db38     libucrt:signal.obj
 0003:00001b60       ?_tzname@@3V?$dual_state_global@PEAPEAD@__crt_state_management@@A 000000014004db60     libucrt:timeset.obj
 0003:00001b68       ?w_tzname@@3V?$dual_state_global@PEAPEA_W@__crt_state_management@@A 000000014004db68     libucrt:timeset.obj
 0003:00001b70       ?last_wide_tz@@3PEA_WEA    000000014004db70     libucrt:tzset.obj
 0003:00001b80       ?tz_api_used@@3HA          000000014004db80     libucrt:tzset.obj
 0003:00001b84       ?tzset_init_state@@3V?$dual_state_global@J@__crt_state_management@@A 000000014004db84     libucrt:tzset.obj
 0003:00001b90       ?tz_info@@3U_TIME_ZONE_INFORMATION@@A 000000014004db90     libucrt:tzset.obj
 0003:00001c40       ?internal_pst@?1??__mbrtoc32_utf8@__crt_mbstring@@YA_KPEA_UPEBD_KPEAU_Mbstatet@@AEAV__crt_cached_ptd_host@@@Z@4U3@A 000000014004dc40     libucrt:mbrtoc32.obj
 0003:00001c50       GS_ExceptionRecord         000000014004dc50     LIBCMT:gs_report.obj
 0003:00001cf0       GS_ContextRecord           000000014004dcf0     LIBCMT:gs_report.obj
 0003:000094e8       ?s_bassInf@@3UBASS_INFO@@A 00000001400554e8     audio.obj
 0003:00009520       ?fNautilus_global@@3VVector3@@A 0000000140055520     shadertoy.obj
 0003:00009530       ?fSpike_global@@3VVector4@@A 0000000140055530     shadertoy.obj
 0003:00009540       ?temp@?1??path_encode@@9@9 0000000140055540     device.obj
 0003:00009644       ?s_hMusic@@3KA             0000000140055644     audio.obj
 0003:00009648       ?s_pEnvMap@@3PEAIEA        0000000140055648     ball.obj
 0003:00009650       ?temp@?1??sync_track_path@@9@9 0000000140055650     device.obj
 0003:00009758       ?s_pColorMap@@3PAPEAIA     0000000140055758     ball.obj
 0003:00009768       ?s_pHeightMap@@3PAPEAEA    0000000140055768     ball.obj
 0003:00009790       ?s_heightProj@@3PAIA       0000000140055790     ball.obj
 0003:0000a790       ?s_heightProjNorm@@3PAHA   0000000140056790     ball.obj
 0003:0000b790       ?s_heightMapMix@@3PEAEEA   0000000140057790     ball.obj
 0003:0000b798       ?s_pBeamMap@@3PEAIEA       0000000140057798     ball.obj
 0003:0000b7a0       ?s_pBackgrounds@@3PAPEAIA  00000001400577a0     ball.obj
 0003:0000b7b0       ?s_pTempBuf@@3PEAIEA       00000001400577b0     boxblur.obj
 0003:0000b7b8       ?s_genState@@3UTINYMT32_T@@A 00000001400577b8     random.obj
 0003:0000b7d8       ?s_hRocket@@3PEAUsync_device@@EA 00000001400577d8     rocket.obj
 0003:0000b7e0       ?s_pFDTunnelTex@@3PEAIEA   00000001400577e0     shadertoy.obj
 0003:0000b7e8       ?s_pNautilusDirt@@3PEAIEA  00000001400577e8     demo.obj
 0003:0000b7f0       ?s_pBallVignette@@3PEAIEA  00000001400577f0     demo.obj
 0003:0000b7f8       ?s_pLenz@@3PEAIEA          00000001400577f8     demo.obj
 0003:0000b800       ?s_pRevLogo@@3PEAIEA       0000000140057800     demo.obj
 0003:0000b808       ?s_pSpikeyFullDirt@@3PEAIEA 0000000140057808     demo.obj
 0003:0000b810       ?s_pNoooN@@3PEAIEA         0000000140057810     demo.obj
 0003:0000b818       ?s_pTunnelVignette2@@3PEAIEA 0000000140057818     demo.obj
 0003:0000b820       ?s_pDiscoGuys@@3PAPEAIA    0000000140057820     demo.obj
 0003:0000b860       ?s_pGreetings@@3PAPEAIA    0000000140057860     demo.obj
 0003:0000b880       ?s_pCredits@@3PAPEAIA      0000000140057880     demo.obj
 0003:0000b8a0       ?s_pSpikeyBypass@@3PEAIEA  00000001400578a0     demo.obj
 0003:0000b8a8       ?s_pWaterDirt@@3PEAIEA     00000001400578a8     demo.obj
 0003:0000b8b0       ?s_pCloseSpikeVignette@@3PEAIEA 00000001400578b0     demo.obj
 0003:0000b8b8       ?s_pCloseSpikeDirt@@3PEAIEA 00000001400578b8     demo.obj
 0003:0000b8c0       ?s_pVignette06@@3PEAIEA    00000001400578c0     demo.obj
 0003:0000b8c8       ?s_pNautilusCousteauRim2@@3PEAIEA 00000001400578c8     demo.obj
 0003:0000b8d0       ?s_pWaterPrismOverlay@@3PEAIEA 00000001400578d0     demo.obj
 0003:0000b8d8       ?s_pNautilusCousteau2@@3PEAIEA 00000001400578d8     demo.obj
 0003:0000b8e0       ?s_pSpikeyArrested@@3PEAIEA 00000001400578e0     demo.obj
 0003:0000b8e8       ?s_pAreWeDone@@3PEAIEA     00000001400578e8     demo.obj
 0003:0000b8f0       ?s_pTunnelFullDirt@@3PEAIEA 00000001400578f0     demo.obj
 0003:0000b8f8       ?s_pGodLayer@@3PEAIEA      00000001400578f8     demo.obj
 0003:0000b900       ?s_pSpikeyVignette@@3PEAIEA 0000000140057900     demo.obj
 0003:0000b908       ?s_pNautilusCousteauRim1@@3PEAIEA 0000000140057908     demo.obj
 0003:0000b910       ?s_pTunnelVignette@@3PEAIEA 0000000140057910     demo.obj
 0003:0000b918       ?s_pNautilusCousteau1@@3PEAIEA 0000000140057918     demo.obj
 0003:0000b920       ?s_pNautilusVignette@@3PEAIEA 0000000140057920     demo.obj
 0003:0000b928       ?s_pNautilusText@@3PEAIEA  0000000140057928     demo.obj
 0003:0000b930       ?s_pGreetingsDirt@@3PEAIEA 0000000140057930     demo.obj
 0003:0000b938       ?s_pGreetingsVignette@@3PEAIEA 0000000140057938     demo.obj
 0003:0000b940       ?s_pMFX@@3PEAIEA           0000000140057940     demo.obj
 0003:0000b948       ?s_pSpikeyVignette2@@3PEAIEA 0000000140057948     demo.obj
 0003:0000b950       ?s_pPad@@3PEAU_SDL_GameController@@EA 0000000140057950     gamepad.obj
 0003:0000b958       ?s_pGC@@3V?$vector@PEAXV?$allocator@PEAX@std@@@std@@A 0000000140057958     image.obj
 0003:0000b970       ?s_pColorMap@@3PEAIEA      0000000140057970     landscape.obj
 0003:0000b978       ?s_pFogGradient@@3PEAIEA   0000000140057978     landscape.obj
 0003:0000b980       ?s_fogGradientUnp@@3PAT__m128i@@A 0000000140057980     landscape.obj
 0003:0000c980       ?s_pHeightMap@@3PEAEEA     0000000140058980     landscape.obj
 0003:0000c988       ?s_pInvMap2x2@@3PEAHEA     0000000140058988     polar.obj
 0003:0000c990       ?s_pMap@@3PEAHEA           0000000140058990     polar.obj
 0003:0000c998       ?s_pInvMap@@3PEAHEA        0000000140058998     polar.obj
 0003:0000c9a0       ?s_pMap2x2@@3PEAHEA        00000001400589a0     polar.obj
 0003:0000c9a8       ?s_pColorMap@@3PEAIEA      00000001400589a8     torus-twister.obj
 0003:0000c9b0       ?s_heightProj@@3PAIA       00000001400589b0     torus-twister.obj
 0003:0000cbb0       ?s_pHeightMap@@3PEAEEA     0000000140058bb0     torus-twister.obj
 0003:0000cbb8       ?s_pBackground@@3PEAIEA    0000000140058bb8     torus-twister.obj
 0003:0000cbc0       ?s_pColorMap@@3PEAIEA      0000000140058bc0     tunnelscape.obj
 0003:0000cbc8       ?s_pFogGradient@@3PEAIEA   0000000140058bc8     tunnelscape.obj
 0003:0000cbd0       ?s_fogGradientUnp@@3PAT__m128i@@A 0000000140058bd0     tunnelscape.obj
 0003:0000dbd0       ?s_pHeightMap@@3PEAEEA     0000000140059bd0     tunnelscape.obj
 0003:0000dbd8       ?numCalls@?9??Gamepad_Update@@YA_NAEAUPadState@@@Z@4HA 0000000140059bd8     gamepad.obj
 0003:0000dbdc       ?viewAngle@?1??vscape@@YAXPEAIMM@Z@4MA 0000000140059bdc     landscape.obj
 0003:0000dbe0       ?padMoveX@?1??vscape@@YAXPEAIMM@Z@4MA 0000000140059be0     landscape.obj
 0003:0000dbe4       ?padTilt@?1??vscape@@YAXPEAIMM@Z@4MA 0000000140059be4     landscape.obj
 0003:0000dbe8       ?padMoveY@?1??vscape@@YAXPEAIMM@Z@4MA 0000000140059be8     landscape.obj
 0003:0000dbec       ?strafeY@?1??vscape@@YAXPEAIMM@Z@4MA 0000000140059bec     landscape.obj
 0003:0000dbf0       ?strafeX@?1??vscape@@YAXPEAIMM@Z@4MA 0000000140059bf0     landscape.obj
 0003:0000dc00       ?edgeDivs@?1??VerticalBoxBlur32@@YAXPEAIPEBIIIM@Z@4PAT__m128i@@A 0000000140059c00     boxblur.obj
 0003:0000ec00       ?edgeDivs@?1??HorizontalBoxBlur32@@YAXPEAIPEBIIIM@Z@4PAT__m128i@@A 000000014005ac00     boxblur.obj
 0005:00000000       MsetTab                    000000014005f000     libvcruntime:memset.obj
 0005:00000050       MoveSmall                  000000014005f050     libvcruntime:memcpy.obj
 0005:00000090       MoveSmallYmm               000000014005f090     libvcruntime:memcpy.obj
 0005:000000b4       MoveSmallYmmNT             000000014005f0b4     libvcruntime:memcpy.obj
 0005:000000d8       MoveSmallXmm               000000014005f0d8     libvcruntime:memcpy.obj
 0005:00000100       _2il0floatpacket$19        000000014005f100     LIBCMT:svml_ssinf4_sse2.obj
 0005:00000200       _2il0floatpacket$26        000000014005f200     LIBCMT:svml_dcos2_sse2.obj
 0005:00000210       _2il0floatpacket$27        000000014005f210     LIBCMT:svml_dcos2_sse2.obj
 0005:00000220       _2il0floatpacket$28        000000014005f220     LIBCMT:svml_dcos2_sse2.obj
 0005:00000230       _2il0floatpacket$29        000000014005f230     LIBCMT:svml_dcos2_sse2.obj
 0005:00000240       _2il0floatpacket$30        000000014005f240     LIBCMT:svml_dcos2_sse2.obj
 0005:00000250       _2il0floatpacket$31        000000014005f250     LIBCMT:svml_dcos2_sse2.obj
 0005:00000260       _2il0floatpacket$32        000000014005f260     LIBCMT:svml_dcos2_sse2.obj
 0005:00000270       _2il0floatpacket$33        000000014005f270     LIBCMT:svml_dcos2_sse2.obj
 0005:00000280       _2il0floatpacket$34        000000014005f280     LIBCMT:svml_dcos2_sse2.obj
 0005:00000290       _2il0floatpacket$35        000000014005f290     LIBCMT:svml_dcos2_sse2.obj
 0005:000002a0       _2il0floatpacket$36        000000014005f2a0     LIBCMT:svml_dcos2_sse2.obj
 0005:000002b0       _2il0floatpacket$37        000000014005f2b0     LIBCMT:svml_dcos2_sse2.obj
 0005:000002c0       _2il0floatpacket$38        000000014005f2c0     LIBCMT:svml_dcos2_sse2.obj
 0005:000002d0       _2il0floatpacket$39        000000014005f2d0     LIBCMT:svml_dcos2_sse2.obj
 0005:000002e0       _2il0floatpacket$40        000000014005f2e0     LIBCMT:svml_dcos2_sse2.obj
 0005:000002f0       _2il0floatpacket$41        000000014005f2f0     LIBCMT:svml_dcos2_sse2.obj
 0005:00000300       _2il0floatpacket$42        000000014005f300     LIBCMT:svml_dcos2_sse2.obj
 0005:00000310       _2il0floatpacket$43        000000014005f310     LIBCMT:svml_dcos2_sse2.obj
 0005:00000400       _2il0floatpacket$26        000000014005f400     LIBCMT:svml_dcos2_sse4.obj
 0005:00000410       _2il0floatpacket$27        000000014005f410     LIBCMT:svml_dcos2_sse4.obj
 0005:00000420       _2il0floatpacket$28        000000014005f420     LIBCMT:svml_dcos2_sse4.obj
 0005:00000430       _2il0floatpacket$29        000000014005f430     LIBCMT:svml_dcos2_sse4.obj
 0005:00000440       _2il0floatpacket$30        000000014005f440     LIBCMT:svml_dcos2_sse4.obj
 0005:00000450       _2il0floatpacket$31        000000014005f450     LIBCMT:svml_dcos2_sse4.obj
 0005:00000460       _2il0floatpacket$32        000000014005f460     LIBCMT:svml_dcos2_sse4.obj
 0005:00000470       _2il0floatpacket$33        000000014005f470     LIBCMT:svml_dcos2_sse4.obj
 0005:00000480       _2il0floatpacket$34        000000014005f480     LIBCMT:svml_dcos2_sse4.obj
 0005:00000490       _2il0floatpacket$35        000000014005f490     LIBCMT:svml_dcos2_sse4.obj
 0005:000004a0       _2il0floatpacket$36        000000014005f4a0     LIBCMT:svml_dcos2_sse4.obj
 0005:000004b0       _2il0floatpacket$37        000000014005f4b0     LIBCMT:svml_dcos2_sse4.obj
 0005:000004c0       _2il0floatpacket$38        000000014005f4c0     LIBCMT:svml_dcos2_sse4.obj
 0005:000004d0       _2il0floatpacket$39        000000014005f4d0     LIBCMT:svml_dcos2_sse4.obj
 0005:000004e0       _2il0floatpacket$40        000000014005f4e0     LIBCMT:svml_dcos2_sse4.obj
 0005:000004f0       _2il0floatpacket$41        000000014005f4f0     LIBCMT:svml_dcos2_sse4.obj
 0005:00000500       _2il0floatpacket$42        000000014005f500     LIBCMT:svml_dcos2_sse4.obj
 0005:00000510       _2il0floatpacket$43        000000014005f510     LIBCMT:svml_dcos2_sse4.obj
 0005:00002700       _vmlsSinHATab              0000000140061700     LIBCMT:svml_s_sin_cout.obj
 0005:00013500       _vmldCosHATab              0000000140072500     LIBCMT:svml_d_cos_cout.obj
 0006:00000060       $R000000                   0000000140073060     * linker generated manifest res *
