 VS17

 Timestamp is 6415a6a9 (Sat Mar 18 12:55:21 2023)

 Preferred load address is 0000000140000000

 Start         Length     Name                   Class
 0001:00000000 00000020H .text$di                CODE
 0001:00000020 00036ab0H .text$mn                CODE
 0001:00036ad0 00000040H .text$mn$00             CODE
 0001:00036b10 000006d0H .text$x                 CODE
 0001:000371e0 000000d9H .text$yd                CODE
 0002:00000000 00000538H .idata$5                DATA
 0002:00000538 00000028H .00cfg                  DATA
 0002:00000560 00000008H .CRT$XCA                DATA
 0002:00000568 00000008H .CRT$XCAA               DATA
 0002:00000570 00000010H .CRT$XCU                DATA
 0002:00000580 00000008H .CRT$XCZ                DATA
 0002:00000588 00000008H .CRT$XIA                DATA
 0002:00000590 00000008H .CRT$XIAA               DATA
 0002:00000598 00000008H .CRT$XIAC               DATA
 0002:000005a0 00000028H .CRT$XIC                DATA
 0002:000005c8 00000008H .CRT$XIZ                DATA
 0002:000005d0 00000008H .CRT$XPA                DATA
 0002:000005d8 00000010H .CRT$XPX                DATA
 0002:000005e8 00000008H .CRT$XPXA               DATA
 0002:000005f0 00000008H .CRT$XPZ                DATA
 0002:000005f8 00000008H .CRT$XTA                DATA
 0002:00000600 00000010H .CRT$XTZ                DATA
 0002:00000608 00000000H .gehcont$y              DATA
 0002:00000608 00000000H .gfids$y                DATA
 0002:00000610 0000cef0H .rdata                  DATA
 0002:0000d500 00000000H .rdata$CastGuardVftablesA DATA
 0002:0000d500 00000000H .rdata$CastGuardVftablesC DATA
 0002:0000d500 000006fcH .rdata$r                DATA
 0002:0000dbfc 000002ccH .rdata$voltmd           DATA
 0002:0000dec8 000003b0H .rdata$zzzdbg           DATA
 0002:0000e278 00000008H .rtc$IAA                DATA
 0002:0000e280 00000008H .rtc$IZZ                DATA
 0002:0000e288 00000008H .rtc$TAA                DATA
 0002:0000e290 00000008H .rtc$TZZ                DATA
 0002:0000e298 00002c78H .xdata                  DATA
 0002:00010f10 00000314H .xdata$x                DATA
 0002:00011224 00000000H .edata                  DATA
 0002:00011224 0000008cH .idata$2                DATA
 0002:000112b0 00000018H .idata$3                DATA
 0002:000112c8 00000538H .idata$4                DATA
 0002:00011800 00000bd2H .idata$6                DATA
 0003:00000000 00000ca0H .data                   DATA
 0003:00000ca0 000001a8H .data$r                 DATA
 0003:00000e48 000000c8H .data$rs                DATA
 0003:00000f10 0000ed10H .bss                    DATA
 0004:00000000 00002748H .pdata                  DATA
 0005:00000000 00013510H _RDATA                  DATA
 0006:00000000 00000060H .rsrc$01                DATA
 0006:00000060 00000180H .rsrc$02                DATA

  Address         Publics by Value              Rva+Base               Lib:Object

 0000:00000000       __x64_code_ranges_to_entry_points_count 0000000000000000     <absolute>
 0000:00000000       __guard_longjmp_table      0000000000000000     <absolute>
 0000:00000000       __x64_code_ranges_to_entry_points 0000000000000000     <absolute>
 0000:00000000       __guard_iat_table          0000000000000000     <absolute>
 0000:00000000       __guard_fids_count         0000000000000000     <absolute>
 0000:00000000       __guard_iat_count          0000000000000000     <absolute>
 0000:00000000       __guard_longjmp_count      0000000000000000     <absolute>
 0000:00000000       __arm64x_extra_rfe_table   0000000000000000     <absolute>
 0000:00000000       __dynamic_value_reloc_table 0000000000000000     <absolute>
 0000:00000000       __hybrid_auxiliary_iat     0000000000000000     <absolute>
 0000:00000000       __hybrid_auxiliary_iat_copy 0000000000000000     <absolute>
 0000:00000000       __hybrid_code_map          0000000000000000     <absolute>
 0000:00000000       __arm64x_extra_rfe_table_size 0000000000000000     <absolute>
 0000:00000000       __arm64x_redirection_metadata 0000000000000000     <absolute>
 0000:00000000       __AbsoluteZero             0000000000000000     <absolute>
 0000:00000000       __guard_check_icall_a64n_fptr 0000000000000000     <absolute>
 0000:00000000       __guard_fids_table         0000000000000000     <absolute>
 0000:00000000       __guard_eh_cont_count      0000000000000000     <absolute>
 0000:00000000       __arm64x_redirection_metadata_count 0000000000000000     <absolute>
 0000:00000000       __enclave_config           0000000000000000     <absolute>
 0000:00000000       __guard_eh_cont_table      0000000000000000     <absolute>
 0000:00000000       __arm64x_native_entrypoint 0000000000000000     <absolute>
 0000:00000000       __hybrid_code_map_count    0000000000000000     <absolute>
 0000:00000100       __guard_flags              0000000000000100     <absolute>
 0000:00000000       __ImageBase                0000000140000000     <linker-defined>
 0001:00000020       __local_stdio_printf_options 0000000140001020 f i device.obj
 0001:00000030       fprintf                    0000000140001030 f i device.obj
 0001:00000080       snprintf                   0000000140001080 f i device.obj
 0001:000002d0       sync_save_tracks           00000001400012d0 f   device.obj
 0001:00000890       sync_tcp_connect           0000000140001890 f   device.obj
 0001:00000ad0       sync_update                0000000140001ad0 f   device.obj
 0001:00000d40       sync_get_track             0000000140001d40 f   device.obj
 0001:00000f40       sync_get_val               0000000140001f40 f   track.obj
 0001:00001140       ??0Vector3@@QEAA@MMM@Z     0000000140002140 f i Matrix44.obj
 0001:00001160       ??GVector3@@QEBA?BV0@AEBV0@@Z 0000000140002160 f i Matrix44.obj
 0001:000011a0       ??DVector3@@QEBA?BMAEBV0@@Z 00000001400021a0 f i Matrix44.obj
 0001:000011d0       ??DVector3@@QEBA?BV0@M@Z   00000001400021d0 f i Matrix44.obj
 0001:00001200       ??XVector3@@QEAAAEAV0@M@Z  0000000140002200 f i Matrix44.obj
 0001:00001230       ?Normalized@Vector3@@QEBA?BV1@XZ 0000000140002230 f i Matrix44.obj
 0001:000012a0       ??0Vector4@@QEAA@MMMM@Z    00000001400022a0 f i Matrix44.obj
 0001:000012c0       ??0exception@std@@QEAA@AEBV01@@Z 00000001400022c0 f i audio.obj
 0001:00001300       ?what@exception@std@@UEBAPEBDXZ 0000000140002300 f i audio.obj
 0001:00001320       ??_Glength_error@std@@UEAAPEAXI@Z 0000000140002320 f i libcpmt:xthrow.obj
 0001:00001320       ??_Gbad_array_new_length@std@@UEAAPEAXI@Z 0000000140002320 f i audio.obj
 0001:00001320       ??_Gbad_exception@std@@UEAAPEAXI@Z 0000000140002320 f i libvcruntime:frame.obj
 0001:00001320       ??_Ebad_exception@std@@UEAAPEAXI@Z 0000000140002320 f i libvcruntime:frame.obj
 0001:00001320       ??_Glogic_error@std@@UEAAPEAXI@Z 0000000140002320 f i libcpmt:xthrow.obj
 0001:00001320       ??_Eexception@std@@UEAAPEAXI@Z 0000000140002320 f i * CIL library *:* CIL module *
 0001:00001320       ??_Gexception@std@@UEAAPEAXI@Z 0000000140002320 f i audio.obj
 0001:00001320       ??_Ebad_array_new_length@std@@UEAAPEAXI@Z 0000000140002320 f i * CIL library *:* CIL module *
 0001:00001320       ??_Gbad_alloc@std@@UEAAPEAXI@Z 0000000140002320 f i audio.obj
 0001:00001320       ??_Gruntime_error@std@@UEAAPEAXI@Z 0000000140002320 f i main.obj
 0001:00001320       ??_Eruntime_error@std@@UEAAPEAXI@Z 0000000140002320 f i * CIL library *:* CIL module *
 0001:00001320       ??_Elogic_error@std@@UEAAPEAXI@Z 0000000140002320 f i libcpmt:xthrow.obj
 0001:00001320       ??_Ebad_alloc@std@@UEAAPEAXI@Z 0000000140002320 f i * CIL library *:* CIL module *
 0001:00001320       ??_Elength_error@std@@UEAAPEAXI@Z 0000000140002320 f i libcpmt:xthrow.obj
 0001:00001370       ??1length_error@std@@UEAA@XZ 0000000140002370 f i libcpmt:xthrow.obj
 0001:00001370       ??1bad_alloc@std@@UEAA@XZ  0000000140002370 f i audio.obj
 0001:00001370       ??1bad_array_new_length@std@@UEAA@XZ 0000000140002370 f i audio.obj
 0001:00001370       ??1system_error@std@@UEAA@XZ 0000000140002370 f i main.obj
 0001:00001370       ??1bad_exception@std@@UEAA@XZ 0000000140002370 f i libvcruntime:frame.obj
 0001:00001390       ??0bad_array_new_length@std@@QEAA@XZ 0000000140002390 f i audio.obj
 0001:000013c0       ?_Throw_bad_array_new_length@std@@YAXXZ 00000001400023c0 f i audio.obj
 0001:000013c0       ?__scrt_throw_std_bad_array_new_length@@YAXXZ 00000001400023c0 f i LIBCMT:throw_bad_alloc.obj
 0001:000013e0       ??0bad_array_new_length@std@@QEAA@AEBV01@@Z 00000001400023e0 f i audio.obj
 0001:00001420       ??0bad_alloc@std@@QEAA@AEBV01@@Z 0000000140002420 f i audio.obj
 0001:00001460       ?_Xlen_string@std@@YAXXZ   0000000140002460 f i audio.obj
 0001:00001480       ?Audio_Create@@YA_NIAEBV?$basic_string@DU?$char_traits@D@std@@V?$allocator@D@2@@std@@PEAUHWND__@@_N@Z 0000000140002480 f   audio.obj
 0001:000017d0       ?Audio_Rocket_Pause@@YAXPEAXH@Z 00000001400027d0 f   audio.obj
 0001:000017f0       ?Audio_Rocket_SetRow@@YAXPEAXH@Z 00000001400027f0 f   audio.obj
 0001:00001830       ?Audio_Rocket_IsPlaying@@YAHPEAX@Z 0000000140002830 f   audio.obj
 0001:00001840       ??1?$basic_string@DU?$char_traits@D@std@@V?$allocator@D@2@@std@@QEAA@XZ 0000000140002840 f i audio.obj
 0001:000018a0       ??0?$basic_string@DU?$char_traits@D@std@@V?$allocator@D@2@@std@@QEAA@QEBD@Z 00000001400028a0 f i audio.obj
 0001:000018e0       ?assign@?$basic_string@DU?$char_traits@D@std@@V?$allocator@D@2@@std@@QEAAAEAV12@QEBD@Z 00000001400028e0 f i audio.obj
 0001:00001900       ?assign@?$basic_string@DU?$char_traits@D@std@@V?$allocator@D@2@@std@@QEAAAEAV12@QEBD_K@Z 0000000140002900 f i audio.obj
 0001:00002930       ?Ball_Create@@YA_NXZ       0000000140003930 f   ball.obj
 0001:00002e40       ?HorizontalBoxBlur32@@YAXPEAIPEBIIIM@Z 0000000140003e40 f   boxblur.obj
 0001:00002fd0       ?VerticalBoxBlur32@@YAXPEAIPEBIIIM@Z 0000000140003fd0 f   boxblur.obj
 0001:00003150       ?Fx_Blit_2x2@@YAXPEAI0@Z   0000000140004150 f   fx-blitter.obj
 0001:000031c0       tinymt32_init              00000001400041c0 f   random.obj
 0001:000034a0       ?Shadertoy_Create@@YA_NXZ  00000001400044a0 f   shadertoy.obj
 0001:000047a0       ?RenderLaura_2x2@@YAXPEAIM@Z 00000001400057a0 f   shadertoy.obj
 0001:00004990       ?Demo_Create@@YA_NXZ       0000000140005990 f   demo.obj
 0001:00006090       ?Demo_Draw@@YAXPEAIMM@Z    0000000140007090 f   demo.obj
 0001:000073a0       ?Open@Display@@QEAA_NAEBV?$basic_string@DU?$char_traits@D@std@@V?$allocator@D@2@@std@@II_N@Z 00000001400083a0 f   display.obj
 0001:00007690       ?Gamepad_Update@@YA_NAEAUPadState@@@Z 0000000140008690 f   gamepad.obj
 0001:00007ba0       ?Image_Load32@@YAPEAIAEBV?$basic_string@DU?$char_traits@D@std@@V?$allocator@D@2@@std@@@Z 0000000140008ba0 f   image.obj
 0001:00007bb0       ?deallocate@?$allocator@PEAX@std@@QEAAXQEAPEAX_K@Z 0000000140008bb0 f i image.obj
 0001:00007c00       ??$_Emplace_reallocate@AEBQEAX@?$vector@PEAXV?$allocator@PEAX@std@@@std@@QEAAPEAPEAXQEAPEAXAEBQEAX@Z 0000000140008c00 f i image.obj
 0001:00007df0       ?_Xlength@?$vector@PEAXV?$allocator@PEAX@std@@@std@@CAXXZ 0000000140008df0 f i image.obj
 0001:000083e0       ?Landscape_Create@@YA_NXZ  00000001400093e0 f   landscape.obj
 0001:00008640       ??0runtime_error@std@@QEAA@AEBV01@@Z 0000000140009640 f i main.obj
 0001:00008680       ?default_error_condition@error_category@std@@UEBA?AVerror_condition@2@H@Z 0000000140009680 f i main.obj
 0001:00008690       ?equivalent@error_category@std@@UEBA_NHAEBVerror_condition@2@@Z 0000000140009690 f i main.obj
 0001:000086d0       ?equivalent@error_category@std@@UEBA_NAEBVerror_code@2@H@Z 00000001400096d0 f i main.obj
 0001:000086f0       ?make_error_code@std@@YA?AVerror_code@1@W4errc@1@@Z 00000001400096f0 f i main.obj
 0001:00008710       ??0_System_error@std@@IEAA@Verror_code@1@AEBV?$basic_string@DU?$char_traits@D@std@@V?$allocator@D@2@@1@@Z 0000000140009710 f i main.obj
 0001:000088b0       ??_G_System_error@std@@UEAAPEAXI@Z 00000001400098b0 f i main.obj
 0001:000088b0       ??_Gsystem_error@std@@UEAAPEAXI@Z 00000001400098b0 f i main.obj
 0001:000088b0       ??_E_System_error@std@@UEAAPEAXI@Z 00000001400098b0 f i * CIL library *:* CIL module *
 0001:000088b0       ??_Esystem_error@std@@UEAAPEAXI@Z 00000001400098b0 f i * CIL library *:* CIL module *
 0001:00008900       ??0system_error@std@@QEAA@Verror_code@1@@Z 0000000140009900 f i main.obj
 0001:000089b0       ?_Throw_system_error@std@@YAXW4errc@1@@Z 00000001400099b0 f i main.obj
 0001:000089f0       ??0system_error@std@@QEAA@AEBV01@@Z 00000001400099f0 f i main.obj
 0001:00008a50       ??0_System_error@std@@QEAA@AEBV01@@Z 0000000140009a50 f i main.obj
 0001:00008aa0       ?name@_Generic_error_category@std@@UEBAPEBDXZ 0000000140009aa0 f i main.obj
 0001:00008ab0       ?message@_Generic_error_category@std@@UEBA?AV?$basic_string@DU?$char_traits@D@std@@V?$allocator@D@2@@2@H@Z 0000000140009ab0 f i main.obj
 0001:00008b00       ??_E_Generic_error_category@std@@UEAAPEAXI@Z 0000000140009b00 f i * CIL library *:* CIL module *
 0001:00008b00       ??_G_Generic_error_category@std@@UEAAPEAXI@Z 0000000140009b00 f i main.obj
 0001:00008b00       ??_E_System_error_category@std@@UEAAPEAXI@Z 0000000140009b00 f i * CIL library *:* CIL module *
 0001:00008b00       ??_G_System_error_category@std@@UEAAPEAXI@Z 0000000140009b00 f i main.obj
 0001:00008b30       ?name@_System_error_category@std@@UEBAPEBDXZ 0000000140009b30 f i main.obj
 0001:00008b40       ?message@_System_error_category@std@@UEBA?AV?$basic_string@DU?$char_traits@D@std@@V?$allocator@D@2@@2@H@Z 0000000140009b40 f i main.obj
 0001:00008bb0       ?default_error_condition@_System_error_category@std@@UEBA?AVerror_condition@2@H@Z 0000000140009bb0 f i main.obj
 0001:00008c10       ?_Make_ec@filesystem@std@@YA?AVerror_code@2@W4__std_win_error@@@Z 0000000140009c10 f i main.obj
 0001:00008c30       ?_Throw_system_error_from_std_win_error@filesystem@std@@YAXW4__std_win_error@@@Z 0000000140009c30 f i main.obj
 0001:00008c70       ??0path@filesystem@std@@QEAA@AEBV012@@Z 0000000140009c70 f i main.obj
 0001:00008d70       ??0filesystem_error@filesystem@std@@QEAA@AEBV?$basic_string@DU?$char_traits@D@std@@V?$allocator@D@2@@2@AEBVpath@12@Verror_code@2@@Z 0000000140009d70 f i main.obj
 0001:00008e90       ?what@filesystem_error@filesystem@std@@UEBAPEBDXZ 0000000140009e90 f i main.obj
 0001:00008ea0       ?_Pretty_message@filesystem_error@filesystem@std@@CA?AV?$basic_string@DU?$char_traits@D@std@@V?$allocator@D@2@@3@V?$basic_string_view@DU?$char_traits@D@std@@@3@AEBVpath@23@1@Z 0000000140009ea0 f i main.obj
 0001:000090d0       ??_Gfilesystem_error@filesystem@std@@UEAAPEAXI@Z 000000014000a0d0 f i main.obj
 0001:000090d0       ??_Efilesystem_error@filesystem@std@@UEAAPEAXI@Z 000000014000a0d0 f i * CIL library *:* CIL module *
 0001:00009220       ??1filesystem_error@filesystem@std@@UEAA@XZ 000000014000a220 f i main.obj
 0001:00009340       ??0filesystem_error@filesystem@std@@QEAA@AEBV012@@Z 000000014000a340 f i main.obj
 0001:000093c0       ?_Throw_fs_error@filesystem@std@@YAXPEBDW4__std_win_error@@AEBVpath@12@@Z 000000014000a3c0 f i main.obj
 0001:00009430       WinMain                    000000014000a430 f   main.obj
 0001:00009e50       ??0?$basic_string@DU?$char_traits@D@std@@V?$allocator@D@2@@std@@QEAA@AEBV01@@Z 000000014000ae50 f i main.obj
 0001:00009f30       ?append@?$basic_string@DU?$char_traits@D@std@@V?$allocator@D@2@@std@@QEAAAEAV12@QEBD_K@Z 000000014000af30 f i main.obj
 0001:00009fb0       ??$_Convert_wide_to_narrow_replace_chars@U?$char_traits@D@std@@V?$allocator@D@2@@filesystem@std@@YA?AV?$basic_string@DU?$char_traits@D@std@@V?$allocator@D@2@@1@W4__std_code_page@@V?$basic_string_view@_WU?$char_traits@_W@std@@@1@AEBV?$allocator@D@1@@Z 000000014000afb0 f i main.obj
 0001:0000a100       ??$_Reallocate_grow_by@V<lambda_1>@?1??reserve@?$basic_string@DU?$char_traits@D@std@@V?$allocator@D@2@@std@@QEAAX_K@Z@$$V@?$basic_string@DU?$char_traits@D@std@@V?$allocator@D@2@@std@@AEAAAEAV01@_KV<lambda_1>@?1??reserve@01@QEAAX0@Z@@Z 000000014000b100 f i main.obj
 0001:0000a250       ??$_Reallocate_grow_by@V<lambda_1>@?1??append@?$basic_string@_WU?$char_traits@_W@std@@V?$allocator@_W@2@@std@@QEAAAEAV34@_K_W@Z@_K_W@?$basic_string@_WU?$char_traits@_W@std@@V?$allocator@_W@2@@std@@AEAAAEAV01@_KV<lambda_1>@?1??append@01@QEAAAEAV01@0_W@Z@_K_W@Z 000000014000b250 f i main.obj
 0001:0000a400       ??$_Reallocate_grow_by@V<lambda_1>@?1??push_back@?$basic_string@DU?$char_traits@D@std@@V?$allocator@D@2@@std@@QEAAXD@Z@D@?$basic_string@DU?$char_traits@D@std@@V?$allocator@D@2@@std@@AEAAAEAV01@_KV<lambda_1>@?1??push_back@01@QEAAXD@Z@D@Z 000000014000b400 f i main.obj
 0001:0000a570       ??$_Reallocate_grow_by@V<lambda_1>@?1??append@?$basic_string@DU?$char_traits@D@std@@V?$allocator@D@2@@std@@QEAAAEAV34@QEBD_K@Z@PEBD_K@?$basic_string@DU?$char_traits@D@std@@V?$allocator@D@2@@std@@AEAAAEAV01@_KV<lambda_1>@?1??append@01@QEAAAEAV01@QEBD0@Z@PEBD_K@Z 000000014000b570 f i main.obj
 0001:0000a6f0       ??$_Reallocate_grow_by@V<lambda_1>@?1??append@?$basic_string@DU?$char_traits@D@std@@V?$allocator@D@2@@std@@QEAAAEAV34@_KD@Z@_KD@?$basic_string@DU?$char_traits@D@std@@V?$allocator@D@2@@std@@AEAAAEAV01@_KV<lambda_1>@?1??append@01@QEAAAEAV01@0D@Z@_KD@Z 000000014000b6f0 f i main.obj
 0001:0000ab20       ?Polar_Blit@@YAXPEAIPEBI_N@Z 000000014000bb20 f   polar.obj
 0001:0000ab60       ?Polar_BlitA@@YAXPEAIPEBI_N@Z 000000014000bb60 f   polar.obj
 0001:0000ab90       ?Shared_Create@@YA_NXZ     000000014000bb90 f   shared-resources.obj
 0001:0000b110       ?Twister_Create@@YA_NXZ    000000014000c110 f   torus-twister.obj
 0001:0000b7c0       ?Tunnelscape_Create@@YA_NXZ 000000014000c7c0 f   tunnelscape.obj
 0001:0000ba20       ?Mix32@@YAXPEAIPEBIIE@Z    000000014000ca20 f   util.obj
 0001:0000ba90       ?MixOver32@@YAXPEAIPEBII@Z 000000014000ca90 f   util.obj
 0001:0000bad0       ?Sub32@@YAXPEAIPEBII@Z     000000014000cad0 f   util.obj
 0001:0000bb20       ?Excl32@@YAXPEAIPEBII@Z    000000014000cb20 f   util.obj
 0001:0000bb60       ?SoftLight32@@YAXPEAIPEBII@Z 000000014000cb60 f   util.obj
 0001:0000bba0       ?Overlay32@@YAXPEAIPEBII@Z 000000014000cba0 f   util.obj
 0001:0000bbe0       ?Overlay32A@@YAXPEAIPEBII@Z 000000014000cbe0 f   util.obj
 0001:0000bc20       ?Darken32_50@@YAXPEAIPEBII@Z 000000014000cc20 f   util.obj
 0001:0000bc60       ?TapeWarp32@@YAXPEAIPEBIIIMM@Z 000000014000cc60 f   util.obj
 0001:0000bcc0       ?MulSrc32@@YAXPEAIPEBII@Z  000000014000ccc0 f   util.obj
 0001:0000bd10       ?MulSrc32A@@YAXPEAIPEBII@Z 000000014000cd10 f   util.obj
 0001:0000bd60       ?MixSrc32@@YAXPEAIPEBII@Z  000000014000cd60 f   util.obj
 0001:0000bdb0       ?BlitSrc32@@YAXPEAIPEBIIII@Z 000000014000cdb0 f   util.obj
 0001:0000be30       ?BlitSrc32A@@YAXPEAIPEBIIIIM@Z 000000014000ce30 f   util.obj
 0001:0000bed0       ?BlitAdd32A@@YAXPEAIPEBIIIIM@Z 000000014000ced0 f   util.obj
 0001:0000bf70       ?Fade32@@YAXPEAIIIE@Z      000000014000cf70 f   util.obj
 0001:0000bff0       ??2@YAPEAX_K@Z             000000014000cff0 f   LIBCMT:new_scalar.obj
 0001:0000c02c       ??3@YAXPEAX@Z              000000014000d02c f   LIBCMT:delete_scalar.obj
 0001:0000c034       ??3@YAXPEAX_K@Z            000000014000d034 f   LIBCMT:delete_scalar_size.obj
 0001:0000c03c       ??_Etype_info@@UEAAPEAXI@Z 000000014000d03c f i LIBCMT:std_type_info_static.obj
 0001:0000c03c       ??_Gtype_info@@UEAAPEAXI@Z 000000014000d03c f i LIBCMT:std_type_info_static.obj
 0001:0000c068       __scrt_acquire_startup_lock 000000014000d068 f   LIBCMT:utility.obj
 0001:0000c0a4       __scrt_initialize_crt      000000014000d0a4 f   LIBCMT:utility.obj
 0001:0000c0f0       __scrt_initialize_onexit_tables 000000014000d0f0 f   LIBCMT:utility.obj
 0001:0000c17c       __scrt_is_nonwritable_in_current_image 000000014000d17c f   LIBCMT:utility.obj
 0001:0000c214       __scrt_release_startup_lock 000000014000d214 f   LIBCMT:utility.obj
 0001:0000c238       __scrt_uninitialize_crt    000000014000d238 f   LIBCMT:utility.obj
 0001:0000c264       _onexit                    000000014000d264 f   LIBCMT:utility.obj
 0001:0000c2a0       atexit                     000000014000d2a0 f   LIBCMT:utility.obj
 0001:0000c510       WinMainCRTStartup          000000014000d510 f   LIBCMT:exe_winmain.obj
 0001:0000c524       ??0bad_alloc@std@@QEAA@XZ  000000014000d524 f i LIBCMT:throw_bad_alloc.obj
 0001:0000c544       ?__scrt_throw_std_bad_alloc@@YAXXZ 000000014000d544 f   LIBCMT:throw_bad_alloc.obj
 0001:0000c564       __isa_available_init       000000014000d564 f   LIBCMT:cpu_disp.obj
 0001:0000c708       _get_startup_argv_mode     000000014000d708 f   LIBCMT:argv_mode.obj
 0001:0000c710       __scrt_is_ucrt_dll_in_use  000000014000d710 f   LIBCMT:ucrt_detection.obj
 0001:0000c71c       __crt_debugger_hook        000000014000d71c f   LIBCMT:utility_desktop.obj
 0001:0000c724       __scrt_fastfail            000000014000d724 f   LIBCMT:utility_desktop.obj
 0001:0000c870       __scrt_get_show_window_mode 000000014000d870 f   LIBCMT:utility_desktop.obj
 0001:0000c8ac       __scrt_initialize_mta      000000014000d8ac f   LIBCMT:utility_desktop.obj
 0001:0000c8b4       __scrt_initialize_winrt    000000014000d8b4 f   LIBCMT:utility_desktop.obj
 0001:0000c8b4       __scrt_stub_for_initialize_mta 000000014000d8b4 f   LIBCMT:utility_desktop.obj
 0001:0000c8b4       _get_startup_thread_locale_mode 000000014000d8b4 f   LIBCMT:thread_locale.obj
 0001:0000c8b4       _get_startup_commit_mode   000000014000d8b4 f   LIBCMT:commit_mode.obj
 0001:0000c8b4       __scrt_exe_initialize_mta  000000014000d8b4 f   LIBCMT:utility_desktop.obj
 0001:0000c8b4       _get_startup_new_mode      000000014000d8b4 f   LIBCMT:new_mode.obj
 0001:0000c8b4       _matherr                   000000014000d8b4 f   LIBCMT:matherr.obj
 0001:0000c8b8       __scrt_is_managed_app      000000014000d8b8 f   LIBCMT:utility_desktop.obj
 0001:0000c90c       __scrt_set_unhandled_exception_filter 000000014000d90c f   LIBCMT:utility_desktop.obj
 0001:0000c91c       __scrt_unhandled_exception_filter 000000014000d91c f   LIBCMT:utility_desktop.obj
 0001:0000c978       _initialize_denormal_control 000000014000d978 f i LIBCMT:denormal_control.obj
 0001:0000c978       _initialize_invalid_parameter_handler 000000014000d978 f i LIBCMT:invalid_parameter_handler.obj
 0001:0000c978       _guard_check_icall_nop     000000014000d978 f i LIBCMT:guard_support.obj
 0001:0000c97c       __security_init_cookie     000000014000d97c f   LIBCMT:gs_support.obj
 0001:0000ca28       _get_startup_file_mode     000000014000da28 f   LIBCMT:file_mode.obj
 0001:0000ca30       ?__scrt_initialize_type_info@@YAXXZ 000000014000da30 f   LIBCMT:tncleanup.obj
 0001:0000ca40       __acrt_uninitialize_command_line 000000014000da40 f   libucrt:argv_data.obj
 0001:0000ca40       _should_initialize_environment 000000014000da40 f   LIBCMT:env_mode.obj
 0001:0000ca44       __local_stdio_scanf_options 000000014000da44 f i LIBCMT:default_local_stdio_options.obj
 0001:0000ca4c       __scrt_initialize_default_local_stdio_options 000000014000da4c f   LIBCMT:default_local_stdio_options.obj
 0001:0000ca68       __scrt_is_user_matherr_present 000000014000da68 f   LIBCMT:matherr_detection.obj
 0001:0000ca74       __scrt_get_dyn_tls_init_callback 000000014000da74 f   LIBCMT:dyn_tls_init.obj
 0001:0000ca7c       __scrt_get_dyn_tls_dtor_callback 000000014000da7c f   LIBCMT:dyn_tls_dtor.obj
 0001:0000ca84       _RTC_Initialize            000000014000da84 f   LIBCMT:initsect.obj
 0001:0000cac0       _RTC_Terminate             000000014000dac0 f   LIBCMT:initsect.obj
 0001:0000cb00       ??0length_error@std@@QEAA@AEBV01@@Z 000000014000db00 f i libcpmt:xthrow.obj
 0001:0000cb3c       ??0length_error@std@@QEAA@PEBD@Z 000000014000db3c f i libcpmt:xthrow.obj
 0001:0000cb84       ??0logic_error@std@@QEAA@AEBV01@@Z 000000014000db84 f i libcpmt:xthrow.obj
 0001:0000cbc0       ?_Xlength_error@std@@YAXPEBD@Z 000000014000dbc0 f   libcpmt:xthrow.obj
 0001:0000cbe4       __std_system_error_allocate_message 000000014000dbe4 f   libcpmt:syserror_import_lib.obj
 0001:0000cc44       __std_system_error_deallocate_message 000000014000dc44 f   libcpmt:syserror_import_lib.obj
 0001:0000cc4c       __std_fs_code_page         000000014000dc4c f   libcpmt:filesystem.obj
 0001:0000cc74       __std_fs_convert_narrow_to_wide 000000014000dc74 f   libcpmt:filesystem.obj
 0001:0000ccbc       __std_fs_convert_wide_to_narrow_replace_chars 000000014000dcbc f   libcpmt:filesystem.obj
 0001:0000cd88       __std_fs_set_current_path  000000014000dd88 f   libcpmt:filesystem.obj
 0001:0000cda8       ?_Syserror_map@std@@YAPEBDH@Z 000000014000dda8 f   libcpmt:syserror.obj
 0001:0000cdd0       ?_Winerror_map@std@@YAHH@Z 000000014000ddd0 f   libcpmt:syserror.obj
 0001:0000cdf4       strchr                     000000014000ddf4 f   libvcruntime:strchr.obj
 0001:0000ce74       __std_exception_copy       000000014000de74 f   libvcruntime:std_exception.obj
 0001:0000cf04       __std_exception_destroy    000000014000df04 f   libvcruntime:std_exception.obj
 0001:0000cf2c       __vcrt_initialize          000000014000df2c f   libvcruntime:initialization.obj
 0001:0000cf54       __vcrt_uninitialize        000000014000df54 f   libvcruntime:initialization.obj
 0001:0000cf70       __C_specific_handler       000000014000df70 f   libvcruntime:riscchandler.obj
 0001:0000d17c       _CxxThrowException         000000014000e17c f   libvcruntime:throw.obj
 0001:0000d21c       __DestructExceptionObject  000000014000e21c f   libvcruntime:ehhelpers.obj
 0001:0000d28c       ?_CallMemberFunction0@@YAXQEAX0@Z 000000014000e28c f i libvcruntime:ehhelpers.obj
 0001:0000d290       _IsExceptionObjectToBeDestroyed 000000014000e290 f   libvcruntime:ehhelpers.obj
 0001:0000d2c0       __AdjustPointer            000000014000e2c0 f   libvcruntime:ehhelpers.obj
 0001:0000d2e4       __FrameUnwindFilter        000000014000e2e4 f   libvcruntime:ehhelpers.obj
 0001:0000d34c       __current_exception        000000014000e34c f   libvcruntime:ehhelpers.obj
 0001:0000d360       __current_exception_context 000000014000e360 f   libvcruntime:ehhelpers.obj
 0001:0000d374       __std_terminate            000000014000e374 f   libvcruntime:ehhelpers.obj
 0001:0000d390       memset_repmovs             000000014000e390 f   libvcruntime:memset.obj
 0001:0000d3b0       memset                     000000014000e3b0 f   libvcruntime:memset.obj
 0001:0000d540       __std_type_info_compare    000000014000e540 f   libvcruntime:std_type_info.obj
 0001:0000d568       __vcrt_freefls             000000014000e568 f   libvcruntime:per_thread_data.obj
 0001:0000d588       __vcrt_getptd              000000014000e588 f   libvcruntime:per_thread_data.obj
 0001:0000d5a4       __vcrt_getptd_noexit       000000014000e5a4 f   libvcruntime:per_thread_data.obj
 0001:0000d664       __vcrt_initialize_ptd      000000014000e664 f   libvcruntime:per_thread_data.obj
 0001:0000d6ac       __vcrt_uninitialize_ptd    000000014000e6ac f   libvcruntime:per_thread_data.obj
 0001:0000d6d0       __vcrt_initialize_locks    000000014000e6d0 f   libvcruntime:locks.obj
 0001:0000d704       __vcrt_uninitialize_locks  000000014000e704 f   libvcruntime:locks.obj
 0001:0000d750       _NLG_Notify                000000014000e750 f   libvcruntime:notify.obj
 0001:0000d770       __NLG_Dispatch2            000000014000e770 f   libvcruntime:notify.obj
 0001:0000d780       __NLG_Return2              000000014000e780 f   libvcruntime:notify.obj
 0001:0000d784       __except_validate_context_record 000000014000e784 f   libvcruntime:jbcxrval.obj
 0001:0000d90c       __vcrt_FlsAlloc            000000014000e90c f   libvcruntime:winapi_downlevel.obj
 0001:0000d954       __vcrt_FlsFree             000000014000e954 f   libvcruntime:winapi_downlevel.obj
 0001:0000d99c       __vcrt_FlsGetValue         000000014000e99c f   libvcruntime:winapi_downlevel.obj
 0001:0000d9e4       __vcrt_FlsSetValue         000000014000e9e4 f   libvcruntime:winapi_downlevel.obj
 0001:0000da38       __vcrt_InitializeCriticalSectionEx 000000014000ea38 f   libvcruntime:winapi_downlevel.obj
 0001:0000da9c       ??$_CallSETranslator@V__FrameHandler3@@@@YAHPEAUEHExceptionRecord@@PEA_KPEAU_CONTEXT@@PEAU_xDISPATCHER_CONTEXT@@PEBU_s_FuncInfo@@K1H@Z 000000014000ea9c f i libvcruntime:risctrnsctrl.obj
 0001:0000daf0       ??$_CallSETranslator@V__FrameHandler4@@@@YAHPEAUEHExceptionRecord@@PEA_KPEAU_CONTEXT@@PEAU_xDISPATCHER_CONTEXT@@PEAUFuncInfo4@FH4@@K1H@Z 000000014000eaf0 f i libvcruntime:risctrnsctrl.obj
 0001:0000db44       ?CatchTryBlock@__FrameHandler3@@SAPEBU_s_TryBlockMapEntry@@PEBU_s_FuncInfo@@H@Z 000000014000eb44 f   libvcruntime:risctrnsctrl.obj
 0001:0000db98       ?DecompFuncInfo@FH4@@YA_JPEAEAEAUFuncInfo4@1@_KH_N@Z 000000014000eb98 f i libvcruntime:risctrnsctrl.obj
 0001:0000dcbc       ?ExecutionInCatch@__FrameHandler3@@SA_NPEAU_xDISPATCHER_CONTEXT@@PEBU_s_FuncInfo@@@Z 000000014000ecbc f   libvcruntime:risctrnsctrl.obj
 0001:0000dce8       ?ExecutionInCatch@__FrameHandler4@@SA_NPEAU_xDISPATCHER_CONTEXT@@PEAUFuncInfo4@FH4@@@Z 000000014000ece8 f   libvcruntime:risctrnsctrl.obj
 0001:0000dcf0       ?FrameUnwindToEmptyState@__FrameHandler3@@SAXPEA_KPEAU_xDISPATCHER_CONTEXT@@PEBU_s_FuncInfo@@@Z 000000014000ecf0 f   libvcruntime:risctrnsctrl.obj
 0001:0000dd54       ?FrameUnwindToEmptyState@__FrameHandler4@@SAXPEA_KPEAU_xDISPATCHER_CONTEXT@@PEAUFuncInfo4@FH4@@@Z 000000014000ed54 f   libvcruntime:risctrnsctrl.obj
 0001:0000dd88       ?GetEstablisherFrame@__FrameHandler3@@SAPEA_KPEA_KPEAU_xDISPATCHER_CONTEXT@@PEBU_s_FuncInfo@@0@Z 000000014000ed88 f   libvcruntime:risctrnsctrl.obj
 0001:0000de54       ?GetEstablisherFrame@__FrameHandler4@@SAPEA_KPEA_KPEAU_xDISPATCHER_CONTEXT@@PEAUFuncInfo4@FH4@@0@Z 000000014000ee54 f   libvcruntime:risctrnsctrl.obj
 0001:0000de78       ?GetRangeOfTrysToCheck@__FrameHandler3@@SA?AU?$pair@Viterator@TryBlockMap@__FrameHandler3@@V123@@std@@AEAVTryBlockMap@1@HPEAU_xDISPATCHER_CONTEXT@@PEBU_s_FuncInfo@@H@Z 000000014000ee78 f   libvcruntime:risctrnsctrl.obj
 0001:0000dfb8       ?GetRangeOfTrysToCheck@__FrameHandler4@@SA?AU?$pair@Viterator@TryBlockMap4@FH4@@V123@@std@@AEAVTryBlockMap4@FH4@@HPEAU_xDISPATCHER_CONTEXT@@PEAUFuncInfo4@5@H@Z 000000014000efb8 f   libvcruntime:risctrnsctrl.obj
 0001:0000e120       ?UnwindNestedFrames@__FrameHandler3@@SAXPEA_KPEAUEHExceptionRecord@@PEAU_CONTEXT@@0PEAXPEBU_s_FuncInfo@@HHPEBU_s_HandlerType@@PEAU_xDISPATCHER_CONTEXT@@E@Z 000000014000f120 f   libvcruntime:risctrnsctrl.obj
 0001:0000e224       ?UnwindNestedFrames@__FrameHandler4@@SAXPEA_KPEAUEHExceptionRecord@@PEAU_CONTEXT@@0PEAXPEAUFuncInfo4@FH4@@HHPEAUHandlerType4@5@PEAU_xDISPATCHER_CONTEXT@@E@Z 000000014000f224 f   libvcruntime:risctrnsctrl.obj
 0001:0000e344       ?setBuffer@TryBlockMap4@FH4@@QEAAXViterator@12@@Z 000000014000f344 f i libvcruntime:risctrnsctrl.obj
 0001:0000e504       _CreateFrameInfo           000000014000f504 f   libvcruntime:risctrnsctrl.obj
 0001:0000e540       _FindAndUnlinkFrame        000000014000f540 f   libvcruntime:risctrnsctrl.obj
 0001:0000e594       _GetImageBase              000000014000f594 f   libvcruntime:risctrnsctrl.obj
 0001:0000e5a8       _GetThrowImageBase         000000014000f5a8 f   libvcruntime:risctrnsctrl.obj
 0001:0000e5bc       _SetImageBase              000000014000f5bc f   libvcruntime:risctrnsctrl.obj
 0001:0000e5d4       _SetThrowImageBase         000000014000f5d4 f   libvcruntime:risctrnsctrl.obj
 0001:0000e5ec       __CxxFrameHandler3         000000014000f5ec f   libvcruntime:risctrnsctrl.obj
 0001:0000e674       __CxxFrameHandler4         000000014000f674 f   libvcruntime:risctrnsctrl.obj
 0001:0000e750       memcpy_repmovs             000000014000f750 f   libvcruntime:memcpy.obj
 0001:0000e770       memmove                    000000014000f770 f   libvcruntime:memcpy.obj
 0001:0000e770       memcpy                     000000014000f770 f   libvcruntime:memcpy.obj
 0001:0000ede8       ?GetCurrentState@__FrameHandler3@@SAHPEA_KPEAU_xDISPATCHER_CONTEXT@@PEBU_s_FuncInfo@@@Z 000000014000fde8 f   libvcruntime:ehstate.obj
 0001:0000ee10       ?GetUnwindTryBlock@__FrameHandler3@@SAHPEA_KPEAU_xDISPATCHER_CONTEXT@@PEBU_s_FuncInfo@@@Z 000000014000fe10 f   libvcruntime:ehstate.obj
 0001:0000ee3c       ?SetState@__FrameHandler3@@SAXPEA_KPEBU_s_FuncInfo@@H@Z 000000014000fe3c f   libvcruntime:ehstate.obj
 0001:0000ee48       ?SetUnwindTryBlock@__FrameHandler3@@SAXPEA_KPEAU_xDISPATCHER_CONTEXT@@PEBU_s_FuncInfo@@H@Z 000000014000fe48 f   libvcruntime:ehstate.obj
 0001:0000ee84       ?StateFromControlPc@__FrameHandler3@@SAHPEBU_s_FuncInfo@@PEAU_xDISPATCHER_CONTEXT@@@Z 000000014000fe84 f   libvcruntime:ehstate.obj
 0001:0000ee8c       ?StateFromControlPc@__FrameHandler4@@SAHPEAUFuncInfo4@FH4@@PEAU_xDISPATCHER_CONTEXT@@@Z 000000014000fe8c f   libvcruntime:ehstate.obj
 0001:0000ee94       ?StateFromIp@__FrameHandler3@@SAHPEBU_s_FuncInfo@@PEAU_xDISPATCHER_CONTEXT@@_K@Z 000000014000fe94 f   libvcruntime:ehstate.obj
 0001:0000eefc       ?StateFromIp@__FrameHandler4@@SAHPEAUFuncInfo4@FH4@@PEAU_xDISPATCHER_CONTEXT@@_K@Z 000000014000fefc f   libvcruntime:ehstate.obj
 0001:000105e0       ??$TypeMatchHelper@V__FrameHandler3@@@@YAHPEBU_s_HandlerType@@PEBU_s_CatchableType@@PEBU_s_ThrowInfo@@@Z 00000001400115e0 f i libvcruntime:frame.obj
 0001:00010720       ??$TypeMatchHelper@V__FrameHandler4@@@@YAHPEAUHandlerType4@FH4@@PEBU_s_CatchableType@@PEBU_s_ThrowInfo@@@Z 0000000140011720 f i libvcruntime:frame.obj
 0001:00010864       ??$__InternalCxxFrameHandler@V__FrameHandler3@@@@YA?AW4_EXCEPTION_DISPOSITION@@PEAUEHExceptionRecord@@PEA_KPEAU_CONTEXT@@PEAU_xDISPATCHER_CONTEXT@@PEBU_s_FuncInfo@@H1E@Z 0000000140011864 f i libvcruntime:frame.obj
 0001:00010a9c       ??$__InternalCxxFrameHandler@V__FrameHandler4@@@@YA?AW4_EXCEPTION_DISPOSITION@@PEAUEHExceptionRecord@@PEA_KPEAU_CONTEXT@@PEAU_xDISPATCHER_CONTEXT@@PEAUFuncInfo4@FH4@@H1E@Z 0000000140011a9c f i libvcruntime:frame.obj
 0001:00010d30       ??0HandlerMap4@FH4@@QEAA@PEBUTryBlockMapEntry4@1@_KH@Z 0000000140011d30 f i libvcruntime:frame.obj
 0001:00010dac       ??0TryBlockMap4@FH4@@QEAA@PEBUFuncInfo4@1@_K@Z 0000000140011dac f i libvcruntime:frame.obj
 0001:00010e84       ??0bad_exception@std@@QEAA@AEBV01@@Z 0000000140011e84 f i libvcruntime:frame.obj
 0001:00010ec0       ??0bad_exception@std@@QEAA@XZ 0000000140011ec0 f i libvcruntime:frame.obj
 0001:00010ee0       ?CxxCallCatchBlock@__FrameHandler3@@SAPEAXPEAU_EXCEPTION_RECORD@@@Z 0000000140011ee0 f   libvcruntime:frame.obj
 0001:000110cc       ?CxxCallCatchBlock@__FrameHandler4@@SAPEAXPEAU_EXCEPTION_RECORD@@@Z 00000001400120cc f   libvcruntime:frame.obj
 0001:0001131c       ?DecompHandler@HandlerMap4@FH4@@AEAAXXZ 000000014001231c f i libvcruntime:frame.obj
 0001:0001155c       ?FrameUnwindToState@__FrameHandler3@@SAXPEA_KPEAU_xDISPATCHER_CONTEXT@@PEBU_s_FuncInfo@@H@Z 000000014001255c f   libvcruntime:frame.obj
 0001:000116e8       ?FrameUnwindToState@__FrameHandler4@@SAXPEA_KPEAU_xDISPATCHER_CONTEXT@@PEAUFuncInfo4@FH4@@H@Z 00000001400126e8 f   libvcruntime:frame.obj
 0001:000119d0       ?GetHandlerSearchState@__FrameHandler3@@SAHPEA_KPEAU_xDISPATCHER_CONTEXT@@PEBU_s_FuncInfo@@@Z 00000001400129d0 f i libvcruntime:frame.obj
 0001:00011be0       ?ReadEntry@UWMap4@FH4@@AEAAXPEAPEAE@Z 0000000140012be0 f i libvcruntime:frame.obj
 0001:00011c80       ?_CallMemberFunction1@@YAXQEAX00@Z 0000000140012c80 f i libvcruntime:frame.obj
 0001:00011c8c       ?_CallMemberFunction2@@YAXQEAX00H@Z 0000000140012c8c f i libvcruntime:frame.obj
 0001:00011c9c       ?getStartStop@UWMap4@FH4@@QEAAXHHAEAViterator@12@0@Z 0000000140012c9c f i libvcruntime:frame.obj
 0001:00011d6c       ?getStateFromIterators@UWMap4@FH4@@SAHAEBViterator@12@H0H0@Z 0000000140012d6c f i libvcruntime:frame.obj
 0001:00011e50       _CallSettingFrame          0000000140012e50 f   libvcruntime:handlers.obj
 0001:00011ea0       _CallSettingFrame_LookupContinuationIndex 0000000140012ea0 f   libvcruntime:handlers.obj
 0001:00011ed0       _CallSettingFrame_NotifyContinuationAddr 0000000140012ed0 f   libvcruntime:handlers.obj
 0001:00011f00       _CallSettingFrameEncoded   0000000140012f00 f   libvcruntime:handlers.obj
 0001:00012004       fopen                      0000000140013004 f   libucrt:fopen.obj
 0001:00012010       __acrt_initialize_stdio    0000000140013010 f   libucrt:_file.obj
 0001:00012130       __acrt_iob_func            0000000140013130 f   libucrt:_file.obj
 0001:00012144       __acrt_uninitialize_stdio  0000000140013144 f   libucrt:_file.obj
 0001:000121a0       _lock_file                 00000001400131a0 f   libucrt:_file.obj
 0001:000121ac       _unlock_file               00000001400131ac f   libucrt:_file.obj
 0001:000122dc       ?get_raw_ptd@__crt_cached_ptd_host@@QEAAPEAU__acrt_ptd@@XZ 00000001400132dc f i libucrt:fclose.obj
 0001:00012344       fclose                     0000000140013344 f   libucrt:fclose.obj
 0001:000123dc       realloc                    00000001400133dc f   libucrt:realloc.obj
 0001:00012424       ??$ensure_buffer_is_big_enough@D@formatting_buffer@__crt_stdio_output@@QEAA_N_KAEAV__crt_cached_ptd_host@@@Z 0000000140013424 f i libucrt:output.obj
 0001:000124cc       ??$parse_integer@KV?$c_string_character_source@D@__crt_strtox@@$0A@@__crt_strtox@@YAKAEAV__crt_cached_ptd_host@@V?$c_string_character_source@D@0@H_N@Z 00000001400134cc f i libucrt:output.obj
 0001:00012780       ??$type_case_integer@$07@?$output_processor@DV?$string_output_adapter@D@__crt_stdio_output@@V?$standard_base@DV?$string_output_adapter@D@__crt_stdio_output@@@2@@__crt_stdio_output@@AEAA_N_N@Z 0000000140013780 f i libucrt:output.obj
 0001:00012780       ??$type_case_integer@$07@?$output_processor@DV?$stream_output_adapter@D@__crt_stdio_output@@V?$standard_base@DV?$stream_output_adapter@D@__crt_stdio_output@@@2@@__crt_stdio_output@@AEAA_N_N@Z 0000000140013780 f i libucrt:output.obj
 0001:00012984       ??$type_case_integer@$09@?$output_processor@DV?$stream_output_adapter@D@__crt_stdio_output@@V?$standard_base@DV?$stream_output_adapter@D@__crt_stdio_output@@@2@@__crt_stdio_output@@AEAA_N_N@Z 0000000140013984 f i libucrt:output.obj
 0001:00012984       ??$type_case_integer@$09@?$output_processor@DV?$string_output_adapter@D@__crt_stdio_output@@V?$standard_base@DV?$string_output_adapter@D@__crt_stdio_output@@@2@@__crt_stdio_output@@AEAA_N_N@Z 0000000140013984 f i libucrt:output.obj
 0001:00012b88       ??$type_case_integer@$0BA@@?$output_processor@DV?$string_output_adapter@D@__crt_stdio_output@@V?$standard_base@DV?$string_output_adapter@D@__crt_stdio_output@@@2@@__crt_stdio_output@@AEAA_N_N@Z 0000000140013b88 f i libucrt:output.obj
 0001:00012b88       ??$type_case_integer@$0BA@@?$output_processor@DV?$stream_output_adapter@D@__crt_stdio_output@@V?$standard_base@DV?$stream_output_adapter@D@__crt_stdio_output@@@2@@__crt_stdio_output@@AEAA_N_N@Z 0000000140013b88 f i libucrt:output.obj
 0001:00012d8c       ??$type_case_integer_parse_into_buffer@I$07@?$output_processor@DV?$stream_output_adapter@D@__crt_stdio_output@@V?$standard_base@DV?$stream_output_adapter@D@__crt_stdio_output@@@2@@__crt_stdio_output@@AEAAXI_N@Z 0000000140013d8c f i libucrt:output.obj
 0001:00012d8c       ??$type_case_integer_parse_into_buffer@I$07@?$output_processor@DV?$string_output_adapter@D@__crt_stdio_output@@V?$standard_base@DV?$string_output_adapter@D@__crt_stdio_output@@@2@@__crt_stdio_output@@AEAAXI_N@Z 0000000140013d8c f i libucrt:output.obj
 0001:00012dfc       ??$type_case_integer_parse_into_buffer@I$09@?$output_processor@DV?$string_output_adapter@D@__crt_stdio_output@@V?$standard_base@DV?$string_output_adapter@D@__crt_stdio_output@@@2@@__crt_stdio_output@@AEAAXI_N@Z 0000000140013dfc f i libucrt:output.obj
 0001:00012dfc       ??$type_case_integer_parse_into_buffer@I$09@?$output_processor@DV?$stream_output_adapter@D@__crt_stdio_output@@V?$standard_base@DV?$stream_output_adapter@D@__crt_stdio_output@@@2@@__crt_stdio_output@@AEAAXI_N@Z 0000000140013dfc f i libucrt:output.obj
 0001:00012ea8       ??$type_case_integer_parse_into_buffer@I$0BA@@?$output_processor@DV?$stream_output_adapter@D@__crt_stdio_output@@V?$standard_base@DV?$stream_output_adapter@D@__crt_stdio_output@@@2@@__crt_stdio_output@@AEAAXI_N@Z 0000000140013ea8 f i libucrt:output.obj
 0001:00012ea8       ??$type_case_integer_parse_into_buffer@I$0BA@@?$output_processor@DV?$string_output_adapter@D@__crt_stdio_output@@V?$standard_base@DV?$string_output_adapter@D@__crt_stdio_output@@@2@@__crt_stdio_output@@AEAAXI_N@Z 0000000140013ea8 f i libucrt:output.obj
 0001:00012f2c       ??$type_case_integer_parse_into_buffer@_K$07@?$output_processor@DV?$stream_output_adapter@D@__crt_stdio_output@@V?$standard_base@DV?$stream_output_adapter@D@__crt_stdio_output@@@2@@__crt_stdio_output@@AEAAX_K_N@Z 0000000140013f2c f i libucrt:output.obj
 0001:00012f2c       ??$type_case_integer_parse_into_buffer@_K$07@?$output_processor@DV?$string_output_adapter@D@__crt_stdio_output@@V?$standard_base@DV?$string_output_adapter@D@__crt_stdio_output@@@2@@__crt_stdio_output@@AEAAX_K_N@Z 0000000140013f2c f i libucrt:output.obj
 0001:00012f9c       ??$type_case_integer_parse_into_buffer@_K$09@?$output_processor@DV?$stream_output_adapter@D@__crt_stdio_output@@V?$standard_base@DV?$stream_output_adapter@D@__crt_stdio_output@@@2@@__crt_stdio_output@@AEAAX_K_N@Z 0000000140013f9c f i libucrt:output.obj
 0001:00012f9c       ??$type_case_integer_parse_into_buffer@_K$09@?$output_processor@DV?$string_output_adapter@D@__crt_stdio_output@@V?$standard_base@DV?$string_output_adapter@D@__crt_stdio_output@@@2@@__crt_stdio_output@@AEAAX_K_N@Z 0000000140013f9c f i libucrt:output.obj
 0001:0001304c       ??$type_case_integer_parse_into_buffer@_K$0BA@@?$output_processor@DV?$stream_output_adapter@D@__crt_stdio_output@@V?$standard_base@DV?$stream_output_adapter@D@__crt_stdio_output@@@2@@__crt_stdio_output@@AEAAX_K_N@Z 000000014001404c f i libucrt:output.obj
 0001:0001304c       ??$type_case_integer_parse_into_buffer@_K$0BA@@?$output_processor@DV?$string_output_adapter@D@__crt_stdio_output@@V?$standard_base@DV?$string_output_adapter@D@__crt_stdio_output@@@2@@__crt_stdio_output@@AEAAX_K_N@Z 000000014001404c f i libucrt:output.obj
 0001:000131ec       ?crop_zeroes@__crt_stdio_output@@YAXPEADQEAU__crt_locale_pointers@@@Z 00000001400141ec f i libucrt:output.obj
 0001:00013258       ?parse_int_from_format_string@?$output_processor@DV?$string_output_adapter@D@__crt_stdio_output@@V?$standard_base@DV?$string_output_adapter@D@__crt_stdio_output@@@2@@__crt_stdio_output@@AEAA_NQEAH@Z 0000000140014258 f i libucrt:output.obj
 0001:00013258       ?parse_int_from_format_string@?$output_processor@DV?$stream_output_adapter@D@__crt_stdio_output@@V?$standard_base@DV?$stream_output_adapter@D@__crt_stdio_output@@@2@@__crt_stdio_output@@AEAA_NQEAH@Z 0000000140014258 f i libucrt:output.obj
 0001:000132e8       ?process@?$output_processor@DV?$stream_output_adapter@D@__crt_stdio_output@@V?$standard_base@DV?$stream_output_adapter@D@__crt_stdio_output@@@2@@__crt_stdio_output@@QEAAHXZ 00000001400142e8 f i libucrt:output.obj
 0001:00013680       ?process@?$output_processor@DV?$string_output_adapter@D@__crt_stdio_output@@V?$standard_base@DV?$string_output_adapter@D@__crt_stdio_output@@@2@@__crt_stdio_output@@QEAAHXZ 0000000140014680 f i libucrt:output.obj
 0001:00013a00       ?state_case_size@?$output_processor@DV?$stream_output_adapter@D@__crt_stdio_output@@V?$standard_base@DV?$stream_output_adapter@D@__crt_stdio_output@@@2@@__crt_stdio_output@@AEAA_NXZ 0000000140014a00 f i libucrt:output.obj
 0001:00013b88       ?state_case_size@?$output_processor@DV?$string_output_adapter@D@__crt_stdio_output@@V?$standard_base@DV?$string_output_adapter@D@__crt_stdio_output@@@2@@__crt_stdio_output@@AEAA_NXZ 0000000140014b88 f i libucrt:output.obj
 0001:00013d10       ?state_case_type@?$output_processor@DV?$stream_output_adapter@D@__crt_stdio_output@@V?$standard_base@DV?$stream_output_adapter@D@__crt_stdio_output@@@2@@__crt_stdio_output@@AEAA_NXZ 0000000140014d10 f i libucrt:output.obj
 0001:00014148       ?state_case_type@?$output_processor@DV?$string_output_adapter@D@__crt_stdio_output@@V?$standard_base@DV?$string_output_adapter@D@__crt_stdio_output@@@2@@__crt_stdio_output@@AEAA_NXZ 0000000140015148 f i libucrt:output.obj
 0001:0001454c       ?type_case_Z@?$output_processor@DV?$string_output_adapter@D@__crt_stdio_output@@V?$standard_base@DV?$string_output_adapter@D@__crt_stdio_output@@@2@@__crt_stdio_output@@AEAA_NXZ 000000014001554c f i libucrt:output.obj
 0001:0001454c       ?type_case_Z@?$output_processor@DV?$stream_output_adapter@D@__crt_stdio_output@@V?$standard_base@DV?$stream_output_adapter@D@__crt_stdio_output@@@2@@__crt_stdio_output@@AEAA_NXZ 000000014001554c f i libucrt:output.obj
 0001:000145c8       ?type_case_a@?$output_processor@DV?$string_output_adapter@D@__crt_stdio_output@@V?$standard_base@DV?$string_output_adapter@D@__crt_stdio_output@@@2@@__crt_stdio_output@@AEAA_NXZ 00000001400155c8 f i libucrt:output.obj
 0001:000145c8       ?type_case_a@?$output_processor@DV?$stream_output_adapter@D@__crt_stdio_output@@V?$standard_base@DV?$stream_output_adapter@D@__crt_stdio_output@@@2@@__crt_stdio_output@@AEAA_NXZ 00000001400155c8 f i libucrt:output.obj
 0001:0001481c       ?type_case_c_tchar@?$output_processor@DV?$stream_output_adapter@D@__crt_stdio_output@@V?$standard_base@DV?$stream_output_adapter@D@__crt_stdio_output@@@2@@__crt_stdio_output@@AEAA_ND@Z 000000014001581c f i libucrt:output.obj
 0001:0001481c       ?type_case_c_tchar@?$output_processor@DV?$string_output_adapter@D@__crt_stdio_output@@V?$standard_base@DV?$string_output_adapter@D@__crt_stdio_output@@@2@@__crt_stdio_output@@AEAA_ND@Z 000000014001581c f i libucrt:output.obj
 0001:000148f0       ?type_case_n@?$output_processor@DV?$stream_output_adapter@D@__crt_stdio_output@@V?$standard_base@DV?$stream_output_adapter@D@__crt_stdio_output@@@2@@__crt_stdio_output@@AEAA_NXZ 00000001400158f0 f i libucrt:output.obj
 0001:000148f0       ?type_case_n@?$output_processor@DV?$string_output_adapter@D@__crt_stdio_output@@V?$standard_base@DV?$string_output_adapter@D@__crt_stdio_output@@@2@@__crt_stdio_output@@AEAA_NXZ 00000001400158f0 f i libucrt:output.obj
 0001:000149a8       ?type_case_s@?$output_processor@DV?$stream_output_adapter@D@__crt_stdio_output@@V?$standard_base@DV?$stream_output_adapter@D@__crt_stdio_output@@@2@@__crt_stdio_output@@AEAA_NXZ 00000001400159a8 f i libucrt:output.obj
 0001:000149a8       ?type_case_s@?$output_processor@DV?$string_output_adapter@D@__crt_stdio_output@@V?$standard_base@DV?$string_output_adapter@D@__crt_stdio_output@@@2@@__crt_stdio_output@@AEAA_NXZ 00000001400159a8 f i libucrt:output.obj
 0001:00014a50       ?update_locale_slow@__crt_cached_ptd_host@@AEAAXXZ 0000000140015a50 f i libucrt:output.obj
 0001:00014ac8       ?validate_stream_is_ansi_if_required@?$__acrt_stdio_char_traits@D@@SA_NQEAU_iobuf@@@Z 0000000140015ac8 f i libucrt:output.obj
 0001:00014b64       ?write_string@?$string_output_adapter@D@__crt_stdio_output@@QEBAXQEBDHQEAHAEAV__crt_cached_ptd_host@@@Z 0000000140015b64 f i libucrt:output.obj
 0001:00014c08       ?write_string_impl@?$output_adapter_common@DV?$stream_output_adapter@D@__crt_stdio_output@@@__crt_stdio_output@@IEBAXQEBDHQEAHAEAV__crt_cached_ptd_host@@@Z 0000000140015c08 f i libucrt:output.obj
 0001:00014cd4       __stdio_common_vfprintf    0000000140015cd4 f   libucrt:output.obj
 0001:00014df8       __stdio_common_vsprintf    0000000140015df8 f   libucrt:output.obj
 0001:00015060       strncpy                    0000000140016060 f   libucrt:strncpy.obj
 0001:000151d0       isalnum                    00000001400161d0 f   libucrt:_ctype.obj
 0001:0001527c       ??$__acrt_convert_wcs_mbs_cp@D_WV<lambda_7c9dea7b4ca7285d2cdb541a38da6275>@@U__crt_win32_buffer_internal_dynamic_resizing@@@@YAHQEBDAEAV?$__crt_win32_buffer@_WU__crt_win32_buffer_internal_dynamic_resizing@@@@AEBV<lambda_7c9dea7b4ca7285d2cdb541a38da6275>@@I@Z 000000014001627c f i libucrt:stat.obj
 0001:00015794       ??0_LocaleUpdate@@QEAA@QEAU__crt_locale_pointers@@@Z 0000000140016794 f i libucrt:stat.obj
 0001:00015b80       _stat64i32                 0000000140016b80 f   libucrt:stat.obj
 0001:00015ca0       strncmp                    0000000140016ca0 f   libucrt:strncmp.obj
 0001:00015de0       _fwrite_internal           0000000140016de0 f   libucrt:fwrite.obj
 0001:00015e7c       _fwrite_nolock_internal    0000000140016e7c f   libucrt:fwrite.obj
 0001:00016090       fwrite                     0000000140017090 f   libucrt:fwrite.obj
 0001:00016134       free                       0000000140017134 f   libucrt:free.obj
 0001:00016160       strncat                    0000000140017160 f   libucrt:strncat.obj
 0001:000162f8       _mkdir                     00000001400172f8 f   libucrt:mkdir.obj
 0001:000163dc       _fread_nolock_s            00000001400173dc f   libucrt:fread.obj
 0001:0001663c       fread                      000000014001763c f   libucrt:fread.obj
 0001:0001665c       fread_s                    000000014001765c f   libucrt:fread.obj
 0001:00016704       malloc                     0000000140017704 f   libucrt:malloc.obj
 0001:0001670c       ?get_raw_ptd_noexit@__crt_cached_ptd_host@@QEAAPEAU__acrt_ptd@@XZ 000000014001770c f i libucrt:invalid_parameter.obj
 0001:00016778       ?value@?$dual_state_global@P6AXPEB_W00I_K@Z@__crt_state_management@@QEAAAEAP6AXPEB_W00I_K@ZAEAV__crt_cached_ptd_host@@@Z 0000000140017778 f i libucrt:invalid_parameter.obj
 0001:000167c4       __acrt_call_reportfault    00000001400177c4 f   libucrt:invalid_parameter.obj
 0001:00016920       __acrt_initialize_invalid_parameter_handler 0000000140017920 f   libucrt:invalid_parameter.obj
 0001:00016928       _invalid_parameter         0000000140017928 f   libucrt:invalid_parameter.obj
 0001:000169c4       _invalid_parameter_internal 00000001400179c4 f   libucrt:invalid_parameter.obj
 0001:00016a90       _invalid_parameter_noinfo  0000000140017a90 f   libucrt:invalid_parameter.obj
 0001:00016ab0       _invalid_parameter_noinfo_noreturn 0000000140017ab0 f   libucrt:invalid_parameter.obj
 0001:00016ae0       _invoke_watson             0000000140017ae0 f   libucrt:invalid_parameter.obj
 0001:00016b28       _aligned_free              0000000140017b28 f   libucrt:align.obj
 0001:00016b44       _aligned_malloc            0000000140017b44 f   libucrt:align.obj
 0001:00016bc4       roundf                     0000000140017bc4 f   libucrt:roundf.obj
 0001:00016c2c       _clearfp                   0000000140017c2c f   libucrt:ieee.obj
 0001:00016c98       _control87                 0000000140017c98 f   libucrt:ieee.obj
 0001:00016ca0       _controlfp                 0000000140017ca0 f   libucrt:ieee.obj
 0001:00016f48       __acrt_initialize_new_handler 0000000140017f48 f   libucrt:new_handler.obj
 0001:00016f50       _callnewh                  0000000140017f50 f   libucrt:new_handler.obj
 0001:00016f90       _query_new_handler         0000000140017f90 f   libucrt:new_handler.obj
 0001:00016fc8       _seh_filter_exe            0000000140017fc8 f   libucrt:exception_filter.obj
 0001:000173e0       __acrt_initialize_thread_local_exit_callback 00000001400183e0 f   libucrt:exit.obj
 0001:000173e8       _c_exit                    00000001400183e8 f   libucrt:exit.obj
 0001:000173f8       _cexit                     00000001400183f8 f   libucrt:exit.obj
 0001:00017408       _exit                      0000000140018408 f   libucrt:exit.obj
 0001:00017414       _register_thread_local_exe_atexit_callback 0000000140018414 f   libucrt:exit.obj
 0001:00017454       exit                       0000000140018454 f   libucrt:exit.obj
 0001:00017628       __acrt_allocate_buffer_for_argv 0000000140018628 f   libucrt:argv_parsing.obj
 0001:00017688       _configure_narrow_argv     0000000140018688 f   libucrt:argv_parsing.obj
 0001:00017c58       __dcrt_get_or_create_wide_environment_nolock 0000000140018c58 f   libucrt:environment_initialization.obj
 0001:00017c94       __dcrt_uninitialize_environments_nolock 0000000140018c94 f   libucrt:environment_initialization.obj
 0001:00017cd8       _initialize_narrow_environment 0000000140018cd8 f   libucrt:environment_initialization.obj
 0001:00018028       _crt_atexit                0000000140019028 f   libucrt:onexit.obj
 0001:00018038       _execute_onexit_table      0000000140019038 f   libucrt:onexit.obj
 0001:0001807c       _initialize_onexit_table   000000014001907c f   libucrt:onexit.obj
 0001:000180a4       _register_onexit_function  00000001400190a4 f   libucrt:onexit.obj
 0001:00018218       __acrt_initialize          0000000140019218 f   libucrt:initialization.obj
 0001:0001822c       __acrt_uninitialize        000000014001922c f   libucrt:initialization.obj
 0001:00018264       _query_app_type            0000000140019264 f   libucrt:report_runtime_error.obj
 0001:0001826c       _set_app_type              000000014001926c f   libucrt:report_runtime_error.obj
 0001:00018274       __acrt_has_user_matherr    0000000140019274 f   libucrt:matherr.obj
 0001:00018294       __acrt_initialize_user_matherr 0000000140019294 f   libucrt:matherr.obj
 0001:0001829c       __acrt_invoke_user_matherr 000000014001929c f   libucrt:matherr.obj
 0001:000182d8       __setusermatherr           00000001400192d8 f   libucrt:matherr.obj
 0001:00018300       _get_narrow_winmain_command_line 0000000140019300 f   libucrt:argv_winmain.obj
 0001:00018370       _initterm                  0000000140019370 f   libucrt:initterm.obj
 0001:000183b4       _initterm_e                00000001400193b4 f   libucrt:initterm.obj
 0001:000183fc       _get_fmode                 00000001400193fc f   libucrt:setmode.obj
 0001:0001842c       _set_fmode                 000000014001942c f   libucrt:setmode.obj
 0001:0001846c       _setmode_nolock            000000014001946c f   libucrt:setmode.obj
 0001:000185c0       __acrt_set_locale_changed  00000001400195c0 f   libucrt:wsetlocale.obj
 0001:000185cc       __acrt_uninitialize_locale 00000001400195cc f   libucrt:wsetlocale.obj
 0001:000185fc       _configthreadlocale        00000001400195fc f   libucrt:wsetlocale.obj
 0001:00018668       _query_new_mode            0000000140019668 f   libucrt:new_mode.obj
 0001:00018670       _set_new_mode              0000000140019670 f   libucrt:new_mode.obj
 0001:0001869c       __p__commode               000000014001969c f   libucrt:ncommode.obj
 0001:000186a4       terminate                  00000001400196a4 f   libucrt:terminate.obj
 0001:000186d0       _strdup                    00000001400196d0 f   libucrt:strdup.obj
 0001:000186d0       strdup                     00000001400196d0 f   libucrt:strdup.obj
 0001:00018748       ___lc_codepage_func        0000000140019748 f   libucrt:initctype.obj
 0001:00018778       strcpy_s                   0000000140019778 f   libucrt:strcpy_s.obj
 0001:000187d8       abort                      00000001400197d8 f   libucrt:abort.obj
 0001:00018830       calloc                     0000000140019830 f   libucrt:calloc.obj
 0001:00018838       ??$parse_integer@KV?$c_string_character_source@_W@__crt_strtox@@$00@__crt_strtox@@YAKAEAV__crt_cached_ptd_host@@V?$c_string_character_source@_W@0@H_N@Z 0000000140019838 f i libucrt:atox.obj
 0001:00018fd4       wcsncmp                    0000000140019fd4 f   libucrt:wcsncmp.obj
 0001:00019000       __acrt_errno_from_os_error 000000014001a000 f   libucrt:errno.obj
 0001:00019048       __acrt_errno_map_os_error  000000014001a048 f   libucrt:errno.obj
 0001:00019090       __acrt_errno_map_os_error_ptd 000000014001a090 f   libucrt:errno.obj
 0001:000190b4       __doserrno                 000000014001a0b4 f   libucrt:errno.obj
 0001:000190d4       _errno                     000000014001a0d4 f   libucrt:errno.obj
 0001:000190f4       ?__acrt_stdio_allocate_stream@@YA?AV__crt_stdio_stream@@XZ 000000014001a0f4 f   libucrt:stream.obj
 0001:0001914c       ?__acrt_stdio_free_stream@@YAXV__crt_stdio_stream@@@Z 000000014001a14c f   libucrt:stream.obj
 0001:00019254       ??$__acrt_stdio_parse_mode@D@@YA?AU__acrt_stdio_stream_mode@@QEBD@Z 000000014001a254 f i libucrt:openfile.obj
 0001:00019518       _openfile                  000000014001a518 f   libucrt:openfile.obj
 0001:000195b4       _calloc_base               000000014001a5b4 f   libucrt:calloc_base.obj
 0001:0001962c       _free_base                 000000014001a62c f   libucrt:free_base.obj
 0001:00019824       __acrt_AppPolicyGetProcessTerminationMethodInternal 000000014001a824 f   libucrt:winapi_thunks.obj
 0001:0001987c       __acrt_AreFileApisANSI     000000014001a87c f   libucrt:winapi_thunks.obj
 0001:000198c0       __acrt_CompareStringEx     000000014001a8c0 f   libucrt:winapi_thunks.obj
 0001:000199ac       __acrt_FlsAlloc            000000014001a9ac f   libucrt:winapi_thunks.obj
 0001:000199b4       __acrt_FlsFree             000000014001a9b4 f   libucrt:winapi_thunks.obj
 0001:000199bc       __acrt_FlsGetValue         000000014001a9bc f   libucrt:winapi_thunks.obj
 0001:000199c4       __acrt_FlsSetValue         000000014001a9c4 f   libucrt:winapi_thunks.obj
 0001:000199cc       __acrt_InitializeCriticalSectionEx 000000014001a9cc f   libucrt:winapi_thunks.obj
 0001:00019a3c       __acrt_LCMapStringEx       000000014001aa3c f   libucrt:winapi_thunks.obj
 0001:00019b28       __acrt_LocaleNameToLCID    000000014001ab28 f   libucrt:winapi_thunks.obj
 0001:00019b88       __acrt_initialize_winapi_thunks 000000014001ab88 f   libucrt:winapi_thunks.obj
 0001:00019bac       __acrt_uninitialize_winapi_thunks 000000014001abac f   libucrt:winapi_thunks.obj
 0001:00019bf0       _fcloseall                 000000014001abf0 f   libucrt:closeall.obj
 0001:00019e84       __acrt_stdio_flush_nolock  000000014001ae84 f   libucrt:fflush.obj
 0001:00019f10       _fflush_nolock             000000014001af10 f   libucrt:fflush.obj
 0001:00019fe4       _flushall                  000000014001afe4 f   libucrt:fflush.obj
 0001:00019fec       __acrt_stdio_free_buffer_nolock 000000014001afec f   libucrt:_freebuf.obj
 0001:0001a228       __acrt_initialize_lowio    000000014001b228 f   libucrt:ioinit.obj
 0001:0001a264       __acrt_uninitialize_lowio  000000014001b264 f   libucrt:ioinit.obj
 0001:0001a2a4       _fileno                    000000014001b2a4 f   libucrt:fileno.obj
 0001:0001a344       _close_internal            000000014001b344 f   libucrt:close.obj
 0001:0001a408       _close_nolock              000000014001b408 f   libucrt:close.obj
 0001:0001a4a0       _close_nolock_internal     000000014001b4a0 f   libucrt:close.obj
 0001:0001a8e8       __acrt_getptd              000000014001b8e8 f   libucrt:per_thread_data.obj
 0001:0001a9bc       __acrt_getptd_head         000000014001b9bc f   libucrt:per_thread_data.obj
 0001:0001aa60       __acrt_getptd_noexit       000000014001ba60 f   libucrt:per_thread_data.obj
 0001:0001ab28       __acrt_getptd_noexit_explicit 000000014001bb28 f   libucrt:per_thread_data.obj
 0001:0001abe8       __acrt_initialize_ptd      000000014001bbe8 f   libucrt:per_thread_data.obj
 0001:0001ac24       __acrt_uninitialize_ptd    000000014001bc24 f   libucrt:per_thread_data.obj
 0001:0001ac48       _realloc_base              000000014001bc48 f   libucrt:realloc_base.obj
 0001:0001acc4       _malloc_base               000000014001bcc4 f   libucrt:malloc_base.obj
 0001:0001ad24       strnlen                    000000014001bd24 f   libucrt:strnlen.obj
 0001:0001ae74       wcsnlen                    000000014001be74 f   libucrt:strnlen.obj
 0001:0001b04c       __acrt_update_locale_info  000000014001c04c f   libucrt:locale_update.obj
 0001:0001b080       __acrt_update_locale_info_explicit 000000014001c080 f   libucrt:locale_update.obj
 0001:0001b0b8       __acrt_update_multibyte_info 000000014001c0b8 f   libucrt:locale_update.obj
 0001:0001b0ec       __acrt_update_multibyte_info_explicit 000000014001c0ec f   libucrt:locale_update.obj
 0001:0001bc38       __acrt_fp_format           000000014001cc38 f   libucrt:cvt.obj
 0001:0001bf20       _wctomb_internal           000000014001cf20 f   libucrt:wctomb.obj
 0001:0001c0d0       _mbtowc_internal           000000014001d0d0 f   libucrt:mbtowc.obj
 0001:0001c248       _get_printf_count_output   000000014001d248 f   libucrt:printf_count_output.obj
 0001:0001c260       _fputc_nolock_internal     000000014001d260 f   libucrt:fputc.obj
 0001:0001c278       __acrt_should_use_temporary_buffer 000000014001d278 f   libucrt:_sftbuf.obj
 0001:0001c2c4       __acrt_stdio_begin_temporary_buffering_nolock 000000014001d2c4 f   libucrt:_sftbuf.obj
 0001:0001c38c       __acrt_stdio_end_temporary_buffering_nolock 000000014001d38c f   libucrt:_sftbuf.obj
 0001:0001c3cc       _isctype_l                 000000014001d3cc f   libucrt:isctype.obj
 0001:0001c4d4       _getdrive                  000000014001d4d4 f   libucrt:drive.obj
 0001:0001c5cc       ??$__acrt_convert_wcs_mbs_cp@_WDV<lambda_f788ae46380686e8b737efdd8c720d07>@@U__crt_win32_buffer_no_resizing@@@@YAHQEB_WAEAV?$__crt_win32_buffer@DU__crt_win32_buffer_no_resizing@@@@AEBV<lambda_f788ae46380686e8b737efdd8c720d07>@@I@Z 000000014001d5cc f i libucrt:fullpath.obj
 0001:0001c6e8       ??$call_win32_function@V<lambda_17b8e77e04f0039ff1429d79b8271fa1>@@@?$__crt_win32_buffer@_WU__crt_win32_buffer_no_resizing@@@@QEAAHAEBV<lambda_17b8e77e04f0039ff1429d79b8271fa1>@@@Z 000000014001d6e8 f i libucrt:fullpath.obj
 0001:0001c75c       ??$call_win32_function@V<lambda_1a60cddbd8640ed4c95e91b82cd9827b>@@@?$__crt_win32_buffer@_WU__crt_win32_buffer_public_dynamic_resizing@@@@QEAAHAEBV<lambda_1a60cddbd8640ed4c95e91b82cd9827b>@@@Z 000000014001d75c f i libucrt:fullpath.obj
 0001:0001c834       ?detach@?$__crt_win32_buffer@_WU__crt_win32_buffer_public_dynamic_resizing@@@@QEAAPEA_WXZ 000000014001d834 f i libucrt:fullpath.obj
 0001:0001c918       _wfullpath                 000000014001d918 f   libucrt:fullpath.obj
 0001:0001c9cc       wcspbrk                    000000014001d9cc f   libucrt:wcspbrk.obj
 0001:0001ca00       __ascii_wcsicmp            000000014001da00 f   libucrt:wcsicmp.obj
 0001:0001ca40       _wcsicmp                   000000014001da40 f   libucrt:wcsicmp.obj
 0001:0001ca88       _wcsicmp_l                 000000014001da88 f   libucrt:wcsicmp.obj
 0001:0001cbbc       __acrt_MultiByteToWideChar 000000014001dbbc f   libucrt:multibytetowidechar.obj
 0001:0001cc4c       __acrt_lowio_create_handle_array 000000014001dc4c f   libucrt:osfinfo.obj
 0001:0001ccf4       __acrt_lowio_destroy_handle_array 000000014001dcf4 f   libucrt:osfinfo.obj
 0001:0001cd44       __acrt_lowio_ensure_fh_exists 000000014001dd44 f   libucrt:osfinfo.obj
 0001:0001cdec       __acrt_lowio_lock_fh       000000014001ddec f   libucrt:osfinfo.obj
 0001:0001ce14       __acrt_lowio_set_os_handle 000000014001de14 f   libucrt:osfinfo.obj
 0001:0001ced4       __acrt_lowio_unlock_fh     000000014001ded4 f   libucrt:osfinfo.obj
 0001:0001cefc       _alloc_osfhnd              000000014001defc f   libucrt:osfinfo.obj
 0001:0001d03c       _free_osfhnd               000000014001e03c f   libucrt:osfinfo.obj
 0001:0001d0f8       _get_osfhandle             000000014001e0f8 f   libucrt:osfinfo.obj
 0001:0001d170       ??$__crt_time_is_leap_year@H@@YA_NH@Z 000000014001e170 f i libucrt:loctotime.obj
 0001:0001d400       __loctotime64_t            000000014001e400 f   libucrt:loctotime.obj
 0001:0001dc10       _write                     000000014001ec10 f   libucrt:write.obj
 0001:0001dca8       _write_internal            000000014001eca8 f   libucrt:write.obj
 0001:0001ddc8       _write_nolock              000000014001edc8 f   libucrt:write.obj
 0001:0001e244       __acrt_stdio_flush_and_write_narrow_nolock 000000014001f244 f   libucrt:_flsbuf.obj
 0001:0001e310       _wmkdir                    000000014001f310 f   libucrt:wmkdir.obj
 0001:0001e7c4       _read                      000000014001f7c4 f   libucrt:read.obj
 0001:0001e8e4       _read_nolock               000000014001f8e4 f   libucrt:read.obj
 0001:0001ed34       __acrt_stdio_refill_and_read_narrow_nolock 000000014001fd34 f   libucrt:_filbuf.obj
 0001:0001ee9c       _msize_base                000000014001fe9c f   libucrt:msize.obj
 0001:0001eed8       _fd_int                    000000014001fed8 f   libucrt:_test.obj
 0001:0001efc0       _get_fpsr                  000000014001ffc0 f   libucrt:fpsr.obj
 0001:0001efd0       _set_fpsr                  000000014001ffd0 f   libucrt:fpsr.obj
 0001:0001efda       _fclrf                     000000014001ffda f   libucrt:fpsr.obj
 0001:0001efee       _frnd                      000000014001ffee f   libucrt:fpsr.obj
 0001:0001f010       __acrt_initialize_locks    0000000140020010 f   libucrt:locks.obj
 0001:0001f058       __acrt_lock                0000000140020058 f   libucrt:locks.obj
 0001:0001f074       __acrt_uninitialize_locks  0000000140020074 f   libucrt:locks.obj
 0001:0001f0ac       __acrt_unlock              00000001400200ac f   libucrt:locks.obj
 0001:0001f0c8       __acrt_app_verifier_enabled 00000001400200c8 f   libucrt:peb_access.obj
 0001:0001f0e4       __acrt_is_secure_process   00000001400200e4 f   libucrt:peb_access.obj
 0001:0001f0fc       __acrt_get_process_end_policy 00000001400200fc f   libucrt:win_policies.obj
 0001:0001f140       ??$__acrt_convert_wcs_mbs_cp@_WDV<lambda_d8593a27d1aa8c02be35c86a17d324c4>@@U__crt_win32_buffer_internal_dynamic_resizing@@@@YAHQEB_WAEAV?$__crt_win32_buffer@DU__crt_win32_buffer_internal_dynamic_resizing@@@@AEBV<lambda_d8593a27d1aa8c02be35c86a17d324c4>@@I@Z 0000000140020140 f i libucrt:argv_wildcards.obj
 0001:0001f9e4       __acrt_expand_narrow_argv_wildcards 00000001400209e4 f   libucrt:argv_wildcards.obj
 0001:0001f9ec       __acrt_GetModuleFileNameA  00000001400209ec f   libucrt:getmodulefilenamea.obj
 0001:00020308       __acrt_initialize_multibyte 0000000140021308 f   libucrt:mbctype.obj
 0001:00020368       __acrt_update_thread_multibyte_data 0000000140021368 f   libucrt:mbctype.obj
 0001:00020384       _setmbcp_nolock            0000000140021384 f   libucrt:mbctype.obj
 0001:000206b8       _ismbblead                 00000001400216b8 f   libucrt:ismbbyte.obj
 0001:000206cc       __acrt_initialize_command_line 00000001400216cc f   libucrt:argv_data.obj
 0001:000206f4       wcscpy_s                   00000001400216f4 f   libucrt:wcscpy_s.obj
 0001:0002075c       __acrt_WideCharToMultiByte 000000014002175c f   libucrt:widechartomultibyte.obj
 0001:0002083c       __dcrt_get_narrow_environment_from_os 000000014002183c f   libucrt:get_environment_from_os.obj
 0001:0002094c       __dcrt_get_wide_environment_from_os 000000014002194c f   libucrt:get_environment_from_os.obj
 0001:00020e3c       __dcrt_set_variable_in_wide_environment_nolock 0000000140021e3c f   libucrt:setenv.obj
 0001:00020e44       _recalloc_base             0000000140021e44 f   libucrt:recalloc.obj
 0001:00020edc       __acrt_initialize_heap     0000000140021edc f   libucrt:heap_handle.obj
 0001:00020ef8       __acrt_uninitialize_heap   0000000140021ef8 f   libucrt:heap_handle.obj
 0001:00020f04       __acrt_execute_initializers 0000000140021f04 f   libucrt:shared_initialization.obj
 0001:00020f98       __acrt_execute_uninitializers 0000000140021f98 f   libucrt:shared_initialization.obj
 0001:00021028       __acrt_get_sigabrt_handler 0000000140022028 f   libucrt:signal.obj
 0001:00021058       __acrt_initialize_signal_handlers 0000000140022058 f   libucrt:signal.obj
 0001:00021078       raise                      0000000140022078 f   libucrt:signal.obj
 0001:000212f4       wcsncpy_s                  00000001400222f4 f   libucrt:wcsncpy_s.obj
 0001:000213f0       __acrt_initialize_fmode    00000001400223f0 f   libucrt:txtmode.obj
 0001:0002140c       __acrt_locale_free_monetary 000000014002240c f   libucrt:initmon.obj
 0001:00021518       __acrt_locale_free_numeric 0000000140022518 f   libucrt:initnum.obj
 0001:000215b8       __acrt_locale_free_time    00000001400225b8 f   libucrt:inittime.obj
 0001:000216c0       __acrt_GetStringTypeA      00000001400226c0 f   libucrt:getstringtypea.obj
 0001:00021850       __acrt_add_locale_ref      0000000140022850 f   libucrt:locale_refcounting.obj
 0001:000218dc       __acrt_free_locale         00000001400228dc f   libucrt:locale_refcounting.obj
 0001:00021a54       __acrt_locale_add_lc_time_reference 0000000140022a54 f   libucrt:locale_refcounting.obj
 0001:00021a7c       __acrt_locale_free_lc_time_if_unreferenced 0000000140022a7c f   libucrt:locale_refcounting.obj
 0001:00021ab4       __acrt_locale_release_lc_time_reference 0000000140022ab4 f   libucrt:locale_refcounting.obj
 0001:00021adc       __acrt_release_locale_ref  0000000140022adc f   libucrt:locale_refcounting.obj
 0001:00021b84       __acrt_update_thread_locale_data 0000000140022b84 f   libucrt:locale_refcounting.obj
 0001:00021bf4       _updatetlocinfoEx_nolock   0000000140022bf4 f   libucrt:locale_refcounting.obj
 0001:00021f90       __acrt_LCMapStringA        0000000140022f90 f   libucrt:lcmapstringa.obj
 0001:00022028       iswctype                   0000000140023028 f   libucrt:iswctype.obj
 0001:00022094       __ascii_wcsnicmp           0000000140023094 f   libucrt:wcsnicmp.obj
 0001:000220e0       __ascii_strnicmp           00000001400230e0 f   libucrt:strnicmp.obj
 0001:0002212c       _strnicmp                  000000014002312c f   libucrt:strnicmp.obj
 0001:0002217c       _strnicmp_l                000000014002317c f   libucrt:strnicmp.obj
 0001:0002283c       _sopen_nolock              000000014002383c f   libucrt:open.obj
 0001:00022958       _sopen_s                   0000000140023958 f   libucrt:open.obj
 0001:0002298c       _wsopen_nolock             000000014002398c f   libucrt:open.obj
 0001:00022d7c       __acrt_DownlevelLocaleNameToLCID 0000000140023d7c f   libucrt:lcidtoname_downlevel.obj
 0001:00022eac       _commit                    0000000140023eac f   libucrt:commit.obj
 0001:00023010       __acrt_fp_strflt_to_string 0000000140024010 f   libucrt:_fptostr.obj
 0001:00023120       ?divide@__crt_strtox@@YA_KAEAUbig_integer@1@AEBU21@@Z 0000000140024120 f i libucrt:cfout.obj
 0001:000235bc       __acrt_fltout              00000001400245bc f   libucrt:cfout.obj
 0001:000248d4       fegetround                 00000001400258d4 f   libucrt:fegetround.obj
 0001:000248e8       ?__c32rtomb_utf8@__crt_mbstring@@YA_KPEAD_UPEAU_Mbstatet@@AEAV__crt_cached_ptd_host@@@Z 00000001400258e8 f   libucrt:c32rtomb.obj
 0001:0002498c       ?__mbrtowc_utf8@__crt_mbstring@@YA_KPEA_WPEBD_KPEAU_Mbstatet@@AEAV__crt_cached_ptd_host@@@Z 000000014002598c f   libucrt:mbrtowc.obj
 0001:000249d0       ?__mbsrtowcs_utf8@__crt_mbstring@@YA_KPEA_WPEAPEBD_KPEAU_Mbstatet@@AEAV__crt_cached_ptd_host@@@Z 00000001400259d0 f   libucrt:mbrtowc.obj
 0001:00024b74       _isatty                    0000000140025b74 f   libucrt:isatty.obj
 0001:00024dc4       _wgetcwd                   0000000140025dc4 f   libucrt:getcwd.obj
 0001:00024dec       _towlower_l                0000000140025dec f   libucrt:towlower.obj
 0001:00024ee0       __acrt_initialize_timeset  0000000140025ee0 f   libucrt:timeset.obj
 0001:00024f30       __daylight                 0000000140025f30 f   libucrt:timeset.obj
 0001:00024f38       __dstbias                  0000000140025f38 f   libucrt:timeset.obj
 0001:00024f40       __timezone                 0000000140025f40 f   libucrt:timeset.obj
 0001:00024f48       __tzname                   0000000140025f48 f   libucrt:timeset.obj
 0001:00024f50       __wide_tzname              0000000140025f50 f   libucrt:timeset.obj
 0001:00024f58       _get_daylight              0000000140025f58 f   libucrt:timeset.obj
 0001:00024f88       _get_dstbias               0000000140025f88 f   libucrt:timeset.obj
 0001:00024fb8       _get_timezone              0000000140025fb8 f   libucrt:timeset.obj
 0001:00025b54       __tzset                    0000000140026b54 f   libucrt:tzset.obj
 0001:00025b98       _isindst                   0000000140026b98 f   libucrt:tzset.obj
 0001:00025d94       _lseeki64                  0000000140026d94 f   libucrt:lseek.obj
 0001:00025e30       _lseeki64_nolock           0000000140026e30 f   libucrt:lseek.obj
 0001:00025ecc       _lseeki64_nolock_internal  0000000140026ecc f   libucrt:lseek.obj
 0001:00025ed4       _putwch_nolock             0000000140026ed4 f   libucrt:putwch.obj
 0001:00025f10       __acrt_stdio_allocate_buffer_nolock 0000000140026f10 f   libucrt:_getbuf.obj
 0001:00025f7c       __acrt_fenv_get_common_round_control 0000000140026f7c f   libucrt:_fenvutils.obj
 0001:00025f88       __acrt_fenv_get_control    0000000140026f88 f   libucrt:_fenvutils.obj
 0001:0002606c       __acrt_fenv_get_status     000000014002706c f   libucrt:_fenvutils.obj
 0001:000260c4       __acrt_fenv_set_control    00000001400270c4 f   libucrt:_fenvutils.obj
 0001:000261fc       __acrt_fenv_set_status     00000001400271fc f   libucrt:_fenvutils.obj
 0001:00026270       qsort                      0000000140027270 f   libucrt:qsort.obj
 0001:00026680       strncpy_s                  0000000140027680 f   libucrt:strncpy_s.obj
 0001:00026810       strpbrk                    0000000140027810 f   libucrt:strpbrk.obj
 0001:00026bd8       _mbsdec                    0000000140027bd8 f   libucrt:mbsdec.obj
 0001:00026be0       _mbsdec_l                  0000000140027be0 f   libucrt:mbsdec.obj
 0001:00026c8c       _wcsnicoll                 0000000140027c8c f   libucrt:wcsnicol.obj
 0001:00026cdc       _wcsnicoll_l               0000000140027cdc f   libucrt:wcsnicol.obj
 0001:00026dcc       __strncnt                  0000000140027dcc f   libucrt:strncnt.obj
 0001:00026de4       __acrt_GetStringTypeW      0000000140027de4 f   libucrt:getstringtypew.obj
 0001:00026dec       _chsize_nolock             0000000140027dec f   libucrt:chsize.obj
 0001:00026e84       _chsize_nolock_internal    0000000140027e84 f   libucrt:chsize.obj
 0001:00027018       _controlfp_s               0000000140028018 f   libucrt:contrlfp.obj
 0001:0002707c       fegetenv                   000000014002807c f   libucrt:fegetenv.obj
 0001:0002709c       fesetenv                   000000014002809c f   libucrt:fesetenv.obj
 0001:000270f4       feholdexcept               00000001400280f4 f   libucrt:feholdexcept.obj
 0001:00027144       ceil                       0000000140028144 f   libucrt:ceil.obj
 0001:00027210       log10                      0000000140028210 f   libucrt:log10.obj
 0001:000277bc       ?reset_and_return@__crt_mbstring@@YA_K_KPEAU_Mbstatet@@@Z 00000001400287bc f   libucrt:common_utf8.obj
 0001:000277c4       ?return_illegal_sequence@__crt_mbstring@@YA_KPEAU_Mbstatet@@AEAV__crt_cached_ptd_host@@@Z 00000001400287c4 f   libucrt:common_utf8.obj
 0001:000277d8       ?__mbrtoc32_utf8@__crt_mbstring@@YA_KPEA_UPEBD_KPEAU_Mbstatet@@AEAV__crt_cached_ptd_host@@@Z 00000001400287d8 f   libucrt:mbrtoc32.obj
 0001:000279b4       __acrt_LCMapStringW        00000001400289b4 f   libucrt:lcmapstringw.obj
 0001:00027a3c       wcstol                     0000000140028a3c f   libucrt:strtox.obj
 0001:00027c80       _wgetenv_s                 0000000140028c80 f   libucrt:getenv.obj
 0001:00027c88       __dcrt_lowio_ensure_console_output_initialized 0000000140028c88 f   libucrt:initcon.obj
 0001:00027cdc       __dcrt_terminate_console_output 0000000140028cdc f   libucrt:initcon.obj
 0001:00027cf8       __dcrt_write_console       0000000140028cf8 f   libucrt:initcon.obj
 0001:00027db8       __acrt_CompareStringW      0000000140028db8 f   libucrt:comparestringw.obj
 0001:00027f9c       _handle_error              0000000140028f9c f   libucrt:libm_error.obj
 0001:000280c4       _handle_errorf             00000001400290c4 f   libucrt:libm_error.obj
 0001:000281f8       _handle_nan                00000001400291f8 f   libucrt:libm_error.obj
 0001:00028214       _handle_nanf               0000000140029214 f   libucrt:libm_error.obj
 0001:00028230       __acrt_initialize_fma3     0000000140029230 f   libucrt:fma3_available.obj
 0001:000282a0       _log10_special             00000001400292a0 f   libucrt:log_special.obj
 0001:00028358       _raise_exc                 0000000140029358 f   libucrt:fpexcept.obj
 0001:00028380       _raise_exc_ex              0000000140029380 f   libucrt:fpexcept.obj
 0001:00028688       _raise_excf                0000000140029688 f   libucrt:fpexcept.obj
 0001:000286b4       _set_errno_from_matherr    00000001400296b4 f   libucrt:fpexcept.obj
 0001:000286e4       _clrfp                     00000001400296e4 f   libucrt:fpctrl.obj
 0001:00028704       _ctrlfp                    0000000140029704 f   libucrt:fpctrl.obj
 0001:00028780       _set_statfp                0000000140029780 f   libucrt:fpctrl.obj
 0001:000287a0       _statfp                    00000001400297a0 f   libucrt:fpctrl.obj
 0001:000287b4       __GSHandlerCheck           00000001400297b4 f   LIBCMT:gshandler.obj
 0001:000287d4       __GSHandlerCheckCommon     00000001400297d4 f   LIBCMT:gshandler.obj
 0001:00028840       __security_check_cookie    0000000140029840 f   LIBCMT:amdsecgs.obj
 0001:00028860       _FindPESection             0000000140029860 f   LIBCMT:pesect.obj
 0001:000288b0       _IsNonwritableInCurrentImage 00000001400298b0 f   LIBCMT:pesect.obj
 0001:00028900       _ValidateImageBase         0000000140029900 f   LIBCMT:pesect.obj
 0001:00028930       __GSHandlerCheck_SEH       0000000140029930 f   LIBCMT:gshandlerseh.obj
 0001:000289b8       __raise_securityfailure    00000001400299b8 f   LIBCMT:gs_report.obj
 0001:000289ec       __report_gsfailure         00000001400299ec f   LIBCMT:gs_report.obj
 0001:00028ac0       __report_rangecheckfailure 0000000140029ac0 f   LIBCMT:gs_report.obj
 0001:00028ad4       __report_securityfailure   0000000140029ad4 f   LIBCMT:gs_report.obj
 0001:00028c54       __GSHandlerCheck_EH        0000000140029c54 f   LIBCMT:gshandlereh.obj
 0001:00028cf0       _alloca_probe              0000000140029cf0 f   LIBCMT:chkstk.obj
 0001:00028cf0       __chkstk                   0000000140029cf0 f   LIBCMT:chkstk.obj
 0001:00028d40       __C_specific_handler_noexcept 0000000140029d40 f   libvcruntime:chandler_noexcept.obj
 0001:00028d8c       wcsrchr                    0000000140029d8c f   libvcruntime:wcsrchr.obj
 0001:00028e50       memcmp                     0000000140029e50 f   libvcruntime:memcmp.obj
 0001:00028f18       strrchr                    0000000140029f18 f   libvcruntime:strrchr.obj
 0001:00029044       wcschr                     000000014002a044 f   libvcruntime:wcschr.obj
 0001:000317f0       __vdecl_sinf4              00000001400327f0 f   LIBCMT:svml_ssinf4_dispatch.obj
 0001:00031810       __libm_sse2_sincosf_       0000000140032810 f   LIBCMT:svml_ssinf4_dispatch.obj
 0001:00031853       __libm_sse2_sincosf4_      0000000140032853 f   LIBCMT:svml_ssinf4_dispatch.obj
 0001:00031860       __vdecl_cos2               0000000140032860 f   LIBCMT:svml_dcos2_dispatch.obj
 0001:00031880       __sse2_sinf4@@16           0000000140032880 f   LIBCMT:svml_ssinf4_sse2.obj
 0001:000321c0       __sse4_sinf4@@16           00000001400331c0 f   LIBCMT:svml_ssinf4_sse4.obj
 0001:00032940       __sse2_cos2@@16            0000000140033940 f   LIBCMT:svml_dcos2_sse2.obj
 0001:00032ff0       __sse4_cos2@@16            0000000140033ff0 f   LIBCMT:svml_dcos2_sse4.obj
 0001:000336a0       __common_ssin_cout_rare    00000001400346a0 f   LIBCMT:svml_s_sin_cout.obj
 0001:00033710       __common_dcos_cout_rare    0000000140034710 f   LIBCMT:svml_d_cos_cout.obj
 0001:00033780       _vcomp_for_dynamic_init    0000000140034780 f   VCOMP:VCOMP140.DLL
 0001:00033786       _vcomp_for_dynamic_next    0000000140034786 f   VCOMP:VCOMP140.DLL
 0001:0003378c       _vcomp_for_static_end      000000014003478c f   VCOMP:VCOMP140.DLL
 0001:00033792       _vcomp_for_static_simple_init 0000000140034792 f   VCOMP:VCOMP140.DLL
 0001:00033798       _vcomp_fork                0000000140034798 f   VCOMP:VCOMP140.DLL
[...]
 0002:00010e68       $xdatasym                  0000000140049e68     LIBCMT:svml_s_sin_cout.obj
 0002:00010e70       $xdatasym                  0000000140049e70     LIBCMT:svml_d_cos_cout.obj
 0002:00010e78       $unwind$atan2f             0000000140049e78     libucrt:atan2f.obj
 0002:00010e98       $xdatasym                  0000000140049e98     libucrt:cos.obj
 0002:00010ea0       $xdatasym                  0000000140049ea0     libucrt:cosf.obj
 0002:00010ea8       $xdatasym                  0000000140049ea8     libucrt:expf.obj
 0002:00010eb0       $xdatasym                  0000000140049eb0     libucrt:powf.obj
 0002:00010ec0       $xdatasym                  0000000140049ec0     libucrt:sinf.obj
 0002:00010ec8       $xdatasym                  0000000140049ec8     libucrt:remainder_piby2_forasm.obj
 0002:00010ed8       $xdatasym                  0000000140049ed8     libucrt:remainder_piby2_forfma3.obj
 0002:00010ee4       $unwind$_sincos_special    0000000140049ee4     libucrt:sincos_special.obj
 0002:00010ee4       $unwind$_sincosf_special   0000000140049ee4     libucrt:sincos_special.obj
 0002:00010ef0       $xdatasym                  0000000140049ef0     libucrt:remainder_piby2f_forasm.obj
 0002:00010ef4       $unwind$_powf_special      0000000140049ef4     libucrt:pow_special.obj
 0002:00010f00       $xdatasym                  0000000140049f00     libucrt:remainder_piby2f_forc.obj
 0002:0001181e       .idata$6                   000000014004a81e     ws2_32:WS2_32.dll
 0002:00011840       .idata$6                   000000014004a840     kernel32:KERNEL32.dll
 0002:00011872       .idata$6                   000000014004a872     user32:USER32.dll
 0002:0001197e       .idata$6                   000000014004a97e     bass:BASS.dll
 0002:00011a1c       .idata$6                   000000014004aa1c     DevIL:DevIL.dll
 0002:00011ca6       .idata$6                   000000014004aca6     SDL2:SDL2.dll
 0002:000123c4       .idata$6                   000000014004b3c4     VCOMP:VCOMP140.DLL
 0003:00000040       ?__vcrt_flsindex@@3KA      000000014004c040     libvcruntime:per_thread_data.obj
 0003:00000160       ?dazSupported@?1??common_control87@@9@9 000000014004c160     libucrt:ieee.obj
 0003:00000168       ?errno_no_memory@@3HA      000000014004c168     libucrt:errno.obj
 0003:0000016c       ?doserrno_no_memory@@3KA   000000014004c16c     libucrt:errno.obj
 0003:000001b8       ?__acrt_flsindex@@3KA      000000014004c1b8     libucrt:per_thread_data.obj
 0003:00000660       _mbctypes                  000000014004c660     libucrt:mbctype.obj
 0003:00000770       _mbcasemaps                000000014004c770     libucrt:mbctype.obj
 0003:00000870       ?__rgctypeflag@@3PADA      000000014004c870     libucrt:mbctype.obj
 0003:00000880       ?__rgcode_page_info@@3PAUcode_page_info@@A 000000014004c880     libucrt:mbctype.obj
 0003:00000a30       ?tzstd_program@@3PADA      000000014004ca30     libucrt:timeset.obj
 0003:00000a70       ?tzdst_program@@3PADA      000000014004ca70     libucrt:timeset.obj
 0003:00000ab0       ?w_tzstd_program@@3PA_WA   000000014004cab0     libucrt:timeset.obj
 0003:00000b30       ?w_tzdst_program@@3PA_WA   000000014004cb30     libucrt:timeset.obj
 0003:00000bb0       ?tzname_states@@3PAY01PEADA 000000014004cbb0     libucrt:timeset.obj
 0003:00000bc0       ?w_tzname_states@@3PAY01PEA_WA 000000014004cbc0     libucrt:timeset.obj
 0003:00000bd0       ?dststart@@3Utransitiondate@?A0x7639d0b4@@A 000000014004cbd0     libucrt:tzset.obj
 0003:00000be0       ?dstend@@3Utransitiondate@?A0x7639d0b4@@A 000000014004cbe0     libucrt:tzset.obj
 0003:00000bf0       ?__dcrt_lowio_console_output_handle@@3PEAXEA 000000014004cbf0     libucrt:initcon.obj
 0003:00000c00       ?dazSupported@?1??_ctrlfp@@9@9 000000014004cc00     libucrt:fpctrl.obj
 0003:00000c40       ?need_init@?1??server_connect@@9@9 000000014004cc40     device.obj
 0003:00000c44       ?s_curRayLength@@3IA       000000014004cc44     ball.obj
 0003:00000c48       ?s_beamAlphaMin@@3MA       000000014004cc48     ball.obj
 0003:00000c4c       ?s_beamAtten@@3IA          000000014004cc4c     ball.obj
 0003:00000c50       ?s_rocketCallbacks@@3Usync_cb@@A 000000014004cc50     rocket.obj
 0003:00000c68       ?s_mapTilt@@3HA            000000014004cc68     landscape.obj
 0003:00000c70       ?s_lastErr@@3V?$basic_string@DU?$char_traits@D@std@@V?$allocator@D@2@@std@@A 000000014004cc70     main.obj
 0003:00000f20       ?is_initialized_as_dll@@3_NA 000000014004cf20     LIBCMT:utility.obj
 0003:00000f21       ?module_local_atexit_table_initialized@@3_NA 000000014004cf21     LIBCMT:utility.obj
 0003:00000f28       ?module_local_atexit_table@@3U_onexit_table_t@@A 000000014004cf28     LIBCMT:utility.obj
 0003:00000f40       ?module_local_at_quick_exit_table@@3U_onexit_table_t@@A 000000014004cf40     LIBCMT:utility.obj
 0003:00000f90       ?__vcrt_startup_thread_ptd@@3U__vcrt_ptd@@A 000000014004cf90     libvcruntime:per_thread_data.obj
 0003:00001010       __vcrt_lock_table          000000014004d010     libvcruntime:locks.obj
 0003:00001038       __vcrt_locks_initialized   000000014004d038     libvcruntime:locks.obj
 0003:00001080       ?heap@@3V_HeapManager@@A   000000014004d080     libvcruntime:undname.obj
 0003:000010a8       ?module_handles@@3PAPEAUHINSTANCE__@@A 000000014004d0a8     libvcruntime:winapi_downlevel.obj
 0003:000010c0       ?function_pointers@@3PAPEAXA 000000014004d0c0     libvcruntime:winapi_downlevel.obj
 0003:00001108       ?__acrt_invalid_parameter_handler@@3V?$dual_state_global@P6AXPEB_W00I_K@Z@__crt_state_management@@A 000000014004d108     libucrt:invalid_parameter.obj
 0003:00001110       ?__acrt_new_handler@@3V?$dual_state_global@P6AH_K@Z@__crt_state_management@@A 000000014004d110     libucrt:new_handler.obj
 0003:00001118       ?c_termination_complete@@3JA 000000014004d118     libucrt:exit.obj
 0003:00001120       ?thread_local_exit_callback_func@@3P6AXPEAXK0@ZEA 000000014004d120     libucrt:exit.obj
 0003:00001128       ?c_exit_complete@?1???R<lambda_6e4b09c48022b2350581041d5f6b0c4c>@@QEBA@XZ@4_NA 000000014004d128     libucrt:exit.obj
 0003:00001130       ?program_name@?1???$common_configure_argv@D@@YAHW4_crt_argv_mode@@@Z@4PADA 000000014004d130     libucrt:argv_parsing.obj
 0003:00001288       ?__acrt_app_type@@3W4_crt_app_type@@A 000000014004d288     libucrt:report_runtime_error.obj
 0003:00001290       ?user_matherr@@3V?$dual_state_global@P6AHPEAU_exception@@@Z@__crt_state_management@@A 000000014004d290     libucrt:matherr.obj
 0003:00001298       ?empty_string@?1???$common_wincmdln@E@@YAPEAEXZ@4PAEA 000000014004d298     libucrt:argv_winmain.obj
 0003:000012a0       ?__acrt_global_new_mode@@3V?$dual_state_global@J@__crt_state_management@@A 000000014004d2a0     libucrt:new_mode.obj
 0003:000012b0       ?module_handles@@3PAPEAUHINSTANCE__@@A 000000014004d2b0     libucrt:winapi_thunks.obj
 0003:00001360       ?encoded_function_pointers@@3PAPEAXA 000000014004d360     libucrt:winapi_thunks.obj
 0003:00001870       ?internal_state@?1??_mbtowc_internal@@9@4U_Mbstatet@@A 000000014004d870     libucrt:mbtowc.obj
 0003:00001878       ?enable_percent_n@@3_KA    000000014004d878     libucrt:printf_count_output.obj
 0003:00001890       ?__acrt_lock_table@@3PAU_RTL_CRITICAL_SECTION@@A 000000014004d890     libucrt:locks.obj
 0003:00001ac0       ?__acrt_locks_initialized@@3IA 000000014004dac0     libucrt:locks.obj
 0003:00001ae0       ?fSystemSet@@3HA           000000014004dae0     libucrt:mbctype.obj
 0003:00001ae4       ?initialized@?1??__acrt_initialize_multibyte@@9@4_NA 000000014004dae4     libucrt:mbctype.obj
 0003:00001b20       ?ctrlc_action@@3V?$dual_state_global@P6AXH@Z@__crt_state_management@@A 000000014004db20     libucrt:signal.obj
 0003:00001b28       ?ctrlbreak_action@@3V?$dual_state_global@P6AXH@Z@__crt_state_management@@A 000000014004db28     libucrt:signal.obj
 0003:00001b30       ?abort_action@@3V?$dual_state_global@P6AXH@Z@__crt_state_management@@A 000000014004db30     libucrt:signal.obj
 0003:00001b38       ?term_action@@3V?$dual_state_global@P6AXH@Z@__crt_state_management@@A 000000014004db38     libucrt:signal.obj
 0003:00001b60       ?_tzname@@3V?$dual_state_global@PEAPEAD@__crt_state_management@@A 000000014004db60     libucrt:timeset.obj
 0003:00001b68       ?w_tzname@@3V?$dual_state_global@PEAPEA_W@__crt_state_management@@A 000000014004db68     libucrt:timeset.obj
 0003:00001b70       ?last_wide_tz@@3PEA_WEA    000000014004db70     libucrt:tzset.obj
 0003:00001b80       ?tz_api_used@@3HA          000000014004db80     libucrt:tzset.obj
 0003:00001b84       ?tzset_init_state@@3V?$dual_state_global@J@__crt_state_management@@A 000000014004db84     libucrt:tzset.obj
 0003:00001b90       ?tz_info@@3U_TIME_ZONE_INFORMATION@@A 000000014004db90     libucrt:tzset.obj
 0003:00001c40       ?internal_pst@?1??__mbrtoc32_utf8@__crt_mbstring@@YA_KPEA_UPEBD_KPEAU_Mbstatet@@AEAV__crt_cached_ptd_host@@@Z@4U3@A 000000014004dc40     libucrt:mbrtoc32.obj
 0003:00001c50       GS_ExceptionRecord         000000014004dc50     LIBCMT:gs_report.obj
 0003:00001cf0       GS_ContextRecord           000000014004dcf0     LIBCMT:gs_report.obj
 0003:000094e0       ?fNautilus_global@@3VVector3@@A 00000001400554e0     shadertoy.obj
 0003:000094f0       ?fSpike_global@@3VVector4@@A 00000001400554f0     shadertoy.obj
 0003:00009500       ?temp@?1??path_encode@@9@9 0000000140055500     device.obj
 0003:00009604       ?s_hMusic@@3KA             0000000140055604     audio.obj
 0003:00009608       ?s_bassInf@@3UBASS_INFO@@A 0000000140055608     audio.obj
 0003:00009640       ?temp@?1??sync_track_path@@9@9 0000000140055640     device.obj
 0003:00009748       ?s_pColorMap@@3PAPEAIA     0000000140055748     ball.obj
 0003:00009758       ?s_pEnvMap@@3PEAIEA        0000000140055758     ball.obj
 0003:00009760       ?s_heightProj@@3PAIA       0000000140055760     ball.obj
 0003:0000a760       ?s_heightProjNorm@@3PAHA   0000000140056760     ball.obj
 0003:0000b760       ?s_pHeightMap@@3PAPEAEA    0000000140057760     ball.obj
 0003:0000b788       ?s_heightMapMix@@3PEAEEA   0000000140057788     ball.obj
 0003:0000b790       ?s_pBeamMap@@3PEAIEA       0000000140057790     ball.obj
 0003:0000b798       ?s_pBackgrounds@@3PAPEAIA  0000000140057798     ball.obj
 0003:0000b7a8       ?s_pTempBuf@@3PEAIEA       00000001400577a8     boxblur.obj
 0003:0000b7b0       ?s_genState@@3UTINYMT32_T@@A 00000001400577b0     random.obj
 0003:0000b7d0       ?s_hRocket@@3PEAUsync_device@@EA 00000001400577d0     rocket.obj
 0003:0000b7d8       ?s_pFDTunnelTex@@3PEAIEA   00000001400577d8     shadertoy.obj
 0003:0000b7e0       ?s_pNautilusDirt@@3PEAIEA  00000001400577e0     demo.obj
 0003:0000b7e8       ?s_pBallVignette@@3PEAIEA  00000001400577e8     demo.obj
 0003:0000b7f0       ?s_pLenz@@3PEAIEA          00000001400577f0     demo.obj
 0003:0000b7f8       ?s_pRevLogo@@3PEAIEA       00000001400577f8     demo.obj
 0003:0000b800       ?s_pSpikeyFullDirt@@3PEAIEA 0000000140057800     demo.obj
 0003:0000b808       ?s_pNoooN@@3PEAIEA         0000000140057808     demo.obj
 0003:0000b810       ?s_pTunnelVignette2@@3PEAIEA 0000000140057810     demo.obj
 0003:0000b818       ?s_pSpikeyBypass@@3PEAIEA  0000000140057818     demo.obj
 0003:0000b820       ?s_pDiscoGuys@@3PAPEAIA    0000000140057820     demo.obj
 0003:0000b860       ?s_pGreetings@@3PAPEAIA    0000000140057860     demo.obj
 0003:0000b880       ?s_pCredits@@3PAPEAIA      0000000140057880     demo.obj
 0003:0000b8a0       ?s_pWaterDirt@@3PEAIEA     00000001400578a0     demo.obj
 0003:0000b8a8       ?s_pCloseSpikeVignette@@3PEAIEA 00000001400578a8     demo.obj
 0003:0000b8b0       ?s_pCloseSpikeDirt@@3PEAIEA 00000001400578b0     demo.obj
 0003:0000b8b8       ?s_pVignette06@@3PEAIEA    00000001400578b8     demo.obj
 0003:0000b8c0       ?s_pNautilusCousteauRim2@@3PEAIEA 00000001400578c0     demo.obj
 0003:0000b8c8       ?s_pWaterPrismOverlay@@3PEAIEA 00000001400578c8     demo.obj
 0003:0000b8d0       ?s_pNautilusCousteau2@@3PEAIEA 00000001400578d0     demo.obj
 0003:0000b8d8       ?s_pSpikeyArrested@@3PEAIEA 00000001400578d8     demo.obj
 0003:0000b8e0       ?s_pAreWeDone@@3PEAIEA     00000001400578e0     demo.obj
 0003:0000b8e8       ?s_pTunnelFullDirt@@3PEAIEA 00000001400578e8     demo.obj
 0003:0000b8f0       ?s_pHeliHUD@@3PEAIEA       00000001400578f0     demo.obj
 0003:0000b8f8       ?s_pSpikeyVignette@@3PEAIEA 00000001400578f8     demo.obj
 0003:0000b900       ?s_pNautilusCousteauRim1@@3PEAIEA 0000000140057900     demo.obj
 0003:0000b908       ?s_pTunnelVignette@@3PEAIEA 0000000140057908     demo.obj
 0003:0000b910       ?s_pNautilusCousteau1@@3PEAIEA 0000000140057910     demo.obj
 0003:0000b918       ?s_pNautilusVignette@@3PEAIEA 0000000140057918     demo.obj
 0003:0000b920       ?s_pNautilusText@@3PEAIEA  0000000140057920     demo.obj
 0003:0000b928       ?s_pGreetingsDirt@@3PEAIEA 0000000140057928     demo.obj
 0003:0000b930       ?s_pGreetingsVignette@@3PEAIEA 0000000140057930     demo.obj
 0003:0000b938       ?s_pMFX@@3PEAIEA           0000000140057938     demo.obj
 0003:0000b940       ?s_pSpikeyVignette2@@3PEAIEA 0000000140057940     demo.obj
 0003:0000b948       ?s_pPad@@3PEAU_SDL_GameController@@EA 0000000140057948     gamepad.obj
 0003:0000b950       ?s_pGC@@3V?$vector@PEAXV?$allocator@PEAX@std@@@std@@A 0000000140057950     image.obj
 0003:0000b968       ?s_pColorMap@@3PEAIEA      0000000140057968     landscape.obj
 0003:0000b970       ?s_fogGradientUnp@@3PAT__m128i@@A 0000000140057970     landscape.obj
 0003:0000c970       ?s_pFogGradient@@3PEAIEA   0000000140058970     landscape.obj
 0003:0000c978       ?s_pHeightMap@@3PEAEEA     0000000140058978     landscape.obj
 0003:0000c980       ?s_pInvMap2x2@@3PEAHEA     0000000140058980     polar.obj
 0003:0000c988       ?s_pMap@@3PEAHEA           0000000140058988     polar.obj
 0003:0000c990       ?s_pInvMap@@3PEAHEA        0000000140058990     polar.obj
 0003:0000c998       ?s_pMap2x2@@3PEAHEA        0000000140058998     polar.obj
 0003:0000c9a0       ?s_pColorMap@@3PEAIEA      00000001400589a0     torus-twister.obj
 0003:0000c9a8       ?s_pHeightMap@@3PEAEEA     00000001400589a8     torus-twister.obj
 0003:0000c9b0       ?s_heightProj@@3PAIA       00000001400589b0     torus-twister.obj
 0003:0000cbb0       ?s_pBackground@@3PEAIEA    0000000140058bb0     torus-twister.obj
 0003:0000cbb8       ?s_pColorMap@@3PEAIEA      0000000140058bb8     tunnelscape.obj
 0003:0000cbc0       ?s_fogGradientUnp@@3PAT__m128i@@A 0000000140058bc0     tunnelscape.obj
 0003:0000dbc0       ?s_pFogGradient@@3PEAIEA   0000000140059bc0     tunnelscape.obj
 0003:0000dbc8       ?s_pHeightMap@@3PEAEEA     0000000140059bc8     tunnelscape.obj
 0003:0000dbd0       ?numCalls@?9??Gamepad_Update@@YA_NAEAUPadState@@@Z@4HA 0000000140059bd0     gamepad.obj
 0003:0000dbd4       ?viewAngle@?1??vscape@@YAXPEAIMM@Z@4MA 0000000140059bd4     landscape.obj
 0003:0000dbd8       ?padMoveX@?1??vscape@@YAXPEAIMM@Z@4MA 0000000140059bd8     landscape.obj
 0003:0000dbdc       ?padTilt@?1??vscape@@YAXPEAIMM@Z@4MA 0000000140059bdc     landscape.obj
 0003:0000dbe0       ?padMoveY@?1??vscape@@YAXPEAIMM@Z@4MA 0000000140059be0     landscape.obj
 0003:0000dbe4       ?strafeY@?1??vscape@@YAXPEAIMM@Z@4MA 0000000140059be4     landscape.obj
 0003:0000dbe8       ?strafeX@?1??vscape@@YAXPEAIMM@Z@4MA 0000000140059be8     landscape.obj
 0003:0000dbf0       ?edgeDivs@?1??VerticalBoxBlur32@@YAXPEAIPEBIIIM@Z@4PAT__m128i@@A 0000000140059bf0     boxblur.obj
 0003:0000ebf0       ?edgeDivs@?1??HorizontalBoxBlur32@@YAXPEAIPEBIIIM@Z@4PAT__m128i@@A 000000014005abf0     boxblur.obj
 0005:00000000       MsetTab                    000000014005f000     libvcruntime:memset.obj
 0005:00000050       MoveSmall                  000000014005f050     libvcruntime:memcpy.obj
 0005:00000090       MoveSmallYmm               000000014005f090     libvcruntime:memcpy.obj
 0005:000000b4       MoveSmallYmmNT             000000014005f0b4     libvcruntime:memcpy.obj
 0005:000000d8       MoveSmallXmm               000000014005f0d8     libvcruntime:memcpy.obj
 0005:00000100       _2il0floatpacket$19        000000014005f100     LIBCMT:svml_ssinf4_sse2.obj
 0005:00000200       _2il0floatpacket$26        000000014005f200     LIBCMT:svml_dcos2_sse2.obj
 0005:00000210       _2il0floatpacket$27        000000014005f210     LIBCMT:svml_dcos2_sse2.obj
 0005:00000220       _2il0floatpacket$28        000000014005f220     LIBCMT:svml_dcos2_sse2.obj
 0005:00000230       _2il0floatpacket$29        000000014005f230     LIBCMT:svml_dcos2_sse2.obj
 0005:00000240       _2il0floatpacket$30        000000014005f240     LIBCMT:svml_dcos2_sse2.obj
 0005:00000250       _2il0floatpacket$31        000000014005f250     LIBCMT:svml_dcos2_sse2.obj
 0005:00000260       _2il0floatpacket$32        000000014005f260     LIBCMT:svml_dcos2_sse2.obj
 0005:00000270       _2il0floatpacket$33        000000014005f270     LIBCMT:svml_dcos2_sse2.obj
 0005:00000280       _2il0floatpacket$34        000000014005f280     LIBCMT:svml_dcos2_sse2.obj
 0005:00000290       _2il0floatpacket$35        000000014005f290     LIBCMT:svml_dcos2_sse2.obj
 0005:000002a0       _2il0floatpacket$36        000000014005f2a0     LIBCMT:svml_dcos2_sse2.obj
 0005:000002b0       _2il0floatpacket$37        000000014005f2b0     LIBCMT:svml_dcos2_sse2.obj
 0005:000002c0       _2il0floatpacket$38        000000014005f2c0     LIBCMT:svml_dcos2_sse2.obj
 0005:000002d0       _2il0floatpacket$39        000000014005f2d0     LIBCMT:svml_dcos2_sse2.obj
 0005:000002e0       _2il0floatpacket$40        000000014005f2e0     LIBCMT:svml_dcos2_sse2.obj
 0005:000002f0       _2il0floatpacket$41        000000014005f2f0     LIBCMT:svml_dcos2_sse2.obj
 0005:00000300       _2il0floatpacket$42        000000014005f300     LIBCMT:svml_dcos2_sse2.obj
 0005:00000310       _2il0floatpacket$43        000000014005f310     LIBCMT:svml_dcos2_sse2.obj
 0005:00000400       _2il0floatpacket$26        000000014005f400     LIBCMT:svml_dcos2_sse4.obj
 0005:00000410       _2il0floatpacket$27        000000014005f410     LIBCMT:svml_dcos2_sse4.obj
 0005:00000420       _2il0floatpacket$28        000000014005f420     LIBCMT:svml_dcos2_sse4.obj
 0005:00000430       _2il0floatpacket$29        000000014005f430     LIBCMT:svml_dcos2_sse4.obj
 0005:00000440       _2il0floatpacket$30        000000014005f440     LIBCMT:svml_dcos2_sse4.obj
 0005:00000450       _2il0floatpacket$31        000000014005f450     LIBCMT:svml_dcos2_sse4.obj
 0005:00000460       _2il0floatpacket$32        000000014005f460     LIBCMT:svml_dcos2_sse4.obj
 0005:00000470       _2il0floatpacket$33        000000014005f470     LIBCMT:svml_dcos2_sse4.obj
 0005:00000480       _2il0floatpacket$34        000000014005f480     LIBCMT:svml_dcos2_sse4.obj
 0005:00000490       _2il0floatpacket$35        000000014005f490     LIBCMT:svml_dcos2_sse4.obj
 0005:000004a0       _2il0floatpacket$36        000000014005f4a0     LIBCMT:svml_dcos2_sse4.obj
 0005:000004b0       _2il0floatpacket$37        000000014005f4b0     LIBCMT:svml_dcos2_sse4.obj
 0005:000004c0       _2il0floatpacket$38        000000014005f4c0     LIBCMT:svml_dcos2_sse4.obj
 0005:000004d0       _2il0floatpacket$39        000000014005f4d0     LIBCMT:svml_dcos2_sse4.obj
 0005:000004e0       _2il0floatpacket$40        000000014005f4e0     LIBCMT:svml_dcos2_sse4.obj
 0005:000004f0       _2il0floatpacket$41        000000014005f4f0     LIBCMT:svml_dcos2_sse4.obj
 0005:00000500       _2il0floatpacket$42        000000014005f500     LIBCMT:svml_dcos2_sse4.obj
 0005:00000510       _2il0floatpacket$43        000000014005f510     LIBCMT:svml_dcos2_sse4.obj
 0005:00002700       _vmlsSinHATab              0000000140061700     LIBCMT:svml_s_sin_cout.obj
 0005:00013500       _vmldCosHATab              0000000140072500     LIBCMT:svml_d_cos_cout.obj
 0006:00000060       $R000000                   0000000140073060     * linker generated manifest res *
