 VS17

 Timestamp is 642de83d (Wed Apr  5 23:29:33 2023)

 Preferred load address is 0000000140000000

 Start         Length     Name                   Class
 0001:00000000 00000020H .text$di                CODE
 0001:00000020 00039380H .text$mn                CODE
 0001:000393a0 00000040H .text$mn$00             CODE
 0001:000393e0 000006d0H .text$x                 CODE
 0001:00039ab0 000000d9H .text$yd                CODE
 0002:00000000 00000540H .idata$5                DATA
 0002:00000540 00000028H .00cfg                  DATA
 0002:00000568 00000008H .CRT$XCA                DATA
 0002:00000570 00000008H .CRT$XCAA               DATA
 0002:00000578 00000010H .CRT$XCU                DATA
 0002:00000588 00000008H .CRT$XCZ                DATA
 0002:00000590 00000008H .CRT$XIA                DATA
 0002:00000598 00000008H .CRT$XIAA               DATA
 0002:000005a0 00000008H .CRT$XIAC               DATA
 0002:000005a8 00000028H .CRT$XIC                DATA
 0002:000005d0 00000008H .CRT$XIZ                DATA
 0002:000005d8 00000008H .CRT$XPA                DATA
 0002:000005e0 00000010H .CRT$XPX                DATA
 0002:000005f0 00000008H .CRT$XPXA               DATA
 0002:000005f8 00000008H .CRT$XPZ                DATA
 0002:00000600 00000008H .CRT$XTA                DATA
 0002:00000608 00000008H .CRT$XTZ                DATA
 0002:00000610 00000000H .gehcont$y              DATA
 0002:00000610 00000000H .gfids$y                DATA
 0002:00000610 0000d6f0H .rdata                  DATA
 0002:0000dd00 00000000H .rdata$CastGuardVftablesA DATA
 0002:0000dd00 00000000H .rdata$CastGuardVftablesC DATA
 0002:0000dd00 000006fcH .rdata$r                DATA
 0002:0000e3fc 00000344H .rdata$voltmd           DATA
 0002:0000e740 000003b0H .rdata$zzzdbg           DATA
 0002:0000eaf0 00000008H .rtc$IAA                DATA
 0002:0000eaf8 00000008H .rtc$IZZ                DATA
 0002:0000eb00 00000008H .rtc$TAA                DATA
 0002:0000eb08 00000008H .rtc$TZZ                DATA
 0002:0000eb10 00002ef0H .xdata                  DATA
 0002:00011a00 00000314H .xdata$x                DATA
 0002:00011d14 00000000H .edata                  DATA
 0002:00011d14 0000008cH .idata$2                DATA
 0002:00011da0 00000018H .idata$3                DATA
 0002:00011db8 00000540H .idata$4                DATA
 0002:000122f8 00000be0H .idata$6                DATA
 0003:00000000 00000ca0H .data                   DATA
 0003:00000ca0 000001a8H .data$r                 DATA
 0003:00000e48 000000c8H .data$rs                DATA
 0003:00000f10 00011d30H .bss                    DATA
 0004:00000000 000028d4H .pdata                  DATA
 0005:00000000 00013510H _RDATA                  DATA
 0006:00000000 00000060H .rsrc$01                DATA
 0006:00000060 00000180H .rsrc$02                DATA

  Address         Publics by Value              Rva+Base               Lib:Object

 0000:00000000       __x64_code_ranges_to_entry_points_count 0000000000000000     <absolute>
 0000:00000000       __guard_longjmp_table      0000000000000000     <absolute>
 0000:00000000       __guard_iat_table          0000000000000000     <absolute>
 0000:00000000       __x64_code_ranges_to_entry_points 0000000000000000     <absolute>
 0000:00000000       __guard_fids_count         0000000000000000     <absolute>
 0000:00000000       __guard_iat_count          0000000000000000     <absolute>
 0000:00000000       __guard_longjmp_count      0000000000000000     <absolute>
 0000:00000000       __arm64x_extra_rfe_table   0000000000000000     <absolute>
 0000:00000000       __dynamic_value_reloc_table 0000000000000000     <absolute>
 0000:00000000       __hybrid_auxiliary_iat     0000000000000000     <absolute>
 0000:00000000       __hybrid_auxiliary_iat_copy 0000000000000000     <absolute>
 0000:00000000       __hybrid_code_map          0000000000000000     <absolute>
 0000:00000000       __arm64x_extra_rfe_table_size 0000000000000000     <absolute>
 0000:00000000       __arm64x_redirection_metadata 0000000000000000     <absolute>
 0000:00000000       __AbsoluteZero             0000000000000000     <absolute>
 0000:00000000       __guard_check_icall_a64n_fptr 0000000000000000     <absolute>
 0000:00000000       __guard_fids_table         0000000000000000     <absolute>
 0000:00000000       __guard_eh_cont_count      0000000000000000     <absolute>
 0000:00000000       __arm64x_redirection_metadata_count 0000000000000000     <absolute>
 0000:00000000       __enclave_config           0000000000000000     <absolute>
 0000:00000000       __guard_eh_cont_table      0000000000000000     <absolute>
 0000:00000000       __arm64x_native_entrypoint 0000000000000000     <absolute>
 0000:00000000       __hybrid_code_map_count    0000000000000000     <absolute>
 0000:00000100       __guard_flags              0000000000000100     <absolute>
 0000:00000000       __ImageBase                0000000140000000     <linker-defined>
 0001:00000020       __local_stdio_printf_options 0000000140001020 f i device.obj
 0001:00000030       fprintf                    0000000140001030 f i device.obj
 0001:00000080       snprintf                   0000000140001080 f i device.obj
 0001:000002d0       sync_save_tracks           00000001400012d0 f   device.obj
 0001:00000890       sync_tcp_connect           0000000140001890 f   device.obj
 0001:00000ad0       sync_update                0000000140001ad0 f   device.obj
 0001:00000d40       sync_get_track             0000000140001d40 f   device.obj
 0001:00000f40       sync_get_val               0000000140001f40 f   track.obj
 0001:00001140       ??0Vector3@@QEAA@MMM@Z     0000000140002140 f i Matrix44.obj
 0001:00001160       ??GVector3@@QEBA?BV0@AEBV0@@Z 0000000140002160 f i Matrix44.obj
 0001:000011a0       ??DVector3@@QEBA?BMAEBV0@@Z 00000001400021a0 f i Matrix44.obj
 0001:000011d0       ??DVector3@@QEBA?BV0@M@Z   00000001400021d0 f i Matrix44.obj
 0001:00001200       ??XVector3@@QEAAAEAV0@M@Z  0000000140002200 f i Matrix44.obj
 0001:00001230       ?Normalized@Vector3@@QEBA?BV1@XZ 0000000140002230 f i Matrix44.obj
 0001:000012a0       ??0Vector4@@QEAA@MMMM@Z    00000001400022a0 f i Matrix44.obj
 0001:000012c0       ??0exception@std@@QEAA@AEBV01@@Z 00000001400022c0 f i audio.obj
 0001:00001300       ?what@exception@std@@UEBAPEBDXZ 0000000140002300 f i audio.obj
 0001:00001320       ??_Eruntime_error@std@@UEAAPEAXI@Z 0000000140002320 f i * CIL library *:* CIL module *
 0001:00001320       ??_Eexception@std@@UEAAPEAXI@Z 0000000140002320 f i * CIL library *:* CIL module *
 0001:00001320       ??_Gbad_array_new_length@std@@UEAAPEAXI@Z 0000000140002320 f i audio.obj
 0001:00001320       ??_Elength_error@std@@UEAAPEAXI@Z 0000000140002320 f i libcpmt:xthrow.obj
 0001:00001320       ??_Gexception@std@@UEAAPEAXI@Z 0000000140002320 f i audio.obj
 0001:00001320       ??_Gruntime_error@std@@UEAAPEAXI@Z 0000000140002320 f i main.obj
 0001:00001320       ??_Ebad_exception@std@@UEAAPEAXI@Z 0000000140002320 f i libvcruntime:frame.obj
 0001:00001320       ??_Elogic_error@std@@UEAAPEAXI@Z 0000000140002320 f i libcpmt:xthrow.obj
 0001:00001320       ??_Gbad_alloc@std@@UEAAPEAXI@Z 0000000140002320 f i audio.obj
 0001:00001320       ??_Glogic_error@std@@UEAAPEAXI@Z 0000000140002320 f i libcpmt:xthrow.obj
 0001:00001320       ??_Gbad_exception@std@@UEAAPEAXI@Z 0000000140002320 f i libvcruntime:frame.obj
 0001:00001320       ??_Ebad_array_new_length@std@@UEAAPEAXI@Z 0000000140002320 f i * CIL library *:* CIL module *
 0001:00001320       ??_Ebad_alloc@std@@UEAAPEAXI@Z 0000000140002320 f i * CIL library *:* CIL module *
 0001:00001320       ??_Glength_error@std@@UEAAPEAXI@Z 0000000140002320 f i libcpmt:xthrow.obj
 0001:00001370       ??1bad_array_new_length@std@@UEAA@XZ 0000000140002370 f i audio.obj
 0001:00001370       ??1system_error@std@@UEAA@XZ 0000000140002370 f i main.obj
 0001:00001370       ??1length_error@std@@UEAA@XZ 0000000140002370 f i libcpmt:xthrow.obj
 0001:00001370       ??1bad_alloc@std@@UEAA@XZ  0000000140002370 f i audio.obj
 0001:00001370       ??1bad_exception@std@@UEAA@XZ 0000000140002370 f i libvcruntime:frame.obj
 0001:00001390       ??0bad_array_new_length@std@@QEAA@XZ 0000000140002390 f i audio.obj
 0001:000013c0       ?_Throw_bad_array_new_length@std@@YAXXZ 00000001400023c0 f i audio.obj
 0001:000013c0       ?__scrt_throw_std_bad_array_new_length@@YAXXZ 00000001400023c0 f i LIBCMT:throw_bad_alloc.obj
 0001:000013e0       ??0bad_array_new_length@std@@QEAA@AEBV01@@Z 00000001400023e0 f i audio.obj
 0001:00001420       ??0bad_alloc@std@@QEAA@AEBV01@@Z 0000000140002420 f i audio.obj
 0001:00001460       ?_Xlen_string@std@@YAXXZ   0000000140002460 f i audio.obj
 0001:00001480       ?Audio_Create@@YA_NIAEBV?$basic_string@DU?$char_traits@D@std@@V?$allocator@D@2@@std@@PEAUHWND__@@_N@Z 0000000140002480 f   audio.obj
 0001:000017d0       ?Audio_Rocket_Pause@@YAXPEAXH@Z 00000001400027d0 f   audio.obj
 0001:000017f0       ?Audio_Rocket_SetRow@@YAXPEAXH@Z 00000001400027f0 f   audio.obj
 0001:00001830       ?Audio_Rocket_IsPlaying@@YAHPEAX@Z 0000000140002830 f   audio.obj
 0001:00001840       ??1?$basic_string@DU?$char_traits@D@std@@V?$allocator@D@2@@std@@QEAA@XZ 0000000140002840 f i audio.obj
 0001:000018a0       ??0?$basic_string@DU?$char_traits@D@std@@V?$allocator@D@2@@std@@QEAA@QEBD@Z 00000001400028a0 f i audio.obj
 0001:000018e0       ?assign@?$basic_string@DU?$char_traits@D@std@@V?$allocator@D@2@@std@@QEAAAEAV12@QEBD@Z 00000001400028e0 f i audio.obj
 0001:00001900       ?assign@?$basic_string@DU?$char_traits@D@std@@V?$allocator@D@2@@std@@QEAAAEAV12@QEBD_K@Z 0000000140002900 f i audio.obj
 0001:000029f0       ?Ball_Create@@YA_NXZ       00000001400039f0 f   ball.obj
 0001:00003100       ?Ball_Draw@@YAXPEAIMM@Z    0000000140004100 f   ball.obj
 0001:00003480       ?HorizontalBoxBlur32@@YAXPEAIPEBIIIM@Z 0000000140004480 f   boxblur.obj
 0001:00003610       ?VerticalBoxBlur32@@YAXPEAIPEBIIIM@Z 0000000140004610 f   boxblur.obj
 0001:00003790       ?Fx_Blit_2x2@@YAXPEAI0@Z   0000000140004790 f   fx-blitter.obj
 0001:00003800       tinymt32_init              0000000140004800 f   random.obj
 0001:00003ae0       ?Shadertoy_Create@@YA_NXZ  0000000140004ae0 f   shadertoy.obj
 0001:00004d90       ?Spikey_Draw@@YAXPEAIMM_N@Z 0000000140005d90 f   shadertoy.obj
 0001:00005510       ?RenderLaura_2x2@@YAXPEAIM@Z 0000000140006510 f   shadertoy.obj
 0001:00005700       ?Demo_Create@@YA_NXZ       0000000140006700 f   demo.obj
 0001:000074b0       ?Demo_Draw@@YA_NPEAIMM@Z   00000001400084b0 f   demo.obj
 0001:00008e30       ?Open@Display@@QEAA_NAEBV?$basic_string@DU?$char_traits@D@std@@V?$allocator@D@2@@std@@II_N@Z 0000000140009e30 f   display.obj
 0001:00009120       ?Gamepad_Update@@YA_NAEAUPadState@@@Z 000000014000a120 f   gamepad.obj
 0001:00009640       ?Image_Load32@@YAPEAIAEBV?$basic_string@DU?$char_traits@D@std@@V?$allocator@D@2@@std@@@Z 000000014000a640 f   image.obj
 0001:00009650       ?deallocate@?$allocator@PEAX@std@@QEAAXQEAPEAX_K@Z 000000014000a650 f i image.obj
 0001:000096a0       ??$_Emplace_reallocate@AEBQEAX@?$vector@PEAXV?$allocator@PEAX@std@@@std@@QEAAPEAPEAXQEAPEAXAEBQEAX@Z 000000014000a6a0 f i image.obj
 0001:00009890       ?_Xlength@?$vector@PEAXV?$allocator@PEAX@std@@@std@@CAXXZ 000000014000a890 f i image.obj
 0001:00009e80       ?Landscape_Create@@YA_NXZ  000000014000ae80 f   landscape.obj
 0001:0000a0e0       ??0runtime_error@std@@QEAA@AEBV01@@Z 000000014000b0e0 f i main.obj
 0001:0000a120       ?default_error_condition@error_category@std@@UEBA?AVerror_condition@2@H@Z 000000014000b120 f i main.obj
 0001:0000a130       ?equivalent@error_category@std@@UEBA_NHAEBVerror_condition@2@@Z 000000014000b130 f i main.obj
 0001:0000a170       ?equivalent@error_category@std@@UEBA_NAEBVerror_code@2@H@Z 000000014000b170 f i main.obj
 0001:0000a190       ?make_error_code@std@@YA?AVerror_code@1@W4errc@1@@Z 000000014000b190 f i main.obj
 0001:0000a1b0       ??0_System_error@std@@IEAA@Verror_code@1@AEBV?$basic_string@DU?$char_traits@D@std@@V?$allocator@D@2@@1@@Z 000000014000b1b0 f i main.obj
 0001:0000a350       ??_E_System_error@std@@UEAAPEAXI@Z 000000014000b350 f i * CIL library *:* CIL module *
 0001:0000a350       ??_Esystem_error@std@@UEAAPEAXI@Z 000000014000b350 f i * CIL library *:* CIL module *
 0001:0000a350       ??_Gsystem_error@std@@UEAAPEAXI@Z 000000014000b350 f i main.obj
 0001:0000a350       ??_G_System_error@std@@UEAAPEAXI@Z 000000014000b350 f i main.obj
 0001:0000a3a0       ??0system_error@std@@QEAA@Verror_code@1@@Z 000000014000b3a0 f i main.obj
 0001:0000a450       ?_Throw_system_error@std@@YAXW4errc@1@@Z 000000014000b450 f i main.obj
 0001:0000a490       ??0system_error@std@@QEAA@AEBV01@@Z 000000014000b490 f i main.obj
 0001:0000a4f0       ??0_System_error@std@@QEAA@AEBV01@@Z 000000014000b4f0 f i main.obj
 0001:0000a540       ?name@_Generic_error_category@std@@UEBAPEBDXZ 000000014000b540 f i main.obj
 0001:0000a550       ?message@_Generic_error_category@std@@UEBA?AV?$basic_string@DU?$char_traits@D@std@@V?$allocator@D@2@@2@H@Z 000000014000b550 f i main.obj
 0001:0000a5a0       ??_E_Generic_error_category@std@@UEAAPEAXI@Z 000000014000b5a0 f i * CIL library *:* CIL module *
 0001:0000a5a0       ??_E_System_error_category@std@@UEAAPEAXI@Z 000000014000b5a0 f i * CIL library *:* CIL module *
 0001:0000a5a0       ??_G_System_error_category@std@@UEAAPEAXI@Z 000000014000b5a0 f i main.obj
 0001:0000a5a0       ??_G_Generic_error_category@std@@UEAAPEAXI@Z 000000014000b5a0 f i main.obj
 0001:0000a5d0       ?name@_System_error_category@std@@UEBAPEBDXZ 000000014000b5d0 f i main.obj
 0001:0000a5e0       ?message@_System_error_category@std@@UEBA?AV?$basic_string@DU?$char_traits@D@std@@V?$allocator@D@2@@2@H@Z 000000014000b5e0 f i main.obj
 0001:0000a650       ?default_error_condition@_System_error_category@std@@UEBA?AVerror_condition@2@H@Z 000000014000b650 f i main.obj
 0001:0000a6b0       ?_Make_ec@filesystem@std@@YA?AVerror_code@2@W4__std_win_error@@@Z 000000014000b6b0 f i main.obj
 0001:0000a6d0       ?_Throw_system_error_from_std_win_error@filesystem@std@@YAXW4__std_win_error@@@Z 000000014000b6d0 f i main.obj
 0001:0000a710       ??0path@filesystem@std@@QEAA@AEBV012@@Z 000000014000b710 f i main.obj
 0001:0000a810       ??0filesystem_error@filesystem@std@@QEAA@AEBV?$basic_string@DU?$char_traits@D@std@@V?$allocator@D@2@@2@AEBVpath@12@Verror_code@2@@Z 000000014000b810 f i main.obj
 0001:0000a930       ?what@filesystem_error@filesystem@std@@UEBAPEBDXZ 000000014000b930 f i main.obj
 0001:0000a940       ?_Pretty_message@filesystem_error@filesystem@std@@CA?AV?$basic_string@DU?$char_traits@D@std@@V?$allocator@D@2@@3@V?$basic_string_view@DU?$char_traits@D@std@@@3@AEBVpath@23@1@Z 000000014000b940 f i main.obj
 0001:0000ab70       ??_Efilesystem_error@filesystem@std@@UEAAPEAXI@Z 000000014000bb70 f i * CIL library *:* CIL module *
 0001:0000ab70       ??_Gfilesystem_error@filesystem@std@@UEAAPEAXI@Z 000000014000bb70 f i main.obj
 0001:0000acc0       ??1filesystem_error@filesystem@std@@UEAA@XZ 000000014000bcc0 f i main.obj
 0001:0000ade0       ??0filesystem_error@filesystem@std@@QEAA@AEBV012@@Z 000000014000bde0 f i main.obj
 0001:0000ae60       ?_Throw_fs_error@filesystem@std@@YAXPEBDW4__std_win_error@@AEBVpath@12@@Z 000000014000be60 f i main.obj
 0001:0000aed0       WinMain                    000000014000bed0 f   main.obj
 0001:0000b8d0       ??0?$basic_string@DU?$char_traits@D@std@@V?$allocator@D@2@@std@@QEAA@AEBV01@@Z 000000014000c8d0 f i main.obj
 0001:0000b9b0       ?append@?$basic_string@DU?$char_traits@D@std@@V?$allocator@D@2@@std@@QEAAAEAV12@QEBD_K@Z 000000014000c9b0 f i main.obj
 0001:0000ba30       ??$_Convert_wide_to_narrow_replace_chars@U?$char_traits@D@std@@V?$allocator@D@2@@filesystem@std@@YA?AV?$basic_string@DU?$char_traits@D@std@@V?$allocator@D@2@@1@W4__std_code_page@@V?$basic_string_view@_WU?$char_traits@_W@std@@@1@AEBV?$allocator@D@1@@Z 000000014000ca30 f i main.obj
 0001:0000bb80       ??$_Reallocate_grow_by@V<lambda_1>@?1??reserve@?$basic_string@DU?$char_traits@D@std@@V?$allocator@D@2@@std@@QEAAX_K@Z@$$V@?$basic_string@DU?$char_traits@D@std@@V?$allocator@D@2@@std@@AEAAAEAV01@_KV<lambda_1>@?1??reserve@01@QEAAX0@Z@@Z 000000014000cb80 f i main.obj
 0001:0000bcd0       ??$_Reallocate_grow_by@V<lambda_1>@?1??append@?$basic_string@_WU?$char_traits@_W@std@@V?$allocator@_W@2@@std@@QEAAAEAV34@_K_W@Z@_K_W@?$basic_string@_WU?$char_traits@_W@std@@V?$allocator@_W@2@@std@@AEAAAEAV01@_KV<lambda_1>@?1??append@01@QEAAAEAV01@0_W@Z@_K_W@Z 000000014000ccd0 f i main.obj
 0001:0000be80       ??$_Reallocate_grow_by@V<lambda_1>@?1??push_back@?$basic_string@DU?$char_traits@D@std@@V?$allocator@D@2@@std@@QEAAXD@Z@D@?$basic_string@DU?$char_traits@D@std@@V?$allocator@D@2@@std@@AEAAAEAV01@_KV<lambda_1>@?1??push_back@01@QEAAXD@Z@D@Z 000000014000ce80 f i main.obj
 0001:0000bff0       ??$_Reallocate_grow_by@V<lambda_1>@?1??append@?$basic_string@DU?$char_traits@D@std@@V?$allocator@D@2@@std@@QEAAAEAV34@QEBD_K@Z@PEBD_K@?$basic_string@DU?$char_traits@D@std@@V?$allocator@D@2@@std@@AEAAAEAV01@_KV<lambda_1>@?1??append@01@QEAAAEAV01@QEBD0@Z@PEBD_K@Z 000000014000cff0 f i main.obj
 0001:0000c170       ??$_Reallocate_grow_by@V<lambda_1>@?1??append@?$basic_string@DU?$char_traits@D@std@@V?$allocator@D@2@@std@@QEAAAEAV34@_KD@Z@_KD@?$basic_string@DU?$char_traits@D@std@@V?$allocator@D@2@@std@@AEAAAEAV01@_KV<lambda_1>@?1??append@01@QEAAAEAV01@0D@Z@_KD@Z 000000014000d170 f i main.obj
 0001:0000c5a0       ?Polar_Blit@@YAXPEAIPEBI_N@Z 000000014000d5a0 f   polar.obj
 0001:0000c5e0       ?Polar_BlitA@@YAXPEAIPEBI_N@Z 000000014000d5e0 f   polar.obj
 0001:0000c610       ?Shared_Create@@YA_NXZ     000000014000d610 f   shared-resources.obj
 0001:0000cbc0       ?Twister_Create@@YA_NXZ    000000014000dbc0 f   torus-twister.obj
 0001:0000d2f0       ?Tunnelscape_Create@@YA_NXZ 000000014000e2f0 f   tunnelscape.obj
 0001:0000d550       ?Mix32@@YAXPEAIPEBIIE@Z    000000014000e550 f   util.obj
 0001:0000d5c0       ?Add32@@YAXPEAIPEBII@Z     000000014000e5c0 f   util.obj
 0001:0000d610       ?MixOver32@@YAXPEAIPEBII@Z 000000014000e610 f   util.obj
 0001:0000d650       ?Sub32@@YAXPEAIPEBII@Z     000000014000e650 f   util.obj
 0001:0000d6a0       ?Excl32@@YAXPEAIPEBII@Z    000000014000e6a0 f   util.obj
 0001:0000d6e0       ?SoftLight32@@YAXPEAIPEBII@Z 000000014000e6e0 f   util.obj
 0001:0000d720       ?SoftLight32A@@YAXPEAIPEBII@Z 000000014000e720 f   util.obj
 0001:0000d760       ?SoftLight32AA@@YAXPEAIPEBIIM@Z 000000014000e760 f   util.obj
 0001:0000d7e0       ?Overlay32@@YAXPEAIPEBII@Z 000000014000e7e0 f   util.obj
 0001:0000d820       ?Overlay32A@@YAXPEAIPEBII@Z 000000014000e820 f   util.obj
 0001:0000d860       ?Darken32_50@@YAXPEAIPEBII@Z 000000014000e860 f   util.obj
 0001:0000d8a0       ?TapeWarp32@@YAXPEAIPEBIIIMM@Z 000000014000e8a0 f   util.obj
 0001:0000d900       ?MulSrc32@@YAXPEAIPEBII@Z  000000014000e900 f   util.obj
 0001:0000d950       ?MulSrc32A@@YAXPEAIPEBII@Z 000000014000e950 f   util.obj
 0001:0000d9a0       ?MixSrc32S@@YAXPEAIPEBIIII@Z 000000014000e9a0 f   util.obj
 0001:0000da10       ?MixSrc32@@YAXPEAIPEBII@Z  000000014000ea10 f   util.obj
 0001:0000da60       ?BlitSrc32@@YAXPEAIPEBIIII@Z 000000014000ea60 f   util.obj
 0001:0000dac0       ?BlitSrc32A@@YAXPEAIPEBIIIIM@Z 000000014000eac0 f   util.obj
 0001:0000db60       ?BlitAdd32A@@YAXPEAIPEBIIIIM@Z 000000014000eb60 f   util.obj
 0001:0000dbf0       ?Fade32@@YAXPEAIIIE@Z      000000014000ebf0 f   util.obj
 0001:0000dc70       ??2@YAPEAX_K@Z             000000014000ec70 f   LIBCMT:new_scalar.obj
 0001:0000dcac       ??3@YAXPEAX@Z              000000014000ecac f   LIBCMT:delete_scalar.obj
 0001:0000dcb4       ??3@YAXPEAX_K@Z            000000014000ecb4 f   LIBCMT:delete_scalar_size.obj
 0001:0000dcbc       ??_Gtype_info@@UEAAPEAXI@Z 000000014000ecbc f i LIBCMT:std_type_info_static.obj
 0001:0000dcbc       ??_Etype_info@@UEAAPEAXI@Z 000000014000ecbc f i LIBCMT:std_type_info_static.obj
 0001:0000dce8       __scrt_acquire_startup_lock 000000014000ece8 f   LIBCMT:utility.obj
 0001:0000dd24       __scrt_initialize_crt      000000014000ed24 f   LIBCMT:utility.obj
 0001:0000dd70       __scrt_initialize_onexit_tables 000000014000ed70 f   LIBCMT:utility.obj
 0001:0000ddfc       __scrt_is_nonwritable_in_current_image 000000014000edfc f   LIBCMT:utility.obj
 0001:0000de94       __scrt_release_startup_lock 000000014000ee94 f   LIBCMT:utility.obj
 0001:0000deb8       __scrt_uninitialize_crt    000000014000eeb8 f   LIBCMT:utility.obj
 0001:0000dee4       _onexit                    000000014000eee4 f   LIBCMT:utility.obj
 0001:0000df20       atexit                     000000014000ef20 f   LIBCMT:utility.obj
 0001:0000e190       WinMainCRTStartup          000000014000f190 f   LIBCMT:exe_winmain.obj
 0001:0000e1a4       ??0bad_alloc@std@@QEAA@XZ  000000014000f1a4 f i LIBCMT:throw_bad_alloc.obj
 0001:0000e1c4       ?__scrt_throw_std_bad_alloc@@YAXXZ 000000014000f1c4 f   LIBCMT:throw_bad_alloc.obj
 0001:0000e1e4       __isa_available_init       000000014000f1e4 f   LIBCMT:cpu_disp.obj
 0001:0000e388       _get_startup_argv_mode     000000014000f388 f   LIBCMT:argv_mode.obj
 0001:0000e390       __scrt_is_ucrt_dll_in_use  000000014000f390 f   LIBCMT:ucrt_detection.obj
 0001:0000e39c       __crt_debugger_hook        000000014000f39c f   LIBCMT:utility_desktop.obj
 0001:0000e3a4       __scrt_fastfail            000000014000f3a4 f   LIBCMT:utility_desktop.obj
 0001:0000e4f0       __scrt_get_show_window_mode 000000014000f4f0 f   LIBCMT:utility_desktop.obj
 0001:0000e52c       __scrt_initialize_mta      000000014000f52c f   LIBCMT:utility_desktop.obj
 0001:0000e534       _get_startup_commit_mode   000000014000f534 f   LIBCMT:commit_mode.obj
 0001:0000e534       __scrt_stub_for_initialize_mta 000000014000f534 f   LIBCMT:utility_desktop.obj
 0001:0000e534       _get_startup_new_mode      000000014000f534 f   LIBCMT:new_mode.obj
 0001:0000e534       _matherr                   000000014000f534 f   LIBCMT:matherr.obj
 0001:0000e534       __scrt_initialize_winrt    000000014000f534 f   LIBCMT:utility_desktop.obj
 0001:0000e534       __scrt_exe_initialize_mta  000000014000f534 f   LIBCMT:utility_desktop.obj
 0001:0000e534       _get_startup_thread_locale_mode 000000014000f534 f   LIBCMT:thread_locale.obj
 0001:0000e538       __scrt_is_managed_app      000000014000f538 f   LIBCMT:utility_desktop.obj
 0001:0000e58c       __scrt_set_unhandled_exception_filter 000000014000f58c f   LIBCMT:utility_desktop.obj
 0001:0000e59c       __scrt_unhandled_exception_filter 000000014000f59c f   LIBCMT:utility_desktop.obj
 0001:0000e5f8       _initialize_invalid_parameter_handler 000000014000f5f8 f i LIBCMT:invalid_parameter_handler.obj
 0001:0000e5f8       _initialize_denormal_control 000000014000f5f8 f i LIBCMT:denormal_control.obj
 0001:0000e5f8       _guard_check_icall_nop     000000014000f5f8 f i LIBCMT:guard_support.obj
 0001:0000e5fc       __security_init_cookie     000000014000f5fc f   LIBCMT:gs_support.obj
 0001:0000e6a8       _get_startup_file_mode     000000014000f6a8 f   LIBCMT:file_mode.obj
 0001:0000e6b0       ?__scrt_initialize_type_info@@YAXXZ 000000014000f6b0 f   LIBCMT:tncleanup.obj
 0001:0000e6c0       _should_initialize_environment 000000014000f6c0 f   LIBCMT:env_mode.obj
 0001:0000e6c0       __acrt_uninitialize_command_line 000000014000f6c0 f   libucrt:argv_data.obj
 0001:0000e6c4       __local_stdio_scanf_options 000000014000f6c4 f i LIBCMT:default_local_stdio_options.obj
 0001:0000e6cc       __scrt_initialize_default_local_stdio_options 000000014000f6cc f   LIBCMT:default_local_stdio_options.obj
 0001:0000e6e8       __scrt_is_user_matherr_present 000000014000f6e8 f   LIBCMT:matherr_detection.obj
 0001:0000e6f4       __scrt_get_dyn_tls_init_callback 000000014000f6f4 f   LIBCMT:dyn_tls_init.obj
 0001:0000e6fc       __scrt_get_dyn_tls_dtor_callback 000000014000f6fc f   LIBCMT:dyn_tls_dtor.obj
 0001:0000e704       _RTC_Initialize            000000014000f704 f   LIBCMT:initsect.obj
 0001:0000e740       _RTC_Terminate             000000014000f740 f   LIBCMT:initsect.obj
 0001:0000e780       ??0length_error@std@@QEAA@AEBV01@@Z 000000014000f780 f i libcpmt:xthrow.obj
 0001:0000e7bc       ??0length_error@std@@QEAA@PEBD@Z 000000014000f7bc f i libcpmt:xthrow.obj
 0001:0000e804       ??0logic_error@std@@QEAA@AEBV01@@Z 000000014000f804 f i libcpmt:xthrow.obj
 0001:0000e840       ?_Xlength_error@std@@YAXPEBD@Z 000000014000f840 f   libcpmt:xthrow.obj
 0001:0000e864       __std_system_error_allocate_message 000000014000f864 f   libcpmt:syserror_import_lib.obj
 0001:0000e8c4       __std_system_error_deallocate_message 000000014000f8c4 f   libcpmt:syserror_import_lib.obj
 0001:0000e8cc       __std_fs_code_page         000000014000f8cc f   libcpmt:filesystem.obj
 0001:0000e8f4       __std_fs_convert_narrow_to_wide 000000014000f8f4 f   libcpmt:filesystem.obj
 0001:0000e93c       __std_fs_convert_wide_to_narrow_replace_chars 000000014000f93c f   libcpmt:filesystem.obj
 0001:0000ea08       __std_fs_set_current_path  000000014000fa08 f   libcpmt:filesystem.obj
 0001:0000ea28       ?_Syserror_map@std@@YAPEBDH@Z 000000014000fa28 f   libcpmt:syserror.obj
 0001:0000ea50       ?_Winerror_map@std@@YAHH@Z 000000014000fa50 f   libcpmt:syserror.obj
 0001:0000ea74       strchr                     000000014000fa74 f   libvcruntime:strchr.obj
 0001:0000eaf4       __std_exception_copy       000000014000faf4 f   libvcruntime:std_exception.obj
 0001:0000eb84       __std_exception_destroy    000000014000fb84 f   libvcruntime:std_exception.obj
 0001:0000ebac       __vcrt_initialize          000000014000fbac f   libvcruntime:initialization.obj
 0001:0000ebd4       __vcrt_uninitialize        000000014000fbd4 f   libvcruntime:initialization.obj
 0001:0000ebf0       __C_specific_handler       000000014000fbf0 f   libvcruntime:riscchandler.obj
 0001:0000edfc       _CxxThrowException         000000014000fdfc f   libvcruntime:throw.obj
 0001:0000ee9c       __DestructExceptionObject  000000014000fe9c f   libvcruntime:ehhelpers.obj
 0001:0000ef0c       ?_CallMemberFunction0@@YAXQEAX0@Z 000000014000ff0c f i libvcruntime:ehhelpers.obj
 0001:0000ef10       _IsExceptionObjectToBeDestroyed 000000014000ff10 f   libvcruntime:ehhelpers.obj
 0001:0000ef40       __AdjustPointer            000000014000ff40 f   libvcruntime:ehhelpers.obj
 0001:0000ef64       __FrameUnwindFilter        000000014000ff64 f   libvcruntime:ehhelpers.obj
 0001:0000efcc       __current_exception        000000014000ffcc f   libvcruntime:ehhelpers.obj
 0001:0000efe0       __current_exception_context 000000014000ffe0 f   libvcruntime:ehhelpers.obj
 0001:0000eff4       __std_terminate            000000014000fff4 f   libvcruntime:ehhelpers.obj
 0001:0000f010       memset_repmovs             0000000140010010 f   libvcruntime:memset.obj
 0001:0000f030       memset                     0000000140010030 f   libvcruntime:memset.obj
 0001:0000f1c0       __std_type_info_compare    00000001400101c0 f   libvcruntime:std_type_info.obj
 0001:0000f1e8       __vcrt_freefls             00000001400101e8 f   libvcruntime:per_thread_data.obj
 0001:0000f208       __vcrt_getptd              0000000140010208 f   libvcruntime:per_thread_data.obj
 0001:0000f224       __vcrt_getptd_noexit       0000000140010224 f   libvcruntime:per_thread_data.obj
 0001:0000f2e4       __vcrt_initialize_ptd      00000001400102e4 f   libvcruntime:per_thread_data.obj
 0001:0000f32c       __vcrt_uninitialize_ptd    000000014001032c f   libvcruntime:per_thread_data.obj
 0001:0000f350       __vcrt_initialize_locks    0000000140010350 f   libvcruntime:locks.obj
 0001:0000f384       __vcrt_uninitialize_locks  0000000140010384 f   libvcruntime:locks.obj
 0001:0000f3d0       _NLG_Notify                00000001400103d0 f   libvcruntime:notify.obj
 0001:0000f3f0       __NLG_Dispatch2            00000001400103f0 f   libvcruntime:notify.obj
 0001:0000f400       __NLG_Return2              0000000140010400 f   libvcruntime:notify.obj
 0001:0000f404       __except_validate_context_record 0000000140010404 f   libvcruntime:jbcxrval.obj
 0001:0000f58c       __vcrt_FlsAlloc            000000014001058c f   libvcruntime:winapi_downlevel.obj
 0001:0000f5d4       __vcrt_FlsFree             00000001400105d4 f   libvcruntime:winapi_downlevel.obj
 0001:0000f61c       __vcrt_FlsGetValue         000000014001061c f   libvcruntime:winapi_downlevel.obj
 0001:0000f664       __vcrt_FlsSetValue         0000000140010664 f   libvcruntime:winapi_downlevel.obj
 0001:0000f6b8       __vcrt_InitializeCriticalSectionEx 00000001400106b8 f   libvcruntime:winapi_downlevel.obj
 0001:0000f71c       ??$_CallSETranslator@V__FrameHandler3@@@@YAHPEAUEHExceptionRecord@@PEA_KPEAU_CONTEXT@@PEAU_xDISPATCHER_CONTEXT@@PEBU_s_FuncInfo@@K1H@Z 000000014001071c f i libvcruntime:risctrnsctrl.obj
 0001:0000f770       ??$_CallSETranslator@V__FrameHandler4@@@@YAHPEAUEHExceptionRecord@@PEA_KPEAU_CONTEXT@@PEAU_xDISPATCHER_CONTEXT@@PEAUFuncInfo4@FH4@@K1H@Z 0000000140010770 f i libvcruntime:risctrnsctrl.obj
 0001:0000f7c4       ?CatchTryBlock@__FrameHandler3@@SAPEBU_s_TryBlockMapEntry@@PEBU_s_FuncInfo@@H@Z 00000001400107c4 f   libvcruntime:risctrnsctrl.obj
 0001:0000f818       ?DecompFuncInfo@FH4@@YA_JPEAEAEAUFuncInfo4@1@_KH_N@Z 0000000140010818 f i libvcruntime:risctrnsctrl.obj
 0001:0000f93c       ?ExecutionInCatch@__FrameHandler3@@SA_NPEAU_xDISPATCHER_CONTEXT@@PEBU_s_FuncInfo@@@Z 000000014001093c f   libvcruntime:risctrnsctrl.obj
 0001:0000f968       ?ExecutionInCatch@__FrameHandler4@@SA_NPEAU_xDISPATCHER_CONTEXT@@PEAUFuncInfo4@FH4@@@Z 0000000140010968 f   libvcruntime:risctrnsctrl.obj
 0001:0000f970       ?FrameUnwindToEmptyState@__FrameHandler3@@SAXPEA_KPEAU_xDISPATCHER_CONTEXT@@PEBU_s_FuncInfo@@@Z 0000000140010970 f   libvcruntime:risctrnsctrl.obj
 0001:0000f9d4       ?FrameUnwindToEmptyState@__FrameHandler4@@SAXPEA_KPEAU_xDISPATCHER_CONTEXT@@PEAUFuncInfo4@FH4@@@Z 00000001400109d4 f   libvcruntime:risctrnsctrl.obj
 0001:0000fa08       ?GetEstablisherFrame@__FrameHandler3@@SAPEA_KPEA_KPEAU_xDISPATCHER_CONTEXT@@PEBU_s_FuncInfo@@0@Z 0000000140010a08 f   libvcruntime:risctrnsctrl.obj
 0001:0000fad4       ?GetEstablisherFrame@__FrameHandler4@@SAPEA_KPEA_KPEAU_xDISPATCHER_CONTEXT@@PEAUFuncInfo4@FH4@@0@Z 0000000140010ad4 f   libvcruntime:risctrnsctrl.obj
 0001:0000faf8       ?GetRangeOfTrysToCheck@__FrameHandler3@@SA?AU?$pair@Viterator@TryBlockMap@__FrameHandler3@@V123@@std@@AEAVTryBlockMap@1@HPEAU_xDISPATCHER_CONTEXT@@PEBU_s_FuncInfo@@H@Z 0000000140010af8 f   libvcruntime:risctrnsctrl.obj
 0001:0000fc38       ?GetRangeOfTrysToCheck@__FrameHandler4@@SA?AU?$pair@Viterator@TryBlockMap4@FH4@@V123@@std@@AEAVTryBlockMap4@FH4@@HPEAU_xDISPATCHER_CONTEXT@@PEAUFuncInfo4@5@H@Z 0000000140010c38 f   libvcruntime:risctrnsctrl.obj
 0001:0000fda0       ?UnwindNestedFrames@__FrameHandler3@@SAXPEA_KPEAUEHExceptionRecord@@PEAU_CONTEXT@@0PEAXPEBU_s_FuncInfo@@HHPEBU_s_HandlerType@@PEAU_xDISPATCHER_CONTEXT@@E@Z 0000000140010da0 f   libvcruntime:risctrnsctrl.obj
 0001:0000fea4       ?UnwindNestedFrames@__FrameHandler4@@SAXPEA_KPEAUEHExceptionRecord@@PEAU_CONTEXT@@0PEAXPEAUFuncInfo4@FH4@@HHPEAUHandlerType4@5@PEAU_xDISPATCHER_CONTEXT@@E@Z 0000000140010ea4 f   libvcruntime:risctrnsctrl.obj
 0001:0000ffc4       ?setBuffer@TryBlockMap4@FH4@@QEAAXViterator@12@@Z 0000000140010fc4 f i libvcruntime:risctrnsctrl.obj
 0001:00010184       _CreateFrameInfo           0000000140011184 f   libvcruntime:risctrnsctrl.obj
 0001:000101c0       _FindAndUnlinkFrame        00000001400111c0 f   libvcruntime:risctrnsctrl.obj
 0001:00010214       _GetImageBase              0000000140011214 f   libvcruntime:risctrnsctrl.obj
 0001:00010228       _GetThrowImageBase         0000000140011228 f   libvcruntime:risctrnsctrl.obj
 0001:0001023c       _SetImageBase              000000014001123c f   libvcruntime:risctrnsctrl.obj
 0001:00010254       _SetThrowImageBase         0000000140011254 f   libvcruntime:risctrnsctrl.obj
 0001:0001026c       __CxxFrameHandler3         000000014001126c f   libvcruntime:risctrnsctrl.obj
 0001:000102f4       __CxxFrameHandler4         00000001400112f4 f   libvcruntime:risctrnsctrl.obj
 0001:000103d0       memcpy_repmovs             00000001400113d0 f   libvcruntime:memcpy.obj
 0001:000103f0       memcpy                     00000001400113f0 f   libvcruntime:memcpy.obj
 0001:000103f0       memmove                    00000001400113f0 f   libvcruntime:memcpy.obj
 0001:00010a68       ?GetCurrentState@__FrameHandler3@@SAHPEA_KPEAU_xDISPATCHER_CONTEXT@@PEBU_s_FuncInfo@@@Z 0000000140011a68 f   libvcruntime:ehstate.obj
 0001:00010a90       ?GetUnwindTryBlock@__FrameHandler3@@SAHPEA_KPEAU_xDISPATCHER_CONTEXT@@PEBU_s_FuncInfo@@@Z 0000000140011a90 f   libvcruntime:ehstate.obj
 0001:00010abc       ?SetState@__FrameHandler3@@SAXPEA_KPEBU_s_FuncInfo@@H@Z 0000000140011abc f   libvcruntime:ehstate.obj
 0001:00010ac8       ?SetUnwindTryBlock@__FrameHandler3@@SAXPEA_KPEAU_xDISPATCHER_CONTEXT@@PEBU_s_FuncInfo@@H@Z 0000000140011ac8 f   libvcruntime:ehstate.obj
 0001:00010b04       ?StateFromControlPc@__FrameHandler3@@SAHPEBU_s_FuncInfo@@PEAU_xDISPATCHER_CONTEXT@@@Z 0000000140011b04 f   libvcruntime:ehstate.obj
 0001:00010b0c       ?StateFromControlPc@__FrameHandler4@@SAHPEAUFuncInfo4@FH4@@PEAU_xDISPATCHER_CONTEXT@@@Z 0000000140011b0c f   libvcruntime:ehstate.obj
 0001:00010b14       ?StateFromIp@__FrameHandler3@@SAHPEBU_s_FuncInfo@@PEAU_xDISPATCHER_CONTEXT@@_K@Z 0000000140011b14 f   libvcruntime:ehstate.obj
 0001:00010b7c       ?StateFromIp@__FrameHandler4@@SAHPEAUFuncInfo4@FH4@@PEAU_xDISPATCHER_CONTEXT@@_K@Z 0000000140011b7c f   libvcruntime:ehstate.obj
 0001:00012260       ??$TypeMatchHelper@V__FrameHandler3@@@@YAHPEBU_s_HandlerType@@PEBU_s_CatchableType@@PEBU_s_ThrowInfo@@@Z 0000000140013260 f i libvcruntime:frame.obj
 0001:000123a0       ??$TypeMatchHelper@V__FrameHandler4@@@@YAHPEAUHandlerType4@FH4@@PEBU_s_CatchableType@@PEBU_s_ThrowInfo@@@Z 00000001400133a0 f i libvcruntime:frame.obj
 0001:000124e4       ??$__InternalCxxFrameHandler@V__FrameHandler3@@@@YA?AW4_EXCEPTION_DISPOSITION@@PEAUEHExceptionRecord@@PEA_KPEAU_CONTEXT@@PEAU_xDISPATCHER_CONTEXT@@PEBU_s_FuncInfo@@H1E@Z 00000001400134e4 f i libvcruntime:frame.obj
 0001:0001271c       ??$__InternalCxxFrameHandler@V__FrameHandler4@@@@YA?AW4_EXCEPTION_DISPOSITION@@PEAUEHExceptionRecord@@PEA_KPEAU_CONTEXT@@PEAU_xDISPATCHER_CONTEXT@@PEAUFuncInfo4@FH4@@H1E@Z 000000014001371c f i libvcruntime:frame.obj
 0001:000129b0       ??0HandlerMap4@FH4@@QEAA@PEBUTryBlockMapEntry4@1@_KH@Z 00000001400139b0 f i libvcruntime:frame.obj
 0001:00012a2c       ??0TryBlockMap4@FH4@@QEAA@PEBUFuncInfo4@1@_K@Z 0000000140013a2c f i libvcruntime:frame.obj
 0001:00012b04       ??0bad_exception@std@@QEAA@AEBV01@@Z 0000000140013b04 f i libvcruntime:frame.obj
 0001:00012b40       ??0bad_exception@std@@QEAA@XZ 0000000140013b40 f i libvcruntime:frame.obj
 0001:00012b60       ?CxxCallCatchBlock@__FrameHandler3@@SAPEAXPEAU_EXCEPTION_RECORD@@@Z 0000000140013b60 f   libvcruntime:frame.obj
 0001:00012d4c       ?CxxCallCatchBlock@__FrameHandler4@@SAPEAXPEAU_EXCEPTION_RECORD@@@Z 0000000140013d4c f   libvcruntime:frame.obj
 0001:00012f9c       ?DecompHandler@HandlerMap4@FH4@@AEAAXXZ 0000000140013f9c f i libvcruntime:frame.obj
 0001:000131dc       ?FrameUnwindToState@__FrameHandler3@@SAXPEA_KPEAU_xDISPATCHER_CONTEXT@@PEBU_s_FuncInfo@@H@Z 00000001400141dc f   libvcruntime:frame.obj
 0001:00013368       ?FrameUnwindToState@__FrameHandler4@@SAXPEA_KPEAU_xDISPATCHER_CONTEXT@@PEAUFuncInfo4@FH4@@H@Z 0000000140014368 f   libvcruntime:frame.obj
 0001:00013650       ?GetHandlerSearchState@__FrameHandler3@@SAHPEA_KPEAU_xDISPATCHER_CONTEXT@@PEBU_s_FuncInfo@@@Z 0000000140014650 f i libvcruntime:frame.obj
 0001:00013860       ?ReadEntry@UWMap4@FH4@@AEAAXPEAPEAE@Z 0000000140014860 f i libvcruntime:frame.obj
 0001:00013900       ?_CallMemberFunction1@@YAXQEAX00@Z 0000000140014900 f i libvcruntime:frame.obj
 0001:0001390c       ?_CallMemberFunction2@@YAXQEAX00H@Z 000000014001490c f i libvcruntime:frame.obj
 0001:0001391c       ?getStartStop@UWMap4@FH4@@QEAAXHHAEAViterator@12@0@Z 000000014001491c f i libvcruntime:frame.obj
 0001:000139ec       ?getStateFromIterators@UWMap4@FH4@@SAHAEBViterator@12@H0H0@Z 00000001400149ec f i libvcruntime:frame.obj
 0001:00013ad0       _CallSettingFrame          0000000140014ad0 f   libvcruntime:handlers.obj
 0001:00013b20       _CallSettingFrame_LookupContinuationIndex 0000000140014b20 f   libvcruntime:handlers.obj
 0001:00013b50       _CallSettingFrame_NotifyContinuationAddr 0000000140014b50 f   libvcruntime:handlers.obj
 0001:00013b80       _CallSettingFrameEncoded   0000000140014b80 f   libvcruntime:handlers.obj
 0001:00013c84       fopen                      0000000140014c84 f   libucrt:fopen.obj
 0001:00013c90       __acrt_initialize_stdio    0000000140014c90 f   libucrt:_file.obj
 0001:00013db0       __acrt_iob_func            0000000140014db0 f   libucrt:_file.obj
 0001:00013dc4       __acrt_uninitialize_stdio  0000000140014dc4 f   libucrt:_file.obj
 0001:00013e20       _lock_file                 0000000140014e20 f   libucrt:_file.obj
 0001:00013e2c       _unlock_file               0000000140014e2c f   libucrt:_file.obj
 0001:00013f5c       ?get_raw_ptd@__crt_cached_ptd_host@@QEAAPEAU__acrt_ptd@@XZ 0000000140014f5c f i libucrt:fclose.obj
 0001:00013fc4       fclose                     0000000140014fc4 f   libucrt:fclose.obj
 0001:0001405c       realloc                    000000014001505c f   libucrt:realloc.obj
 0001:000140a4       ??$ensure_buffer_is_big_enough@D@formatting_buffer@__crt_stdio_output@@QEAA_N_KAEAV__crt_cached_ptd_host@@@Z 00000001400150a4 f i libucrt:output.obj
 0001:0001414c       ??$parse_integer@KV?$c_string_character_source@D@__crt_strtox@@$0A@@__crt_strtox@@YAKAEAV__crt_cached_ptd_host@@V?$c_string_character_source@D@0@H_N@Z 000000014001514c f i libucrt:output.obj
 0001:00014400       ??$type_case_integer@$07@?$output_processor@DV?$string_output_adapter@D@__crt_stdio_output@@V?$standard_base@DV?$string_output_adapter@D@__crt_stdio_output@@@2@@__crt_stdio_output@@AEAA_N_N@Z 0000000140015400 f i libucrt:output.obj
 0001:00014400       ??$type_case_integer@$07@?$output_processor@DV?$stream_output_adapter@D@__crt_stdio_output@@V?$standard_base@DV?$stream_output_adapter@D@__crt_stdio_output@@@2@@__crt_stdio_output@@AEAA_N_N@Z 0000000140015400 f i libucrt:output.obj
 0001:00014604       ??$type_case_integer@$09@?$output_processor@DV?$stream_output_adapter@D@__crt_stdio_output@@V?$standard_base@DV?$stream_output_adapter@D@__crt_stdio_output@@@2@@__crt_stdio_output@@AEAA_N_N@Z 0000000140015604 f i libucrt:output.obj
 0001:00014604       ??$type_case_integer@$09@?$output_processor@DV?$string_output_adapter@D@__crt_stdio_output@@V?$standard_base@DV?$string_output_adapter@D@__crt_stdio_output@@@2@@__crt_stdio_output@@AEAA_N_N@Z 0000000140015604 f i libucrt:output.obj
 0001:00014808       ??$type_case_integer@$0BA@@?$output_processor@DV?$string_output_adapter@D@__crt_stdio_output@@V?$standard_base@DV?$string_output_adapter@D@__crt_stdio_output@@@2@@__crt_stdio_output@@AEAA_N_N@Z 0000000140015808 f i libucrt:output.obj
 0001:00014808       ??$type_case_integer@$0BA@@?$output_processor@DV?$stream_output_adapter@D@__crt_stdio_output@@V?$standard_base@DV?$stream_output_adapter@D@__crt_stdio_output@@@2@@__crt_stdio_output@@AEAA_N_N@Z 0000000140015808 f i libucrt:output.obj
 0001:00014a0c       ??$type_case_integer_parse_into_buffer@I$07@?$output_processor@DV?$string_output_adapter@D@__crt_stdio_output@@V?$standard_base@DV?$string_output_adapter@D@__crt_stdio_output@@@2@@__crt_stdio_output@@AEAAXI_N@Z 0000000140015a0c f i libucrt:output.obj
 0001:00014a0c       ??$type_case_integer_parse_into_buffer@I$07@?$output_processor@DV?$stream_output_adapter@D@__crt_stdio_output@@V?$standard_base@DV?$stream_output_adapter@D@__crt_stdio_output@@@2@@__crt_stdio_output@@AEAAXI_N@Z 0000000140015a0c f i libucrt:output.obj
 0001:00014a7c       ??$type_case_integer_parse_into_buffer@I$09@?$output_processor@DV?$stream_output_adapter@D@__crt_stdio_output@@V?$standard_base@DV?$stream_output_adapter@D@__crt_stdio_output@@@2@@__crt_stdio_output@@AEAAXI_N@Z 0000000140015a7c f i libucrt:output.obj
 0001:00014a7c       ??$type_case_integer_parse_into_buffer@I$09@?$output_processor@DV?$string_output_adapter@D@__crt_stdio_output@@V?$standard_base@DV?$string_output_adapter@D@__crt_stdio_output@@@2@@__crt_stdio_output@@AEAAXI_N@Z 0000000140015a7c f i libucrt:output.obj
 0001:00014b28       ??$type_case_integer_parse_into_buffer@I$0BA@@?$output_processor@DV?$string_output_adapter@D@__crt_stdio_output@@V?$standard_base@DV?$string_output_adapter@D@__crt_stdio_output@@@2@@__crt_stdio_output@@AEAAXI_N@Z 0000000140015b28 f i libucrt:output.obj
 0001:00014b28       ??$type_case_integer_parse_into_buffer@I$0BA@@?$output_processor@DV?$stream_output_adapter@D@__crt_stdio_output@@V?$standard_base@DV?$stream_output_adapter@D@__crt_stdio_output@@@2@@__crt_stdio_output@@AEAAXI_N@Z 0000000140015b28 f i libucrt:output.obj
 0001:00014bac       ??$type_case_integer_parse_into_buffer@_K$07@?$output_processor@DV?$string_output_adapter@D@__crt_stdio_output@@V?$standard_base@DV?$string_output_adapter@D@__crt_stdio_output@@@2@@__crt_stdio_output@@AEAAX_K_N@Z 0000000140015bac f i libucrt:output.obj
 0001:00014bac       ??$type_case_integer_parse_into_buffer@_K$07@?$output_processor@DV?$stream_output_adapter@D@__crt_stdio_output@@V?$standard_base@DV?$stream_output_adapter@D@__crt_stdio_output@@@2@@__crt_stdio_output@@AEAAX_K_N@Z 0000000140015bac f i libucrt:output.obj
 0001:00014c1c       ??$type_case_integer_parse_into_buffer@_K$09@?$output_processor@DV?$string_output_adapter@D@__crt_stdio_output@@V?$standard_base@DV?$string_output_adapter@D@__crt_stdio_output@@@2@@__crt_stdio_output@@AEAAX_K_N@Z 0000000140015c1c f i libucrt:output.obj
 0001:00014c1c       ??$type_case_integer_parse_into_buffer@_K$09@?$output_processor@DV?$stream_output_adapter@D@__crt_stdio_output@@V?$standard_base@DV?$stream_output_adapter@D@__crt_stdio_output@@@2@@__crt_stdio_output@@AEAAX_K_N@Z 0000000140015c1c f i libucrt:output.obj
 0001:00014ccc       ??$type_case_integer_parse_into_buffer@_K$0BA@@?$output_processor@DV?$string_output_adapter@D@__crt_stdio_output@@V?$standard_base@DV?$string_output_adapter@D@__crt_stdio_output@@@2@@__crt_stdio_output@@AEAAX_K_N@Z 0000000140015ccc f i libucrt:output.obj
 0001:00014ccc       ??$type_case_integer_parse_into_buffer@_K$0BA@@?$output_processor@DV?$stream_output_adapter@D@__crt_stdio_output@@V?$standard_base@DV?$stream_output_adapter@D@__crt_stdio_output@@@2@@__crt_stdio_output@@AEAAX_K_N@Z 0000000140015ccc f i libucrt:output.obj
 0001:00014e6c       ?crop_zeroes@__crt_stdio_output@@YAXPEADQEAU__crt_locale_pointers@@@Z 0000000140015e6c f i libucrt:output.obj
 0001:00014ed8       ?parse_int_from_format_string@?$output_processor@DV?$string_output_adapter@D@__crt_stdio_output@@V?$standard_base@DV?$string_output_adapter@D@__crt_stdio_output@@@2@@__crt_stdio_output@@AEAA_NQEAH@Z 0000000140015ed8 f i libucrt:output.obj
 0001:00014ed8       ?parse_int_from_format_string@?$output_processor@DV?$stream_output_adapter@D@__crt_stdio_output@@V?$standard_base@DV?$stream_output_adapter@D@__crt_stdio_output@@@2@@__crt_stdio_output@@AEAA_NQEAH@Z 0000000140015ed8 f i libucrt:output.obj
 0001:00014f68       ?process@?$output_processor@DV?$stream_output_adapter@D@__crt_stdio_output@@V?$standard_base@DV?$stream_output_adapter@D@__crt_stdio_output@@@2@@__crt_stdio_output@@QEAAHXZ 0000000140015f68 f i libucrt:output.obj
 0001:00015300       ?process@?$output_processor@DV?$string_output_adapter@D@__crt_stdio_output@@V?$standard_base@DV?$string_output_adapter@D@__crt_stdio_output@@@2@@__crt_stdio_output@@QEAAHXZ 0000000140016300 f i libucrt:output.obj
 0001:00015680       ?state_case_size@?$output_processor@DV?$stream_output_adapter@D@__crt_stdio_output@@V?$standard_base@DV?$stream_output_adapter@D@__crt_stdio_output@@@2@@__crt_stdio_output@@AEAA_NXZ 0000000140016680 f i libucrt:output.obj
 0001:00015808       ?state_case_size@?$output_processor@DV?$string_output_adapter@D@__crt_stdio_output@@V?$standard_base@DV?$string_output_adapter@D@__crt_stdio_output@@@2@@__crt_stdio_output@@AEAA_NXZ 0000000140016808 f i libucrt:output.obj
 0001:00015990       ?state_case_type@?$output_processor@DV?$stream_output_adapter@D@__crt_stdio_output@@V?$standard_base@DV?$stream_output_adapter@D@__crt_stdio_output@@@2@@__crt_stdio_output@@AEAA_NXZ 0000000140016990 f i libucrt:output.obj
 0001:00015dc8       ?state_case_type@?$output_processor@DV?$string_output_adapter@D@__crt_stdio_output@@V?$standard_base@DV?$string_output_adapter@D@__crt_stdio_output@@@2@@__crt_stdio_output@@AEAA_NXZ 0000000140016dc8 f i libucrt:output.obj
 0001:000161cc       ?type_case_Z@?$output_processor@DV?$stream_output_adapter@D@__crt_stdio_output@@V?$standard_base@DV?$stream_output_adapter@D@__crt_stdio_output@@@2@@__crt_stdio_output@@AEAA_NXZ 00000001400171cc f i libucrt:output.obj
 0001:000161cc       ?type_case_Z@?$output_processor@DV?$string_output_adapter@D@__crt_stdio_output@@V?$standard_base@DV?$string_output_adapter@D@__crt_stdio_output@@@2@@__crt_stdio_output@@AEAA_NXZ 00000001400171cc f i libucrt:output.obj
 0001:00016248       ?type_case_a@?$output_processor@DV?$string_output_adapter@D@__crt_stdio_output@@V?$standard_base@DV?$string_output_adapter@D@__crt_stdio_output@@@2@@__crt_stdio_output@@AEAA_NXZ 0000000140017248 f i libucrt:output.obj
 0001:00016248       ?type_case_a@?$output_processor@DV?$stream_output_adapter@D@__crt_stdio_output@@V?$standard_base@DV?$stream_output_adapter@D@__crt_stdio_output@@@2@@__crt_stdio_output@@AEAA_NXZ 0000000140017248 f i libucrt:output.obj
 0001:0001649c       ?type_case_c_tchar@?$output_processor@DV?$stream_output_adapter@D@__crt_stdio_output@@V?$standard_base@DV?$stream_output_adapter@D@__crt_stdio_output@@@2@@__crt_stdio_output@@AEAA_ND@Z 000000014001749c f i libucrt:output.obj
 0001:0001649c       ?type_case_c_tchar@?$output_processor@DV?$string_output_adapter@D@__crt_stdio_output@@V?$standard_base@DV?$string_output_adapter@D@__crt_stdio_output@@@2@@__crt_stdio_output@@AEAA_ND@Z 000000014001749c f i libucrt:output.obj
 0001:00016570       ?type_case_n@?$output_processor@DV?$stream_output_adapter@D@__crt_stdio_output@@V?$standard_base@DV?$stream_output_adapter@D@__crt_stdio_output@@@2@@__crt_stdio_output@@AEAA_NXZ 0000000140017570 f i libucrt:output.obj
 0001:00016570       ?type_case_n@?$output_processor@DV?$string_output_adapter@D@__crt_stdio_output@@V?$standard_base@DV?$string_output_adapter@D@__crt_stdio_output@@@2@@__crt_stdio_output@@AEAA_NXZ 0000000140017570 f i libucrt:output.obj
 0001:00016628       ?type_case_s@?$output_processor@DV?$string_output_adapter@D@__crt_stdio_output@@V?$standard_base@DV?$string_output_adapter@D@__crt_stdio_output@@@2@@__crt_stdio_output@@AEAA_NXZ 0000000140017628 f i libucrt:output.obj
 0001:00016628       ?type_case_s@?$output_processor@DV?$stream_output_adapter@D@__crt_stdio_output@@V?$standard_base@DV?$stream_output_adapter@D@__crt_stdio_output@@@2@@__crt_stdio_output@@AEAA_NXZ 0000000140017628 f i libucrt:output.obj
 0001:000166d0       ?update_locale_slow@__crt_cached_ptd_host@@AEAAXXZ 00000001400176d0 f i libucrt:output.obj
 0001:00016748       ?validate_stream_is_ansi_if_required@?$__acrt_stdio_char_traits@D@@SA_NQEAU_iobuf@@@Z 0000000140017748 f i libucrt:output.obj
 0001:000167e4       ?write_string@?$string_output_adapter@D@__crt_stdio_output@@QEBAXQEBDHQEAHAEAV__crt_cached_ptd_host@@@Z 00000001400177e4 f i libucrt:output.obj
 0001:00016888       ?write_string_impl@?$output_adapter_common@DV?$stream_output_adapter@D@__crt_stdio_output@@@__crt_stdio_output@@IEBAXQEBDHQEAHAEAV__crt_cached_ptd_host@@@Z 0000000140017888 f i libucrt:output.obj
 0001:00016954       __stdio_common_vfprintf    0000000140017954 f   libucrt:output.obj
 0001:00016a78       __stdio_common_vsprintf    0000000140017a78 f   libucrt:output.obj
 0001:00016ce0       strncpy                    0000000140017ce0 f   libucrt:strncpy.obj
 0001:00016e50       isalnum                    0000000140017e50 f   libucrt:_ctype.obj
 0001:00016efc       ??$__acrt_convert_wcs_mbs_cp@D_WV<lambda_7c9dea7b4ca7285d2cdb541a38da6275>@@U__crt_win32_buffer_internal_dynamic_resizing@@@@YAHQEBDAEAV?$__crt_win32_buffer@_WU__crt_win32_buffer_internal_dynamic_resizing@@@@AEBV<lambda_7c9dea7b4ca7285d2cdb541a38da6275>@@I@Z 0000000140017efc f i libucrt:stat.obj
 0001:00017414       ??0_LocaleUpdate@@QEAA@QEAU__crt_locale_pointers@@@Z 0000000140018414 f i libucrt:stat.obj
 0001:00017800       _stat64i32                 0000000140018800 f   libucrt:stat.obj
 0001:00017920       strncmp                    0000000140018920 f   libucrt:strncmp.obj
 0001:00017a60       _fwrite_internal           0000000140018a60 f   libucrt:fwrite.obj
 0001:00017afc       _fwrite_nolock_internal    0000000140018afc f   libucrt:fwrite.obj
 0001:00017d10       fwrite                     0000000140018d10 f   libucrt:fwrite.obj
 0001:00017db4       free                       0000000140018db4 f   libucrt:free.obj
 0001:00017de0       strncat                    0000000140018de0 f   libucrt:strncat.obj
 0001:00017f78       _mkdir                     0000000140018f78 f   libucrt:mkdir.obj
 0001:0001805c       _fread_nolock_s            000000014001905c f   libucrt:fread.obj
 0001:000182bc       fread                      00000001400192bc f   libucrt:fread.obj
 0001:000182dc       fread_s                    00000001400192dc f   libucrt:fread.obj
 0001:00018384       malloc                     0000000140019384 f   libucrt:malloc.obj
 0001:0001838c       ?get_raw_ptd_noexit@__crt_cached_ptd_host@@QEAAPEAU__acrt_ptd@@XZ 000000014001938c f i libucrt:invalid_parameter.obj
 0001:000183f8       ?value@?$dual_state_global@P6AXPEB_W00I_K@Z@__crt_state_management@@QEAAAEAP6AXPEB_W00I_K@ZAEAV__crt_cached_ptd_host@@@Z 00000001400193f8 f i libucrt:invalid_parameter.obj
 0001:00018444       __acrt_call_reportfault    0000000140019444 f   libucrt:invalid_parameter.obj
 0001:000185a0       __acrt_initialize_invalid_parameter_handler 00000001400195a0 f   libucrt:invalid_parameter.obj
 0001:000185a8       _invalid_parameter         00000001400195a8 f   libucrt:invalid_parameter.obj
 0001:00018644       _invalid_parameter_internal 0000000140019644 f   libucrt:invalid_parameter.obj
 0001:00018710       _invalid_parameter_noinfo  0000000140019710 f   libucrt:invalid_parameter.obj
 0001:00018730       _invalid_parameter_noinfo_noreturn 0000000140019730 f   libucrt:invalid_parameter.obj
 0001:00018760       _invoke_watson             0000000140019760 f   libucrt:invalid_parameter.obj
 0001:000187a8       _aligned_free              00000001400197a8 f   libucrt:align.obj
 0001:000187c4       _aligned_malloc            00000001400197c4 f   libucrt:align.obj
 0001:00018844       roundf                     0000000140019844 f   libucrt:roundf.obj
 0001:000188ac       _clearfp                   00000001400198ac f   libucrt:ieee.obj
 0001:00018918       _control87                 0000000140019918 f   libucrt:ieee.obj
 0001:00018920       _controlfp                 0000000140019920 f   libucrt:ieee.obj
 0001:00018bc8       __acrt_initialize_new_handler 0000000140019bc8 f   libucrt:new_handler.obj
 0001:00018bd0       _callnewh                  0000000140019bd0 f   libucrt:new_handler.obj
 0001:00018c10       _query_new_handler         0000000140019c10 f   libucrt:new_handler.obj
 0001:00018c48       _seh_filter_exe            0000000140019c48 f   libucrt:exception_filter.obj
 0001:00019060       __acrt_initialize_thread_local_exit_callback 000000014001a060 f   libucrt:exit.obj
 0001:00019068       _c_exit                    000000014001a068 f   libucrt:exit.obj
 0001:00019078       _cexit                     000000014001a078 f   libucrt:exit.obj
 0001:00019088       _exit                      000000014001a088 f   libucrt:exit.obj
 0001:00019094       _register_thread_local_exe_atexit_callback 000000014001a094 f   libucrt:exit.obj
 0001:000190d4       exit                       000000014001a0d4 f   libucrt:exit.obj
 0001:000192a8       __acrt_allocate_buffer_for_argv 000000014001a2a8 f   libucrt:argv_parsing.obj
 0001:00019308       _configure_narrow_argv     000000014001a308 f   libucrt:argv_parsing.obj
 0001:000198d8       __dcrt_get_or_create_wide_environment_nolock 000000014001a8d8 f   libucrt:environment_initialization.obj
 0001:00019914       __dcrt_uninitialize_environments_nolock 000000014001a914 f   libucrt:environment_initialization.obj
 0001:00019958       _initialize_narrow_environment 000000014001a958 f   libucrt:environment_initialization.obj
 0001:00019ca8       _crt_atexit                000000014001aca8 f   libucrt:onexit.obj
 0001:00019cb8       _execute_onexit_table      000000014001acb8 f   libucrt:onexit.obj
 0001:00019cfc       _initialize_onexit_table   000000014001acfc f   libucrt:onexit.obj
 0001:00019d24       _register_onexit_function  000000014001ad24 f   libucrt:onexit.obj
 0001:00019e98       __acrt_initialize          000000014001ae98 f   libucrt:initialization.obj
 0001:00019eac       __acrt_uninitialize        000000014001aeac f   libucrt:initialization.obj
 0001:00019ee4       _query_app_type            000000014001aee4 f   libucrt:report_runtime_error.obj
 0001:00019eec       _set_app_type              000000014001aeec f   libucrt:report_runtime_error.obj
 0001:00019ef4       __acrt_has_user_matherr    000000014001aef4 f   libucrt:matherr.obj
 0001:00019f14       __acrt_initialize_user_matherr 000000014001af14 f   libucrt:matherr.obj
 0001:00019f1c       __acrt_invoke_user_matherr 000000014001af1c f   libucrt:matherr.obj
 0001:00019f58       __setusermatherr           000000014001af58 f   libucrt:matherr.obj
 0001:00019f80       _get_narrow_winmain_command_line 000000014001af80 f   libucrt:argv_winmain.obj
 0001:00019ff0       _initterm                  000000014001aff0 f   libucrt:initterm.obj
 0001:0001a034       _initterm_e                000000014001b034 f   libucrt:initterm.obj
 0001:0001a07c       _get_fmode                 000000014001b07c f   libucrt:setmode.obj
 0001:0001a0ac       _set_fmode                 000000014001b0ac f   libucrt:setmode.obj
 0001:0001a0ec       _setmode_nolock            000000014001b0ec f   libucrt:setmode.obj
 0001:0001a240       __acrt_set_locale_changed  000000014001b240 f   libucrt:wsetlocale.obj
 0001:0001a24c       __acrt_uninitialize_locale 000000014001b24c f   libucrt:wsetlocale.obj
 0001:0001a27c       _configthreadlocale        000000014001b27c f   libucrt:wsetlocale.obj
 0001:0001a2e8       _query_new_mode            000000014001b2e8 f   libucrt:new_mode.obj
 0001:0001a2f0       _set_new_mode              000000014001b2f0 f   libucrt:new_mode.obj
 0001:0001a31c       __p__commode               000000014001b31c f   libucrt:ncommode.obj
 0001:0001a324       terminate                  000000014001b324 f   libucrt:terminate.obj
 0001:0001a350       strdup                     000000014001b350 f   libucrt:strdup.obj
 0001:0001a350       _strdup                    000000014001b350 f   libucrt:strdup.obj
 0001:0001a3c8       ___lc_codepage_func        000000014001b3c8 f   libucrt:initctype.obj
 0001:0001a3f8       strcpy_s                   000000014001b3f8 f   libucrt:strcpy_s.obj
 0001:0001a458       abort                      000000014001b458 f   libucrt:abort.obj
 0001:0001a4b0       calloc                     000000014001b4b0 f   libucrt:calloc.obj
 0001:0001a4b8       ??$parse_integer@KV?$c_string_character_source@_W@__crt_strtox@@$00@__crt_strtox@@YAKAEAV__crt_cached_ptd_host@@V?$c_string_character_source@_W@0@H_N@Z 000000014001b4b8 f i libucrt:atox.obj
 0001:0001ac54       wcsncmp                    000000014001bc54 f   libucrt:wcsncmp.obj
 0001:0001ac80       __acrt_errno_from_os_error 000000014001bc80 f   libucrt:errno.obj
 0001:0001acc8       __acrt_errno_map_os_error  000000014001bcc8 f   libucrt:errno.obj
 0001:0001ad10       __acrt_errno_map_os_error_ptd 000000014001bd10 f   libucrt:errno.obj
 0001:0001ad34       __doserrno                 000000014001bd34 f   libucrt:errno.obj
 0001:0001ad54       _errno                     000000014001bd54 f   libucrt:errno.obj
 0001:0001ad74       ?__acrt_stdio_allocate_stream@@YA?AV__crt_stdio_stream@@XZ 000000014001bd74 f   libucrt:stream.obj
 0001:0001adcc       ?__acrt_stdio_free_stream@@YAXV__crt_stdio_stream@@@Z 000000014001bdcc f   libucrt:stream.obj
 0001:0001aed4       ??$__acrt_stdio_parse_mode@D@@YA?AU__acrt_stdio_stream_mode@@QEBD@Z 000000014001bed4 f i libucrt:openfile.obj
 0001:0001b198       _openfile                  000000014001c198 f   libucrt:openfile.obj
 0001:0001b234       _calloc_base               000000014001c234 f   libucrt:calloc_base.obj
 0001:0001b2ac       _free_base                 000000014001c2ac f   libucrt:free_base.obj
 0001:0001b4a4       __acrt_AppPolicyGetProcessTerminationMethodInternal 000000014001c4a4 f   libucrt:winapi_thunks.obj
 0001:0001b4fc       __acrt_AreFileApisANSI     000000014001c4fc f   libucrt:winapi_thunks.obj
 0001:0001b540       __acrt_CompareStringEx     000000014001c540 f   libucrt:winapi_thunks.obj
 0001:0001b62c       __acrt_FlsAlloc            000000014001c62c f   libucrt:winapi_thunks.obj
 0001:0001b634       __acrt_FlsFree             000000014001c634 f   libucrt:winapi_thunks.obj
 0001:0001b63c       __acrt_FlsGetValue         000000014001c63c f   libucrt:winapi_thunks.obj
 0001:0001b644       __acrt_FlsSetValue         000000014001c644 f   libucrt:winapi_thunks.obj
 0001:0001b64c       __acrt_InitializeCriticalSectionEx 000000014001c64c f   libucrt:winapi_thunks.obj
 0001:0001b6bc       __acrt_LCMapStringEx       000000014001c6bc f   libucrt:winapi_thunks.obj
 0001:0001b7a8       __acrt_LocaleNameToLCID    000000014001c7a8 f   libucrt:winapi_thunks.obj
 0001:0001b808       __acrt_initialize_winapi_thunks 000000014001c808 f   libucrt:winapi_thunks.obj
 0001:0001b82c       __acrt_uninitialize_winapi_thunks 000000014001c82c f   libucrt:winapi_thunks.obj
 0001:0001b870       _fcloseall                 000000014001c870 f   libucrt:closeall.obj
 0001:0001bb04       __acrt_stdio_flush_nolock  000000014001cb04 f   libucrt:fflush.obj
 0001:0001bb90       _fflush_nolock             000000014001cb90 f   libucrt:fflush.obj
 0001:0001bc64       _flushall                  000000014001cc64 f   libucrt:fflush.obj
 0001:0001bc6c       __acrt_stdio_free_buffer_nolock 000000014001cc6c f   libucrt:_freebuf.obj
 0001:0001bea8       __acrt_initialize_lowio    000000014001cea8 f   libucrt:ioinit.obj
 0001:0001bee4       __acrt_uninitialize_lowio  000000014001cee4 f   libucrt:ioinit.obj
 0001:0001bf24       _fileno                    000000014001cf24 f   libucrt:fileno.obj
 0001:0001bfc4       _close_internal            000000014001cfc4 f   libucrt:close.obj
 0001:0001c088       _close_nolock              000000014001d088 f   libucrt:close.obj
 0001:0001c120       _close_nolock_internal     000000014001d120 f   libucrt:close.obj
 0001:0001c568       __acrt_getptd              000000014001d568 f   libucrt:per_thread_data.obj
 0001:0001c63c       __acrt_getptd_head         000000014001d63c f   libucrt:per_thread_data.obj
 0001:0001c6e0       __acrt_getptd_noexit       000000014001d6e0 f   libucrt:per_thread_data.obj
 0001:0001c7a8       __acrt_getptd_noexit_explicit 000000014001d7a8 f   libucrt:per_thread_data.obj
 0001:0001c868       __acrt_initialize_ptd      000000014001d868 f   libucrt:per_thread_data.obj
 0001:0001c8a4       __acrt_uninitialize_ptd    000000014001d8a4 f   libucrt:per_thread_data.obj
 0001:0001c8c8       _realloc_base              000000014001d8c8 f   libucrt:realloc_base.obj
 0001:0001c944       _malloc_base               000000014001d944 f   libucrt:malloc_base.obj
 0001:0001c9a4       strnlen                    000000014001d9a4 f   libucrt:strnlen.obj
 0001:0001caf4       wcsnlen                    000000014001daf4 f   libucrt:strnlen.obj
 0001:0001cccc       __acrt_update_locale_info  000000014001dccc f   libucrt:locale_update.obj
 0001:0001cd00       __acrt_update_locale_info_explicit 000000014001dd00 f   libucrt:locale_update.obj
 0001:0001cd38       __acrt_update_multibyte_info 000000014001dd38 f   libucrt:locale_update.obj
 0001:0001cd6c       __acrt_update_multibyte_info_explicit 000000014001dd6c f   libucrt:locale_update.obj
 0001:0001d8b8       __acrt_fp_format           000000014001e8b8 f   libucrt:cvt.obj
 0001:0001dba0       _wctomb_internal           000000014001eba0 f   libucrt:wctomb.obj
 0001:0001dd50       _mbtowc_internal           000000014001ed50 f   libucrt:mbtowc.obj
 0001:0001dec8       _get_printf_count_output   000000014001eec8 f   libucrt:printf_count_output.obj
 0001:0001dee0       _fputc_nolock_internal     000000014001eee0 f   libucrt:fputc.obj
 0001:0001def8       __acrt_should_use_temporary_buffer 000000014001eef8 f   libucrt:_sftbuf.obj
 0001:0001df44       __acrt_stdio_begin_temporary_buffering_nolock 000000014001ef44 f   libucrt:_sftbuf.obj
 0001:0001e00c       __acrt_stdio_end_temporary_buffering_nolock 000000014001f00c f   libucrt:_sftbuf.obj
 0001:0001e04c       _isctype_l                 000000014001f04c f   libucrt:isctype.obj
 0001:0001e154       _getdrive                  000000014001f154 f   libucrt:drive.obj
 0001:0001e24c       ??$__acrt_convert_wcs_mbs_cp@_WDV<lambda_f788ae46380686e8b737efdd8c720d07>@@U__crt_win32_buffer_no_resizing@@@@YAHQEB_WAEAV?$__crt_win32_buffer@DU__crt_win32_buffer_no_resizing@@@@AEBV<lambda_f788ae46380686e8b737efdd8c720d07>@@I@Z 000000014001f24c f i libucrt:fullpath.obj
 0001:0001e368       ??$call_win32_function@V<lambda_17b8e77e04f0039ff1429d79b8271fa1>@@@?$__crt_win32_buffer@_WU__crt_win32_buffer_no_resizing@@@@QEAAHAEBV<lambda_17b8e77e04f0039ff1429d79b8271fa1>@@@Z 000000014001f368 f i libucrt:fullpath.obj
 0001:0001e3dc       ??$call_win32_function@V<lambda_1a60cddbd8640ed4c95e91b82cd9827b>@@@?$__crt_win32_buffer@_WU__crt_win32_buffer_public_dynamic_resizing@@@@QEAAHAEBV<lambda_1a60cddbd8640ed4c95e91b82cd9827b>@@@Z 000000014001f3dc f i libucrt:fullpath.obj
 0001:0001e4b4       ?detach@?$__crt_win32_buffer@_WU__crt_win32_buffer_public_dynamic_resizing@@@@QEAAPEA_WXZ 000000014001f4b4 f i libucrt:fullpath.obj
 0001:0001e598       _wfullpath                 000000014001f598 f   libucrt:fullpath.obj
 0001:0001e64c       wcspbrk                    000000014001f64c f   libucrt:wcspbrk.obj
 0001:0001e680       __ascii_wcsicmp            000000014001f680 f   libucrt:wcsicmp.obj
 0001:0001e6c0       _wcsicmp                   000000014001f6c0 f   libucrt:wcsicmp.obj
 0001:0001e708       _wcsicmp_l                 000000014001f708 f   libucrt:wcsicmp.obj
 0001:0001e83c       __acrt_MultiByteToWideChar 000000014001f83c f   libucrt:multibytetowidechar.obj
 0001:0001e8cc       __acrt_lowio_create_handle_array 000000014001f8cc f   libucrt:osfinfo.obj
 0001:0001e974       __acrt_lowio_destroy_handle_array 000000014001f974 f   libucrt:osfinfo.obj
 0001:0001e9c4       __acrt_lowio_ensure_fh_exists 000000014001f9c4 f   libucrt:osfinfo.obj
 0001:0001ea6c       __acrt_lowio_lock_fh       000000014001fa6c f   libucrt:osfinfo.obj
 0001:0001ea94       __acrt_lowio_set_os_handle 000000014001fa94 f   libucrt:osfinfo.obj
 0001:0001eb54       __acrt_lowio_unlock_fh     000000014001fb54 f   libucrt:osfinfo.obj
 0001:0001eb7c       _alloc_osfhnd              000000014001fb7c f   libucrt:osfinfo.obj
 0001:0001ecbc       _free_osfhnd               000000014001fcbc f   libucrt:osfinfo.obj
 0001:0001ed78       _get_osfhandle             000000014001fd78 f   libucrt:osfinfo.obj
 0001:0001edf0       ??$__crt_time_is_leap_year@H@@YA_NH@Z 000000014001fdf0 f i libucrt:loctotime.obj
 0001:0001f080       __loctotime64_t            0000000140020080 f   libucrt:loctotime.obj
 0001:0001f890       _write                     0000000140020890 f   libucrt:write.obj
 0001:0001f928       _write_internal            0000000140020928 f   libucrt:write.obj
 0001:0001fa48       _write_nolock              0000000140020a48 f   libucrt:write.obj
 0001:0001fec4       __acrt_stdio_flush_and_write_narrow_nolock 0000000140020ec4 f   libucrt:_flsbuf.obj
 0001:0001ff90       _wmkdir                    0000000140020f90 f   libucrt:wmkdir.obj
 0001:00020444       _read                      0000000140021444 f   libucrt:read.obj
 0001:00020564       _read_nolock               0000000140021564 f   libucrt:read.obj
 0001:000209b4       __acrt_stdio_refill_and_read_narrow_nolock 00000001400219b4 f   libucrt:_filbuf.obj
 0001:00020b1c       _msize_base                0000000140021b1c f   libucrt:msize.obj
 0001:00020b58       _fd_int                    0000000140021b58 f   libucrt:_test.obj
 0001:00020c40       _get_fpsr                  0000000140021c40 f   libucrt:fpsr.obj
 0001:00020c50       _set_fpsr                  0000000140021c50 f   libucrt:fpsr.obj
 0001:00020c5a       _fclrf                     0000000140021c5a f   libucrt:fpsr.obj
 0001:00020c6e       _frnd                      0000000140021c6e f   libucrt:fpsr.obj
 0001:00020c90       __acrt_initialize_locks    0000000140021c90 f   libucrt:locks.obj
 0001:00020cd8       __acrt_lock                0000000140021cd8 f   libucrt:locks.obj
 0001:00020cf4       __acrt_uninitialize_locks  0000000140021cf4 f   libucrt:locks.obj
 0001:00020d2c       __acrt_unlock              0000000140021d2c f   libucrt:locks.obj
 0001:00020d48       __acrt_app_verifier_enabled 0000000140021d48 f   libucrt:peb_access.obj
 0001:00020d64       __acrt_is_secure_process   0000000140021d64 f   libucrt:peb_access.obj
 0001:00020d7c       __acrt_get_process_end_policy 0000000140021d7c f   libucrt:win_policies.obj
 0001:00020dc0       ??$__acrt_convert_wcs_mbs_cp@_WDV<lambda_d8593a27d1aa8c02be35c86a17d324c4>@@U__crt_win32_buffer_internal_dynamic_resizing@@@@YAHQEB_WAEAV?$__crt_win32_buffer@DU__crt_win32_buffer_internal_dynamic_resizing@@@@AEBV<lambda_d8593a27d1aa8c02be35c86a17d324c4>@@I@Z 0000000140021dc0 f i libucrt:argv_wildcards.obj
 0001:00021664       __acrt_expand_narrow_argv_wildcards 0000000140022664 f   libucrt:argv_wildcards.obj
 0001:0002166c       __acrt_GetModuleFileNameA  000000014002266c f   libucrt:getmodulefilenamea.obj
 0001:00021f88       __acrt_initialize_multibyte 0000000140022f88 f   libucrt:mbctype.obj
 0001:00021fe8       __acrt_update_thread_multibyte_data 0000000140022fe8 f   libucrt:mbctype.obj
 0001:00022004       _setmbcp_nolock            0000000140023004 f   libucrt:mbctype.obj
 0001:00022338       _ismbblead                 0000000140023338 f   libucrt:ismbbyte.obj
 0001:0002234c       __acrt_initialize_command_line 000000014002334c f   libucrt:argv_data.obj
 0001:00022374       wcscpy_s                   0000000140023374 f   libucrt:wcscpy_s.obj
 0001:000223dc       __acrt_WideCharToMultiByte 00000001400233dc f   libucrt:widechartomultibyte.obj
 0001:000224bc       __dcrt_get_narrow_environment_from_os 00000001400234bc f   libucrt:get_environment_from_os.obj
 0001:000225cc       __dcrt_get_wide_environment_from_os 00000001400235cc f   libucrt:get_environment_from_os.obj
 0001:00022abc       __dcrt_set_variable_in_wide_environment_nolock 0000000140023abc f   libucrt:setenv.obj
 0001:00022ac4       _recalloc_base             0000000140023ac4 f   libucrt:recalloc.obj
 0001:00022b5c       __acrt_initialize_heap     0000000140023b5c f   libucrt:heap_handle.obj
 0001:00022b78       __acrt_uninitialize_heap   0000000140023b78 f   libucrt:heap_handle.obj
 0001:00022b84       __acrt_execute_initializers 0000000140023b84 f   libucrt:shared_initialization.obj
 0001:00022c18       __acrt_execute_uninitializers 0000000140023c18 f   libucrt:shared_initialization.obj
 0001:00022ca8       __acrt_get_sigabrt_handler 0000000140023ca8 f   libucrt:signal.obj
 0001:00022cd8       __acrt_initialize_signal_handlers 0000000140023cd8 f   libucrt:signal.obj
 0001:00022cf8       raise                      0000000140023cf8 f   libucrt:signal.obj
 0001:00022f74       wcsncpy_s                  0000000140023f74 f   libucrt:wcsncpy_s.obj
 0001:00023070       __acrt_initialize_fmode    0000000140024070 f   libucrt:txtmode.obj
 0001:0002308c       __acrt_locale_free_monetary 000000014002408c f   libucrt:initmon.obj
 0001:00023198       __acrt_locale_free_numeric 0000000140024198 f   libucrt:initnum.obj
 0001:00023238       __acrt_locale_free_time    0000000140024238 f   libucrt:inittime.obj
 0001:00023340       __acrt_GetStringTypeA      0000000140024340 f   libucrt:getstringtypea.obj
 0001:000234d0       __acrt_add_locale_ref      00000001400244d0 f   libucrt:locale_refcounting.obj
 0001:0002355c       __acrt_free_locale         000000014002455c f   libucrt:locale_refcounting.obj
 0001:000236d4       __acrt_locale_add_lc_time_reference 00000001400246d4 f   libucrt:locale_refcounting.obj
 0001:000236fc       __acrt_locale_free_lc_time_if_unreferenced 00000001400246fc f   libucrt:locale_refcounting.obj
 0001:00023734       __acrt_locale_release_lc_time_reference 0000000140024734 f   libucrt:locale_refcounting.obj
 0001:0002375c       __acrt_release_locale_ref  000000014002475c f   libucrt:locale_refcounting.obj
 0001:00023804       __acrt_update_thread_locale_data 0000000140024804 f   libucrt:locale_refcounting.obj
 0001:00023874       _updatetlocinfoEx_nolock   0000000140024874 f   libucrt:locale_refcounting.obj
 0001:00023c10       __acrt_LCMapStringA        0000000140024c10 f   libucrt:lcmapstringa.obj
 0001:00023ca8       iswctype                   0000000140024ca8 f   libucrt:iswctype.obj
 0001:00023d14       __ascii_wcsnicmp           0000000140024d14 f   libucrt:wcsnicmp.obj
 0001:00023d60       __ascii_strnicmp           0000000140024d60 f   libucrt:strnicmp.obj
 0001:00023dac       _strnicmp                  0000000140024dac f   libucrt:strnicmp.obj
 0001:00023dfc       _strnicmp_l                0000000140024dfc f   libucrt:strnicmp.obj
 0001:000244bc       _sopen_nolock              00000001400254bc f   libucrt:open.obj
 0001:000245d8       _sopen_s                   00000001400255d8 f   libucrt:open.obj
 0001:0002460c       _wsopen_nolock             000000014002560c f   libucrt:open.obj
 0001:000249fc       __acrt_DownlevelLocaleNameToLCID 00000001400259fc f   libucrt:lcidtoname_downlevel.obj
 0001:00024b2c       _commit                    0000000140025b2c f   libucrt:commit.obj
 0001:00024c90       __acrt_fp_strflt_to_string 0000000140025c90 f   libucrt:_fptostr.obj
 0001:00024da0       ?divide@__crt_strtox@@YA_KAEAUbig_integer@1@AEBU21@@Z 0000000140025da0 f i libucrt:cfout.obj
 0001:0002523c       __acrt_fltout              000000014002623c f   libucrt:cfout.obj
 0001:00026554       fegetround                 0000000140027554 f   libucrt:fegetround.obj
 0001:00026568       ?__c32rtomb_utf8@__crt_mbstring@@YA_KPEAD_UPEAU_Mbstatet@@AEAV__crt_cached_ptd_host@@@Z 0000000140027568 f   libucrt:c32rtomb.obj
 0001:0002660c       ?__mbrtowc_utf8@__crt_mbstring@@YA_KPEA_WPEBD_KPEAU_Mbstatet@@AEAV__crt_cached_ptd_host@@@Z 000000014002760c f   libucrt:mbrtowc.obj
 0001:00026650       ?__mbsrtowcs_utf8@__crt_mbstring@@YA_KPEA_WPEAPEBD_KPEAU_Mbstatet@@AEAV__crt_cached_ptd_host@@@Z 0000000140027650 f   libucrt:mbrtowc.obj
 0001:000267f4       _isatty                    00000001400277f4 f   libucrt:isatty.obj
 0001:00026a44       _wgetcwd                   0000000140027a44 f   libucrt:getcwd.obj
 0001:00026a6c       _towlower_l                0000000140027a6c f   libucrt:towlower.obj
 0001:00026b60       __acrt_initialize_timeset  0000000140027b60 f   libucrt:timeset.obj
 0001:00026bb0       __daylight                 0000000140027bb0 f   libucrt:timeset.obj
 0001:00026bb8       __dstbias                  0000000140027bb8 f   libucrt:timeset.obj
 0001:00026bc0       __timezone                 0000000140027bc0 f   libucrt:timeset.obj
 0001:00026bc8       __tzname                   0000000140027bc8 f   libucrt:timeset.obj
 0001:00026bd0       __wide_tzname              0000000140027bd0 f   libucrt:timeset.obj
 0001:00026bd8       _get_daylight              0000000140027bd8 f   libucrt:timeset.obj
 0001:00026c08       _get_dstbias               0000000140027c08 f   libucrt:timeset.obj
 0001:00026c38       _get_timezone              0000000140027c38 f   libucrt:timeset.obj
 0001:000277d4       __tzset                    00000001400287d4 f   libucrt:tzset.obj
 0001:00027818       _isindst                   0000000140028818 f   libucrt:tzset.obj
 0001:00027a14       _lseeki64                  0000000140028a14 f   libucrt:lseek.obj
 0001:00027ab0       _lseeki64_nolock           0000000140028ab0 f   libucrt:lseek.obj
 0001:00027b4c       _lseeki64_nolock_internal  0000000140028b4c f   libucrt:lseek.obj
 0001:00027b54       _putwch_nolock             0000000140028b54 f   libucrt:putwch.obj
 0001:00027b90       __acrt_stdio_allocate_buffer_nolock 0000000140028b90 f   libucrt:_getbuf.obj
 0001:00027bfc       __acrt_fenv_get_common_round_control 0000000140028bfc f   libucrt:_fenvutils.obj
 0001:00027c08       __acrt_fenv_get_control    0000000140028c08 f   libucrt:_fenvutils.obj
 0001:00027cec       __acrt_fenv_get_status     0000000140028cec f   libucrt:_fenvutils.obj
 0001:00027d44       __acrt_fenv_set_control    0000000140028d44 f   libucrt:_fenvutils.obj
 0001:00027e7c       __acrt_fenv_set_status     0000000140028e7c f   libucrt:_fenvutils.obj
 0001:00027ef0       qsort                      0000000140028ef0 f   libucrt:qsort.obj
 0001:00028300       strncpy_s                  0000000140029300 f   libucrt:strncpy_s.obj
 0001:00028490       strpbrk                    0000000140029490 f   libucrt:strpbrk.obj
 0001:00028858       _mbsdec                    0000000140029858 f   libucrt:mbsdec.obj
 0001:00028860       _mbsdec_l                  0000000140029860 f   libucrt:mbsdec.obj
 0001:0002890c       _wcsnicoll                 000000014002990c f   libucrt:wcsnicol.obj
 0001:0002895c       _wcsnicoll_l               000000014002995c f   libucrt:wcsnicol.obj
 0001:00028a4c       __strncnt                  0000000140029a4c f   libucrt:strncnt.obj
 0001:00028a64       __acrt_GetStringTypeW      0000000140029a64 f   libucrt:getstringtypew.obj
 0001:00028a6c       _chsize_nolock             0000000140029a6c f   libucrt:chsize.obj
 0001:00028b04       _chsize_nolock_internal    0000000140029b04 f   libucrt:chsize.obj
 0001:00028c98       _controlfp_s               0000000140029c98 f   libucrt:contrlfp.obj
 0001:00028cfc       fegetenv                   0000000140029cfc f   libucrt:fegetenv.obj
 0001:00028d1c       fesetenv                   0000000140029d1c f   libucrt:fesetenv.obj
 0001:00028d74       feholdexcept               0000000140029d74 f   libucrt:feholdexcept.obj
 0001:00028dc4       ceil                       0000000140029dc4 f   libucrt:ceil.obj
 0001:00028e90       log10                      0000000140029e90 f   libucrt:log10.obj
 0001:0002943c       ?reset_and_return@__crt_mbstring@@YA_K_KPEAU_Mbstatet@@@Z 000000014002a43c f   libucrt:common_utf8.obj
 0001:00029444       ?return_illegal_sequence@__crt_mbstring@@YA_KPEAU_Mbstatet@@AEAV__crt_cached_ptd_host@@@Z 000000014002a444 f   libucrt:common_utf8.obj
 0001:00029458       ?__mbrtoc32_utf8@__crt_mbstring@@YA_KPEA_UPEBD_KPEAU_Mbstatet@@AEAV__crt_cached_ptd_host@@@Z 000000014002a458 f   libucrt:mbrtoc32.obj
 0001:00029634       __acrt_LCMapStringW        000000014002a634 f   libucrt:lcmapstringw.obj
 0001:000296bc       wcstol                     000000014002a6bc f   libucrt:strtox.obj
 0001:00029900       _wgetenv_s                 000000014002a900 f   libucrt:getenv.obj
 0001:00029908       __dcrt_lowio_ensure_console_output_initialized 000000014002a908 f   libucrt:initcon.obj
 0001:0002995c       __dcrt_terminate_console_output 000000014002a95c f   libucrt:initcon.obj
 0001:00029978       __dcrt_write_console       000000014002a978 f   libucrt:initcon.obj
 0001:00029a38       __acrt_CompareStringW      000000014002aa38 f   libucrt:comparestringw.obj
 0001:00029c1c       _handle_error              000000014002ac1c f   libucrt:libm_error.obj
 0001:00029d44       _handle_errorf             000000014002ad44 f   libucrt:libm_error.obj
 0001:00029e78       _handle_nan                000000014002ae78 f   libucrt:libm_error.obj
 0001:00029e94       _handle_nanf               000000014002ae94 f   libucrt:libm_error.obj
 0001:00029eb0       __acrt_initialize_fma3     000000014002aeb0 f   libucrt:fma3_available.obj
 0001:00029f20       _log10_special             000000014002af20 f   libucrt:log_special.obj
 0001:00029fd8       _raise_exc                 000000014002afd8 f   libucrt:fpexcept.obj
 0001:0002a000       _raise_exc_ex              000000014002b000 f   libucrt:fpexcept.obj
 0001:0002a308       _raise_excf                000000014002b308 f   libucrt:fpexcept.obj
 0001:0002a334       _set_errno_from_matherr    000000014002b334 f   libucrt:fpexcept.obj
 0001:0002a364       _clrfp                     000000014002b364 f   libucrt:fpctrl.obj
 0001:0002a384       _ctrlfp                    000000014002b384 f   libucrt:fpctrl.obj
 0001:0002a400       _set_statfp                000000014002b400 f   libucrt:fpctrl.obj
 0001:0002a420       _statfp                    000000014002b420 f   libucrt:fpctrl.obj
 0001:0002a434       __GSHandlerCheck           000000014002b434 f   LIBCMT:gshandler.obj
 0001:0002a454       __GSHandlerCheckCommon     000000014002b454 f   LIBCMT:gshandler.obj
 0001:0002a4c0       __security_check_cookie    000000014002b4c0 f   LIBCMT:amdsecgs.obj
 0001:0002a4e0       _FindPESection             000000014002b4e0 f   LIBCMT:pesect.obj
 0001:0002a530       _IsNonwritableInCurrentImage 000000014002b530 f   LIBCMT:pesect.obj
 0001:0002a580       _ValidateImageBase         000000014002b580 f   LIBCMT:pesect.obj
 0001:0002a5b0       __GSHandlerCheck_SEH       000000014002b5b0 f   LIBCMT:gshandlerseh.obj
 0001:0002a638       __raise_securityfailure    000000014002b638 f   LIBCMT:gs_report.obj
 0001:0002a66c       __report_gsfailure         000000014002b66c f   LIBCMT:gs_report.obj
 0001:0002a740       __report_rangecheckfailure 000000014002b740 f   LIBCMT:gs_report.obj
 0001:0002a754       __report_securityfailure   000000014002b754 f   LIBCMT:gs_report.obj
 0001:0002a8d4       __GSHandlerCheck_EH        000000014002b8d4 f   LIBCMT:gshandlereh.obj
 0001:0002a970       _alloca_probe              000000014002b970 f   LIBCMT:chkstk.obj
 0001:0002a970       __chkstk                   000000014002b970 f   LIBCMT:chkstk.obj
 0001:0002a9c0       __C_specific_handler_noexcept 000000014002b9c0 f   libvcruntime:chandler_noexcept.obj
 0001:0002aa0c       wcsrchr                    000000014002ba0c f   libvcruntime:wcsrchr.obj
 0001:0002aad0       memcmp                     000000014002bad0 f   libvcruntime:memcmp.obj
 0001:0002ab98       strrchr                    000000014002bb98 f   libvcruntime:strrchr.obj
 0001:0002acc4       wcschr                     000000014002bcc4 f   libvcruntime:wcschr.obj
 0001:00033be0       __vdecl_sinf4              0000000140034be0 f   LIBCMT:svml_ssinf4_dispatch.obj
 0001:00033c00       __libm_sse2_sincosf_       0000000140034c00 f   LIBCMT:svml_ssinf4_dispatch.obj
 0001:00033c43       __libm_sse2_sincosf4_      0000000140034c43 f   LIBCMT:svml_ssinf4_dispatch.obj
 0001:00033c50       __vdecl_cos2               0000000140034c50 f   LIBCMT:svml_dcos2_dispatch.obj
 0001:00033c70       __sse2_sinf4@@16           0000000140034c70 f   LIBCMT:svml_ssinf4_sse2.obj
 0001:000345b0       __sse4_sinf4@@16           00000001400355b0 f   LIBCMT:svml_ssinf4_sse4.obj
 0001:00034d30       __sse2_cos2@@16            0000000140035d30 f   LIBCMT:svml_dcos2_sse2.obj
 0001:000353e0       __sse4_cos2@@16            00000001400363e0 f   LIBCMT:svml_dcos2_sse4.obj
 0001:00035a90       __common_ssin_cout_rare    0000000140036a90 f   LIBCMT:svml_s_sin_cout.obj
 0001:00035b00       __common_dcos_cout_rare    0000000140036b00 f   LIBCMT:svml_d_cos_cout.obj
[...]
 0002:000119d4       $unwind$_sincos_special    000000014004c9d4     libucrt:sincos_special.obj
 0002:000119d4       $unwind$_sincosf_special   000000014004c9d4     libucrt:sincos_special.obj
 0002:000119e0       $xdatasym                  000000014004c9e0     libucrt:remainder_piby2f_forasm.obj
 0002:000119e4       $unwind$_powf_special      000000014004c9e4     libucrt:pow_special.obj
 0002:000119f0       $xdatasym                  000000014004c9f0     libucrt:remainder_piby2f_forc.obj
 0002:00012316       .idata$6                   000000014004d316     ws2_32:WS2_32.dll
 0002:00012338       .idata$6                   000000014004d338     kernel32:KERNEL32.dll
 0002:0001236a       .idata$6                   000000014004d36a     user32:USER32.dll
 0002:00012476       .idata$6                   000000014004d476     bass:BASS.dll
 0002:00012522       .idata$6                   000000014004d522     DevIL:DevIL.dll
 0002:000127ac       .idata$6                   000000014004d7ac     SDL2:SDL2.dll
 0002:00012eca       .idata$6                   000000014004deca     VCOMP:VCOMP140.DLL
 0003:00000040       ?__vcrt_flsindex@@3KA      000000014004e040     libvcruntime:per_thread_data.obj
 0003:00000160       ?dazSupported@?1??common_control87@@9@9 000000014004e160     libucrt:ieee.obj
 0003:00000168       ?errno_no_memory@@3HA      000000014004e168     libucrt:errno.obj
 0003:0000016c       ?doserrno_no_memory@@3KA   000000014004e16c     libucrt:errno.obj
 0003:000001b8       ?__acrt_flsindex@@3KA      000000014004e1b8     libucrt:per_thread_data.obj
 0003:00000660       _mbctypes                  000000014004e660     libucrt:mbctype.obj
 0003:00000770       _mbcasemaps                000000014004e770     libucrt:mbctype.obj
 0003:00000870       ?__rgctypeflag@@3PADA      000000014004e870     libucrt:mbctype.obj
 0003:00000880       ?__rgcode_page_info@@3PAUcode_page_info@@A 000000014004e880     libucrt:mbctype.obj
 0003:00000a30       ?tzstd_program@@3PADA      000000014004ea30     libucrt:timeset.obj
 0003:00000a70       ?tzdst_program@@3PADA      000000014004ea70     libucrt:timeset.obj
 0003:00000ab0       ?w_tzstd_program@@3PA_WA   000000014004eab0     libucrt:timeset.obj
 0003:00000b30       ?w_tzdst_program@@3PA_WA   000000014004eb30     libucrt:timeset.obj
 0003:00000bb0       ?tzname_states@@3PAY01PEADA 000000014004ebb0     libucrt:timeset.obj
 0003:00000bc0       ?w_tzname_states@@3PAY01PEA_WA 000000014004ebc0     libucrt:timeset.obj
 0003:00000bd0       ?dststart@@3Utransitiondate@?A0x7639d0b4@@A 000000014004ebd0     libucrt:tzset.obj
 0003:00000be0       ?dstend@@3Utransitiondate@?A0x7639d0b4@@A 000000014004ebe0     libucrt:tzset.obj
 0003:00000bf0       ?__dcrt_lowio_console_output_handle@@3PEAXEA 000000014004ebf0     libucrt:initcon.obj
 0003:00000c00       ?dazSupported@?1??_ctrlfp@@9@9 000000014004ec00     libucrt:fpctrl.obj
 0003:00000c40       ?need_init@?1??server_connect@@9@9 000000014004ec40     device.obj
 0003:00000c44       ?s_curRayLength@@3IA       000000014004ec44     ball.obj
 0003:00000c48       ?s_beamAlphaMin@@3MA       000000014004ec48     ball.obj
 0003:00000c4c       ?s_beamAtten@@3IA          000000014004ec4c     ball.obj
 0003:00000c50       ?s_rocketCallbacks@@3Usync_cb@@A 000000014004ec50     rocket.obj
 0003:00000c68       ?s_mapTilt@@3HA            000000014004ec68     landscape.obj
 0003:00000c70       ?s_lastErr@@3V?$basic_string@DU?$char_traits@D@std@@V?$allocator@D@2@@std@@A 000000014004ec70     main.obj
 0003:00000f20       ?is_initialized_as_dll@@3_NA 000000014004ef20     LIBCMT:utility.obj
 0003:00000f21       ?module_local_atexit_table_initialized@@3_NA 000000014004ef21     LIBCMT:utility.obj
 0003:00000f28       ?module_local_atexit_table@@3U_onexit_table_t@@A 000000014004ef28     LIBCMT:utility.obj
 0003:00000f40       ?module_local_at_quick_exit_table@@3U_onexit_table_t@@A 000000014004ef40     LIBCMT:utility.obj
 0003:00000f90       ?__vcrt_startup_thread_ptd@@3U__vcrt_ptd@@A 000000014004ef90     libvcruntime:per_thread_data.obj
 0003:00001010       __vcrt_lock_table          000000014004f010     libvcruntime:locks.obj
 0003:00001038       __vcrt_locks_initialized   000000014004f038     libvcruntime:locks.obj
 0003:00001080       ?heap@@3V_HeapManager@@A   000000014004f080     libvcruntime:undname.obj
 0003:000010a8       ?module_handles@@3PAPEAUHINSTANCE__@@A 000000014004f0a8     libvcruntime:winapi_downlevel.obj
 0003:000010c0       ?function_pointers@@3PAPEAXA 000000014004f0c0     libvcruntime:winapi_downlevel.obj
 0003:00001108       ?__acrt_invalid_parameter_handler@@3V?$dual_state_global@P6AXPEB_W00I_K@Z@__crt_state_management@@A 000000014004f108     libucrt:invalid_parameter.obj
 0003:00001110       ?__acrt_new_handler@@3V?$dual_state_global@P6AH_K@Z@__crt_state_management@@A 000000014004f110     libucrt:new_handler.obj
 0003:00001118       ?c_termination_complete@@3JA 000000014004f118     libucrt:exit.obj
 0003:00001120       ?thread_local_exit_callback_func@@3P6AXPEAXK0@ZEA 000000014004f120     libucrt:exit.obj
 0003:00001128       ?c_exit_complete@?1???R<lambda_6e4b09c48022b2350581041d5f6b0c4c>@@QEBA@XZ@4_NA 000000014004f128     libucrt:exit.obj
 0003:00001130       ?program_name@?1???$common_configure_argv@D@@YAHW4_crt_argv_mode@@@Z@4PADA 000000014004f130     libucrt:argv_parsing.obj
 0003:00001288       ?__acrt_app_type@@3W4_crt_app_type@@A 000000014004f288     libucrt:report_runtime_error.obj
 0003:00001290       ?user_matherr@@3V?$dual_state_global@P6AHPEAU_exception@@@Z@__crt_state_management@@A 000000014004f290     libucrt:matherr.obj
 0003:00001298       ?empty_string@?1???$common_wincmdln@E@@YAPEAEXZ@4PAEA 000000014004f298     libucrt:argv_winmain.obj
 0003:000012a0       ?__acrt_global_new_mode@@3V?$dual_state_global@J@__crt_state_management@@A 000000014004f2a0     libucrt:new_mode.obj
 0003:000012b0       ?module_handles@@3PAPEAUHINSTANCE__@@A 000000014004f2b0     libucrt:winapi_thunks.obj
 0003:00001360       ?encoded_function_pointers@@3PAPEAXA 000000014004f360     libucrt:winapi_thunks.obj
 0003:00001870       ?internal_state@?1??_mbtowc_internal@@9@4U_Mbstatet@@A 000000014004f870     libucrt:mbtowc.obj
 0003:00001878       ?enable_percent_n@@3_KA    000000014004f878     libucrt:printf_count_output.obj
 0003:00001890       ?__acrt_lock_table@@3PAU_RTL_CRITICAL_SECTION@@A 000000014004f890     libucrt:locks.obj
 0003:00001ac0       ?__acrt_locks_initialized@@3IA 000000014004fac0     libucrt:locks.obj
 0003:00001ae0       ?fSystemSet@@3HA           000000014004fae0     libucrt:mbctype.obj
 0003:00001ae4       ?initialized@?1??__acrt_initialize_multibyte@@9@4_NA 000000014004fae4     libucrt:mbctype.obj
 0003:00001b20       ?ctrlc_action@@3V?$dual_state_global@P6AXH@Z@__crt_state_management@@A 000000014004fb20     libucrt:signal.obj
 0003:00001b28       ?ctrlbreak_action@@3V?$dual_state_global@P6AXH@Z@__crt_state_management@@A 000000014004fb28     libucrt:signal.obj
 0003:00001b30       ?abort_action@@3V?$dual_state_global@P6AXH@Z@__crt_state_management@@A 000000014004fb30     libucrt:signal.obj
 0003:00001b38       ?term_action@@3V?$dual_state_global@P6AXH@Z@__crt_state_management@@A 000000014004fb38     libucrt:signal.obj
 0003:00001b60       ?_tzname@@3V?$dual_state_global@PEAPEAD@__crt_state_management@@A 000000014004fb60     libucrt:timeset.obj
 0003:00001b68       ?w_tzname@@3V?$dual_state_global@PEAPEA_W@__crt_state_management@@A 000000014004fb68     libucrt:timeset.obj
 0003:00001b70       ?last_wide_tz@@3PEA_WEA    000000014004fb70     libucrt:tzset.obj
 0003:00001b80       ?tz_api_used@@3HA          000000014004fb80     libucrt:tzset.obj
 0003:00001b84       ?tzset_init_state@@3V?$dual_state_global@J@__crt_state_management@@A 000000014004fb84     libucrt:tzset.obj
 0003:00001b90       ?tz_info@@3U_TIME_ZONE_INFORMATION@@A 000000014004fb90     libucrt:tzset.obj
 0003:00001c40       ?internal_pst@?1??__mbrtoc32_utf8@__crt_mbstring@@YA_KPEA_UPEBD_KPEAU_Mbstatet@@AEAV__crt_cached_ptd_host@@@Z@4U3@A 000000014004fc40     libucrt:mbrtoc32.obj
 0003:00001c50       GS_ExceptionRecord         000000014004fc50     LIBCMT:gs_report.obj
 0003:00001cf0       GS_ContextRecord           000000014004fcf0     LIBCMT:gs_report.obj
 0003:00009608       ?s_bassInf@@3UBASS_INFO@@A 0000000140057608     audio.obj
 0003:00009640       ?fNautilus_global@@3VVector3@@A 0000000140057640     shadertoy.obj
 0003:00009650       ?fSpike_global@@3VVector4@@A 0000000140057650     shadertoy.obj
 0003:00009660       ?temp@?1??path_encode@@9@9 0000000140057660     device.obj
 0003:00009764       ?s_hMusic@@3KA             0000000140057764     audio.obj
 0003:00009768       ?s_pEnvMap@@3PEAIEA        0000000140057768     ball.obj
 0003:00009770       ?temp@?1??sync_track_path@@9@9 0000000140057770     device.obj
 0003:00009878       ?s_pColorMap@@3PAPEAIA     0000000140057878     ball.obj
 0003:00009888       ?s_pHeightMap@@3PAPEAEA    0000000140057888     ball.obj
 0003:000098b0       ?s_heightProj@@3PAIA       00000001400578b0     ball.obj
 0003:0000a8b0       ?s_heightProjNorm@@3PAY02HA 00000001400588b0     ball.obj
 0003:0000d8b0       ?s_pHalo@@3PEAIEA          000000014005b8b0     ball.obj
 0003:0000d8b8       ?s_pBeamMapMix@@3PEAIEA    000000014005b8b8     ball.obj
 0003:0000d8c0       ?s_pBeamMaps@@3PAPEAIA     000000014005b8c0     ball.obj
 0003:0000d8d8       ?s_heightMapMix@@3PEAEEA   000000014005b8d8     ball.obj
 0003:0000d8e0       ?s_pBackgrounds@@3PAPEAIA  000000014005b8e0     ball.obj
 0003:0000d8f0       ?s_pTempBuf@@3PEAIEA       000000014005b8f0     boxblur.obj
 0003:0000d8f8       ?s_genState@@3UTINYMT32_T@@A 000000014005b8f8     random.obj
 0003:0000d918       ?s_hRocket@@3PEAUsync_device@@EA 000000014005b918     rocket.obj
 0003:0000d920       ?s_pFDTunnelTex@@3PEAIEA   000000014005b920     shadertoy.obj
 0003:0000d928       ?s_pFDTunnelTexHighlights@@3PEAIEA 000000014005b928     shadertoy.obj
 0003:0000d930       ?s_pSpikeBlurMap@@3PEAIEA  000000014005b930     shadertoy.obj
 0003:0000d938       ?s_pSpikeBlurMaps@@3PAPEAIA 000000014005b938     shadertoy.obj
 0003:0000d948       ?s_pNautilusDirt@@3PEAIEA  000000014005b948     demo.obj
 0003:0000d950       ?s_pBallVignette@@3PEAIEA  000000014005b950     demo.obj
 0003:0000d958       ?s_pLenz@@3PEAIEA          000000014005b958     demo.obj
 0003:0000d960       ?s_pRevLogo@@3PEAIEA       000000014005b960     demo.obj
 0003:0000d968       ?s_pCloseSpike1961@@3PEAIEA 000000014005b968     demo.obj
 0003:0000d970       ?s_pSpikeyFullDirt@@3PEAIEA 000000014005b970     demo.obj
 0003:0000d978       ?s_pNoooN@@3PAPEAIA        000000014005b978     demo.obj
 0003:0000d998       ?s_pTunnelVignette2@@3PEAIEA 000000014005b998     demo.obj
 0003:0000d9a0       ?s_pDiscoGuys@@3PAPEAIA    000000014005b9a0     demo.obj
 0003:0000d9e0       ?s_pGreetings@@3PAPEAIA    000000014005b9e0     demo.obj
 0003:0000da00       ?s_pCredits@@3PAPEAIA      000000014005ba00     demo.obj
 0003:0000da20       ?s_pSpikeyBypass@@3PEAIEA  000000014005ba20     demo.obj
 0003:0000da28       ?s_pWaterDirt@@3PEAIEA     000000014005ba28     demo.obj
 0003:0000da30       ?s_pCloseSpikeVignette@@3PEAIEA 000000014005ba30     demo.obj
 0003:0000da38       ?s_pVignette06@@3PEAIEA    000000014005ba38     demo.obj
 0003:0000da40       ?s_pRibbons@@3PEAIEA       000000014005ba40     demo.obj
 0003:0000da48       ?s_pNautilusCousteauRim2@@3PEAIEA 000000014005ba48     demo.obj
 0003:0000da50       ?s_pWaterPrismOverlay@@3PEAIEA 000000014005ba50     demo.obj
 0003:0000da58       ?s_pComatron@@3PAPEAIA     000000014005ba58     demo.obj
 0003:0000da80       ?s_pNautilusCousteau2@@3PEAIEA 000000014005ba80     demo.obj
 0003:0000da88       ?s_pSpikeyArrested@@3PAPEAIA 000000014005ba88     demo.obj
 0003:0000daa8       ?s_pCloseSpikeDirtRaker@@3PEAIEA 000000014005baa8     demo.obj
 0003:0000dab0       ?s_pAreWeDone@@3PEAIEA     000000014005bab0     demo.obj
 0003:0000dab8       ?s_pTunnelFullDirt@@3PEAIEA 000000014005bab8     demo.obj
 0003:0000dac0       ?s_pGodLayer@@3PEAIEA      000000014005bac0     demo.obj
 0003:0000dac8       ?s_pCloseSpikeVignetteForRaker@@3PEAIEA 000000014005bac8     demo.obj
 0003:0000dad0       ?s_pSpikeyVignette@@3PEAIEA 000000014005bad0     demo.obj
 0003:0000dad8       ?s_pNautilusCousteauRim1@@3PEAIEA 000000014005bad8     demo.obj
 0003:0000dae0       ?s_pGPUJoke@@3PEAIEA       000000014005bae0     demo.obj
 0003:0000dae8       ?s_pTunnelVignette@@3PEAIEA 000000014005bae8     demo.obj
 0003:0000daf0       ?s_pNautilusCousteau1@@3PEAIEA 000000014005baf0     demo.obj
 0003:0000daf8       ?s_pNautilusVignette@@3PEAIEA 000000014005baf8     demo.obj
 0003:0000db00       ?s_pNautilusText@@3PEAIEA  000000014005bb00     demo.obj
 0003:0000db08       ?s_pGreetingsDirt@@3PEAIEA 000000014005bb08     demo.obj
 0003:0000db10       ?s_pGreetingsVignette@@3PEAIEA 000000014005bb10     demo.obj
 0003:0000db18       ?s_pMFX@@3PAPEAIA          000000014005bb18     demo.obj
 0003:0000db38       ?s_pSpikeyVignette2@@3PEAIEA 000000014005bb38     demo.obj
 0003:0000db40       ?s_pSuperplek@@3PAPEAIA    000000014005bb40     demo.obj
 0003:0000db68       ?s_pPad@@3PEAU_SDL_GameController@@EA 000000014005bb68     gamepad.obj
 0003:0000db70       ?s_pGC@@3V?$vector@PEAXV?$allocator@PEAX@std@@@std@@A 000000014005bb70     image.obj
 0003:0000db88       ?s_pColorMap@@3PEAIEA      000000014005bb88     landscape.obj
 0003:0000db90       ?s_fogGradientUnp@@3PAT__m128i@@A 000000014005bb90     landscape.obj
 0003:0000eb90       ?s_pFogGradient@@3PEAIEA   000000014005cb90     landscape.obj
 0003:0000eb98       ?s_pHeightMap@@3PEAEEA     000000014005cb98     landscape.obj
 0003:0000eba0       ?s_pInvMap2x2@@3PEAHEA     000000014005cba0     polar.obj
 0003:0000eba8       ?s_pMap@@3PEAHEA           000000014005cba8     polar.obj
 0003:0000ebb0       ?s_pInvMap@@3PEAHEA        000000014005cbb0     polar.obj
 0003:0000ebb8       ?s_pMap2x2@@3PEAHEA        000000014005cbb8     polar.obj
 0003:0000ebc0       ?s_pColorMap@@3PEAIEA      000000014005cbc0     torus-twister.obj
 0003:0000ebc8       ?s_pHeightMap@@3PEAEEA     000000014005cbc8     torus-twister.obj
 0003:0000ebd0       ?s_heightProj@@3PAIA       000000014005cbd0     torus-twister.obj
 0003:0000f3d0       ?s_heightProjNorm@@3PAIA   000000014005d3d0     torus-twister.obj
 0003:0000fbd0       ?s_pBackground@@3PEAIEA    000000014005dbd0     torus-twister.obj
 0003:0000fbd8       ?s_pColorMap@@3PEAIEA      000000014005dbd8     tunnelscape.obj
 0003:0000fbe0       ?s_fogGradientUnp@@3PAT__m128i@@A 000000014005dbe0     tunnelscape.obj
 0003:00010be0       ?s_pFogGradient@@3PEAIEA   000000014005ebe0     tunnelscape.obj
 0003:00010be8       ?s_pHeightMap@@3PEAEEA     000000014005ebe8     tunnelscape.obj
 0003:00010bf0       ?numCalls@?9??Gamepad_Update@@YA_NAEAUPadState@@@Z@4HA 000000014005ebf0     gamepad.obj
 0003:00010bf4       ?padMoveY@?1??vscape@@YAXPEAIMM@Z@4MA 000000014005ebf4     landscape.obj
 0003:00010bf8       ?strafeY@?1??vscape@@YAXPEAIMM@Z@4MA 000000014005ebf8     landscape.obj
 0003:00010bfc       ?strafeX@?1??vscape@@YAXPEAIMM@Z@4MA 000000014005ebfc     landscape.obj
 0003:00010c00       ?viewAngle@?1??vscape@@YAXPEAIMM@Z@4MA 000000014005ec00     landscape.obj
 0003:00010c04       ?padMoveX@?1??vscape@@YAXPEAIMM@Z@4MA 000000014005ec04     landscape.obj
 0003:00010c08       ?padTilt@?1??vscape@@YAXPEAIMM@Z@4MA 000000014005ec08     landscape.obj
 0003:00010c10       ?edgeDivs@?1??VerticalBoxBlur32@@YAXPEAIPEBIIIM@Z@4PAT__m128i@@A 000000014005ec10     boxblur.obj
 0003:00011c10       ?edgeDivs@?1??HorizontalBoxBlur32@@YAXPEAIPEBIIIM@Z@4PAT__m128i@@A 000000014005fc10     boxblur.obj
 0005:00000000       MsetTab                    0000000140064000     libvcruntime:memset.obj
 0005:00000050       MoveSmall                  0000000140064050     libvcruntime:memcpy.obj
 0005:00000090       MoveSmallYmm               0000000140064090     libvcruntime:memcpy.obj
 0005:000000b4       MoveSmallYmmNT             00000001400640b4     libvcruntime:memcpy.obj
 0005:000000d8       MoveSmallXmm               00000001400640d8     libvcruntime:memcpy.obj
 0005:00000100       _2il0floatpacket$19        0000000140064100     LIBCMT:svml_ssinf4_sse2.obj
 0005:00000200       _2il0floatpacket$26        0000000140064200     LIBCMT:svml_dcos2_sse2.obj
 0005:00000210       _2il0floatpacket$27        0000000140064210     LIBCMT:svml_dcos2_sse2.obj
 0005:00000220       _2il0floatpacket$28        0000000140064220     LIBCMT:svml_dcos2_sse2.obj
 0005:00000230       _2il0floatpacket$29        0000000140064230     LIBCMT:svml_dcos2_sse2.obj
 0005:00000240       _2il0floatpacket$30        0000000140064240     LIBCMT:svml_dcos2_sse2.obj
 0005:00000250       _2il0floatpacket$31        0000000140064250     LIBCMT:svml_dcos2_sse2.obj
 0005:00000260       _2il0floatpacket$32        0000000140064260     LIBCMT:svml_dcos2_sse2.obj
 0005:00000270       _2il0floatpacket$33        0000000140064270     LIBCMT:svml_dcos2_sse2.obj
 0005:00000280       _2il0floatpacket$34        0000000140064280     LIBCMT:svml_dcos2_sse2.obj
 0005:00000290       _2il0floatpacket$35        0000000140064290     LIBCMT:svml_dcos2_sse2.obj
 0005:000002a0       _2il0floatpacket$36        00000001400642a0     LIBCMT:svml_dcos2_sse2.obj
 0005:000002b0       _2il0floatpacket$37        00000001400642b0     LIBCMT:svml_dcos2_sse2.obj
 0005:000002c0       _2il0floatpacket$38        00000001400642c0     LIBCMT:svml_dcos2_sse2.obj
 0005:000002d0       _2il0floatpacket$39        00000001400642d0     LIBCMT:svml_dcos2_sse2.obj
 0005:000002e0       _2il0floatpacket$40        00000001400642e0     LIBCMT:svml_dcos2_sse2.obj
 0005:000002f0       _2il0floatpacket$41        00000001400642f0     LIBCMT:svml_dcos2_sse2.obj
 0005:00000300       _2il0floatpacket$42        0000000140064300     LIBCMT:svml_dcos2_sse2.obj
 0005:00000310       _2il0floatpacket$43        0000000140064310     LIBCMT:svml_dcos2_sse2.obj
 0005:00000400       _2il0floatpacket$26        0000000140064400     LIBCMT:svml_dcos2_sse4.obj
 0005:00000410       _2il0floatpacket$27        0000000140064410     LIBCMT:svml_dcos2_sse4.obj
 0005:00000420       _2il0floatpacket$28        0000000140064420     LIBCMT:svml_dcos2_sse4.obj
 0005:00000430       _2il0floatpacket$29        0000000140064430     LIBCMT:svml_dcos2_sse4.obj
 0005:00000440       _2il0floatpacket$30        0000000140064440     LIBCMT:svml_dcos2_sse4.obj
 0005:00000450       _2il0floatpacket$31        0000000140064450     LIBCMT:svml_dcos2_sse4.obj
 0005:00000460       _2il0floatpacket$32        0000000140064460     LIBCMT:svml_dcos2_sse4.obj
 0005:00000470       _2il0floatpacket$33        0000000140064470     LIBCMT:svml_dcos2_sse4.obj
 0005:00000480       _2il0floatpacket$34        0000000140064480     LIBCMT:svml_dcos2_sse4.obj
 0005:00000490       _2il0floatpacket$35        0000000140064490     LIBCMT:svml_dcos2_sse4.obj
 0005:000004a0       _2il0floatpacket$36        00000001400644a0     LIBCMT:svml_dcos2_sse4.obj
 0005:000004b0       _2il0floatpacket$37        00000001400644b0     LIBCMT:svml_dcos2_sse4.obj
 0005:000004c0       _2il0floatpacket$38        00000001400644c0     LIBCMT:svml_dcos2_sse4.obj
 0005:000004d0       _2il0floatpacket$39        00000001400644d0     LIBCMT:svml_dcos2_sse4.obj
 0005:000004e0       _2il0floatpacket$40        00000001400644e0     LIBCMT:svml_dcos2_sse4.obj
 0005:000004f0       _2il0floatpacket$41        00000001400644f0     LIBCMT:svml_dcos2_sse4.obj
 0005:00000500       _2il0floatpacket$42        0000000140064500     LIBCMT:svml_dcos2_sse4.obj
 0005:00000510       _2il0floatpacket$43        0000000140064510     LIBCMT:svml_dcos2_sse4.obj
 0005:00002700       _vmlsSinHATab              0000000140066700     LIBCMT:svml_s_sin_cout.obj
 0005:00013500       _vmldCosHATab              0000000140077500     LIBCMT:svml_d_cos_cout.obj
 0006:00000060       $R000000                   0000000140078060     * linker generated manifest res *
