 VS17

 Timestamp is 641e1805 (Fri Mar 24 22:37:09 2023)

 Preferred load address is 0000000140000000

 Start         Length     Name                   Class
 0001:00000000 00000020H .text$di                CODE
 0001:00000020 00037b40H .text$mn                CODE
 0001:00037b60 00000040H .text$mn$00             CODE
 0001:00037ba0 000006d0H .text$x                 CODE
 0001:00038270 000000d9H .text$yd                CODE
 0002:00000000 00000538H .idata$5                DATA
 0002:00000538 00000028H .00cfg                  DATA
 0002:00000560 00000008H .CRT$XCA                DATA
 0002:00000568 00000008H .CRT$XCAA               DATA
 0002:00000570 00000010H .CRT$XCU                DATA
 0002:00000580 00000008H .CRT$XCZ                DATA
 0002:00000588 00000008H .CRT$XIA                DATA
 0002:00000590 00000008H .CRT$XIAA               DATA
 0002:00000598 00000008H .CRT$XIAC               DATA
 0002:000005a0 00000028H .CRT$XIC                DATA
 0002:000005c8 00000008H .CRT$XIZ                DATA
 0002:000005d0 00000008H .CRT$XPA                DATA
 0002:000005d8 00000010H .CRT$XPX                DATA
 0002:000005e8 00000008H .CRT$XPXA               DATA
 0002:000005f0 00000008H .CRT$XPZ                DATA
 0002:000005f8 00000008H .CRT$XTA                DATA
 0002:00000600 00000010H .CRT$XTZ                DATA
 0002:00000608 00000000H .gehcont$y              DATA
 0002:00000608 00000000H .gfids$y                DATA
 0002:00000610 0000d070H .rdata                  DATA
 0002:0000d680 00000000H .rdata$CastGuardVftablesA DATA
 0002:0000d680 00000000H .rdata$CastGuardVftablesC DATA
 0002:0000d680 000006fcH .rdata$r                DATA
 0002:0000dd7c 000002ccH .rdata$voltmd           DATA
 0002:0000e048 000003b0H .rdata$zzzdbg           DATA
 0002:0000e3f8 00000008H .rtc$IAA                DATA
 0002:0000e400 00000008H .rtc$IZZ                DATA
 0002:0000e408 00000008H .rtc$TAA                DATA
 0002:0000e410 00000008H .rtc$TZZ                DATA
 0002:0000e418 00002de8H .xdata                  DATA
 0002:00011200 00000314H .xdata$x                DATA
 0002:00011514 00000000H .edata                  DATA
 0002:00011514 0000008cH .idata$2                DATA
 0002:000115a0 00000018H .idata$3                DATA
 0002:000115b8 00000538H .idata$4                DATA
 0002:00011af0 00000bd2H .idata$6                DATA
 0003:00000000 00000ca0H .data                   DATA
 0003:00000ca0 000001a8H .data$r                 DATA
 0003:00000e48 000000c8H .data$rs                DATA
 0003:00000f10 0000fbf0H .bss                    DATA
 0004:00000000 0000282cH .pdata                  DATA
 0005:00000000 00013510H _RDATA                  DATA
 0006:00000000 00000060H .rsrc$01                DATA
 0006:00000060 00000180H .rsrc$02                DATA

  Address         Publics by Value              Rva+Base               Lib:Object

 0000:00000000       __x64_code_ranges_to_entry_points_count 0000000000000000     <absolute>
 0000:00000000       __guard_longjmp_table      0000000000000000     <absolute>
 0000:00000000       __x64_code_ranges_to_entry_points 0000000000000000     <absolute>
 0000:00000000       __guard_iat_table          0000000000000000     <absolute>
 0000:00000000       __guard_fids_count         0000000000000000     <absolute>
 0000:00000000       __guard_iat_count          0000000000000000     <absolute>
 0000:00000000       __guard_longjmp_count      0000000000000000     <absolute>
 0000:00000000       __arm64x_extra_rfe_table   0000000000000000     <absolute>
 0000:00000000       __dynamic_value_reloc_table 0000000000000000     <absolute>
 0000:00000000       __hybrid_auxiliary_iat     0000000000000000     <absolute>
 0000:00000000       __hybrid_auxiliary_iat_copy 0000000000000000     <absolute>
 0000:00000000       __hybrid_code_map          0000000000000000     <absolute>
 0000:00000000       __arm64x_extra_rfe_table_size 0000000000000000     <absolute>
 0000:00000000       __arm64x_redirection_metadata 0000000000000000     <absolute>
 0000:00000000       __AbsoluteZero             0000000000000000     <absolute>
 0000:00000000       __guard_check_icall_a64n_fptr 0000000000000000     <absolute>
 0000:00000000       __guard_fids_table         0000000000000000     <absolute>
 0000:00000000       __guard_eh_cont_count      0000000000000000     <absolute>
 0000:00000000       __arm64x_redirection_metadata_count 0000000000000000     <absolute>
 0000:00000000       __enclave_config           0000000000000000     <absolute>
 0000:00000000       __guard_eh_cont_table      0000000000000000     <absolute>
 0000:00000000       __arm64x_native_entrypoint 0000000000000000     <absolute>
 0000:00000000       __hybrid_code_map_count    0000000000000000     <absolute>
 0000:00000100       __guard_flags              0000000000000100     <absolute>
 0000:00000000       __ImageBase                0000000140000000     <linker-defined>
 0001:00000020       __local_stdio_printf_options 0000000140001020 f i device.obj
 0001:00000030       fprintf                    0000000140001030 f i device.obj
 0001:00000080       snprintf                   0000000140001080 f i device.obj
 0001:000002d0       sync_save_tracks           00000001400012d0 f   device.obj
 0001:00000890       sync_tcp_connect           0000000140001890 f   device.obj
 0001:00000ad0       sync_update                0000000140001ad0 f   device.obj
 0001:00000d40       sync_get_track             0000000140001d40 f   device.obj
 0001:00000f40       sync_get_val               0000000140001f40 f   track.obj
 0001:00001140       ??0Vector3@@QEAA@MMM@Z     0000000140002140 f i Matrix44.obj
 0001:00001160       ??GVector3@@QEBA?BV0@AEBV0@@Z 0000000140002160 f i Matrix44.obj
 0001:000011a0       ??DVector3@@QEBA?BMAEBV0@@Z 00000001400021a0 f i Matrix44.obj
 0001:000011d0       ??DVector3@@QEBA?BV0@M@Z   00000001400021d0 f i Matrix44.obj
 0001:00001200       ??XVector3@@QEAAAEAV0@M@Z  0000000140002200 f i Matrix44.obj
 0001:00001230       ?Normalized@Vector3@@QEBA?BV1@XZ 0000000140002230 f i Matrix44.obj
 0001:000012a0       ??0Vector4@@QEAA@MMMM@Z    00000001400022a0 f i Matrix44.obj
 0001:000012c0       ??0exception@std@@QEAA@AEBV01@@Z 00000001400022c0 f i audio.obj
 0001:00001300       ?what@exception@std@@UEBAPEBDXZ 0000000140002300 f i audio.obj
 0001:00001320       ??_Gbad_alloc@std@@UEAAPEAXI@Z 0000000140002320 f i audio.obj
 0001:00001320       ??_Gbad_array_new_length@std@@UEAAPEAXI@Z 0000000140002320 f i audio.obj
 0001:00001320       ??_Gbad_exception@std@@UEAAPEAXI@Z 0000000140002320 f i libvcruntime:frame.obj
 0001:00001320       ??_Elogic_error@std@@UEAAPEAXI@Z 0000000140002320 f i libcpmt:xthrow.obj
 0001:00001320       ??_Ebad_alloc@std@@UEAAPEAXI@Z 0000000140002320 f i * CIL library *:* CIL module *
 0001:00001320       ??_Eruntime_error@std@@UEAAPEAXI@Z 0000000140002320 f i * CIL library *:* CIL module *
 0001:00001320       ??_Gexception@std@@UEAAPEAXI@Z 0000000140002320 f i audio.obj
 0001:00001320       ??_Eexception@std@@UEAAPEAXI@Z 0000000140002320 f i * CIL library *:* CIL module *
 0001:00001320       ??_Glogic_error@std@@UEAAPEAXI@Z 0000000140002320 f i libcpmt:xthrow.obj
 0001:00001320       ??_Ebad_exception@std@@UEAAPEAXI@Z 0000000140002320 f i libvcruntime:frame.obj
 0001:00001320       ??_Gruntime_error@std@@UEAAPEAXI@Z 0000000140002320 f i main.obj
 0001:00001320       ??_Ebad_array_new_length@std@@UEAAPEAXI@Z 0000000140002320 f i * CIL library *:* CIL module *
 0001:00001320       ??_Elength_error@std@@UEAAPEAXI@Z 0000000140002320 f i libcpmt:xthrow.obj
 0001:00001320       ??_Glength_error@std@@UEAAPEAXI@Z 0000000140002320 f i libcpmt:xthrow.obj
 0001:00001370       ??1system_error@std@@UEAA@XZ 0000000140002370 f i main.obj
 0001:00001370       ??1bad_alloc@std@@UEAA@XZ  0000000140002370 f i audio.obj
 0001:00001370       ??1bad_exception@std@@UEAA@XZ 0000000140002370 f i libvcruntime:frame.obj
 0001:00001370       ??1length_error@std@@UEAA@XZ 0000000140002370 f i libcpmt:xthrow.obj
 0001:00001370       ??1bad_array_new_length@std@@UEAA@XZ 0000000140002370 f i audio.obj
 0001:00001390       ??0bad_array_new_length@std@@QEAA@XZ 0000000140002390 f i audio.obj
 0001:000013c0       ?__scrt_throw_std_bad_array_new_length@@YAXXZ 00000001400023c0 f i LIBCMT:throw_bad_alloc.obj
 0001:000013c0       ?_Throw_bad_array_new_length@std@@YAXXZ 00000001400023c0 f i audio.obj
 0001:000013e0       ??0bad_array_new_length@std@@QEAA@AEBV01@@Z 00000001400023e0 f i audio.obj
 0001:00001420       ??0bad_alloc@std@@QEAA@AEBV01@@Z 0000000140002420 f i audio.obj
 0001:00001460       ?_Xlen_string@std@@YAXXZ   0000000140002460 f i audio.obj
 0001:00001480       ?Audio_Create@@YA_NIAEBV?$basic_string@DU?$char_traits@D@std@@V?$allocator@D@2@@std@@PEAUHWND__@@_N@Z 0000000140002480 f   audio.obj
 0001:000017d0       ?Audio_Rocket_Pause@@YAXPEAXH@Z 00000001400027d0 f   audio.obj
 0001:000017f0       ?Audio_Rocket_SetRow@@YAXPEAXH@Z 00000001400027f0 f   audio.obj
 0001:00001830       ?Audio_Rocket_IsPlaying@@YAHPEAX@Z 0000000140002830 f   audio.obj
 0001:00001840       ??1?$basic_string@DU?$char_traits@D@std@@V?$allocator@D@2@@std@@QEAA@XZ 0000000140002840 f i audio.obj
 0001:000018a0       ??0?$basic_string@DU?$char_traits@D@std@@V?$allocator@D@2@@std@@QEAA@QEBD@Z 00000001400028a0 f i audio.obj
 0001:000018e0       ?assign@?$basic_string@DU?$char_traits@D@std@@V?$allocator@D@2@@std@@QEAAAEAV12@QEBD@Z 00000001400028e0 f i audio.obj
 0001:00001900       ?assign@?$basic_string@DU?$char_traits@D@std@@V?$allocator@D@2@@std@@QEAAAEAV12@QEBD_K@Z 0000000140002900 f i audio.obj
 0001:00002960       ?Ball_Create@@YA_NXZ       0000000140003960 f   ball.obj
 0001:00003060       ?Ball_Draw@@YAXPEAIMM@Z    0000000140004060 f   ball.obj
 0001:000033d0       ?HorizontalBoxBlur32@@YAXPEAIPEBIIIM@Z 00000001400043d0 f   boxblur.obj
 0001:00003560       ?VerticalBoxBlur32@@YAXPEAIPEBIIIM@Z 0000000140004560 f   boxblur.obj
 0001:000036e0       ?Fx_Blit_2x2@@YAXPEAI0@Z   00000001400046e0 f   fx-blitter.obj
 0001:00003750       tinymt32_init              0000000140004750 f   random.obj
 0001:00003a30       ?Shadertoy_Create@@YA_NXZ  0000000140004a30 f   shadertoy.obj
 0001:00004ec0       ?RenderLaura_2x2@@YAXPEAIM@Z 0000000140005ec0 f   shadertoy.obj
 0001:000050b0       ?Demo_Create@@YA_NXZ       00000001400060b0 f   demo.obj
 0001:00006870       ?Demo_Draw@@YA_NPEAIMM@Z   0000000140007870 f   demo.obj
 0001:00007c80       ?Open@Display@@QEAA_NAEBV?$basic_string@DU?$char_traits@D@std@@V?$allocator@D@2@@std@@II_N@Z 0000000140008c80 f   display.obj
 0001:00007f70       ?Gamepad_Update@@YA_NAEAUPadState@@@Z 0000000140008f70 f   gamepad.obj
 0001:00008480       ?Image_Load32@@YAPEAIAEBV?$basic_string@DU?$char_traits@D@std@@V?$allocator@D@2@@std@@@Z 0000000140009480 f   image.obj
 0001:00008490       ?deallocate@?$allocator@PEAX@std@@QEAAXQEAPEAX_K@Z 0000000140009490 f i image.obj
 0001:000084e0       ??$_Emplace_reallocate@AEBQEAX@?$vector@PEAXV?$allocator@PEAX@std@@@std@@QEAAPEAPEAXQEAPEAXAEBQEAX@Z 00000001400094e0 f i image.obj
 0001:000086d0       ?_Xlength@?$vector@PEAXV?$allocator@PEAX@std@@@std@@CAXXZ 00000001400096d0 f i image.obj
 0001:00008cc0       ?Landscape_Create@@YA_NXZ  0000000140009cc0 f   landscape.obj
 0001:00008f20       ??0runtime_error@std@@QEAA@AEBV01@@Z 0000000140009f20 f i main.obj
 0001:00008f60       ?default_error_condition@error_category@std@@UEBA?AVerror_condition@2@H@Z 0000000140009f60 f i main.obj
 0001:00008f70       ?equivalent@error_category@std@@UEBA_NHAEBVerror_condition@2@@Z 0000000140009f70 f i main.obj
 0001:00008fb0       ?equivalent@error_category@std@@UEBA_NAEBVerror_code@2@H@Z 0000000140009fb0 f i main.obj
 0001:00008fd0       ?make_error_code@std@@YA?AVerror_code@1@W4errc@1@@Z 0000000140009fd0 f i main.obj
 0001:00008ff0       ??0_System_error@std@@IEAA@Verror_code@1@AEBV?$basic_string@DU?$char_traits@D@std@@V?$allocator@D@2@@1@@Z 0000000140009ff0 f i main.obj
 0001:00009190       ??_Esystem_error@std@@UEAAPEAXI@Z 000000014000a190 f i * CIL library *:* CIL module *
 0001:00009190       ??_E_System_error@std@@UEAAPEAXI@Z 000000014000a190 f i * CIL library *:* CIL module *
 0001:00009190       ??_Gsystem_error@std@@UEAAPEAXI@Z 000000014000a190 f i main.obj
 0001:00009190       ??_G_System_error@std@@UEAAPEAXI@Z 000000014000a190 f i main.obj
 0001:000091e0       ??0system_error@std@@QEAA@Verror_code@1@@Z 000000014000a1e0 f i main.obj
 0001:00009290       ?_Throw_system_error@std@@YAXW4errc@1@@Z 000000014000a290 f i main.obj
 0001:000092d0       ??0system_error@std@@QEAA@AEBV01@@Z 000000014000a2d0 f i main.obj
 0001:00009330       ??0_System_error@std@@QEAA@AEBV01@@Z 000000014000a330 f i main.obj
 0001:00009380       ?name@_Generic_error_category@std@@UEBAPEBDXZ 000000014000a380 f i main.obj
 0001:00009390       ?message@_Generic_error_category@std@@UEBA?AV?$basic_string@DU?$char_traits@D@std@@V?$allocator@D@2@@2@H@Z 000000014000a390 f i main.obj
 0001:000093e0       ??_E_System_error_category@std@@UEAAPEAXI@Z 000000014000a3e0 f i * CIL library *:* CIL module *
 0001:000093e0       ??_G_Generic_error_category@std@@UEAAPEAXI@Z 000000014000a3e0 f i main.obj
 0001:000093e0       ??_E_Generic_error_category@std@@UEAAPEAXI@Z 000000014000a3e0 f i * CIL library *:* CIL module *
 0001:000093e0       ??_G_System_error_category@std@@UEAAPEAXI@Z 000000014000a3e0 f i main.obj
 0001:00009410       ?name@_System_error_category@std@@UEBAPEBDXZ 000000014000a410 f i main.obj
 0001:00009420       ?message@_System_error_category@std@@UEBA?AV?$basic_string@DU?$char_traits@D@std@@V?$allocator@D@2@@2@H@Z 000000014000a420 f i main.obj
 0001:00009490       ?default_error_condition@_System_error_category@std@@UEBA?AVerror_condition@2@H@Z 000000014000a490 f i main.obj
 0001:000094f0       ?_Make_ec@filesystem@std@@YA?AVerror_code@2@W4__std_win_error@@@Z 000000014000a4f0 f i main.obj
 0001:00009510       ?_Throw_system_error_from_std_win_error@filesystem@std@@YAXW4__std_win_error@@@Z 000000014000a510 f i main.obj
 0001:00009550       ??0path@filesystem@std@@QEAA@AEBV012@@Z 000000014000a550 f i main.obj
 0001:00009650       ??0filesystem_error@filesystem@std@@QEAA@AEBV?$basic_string@DU?$char_traits@D@std@@V?$allocator@D@2@@2@AEBVpath@12@Verror_code@2@@Z 000000014000a650 f i main.obj
 0001:00009770       ?what@filesystem_error@filesystem@std@@UEBAPEBDXZ 000000014000a770 f i main.obj
 0001:00009780       ?_Pretty_message@filesystem_error@filesystem@std@@CA?AV?$basic_string@DU?$char_traits@D@std@@V?$allocator@D@2@@3@V?$basic_string_view@DU?$char_traits@D@std@@@3@AEBVpath@23@1@Z 000000014000a780 f i main.obj
 0001:000099b0       ??_Efilesystem_error@filesystem@std@@UEAAPEAXI@Z 000000014000a9b0 f i * CIL library *:* CIL module *
 0001:000099b0       ??_Gfilesystem_error@filesystem@std@@UEAAPEAXI@Z 000000014000a9b0 f i main.obj
 0001:00009b00       ??1filesystem_error@filesystem@std@@UEAA@XZ 000000014000ab00 f i main.obj
 0001:00009c20       ??0filesystem_error@filesystem@std@@QEAA@AEBV012@@Z 000000014000ac20 f i main.obj
 0001:00009ca0       ?_Throw_fs_error@filesystem@std@@YAXPEBDW4__std_win_error@@AEBVpath@12@@Z 000000014000aca0 f i main.obj
 0001:00009d10       WinMain                    000000014000ad10 f   main.obj
 0001:0000a6f0       ??0?$basic_string@DU?$char_traits@D@std@@V?$allocator@D@2@@std@@QEAA@AEBV01@@Z 000000014000b6f0 f i main.obj
 0001:0000a7d0       ?append@?$basic_string@DU?$char_traits@D@std@@V?$allocator@D@2@@std@@QEAAAEAV12@QEBD_K@Z 000000014000b7d0 f i main.obj
 0001:0000a850       ??$_Convert_wide_to_narrow_replace_chars@U?$char_traits@D@std@@V?$allocator@D@2@@filesystem@std@@YA?AV?$basic_string@DU?$char_traits@D@std@@V?$allocator@D@2@@1@W4__std_code_page@@V?$basic_string_view@_WU?$char_traits@_W@std@@@1@AEBV?$allocator@D@1@@Z 000000014000b850 f i main.obj
 0001:0000a9a0       ??$_Reallocate_grow_by@V<lambda_1>@?1??reserve@?$basic_string@DU?$char_traits@D@std@@V?$allocator@D@2@@std@@QEAAX_K@Z@$$V@?$basic_string@DU?$char_traits@D@std@@V?$allocator@D@2@@std@@AEAAAEAV01@_KV<lambda_1>@?1??reserve@01@QEAAX0@Z@@Z 000000014000b9a0 f i main.obj
 0001:0000aaf0       ??$_Reallocate_grow_by@V<lambda_1>@?1??append@?$basic_string@_WU?$char_traits@_W@std@@V?$allocator@_W@2@@std@@QEAAAEAV34@_K_W@Z@_K_W@?$basic_string@_WU?$char_traits@_W@std@@V?$allocator@_W@2@@std@@AEAAAEAV01@_KV<lambda_1>@?1??append@01@QEAAAEAV01@0_W@Z@_K_W@Z 000000014000baf0 f i main.obj
 0001:0000aca0       ??$_Reallocate_grow_by@V<lambda_1>@?1??push_back@?$basic_string@DU?$char_traits@D@std@@V?$allocator@D@2@@std@@QEAAXD@Z@D@?$basic_string@DU?$char_traits@D@std@@V?$allocator@D@2@@std@@AEAAAEAV01@_KV<lambda_1>@?1??push_back@01@QEAAXD@Z@D@Z 000000014000bca0 f i main.obj
 0001:0000ae10       ??$_Reallocate_grow_by@V<lambda_1>@?1??append@?$basic_string@DU?$char_traits@D@std@@V?$allocator@D@2@@std@@QEAAAEAV34@QEBD_K@Z@PEBD_K@?$basic_string@DU?$char_traits@D@std@@V?$allocator@D@2@@std@@AEAAAEAV01@_KV<lambda_1>@?1??append@01@QEAAAEAV01@QEBD0@Z@PEBD_K@Z 000000014000be10 f i main.obj
 0001:0000af90       ??$_Reallocate_grow_by@V<lambda_1>@?1??append@?$basic_string@DU?$char_traits@D@std@@V?$allocator@D@2@@std@@QEAAAEAV34@_KD@Z@_KD@?$basic_string@DU?$char_traits@D@std@@V?$allocator@D@2@@std@@AEAAAEAV01@_KV<lambda_1>@?1??append@01@QEAAAEAV01@0D@Z@_KD@Z 000000014000bf90 f i main.obj
 0001:0000b3c0       ?Polar_Blit@@YAXPEAIPEBI_N@Z 000000014000c3c0 f   polar.obj
 0001:0000b400       ?Polar_BlitA@@YAXPEAIPEBI_N@Z 000000014000c400 f   polar.obj
 0001:0000b430       ?Shared_Create@@YA_NXZ     000000014000c430 f   shared-resources.obj
 0001:0000b9e0       ?Twister_Create@@YA_NXZ    000000014000c9e0 f   torus-twister.obj
 0001:0000c100       ?Tunnelscape_Create@@YA_NXZ 000000014000d100 f   tunnelscape.obj
 0001:0000c360       ?Mix32@@YAXPEAIPEBIIE@Z    000000014000d360 f   util.obj
 0001:0000c3d0       ?Add32@@YAXPEAIPEBII@Z     000000014000d3d0 f   util.obj
 0001:0000c420       ?MixOver32@@YAXPEAIPEBII@Z 000000014000d420 f   util.obj
 0001:0000c460       ?Sub32@@YAXPEAIPEBII@Z     000000014000d460 f   util.obj
 0001:0000c4b0       ?Excl32@@YAXPEAIPEBII@Z    000000014000d4b0 f   util.obj
 0001:0000c4f0       ?SoftLight32@@YAXPEAIPEBII@Z 000000014000d4f0 f   util.obj
 0001:0000c530       ?SoftLight32A@@YAXPEAIPEBII@Z 000000014000d530 f   util.obj
 0001:0000c570       ?SoftLight32AA@@YAXPEAIPEBIIM@Z 000000014000d570 f   util.obj
 0001:0000c5d0       ?Overlay32@@YAXPEAIPEBII@Z 000000014000d5d0 f   util.obj
 0001:0000c610       ?Overlay32A@@YAXPEAIPEBII@Z 000000014000d610 f   util.obj
 0001:0000c650       ?Darken32_50@@YAXPEAIPEBII@Z 000000014000d650 f   util.obj
 0001:0000c690       ?TapeWarp32@@YAXPEAIPEBIIIMM@Z 000000014000d690 f   util.obj
 0001:0000c6f0       ?MulSrc32@@YAXPEAIPEBII@Z  000000014000d6f0 f   util.obj
 0001:0000c740       ?MulSrc32A@@YAXPEAIPEBII@Z 000000014000d740 f   util.obj
 0001:0000c790       ?MixSrc32@@YAXPEAIPEBII@Z  000000014000d790 f   util.obj
 0001:0000c7e0       ?BlitSrc32@@YAXPEAIPEBIIII@Z 000000014000d7e0 f   util.obj
 0001:0000c860       ?BlitSrc32A@@YAXPEAIPEBIIIIM@Z 000000014000d860 f   util.obj
 0001:0000c900       ?BlitAdd32A@@YAXPEAIPEBIIIIM@Z 000000014000d900 f   util.obj
 0001:0000c990       ?Fade32@@YAXPEAIIIE@Z      000000014000d990 f   util.obj
 0001:0000ca10       ??2@YAPEAX_K@Z             000000014000da10 f   LIBCMT:new_scalar.obj
 0001:0000ca4c       ??3@YAXPEAX@Z              000000014000da4c f   LIBCMT:delete_scalar.obj
 0001:0000ca54       ??3@YAXPEAX_K@Z            000000014000da54 f   LIBCMT:delete_scalar_size.obj
 0001:0000ca5c       ??_Gtype_info@@UEAAPEAXI@Z 000000014000da5c f i LIBCMT:std_type_info_static.obj
 0001:0000ca5c       ??_Etype_info@@UEAAPEAXI@Z 000000014000da5c f i LIBCMT:std_type_info_static.obj
 0001:0000ca88       __scrt_acquire_startup_lock 000000014000da88 f   LIBCMT:utility.obj
 0001:0000cac4       __scrt_initialize_crt      000000014000dac4 f   LIBCMT:utility.obj
 0001:0000cb10       __scrt_initialize_onexit_tables 000000014000db10 f   LIBCMT:utility.obj
 0001:0000cb9c       __scrt_is_nonwritable_in_current_image 000000014000db9c f   LIBCMT:utility.obj
 0001:0000cc34       __scrt_release_startup_lock 000000014000dc34 f   LIBCMT:utility.obj
 0001:0000cc58       __scrt_uninitialize_crt    000000014000dc58 f   LIBCMT:utility.obj
 0001:0000cc84       _onexit                    000000014000dc84 f   LIBCMT:utility.obj
 0001:0000ccc0       atexit                     000000014000dcc0 f   LIBCMT:utility.obj
 0001:0000cf30       WinMainCRTStartup          000000014000df30 f   LIBCMT:exe_winmain.obj
 0001:0000cf44       ??0bad_alloc@std@@QEAA@XZ  000000014000df44 f i LIBCMT:throw_bad_alloc.obj
 0001:0000cf64       ?__scrt_throw_std_bad_alloc@@YAXXZ 000000014000df64 f   LIBCMT:throw_bad_alloc.obj
 0001:0000cf84       __isa_available_init       000000014000df84 f   LIBCMT:cpu_disp.obj
 0001:0000d128       _get_startup_argv_mode     000000014000e128 f   LIBCMT:argv_mode.obj
 0001:0000d130       __scrt_is_ucrt_dll_in_use  000000014000e130 f   LIBCMT:ucrt_detection.obj
 0001:0000d13c       __crt_debugger_hook        000000014000e13c f   LIBCMT:utility_desktop.obj
 0001:0000d144       __scrt_fastfail            000000014000e144 f   LIBCMT:utility_desktop.obj
 0001:0000d290       __scrt_get_show_window_mode 000000014000e290 f   LIBCMT:utility_desktop.obj
 0001:0000d2cc       __scrt_initialize_mta      000000014000e2cc f   LIBCMT:utility_desktop.obj
 0001:0000d2d4       __scrt_exe_initialize_mta  000000014000e2d4 f   LIBCMT:utility_desktop.obj
 0001:0000d2d4       _get_startup_thread_locale_mode 000000014000e2d4 f   LIBCMT:thread_locale.obj
 0001:0000d2d4       __scrt_stub_for_initialize_mta 000000014000e2d4 f   LIBCMT:utility_desktop.obj
 0001:0000d2d4       _get_startup_new_mode      000000014000e2d4 f   LIBCMT:new_mode.obj
 0001:0000d2d4       _get_startup_commit_mode   000000014000e2d4 f   LIBCMT:commit_mode.obj
 0001:0000d2d4       __scrt_initialize_winrt    000000014000e2d4 f   LIBCMT:utility_desktop.obj
 0001:0000d2d4       _matherr                   000000014000e2d4 f   LIBCMT:matherr.obj
 0001:0000d2d8       __scrt_is_managed_app      000000014000e2d8 f   LIBCMT:utility_desktop.obj
 0001:0000d32c       __scrt_set_unhandled_exception_filter 000000014000e32c f   LIBCMT:utility_desktop.obj
 0001:0000d33c       __scrt_unhandled_exception_filter 000000014000e33c f   LIBCMT:utility_desktop.obj
 0001:0000d398       _initialize_denormal_control 000000014000e398 f i LIBCMT:denormal_control.obj
 0001:0000d398       _guard_check_icall_nop     000000014000e398 f i LIBCMT:guard_support.obj
 0001:0000d398       _initialize_invalid_parameter_handler 000000014000e398 f i LIBCMT:invalid_parameter_handler.obj
 0001:0000d39c       __security_init_cookie     000000014000e39c f   LIBCMT:gs_support.obj
 0001:0000d448       _get_startup_file_mode     000000014000e448 f   LIBCMT:file_mode.obj
 0001:0000d450       ?__scrt_initialize_type_info@@YAXXZ 000000014000e450 f   LIBCMT:tncleanup.obj
 0001:0000d460       __acrt_uninitialize_command_line 000000014000e460 f   libucrt:argv_data.obj
 0001:0000d460       _should_initialize_environment 000000014000e460 f   LIBCMT:env_mode.obj
 0001:0000d464       __local_stdio_scanf_options 000000014000e464 f i LIBCMT:default_local_stdio_options.obj
 0001:0000d46c       __scrt_initialize_default_local_stdio_options 000000014000e46c f   LIBCMT:default_local_stdio_options.obj
 0001:0000d488       __scrt_is_user_matherr_present 000000014000e488 f   LIBCMT:matherr_detection.obj
 0001:0000d494       __scrt_get_dyn_tls_init_callback 000000014000e494 f   LIBCMT:dyn_tls_init.obj
 0001:0000d49c       __scrt_get_dyn_tls_dtor_callback 000000014000e49c f   LIBCMT:dyn_tls_dtor.obj
 0001:0000d4a4       _RTC_Initialize            000000014000e4a4 f   LIBCMT:initsect.obj
 0001:0000d4e0       _RTC_Terminate             000000014000e4e0 f   LIBCMT:initsect.obj
 0001:0000d520       ??0length_error@std@@QEAA@AEBV01@@Z 000000014000e520 f i libcpmt:xthrow.obj
 0001:0000d55c       ??0length_error@std@@QEAA@PEBD@Z 000000014000e55c f i libcpmt:xthrow.obj
 0001:0000d5a4       ??0logic_error@std@@QEAA@AEBV01@@Z 000000014000e5a4 f i libcpmt:xthrow.obj
 0001:0000d5e0       ?_Xlength_error@std@@YAXPEBD@Z 000000014000e5e0 f   libcpmt:xthrow.obj
 0001:0000d604       __std_system_error_allocate_message 000000014000e604 f   libcpmt:syserror_import_lib.obj
 0001:0000d664       __std_system_error_deallocate_message 000000014000e664 f   libcpmt:syserror_import_lib.obj
 0001:0000d66c       __std_fs_code_page         000000014000e66c f   libcpmt:filesystem.obj
 0001:0000d694       __std_fs_convert_narrow_to_wide 000000014000e694 f   libcpmt:filesystem.obj
 0001:0000d6dc       __std_fs_convert_wide_to_narrow_replace_chars 000000014000e6dc f   libcpmt:filesystem.obj
 0001:0000d7a8       __std_fs_set_current_path  000000014000e7a8 f   libcpmt:filesystem.obj
 0001:0000d7c8       ?_Syserror_map@std@@YAPEBDH@Z 000000014000e7c8 f   libcpmt:syserror.obj
 0001:0000d7f0       ?_Winerror_map@std@@YAHH@Z 000000014000e7f0 f   libcpmt:syserror.obj
 0001:0000d814       strchr                     000000014000e814 f   libvcruntime:strchr.obj
 0001:0000d894       __std_exception_copy       000000014000e894 f   libvcruntime:std_exception.obj
 0001:0000d924       __std_exception_destroy    000000014000e924 f   libvcruntime:std_exception.obj
 0001:0000d94c       __vcrt_initialize          000000014000e94c f   libvcruntime:initialization.obj
 0001:0000d974       __vcrt_uninitialize        000000014000e974 f   libvcruntime:initialization.obj
 0001:0000d990       __C_specific_handler       000000014000e990 f   libvcruntime:riscchandler.obj
 0001:0000db9c       _CxxThrowException         000000014000eb9c f   libvcruntime:throw.obj
 0001:0000dc3c       __DestructExceptionObject  000000014000ec3c f   libvcruntime:ehhelpers.obj
 0001:0000dcac       ?_CallMemberFunction0@@YAXQEAX0@Z 000000014000ecac f i libvcruntime:ehhelpers.obj
 0001:0000dcb0       _IsExceptionObjectToBeDestroyed 000000014000ecb0 f   libvcruntime:ehhelpers.obj
 0001:0000dce0       __AdjustPointer            000000014000ece0 f   libvcruntime:ehhelpers.obj
 0001:0000dd04       __FrameUnwindFilter        000000014000ed04 f   libvcruntime:ehhelpers.obj
 0001:0000dd6c       __current_exception        000000014000ed6c f   libvcruntime:ehhelpers.obj
 0001:0000dd80       __current_exception_context 000000014000ed80 f   libvcruntime:ehhelpers.obj
 0001:0000dd94       __std_terminate            000000014000ed94 f   libvcruntime:ehhelpers.obj
 0001:0000ddb0       memset_repmovs             000000014000edb0 f   libvcruntime:memset.obj
 0001:0000ddd0       memset                     000000014000edd0 f   libvcruntime:memset.obj
 0001:0000df60       __std_type_info_compare    000000014000ef60 f   libvcruntime:std_type_info.obj
 0001:0000df88       __vcrt_freefls             000000014000ef88 f   libvcruntime:per_thread_data.obj
 0001:0000dfa8       __vcrt_getptd              000000014000efa8 f   libvcruntime:per_thread_data.obj
 0001:0000dfc4       __vcrt_getptd_noexit       000000014000efc4 f   libvcruntime:per_thread_data.obj
 0001:0000e084       __vcrt_initialize_ptd      000000014000f084 f   libvcruntime:per_thread_data.obj
 0001:0000e0cc       __vcrt_uninitialize_ptd    000000014000f0cc f   libvcruntime:per_thread_data.obj
 0001:0000e0f0       __vcrt_initialize_locks    000000014000f0f0 f   libvcruntime:locks.obj
 0001:0000e124       __vcrt_uninitialize_locks  000000014000f124 f   libvcruntime:locks.obj
 0001:0000e170       _NLG_Notify                000000014000f170 f   libvcruntime:notify.obj
 0001:0000e190       __NLG_Dispatch2            000000014000f190 f   libvcruntime:notify.obj
 0001:0000e1a0       __NLG_Return2              000000014000f1a0 f   libvcruntime:notify.obj
 0001:0000e1a4       __except_validate_context_record 000000014000f1a4 f   libvcruntime:jbcxrval.obj
 0001:0000e32c       __vcrt_FlsAlloc            000000014000f32c f   libvcruntime:winapi_downlevel.obj
 0001:0000e374       __vcrt_FlsFree             000000014000f374 f   libvcruntime:winapi_downlevel.obj
 0001:0000e3bc       __vcrt_FlsGetValue         000000014000f3bc f   libvcruntime:winapi_downlevel.obj
 0001:0000e404       __vcrt_FlsSetValue         000000014000f404 f   libvcruntime:winapi_downlevel.obj
 0001:0000e458       __vcrt_InitializeCriticalSectionEx 000000014000f458 f   libvcruntime:winapi_downlevel.obj
 0001:0000e4bc       ??$_CallSETranslator@V__FrameHandler3@@@@YAHPEAUEHExceptionRecord@@PEA_KPEAU_CONTEXT@@PEAU_xDISPATCHER_CONTEXT@@PEBU_s_FuncInfo@@K1H@Z 000000014000f4bc f i libvcruntime:risctrnsctrl.obj
 0001:0000e510       ??$_CallSETranslator@V__FrameHandler4@@@@YAHPEAUEHExceptionRecord@@PEA_KPEAU_CONTEXT@@PEAU_xDISPATCHER_CONTEXT@@PEAUFuncInfo4@FH4@@K1H@Z 000000014000f510 f i libvcruntime:risctrnsctrl.obj
 0001:0000e564       ?CatchTryBlock@__FrameHandler3@@SAPEBU_s_TryBlockMapEntry@@PEBU_s_FuncInfo@@H@Z 000000014000f564 f   libvcruntime:risctrnsctrl.obj
 0001:0000e5b8       ?DecompFuncInfo@FH4@@YA_JPEAEAEAUFuncInfo4@1@_KH_N@Z 000000014000f5b8 f i libvcruntime:risctrnsctrl.obj
 0001:0000e6dc       ?ExecutionInCatch@__FrameHandler3@@SA_NPEAU_xDISPATCHER_CONTEXT@@PEBU_s_FuncInfo@@@Z 000000014000f6dc f   libvcruntime:risctrnsctrl.obj
 0001:0000e708       ?ExecutionInCatch@__FrameHandler4@@SA_NPEAU_xDISPATCHER_CONTEXT@@PEAUFuncInfo4@FH4@@@Z 000000014000f708 f   libvcruntime:risctrnsctrl.obj
 0001:0000e710       ?FrameUnwindToEmptyState@__FrameHandler3@@SAXPEA_KPEAU_xDISPATCHER_CONTEXT@@PEBU_s_FuncInfo@@@Z 000000014000f710 f   libvcruntime:risctrnsctrl.obj
 0001:0000e774       ?FrameUnwindToEmptyState@__FrameHandler4@@SAXPEA_KPEAU_xDISPATCHER_CONTEXT@@PEAUFuncInfo4@FH4@@@Z 000000014000f774 f   libvcruntime:risctrnsctrl.obj
 0001:0000e7a8       ?GetEstablisherFrame@__FrameHandler3@@SAPEA_KPEA_KPEAU_xDISPATCHER_CONTEXT@@PEBU_s_FuncInfo@@0@Z 000000014000f7a8 f   libvcruntime:risctrnsctrl.obj
 0001:0000e874       ?GetEstablisherFrame@__FrameHandler4@@SAPEA_KPEA_KPEAU_xDISPATCHER_CONTEXT@@PEAUFuncInfo4@FH4@@0@Z 000000014000f874 f   libvcruntime:risctrnsctrl.obj
 0001:0000e898       ?GetRangeOfTrysToCheck@__FrameHandler3@@SA?AU?$pair@Viterator@TryBlockMap@__FrameHandler3@@V123@@std@@AEAVTryBlockMap@1@HPEAU_xDISPATCHER_CONTEXT@@PEBU_s_FuncInfo@@H@Z 000000014000f898 f   libvcruntime:risctrnsctrl.obj
 0001:0000e9d8       ?GetRangeOfTrysToCheck@__FrameHandler4@@SA?AU?$pair@Viterator@TryBlockMap4@FH4@@V123@@std@@AEAVTryBlockMap4@FH4@@HPEAU_xDISPATCHER_CONTEXT@@PEAUFuncInfo4@5@H@Z 000000014000f9d8 f   libvcruntime:risctrnsctrl.obj
 0001:0000eb40       ?UnwindNestedFrames@__FrameHandler3@@SAXPEA_KPEAUEHExceptionRecord@@PEAU_CONTEXT@@0PEAXPEBU_s_FuncInfo@@HHPEBU_s_HandlerType@@PEAU_xDISPATCHER_CONTEXT@@E@Z 000000014000fb40 f   libvcruntime:risctrnsctrl.obj
 0001:0000ec44       ?UnwindNestedFrames@__FrameHandler4@@SAXPEA_KPEAUEHExceptionRecord@@PEAU_CONTEXT@@0PEAXPEAUFuncInfo4@FH4@@HHPEAUHandlerType4@5@PEAU_xDISPATCHER_CONTEXT@@E@Z 000000014000fc44 f   libvcruntime:risctrnsctrl.obj
 0001:0000ed64       ?setBuffer@TryBlockMap4@FH4@@QEAAXViterator@12@@Z 000000014000fd64 f i libvcruntime:risctrnsctrl.obj
 0001:0000ef24       _CreateFrameInfo           000000014000ff24 f   libvcruntime:risctrnsctrl.obj
 0001:0000ef60       _FindAndUnlinkFrame        000000014000ff60 f   libvcruntime:risctrnsctrl.obj
 0001:0000efb4       _GetImageBase              000000014000ffb4 f   libvcruntime:risctrnsctrl.obj
 0001:0000efc8       _GetThrowImageBase         000000014000ffc8 f   libvcruntime:risctrnsctrl.obj
 0001:0000efdc       _SetImageBase              000000014000ffdc f   libvcruntime:risctrnsctrl.obj
 0001:0000eff4       _SetThrowImageBase         000000014000fff4 f   libvcruntime:risctrnsctrl.obj
 0001:0000f00c       __CxxFrameHandler3         000000014001000c f   libvcruntime:risctrnsctrl.obj
 0001:0000f094       __CxxFrameHandler4         0000000140010094 f   libvcruntime:risctrnsctrl.obj
 0001:0000f170       memcpy_repmovs             0000000140010170 f   libvcruntime:memcpy.obj
 0001:0000f190       memcpy                     0000000140010190 f   libvcruntime:memcpy.obj
 0001:0000f190       memmove                    0000000140010190 f   libvcruntime:memcpy.obj
 0001:0000f808       ?GetCurrentState@__FrameHandler3@@SAHPEA_KPEAU_xDISPATCHER_CONTEXT@@PEBU_s_FuncInfo@@@Z 0000000140010808 f   libvcruntime:ehstate.obj
 0001:0000f830       ?GetUnwindTryBlock@__FrameHandler3@@SAHPEA_KPEAU_xDISPATCHER_CONTEXT@@PEBU_s_FuncInfo@@@Z 0000000140010830 f   libvcruntime:ehstate.obj
 0001:0000f85c       ?SetState@__FrameHandler3@@SAXPEA_KPEBU_s_FuncInfo@@H@Z 000000014001085c f   libvcruntime:ehstate.obj
 0001:0000f868       ?SetUnwindTryBlock@__FrameHandler3@@SAXPEA_KPEAU_xDISPATCHER_CONTEXT@@PEBU_s_FuncInfo@@H@Z 0000000140010868 f   libvcruntime:ehstate.obj
 0001:0000f8a4       ?StateFromControlPc@__FrameHandler3@@SAHPEBU_s_FuncInfo@@PEAU_xDISPATCHER_CONTEXT@@@Z 00000001400108a4 f   libvcruntime:ehstate.obj
 0001:0000f8ac       ?StateFromControlPc@__FrameHandler4@@SAHPEAUFuncInfo4@FH4@@PEAU_xDISPATCHER_CONTEXT@@@Z 00000001400108ac f   libvcruntime:ehstate.obj
 0001:0000f8b4       ?StateFromIp@__FrameHandler3@@SAHPEBU_s_FuncInfo@@PEAU_xDISPATCHER_CONTEXT@@_K@Z 00000001400108b4 f   libvcruntime:ehstate.obj
 0001:0000f91c       ?StateFromIp@__FrameHandler4@@SAHPEAUFuncInfo4@FH4@@PEAU_xDISPATCHER_CONTEXT@@_K@Z 000000014001091c f   libvcruntime:ehstate.obj
 0001:00011000       ??$TypeMatchHelper@V__FrameHandler3@@@@YAHPEBU_s_HandlerType@@PEBU_s_CatchableType@@PEBU_s_ThrowInfo@@@Z 0000000140012000 f i libvcruntime:frame.obj
 0001:00011140       ??$TypeMatchHelper@V__FrameHandler4@@@@YAHPEAUHandlerType4@FH4@@PEBU_s_CatchableType@@PEBU_s_ThrowInfo@@@Z 0000000140012140 f i libvcruntime:frame.obj
 0001:00011284       ??$__InternalCxxFrameHandler@V__FrameHandler3@@@@YA?AW4_EXCEPTION_DISPOSITION@@PEAUEHExceptionRecord@@PEA_KPEAU_CONTEXT@@PEAU_xDISPATCHER_CONTEXT@@PEBU_s_FuncInfo@@H1E@Z 0000000140012284 f i libvcruntime:frame.obj
 0001:000114bc       ??$__InternalCxxFrameHandler@V__FrameHandler4@@@@YA?AW4_EXCEPTION_DISPOSITION@@PEAUEHExceptionRecord@@PEA_KPEAU_CONTEXT@@PEAU_xDISPATCHER_CONTEXT@@PEAUFuncInfo4@FH4@@H1E@Z 00000001400124bc f i libvcruntime:frame.obj
 0001:00011750       ??0HandlerMap4@FH4@@QEAA@PEBUTryBlockMapEntry4@1@_KH@Z 0000000140012750 f i libvcruntime:frame.obj
 0001:000117cc       ??0TryBlockMap4@FH4@@QEAA@PEBUFuncInfo4@1@_K@Z 00000001400127cc f i libvcruntime:frame.obj
 0001:000118a4       ??0bad_exception@std@@QEAA@AEBV01@@Z 00000001400128a4 f i libvcruntime:frame.obj
 0001:000118e0       ??0bad_exception@std@@QEAA@XZ 00000001400128e0 f i libvcruntime:frame.obj
 0001:00011900       ?CxxCallCatchBlock@__FrameHandler3@@SAPEAXPEAU_EXCEPTION_RECORD@@@Z 0000000140012900 f   libvcruntime:frame.obj
 0001:00011aec       ?CxxCallCatchBlock@__FrameHandler4@@SAPEAXPEAU_EXCEPTION_RECORD@@@Z 0000000140012aec f   libvcruntime:frame.obj
 0001:00011d3c       ?DecompHandler@HandlerMap4@FH4@@AEAAXXZ 0000000140012d3c f i libvcruntime:frame.obj
 0001:00011f7c       ?FrameUnwindToState@__FrameHandler3@@SAXPEA_KPEAU_xDISPATCHER_CONTEXT@@PEBU_s_FuncInfo@@H@Z 0000000140012f7c f   libvcruntime:frame.obj
 0001:00012108       ?FrameUnwindToState@__FrameHandler4@@SAXPEA_KPEAU_xDISPATCHER_CONTEXT@@PEAUFuncInfo4@FH4@@H@Z 0000000140013108 f   libvcruntime:frame.obj
 0001:000123f0       ?GetHandlerSearchState@__FrameHandler3@@SAHPEA_KPEAU_xDISPATCHER_CONTEXT@@PEBU_s_FuncInfo@@@Z 00000001400133f0 f i libvcruntime:frame.obj
 0001:00012600       ?ReadEntry@UWMap4@FH4@@AEAAXPEAPEAE@Z 0000000140013600 f i libvcruntime:frame.obj
 0001:000126a0       ?_CallMemberFunction1@@YAXQEAX00@Z 00000001400136a0 f i libvcruntime:frame.obj
 0001:000126ac       ?_CallMemberFunction2@@YAXQEAX00H@Z 00000001400136ac f i libvcruntime:frame.obj
 0001:000126bc       ?getStartStop@UWMap4@FH4@@QEAAXHHAEAViterator@12@0@Z 00000001400136bc f i libvcruntime:frame.obj
 0001:0001278c       ?getStateFromIterators@UWMap4@FH4@@SAHAEBViterator@12@H0H0@Z 000000014001378c f i libvcruntime:frame.obj
 0001:00012870       _CallSettingFrame          0000000140013870 f   libvcruntime:handlers.obj
 0001:000128c0       _CallSettingFrame_LookupContinuationIndex 00000001400138c0 f   libvcruntime:handlers.obj
 0001:000128f0       _CallSettingFrame_NotifyContinuationAddr 00000001400138f0 f   libvcruntime:handlers.obj
 0001:00012920       _CallSettingFrameEncoded   0000000140013920 f   libvcruntime:handlers.obj
 0001:00012a24       fopen                      0000000140013a24 f   libucrt:fopen.obj
 0001:00012a30       __acrt_initialize_stdio    0000000140013a30 f   libucrt:_file.obj
 0001:00012b50       __acrt_iob_func            0000000140013b50 f   libucrt:_file.obj
 0001:00012b64       __acrt_uninitialize_stdio  0000000140013b64 f   libucrt:_file.obj
 0001:00012bc0       _lock_file                 0000000140013bc0 f   libucrt:_file.obj
 0001:00012bcc       _unlock_file               0000000140013bcc f   libucrt:_file.obj
 0001:00012cfc       ?get_raw_ptd@__crt_cached_ptd_host@@QEAAPEAU__acrt_ptd@@XZ 0000000140013cfc f i libucrt:fclose.obj
 0001:00012d64       fclose                     0000000140013d64 f   libucrt:fclose.obj
 0001:00012dfc       realloc                    0000000140013dfc f   libucrt:realloc.obj
 0001:00012e44       ??$ensure_buffer_is_big_enough@D@formatting_buffer@__crt_stdio_output@@QEAA_N_KAEAV__crt_cached_ptd_host@@@Z 0000000140013e44 f i libucrt:output.obj
 0001:00012eec       ??$parse_integer@KV?$c_string_character_source@D@__crt_strtox@@$0A@@__crt_strtox@@YAKAEAV__crt_cached_ptd_host@@V?$c_string_character_source@D@0@H_N@Z 0000000140013eec f i libucrt:output.obj
 0001:000131a0       ??$type_case_integer@$07@?$output_processor@DV?$string_output_adapter@D@__crt_stdio_output@@V?$standard_base@DV?$string_output_adapter@D@__crt_stdio_output@@@2@@__crt_stdio_output@@AEAA_N_N@Z 00000001400141a0 f i libucrt:output.obj
 0001:000131a0       ??$type_case_integer@$07@?$output_processor@DV?$stream_output_adapter@D@__crt_stdio_output@@V?$standard_base@DV?$stream_output_adapter@D@__crt_stdio_output@@@2@@__crt_stdio_output@@AEAA_N_N@Z 00000001400141a0 f i libucrt:output.obj
 0001:000133a4       ??$type_case_integer@$09@?$output_processor@DV?$stream_output_adapter@D@__crt_stdio_output@@V?$standard_base@DV?$stream_output_adapter@D@__crt_stdio_output@@@2@@__crt_stdio_output@@AEAA_N_N@Z 00000001400143a4 f i libucrt:output.obj
 0001:000133a4       ??$type_case_integer@$09@?$output_processor@DV?$string_output_adapter@D@__crt_stdio_output@@V?$standard_base@DV?$string_output_adapter@D@__crt_stdio_output@@@2@@__crt_stdio_output@@AEAA_N_N@Z 00000001400143a4 f i libucrt:output.obj
 0001:000135a8       ??$type_case_integer@$0BA@@?$output_processor@DV?$stream_output_adapter@D@__crt_stdio_output@@V?$standard_base@DV?$stream_output_adapter@D@__crt_stdio_output@@@2@@__crt_stdio_output@@AEAA_N_N@Z 00000001400145a8 f i libucrt:output.obj
 0001:000135a8       ??$type_case_integer@$0BA@@?$output_processor@DV?$string_output_adapter@D@__crt_stdio_output@@V?$standard_base@DV?$string_output_adapter@D@__crt_stdio_output@@@2@@__crt_stdio_output@@AEAA_N_N@Z 00000001400145a8 f i libucrt:output.obj
 0001:000137ac       ??$type_case_integer_parse_into_buffer@I$07@?$output_processor@DV?$string_output_adapter@D@__crt_stdio_output@@V?$standard_base@DV?$string_output_adapter@D@__crt_stdio_output@@@2@@__crt_stdio_output@@AEAAXI_N@Z 00000001400147ac f i libucrt:output.obj
 0001:000137ac       ??$type_case_integer_parse_into_buffer@I$07@?$output_processor@DV?$stream_output_adapter@D@__crt_stdio_output@@V?$standard_base@DV?$stream_output_adapter@D@__crt_stdio_output@@@2@@__crt_stdio_output@@AEAAXI_N@Z 00000001400147ac f i libucrt:output.obj
 0001:0001381c       ??$type_case_integer_parse_into_buffer@I$09@?$output_processor@DV?$stream_output_adapter@D@__crt_stdio_output@@V?$standard_base@DV?$stream_output_adapter@D@__crt_stdio_output@@@2@@__crt_stdio_output@@AEAAXI_N@Z 000000014001481c f i libucrt:output.obj
 0001:0001381c       ??$type_case_integer_parse_into_buffer@I$09@?$output_processor@DV?$string_output_adapter@D@__crt_stdio_output@@V?$standard_base@DV?$string_output_adapter@D@__crt_stdio_output@@@2@@__crt_stdio_output@@AEAAXI_N@Z 000000014001481c f i libucrt:output.obj
 0001:000138c8       ??$type_case_integer_parse_into_buffer@I$0BA@@?$output_processor@DV?$stream_output_adapter@D@__crt_stdio_output@@V?$standard_base@DV?$stream_output_adapter@D@__crt_stdio_output@@@2@@__crt_stdio_output@@AEAAXI_N@Z 00000001400148c8 f i libucrt:output.obj
 0001:000138c8       ??$type_case_integer_parse_into_buffer@I$0BA@@?$output_processor@DV?$string_output_adapter@D@__crt_stdio_output@@V?$standard_base@DV?$string_output_adapter@D@__crt_stdio_output@@@2@@__crt_stdio_output@@AEAAXI_N@Z 00000001400148c8 f i libucrt:output.obj
 0001:0001394c       ??$type_case_integer_parse_into_buffer@_K$07@?$output_processor@DV?$string_output_adapter@D@__crt_stdio_output@@V?$standard_base@DV?$string_output_adapter@D@__crt_stdio_output@@@2@@__crt_stdio_output@@AEAAX_K_N@Z 000000014001494c f i libucrt:output.obj
 0001:0001394c       ??$type_case_integer_parse_into_buffer@_K$07@?$output_processor@DV?$stream_output_adapter@D@__crt_stdio_output@@V?$standard_base@DV?$stream_output_adapter@D@__crt_stdio_output@@@2@@__crt_stdio_output@@AEAAX_K_N@Z 000000014001494c f i libucrt:output.obj
 0001:000139bc       ??$type_case_integer_parse_into_buffer@_K$09@?$output_processor@DV?$stream_output_adapter@D@__crt_stdio_output@@V?$standard_base@DV?$stream_output_adapter@D@__crt_stdio_output@@@2@@__crt_stdio_output@@AEAAX_K_N@Z 00000001400149bc f i libucrt:output.obj
 0001:000139bc       ??$type_case_integer_parse_into_buffer@_K$09@?$output_processor@DV?$string_output_adapter@D@__crt_stdio_output@@V?$standard_base@DV?$string_output_adapter@D@__crt_stdio_output@@@2@@__crt_stdio_output@@AEAAX_K_N@Z 00000001400149bc f i libucrt:output.obj
 0001:00013a6c       ??$type_case_integer_parse_into_buffer@_K$0BA@@?$output_processor@DV?$stream_output_adapter@D@__crt_stdio_output@@V?$standard_base@DV?$stream_output_adapter@D@__crt_stdio_output@@@2@@__crt_stdio_output@@AEAAX_K_N@Z 0000000140014a6c f i libucrt:output.obj
 0001:00013a6c       ??$type_case_integer_parse_into_buffer@_K$0BA@@?$output_processor@DV?$string_output_adapter@D@__crt_stdio_output@@V?$standard_base@DV?$string_output_adapter@D@__crt_stdio_output@@@2@@__crt_stdio_output@@AEAAX_K_N@Z 0000000140014a6c f i libucrt:output.obj
 0001:00013c0c       ?crop_zeroes@__crt_stdio_output@@YAXPEADQEAU__crt_locale_pointers@@@Z 0000000140014c0c f i libucrt:output.obj
 0001:00013c78       ?parse_int_from_format_string@?$output_processor@DV?$stream_output_adapter@D@__crt_stdio_output@@V?$standard_base@DV?$stream_output_adapter@D@__crt_stdio_output@@@2@@__crt_stdio_output@@AEAA_NQEAH@Z 0000000140014c78 f i libucrt:output.obj
 0001:00013c78       ?parse_int_from_format_string@?$output_processor@DV?$string_output_adapter@D@__crt_stdio_output@@V?$standard_base@DV?$string_output_adapter@D@__crt_stdio_output@@@2@@__crt_stdio_output@@AEAA_NQEAH@Z 0000000140014c78 f i libucrt:output.obj
 0001:00013d08       ?process@?$output_processor@DV?$stream_output_adapter@D@__crt_stdio_output@@V?$standard_base@DV?$stream_output_adapter@D@__crt_stdio_output@@@2@@__crt_stdio_output@@QEAAHXZ 0000000140014d08 f i libucrt:output.obj
 0001:000140a0       ?process@?$output_processor@DV?$string_output_adapter@D@__crt_stdio_output@@V?$standard_base@DV?$string_output_adapter@D@__crt_stdio_output@@@2@@__crt_stdio_output@@QEAAHXZ 00000001400150a0 f i libucrt:output.obj
 0001:00014420       ?state_case_size@?$output_processor@DV?$stream_output_adapter@D@__crt_stdio_output@@V?$standard_base@DV?$stream_output_adapter@D@__crt_stdio_output@@@2@@__crt_stdio_output@@AEAA_NXZ 0000000140015420 f i libucrt:output.obj
 0001:000145a8       ?state_case_size@?$output_processor@DV?$string_output_adapter@D@__crt_stdio_output@@V?$standard_base@DV?$string_output_adapter@D@__crt_stdio_output@@@2@@__crt_stdio_output@@AEAA_NXZ 00000001400155a8 f i libucrt:output.obj
 0001:00014730       ?state_case_type@?$output_processor@DV?$stream_output_adapter@D@__crt_stdio_output@@V?$standard_base@DV?$stream_output_adapter@D@__crt_stdio_output@@@2@@__crt_stdio_output@@AEAA_NXZ 0000000140015730 f i libucrt:output.obj
 0001:00014b68       ?state_case_type@?$output_processor@DV?$string_output_adapter@D@__crt_stdio_output@@V?$standard_base@DV?$string_output_adapter@D@__crt_stdio_output@@@2@@__crt_stdio_output@@AEAA_NXZ 0000000140015b68 f i libucrt:output.obj
 0001:00014f6c       ?type_case_Z@?$output_processor@DV?$stream_output_adapter@D@__crt_stdio_output@@V?$standard_base@DV?$stream_output_adapter@D@__crt_stdio_output@@@2@@__crt_stdio_output@@AEAA_NXZ 0000000140015f6c f i libucrt:output.obj
 0001:00014f6c       ?type_case_Z@?$output_processor@DV?$string_output_adapter@D@__crt_stdio_output@@V?$standard_base@DV?$string_output_adapter@D@__crt_stdio_output@@@2@@__crt_stdio_output@@AEAA_NXZ 0000000140015f6c f i libucrt:output.obj
 0001:00014fe8       ?type_case_a@?$output_processor@DV?$string_output_adapter@D@__crt_stdio_output@@V?$standard_base@DV?$string_output_adapter@D@__crt_stdio_output@@@2@@__crt_stdio_output@@AEAA_NXZ 0000000140015fe8 f i libucrt:output.obj
 0001:00014fe8       ?type_case_a@?$output_processor@DV?$stream_output_adapter@D@__crt_stdio_output@@V?$standard_base@DV?$stream_output_adapter@D@__crt_stdio_output@@@2@@__crt_stdio_output@@AEAA_NXZ 0000000140015fe8 f i libucrt:output.obj
 0001:0001523c       ?type_case_c_tchar@?$output_processor@DV?$stream_output_adapter@D@__crt_stdio_output@@V?$standard_base@DV?$stream_output_adapter@D@__crt_stdio_output@@@2@@__crt_stdio_output@@AEAA_ND@Z 000000014001623c f i libucrt:output.obj
 0001:0001523c       ?type_case_c_tchar@?$output_processor@DV?$string_output_adapter@D@__crt_stdio_output@@V?$standard_base@DV?$string_output_adapter@D@__crt_stdio_output@@@2@@__crt_stdio_output@@AEAA_ND@Z 000000014001623c f i libucrt:output.obj
 0001:00015310       ?type_case_n@?$output_processor@DV?$stream_output_adapter@D@__crt_stdio_output@@V?$standard_base@DV?$stream_output_adapter@D@__crt_stdio_output@@@2@@__crt_stdio_output@@AEAA_NXZ 0000000140016310 f i libucrt:output.obj
 0001:00015310       ?type_case_n@?$output_processor@DV?$string_output_adapter@D@__crt_stdio_output@@V?$standard_base@DV?$string_output_adapter@D@__crt_stdio_output@@@2@@__crt_stdio_output@@AEAA_NXZ 0000000140016310 f i libucrt:output.obj
 0001:000153c8       ?type_case_s@?$output_processor@DV?$string_output_adapter@D@__crt_stdio_output@@V?$standard_base@DV?$string_output_adapter@D@__crt_stdio_output@@@2@@__crt_stdio_output@@AEAA_NXZ 00000001400163c8 f i libucrt:output.obj
 0001:000153c8       ?type_case_s@?$output_processor@DV?$stream_output_adapter@D@__crt_stdio_output@@V?$standard_base@DV?$stream_output_adapter@D@__crt_stdio_output@@@2@@__crt_stdio_output@@AEAA_NXZ 00000001400163c8 f i libucrt:output.obj
 0001:00015470       ?update_locale_slow@__crt_cached_ptd_host@@AEAAXXZ 0000000140016470 f i libucrt:output.obj
 0001:000154e8       ?validate_stream_is_ansi_if_required@?$__acrt_stdio_char_traits@D@@SA_NQEAU_iobuf@@@Z 00000001400164e8 f i libucrt:output.obj
 0001:00015584       ?write_string@?$string_output_adapter@D@__crt_stdio_output@@QEBAXQEBDHQEAHAEAV__crt_cached_ptd_host@@@Z 0000000140016584 f i libucrt:output.obj
 0001:00015628       ?write_string_impl@?$output_adapter_common@DV?$stream_output_adapter@D@__crt_stdio_output@@@__crt_stdio_output@@IEBAXQEBDHQEAHAEAV__crt_cached_ptd_host@@@Z 0000000140016628 f i libucrt:output.obj
 0001:000156f4       __stdio_common_vfprintf    00000001400166f4 f   libucrt:output.obj
 0001:00015818       __stdio_common_vsprintf    0000000140016818 f   libucrt:output.obj
 0001:00015a80       strncpy                    0000000140016a80 f   libucrt:strncpy.obj
 0001:00015bf0       isalnum                    0000000140016bf0 f   libucrt:_ctype.obj
 0001:00015c9c       ??$__acrt_convert_wcs_mbs_cp@D_WV<lambda_7c9dea7b4ca7285d2cdb541a38da6275>@@U__crt_win32_buffer_internal_dynamic_resizing@@@@YAHQEBDAEAV?$__crt_win32_buffer@_WU__crt_win32_buffer_internal_dynamic_resizing@@@@AEBV<lambda_7c9dea7b4ca7285d2cdb541a38da6275>@@I@Z 0000000140016c9c f i libucrt:stat.obj
 0001:000161b4       ??0_LocaleUpdate@@QEAA@QEAU__crt_locale_pointers@@@Z 00000001400171b4 f i libucrt:stat.obj
 0001:000165a0       _stat64i32                 00000001400175a0 f   libucrt:stat.obj
 0001:000166c0       strncmp                    00000001400176c0 f   libucrt:strncmp.obj
 0001:00016800       _fwrite_internal           0000000140017800 f   libucrt:fwrite.obj
 0001:0001689c       _fwrite_nolock_internal    000000014001789c f   libucrt:fwrite.obj
 0001:00016ab0       fwrite                     0000000140017ab0 f   libucrt:fwrite.obj
 0001:00016b54       free                       0000000140017b54 f   libucrt:free.obj
 0001:00016b80       strncat                    0000000140017b80 f   libucrt:strncat.obj
 0001:00016d18       _mkdir                     0000000140017d18 f   libucrt:mkdir.obj
 0001:00016dfc       _fread_nolock_s            0000000140017dfc f   libucrt:fread.obj
 0001:0001705c       fread                      000000014001805c f   libucrt:fread.obj
 0001:0001707c       fread_s                    000000014001807c f   libucrt:fread.obj
 0001:00017124       malloc                     0000000140018124 f   libucrt:malloc.obj
 0001:0001712c       ?get_raw_ptd_noexit@__crt_cached_ptd_host@@QEAAPEAU__acrt_ptd@@XZ 000000014001812c f i libucrt:invalid_parameter.obj
 0001:00017198       ?value@?$dual_state_global@P6AXPEB_W00I_K@Z@__crt_state_management@@QEAAAEAP6AXPEB_W00I_K@ZAEAV__crt_cached_ptd_host@@@Z 0000000140018198 f i libucrt:invalid_parameter.obj
 0001:000171e4       __acrt_call_reportfault    00000001400181e4 f   libucrt:invalid_parameter.obj
 0001:00017340       __acrt_initialize_invalid_parameter_handler 0000000140018340 f   libucrt:invalid_parameter.obj
 0001:00017348       _invalid_parameter         0000000140018348 f   libucrt:invalid_parameter.obj
 0001:000173e4       _invalid_parameter_internal 00000001400183e4 f   libucrt:invalid_parameter.obj
 0001:000174b0       _invalid_parameter_noinfo  00000001400184b0 f   libucrt:invalid_parameter.obj
 0001:000174d0       _invalid_parameter_noinfo_noreturn 00000001400184d0 f   libucrt:invalid_parameter.obj
 0001:00017500       _invoke_watson             0000000140018500 f   libucrt:invalid_parameter.obj
 0001:00017548       _aligned_free              0000000140018548 f   libucrt:align.obj
 0001:00017564       _aligned_malloc            0000000140018564 f   libucrt:align.obj
 0001:000175e4       roundf                     00000001400185e4 f   libucrt:roundf.obj
 0001:0001764c       _clearfp                   000000014001864c f   libucrt:ieee.obj
 0001:000176b8       _control87                 00000001400186b8 f   libucrt:ieee.obj
 0001:000176c0       _controlfp                 00000001400186c0 f   libucrt:ieee.obj
 0001:00017968       __acrt_initialize_new_handler 0000000140018968 f   libucrt:new_handler.obj
 0001:00017970       _callnewh                  0000000140018970 f   libucrt:new_handler.obj
 0001:000179b0       _query_new_handler         00000001400189b0 f   libucrt:new_handler.obj
 0001:000179e8       _seh_filter_exe            00000001400189e8 f   libucrt:exception_filter.obj
 0001:00017e00       __acrt_initialize_thread_local_exit_callback 0000000140018e00 f   libucrt:exit.obj
 0001:00017e08       _c_exit                    0000000140018e08 f   libucrt:exit.obj
 0001:00017e18       _cexit                     0000000140018e18 f   libucrt:exit.obj
 0001:00017e28       _exit                      0000000140018e28 f   libucrt:exit.obj
 0001:00017e34       _register_thread_local_exe_atexit_callback 0000000140018e34 f   libucrt:exit.obj
 0001:00017e74       exit                       0000000140018e74 f   libucrt:exit.obj
 0001:00018048       __acrt_allocate_buffer_for_argv 0000000140019048 f   libucrt:argv_parsing.obj
 0001:000180a8       _configure_narrow_argv     00000001400190a8 f   libucrt:argv_parsing.obj
 0001:00018678       __dcrt_get_or_create_wide_environment_nolock 0000000140019678 f   libucrt:environment_initialization.obj
 0001:000186b4       __dcrt_uninitialize_environments_nolock 00000001400196b4 f   libucrt:environment_initialization.obj
 0001:000186f8       _initialize_narrow_environment 00000001400196f8 f   libucrt:environment_initialization.obj
 0001:00018a48       _crt_atexit                0000000140019a48 f   libucrt:onexit.obj
 0001:00018a58       _execute_onexit_table      0000000140019a58 f   libucrt:onexit.obj
 0001:00018a9c       _initialize_onexit_table   0000000140019a9c f   libucrt:onexit.obj
 0001:00018ac4       _register_onexit_function  0000000140019ac4 f   libucrt:onexit.obj
 0001:00018c38       __acrt_initialize          0000000140019c38 f   libucrt:initialization.obj
 0001:00018c4c       __acrt_uninitialize        0000000140019c4c f   libucrt:initialization.obj
 0001:00018c84       _query_app_type            0000000140019c84 f   libucrt:report_runtime_error.obj
 0001:00018c8c       _set_app_type              0000000140019c8c f   libucrt:report_runtime_error.obj
 0001:00018c94       __acrt_has_user_matherr    0000000140019c94 f   libucrt:matherr.obj
 0001:00018cb4       __acrt_initialize_user_matherr 0000000140019cb4 f   libucrt:matherr.obj
 0001:00018cbc       __acrt_invoke_user_matherr 0000000140019cbc f   libucrt:matherr.obj
 0001:00018cf8       __setusermatherr           0000000140019cf8 f   libucrt:matherr.obj
 0001:00018d20       _get_narrow_winmain_command_line 0000000140019d20 f   libucrt:argv_winmain.obj
 0001:00018d90       _initterm                  0000000140019d90 f   libucrt:initterm.obj
 0001:00018dd4       _initterm_e                0000000140019dd4 f   libucrt:initterm.obj
 0001:00018e1c       _get_fmode                 0000000140019e1c f   libucrt:setmode.obj
 0001:00018e4c       _set_fmode                 0000000140019e4c f   libucrt:setmode.obj
 0001:00018e8c       _setmode_nolock            0000000140019e8c f   libucrt:setmode.obj
 0001:00018fe0       __acrt_set_locale_changed  0000000140019fe0 f   libucrt:wsetlocale.obj
 0001:00018fec       __acrt_uninitialize_locale 0000000140019fec f   libucrt:wsetlocale.obj
 0001:0001901c       _configthreadlocale        000000014001a01c f   libucrt:wsetlocale.obj
 0001:00019088       _query_new_mode            000000014001a088 f   libucrt:new_mode.obj
 0001:00019090       _set_new_mode              000000014001a090 f   libucrt:new_mode.obj
 0001:000190bc       __p__commode               000000014001a0bc f   libucrt:ncommode.obj
 0001:000190c4       terminate                  000000014001a0c4 f   libucrt:terminate.obj
 0001:000190f0       _strdup                    000000014001a0f0 f   libucrt:strdup.obj
 0001:000190f0       strdup                     000000014001a0f0 f   libucrt:strdup.obj
 0001:00019168       ___lc_codepage_func        000000014001a168 f   libucrt:initctype.obj
 0001:00019198       strcpy_s                   000000014001a198 f   libucrt:strcpy_s.obj
 0001:000191f8       abort                      000000014001a1f8 f   libucrt:abort.obj
 0001:00019250       calloc                     000000014001a250 f   libucrt:calloc.obj
 0001:00019258       ??$parse_integer@KV?$c_string_character_source@_W@__crt_strtox@@$00@__crt_strtox@@YAKAEAV__crt_cached_ptd_host@@V?$c_string_character_source@_W@0@H_N@Z 000000014001a258 f i libucrt:atox.obj
 0001:000199f4       wcsncmp                    000000014001a9f4 f   libucrt:wcsncmp.obj
 0001:00019a20       __acrt_errno_from_os_error 000000014001aa20 f   libucrt:errno.obj
 0001:00019a68       __acrt_errno_map_os_error  000000014001aa68 f   libucrt:errno.obj
 0001:00019ab0       __acrt_errno_map_os_error_ptd 000000014001aab0 f   libucrt:errno.obj
 0001:00019ad4       __doserrno                 000000014001aad4 f   libucrt:errno.obj
 0001:00019af4       _errno                     000000014001aaf4 f   libucrt:errno.obj
 0001:00019b14       ?__acrt_stdio_allocate_stream@@YA?AV__crt_stdio_stream@@XZ 000000014001ab14 f   libucrt:stream.obj
 0001:00019b6c       ?__acrt_stdio_free_stream@@YAXV__crt_stdio_stream@@@Z 000000014001ab6c f   libucrt:stream.obj
 0001:00019c74       ??$__acrt_stdio_parse_mode@D@@YA?AU__acrt_stdio_stream_mode@@QEBD@Z 000000014001ac74 f i libucrt:openfile.obj
 0001:00019f38       _openfile                  000000014001af38 f   libucrt:openfile.obj
 0001:00019fd4       _calloc_base               000000014001afd4 f   libucrt:calloc_base.obj
 0001:0001a04c       _free_base                 000000014001b04c f   libucrt:free_base.obj
 0001:0001a244       __acrt_AppPolicyGetProcessTerminationMethodInternal 000000014001b244 f   libucrt:winapi_thunks.obj
 0001:0001a29c       __acrt_AreFileApisANSI     000000014001b29c f   libucrt:winapi_thunks.obj
 0001:0001a2e0       __acrt_CompareStringEx     000000014001b2e0 f   libucrt:winapi_thunks.obj
 0001:0001a3cc       __acrt_FlsAlloc            000000014001b3cc f   libucrt:winapi_thunks.obj
 0001:0001a3d4       __acrt_FlsFree             000000014001b3d4 f   libucrt:winapi_thunks.obj
 0001:0001a3dc       __acrt_FlsGetValue         000000014001b3dc f   libucrt:winapi_thunks.obj
 0001:0001a3e4       __acrt_FlsSetValue         000000014001b3e4 f   libucrt:winapi_thunks.obj
 0001:0001a3ec       __acrt_InitializeCriticalSectionEx 000000014001b3ec f   libucrt:winapi_thunks.obj
 0001:0001a45c       __acrt_LCMapStringEx       000000014001b45c f   libucrt:winapi_thunks.obj
 0001:0001a548       __acrt_LocaleNameToLCID    000000014001b548 f   libucrt:winapi_thunks.obj
 0001:0001a5a8       __acrt_initialize_winapi_thunks 000000014001b5a8 f   libucrt:winapi_thunks.obj
 0001:0001a5cc       __acrt_uninitialize_winapi_thunks 000000014001b5cc f   libucrt:winapi_thunks.obj
 0001:0001a610       _fcloseall                 000000014001b610 f   libucrt:closeall.obj
 0001:0001a8a4       __acrt_stdio_flush_nolock  000000014001b8a4 f   libucrt:fflush.obj
 0001:0001a930       _fflush_nolock             000000014001b930 f   libucrt:fflush.obj
 0001:0001aa04       _flushall                  000000014001ba04 f   libucrt:fflush.obj
 0001:0001aa0c       __acrt_stdio_free_buffer_nolock 000000014001ba0c f   libucrt:_freebuf.obj
 0001:0001ac48       __acrt_initialize_lowio    000000014001bc48 f   libucrt:ioinit.obj
 0001:0001ac84       __acrt_uninitialize_lowio  000000014001bc84 f   libucrt:ioinit.obj
 0001:0001acc4       _fileno                    000000014001bcc4 f   libucrt:fileno.obj
 0001:0001ad64       _close_internal            000000014001bd64 f   libucrt:close.obj
 0001:0001ae28       _close_nolock              000000014001be28 f   libucrt:close.obj
 0001:0001aec0       _close_nolock_internal     000000014001bec0 f   libucrt:close.obj
 0001:0001b308       __acrt_getptd              000000014001c308 f   libucrt:per_thread_data.obj
 0001:0001b3dc       __acrt_getptd_head         000000014001c3dc f   libucrt:per_thread_data.obj
 0001:0001b480       __acrt_getptd_noexit       000000014001c480 f   libucrt:per_thread_data.obj
 0001:0001b548       __acrt_getptd_noexit_explicit 000000014001c548 f   libucrt:per_thread_data.obj
 0001:0001b608       __acrt_initialize_ptd      000000014001c608 f   libucrt:per_thread_data.obj
 0001:0001b644       __acrt_uninitialize_ptd    000000014001c644 f   libucrt:per_thread_data.obj
 0001:0001b668       _realloc_base              000000014001c668 f   libucrt:realloc_base.obj
 0001:0001b6e4       _malloc_base               000000014001c6e4 f   libucrt:malloc_base.obj
 0001:0001b744       strnlen                    000000014001c744 f   libucrt:strnlen.obj
 0001:0001b894       wcsnlen                    000000014001c894 f   libucrt:strnlen.obj
 0001:0001ba6c       __acrt_update_locale_info  000000014001ca6c f   libucrt:locale_update.obj
 0001:0001baa0       __acrt_update_locale_info_explicit 000000014001caa0 f   libucrt:locale_update.obj
 0001:0001bad8       __acrt_update_multibyte_info 000000014001cad8 f   libucrt:locale_update.obj
 0001:0001bb0c       __acrt_update_multibyte_info_explicit 000000014001cb0c f   libucrt:locale_update.obj
 0001:0001c658       __acrt_fp_format           000000014001d658 f   libucrt:cvt.obj
 0001:0001c940       _wctomb_internal           000000014001d940 f   libucrt:wctomb.obj
 0001:0001caf0       _mbtowc_internal           000000014001daf0 f   libucrt:mbtowc.obj
 0001:0001cc68       _get_printf_count_output   000000014001dc68 f   libucrt:printf_count_output.obj
 0001:0001cc80       _fputc_nolock_internal     000000014001dc80 f   libucrt:fputc.obj
 0001:0001cc98       __acrt_should_use_temporary_buffer 000000014001dc98 f   libucrt:_sftbuf.obj
 0001:0001cce4       __acrt_stdio_begin_temporary_buffering_nolock 000000014001dce4 f   libucrt:_sftbuf.obj
 0001:0001cdac       __acrt_stdio_end_temporary_buffering_nolock 000000014001ddac f   libucrt:_sftbuf.obj
 0001:0001cdec       _isctype_l                 000000014001ddec f   libucrt:isctype.obj
 0001:0001cef4       _getdrive                  000000014001def4 f   libucrt:drive.obj
 0001:0001cfec       ??$__acrt_convert_wcs_mbs_cp@_WDV<lambda_f788ae46380686e8b737efdd8c720d07>@@U__crt_win32_buffer_no_resizing@@@@YAHQEB_WAEAV?$__crt_win32_buffer@DU__crt_win32_buffer_no_resizing@@@@AEBV<lambda_f788ae46380686e8b737efdd8c720d07>@@I@Z 000000014001dfec f i libucrt:fullpath.obj
 0001:0001d108       ??$call_win32_function@V<lambda_17b8e77e04f0039ff1429d79b8271fa1>@@@?$__crt_win32_buffer@_WU__crt_win32_buffer_no_resizing@@@@QEAAHAEBV<lambda_17b8e77e04f0039ff1429d79b8271fa1>@@@Z 000000014001e108 f i libucrt:fullpath.obj
 0001:0001d17c       ??$call_win32_function@V<lambda_1a60cddbd8640ed4c95e91b82cd9827b>@@@?$__crt_win32_buffer@_WU__crt_win32_buffer_public_dynamic_resizing@@@@QEAAHAEBV<lambda_1a60cddbd8640ed4c95e91b82cd9827b>@@@Z 000000014001e17c f i libucrt:fullpath.obj
 0001:0001d254       ?detach@?$__crt_win32_buffer@_WU__crt_win32_buffer_public_dynamic_resizing@@@@QEAAPEA_WXZ 000000014001e254 f i libucrt:fullpath.obj
 0001:0001d338       _wfullpath                 000000014001e338 f   libucrt:fullpath.obj
 0001:0001d3ec       wcspbrk                    000000014001e3ec f   libucrt:wcspbrk.obj
 0001:0001d420       __ascii_wcsicmp            000000014001e420 f   libucrt:wcsicmp.obj
 0001:0001d460       _wcsicmp                   000000014001e460 f   libucrt:wcsicmp.obj
 0001:0001d4a8       _wcsicmp_l                 000000014001e4a8 f   libucrt:wcsicmp.obj
 0001:0001d5dc       __acrt_MultiByteToWideChar 000000014001e5dc f   libucrt:multibytetowidechar.obj
 0001:0001d66c       __acrt_lowio_create_handle_array 000000014001e66c f   libucrt:osfinfo.obj
 0001:0001d714       __acrt_lowio_destroy_handle_array 000000014001e714 f   libucrt:osfinfo.obj
 0001:0001d764       __acrt_lowio_ensure_fh_exists 000000014001e764 f   libucrt:osfinfo.obj
 0001:0001d80c       __acrt_lowio_lock_fh       000000014001e80c f   libucrt:osfinfo.obj
 0001:0001d834       __acrt_lowio_set_os_handle 000000014001e834 f   libucrt:osfinfo.obj
 0001:0001d8f4       __acrt_lowio_unlock_fh     000000014001e8f4 f   libucrt:osfinfo.obj
 0001:0001d91c       _alloc_osfhnd              000000014001e91c f   libucrt:osfinfo.obj
 0001:0001da5c       _free_osfhnd               000000014001ea5c f   libucrt:osfinfo.obj
 0001:0001db18       _get_osfhandle             000000014001eb18 f   libucrt:osfinfo.obj
 0001:0001db90       ??$__crt_time_is_leap_year@H@@YA_NH@Z 000000014001eb90 f i libucrt:loctotime.obj
 0001:0001de20       __loctotime64_t            000000014001ee20 f   libucrt:loctotime.obj
 0001:0001e630       _write                     000000014001f630 f   libucrt:write.obj
 0001:0001e6c8       _write_internal            000000014001f6c8 f   libucrt:write.obj
 0001:0001e7e8       _write_nolock              000000014001f7e8 f   libucrt:write.obj
 0001:0001ec64       __acrt_stdio_flush_and_write_narrow_nolock 000000014001fc64 f   libucrt:_flsbuf.obj
 0001:0001ed30       _wmkdir                    000000014001fd30 f   libucrt:wmkdir.obj
 0001:0001f1e4       _read                      00000001400201e4 f   libucrt:read.obj
 0001:0001f304       _read_nolock               0000000140020304 f   libucrt:read.obj
 0001:0001f754       __acrt_stdio_refill_and_read_narrow_nolock 0000000140020754 f   libucrt:_filbuf.obj
 0001:0001f8bc       _msize_base                00000001400208bc f   libucrt:msize.obj
 0001:0001f8f8       _fd_int                    00000001400208f8 f   libucrt:_test.obj
 0001:0001f9e0       _get_fpsr                  00000001400209e0 f   libucrt:fpsr.obj
 0001:0001f9f0       _set_fpsr                  00000001400209f0 f   libucrt:fpsr.obj
 0001:0001f9fa       _fclrf                     00000001400209fa f   libucrt:fpsr.obj
 0001:0001fa0e       _frnd                      0000000140020a0e f   libucrt:fpsr.obj
 0001:0001fa30       __acrt_initialize_locks    0000000140020a30 f   libucrt:locks.obj
 0001:0001fa78       __acrt_lock                0000000140020a78 f   libucrt:locks.obj
 0001:0001fa94       __acrt_uninitialize_locks  0000000140020a94 f   libucrt:locks.obj
 0001:0001facc       __acrt_unlock              0000000140020acc f   libucrt:locks.obj
 0001:0001fae8       __acrt_app_verifier_enabled 0000000140020ae8 f   libucrt:peb_access.obj
 0001:0001fb04       __acrt_is_secure_process   0000000140020b04 f   libucrt:peb_access.obj
 0001:0001fb1c       __acrt_get_process_end_policy 0000000140020b1c f   libucrt:win_policies.obj
 0001:0001fb60       ??$__acrt_convert_wcs_mbs_cp@_WDV<lambda_d8593a27d1aa8c02be35c86a17d324c4>@@U__crt_win32_buffer_internal_dynamic_resizing@@@@YAHQEB_WAEAV?$__crt_win32_buffer@DU__crt_win32_buffer_internal_dynamic_resizing@@@@AEBV<lambda_d8593a27d1aa8c02be35c86a17d324c4>@@I@Z 0000000140020b60 f i libucrt:argv_wildcards.obj
 0001:00020404       __acrt_expand_narrow_argv_wildcards 0000000140021404 f   libucrt:argv_wildcards.obj
 0001:0002040c       __acrt_GetModuleFileNameA  000000014002140c f   libucrt:getmodulefilenamea.obj
 0001:00020d28       __acrt_initialize_multibyte 0000000140021d28 f   libucrt:mbctype.obj
 0001:00020d88       __acrt_update_thread_multibyte_data 0000000140021d88 f   libucrt:mbctype.obj
 0001:00020da4       _setmbcp_nolock            0000000140021da4 f   libucrt:mbctype.obj
 0001:000210d8       _ismbblead                 00000001400220d8 f   libucrt:ismbbyte.obj
 0001:000210ec       __acrt_initialize_command_line 00000001400220ec f   libucrt:argv_data.obj
 0001:00021114       wcscpy_s                   0000000140022114 f   libucrt:wcscpy_s.obj
 0001:0002117c       __acrt_WideCharToMultiByte 000000014002217c f   libucrt:widechartomultibyte.obj
 0001:0002125c       __dcrt_get_narrow_environment_from_os 000000014002225c f   libucrt:get_environment_from_os.obj
 0001:0002136c       __dcrt_get_wide_environment_from_os 000000014002236c f   libucrt:get_environment_from_os.obj
 0001:0002185c       __dcrt_set_variable_in_wide_environment_nolock 000000014002285c f   libucrt:setenv.obj
 0001:00021864       _recalloc_base             0000000140022864 f   libucrt:recalloc.obj
 0001:000218fc       __acrt_initialize_heap     00000001400228fc f   libucrt:heap_handle.obj
 0001:00021918       __acrt_uninitialize_heap   0000000140022918 f   libucrt:heap_handle.obj
 0001:00021924       __acrt_execute_initializers 0000000140022924 f   libucrt:shared_initialization.obj
 0001:000219b8       __acrt_execute_uninitializers 00000001400229b8 f   libucrt:shared_initialization.obj
 0001:00021a48       __acrt_get_sigabrt_handler 0000000140022a48 f   libucrt:signal.obj
 0001:00021a78       __acrt_initialize_signal_handlers 0000000140022a78 f   libucrt:signal.obj
 0001:00021a98       raise                      0000000140022a98 f   libucrt:signal.obj
 0001:00021d14       wcsncpy_s                  0000000140022d14 f   libucrt:wcsncpy_s.obj
 0001:00021e10       __acrt_initialize_fmode    0000000140022e10 f   libucrt:txtmode.obj
 0001:00021e2c       __acrt_locale_free_monetary 0000000140022e2c f   libucrt:initmon.obj
 0001:00021f38       __acrt_locale_free_numeric 0000000140022f38 f   libucrt:initnum.obj
 0001:00021fd8       __acrt_locale_free_time    0000000140022fd8 f   libucrt:inittime.obj
 0001:000220e0       __acrt_GetStringTypeA      00000001400230e0 f   libucrt:getstringtypea.obj
 0001:00022270       __acrt_add_locale_ref      0000000140023270 f   libucrt:locale_refcounting.obj
 0001:000222fc       __acrt_free_locale         00000001400232fc f   libucrt:locale_refcounting.obj
 0001:00022474       __acrt_locale_add_lc_time_reference 0000000140023474 f   libucrt:locale_refcounting.obj
 0001:0002249c       __acrt_locale_free_lc_time_if_unreferenced 000000014002349c f   libucrt:locale_refcounting.obj
 0001:000224d4       __acrt_locale_release_lc_time_reference 00000001400234d4 f   libucrt:locale_refcounting.obj
 0001:000224fc       __acrt_release_locale_ref  00000001400234fc f   libucrt:locale_refcounting.obj
 0001:000225a4       __acrt_update_thread_locale_data 00000001400235a4 f   libucrt:locale_refcounting.obj
 0001:00022614       _updatetlocinfoEx_nolock   0000000140023614 f   libucrt:locale_refcounting.obj
 0001:000229b0       __acrt_LCMapStringA        00000001400239b0 f   libucrt:lcmapstringa.obj
 0001:00022a48       iswctype                   0000000140023a48 f   libucrt:iswctype.obj
 0001:00022ab4       __ascii_wcsnicmp           0000000140023ab4 f   libucrt:wcsnicmp.obj
 0001:00022b00       __ascii_strnicmp           0000000140023b00 f   libucrt:strnicmp.obj
 0001:00022b4c       _strnicmp                  0000000140023b4c f   libucrt:strnicmp.obj
 0001:00022b9c       _strnicmp_l                0000000140023b9c f   libucrt:strnicmp.obj
 0001:0002325c       _sopen_nolock              000000014002425c f   libucrt:open.obj
 0001:00023378       _sopen_s                   0000000140024378 f   libucrt:open.obj
 0001:000233ac       _wsopen_nolock             00000001400243ac f   libucrt:open.obj
 0001:0002379c       __acrt_DownlevelLocaleNameToLCID 000000014002479c f   libucrt:lcidtoname_downlevel.obj
 0001:000238cc       _commit                    00000001400248cc f   libucrt:commit.obj
 0001:00023a30       __acrt_fp_strflt_to_string 0000000140024a30 f   libucrt:_fptostr.obj
 0001:00023b40       ?divide@__crt_strtox@@YA_KAEAUbig_integer@1@AEBU21@@Z 0000000140024b40 f i libucrt:cfout.obj
 0001:00023fdc       __acrt_fltout              0000000140024fdc f   libucrt:cfout.obj
 0001:000252f4       fegetround                 00000001400262f4 f   libucrt:fegetround.obj
 0001:00025308       ?__c32rtomb_utf8@__crt_mbstring@@YA_KPEAD_UPEAU_Mbstatet@@AEAV__crt_cached_ptd_host@@@Z 0000000140026308 f   libucrt:c32rtomb.obj
 0001:000253ac       ?__mbrtowc_utf8@__crt_mbstring@@YA_KPEA_WPEBD_KPEAU_Mbstatet@@AEAV__crt_cached_ptd_host@@@Z 00000001400263ac f   libucrt:mbrtowc.obj
 0001:000253f0       ?__mbsrtowcs_utf8@__crt_mbstring@@YA_KPEA_WPEAPEBD_KPEAU_Mbstatet@@AEAV__crt_cached_ptd_host@@@Z 00000001400263f0 f   libucrt:mbrtowc.obj
 0001:00025594       _isatty                    0000000140026594 f   libucrt:isatty.obj
 0001:000257e4       _wgetcwd                   00000001400267e4 f   libucrt:getcwd.obj
 0001:0002580c       _towlower_l                000000014002680c f   libucrt:towlower.obj
 0001:00025900       __acrt_initialize_timeset  0000000140026900 f   libucrt:timeset.obj
 0001:00025950       __daylight                 0000000140026950 f   libucrt:timeset.obj
 0001:00025958       __dstbias                  0000000140026958 f   libucrt:timeset.obj
 0001:00025960       __timezone                 0000000140026960 f   libucrt:timeset.obj
 0001:00025968       __tzname                   0000000140026968 f   libucrt:timeset.obj
 0001:00025970       __wide_tzname              0000000140026970 f   libucrt:timeset.obj
 0001:00025978       _get_daylight              0000000140026978 f   libucrt:timeset.obj
 0001:000259a8       _get_dstbias               00000001400269a8 f   libucrt:timeset.obj
 0001:000259d8       _get_timezone              00000001400269d8 f   libucrt:timeset.obj
 0001:00026574       __tzset                    0000000140027574 f   libucrt:tzset.obj
 0001:000265b8       _isindst                   00000001400275b8 f   libucrt:tzset.obj
 0001:000267b4       _lseeki64                  00000001400277b4 f   libucrt:lseek.obj
 0001:00026850       _lseeki64_nolock           0000000140027850 f   libucrt:lseek.obj
 0001:000268ec       _lseeki64_nolock_internal  00000001400278ec f   libucrt:lseek.obj
 0001:000268f4       _putwch_nolock             00000001400278f4 f   libucrt:putwch.obj
 0001:00026930       __acrt_stdio_allocate_buffer_nolock 0000000140027930 f   libucrt:_getbuf.obj
 0001:0002699c       __acrt_fenv_get_common_round_control 000000014002799c f   libucrt:_fenvutils.obj
 0001:000269a8       __acrt_fenv_get_control    00000001400279a8 f   libucrt:_fenvutils.obj
 0001:00026a8c       __acrt_fenv_get_status     0000000140027a8c f   libucrt:_fenvutils.obj
 0001:00026ae4       __acrt_fenv_set_control    0000000140027ae4 f   libucrt:_fenvutils.obj
 0001:00026c1c       __acrt_fenv_set_status     0000000140027c1c f   libucrt:_fenvutils.obj
 0001:00026c90       qsort                      0000000140027c90 f   libucrt:qsort.obj
 0001:000270a0       strncpy_s                  00000001400280a0 f   libucrt:strncpy_s.obj
 0001:00027230       strpbrk                    0000000140028230 f   libucrt:strpbrk.obj
 0001:000275f8       _mbsdec                    00000001400285f8 f   libucrt:mbsdec.obj
 0001:00027600       _mbsdec_l                  0000000140028600 f   libucrt:mbsdec.obj
 0001:000276ac       _wcsnicoll                 00000001400286ac f   libucrt:wcsnicol.obj
 0001:000276fc       _wcsnicoll_l               00000001400286fc f   libucrt:wcsnicol.obj
 0001:000277ec       __strncnt                  00000001400287ec f   libucrt:strncnt.obj
 0001:00027804       __acrt_GetStringTypeW      0000000140028804 f   libucrt:getstringtypew.obj
 0001:0002780c       _chsize_nolock             000000014002880c f   libucrt:chsize.obj
 0001:000278a4       _chsize_nolock_internal    00000001400288a4 f   libucrt:chsize.obj
 0001:00027a38       _controlfp_s               0000000140028a38 f   libucrt:contrlfp.obj
 0001:00027a9c       fegetenv                   0000000140028a9c f   libucrt:fegetenv.obj
 0001:00027abc       fesetenv                   0000000140028abc f   libucrt:fesetenv.obj
 0001:00027b14       feholdexcept               0000000140028b14 f   libucrt:feholdexcept.obj
 0001:00027b64       ceil                       0000000140028b64 f   libucrt:ceil.obj
 0001:00027c30       log10                      0000000140028c30 f   libucrt:log10.obj
 0001:000281dc       ?reset_and_return@__crt_mbstring@@YA_K_KPEAU_Mbstatet@@@Z 00000001400291dc f   libucrt:common_utf8.obj
 0001:000281e4       ?return_illegal_sequence@__crt_mbstring@@YA_KPEAU_Mbstatet@@AEAV__crt_cached_ptd_host@@@Z 00000001400291e4 f   libucrt:common_utf8.obj
 0001:000281f8       ?__mbrtoc32_utf8@__crt_mbstring@@YA_KPEA_UPEBD_KPEAU_Mbstatet@@AEAV__crt_cached_ptd_host@@@Z 00000001400291f8 f   libucrt:mbrtoc32.obj
 0001:000283d4       __acrt_LCMapStringW        00000001400293d4 f   libucrt:lcmapstringw.obj
 0001:0002845c       wcstol                     000000014002945c f   libucrt:strtox.obj
 0001:000286a0       _wgetenv_s                 00000001400296a0 f   libucrt:getenv.obj
 0001:000286a8       __dcrt_lowio_ensure_console_output_initialized 00000001400296a8 f   libucrt:initcon.obj
 0001:000286fc       __dcrt_terminate_console_output 00000001400296fc f   libucrt:initcon.obj
 0001:00028718       __dcrt_write_console       0000000140029718 f   libucrt:initcon.obj
 0001:000287d8       __acrt_CompareStringW      00000001400297d8 f   libucrt:comparestringw.obj
 0001:000289bc       _handle_error              00000001400299bc f   libucrt:libm_error.obj
 0001:00028ae4       _handle_errorf             0000000140029ae4 f   libucrt:libm_error.obj
 0001:00028c18       _handle_nan                0000000140029c18 f   libucrt:libm_error.obj
 0001:00028c34       _handle_nanf               0000000140029c34 f   libucrt:libm_error.obj
 0001:00028c50       __acrt_initialize_fma3     0000000140029c50 f   libucrt:fma3_available.obj
 0001:00028cc0       _log10_special             0000000140029cc0 f   libucrt:log_special.obj
 0001:00028d78       _raise_exc                 0000000140029d78 f   libucrt:fpexcept.obj
 0001:00028da0       _raise_exc_ex              0000000140029da0 f   libucrt:fpexcept.obj
 0001:000290a8       _raise_excf                000000014002a0a8 f   libucrt:fpexcept.obj
 0001:000290d4       _set_errno_from_matherr    000000014002a0d4 f   libucrt:fpexcept.obj
 0001:00029104       _clrfp                     000000014002a104 f   libucrt:fpctrl.obj
 0001:00029124       _ctrlfp                    000000014002a124 f   libucrt:fpctrl.obj
 0001:000291a0       _set_statfp                000000014002a1a0 f   libucrt:fpctrl.obj
 0001:000291c0       _statfp                    000000014002a1c0 f   libucrt:fpctrl.obj
 0001:000291d4       __GSHandlerCheck           000000014002a1d4 f   LIBCMT:gshandler.obj
 0001:000291f4       __GSHandlerCheckCommon     000000014002a1f4 f   LIBCMT:gshandler.obj
 0001:00029260       __security_check_cookie    000000014002a260 f   LIBCMT:amdsecgs.obj
 0001:00029280       _FindPESection             000000014002a280 f   LIBCMT:pesect.obj
 0001:000292d0       _IsNonwritableInCurrentImage 000000014002a2d0 f   LIBCMT:pesect.obj
 0001:00029320       _ValidateImageBase         000000014002a320 f   LIBCMT:pesect.obj
 0001:00029350       __GSHandlerCheck_SEH       000000014002a350 f   LIBCMT:gshandlerseh.obj
 0001:000293d8       __raise_securityfailure    000000014002a3d8 f   LIBCMT:gs_report.obj
 0001:0002940c       __report_gsfailure         000000014002a40c f   LIBCMT:gs_report.obj
 0001:000294e0       __report_rangecheckfailure 000000014002a4e0 f   LIBCMT:gs_report.obj
 0001:000294f4       __report_securityfailure   000000014002a4f4 f   LIBCMT:gs_report.obj
 0001:00029674       __GSHandlerCheck_EH        000000014002a674 f   LIBCMT:gshandlereh.obj
 0001:00029710       __chkstk                   000000014002a710 f   LIBCMT:chkstk.obj
 0001:00029710       _alloca_probe              000000014002a710 f   LIBCMT:chkstk.obj
 0001:00029760       __C_specific_handler_noexcept 000000014002a760 f   libvcruntime:chandler_noexcept.obj
 0001:000297ac       wcsrchr                    000000014002a7ac f   libvcruntime:wcsrchr.obj
 0001:00029870       memcmp                     000000014002a870 f   libvcruntime:memcmp.obj
 0001:00029938       strrchr                    000000014002a938 f   libvcruntime:strrchr.obj
 0001:00029a64       wcschr                     000000014002aa64 f   libvcruntime:wcschr.obj
 0001:00032880       __vdecl_sinf4              0000000140033880 f   LIBCMT:svml_ssinf4_dispatch.obj
 0001:000328a0       __libm_sse2_sincosf_       00000001400338a0 f   LIBCMT:svml_ssinf4_dispatch.obj
 0001:000328e3       __libm_sse2_sincosf4_      00000001400338e3 f   LIBCMT:svml_ssinf4_dispatch.obj
 0001:000328f0       __vdecl_cos2               00000001400338f0 f   LIBCMT:svml_dcos2_dispatch.obj
 0001:00032910       __sse2_sinf4@@16           0000000140033910 f   LIBCMT:svml_ssinf4_sse2.obj
 0001:00033250       __sse4_sinf4@@16           0000000140034250 f   LIBCMT:svml_ssinf4_sse4.obj
 0001:000339d0       __sse2_cos2@@16            00000001400349d0 f   LIBCMT:svml_dcos2_sse2.obj
 0001:00034080       __sse4_cos2@@16            0000000140035080 f   LIBCMT:svml_dcos2_sse4.obj
 0001:00034730       __common_ssin_cout_rare    0000000140035730 f   LIBCMT:svml_s_sin_cout.obj
 0001:000347a0       __common_dcos_cout_rare    00000001400357a0 f   LIBCMT:svml_d_cos_cout.obj
 0001:00034810       _vcomp_for_dynamic_init    0000000140035810 f   VCOMP:VCOMP140.DLL
 0001:00034816       _vcomp_for_dynamic_next    0000000140035816 f   VCOMP:VCOMP140.DLL
[...]
 0002:00011188       $xdatasym                  000000014004b188     libucrt:cos.obj
 0002:00011190       $xdatasym                  000000014004b190     libucrt:cosf.obj
 0002:00011198       $xdatasym                  000000014004b198     libucrt:expf.obj
 0002:000111a0       $xdatasym                  000000014004b1a0     libucrt:powf.obj
 0002:000111b0       $xdatasym                  000000014004b1b0     libucrt:sinf.obj
 0002:000111b8       $xdatasym                  000000014004b1b8     libucrt:remainder_piby2_forasm.obj
 0002:000111c8       $xdatasym                  000000014004b1c8     libucrt:remainder_piby2_forfma3.obj
 0002:000111d4       $unwind$_sincos_special    000000014004b1d4     libucrt:sincos_special.obj
 0002:000111d4       $unwind$_sincosf_special   000000014004b1d4     libucrt:sincos_special.obj
 0002:000111e0       $xdatasym                  000000014004b1e0     libucrt:remainder_piby2f_forasm.obj
 0002:000111e4       $unwind$_powf_special      000000014004b1e4     libucrt:pow_special.obj
 0002:000111f0       $xdatasym                  000000014004b1f0     libucrt:remainder_piby2f_forc.obj
 0002:00011b0e       .idata$6                   000000014004bb0e     ws2_32:WS2_32.dll
 0002:00011b30       .idata$6                   000000014004bb30     kernel32:KERNEL32.dll
 0002:00011b62       .idata$6                   000000014004bb62     user32:USER32.dll
 0002:00011c6e       .idata$6                   000000014004bc6e     bass:BASS.dll
 0002:00011d0c       .idata$6                   000000014004bd0c     DevIL:DevIL.dll
 0002:00011f96       .idata$6                   000000014004bf96     SDL2:SDL2.dll
 0002:000126b4       .idata$6                   000000014004c6b4     VCOMP:VCOMP140.DLL
 0003:00000040       ?__vcrt_flsindex@@3KA      000000014004d040     libvcruntime:per_thread_data.obj
 0003:00000160       ?dazSupported@?1??common_control87@@9@9 000000014004d160     libucrt:ieee.obj
 0003:00000168       ?errno_no_memory@@3HA      000000014004d168     libucrt:errno.obj
 0003:0000016c       ?doserrno_no_memory@@3KA   000000014004d16c     libucrt:errno.obj
 0003:000001b8       ?__acrt_flsindex@@3KA      000000014004d1b8     libucrt:per_thread_data.obj
 0003:00000660       _mbctypes                  000000014004d660     libucrt:mbctype.obj
 0003:00000770       _mbcasemaps                000000014004d770     libucrt:mbctype.obj
 0003:00000870       ?__rgctypeflag@@3PADA      000000014004d870     libucrt:mbctype.obj
 0003:00000880       ?__rgcode_page_info@@3PAUcode_page_info@@A 000000014004d880     libucrt:mbctype.obj
 0003:00000a30       ?tzstd_program@@3PADA      000000014004da30     libucrt:timeset.obj
 0003:00000a70       ?tzdst_program@@3PADA      000000014004da70     libucrt:timeset.obj
 0003:00000ab0       ?w_tzstd_program@@3PA_WA   000000014004dab0     libucrt:timeset.obj
 0003:00000b30       ?w_tzdst_program@@3PA_WA   000000014004db30     libucrt:timeset.obj
 0003:00000bb0       ?tzname_states@@3PAY01PEADA 000000014004dbb0     libucrt:timeset.obj
 0003:00000bc0       ?w_tzname_states@@3PAY01PEA_WA 000000014004dbc0     libucrt:timeset.obj
 0003:00000bd0       ?dststart@@3Utransitiondate@?A0x7639d0b4@@A 000000014004dbd0     libucrt:tzset.obj
 0003:00000be0       ?dstend@@3Utransitiondate@?A0x7639d0b4@@A 000000014004dbe0     libucrt:tzset.obj
 0003:00000bf0       ?__dcrt_lowio_console_output_handle@@3PEAXEA 000000014004dbf0     libucrt:initcon.obj
 0003:00000c00       ?dazSupported@?1??_ctrlfp@@9@9 000000014004dc00     libucrt:fpctrl.obj
 0003:00000c40       ?need_init@?1??server_connect@@9@9 000000014004dc40     device.obj
 0003:00000c44       ?s_curRayLength@@3IA       000000014004dc44     ball.obj
 0003:00000c48       ?s_beamAlphaMin@@3MA       000000014004dc48     ball.obj
 0003:00000c4c       ?s_beamAtten@@3IA          000000014004dc4c     ball.obj
 0003:00000c50       ?s_rocketCallbacks@@3Usync_cb@@A 000000014004dc50     rocket.obj
 0003:00000c68       ?s_mapTilt@@3HA            000000014004dc68     landscape.obj
 0003:00000c70       ?s_lastErr@@3V?$basic_string@DU?$char_traits@D@std@@V?$allocator@D@2@@std@@A 000000014004dc70     main.obj
 0003:00000f20       ?is_initialized_as_dll@@3_NA 000000014004df20     LIBCMT:utility.obj
 0003:00000f21       ?module_local_atexit_table_initialized@@3_NA 000000014004df21     LIBCMT:utility.obj
 0003:00000f28       ?module_local_atexit_table@@3U_onexit_table_t@@A 000000014004df28     LIBCMT:utility.obj
 0003:00000f40       ?module_local_at_quick_exit_table@@3U_onexit_table_t@@A 000000014004df40     LIBCMT:utility.obj
 0003:00000f90       ?__vcrt_startup_thread_ptd@@3U__vcrt_ptd@@A 000000014004df90     libvcruntime:per_thread_data.obj
 0003:00001010       __vcrt_lock_table          000000014004e010     libvcruntime:locks.obj
 0003:00001038       __vcrt_locks_initialized   000000014004e038     libvcruntime:locks.obj
 0003:00001080       ?heap@@3V_HeapManager@@A   000000014004e080     libvcruntime:undname.obj
 0003:000010a8       ?module_handles@@3PAPEAUHINSTANCE__@@A 000000014004e0a8     libvcruntime:winapi_downlevel.obj
 0003:000010c0       ?function_pointers@@3PAPEAXA 000000014004e0c0     libvcruntime:winapi_downlevel.obj
 0003:00001108       ?__acrt_invalid_parameter_handler@@3V?$dual_state_global@P6AXPEB_W00I_K@Z@__crt_state_management@@A 000000014004e108     libucrt:invalid_parameter.obj
 0003:00001110       ?__acrt_new_handler@@3V?$dual_state_global@P6AH_K@Z@__crt_state_management@@A 000000014004e110     libucrt:new_handler.obj
 0003:00001118       ?c_termination_complete@@3JA 000000014004e118     libucrt:exit.obj
 0003:00001120       ?thread_local_exit_callback_func@@3P6AXPEAXK0@ZEA 000000014004e120     libucrt:exit.obj
 0003:00001128       ?c_exit_complete@?1???R<lambda_6e4b09c48022b2350581041d5f6b0c4c>@@QEBA@XZ@4_NA 000000014004e128     libucrt:exit.obj
 0003:00001130       ?program_name@?1???$common_configure_argv@D@@YAHW4_crt_argv_mode@@@Z@4PADA 000000014004e130     libucrt:argv_parsing.obj
 0003:00001288       ?__acrt_app_type@@3W4_crt_app_type@@A 000000014004e288     libucrt:report_runtime_error.obj
 0003:00001290       ?user_matherr@@3V?$dual_state_global@P6AHPEAU_exception@@@Z@__crt_state_management@@A 000000014004e290     libucrt:matherr.obj
 0003:00001298       ?empty_string@?1???$common_wincmdln@E@@YAPEAEXZ@4PAEA 000000014004e298     libucrt:argv_winmain.obj
 0003:000012a0       ?__acrt_global_new_mode@@3V?$dual_state_global@J@__crt_state_management@@A 000000014004e2a0     libucrt:new_mode.obj
 0003:000012b0       ?module_handles@@3PAPEAUHINSTANCE__@@A 000000014004e2b0     libucrt:winapi_thunks.obj
 0003:00001360       ?encoded_function_pointers@@3PAPEAXA 000000014004e360     libucrt:winapi_thunks.obj
 0003:00001870       ?internal_state@?1??_mbtowc_internal@@9@4U_Mbstatet@@A 000000014004e870     libucrt:mbtowc.obj
 0003:00001878       ?enable_percent_n@@3_KA    000000014004e878     libucrt:printf_count_output.obj
 0003:00001890       ?__acrt_lock_table@@3PAU_RTL_CRITICAL_SECTION@@A 000000014004e890     libucrt:locks.obj
 0003:00001ac0       ?__acrt_locks_initialized@@3IA 000000014004eac0     libucrt:locks.obj
 0003:00001ae0       ?fSystemSet@@3HA           000000014004eae0     libucrt:mbctype.obj
 0003:00001ae4       ?initialized@?1??__acrt_initialize_multibyte@@9@4_NA 000000014004eae4     libucrt:mbctype.obj
 0003:00001b20       ?ctrlc_action@@3V?$dual_state_global@P6AXH@Z@__crt_state_management@@A 000000014004eb20     libucrt:signal.obj
 0003:00001b28       ?ctrlbreak_action@@3V?$dual_state_global@P6AXH@Z@__crt_state_management@@A 000000014004eb28     libucrt:signal.obj
 0003:00001b30       ?abort_action@@3V?$dual_state_global@P6AXH@Z@__crt_state_management@@A 000000014004eb30     libucrt:signal.obj
 0003:00001b38       ?term_action@@3V?$dual_state_global@P6AXH@Z@__crt_state_management@@A 000000014004eb38     libucrt:signal.obj
 0003:00001b60       ?_tzname@@3V?$dual_state_global@PEAPEAD@__crt_state_management@@A 000000014004eb60     libucrt:timeset.obj
 0003:00001b68       ?w_tzname@@3V?$dual_state_global@PEAPEA_W@__crt_state_management@@A 000000014004eb68     libucrt:timeset.obj
 0003:00001b70       ?last_wide_tz@@3PEA_WEA    000000014004eb70     libucrt:tzset.obj
 0003:00001b80       ?tz_api_used@@3HA          000000014004eb80     libucrt:tzset.obj
 0003:00001b84       ?tzset_init_state@@3V?$dual_state_global@J@__crt_state_management@@A 000000014004eb84     libucrt:tzset.obj
 0003:00001b90       ?tz_info@@3U_TIME_ZONE_INFORMATION@@A 000000014004eb90     libucrt:tzset.obj
 0003:00001c40       ?internal_pst@?1??__mbrtoc32_utf8@__crt_mbstring@@YA_KPEA_UPEBD_KPEAU_Mbstatet@@AEAV__crt_cached_ptd_host@@@Z@4U3@A 000000014004ec40     libucrt:mbrtoc32.obj
 0003:00001c50       GS_ExceptionRecord         000000014004ec50     LIBCMT:gs_report.obj
 0003:00001cf0       GS_ContextRecord           000000014004ecf0     LIBCMT:gs_report.obj
 0003:00009590       ?fNautilus_global@@3VVector3@@A 0000000140056590     shadertoy.obj
 0003:000095a0       ?fSpike_global@@3VVector4@@A 00000001400565a0     shadertoy.obj
 0003:000095b0       ?temp@?1??path_encode@@9@9 00000001400565b0     device.obj
 0003:000096b4       ?s_hMusic@@3KA             00000001400566b4     audio.obj
 0003:000096b8       ?s_bassInf@@3UBASS_INFO@@A 00000001400566b8     audio.obj
 0003:000096f0       ?temp@?1??sync_track_path@@9@9 00000001400566f0     device.obj
 0003:000097f8       ?s_pColorMap@@3PAPEAIA     00000001400567f8     ball.obj
 0003:00009808       ?s_pEnvMap@@3PEAIEA        0000000140056808     ball.obj
 0003:00009810       ?s_heightProj@@3PAIA       0000000140056810     ball.obj
 0003:0000a810       ?s_heightProjNorm@@3PAHA   0000000140057810     ball.obj
 0003:0000b810       ?s_pHeightMap@@3PAPEAEA    0000000140058810     ball.obj
 0003:0000b838       ?s_pHalo@@3PEAIEA          0000000140058838     ball.obj
 0003:0000b840       ?s_pBeamMapMix@@3PEAIEA    0000000140058840     ball.obj
 0003:0000b848       ?s_pBeamMaps@@3PAPEAIA     0000000140058848     ball.obj
 0003:0000b860       ?s_heightMapMix@@3PEAEEA   0000000140058860     ball.obj
 0003:0000b868       ?s_pBackgrounds@@3PAPEAIA  0000000140058868     ball.obj
 0003:0000b878       ?s_pTempBuf@@3PEAIEA       0000000140058878     boxblur.obj
 0003:0000b880       ?s_genState@@3UTINYMT32_T@@A 0000000140058880     random.obj
 0003:0000b8a0       ?s_hRocket@@3PEAUsync_device@@EA 00000001400588a0     rocket.obj
 0003:0000b8a8       ?s_pFDTunnelTex@@3PEAIEA   00000001400588a8     shadertoy.obj
 0003:0000b8b0       ?s_pFDTunnelTexHighlights@@3PEAIEA 00000001400588b0     shadertoy.obj
 0003:0000b8b8       ?s_pNautilusDirt@@3PEAIEA  00000001400588b8     demo.obj
 0003:0000b8c0       ?s_pBallVignette@@3PEAIEA  00000001400588c0     demo.obj
 0003:0000b8c8       ?s_pLenz@@3PEAIEA          00000001400588c8     demo.obj
 0003:0000b8d0       ?s_pRevLogo@@3PEAIEA       00000001400588d0     demo.obj
 0003:0000b8d8       ?s_pSpikeyFullDirt@@3PEAIEA 00000001400588d8     demo.obj
 0003:0000b8e0       ?s_pNoooN@@3PEAIEA         00000001400588e0     demo.obj
 0003:0000b8e8       ?s_pTunnelVignette2@@3PEAIEA 00000001400588e8     demo.obj
 0003:0000b8f0       ?s_pDiscoGuys@@3PAPEAIA    00000001400588f0     demo.obj
 0003:0000b930       ?s_pGreetings@@3PAPEAIA    0000000140058930     demo.obj
 0003:0000b950       ?s_pCredits@@3PAPEAIA      0000000140058950     demo.obj
 0003:0000b970       ?s_pSpikeyBypass@@3PEAIEA  0000000140058970     demo.obj
 0003:0000b978       ?s_pWaterDirt@@3PEAIEA     0000000140058978     demo.obj
 0003:0000b980       ?s_pCloseSpikeVignette@@3PEAIEA 0000000140058980     demo.obj
 0003:0000b988       ?s_pCloseSpikeDirt@@3PEAIEA 0000000140058988     demo.obj
 0003:0000b990       ?s_pVignette06@@3PEAIEA    0000000140058990     demo.obj
 0003:0000b998       ?s_pNautilusCousteauRim2@@3PEAIEA 0000000140058998     demo.obj
 0003:0000b9a0       ?s_pWaterPrismOverlay@@3PEAIEA 00000001400589a0     demo.obj
 0003:0000b9a8       ?s_pNautilusCousteau2@@3PEAIEA 00000001400589a8     demo.obj
 0003:0000b9b0       ?s_pSpikeyArrested@@3PEAIEA 00000001400589b0     demo.obj
 0003:0000b9b8       ?s_pAreWeDone@@3PEAIEA     00000001400589b8     demo.obj
 0003:0000b9c0       ?s_pTunnelFullDirt@@3PEAIEA 00000001400589c0     demo.obj
 0003:0000b9c8       ?s_pGodLayer@@3PEAIEA      00000001400589c8     demo.obj
 0003:0000b9d0       ?s_pSpikeyVignette@@3PEAIEA 00000001400589d0     demo.obj
 0003:0000b9d8       ?s_pNautilusCousteauRim1@@3PEAIEA 00000001400589d8     demo.obj
 0003:0000b9e0       ?s_pTunnelVignette@@3PEAIEA 00000001400589e0     demo.obj
 0003:0000b9e8       ?s_pNautilusCousteau1@@3PEAIEA 00000001400589e8     demo.obj
 0003:0000b9f0       ?s_pNautilusVignette@@3PEAIEA 00000001400589f0     demo.obj
 0003:0000b9f8       ?s_pNautilusText@@3PEAIEA  00000001400589f8     demo.obj
 0003:0000ba00       ?s_pGreetingsDirt@@3PEAIEA 0000000140058a00     demo.obj
 0003:0000ba08       ?s_pGreetingsVignette@@3PEAIEA 0000000140058a08     demo.obj
 0003:0000ba10       ?s_pMFX@@3PEAIEA           0000000140058a10     demo.obj
 0003:0000ba18       ?s_pSpikeyVignette2@@3PEAIEA 0000000140058a18     demo.obj
 0003:0000ba20       ?s_pPad@@3PEAU_SDL_GameController@@EA 0000000140058a20     gamepad.obj
 0003:0000ba28       ?s_pGC@@3V?$vector@PEAXV?$allocator@PEAX@std@@@std@@A 0000000140058a28     image.obj
 0003:0000ba40       ?s_pColorMap@@3PEAIEA      0000000140058a40     landscape.obj
 0003:0000ba48       ?s_pFogGradient@@3PEAIEA   0000000140058a48     landscape.obj
 0003:0000ba50       ?s_fogGradientUnp@@3PAT__m128i@@A 0000000140058a50     landscape.obj
 0003:0000ca50       ?s_pHeightMap@@3PEAEEA     0000000140059a50     landscape.obj
 0003:0000ca58       ?s_pInvMap2x2@@3PEAHEA     0000000140059a58     polar.obj
 0003:0000ca60       ?s_pMap@@3PEAHEA           0000000140059a60     polar.obj
 0003:0000ca68       ?s_pInvMap@@3PEAHEA        0000000140059a68     polar.obj
 0003:0000ca70       ?s_pMap2x2@@3PEAHEA        0000000140059a70     polar.obj
 0003:0000ca78       ?s_pColorMap@@3PEAIEA      0000000140059a78     torus-twister.obj
 0003:0000ca80       ?s_heightProj@@3PAIA       0000000140059a80     torus-twister.obj
 0003:0000d280       ?s_heightProjNorm@@3PAIA   000000014005a280     torus-twister.obj
 0003:0000da80       ?s_pHeightMap@@3PEAEEA     000000014005aa80     torus-twister.obj
 0003:0000da88       ?s_pBackground@@3PEAIEA    000000014005aa88     torus-twister.obj
 0003:0000da90       ?s_pColorMap@@3PEAIEA      000000014005aa90     tunnelscape.obj
 0003:0000da98       ?s_pFogGradient@@3PEAIEA   000000014005aa98     tunnelscape.obj
 0003:0000daa0       ?s_fogGradientUnp@@3PAT__m128i@@A 000000014005aaa0     tunnelscape.obj
 0003:0000eaa0       ?s_pHeightMap@@3PEAEEA     000000014005baa0     tunnelscape.obj
 0003:0000eaa8       ?numCalls@?9??Gamepad_Update@@YA_NAEAUPadState@@@Z@4HA 000000014005baa8     gamepad.obj
 0003:0000eaac       ?strafeX@?1??vscape@@YAXPEAIMM@Z@4MA 000000014005baac     landscape.obj
 0003:0000eab0       ?viewAngle@?1??vscape@@YAXPEAIMM@Z@4MA 000000014005bab0     landscape.obj
 0003:0000eab4       ?padMoveX@?1??vscape@@YAXPEAIMM@Z@4MA 000000014005bab4     landscape.obj
 0003:0000eab8       ?padTilt@?1??vscape@@YAXPEAIMM@Z@4MA 000000014005bab8     landscape.obj
 0003:0000eabc       ?padMoveY@?1??vscape@@YAXPEAIMM@Z@4MA 000000014005babc     landscape.obj
 0003:0000eac0       ?strafeY@?1??vscape@@YAXPEAIMM@Z@4MA 000000014005bac0     landscape.obj
 0003:0000ead0       ?edgeDivs@?1??VerticalBoxBlur32@@YAXPEAIPEBIIIM@Z@4PAT__m128i@@A 000000014005bad0     boxblur.obj
 0003:0000fad0       ?edgeDivs@?1??HorizontalBoxBlur32@@YAXPEAIPEBIIIM@Z@4PAT__m128i@@A 000000014005cad0     boxblur.obj
 0005:00000000       MsetTab                    0000000140061000     libvcruntime:memset.obj
 0005:00000050       MoveSmall                  0000000140061050     libvcruntime:memcpy.obj
 0005:00000090       MoveSmallYmm               0000000140061090     libvcruntime:memcpy.obj
 0005:000000b4       MoveSmallYmmNT             00000001400610b4     libvcruntime:memcpy.obj
 0005:000000d8       MoveSmallXmm               00000001400610d8     libvcruntime:memcpy.obj
 0005:00000100       _2il0floatpacket$19        0000000140061100     LIBCMT:svml_ssinf4_sse2.obj
 0005:00000200       _2il0floatpacket$26        0000000140061200     LIBCMT:svml_dcos2_sse2.obj
 0005:00000210       _2il0floatpacket$27        0000000140061210     LIBCMT:svml_dcos2_sse2.obj
 0005:00000220       _2il0floatpacket$28        0000000140061220     LIBCMT:svml_dcos2_sse2.obj
 0005:00000230       _2il0floatpacket$29        0000000140061230     LIBCMT:svml_dcos2_sse2.obj
 0005:00000240       _2il0floatpacket$30        0000000140061240     LIBCMT:svml_dcos2_sse2.obj
 0005:00000250       _2il0floatpacket$31        0000000140061250     LIBCMT:svml_dcos2_sse2.obj
 0005:00000260       _2il0floatpacket$32        0000000140061260     LIBCMT:svml_dcos2_sse2.obj
 0005:00000270       _2il0floatpacket$33        0000000140061270     LIBCMT:svml_dcos2_sse2.obj
 0005:00000280       _2il0floatpacket$34        0000000140061280     LIBCMT:svml_dcos2_sse2.obj
 0005:00000290       _2il0floatpacket$35        0000000140061290     LIBCMT:svml_dcos2_sse2.obj
 0005:000002a0       _2il0floatpacket$36        00000001400612a0     LIBCMT:svml_dcos2_sse2.obj
 0005:000002b0       _2il0floatpacket$37        00000001400612b0     LIBCMT:svml_dcos2_sse2.obj
 0005:000002c0       _2il0floatpacket$38        00000001400612c0     LIBCMT:svml_dcos2_sse2.obj
 0005:000002d0       _2il0floatpacket$39        00000001400612d0     LIBCMT:svml_dcos2_sse2.obj
 0005:000002e0       _2il0floatpacket$40        00000001400612e0     LIBCMT:svml_dcos2_sse2.obj
 0005:000002f0       _2il0floatpacket$41        00000001400612f0     LIBCMT:svml_dcos2_sse2.obj
 0005:00000300       _2il0floatpacket$42        0000000140061300     LIBCMT:svml_dcos2_sse2.obj
 0005:00000310       _2il0floatpacket$43        0000000140061310     LIBCMT:svml_dcos2_sse2.obj
 0005:00000400       _2il0floatpacket$26        0000000140061400     LIBCMT:svml_dcos2_sse4.obj
 0005:00000410       _2il0floatpacket$27        0000000140061410     LIBCMT:svml_dcos2_sse4.obj
 0005:00000420       _2il0floatpacket$28        0000000140061420     LIBCMT:svml_dcos2_sse4.obj
 0005:00000430       _2il0floatpacket$29        0000000140061430     LIBCMT:svml_dcos2_sse4.obj
 0005:00000440       _2il0floatpacket$30        0000000140061440     LIBCMT:svml_dcos2_sse4.obj
 0005:00000450       _2il0floatpacket$31        0000000140061450     LIBCMT:svml_dcos2_sse4.obj
 0005:00000460       _2il0floatpacket$32        0000000140061460     LIBCMT:svml_dcos2_sse4.obj
 0005:00000470       _2il0floatpacket$33        0000000140061470     LIBCMT:svml_dcos2_sse4.obj
 0005:00000480       _2il0floatpacket$34        0000000140061480     LIBCMT:svml_dcos2_sse4.obj
 0005:00000490       _2il0floatpacket$35        0000000140061490     LIBCMT:svml_dcos2_sse4.obj
 0005:000004a0       _2il0floatpacket$36        00000001400614a0     LIBCMT:svml_dcos2_sse4.obj
 0005:000004b0       _2il0floatpacket$37        00000001400614b0     LIBCMT:svml_dcos2_sse4.obj
 0005:000004c0       _2il0floatpacket$38        00000001400614c0     LIBCMT:svml_dcos2_sse4.obj
 0005:000004d0       _2il0floatpacket$39        00000001400614d0     LIBCMT:svml_dcos2_sse4.obj
 0005:000004e0       _2il0floatpacket$40        00000001400614e0     LIBCMT:svml_dcos2_sse4.obj
 0005:000004f0       _2il0floatpacket$41        00000001400614f0     LIBCMT:svml_dcos2_sse4.obj
 0005:00000500       _2il0floatpacket$42        0000000140061500     LIBCMT:svml_dcos2_sse4.obj
 0005:00000510       _2il0floatpacket$43        0000000140061510     LIBCMT:svml_dcos2_sse4.obj
 0005:00002700       _vmlsSinHATab              0000000140063700     LIBCMT:svml_s_sin_cout.obj
 0005:00013500       _vmldCosHATab              0000000140074500     LIBCMT:svml_d_cos_cout.obj
 0006:00000060       $R000000                   0000000140075060     * linker generated manifest res *
