 VS17

 Timestamp is 641fc947 (Sun Mar 26 06:25:43 2023)

 Preferred load address is 0000000140000000

 Start         Length     Name                   Class
 0001:00000000 00000020H .text$di                CODE
 0001:00000020 00038330H .text$mn                CODE
 0001:00038350 00000040H .text$mn$00             CODE
 0001:00038390 000006d0H .text$x                 CODE
 0001:00038a60 000000d9H .text$yd                CODE
 0002:00000000 00000538H .idata$5                DATA
 0002:00000538 00000028H .00cfg                  DATA
 0002:00000560 00000008H .CRT$XCA                DATA
 0002:00000568 00000008H .CRT$XCAA               DATA
 0002:00000570 00000010H .CRT$XCU                DATA
 0002:00000580 00000008H .CRT$XCZ                DATA
 0002:00000588 00000008H .CRT$XIA                DATA
 0002:00000590 00000008H .CRT$XIAA               DATA
 0002:00000598 00000008H .CRT$XIAC               DATA
 0002:000005a0 00000028H .CRT$XIC                DATA
 0002:000005c8 00000008H .CRT$XIZ                DATA
 0002:000005d0 00000008H .CRT$XPA                DATA
 0002:000005d8 00000010H .CRT$XPX                DATA
 0002:000005e8 00000008H .CRT$XPXA               DATA
 0002:000005f0 00000008H .CRT$XPZ                DATA
 0002:000005f8 00000008H .CRT$XTA                DATA
 0002:00000600 00000010H .CRT$XTZ                DATA
 0002:00000608 00000000H .gehcont$y              DATA
 0002:00000608 00000000H .gfids$y                DATA
 0002:00000610 0000d2f0H .rdata                  DATA
 0002:0000d900 00000000H .rdata$CastGuardVftablesA DATA
 0002:0000d900 00000000H .rdata$CastGuardVftablesC DATA
 0002:0000d900 000006fcH .rdata$r                DATA
 0002:0000dffc 000002f4H .rdata$voltmd           DATA
 0002:0000e2f0 000003b0H .rdata$zzzdbg           DATA
 0002:0000e6a0 00000008H .rtc$IAA                DATA
 0002:0000e6a8 00000008H .rtc$IZZ                DATA
 0002:0000e6b0 00000008H .rtc$TAA                DATA
 0002:0000e6b8 00000008H .rtc$TZZ                DATA
 0002:0000e6c0 00002e88H .xdata                  DATA
 0002:00011548 00000314H .xdata$x                DATA
 0002:0001185c 00000000H .edata                  DATA
 0002:0001185c 0000008cH .idata$2                DATA
 0002:000118e8 00000018H .idata$3                DATA
 0002:00011900 00000538H .idata$4                DATA
 0002:00011e38 00000bd2H .idata$6                DATA
 0003:00000000 00000ca0H .data                   DATA
 0003:00000ca0 000001a8H .data$r                 DATA
 0003:00000e48 000000c8H .data$rs                DATA
 0003:00000f10 0000fc40H .bss                    DATA
 0004:00000000 0000288cH .pdata                  DATA
 0005:00000000 00013510H _RDATA                  DATA
 0006:00000000 00000060H .rsrc$01                DATA
 0006:00000060 00000180H .rsrc$02                DATA

  Address         Publics by Value              Rva+Base               Lib:Object

 0000:00000000       __x64_code_ranges_to_entry_points_count 0000000000000000     <absolute>
 0000:00000000       __guard_longjmp_table      0000000000000000     <absolute>
 0000:00000000       __guard_iat_table          0000000000000000     <absolute>
 0000:00000000       __x64_code_ranges_to_entry_points 0000000000000000     <absolute>
 0000:00000000       __guard_fids_count         0000000000000000     <absolute>
 0000:00000000       __guard_iat_count          0000000000000000     <absolute>
 0000:00000000       __guard_longjmp_count      0000000000000000     <absolute>
 0000:00000000       __arm64x_extra_rfe_table   0000000000000000     <absolute>
 0000:00000000       __dynamic_value_reloc_table 0000000000000000     <absolute>
 0000:00000000       __hybrid_auxiliary_iat     0000000000000000     <absolute>
 0000:00000000       __hybrid_auxiliary_iat_copy 0000000000000000     <absolute>
 0000:00000000       __hybrid_code_map          0000000000000000     <absolute>
 0000:00000000       __arm64x_extra_rfe_table_size 0000000000000000     <absolute>
 0000:00000000       __arm64x_redirection_metadata 0000000000000000     <absolute>
 0000:00000000       __AbsoluteZero             0000000000000000     <absolute>
 0000:00000000       __guard_check_icall_a64n_fptr 0000000000000000     <absolute>
 0000:00000000       __guard_fids_table         0000000000000000     <absolute>
 0000:00000000       __guard_eh_cont_count      0000000000000000     <absolute>
 0000:00000000       __arm64x_redirection_metadata_count 0000000000000000     <absolute>
 0000:00000000       __enclave_config           0000000000000000     <absolute>
 0000:00000000       __guard_eh_cont_table      0000000000000000     <absolute>
 0000:00000000       __arm64x_native_entrypoint 0000000000000000     <absolute>
 0000:00000000       __hybrid_code_map_count    0000000000000000     <absolute>
 0000:00000100       __guard_flags              0000000000000100     <absolute>
 0000:00000000       __ImageBase                0000000140000000     <linker-defined>
 0001:00000020       __local_stdio_printf_options 0000000140001020 f i device.obj
 0001:00000030       fprintf                    0000000140001030 f i device.obj
 0001:00000080       snprintf                   0000000140001080 f i device.obj
 0001:000002d0       sync_save_tracks           00000001400012d0 f   device.obj
 0001:00000890       sync_tcp_connect           0000000140001890 f   device.obj
 0001:00000ad0       sync_update                0000000140001ad0 f   device.obj
 0001:00000d40       sync_get_track             0000000140001d40 f   device.obj
 0001:00000f40       sync_get_val               0000000140001f40 f   track.obj
 0001:00001140       ??0Vector3@@QEAA@MMM@Z     0000000140002140 f i Matrix44.obj
 0001:00001160       ??GVector3@@QEBA?BV0@AEBV0@@Z 0000000140002160 f i Matrix44.obj
 0001:000011a0       ??DVector3@@QEBA?BMAEBV0@@Z 00000001400021a0 f i Matrix44.obj
 0001:000011d0       ??DVector3@@QEBA?BV0@M@Z   00000001400021d0 f i Matrix44.obj
 0001:00001200       ??XVector3@@QEAAAEAV0@M@Z  0000000140002200 f i Matrix44.obj
 0001:00001230       ?Normalized@Vector3@@QEBA?BV1@XZ 0000000140002230 f i Matrix44.obj
 0001:000012a0       ??0Vector4@@QEAA@MMMM@Z    00000001400022a0 f i Matrix44.obj
 0001:000012c0       ??0exception@std@@QEAA@AEBV01@@Z 00000001400022c0 f i audio.obj
 0001:00001300       ?what@exception@std@@UEBAPEBDXZ 0000000140002300 f i audio.obj
 0001:00001320       ??_Ebad_alloc@std@@UEAAPEAXI@Z 0000000140002320 f i * CIL library *:* CIL module *
 0001:00001320       ??_Elength_error@std@@UEAAPEAXI@Z 0000000140002320 f i libcpmt:xthrow.obj
 0001:00001320       ??_Eruntime_error@std@@UEAAPEAXI@Z 0000000140002320 f i * CIL library *:* CIL module *
 0001:00001320       ??_Gexception@std@@UEAAPEAXI@Z 0000000140002320 f i audio.obj
 0001:00001320       ??_Gbad_exception@std@@UEAAPEAXI@Z 0000000140002320 f i libvcruntime:frame.obj
 0001:00001320       ??_Glogic_error@std@@UEAAPEAXI@Z 0000000140002320 f i libcpmt:xthrow.obj
 0001:00001320       ??_Gruntime_error@std@@UEAAPEAXI@Z 0000000140002320 f i main.obj
 0001:00001320       ??_Elogic_error@std@@UEAAPEAXI@Z 0000000140002320 f i libcpmt:xthrow.obj
 0001:00001320       ??_Glength_error@std@@UEAAPEAXI@Z 0000000140002320 f i libcpmt:xthrow.obj
 0001:00001320       ??_Gbad_array_new_length@std@@UEAAPEAXI@Z 0000000140002320 f i audio.obj
 0001:00001320       ??_Gbad_alloc@std@@UEAAPEAXI@Z 0000000140002320 f i audio.obj
 0001:00001320       ??_Ebad_array_new_length@std@@UEAAPEAXI@Z 0000000140002320 f i * CIL library *:* CIL module *
 0001:00001320       ??_Eexception@std@@UEAAPEAXI@Z 0000000140002320 f i * CIL library *:* CIL module *
 0001:00001320       ??_Ebad_exception@std@@UEAAPEAXI@Z 0000000140002320 f i libvcruntime:frame.obj
 0001:00001370       ??1system_error@std@@UEAA@XZ 0000000140002370 f i main.obj
 0001:00001370       ??1length_error@std@@UEAA@XZ 0000000140002370 f i libcpmt:xthrow.obj
 0001:00001370       ??1bad_exception@std@@UEAA@XZ 0000000140002370 f i libvcruntime:frame.obj
 0001:00001370       ??1bad_alloc@std@@UEAA@XZ  0000000140002370 f i audio.obj
 0001:00001370       ??1bad_array_new_length@std@@UEAA@XZ 0000000140002370 f i audio.obj
 0001:00001390       ??0bad_array_new_length@std@@QEAA@XZ 0000000140002390 f i audio.obj
 0001:000013c0       ?_Throw_bad_array_new_length@std@@YAXXZ 00000001400023c0 f i audio.obj
 0001:000013c0       ?__scrt_throw_std_bad_array_new_length@@YAXXZ 00000001400023c0 f i LIBCMT:throw_bad_alloc.obj
 0001:000013e0       ??0bad_array_new_length@std@@QEAA@AEBV01@@Z 00000001400023e0 f i audio.obj
 0001:00001420       ??0bad_alloc@std@@QEAA@AEBV01@@Z 0000000140002420 f i audio.obj
 0001:00001460       ?_Xlen_string@std@@YAXXZ   0000000140002460 f i audio.obj
 0001:00001480       ?Audio_Create@@YA_NIAEBV?$basic_string@DU?$char_traits@D@std@@V?$allocator@D@2@@std@@PEAUHWND__@@_N@Z 0000000140002480 f   audio.obj
 0001:000017d0       ?Audio_Rocket_Pause@@YAXPEAXH@Z 00000001400027d0 f   audio.obj
 0001:000017f0       ?Audio_Rocket_SetRow@@YAXPEAXH@Z 00000001400027f0 f   audio.obj
 0001:00001830       ?Audio_Rocket_IsPlaying@@YAHPEAX@Z 0000000140002830 f   audio.obj
 0001:00001840       ??1?$basic_string@DU?$char_traits@D@std@@V?$allocator@D@2@@std@@QEAA@XZ 0000000140002840 f i audio.obj
 0001:000018a0       ??0?$basic_string@DU?$char_traits@D@std@@V?$allocator@D@2@@std@@QEAA@QEBD@Z 00000001400028a0 f i audio.obj
 0001:000018e0       ?assign@?$basic_string@DU?$char_traits@D@std@@V?$allocator@D@2@@std@@QEAAAEAV12@QEBD_K@Z 00000001400028e0 f i audio.obj
 0001:00002940       ?Ball_Create@@YA_NXZ       0000000140003940 f   ball.obj
 0001:00003040       ?Ball_Draw@@YAXPEAIMM@Z    0000000140004040 f   ball.obj
 0001:000033b0       ?HorizontalBoxBlur32@@YAXPEAIPEBIIIM@Z 00000001400043b0 f   boxblur.obj
 0001:00003540       ?VerticalBoxBlur32@@YAXPEAIPEBIIIM@Z 0000000140004540 f   boxblur.obj
 0001:000036c0       ?Fx_Blit_2x2@@YAXPEAI0@Z   00000001400046c0 f   fx-blitter.obj
 0001:00003730       tinymt32_init              0000000140004730 f   random.obj
 0001:00003a10       ?Shadertoy_Create@@YA_NXZ  0000000140004a10 f   shadertoy.obj
 0001:00004cb0       ?Spikey_Draw@@YAXPEAIMM_N@Z 0000000140005cb0 f   shadertoy.obj
 0001:000053b0       ?RenderLaura_2x2@@YAXPEAIM@Z 00000001400063b0 f   shadertoy.obj
 0001:000055a0       ?Demo_Create@@YA_NXZ       00000001400065a0 f   demo.obj
 0001:00006d90       ?Demo_Draw@@YA_NPEAIMM@Z   0000000140007d90 f   demo.obj
 0001:000081d0       ?Open@Display@@QEAA_NAEBV?$basic_string@DU?$char_traits@D@std@@V?$allocator@D@2@@std@@II_N@Z 00000001400091d0 f   display.obj
 0001:000084c0       ?Gamepad_Update@@YA_NAEAUPadState@@@Z 00000001400094c0 f   gamepad.obj
 0001:000089d0       ?Image_Load32@@YAPEAIAEBV?$basic_string@DU?$char_traits@D@std@@V?$allocator@D@2@@std@@@Z 00000001400099d0 f   image.obj
 0001:000089e0       ?deallocate@?$allocator@PEAX@std@@QEAAXQEAPEAX_K@Z 00000001400099e0 f i image.obj
 0001:00008a30       ??$_Emplace_reallocate@AEBQEAX@?$vector@PEAXV?$allocator@PEAX@std@@@std@@QEAAPEAPEAXQEAPEAXAEBQEAX@Z 0000000140009a30 f i image.obj
 0001:00008c20       ?_Xlength@?$vector@PEAXV?$allocator@PEAX@std@@@std@@CAXXZ 0000000140009c20 f i image.obj
 0001:00009210       ?Landscape_Create@@YA_NXZ  000000014000a210 f   landscape.obj
 0001:00009470       ??0runtime_error@std@@QEAA@AEBV01@@Z 000000014000a470 f i main.obj
 0001:000094b0       ?default_error_condition@error_category@std@@UEBA?AVerror_condition@2@H@Z 000000014000a4b0 f i main.obj
 0001:000094c0       ?equivalent@error_category@std@@UEBA_NHAEBVerror_condition@2@@Z 000000014000a4c0 f i main.obj
 0001:00009500       ?equivalent@error_category@std@@UEBA_NAEBVerror_code@2@H@Z 000000014000a500 f i main.obj
 0001:00009520       ?make_error_code@std@@YA?AVerror_code@1@W4errc@1@@Z 000000014000a520 f i main.obj
 0001:00009540       ??0_System_error@std@@IEAA@Verror_code@1@AEBV?$basic_string@DU?$char_traits@D@std@@V?$allocator@D@2@@1@@Z 000000014000a540 f i main.obj
 0001:000096e0       ??_G_System_error@std@@UEAAPEAXI@Z 000000014000a6e0 f i main.obj
 0001:000096e0       ??_E_System_error@std@@UEAAPEAXI@Z 000000014000a6e0 f i * CIL library *:* CIL module *
 0001:000096e0       ??_Gsystem_error@std@@UEAAPEAXI@Z 000000014000a6e0 f i main.obj
 0001:000096e0       ??_Esystem_error@std@@UEAAPEAXI@Z 000000014000a6e0 f i * CIL library *:* CIL module *
 0001:00009730       ??0system_error@std@@QEAA@Verror_code@1@@Z 000000014000a730 f i main.obj
 0001:000097e0       ?_Throw_system_error@std@@YAXW4errc@1@@Z 000000014000a7e0 f i main.obj
 0001:00009820       ??0system_error@std@@QEAA@AEBV01@@Z 000000014000a820 f i main.obj
 0001:00009880       ??0_System_error@std@@QEAA@AEBV01@@Z 000000014000a880 f i main.obj
 0001:000098d0       ?name@_Generic_error_category@std@@UEBAPEBDXZ 000000014000a8d0 f i main.obj
 0001:000098e0       ?message@_Generic_error_category@std@@UEBA?AV?$basic_string@DU?$char_traits@D@std@@V?$allocator@D@2@@2@H@Z 000000014000a8e0 f i main.obj
 0001:00009930       ??_G_Generic_error_category@std@@UEAAPEAXI@Z 000000014000a930 f i main.obj
 0001:00009930       ??_E_System_error_category@std@@UEAAPEAXI@Z 000000014000a930 f i * CIL library *:* CIL module *
 0001:00009930       ??_G_System_error_category@std@@UEAAPEAXI@Z 000000014000a930 f i main.obj
 0001:00009930       ??_E_Generic_error_category@std@@UEAAPEAXI@Z 000000014000a930 f i * CIL library *:* CIL module *
 0001:00009960       ?name@_System_error_category@std@@UEBAPEBDXZ 000000014000a960 f i main.obj
 0001:00009970       ?message@_System_error_category@std@@UEBA?AV?$basic_string@DU?$char_traits@D@std@@V?$allocator@D@2@@2@H@Z 000000014000a970 f i main.obj
 0001:000099e0       ?default_error_condition@_System_error_category@std@@UEBA?AVerror_condition@2@H@Z 000000014000a9e0 f i main.obj
 0001:00009a40       ?_Make_ec@filesystem@std@@YA?AVerror_code@2@W4__std_win_error@@@Z 000000014000aa40 f i main.obj
 0001:00009a60       ?_Throw_system_error_from_std_win_error@filesystem@std@@YAXW4__std_win_error@@@Z 000000014000aa60 f i main.obj
 0001:00009aa0       ??0path@filesystem@std@@QEAA@AEBV012@@Z 000000014000aaa0 f i main.obj
 0001:00009ba0       ??0filesystem_error@filesystem@std@@QEAA@AEBV?$basic_string@DU?$char_traits@D@std@@V?$allocator@D@2@@2@AEBVpath@12@Verror_code@2@@Z 000000014000aba0 f i main.obj
 0001:00009cc0       ?what@filesystem_error@filesystem@std@@UEBAPEBDXZ 000000014000acc0 f i main.obj
 0001:00009cd0       ?_Pretty_message@filesystem_error@filesystem@std@@CA?AV?$basic_string@DU?$char_traits@D@std@@V?$allocator@D@2@@3@V?$basic_string_view@DU?$char_traits@D@std@@@3@AEBVpath@23@1@Z 000000014000acd0 f i main.obj
 0001:00009f00       ??_Efilesystem_error@filesystem@std@@UEAAPEAXI@Z 000000014000af00 f i * CIL library *:* CIL module *
 0001:00009f00       ??_Gfilesystem_error@filesystem@std@@UEAAPEAXI@Z 000000014000af00 f i main.obj
 0001:0000a050       ??1filesystem_error@filesystem@std@@UEAA@XZ 000000014000b050 f i main.obj
 0001:0000a170       ??0filesystem_error@filesystem@std@@QEAA@AEBV012@@Z 000000014000b170 f i main.obj
 0001:0000a1f0       ?_Throw_fs_error@filesystem@std@@YAXPEBDW4__std_win_error@@AEBVpath@12@@Z 000000014000b1f0 f i main.obj
 0001:0000a260       WinMain                    000000014000b260 f   main.obj
 0001:0000ac40       ??0?$basic_string@DU?$char_traits@D@std@@V?$allocator@D@2@@std@@QEAA@AEBV01@@Z 000000014000bc40 f i main.obj
 0001:0000ad20       ?append@?$basic_string@DU?$char_traits@D@std@@V?$allocator@D@2@@std@@QEAAAEAV12@QEBD_K@Z 000000014000bd20 f i main.obj
 0001:0000ada0       ??$_Convert_wide_to_narrow_replace_chars@U?$char_traits@D@std@@V?$allocator@D@2@@filesystem@std@@YA?AV?$basic_string@DU?$char_traits@D@std@@V?$allocator@D@2@@1@W4__std_code_page@@V?$basic_string_view@_WU?$char_traits@_W@std@@@1@AEBV?$allocator@D@1@@Z 000000014000bda0 f i main.obj
 0001:0000aef0       ??$_Reallocate_grow_by@V<lambda_1>@?1??reserve@?$basic_string@DU?$char_traits@D@std@@V?$allocator@D@2@@std@@QEAAX_K@Z@$$V@?$basic_string@DU?$char_traits@D@std@@V?$allocator@D@2@@std@@AEAAAEAV01@_KV<lambda_1>@?1??reserve@01@QEAAX0@Z@@Z 000000014000bef0 f i main.obj
 0001:0000b040       ??$_Reallocate_grow_by@V<lambda_1>@?1??append@?$basic_string@_WU?$char_traits@_W@std@@V?$allocator@_W@2@@std@@QEAAAEAV34@_K_W@Z@_K_W@?$basic_string@_WU?$char_traits@_W@std@@V?$allocator@_W@2@@std@@AEAAAEAV01@_KV<lambda_1>@?1??append@01@QEAAAEAV01@0_W@Z@_K_W@Z 000000014000c040 f i main.obj
 0001:0000b1f0       ??$_Reallocate_grow_by@V<lambda_1>@?1??push_back@?$basic_string@DU?$char_traits@D@std@@V?$allocator@D@2@@std@@QEAAXD@Z@D@?$basic_string@DU?$char_traits@D@std@@V?$allocator@D@2@@std@@AEAAAEAV01@_KV<lambda_1>@?1??push_back@01@QEAAXD@Z@D@Z 000000014000c1f0 f i main.obj
 0001:0000b360       ??$_Reallocate_grow_by@V<lambda_1>@?1??append@?$basic_string@DU?$char_traits@D@std@@V?$allocator@D@2@@std@@QEAAAEAV34@QEBD_K@Z@PEBD_K@?$basic_string@DU?$char_traits@D@std@@V?$allocator@D@2@@std@@AEAAAEAV01@_KV<lambda_1>@?1??append@01@QEAAAEAV01@QEBD0@Z@PEBD_K@Z 000000014000c360 f i main.obj
 0001:0000b4e0       ??$_Reallocate_grow_by@V<lambda_1>@?1??append@?$basic_string@DU?$char_traits@D@std@@V?$allocator@D@2@@std@@QEAAAEAV34@_KD@Z@_KD@?$basic_string@DU?$char_traits@D@std@@V?$allocator@D@2@@std@@AEAAAEAV01@_KV<lambda_1>@?1??append@01@QEAAAEAV01@0D@Z@_KD@Z 000000014000c4e0 f i main.obj
 0001:0000b910       ?Polar_Blit@@YAXPEAIPEBI_N@Z 000000014000c910 f   polar.obj
 0001:0000b950       ?Polar_BlitA@@YAXPEAIPEBI_N@Z 000000014000c950 f   polar.obj
 0001:0000b980       ?Shared_Create@@YA_NXZ     000000014000c980 f   shared-resources.obj
 0001:0000bf30       ?Twister_Create@@YA_NXZ    000000014000cf30 f   torus-twister.obj
 0001:0000c650       ?Tunnelscape_Create@@YA_NXZ 000000014000d650 f   tunnelscape.obj
 0001:0000c8b0       ?Mix32@@YAXPEAIPEBIIE@Z    000000014000d8b0 f   util.obj
 0001:0000c920       ?Add32@@YAXPEAIPEBII@Z     000000014000d920 f   util.obj
 0001:0000c970       ?MixOver32@@YAXPEAIPEBII@Z 000000014000d970 f   util.obj
 0001:0000c9b0       ?Sub32@@YAXPEAIPEBII@Z     000000014000d9b0 f   util.obj
 0001:0000ca00       ?Excl32@@YAXPEAIPEBII@Z    000000014000da00 f   util.obj
 0001:0000ca40       ?SoftLight32@@YAXPEAIPEBII@Z 000000014000da40 f   util.obj
 0001:0000ca80       ?SoftLight32A@@YAXPEAIPEBII@Z 000000014000da80 f   util.obj
 0001:0000cac0       ?SoftLight32AA@@YAXPEAIPEBIIM@Z 000000014000dac0 f   util.obj
 0001:0000cb40       ?Overlay32@@YAXPEAIPEBII@Z 000000014000db40 f   util.obj
 0001:0000cb80       ?Overlay32A@@YAXPEAIPEBII@Z 000000014000db80 f   util.obj
 0001:0000cbc0       ?Darken32_50@@YAXPEAIPEBII@Z 000000014000dbc0 f   util.obj
 0001:0000cc00       ?TapeWarp32@@YAXPEAIPEBIIIMM@Z 000000014000dc00 f   util.obj
 0001:0000cc60       ?MulSrc32@@YAXPEAIPEBII@Z  000000014000dc60 f   util.obj
 0001:0000ccb0       ?MulSrc32A@@YAXPEAIPEBII@Z 000000014000dcb0 f   util.obj
 0001:0000cd00       ?MixSrc32@@YAXPEAIPEBII@Z  000000014000dd00 f   util.obj
 0001:0000cd50       ?BlitSrc32@@YAXPEAIPEBIIII@Z 000000014000dd50 f   util.obj
 0001:0000cdd0       ?BlitSrc32A@@YAXPEAIPEBIIIIM@Z 000000014000ddd0 f   util.obj
 0001:0000ce70       ?BlitAdd32A@@YAXPEAIPEBIIIIM@Z 000000014000de70 f   util.obj
 0001:0000cf00       ?Fade32@@YAXPEAIIIE@Z      000000014000df00 f   util.obj
 0001:0000cf80       ??2@YAPEAX_K@Z             000000014000df80 f   LIBCMT:new_scalar.obj
 0001:0000cfbc       ??3@YAXPEAX@Z              000000014000dfbc f   LIBCMT:delete_scalar.obj
 0001:0000cfc4       ??3@YAXPEAX_K@Z            000000014000dfc4 f   LIBCMT:delete_scalar_size.obj
 0001:0000cfcc       ??_Gtype_info@@UEAAPEAXI@Z 000000014000dfcc f i LIBCMT:std_type_info_static.obj
 0001:0000cfcc       ??_Etype_info@@UEAAPEAXI@Z 000000014000dfcc f i LIBCMT:std_type_info_static.obj
 0001:0000cff8       __scrt_acquire_startup_lock 000000014000dff8 f   LIBCMT:utility.obj
 0001:0000d034       __scrt_initialize_crt      000000014000e034 f   LIBCMT:utility.obj
 0001:0000d080       __scrt_initialize_onexit_tables 000000014000e080 f   LIBCMT:utility.obj
 0001:0000d10c       __scrt_is_nonwritable_in_current_image 000000014000e10c f   LIBCMT:utility.obj
 0001:0000d1a4       __scrt_release_startup_lock 000000014000e1a4 f   LIBCMT:utility.obj
 0001:0000d1c8       __scrt_uninitialize_crt    000000014000e1c8 f   LIBCMT:utility.obj
 0001:0000d1f4       _onexit                    000000014000e1f4 f   LIBCMT:utility.obj
 0001:0000d230       atexit                     000000014000e230 f   LIBCMT:utility.obj
 0001:0000d4a0       WinMainCRTStartup          000000014000e4a0 f   LIBCMT:exe_winmain.obj
 0001:0000d4b4       ??0bad_alloc@std@@QEAA@XZ  000000014000e4b4 f i LIBCMT:throw_bad_alloc.obj
 0001:0000d4d4       ?__scrt_throw_std_bad_alloc@@YAXXZ 000000014000e4d4 f   LIBCMT:throw_bad_alloc.obj
 0001:0000d4f4       __isa_available_init       000000014000e4f4 f   LIBCMT:cpu_disp.obj
 0001:0000d698       _get_startup_argv_mode     000000014000e698 f   LIBCMT:argv_mode.obj
 0001:0000d6a0       __scrt_is_ucrt_dll_in_use  000000014000e6a0 f   LIBCMT:ucrt_detection.obj
 0001:0000d6ac       __crt_debugger_hook        000000014000e6ac f   LIBCMT:utility_desktop.obj
 0001:0000d6b4       __scrt_fastfail            000000014000e6b4 f   LIBCMT:utility_desktop.obj
 0001:0000d800       __scrt_get_show_window_mode 000000014000e800 f   LIBCMT:utility_desktop.obj
 0001:0000d83c       __scrt_initialize_mta      000000014000e83c f   LIBCMT:utility_desktop.obj
 0001:0000d844       _get_startup_commit_mode   000000014000e844 f   LIBCMT:commit_mode.obj
 0001:0000d844       _get_startup_new_mode      000000014000e844 f   LIBCMT:new_mode.obj
 0001:0000d844       _get_startup_thread_locale_mode 000000014000e844 f   LIBCMT:thread_locale.obj
 0001:0000d844       __scrt_stub_for_initialize_mta 000000014000e844 f   LIBCMT:utility_desktop.obj
 0001:0000d844       __scrt_exe_initialize_mta  000000014000e844 f   LIBCMT:utility_desktop.obj
 0001:0000d844       __scrt_initialize_winrt    000000014000e844 f   LIBCMT:utility_desktop.obj
 0001:0000d844       _matherr                   000000014000e844 f   LIBCMT:matherr.obj
 0001:0000d848       __scrt_is_managed_app      000000014000e848 f   LIBCMT:utility_desktop.obj
 0001:0000d89c       __scrt_set_unhandled_exception_filter 000000014000e89c f   LIBCMT:utility_desktop.obj
 0001:0000d8ac       __scrt_unhandled_exception_filter 000000014000e8ac f   LIBCMT:utility_desktop.obj
 0001:0000d908       _guard_check_icall_nop     000000014000e908 f i LIBCMT:guard_support.obj
 0001:0000d908       _initialize_invalid_parameter_handler 000000014000e908 f i LIBCMT:invalid_parameter_handler.obj
 0001:0000d908       _initialize_denormal_control 000000014000e908 f i LIBCMT:denormal_control.obj
 0001:0000d90c       __security_init_cookie     000000014000e90c f   LIBCMT:gs_support.obj
 0001:0000d9b8       _get_startup_file_mode     000000014000e9b8 f   LIBCMT:file_mode.obj
 0001:0000d9c0       ?__scrt_initialize_type_info@@YAXXZ 000000014000e9c0 f   LIBCMT:tncleanup.obj
 0001:0000d9d0       __acrt_uninitialize_command_line 000000014000e9d0 f   libucrt:argv_data.obj
 0001:0000d9d0       _should_initialize_environment 000000014000e9d0 f   LIBCMT:env_mode.obj
 0001:0000d9d4       __local_stdio_scanf_options 000000014000e9d4 f i LIBCMT:default_local_stdio_options.obj
 0001:0000d9dc       __scrt_initialize_default_local_stdio_options 000000014000e9dc f   LIBCMT:default_local_stdio_options.obj
 0001:0000d9f8       __scrt_is_user_matherr_present 000000014000e9f8 f   LIBCMT:matherr_detection.obj
 0001:0000da04       __scrt_get_dyn_tls_init_callback 000000014000ea04 f   LIBCMT:dyn_tls_init.obj
 0001:0000da0c       __scrt_get_dyn_tls_dtor_callback 000000014000ea0c f   LIBCMT:dyn_tls_dtor.obj
 0001:0000da14       _RTC_Initialize            000000014000ea14 f   LIBCMT:initsect.obj
 0001:0000da50       _RTC_Terminate             000000014000ea50 f   LIBCMT:initsect.obj
 0001:0000da90       ??0length_error@std@@QEAA@AEBV01@@Z 000000014000ea90 f i libcpmt:xthrow.obj
 0001:0000dacc       ??0length_error@std@@QEAA@PEBD@Z 000000014000eacc f i libcpmt:xthrow.obj
 0001:0000db14       ??0logic_error@std@@QEAA@AEBV01@@Z 000000014000eb14 f i libcpmt:xthrow.obj
 0001:0000db50       ?_Xlength_error@std@@YAXPEBD@Z 000000014000eb50 f   libcpmt:xthrow.obj
 0001:0000db74       __std_system_error_allocate_message 000000014000eb74 f   libcpmt:syserror_import_lib.obj
 0001:0000dbd4       __std_system_error_deallocate_message 000000014000ebd4 f   libcpmt:syserror_import_lib.obj
 0001:0000dbdc       __std_fs_code_page         000000014000ebdc f   libcpmt:filesystem.obj
 0001:0000dc04       __std_fs_convert_narrow_to_wide 000000014000ec04 f   libcpmt:filesystem.obj
 0001:0000dc4c       __std_fs_convert_wide_to_narrow_replace_chars 000000014000ec4c f   libcpmt:filesystem.obj
 0001:0000dd18       __std_fs_set_current_path  000000014000ed18 f   libcpmt:filesystem.obj
 0001:0000dd38       ?_Syserror_map@std@@YAPEBDH@Z 000000014000ed38 f   libcpmt:syserror.obj
 0001:0000dd60       ?_Winerror_map@std@@YAHH@Z 000000014000ed60 f   libcpmt:syserror.obj
 0001:0000dd84       strchr                     000000014000ed84 f   libvcruntime:strchr.obj
 0001:0000de04       __std_exception_copy       000000014000ee04 f   libvcruntime:std_exception.obj
 0001:0000de94       __std_exception_destroy    000000014000ee94 f   libvcruntime:std_exception.obj
 0001:0000debc       __vcrt_initialize          000000014000eebc f   libvcruntime:initialization.obj
 0001:0000dee4       __vcrt_uninitialize        000000014000eee4 f   libvcruntime:initialization.obj
 0001:0000df00       __C_specific_handler       000000014000ef00 f   libvcruntime:riscchandler.obj
 0001:0000e10c       _CxxThrowException         000000014000f10c f   libvcruntime:throw.obj
 0001:0000e1ac       __DestructExceptionObject  000000014000f1ac f   libvcruntime:ehhelpers.obj
 0001:0000e21c       ?_CallMemberFunction0@@YAXQEAX0@Z 000000014000f21c f i libvcruntime:ehhelpers.obj
 0001:0000e220       _IsExceptionObjectToBeDestroyed 000000014000f220 f   libvcruntime:ehhelpers.obj
 0001:0000e250       __AdjustPointer            000000014000f250 f   libvcruntime:ehhelpers.obj
 0001:0000e274       __FrameUnwindFilter        000000014000f274 f   libvcruntime:ehhelpers.obj
 0001:0000e2dc       __current_exception        000000014000f2dc f   libvcruntime:ehhelpers.obj
 0001:0000e2f0       __current_exception_context 000000014000f2f0 f   libvcruntime:ehhelpers.obj
 0001:0000e304       __std_terminate            000000014000f304 f   libvcruntime:ehhelpers.obj
 0001:0000e320       memset_repmovs             000000014000f320 f   libvcruntime:memset.obj
 0001:0000e340       memset                     000000014000f340 f   libvcruntime:memset.obj
 0001:0000e4d0       __std_type_info_compare    000000014000f4d0 f   libvcruntime:std_type_info.obj
 0001:0000e4f8       __vcrt_freefls             000000014000f4f8 f   libvcruntime:per_thread_data.obj
 0001:0000e518       __vcrt_getptd              000000014000f518 f   libvcruntime:per_thread_data.obj
 0001:0000e534       __vcrt_getptd_noexit       000000014000f534 f   libvcruntime:per_thread_data.obj
 0001:0000e5f4       __vcrt_initialize_ptd      000000014000f5f4 f   libvcruntime:per_thread_data.obj
 0001:0000e63c       __vcrt_uninitialize_ptd    000000014000f63c f   libvcruntime:per_thread_data.obj
 0001:0000e660       __vcrt_initialize_locks    000000014000f660 f   libvcruntime:locks.obj
 0001:0000e694       __vcrt_uninitialize_locks  000000014000f694 f   libvcruntime:locks.obj
 0001:0000e6e0       _NLG_Notify                000000014000f6e0 f   libvcruntime:notify.obj
 0001:0000e700       __NLG_Dispatch2            000000014000f700 f   libvcruntime:notify.obj
 0001:0000e710       __NLG_Return2              000000014000f710 f   libvcruntime:notify.obj
 0001:0000e714       __except_validate_context_record 000000014000f714 f   libvcruntime:jbcxrval.obj
 0001:0000e89c       __vcrt_FlsAlloc            000000014000f89c f   libvcruntime:winapi_downlevel.obj
 0001:0000e8e4       __vcrt_FlsFree             000000014000f8e4 f   libvcruntime:winapi_downlevel.obj
 0001:0000e92c       __vcrt_FlsGetValue         000000014000f92c f   libvcruntime:winapi_downlevel.obj
 0001:0000e974       __vcrt_FlsSetValue         000000014000f974 f   libvcruntime:winapi_downlevel.obj
 0001:0000e9c8       __vcrt_InitializeCriticalSectionEx 000000014000f9c8 f   libvcruntime:winapi_downlevel.obj
 0001:0000ea2c       ??$_CallSETranslator@V__FrameHandler3@@@@YAHPEAUEHExceptionRecord@@PEA_KPEAU_CONTEXT@@PEAU_xDISPATCHER_CONTEXT@@PEBU_s_FuncInfo@@K1H@Z 000000014000fa2c f i libvcruntime:risctrnsctrl.obj
 0001:0000ea80       ??$_CallSETranslator@V__FrameHandler4@@@@YAHPEAUEHExceptionRecord@@PEA_KPEAU_CONTEXT@@PEAU_xDISPATCHER_CONTEXT@@PEAUFuncInfo4@FH4@@K1H@Z 000000014000fa80 f i libvcruntime:risctrnsctrl.obj
 0001:0000ead4       ?CatchTryBlock@__FrameHandler3@@SAPEBU_s_TryBlockMapEntry@@PEBU_s_FuncInfo@@H@Z 000000014000fad4 f   libvcruntime:risctrnsctrl.obj
 0001:0000eb28       ?DecompFuncInfo@FH4@@YA_JPEAEAEAUFuncInfo4@1@_KH_N@Z 000000014000fb28 f i libvcruntime:risctrnsctrl.obj
 0001:0000ec4c       ?ExecutionInCatch@__FrameHandler3@@SA_NPEAU_xDISPATCHER_CONTEXT@@PEBU_s_FuncInfo@@@Z 000000014000fc4c f   libvcruntime:risctrnsctrl.obj
 0001:0000ec78       ?ExecutionInCatch@__FrameHandler4@@SA_NPEAU_xDISPATCHER_CONTEXT@@PEAUFuncInfo4@FH4@@@Z 000000014000fc78 f   libvcruntime:risctrnsctrl.obj
 0001:0000ec80       ?FrameUnwindToEmptyState@__FrameHandler3@@SAXPEA_KPEAU_xDISPATCHER_CONTEXT@@PEBU_s_FuncInfo@@@Z 000000014000fc80 f   libvcruntime:risctrnsctrl.obj
 0001:0000ece4       ?FrameUnwindToEmptyState@__FrameHandler4@@SAXPEA_KPEAU_xDISPATCHER_CONTEXT@@PEAUFuncInfo4@FH4@@@Z 000000014000fce4 f   libvcruntime:risctrnsctrl.obj
 0001:0000ed18       ?GetEstablisherFrame@__FrameHandler3@@SAPEA_KPEA_KPEAU_xDISPATCHER_CONTEXT@@PEBU_s_FuncInfo@@0@Z 000000014000fd18 f   libvcruntime:risctrnsctrl.obj
 0001:0000ede4       ?GetEstablisherFrame@__FrameHandler4@@SAPEA_KPEA_KPEAU_xDISPATCHER_CONTEXT@@PEAUFuncInfo4@FH4@@0@Z 000000014000fde4 f   libvcruntime:risctrnsctrl.obj
 0001:0000ee08       ?GetRangeOfTrysToCheck@__FrameHandler3@@SA?AU?$pair@Viterator@TryBlockMap@__FrameHandler3@@V123@@std@@AEAVTryBlockMap@1@HPEAU_xDISPATCHER_CONTEXT@@PEBU_s_FuncInfo@@H@Z 000000014000fe08 f   libvcruntime:risctrnsctrl.obj
 0001:0000ef48       ?GetRangeOfTrysToCheck@__FrameHandler4@@SA?AU?$pair@Viterator@TryBlockMap4@FH4@@V123@@std@@AEAVTryBlockMap4@FH4@@HPEAU_xDISPATCHER_CONTEXT@@PEAUFuncInfo4@5@H@Z 000000014000ff48 f   libvcruntime:risctrnsctrl.obj
 0001:0000f0b0       ?UnwindNestedFrames@__FrameHandler3@@SAXPEA_KPEAUEHExceptionRecord@@PEAU_CONTEXT@@0PEAXPEBU_s_FuncInfo@@HHPEBU_s_HandlerType@@PEAU_xDISPATCHER_CONTEXT@@E@Z 00000001400100b0 f   libvcruntime:risctrnsctrl.obj
 0001:0000f1b4       ?UnwindNestedFrames@__FrameHandler4@@SAXPEA_KPEAUEHExceptionRecord@@PEAU_CONTEXT@@0PEAXPEAUFuncInfo4@FH4@@HHPEAUHandlerType4@5@PEAU_xDISPATCHER_CONTEXT@@E@Z 00000001400101b4 f   libvcruntime:risctrnsctrl.obj
 0001:0000f2d4       ?setBuffer@TryBlockMap4@FH4@@QEAAXViterator@12@@Z 00000001400102d4 f i libvcruntime:risctrnsctrl.obj
 0001:0000f494       _CreateFrameInfo           0000000140010494 f   libvcruntime:risctrnsctrl.obj
 0001:0000f4d0       _FindAndUnlinkFrame        00000001400104d0 f   libvcruntime:risctrnsctrl.obj
 0001:0000f524       _GetImageBase              0000000140010524 f   libvcruntime:risctrnsctrl.obj
 0001:0000f538       _GetThrowImageBase         0000000140010538 f   libvcruntime:risctrnsctrl.obj
 0001:0000f54c       _SetImageBase              000000014001054c f   libvcruntime:risctrnsctrl.obj
 0001:0000f564       _SetThrowImageBase         0000000140010564 f   libvcruntime:risctrnsctrl.obj
 0001:0000f57c       __CxxFrameHandler3         000000014001057c f   libvcruntime:risctrnsctrl.obj
 0001:0000f604       __CxxFrameHandler4         0000000140010604 f   libvcruntime:risctrnsctrl.obj
 0001:0000f6e0       memcpy_repmovs             00000001400106e0 f   libvcruntime:memcpy.obj
 0001:0000f700       memmove                    0000000140010700 f   libvcruntime:memcpy.obj
 0001:0000f700       memcpy                     0000000140010700 f   libvcruntime:memcpy.obj
 0001:0000fd78       ?GetCurrentState@__FrameHandler3@@SAHPEA_KPEAU_xDISPATCHER_CONTEXT@@PEBU_s_FuncInfo@@@Z 0000000140010d78 f   libvcruntime:ehstate.obj
 0001:0000fda0       ?GetUnwindTryBlock@__FrameHandler3@@SAHPEA_KPEAU_xDISPATCHER_CONTEXT@@PEBU_s_FuncInfo@@@Z 0000000140010da0 f   libvcruntime:ehstate.obj
 0001:0000fdcc       ?SetState@__FrameHandler3@@SAXPEA_KPEBU_s_FuncInfo@@H@Z 0000000140010dcc f   libvcruntime:ehstate.obj
 0001:0000fdd8       ?SetUnwindTryBlock@__FrameHandler3@@SAXPEA_KPEAU_xDISPATCHER_CONTEXT@@PEBU_s_FuncInfo@@H@Z 0000000140010dd8 f   libvcruntime:ehstate.obj
 0001:0000fe14       ?StateFromControlPc@__FrameHandler3@@SAHPEBU_s_FuncInfo@@PEAU_xDISPATCHER_CONTEXT@@@Z 0000000140010e14 f   libvcruntime:ehstate.obj
 0001:0000fe1c       ?StateFromControlPc@__FrameHandler4@@SAHPEAUFuncInfo4@FH4@@PEAU_xDISPATCHER_CONTEXT@@@Z 0000000140010e1c f   libvcruntime:ehstate.obj
 0001:0000fe24       ?StateFromIp@__FrameHandler3@@SAHPEBU_s_FuncInfo@@PEAU_xDISPATCHER_CONTEXT@@_K@Z 0000000140010e24 f   libvcruntime:ehstate.obj
 0001:0000fe8c       ?StateFromIp@__FrameHandler4@@SAHPEAUFuncInfo4@FH4@@PEAU_xDISPATCHER_CONTEXT@@_K@Z 0000000140010e8c f   libvcruntime:ehstate.obj
 0001:00011570       ??$TypeMatchHelper@V__FrameHandler3@@@@YAHPEBU_s_HandlerType@@PEBU_s_CatchableType@@PEBU_s_ThrowInfo@@@Z 0000000140012570 f i libvcruntime:frame.obj
 0001:000116b0       ??$TypeMatchHelper@V__FrameHandler4@@@@YAHPEAUHandlerType4@FH4@@PEBU_s_CatchableType@@PEBU_s_ThrowInfo@@@Z 00000001400126b0 f i libvcruntime:frame.obj
 0001:000117f4       ??$__InternalCxxFrameHandler@V__FrameHandler3@@@@YA?AW4_EXCEPTION_DISPOSITION@@PEAUEHExceptionRecord@@PEA_KPEAU_CONTEXT@@PEAU_xDISPATCHER_CONTEXT@@PEBU_s_FuncInfo@@H1E@Z 00000001400127f4 f i libvcruntime:frame.obj
 0001:00011a2c       ??$__InternalCxxFrameHandler@V__FrameHandler4@@@@YA?AW4_EXCEPTION_DISPOSITION@@PEAUEHExceptionRecord@@PEA_KPEAU_CONTEXT@@PEAU_xDISPATCHER_CONTEXT@@PEAUFuncInfo4@FH4@@H1E@Z 0000000140012a2c f i libvcruntime:frame.obj
 0001:00011cc0       ??0HandlerMap4@FH4@@QEAA@PEBUTryBlockMapEntry4@1@_KH@Z 0000000140012cc0 f i libvcruntime:frame.obj
 0001:00011d3c       ??0TryBlockMap4@FH4@@QEAA@PEBUFuncInfo4@1@_K@Z 0000000140012d3c f i libvcruntime:frame.obj
 0001:00011e14       ??0bad_exception@std@@QEAA@AEBV01@@Z 0000000140012e14 f i libvcruntime:frame.obj
 0001:00011e50       ??0bad_exception@std@@QEAA@XZ 0000000140012e50 f i libvcruntime:frame.obj
 0001:00011e70       ?CxxCallCatchBlock@__FrameHandler3@@SAPEAXPEAU_EXCEPTION_RECORD@@@Z 0000000140012e70 f   libvcruntime:frame.obj
 0001:0001205c       ?CxxCallCatchBlock@__FrameHandler4@@SAPEAXPEAU_EXCEPTION_RECORD@@@Z 000000014001305c f   libvcruntime:frame.obj
 0001:000122ac       ?DecompHandler@HandlerMap4@FH4@@AEAAXXZ 00000001400132ac f i libvcruntime:frame.obj
 0001:000124ec       ?FrameUnwindToState@__FrameHandler3@@SAXPEA_KPEAU_xDISPATCHER_CONTEXT@@PEBU_s_FuncInfo@@H@Z 00000001400134ec f   libvcruntime:frame.obj
 0001:00012678       ?FrameUnwindToState@__FrameHandler4@@SAXPEA_KPEAU_xDISPATCHER_CONTEXT@@PEAUFuncInfo4@FH4@@H@Z 0000000140013678 f   libvcruntime:frame.obj
 0001:00012960       ?GetHandlerSearchState@__FrameHandler3@@SAHPEA_KPEAU_xDISPATCHER_CONTEXT@@PEBU_s_FuncInfo@@@Z 0000000140013960 f i libvcruntime:frame.obj
 0001:00012b70       ?ReadEntry@UWMap4@FH4@@AEAAXPEAPEAE@Z 0000000140013b70 f i libvcruntime:frame.obj
 0001:00012c10       ?_CallMemberFunction1@@YAXQEAX00@Z 0000000140013c10 f i libvcruntime:frame.obj
 0001:00012c1c       ?_CallMemberFunction2@@YAXQEAX00H@Z 0000000140013c1c f i libvcruntime:frame.obj
 0001:00012c2c       ?getStartStop@UWMap4@FH4@@QEAAXHHAEAViterator@12@0@Z 0000000140013c2c f i libvcruntime:frame.obj
 0001:00012cfc       ?getStateFromIterators@UWMap4@FH4@@SAHAEBViterator@12@H0H0@Z 0000000140013cfc f i libvcruntime:frame.obj
 0001:00012de0       _CallSettingFrame          0000000140013de0 f   libvcruntime:handlers.obj
 0001:00012e30       _CallSettingFrame_LookupContinuationIndex 0000000140013e30 f   libvcruntime:handlers.obj
 0001:00012e60       _CallSettingFrame_NotifyContinuationAddr 0000000140013e60 f   libvcruntime:handlers.obj
 0001:00012e90       _CallSettingFrameEncoded   0000000140013e90 f   libvcruntime:handlers.obj
 0001:00012f94       fopen                      0000000140013f94 f   libucrt:fopen.obj
 0001:00012fa0       __acrt_initialize_stdio    0000000140013fa0 f   libucrt:_file.obj
 0001:000130c0       __acrt_iob_func            00000001400140c0 f   libucrt:_file.obj
 0001:000130d4       __acrt_uninitialize_stdio  00000001400140d4 f   libucrt:_file.obj
 0001:00013130       _lock_file                 0000000140014130 f   libucrt:_file.obj
 0001:0001313c       _unlock_file               000000014001413c f   libucrt:_file.obj
 0001:0001326c       ?get_raw_ptd@__crt_cached_ptd_host@@QEAAPEAU__acrt_ptd@@XZ 000000014001426c f i libucrt:fclose.obj
 0001:000132d4       fclose                     00000001400142d4 f   libucrt:fclose.obj
 0001:0001336c       realloc                    000000014001436c f   libucrt:realloc.obj
 0001:000133b4       ??$ensure_buffer_is_big_enough@D@formatting_buffer@__crt_stdio_output@@QEAA_N_KAEAV__crt_cached_ptd_host@@@Z 00000001400143b4 f i libucrt:output.obj
 0001:0001345c       ??$parse_integer@KV?$c_string_character_source@D@__crt_strtox@@$0A@@__crt_strtox@@YAKAEAV__crt_cached_ptd_host@@V?$c_string_character_source@D@0@H_N@Z 000000014001445c f i libucrt:output.obj
 0001:00013710       ??$type_case_integer@$07@?$output_processor@DV?$stream_output_adapter@D@__crt_stdio_output@@V?$standard_base@DV?$stream_output_adapter@D@__crt_stdio_output@@@2@@__crt_stdio_output@@AEAA_N_N@Z 0000000140014710 f i libucrt:output.obj
 0001:00013710       ??$type_case_integer@$07@?$output_processor@DV?$string_output_adapter@D@__crt_stdio_output@@V?$standard_base@DV?$string_output_adapter@D@__crt_stdio_output@@@2@@__crt_stdio_output@@AEAA_N_N@Z 0000000140014710 f i libucrt:output.obj
 0001:00013914       ??$type_case_integer@$09@?$output_processor@DV?$stream_output_adapter@D@__crt_stdio_output@@V?$standard_base@DV?$stream_output_adapter@D@__crt_stdio_output@@@2@@__crt_stdio_output@@AEAA_N_N@Z 0000000140014914 f i libucrt:output.obj
 0001:00013914       ??$type_case_integer@$09@?$output_processor@DV?$string_output_adapter@D@__crt_stdio_output@@V?$standard_base@DV?$string_output_adapter@D@__crt_stdio_output@@@2@@__crt_stdio_output@@AEAA_N_N@Z 0000000140014914 f i libucrt:output.obj
 0001:00013b18       ??$type_case_integer@$0BA@@?$output_processor@DV?$string_output_adapter@D@__crt_stdio_output@@V?$standard_base@DV?$string_output_adapter@D@__crt_stdio_output@@@2@@__crt_stdio_output@@AEAA_N_N@Z 0000000140014b18 f i libucrt:output.obj
 0001:00013b18       ??$type_case_integer@$0BA@@?$output_processor@DV?$stream_output_adapter@D@__crt_stdio_output@@V?$standard_base@DV?$stream_output_adapter@D@__crt_stdio_output@@@2@@__crt_stdio_output@@AEAA_N_N@Z 0000000140014b18 f i libucrt:output.obj
 0001:00013d1c       ??$type_case_integer_parse_into_buffer@I$07@?$output_processor@DV?$string_output_adapter@D@__crt_stdio_output@@V?$standard_base@DV?$string_output_adapter@D@__crt_stdio_output@@@2@@__crt_stdio_output@@AEAAXI_N@Z 0000000140014d1c f i libucrt:output.obj
 0001:00013d1c       ??$type_case_integer_parse_into_buffer@I$07@?$output_processor@DV?$stream_output_adapter@D@__crt_stdio_output@@V?$standard_base@DV?$stream_output_adapter@D@__crt_stdio_output@@@2@@__crt_stdio_output@@AEAAXI_N@Z 0000000140014d1c f i libucrt:output.obj
 0001:00013d8c       ??$type_case_integer_parse_into_buffer@I$09@?$output_processor@DV?$stream_output_adapter@D@__crt_stdio_output@@V?$standard_base@DV?$stream_output_adapter@D@__crt_stdio_output@@@2@@__crt_stdio_output@@AEAAXI_N@Z 0000000140014d8c f i libucrt:output.obj
 0001:00013d8c       ??$type_case_integer_parse_into_buffer@I$09@?$output_processor@DV?$string_output_adapter@D@__crt_stdio_output@@V?$standard_base@DV?$string_output_adapter@D@__crt_stdio_output@@@2@@__crt_stdio_output@@AEAAXI_N@Z 0000000140014d8c f i libucrt:output.obj
 0001:00013e38       ??$type_case_integer_parse_into_buffer@I$0BA@@?$output_processor@DV?$string_output_adapter@D@__crt_stdio_output@@V?$standard_base@DV?$string_output_adapter@D@__crt_stdio_output@@@2@@__crt_stdio_output@@AEAAXI_N@Z 0000000140014e38 f i libucrt:output.obj
 0001:00013e38       ??$type_case_integer_parse_into_buffer@I$0BA@@?$output_processor@DV?$stream_output_adapter@D@__crt_stdio_output@@V?$standard_base@DV?$stream_output_adapter@D@__crt_stdio_output@@@2@@__crt_stdio_output@@AEAAXI_N@Z 0000000140014e38 f i libucrt:output.obj
 0001:00013ebc       ??$type_case_integer_parse_into_buffer@_K$07@?$output_processor@DV?$string_output_adapter@D@__crt_stdio_output@@V?$standard_base@DV?$string_output_adapter@D@__crt_stdio_output@@@2@@__crt_stdio_output@@AEAAX_K_N@Z 0000000140014ebc f i libucrt:output.obj
 0001:00013ebc       ??$type_case_integer_parse_into_buffer@_K$07@?$output_processor@DV?$stream_output_adapter@D@__crt_stdio_output@@V?$standard_base@DV?$stream_output_adapter@D@__crt_stdio_output@@@2@@__crt_stdio_output@@AEAAX_K_N@Z 0000000140014ebc f i libucrt:output.obj
 0001:00013f2c       ??$type_case_integer_parse_into_buffer@_K$09@?$output_processor@DV?$stream_output_adapter@D@__crt_stdio_output@@V?$standard_base@DV?$stream_output_adapter@D@__crt_stdio_output@@@2@@__crt_stdio_output@@AEAAX_K_N@Z 0000000140014f2c f i libucrt:output.obj
 0001:00013f2c       ??$type_case_integer_parse_into_buffer@_K$09@?$output_processor@DV?$string_output_adapter@D@__crt_stdio_output@@V?$standard_base@DV?$string_output_adapter@D@__crt_stdio_output@@@2@@__crt_stdio_output@@AEAAX_K_N@Z 0000000140014f2c f i libucrt:output.obj
 0001:00013fdc       ??$type_case_integer_parse_into_buffer@_K$0BA@@?$output_processor@DV?$stream_output_adapter@D@__crt_stdio_output@@V?$standard_base@DV?$stream_output_adapter@D@__crt_stdio_output@@@2@@__crt_stdio_output@@AEAAX_K_N@Z 0000000140014fdc f i libucrt:output.obj
 0001:00013fdc       ??$type_case_integer_parse_into_buffer@_K$0BA@@?$output_processor@DV?$string_output_adapter@D@__crt_stdio_output@@V?$standard_base@DV?$string_output_adapter@D@__crt_stdio_output@@@2@@__crt_stdio_output@@AEAAX_K_N@Z 0000000140014fdc f i libucrt:output.obj
 0001:0001417c       ?crop_zeroes@__crt_stdio_output@@YAXPEADQEAU__crt_locale_pointers@@@Z 000000014001517c f i libucrt:output.obj
 0001:000141e8       ?parse_int_from_format_string@?$output_processor@DV?$stream_output_adapter@D@__crt_stdio_output@@V?$standard_base@DV?$stream_output_adapter@D@__crt_stdio_output@@@2@@__crt_stdio_output@@AEAA_NQEAH@Z 00000001400151e8 f i libucrt:output.obj
 0001:000141e8       ?parse_int_from_format_string@?$output_processor@DV?$string_output_adapter@D@__crt_stdio_output@@V?$standard_base@DV?$string_output_adapter@D@__crt_stdio_output@@@2@@__crt_stdio_output@@AEAA_NQEAH@Z 00000001400151e8 f i libucrt:output.obj
 0001:00014278       ?process@?$output_processor@DV?$stream_output_adapter@D@__crt_stdio_output@@V?$standard_base@DV?$stream_output_adapter@D@__crt_stdio_output@@@2@@__crt_stdio_output@@QEAAHXZ 0000000140015278 f i libucrt:output.obj
 0001:00014610       ?process@?$output_processor@DV?$string_output_adapter@D@__crt_stdio_output@@V?$standard_base@DV?$string_output_adapter@D@__crt_stdio_output@@@2@@__crt_stdio_output@@QEAAHXZ 0000000140015610 f i libucrt:output.obj
 0001:00014990       ?state_case_size@?$output_processor@DV?$stream_output_adapter@D@__crt_stdio_output@@V?$standard_base@DV?$stream_output_adapter@D@__crt_stdio_output@@@2@@__crt_stdio_output@@AEAA_NXZ 0000000140015990 f i libucrt:output.obj
 0001:00014b18       ?state_case_size@?$output_processor@DV?$string_output_adapter@D@__crt_stdio_output@@V?$standard_base@DV?$string_output_adapter@D@__crt_stdio_output@@@2@@__crt_stdio_output@@AEAA_NXZ 0000000140015b18 f i libucrt:output.obj
 0001:00014ca0       ?state_case_type@?$output_processor@DV?$stream_output_adapter@D@__crt_stdio_output@@V?$standard_base@DV?$stream_output_adapter@D@__crt_stdio_output@@@2@@__crt_stdio_output@@AEAA_NXZ 0000000140015ca0 f i libucrt:output.obj
 0001:000150d8       ?state_case_type@?$output_processor@DV?$string_output_adapter@D@__crt_stdio_output@@V?$standard_base@DV?$string_output_adapter@D@__crt_stdio_output@@@2@@__crt_stdio_output@@AEAA_NXZ 00000001400160d8 f i libucrt:output.obj
 0001:000154dc       ?type_case_Z@?$output_processor@DV?$string_output_adapter@D@__crt_stdio_output@@V?$standard_base@DV?$string_output_adapter@D@__crt_stdio_output@@@2@@__crt_stdio_output@@AEAA_NXZ 00000001400164dc f i libucrt:output.obj
 0001:000154dc       ?type_case_Z@?$output_processor@DV?$stream_output_adapter@D@__crt_stdio_output@@V?$standard_base@DV?$stream_output_adapter@D@__crt_stdio_output@@@2@@__crt_stdio_output@@AEAA_NXZ 00000001400164dc f i libucrt:output.obj
 0001:00015558       ?type_case_a@?$output_processor@DV?$string_output_adapter@D@__crt_stdio_output@@V?$standard_base@DV?$string_output_adapter@D@__crt_stdio_output@@@2@@__crt_stdio_output@@AEAA_NXZ 0000000140016558 f i libucrt:output.obj
 0001:00015558       ?type_case_a@?$output_processor@DV?$stream_output_adapter@D@__crt_stdio_output@@V?$standard_base@DV?$stream_output_adapter@D@__crt_stdio_output@@@2@@__crt_stdio_output@@AEAA_NXZ 0000000140016558 f i libucrt:output.obj
 0001:000157ac       ?type_case_c_tchar@?$output_processor@DV?$string_output_adapter@D@__crt_stdio_output@@V?$standard_base@DV?$string_output_adapter@D@__crt_stdio_output@@@2@@__crt_stdio_output@@AEAA_ND@Z 00000001400167ac f i libucrt:output.obj
 0001:000157ac       ?type_case_c_tchar@?$output_processor@DV?$stream_output_adapter@D@__crt_stdio_output@@V?$standard_base@DV?$stream_output_adapter@D@__crt_stdio_output@@@2@@__crt_stdio_output@@AEAA_ND@Z 00000001400167ac f i libucrt:output.obj
 0001:00015880       ?type_case_n@?$output_processor@DV?$string_output_adapter@D@__crt_stdio_output@@V?$standard_base@DV?$string_output_adapter@D@__crt_stdio_output@@@2@@__crt_stdio_output@@AEAA_NXZ 0000000140016880 f i libucrt:output.obj
 0001:00015880       ?type_case_n@?$output_processor@DV?$stream_output_adapter@D@__crt_stdio_output@@V?$standard_base@DV?$stream_output_adapter@D@__crt_stdio_output@@@2@@__crt_stdio_output@@AEAA_NXZ 0000000140016880 f i libucrt:output.obj
 0001:00015938       ?type_case_s@?$output_processor@DV?$stream_output_adapter@D@__crt_stdio_output@@V?$standard_base@DV?$stream_output_adapter@D@__crt_stdio_output@@@2@@__crt_stdio_output@@AEAA_NXZ 0000000140016938 f i libucrt:output.obj
 0001:00015938       ?type_case_s@?$output_processor@DV?$string_output_adapter@D@__crt_stdio_output@@V?$standard_base@DV?$string_output_adapter@D@__crt_stdio_output@@@2@@__crt_stdio_output@@AEAA_NXZ 0000000140016938 f i libucrt:output.obj
 0001:000159e0       ?update_locale_slow@__crt_cached_ptd_host@@AEAAXXZ 00000001400169e0 f i libucrt:output.obj
 0001:00015a58       ?validate_stream_is_ansi_if_required@?$__acrt_stdio_char_traits@D@@SA_NQEAU_iobuf@@@Z 0000000140016a58 f i libucrt:output.obj
 0001:00015af4       ?write_string@?$string_output_adapter@D@__crt_stdio_output@@QEBAXQEBDHQEAHAEAV__crt_cached_ptd_host@@@Z 0000000140016af4 f i libucrt:output.obj
 0001:00015b98       ?write_string_impl@?$output_adapter_common@DV?$stream_output_adapter@D@__crt_stdio_output@@@__crt_stdio_output@@IEBAXQEBDHQEAHAEAV__crt_cached_ptd_host@@@Z 0000000140016b98 f i libucrt:output.obj
 0001:00015c64       __stdio_common_vfprintf    0000000140016c64 f   libucrt:output.obj
 0001:00015d88       __stdio_common_vsprintf    0000000140016d88 f   libucrt:output.obj
 0001:00015ff0       strncpy                    0000000140016ff0 f   libucrt:strncpy.obj
 0001:00016160       isalnum                    0000000140017160 f   libucrt:_ctype.obj
 0001:0001620c       ??$__acrt_convert_wcs_mbs_cp@D_WV<lambda_7c9dea7b4ca7285d2cdb541a38da6275>@@U__crt_win32_buffer_internal_dynamic_resizing@@@@YAHQEBDAEAV?$__crt_win32_buffer@_WU__crt_win32_buffer_internal_dynamic_resizing@@@@AEBV<lambda_7c9dea7b4ca7285d2cdb541a38da6275>@@I@Z 000000014001720c f i libucrt:stat.obj
 0001:00016724       ??0_LocaleUpdate@@QEAA@QEAU__crt_locale_pointers@@@Z 0000000140017724 f i libucrt:stat.obj
 0001:00016b10       _stat64i32                 0000000140017b10 f   libucrt:stat.obj
 0001:00016c30       strncmp                    0000000140017c30 f   libucrt:strncmp.obj
 0001:00016d70       _fwrite_internal           0000000140017d70 f   libucrt:fwrite.obj
 0001:00016e0c       _fwrite_nolock_internal    0000000140017e0c f   libucrt:fwrite.obj
 0001:00017020       fwrite                     0000000140018020 f   libucrt:fwrite.obj
 0001:000170c4       free                       00000001400180c4 f   libucrt:free.obj
 0001:000170f0       strncat                    00000001400180f0 f   libucrt:strncat.obj
 0001:00017288       _mkdir                     0000000140018288 f   libucrt:mkdir.obj
 0001:0001736c       _fread_nolock_s            000000014001836c f   libucrt:fread.obj
 0001:000175cc       fread                      00000001400185cc f   libucrt:fread.obj
 0001:000175ec       fread_s                    00000001400185ec f   libucrt:fread.obj
 0001:00017694       malloc                     0000000140018694 f   libucrt:malloc.obj
 0001:0001769c       ?get_raw_ptd_noexit@__crt_cached_ptd_host@@QEAAPEAU__acrt_ptd@@XZ 000000014001869c f i libucrt:invalid_parameter.obj
 0001:00017708       ?value@?$dual_state_global@P6AXPEB_W00I_K@Z@__crt_state_management@@QEAAAEAP6AXPEB_W00I_K@ZAEAV__crt_cached_ptd_host@@@Z 0000000140018708 f i libucrt:invalid_parameter.obj
 0001:00017754       __acrt_call_reportfault    0000000140018754 f   libucrt:invalid_parameter.obj
 0001:000178b0       __acrt_initialize_invalid_parameter_handler 00000001400188b0 f   libucrt:invalid_parameter.obj
 0001:000178b8       _invalid_parameter         00000001400188b8 f   libucrt:invalid_parameter.obj
 0001:00017954       _invalid_parameter_internal 0000000140018954 f   libucrt:invalid_parameter.obj
 0001:00017a20       _invalid_parameter_noinfo  0000000140018a20 f   libucrt:invalid_parameter.obj
 0001:00017a40       _invalid_parameter_noinfo_noreturn 0000000140018a40 f   libucrt:invalid_parameter.obj
 0001:00017a70       _invoke_watson             0000000140018a70 f   libucrt:invalid_parameter.obj
 0001:00017ab8       _aligned_free              0000000140018ab8 f   libucrt:align.obj
 0001:00017ad4       _aligned_malloc            0000000140018ad4 f   libucrt:align.obj
 0001:00017b54       roundf                     0000000140018b54 f   libucrt:roundf.obj
 0001:00017bbc       _clearfp                   0000000140018bbc f   libucrt:ieee.obj
 0001:00017c28       _control87                 0000000140018c28 f   libucrt:ieee.obj
 0001:00017c30       _controlfp                 0000000140018c30 f   libucrt:ieee.obj
 0001:00017ed8       __acrt_initialize_new_handler 0000000140018ed8 f   libucrt:new_handler.obj
 0001:00017ee0       _callnewh                  0000000140018ee0 f   libucrt:new_handler.obj
 0001:00017f20       _query_new_handler         0000000140018f20 f   libucrt:new_handler.obj
 0001:00017f58       _seh_filter_exe            0000000140018f58 f   libucrt:exception_filter.obj
 0001:00018370       __acrt_initialize_thread_local_exit_callback 0000000140019370 f   libucrt:exit.obj
 0001:00018378       _c_exit                    0000000140019378 f   libucrt:exit.obj
 0001:00018388       _cexit                     0000000140019388 f   libucrt:exit.obj
 0001:00018398       _exit                      0000000140019398 f   libucrt:exit.obj
 0001:000183a4       _register_thread_local_exe_atexit_callback 00000001400193a4 f   libucrt:exit.obj
 0001:000183e4       exit                       00000001400193e4 f   libucrt:exit.obj
 0001:000185b8       __acrt_allocate_buffer_for_argv 00000001400195b8 f   libucrt:argv_parsing.obj
 0001:00018618       _configure_narrow_argv     0000000140019618 f   libucrt:argv_parsing.obj
 0001:00018be8       __dcrt_get_or_create_wide_environment_nolock 0000000140019be8 f   libucrt:environment_initialization.obj
 0001:00018c24       __dcrt_uninitialize_environments_nolock 0000000140019c24 f   libucrt:environment_initialization.obj
 0001:00018c68       _initialize_narrow_environment 0000000140019c68 f   libucrt:environment_initialization.obj
 0001:00018fb8       _crt_atexit                0000000140019fb8 f   libucrt:onexit.obj
 0001:00018fc8       _execute_onexit_table      0000000140019fc8 f   libucrt:onexit.obj
 0001:0001900c       _initialize_onexit_table   000000014001a00c f   libucrt:onexit.obj
 0001:00019034       _register_onexit_function  000000014001a034 f   libucrt:onexit.obj
 0001:000191a8       __acrt_initialize          000000014001a1a8 f   libucrt:initialization.obj
 0001:000191bc       __acrt_uninitialize        000000014001a1bc f   libucrt:initialization.obj
 0001:000191f4       _query_app_type            000000014001a1f4 f   libucrt:report_runtime_error.obj
 0001:000191fc       _set_app_type              000000014001a1fc f   libucrt:report_runtime_error.obj
 0001:00019204       __acrt_has_user_matherr    000000014001a204 f   libucrt:matherr.obj
 0001:00019224       __acrt_initialize_user_matherr 000000014001a224 f   libucrt:matherr.obj
 0001:0001922c       __acrt_invoke_user_matherr 000000014001a22c f   libucrt:matherr.obj
 0001:00019268       __setusermatherr           000000014001a268 f   libucrt:matherr.obj
 0001:00019290       _get_narrow_winmain_command_line 000000014001a290 f   libucrt:argv_winmain.obj
 0001:00019300       _initterm                  000000014001a300 f   libucrt:initterm.obj
 0001:00019344       _initterm_e                000000014001a344 f   libucrt:initterm.obj
 0001:0001938c       _get_fmode                 000000014001a38c f   libucrt:setmode.obj
 0001:000193bc       _set_fmode                 000000014001a3bc f   libucrt:setmode.obj
 0001:000193fc       _setmode_nolock            000000014001a3fc f   libucrt:setmode.obj
 0001:00019550       __acrt_set_locale_changed  000000014001a550 f   libucrt:wsetlocale.obj
 0001:0001955c       __acrt_uninitialize_locale 000000014001a55c f   libucrt:wsetlocale.obj
 0001:0001958c       _configthreadlocale        000000014001a58c f   libucrt:wsetlocale.obj
 0001:000195f8       _query_new_mode            000000014001a5f8 f   libucrt:new_mode.obj
 0001:00019600       _set_new_mode              000000014001a600 f   libucrt:new_mode.obj
 0001:0001962c       __p__commode               000000014001a62c f   libucrt:ncommode.obj
 0001:00019634       terminate                  000000014001a634 f   libucrt:terminate.obj
 0001:00019660       strdup                     000000014001a660 f   libucrt:strdup.obj
 0001:00019660       _strdup                    000000014001a660 f   libucrt:strdup.obj
 0001:000196d8       ___lc_codepage_func        000000014001a6d8 f   libucrt:initctype.obj
 0001:00019708       strcpy_s                   000000014001a708 f   libucrt:strcpy_s.obj
 0001:00019768       abort                      000000014001a768 f   libucrt:abort.obj
 0001:000197c0       calloc                     000000014001a7c0 f   libucrt:calloc.obj
 0001:000197c8       ??$parse_integer@KV?$c_string_character_source@_W@__crt_strtox@@$00@__crt_strtox@@YAKAEAV__crt_cached_ptd_host@@V?$c_string_character_source@_W@0@H_N@Z 000000014001a7c8 f i libucrt:atox.obj
 0001:00019f64       wcsncmp                    000000014001af64 f   libucrt:wcsncmp.obj
 0001:00019f90       __acrt_errno_from_os_error 000000014001af90 f   libucrt:errno.obj
 0001:00019fd8       __acrt_errno_map_os_error  000000014001afd8 f   libucrt:errno.obj
 0001:0001a020       __acrt_errno_map_os_error_ptd 000000014001b020 f   libucrt:errno.obj
 0001:0001a044       __doserrno                 000000014001b044 f   libucrt:errno.obj
 0001:0001a064       _errno                     000000014001b064 f   libucrt:errno.obj
 0001:0001a084       ?__acrt_stdio_allocate_stream@@YA?AV__crt_stdio_stream@@XZ 000000014001b084 f   libucrt:stream.obj
 0001:0001a0dc       ?__acrt_stdio_free_stream@@YAXV__crt_stdio_stream@@@Z 000000014001b0dc f   libucrt:stream.obj
 0001:0001a1e4       ??$__acrt_stdio_parse_mode@D@@YA?AU__acrt_stdio_stream_mode@@QEBD@Z 000000014001b1e4 f i libucrt:openfile.obj
 0001:0001a4a8       _openfile                  000000014001b4a8 f   libucrt:openfile.obj
 0001:0001a544       _calloc_base               000000014001b544 f   libucrt:calloc_base.obj
 0001:0001a5bc       _free_base                 000000014001b5bc f   libucrt:free_base.obj
 0001:0001a7b4       __acrt_AppPolicyGetProcessTerminationMethodInternal 000000014001b7b4 f   libucrt:winapi_thunks.obj
 0001:0001a80c       __acrt_AreFileApisANSI     000000014001b80c f   libucrt:winapi_thunks.obj
 0001:0001a850       __acrt_CompareStringEx     000000014001b850 f   libucrt:winapi_thunks.obj
 0001:0001a93c       __acrt_FlsAlloc            000000014001b93c f   libucrt:winapi_thunks.obj
 0001:0001a944       __acrt_FlsFree             000000014001b944 f   libucrt:winapi_thunks.obj
 0001:0001a94c       __acrt_FlsGetValue         000000014001b94c f   libucrt:winapi_thunks.obj
 0001:0001a954       __acrt_FlsSetValue         000000014001b954 f   libucrt:winapi_thunks.obj
 0001:0001a95c       __acrt_InitializeCriticalSectionEx 000000014001b95c f   libucrt:winapi_thunks.obj
 0001:0001a9cc       __acrt_LCMapStringEx       000000014001b9cc f   libucrt:winapi_thunks.obj
 0001:0001aab8       __acrt_LocaleNameToLCID    000000014001bab8 f   libucrt:winapi_thunks.obj
 0001:0001ab18       __acrt_initialize_winapi_thunks 000000014001bb18 f   libucrt:winapi_thunks.obj
 0001:0001ab3c       __acrt_uninitialize_winapi_thunks 000000014001bb3c f   libucrt:winapi_thunks.obj
 0001:0001ab80       _fcloseall                 000000014001bb80 f   libucrt:closeall.obj
 0001:0001ae14       __acrt_stdio_flush_nolock  000000014001be14 f   libucrt:fflush.obj
 0001:0001aea0       _fflush_nolock             000000014001bea0 f   libucrt:fflush.obj
 0001:0001af74       _flushall                  000000014001bf74 f   libucrt:fflush.obj
 0001:0001af7c       __acrt_stdio_free_buffer_nolock 000000014001bf7c f   libucrt:_freebuf.obj
 0001:0001b1b8       __acrt_initialize_lowio    000000014001c1b8 f   libucrt:ioinit.obj
 0001:0001b1f4       __acrt_uninitialize_lowio  000000014001c1f4 f   libucrt:ioinit.obj
 0001:0001b234       _fileno                    000000014001c234 f   libucrt:fileno.obj
 0001:0001b2d4       _close_internal            000000014001c2d4 f   libucrt:close.obj
 0001:0001b398       _close_nolock              000000014001c398 f   libucrt:close.obj
 0001:0001b430       _close_nolock_internal     000000014001c430 f   libucrt:close.obj
 0001:0001b878       __acrt_getptd              000000014001c878 f   libucrt:per_thread_data.obj
 0001:0001b94c       __acrt_getptd_head         000000014001c94c f   libucrt:per_thread_data.obj
 0001:0001b9f0       __acrt_getptd_noexit       000000014001c9f0 f   libucrt:per_thread_data.obj
 0001:0001bab8       __acrt_getptd_noexit_explicit 000000014001cab8 f   libucrt:per_thread_data.obj
 0001:0001bb78       __acrt_initialize_ptd      000000014001cb78 f   libucrt:per_thread_data.obj
 0001:0001bbb4       __acrt_uninitialize_ptd    000000014001cbb4 f   libucrt:per_thread_data.obj
 0001:0001bbd8       _realloc_base              000000014001cbd8 f   libucrt:realloc_base.obj
 0001:0001bc54       _malloc_base               000000014001cc54 f   libucrt:malloc_base.obj
 0001:0001bcb4       strnlen                    000000014001ccb4 f   libucrt:strnlen.obj
 0001:0001be04       wcsnlen                    000000014001ce04 f   libucrt:strnlen.obj
 0001:0001bfdc       __acrt_update_locale_info  000000014001cfdc f   libucrt:locale_update.obj
 0001:0001c010       __acrt_update_locale_info_explicit 000000014001d010 f   libucrt:locale_update.obj
 0001:0001c048       __acrt_update_multibyte_info 000000014001d048 f   libucrt:locale_update.obj
 0001:0001c07c       __acrt_update_multibyte_info_explicit 000000014001d07c f   libucrt:locale_update.obj
 0001:0001cbc8       __acrt_fp_format           000000014001dbc8 f   libucrt:cvt.obj
 0001:0001ceb0       _wctomb_internal           000000014001deb0 f   libucrt:wctomb.obj
 0001:0001d060       _mbtowc_internal           000000014001e060 f   libucrt:mbtowc.obj
 0001:0001d1d8       _get_printf_count_output   000000014001e1d8 f   libucrt:printf_count_output.obj
 0001:0001d1f0       _fputc_nolock_internal     000000014001e1f0 f   libucrt:fputc.obj
 0001:0001d208       __acrt_should_use_temporary_buffer 000000014001e208 f   libucrt:_sftbuf.obj
 0001:0001d254       __acrt_stdio_begin_temporary_buffering_nolock 000000014001e254 f   libucrt:_sftbuf.obj
 0001:0001d31c       __acrt_stdio_end_temporary_buffering_nolock 000000014001e31c f   libucrt:_sftbuf.obj
 0001:0001d35c       _isctype_l                 000000014001e35c f   libucrt:isctype.obj
 0001:0001d464       _getdrive                  000000014001e464 f   libucrt:drive.obj
 0001:0001d55c       ??$__acrt_convert_wcs_mbs_cp@_WDV<lambda_f788ae46380686e8b737efdd8c720d07>@@U__crt_win32_buffer_no_resizing@@@@YAHQEB_WAEAV?$__crt_win32_buffer@DU__crt_win32_buffer_no_resizing@@@@AEBV<lambda_f788ae46380686e8b737efdd8c720d07>@@I@Z 000000014001e55c f i libucrt:fullpath.obj
 0001:0001d678       ??$call_win32_function@V<lambda_17b8e77e04f0039ff1429d79b8271fa1>@@@?$__crt_win32_buffer@_WU__crt_win32_buffer_no_resizing@@@@QEAAHAEBV<lambda_17b8e77e04f0039ff1429d79b8271fa1>@@@Z 000000014001e678 f i libucrt:fullpath.obj
 0001:0001d6ec       ??$call_win32_function@V<lambda_1a60cddbd8640ed4c95e91b82cd9827b>@@@?$__crt_win32_buffer@_WU__crt_win32_buffer_public_dynamic_resizing@@@@QEAAHAEBV<lambda_1a60cddbd8640ed4c95e91b82cd9827b>@@@Z 000000014001e6ec f i libucrt:fullpath.obj
 0001:0001d7c4       ?detach@?$__crt_win32_buffer@_WU__crt_win32_buffer_public_dynamic_resizing@@@@QEAAPEA_WXZ 000000014001e7c4 f i libucrt:fullpath.obj
 0001:0001d8a8       _wfullpath                 000000014001e8a8 f   libucrt:fullpath.obj
 0001:0001d95c       wcspbrk                    000000014001e95c f   libucrt:wcspbrk.obj
 0001:0001d990       __ascii_wcsicmp            000000014001e990 f   libucrt:wcsicmp.obj
 0001:0001d9d0       _wcsicmp                   000000014001e9d0 f   libucrt:wcsicmp.obj
 0001:0001da18       _wcsicmp_l                 000000014001ea18 f   libucrt:wcsicmp.obj
 0001:0001db4c       __acrt_MultiByteToWideChar 000000014001eb4c f   libucrt:multibytetowidechar.obj
 0001:0001dbdc       __acrt_lowio_create_handle_array 000000014001ebdc f   libucrt:osfinfo.obj
 0001:0001dc84       __acrt_lowio_destroy_handle_array 000000014001ec84 f   libucrt:osfinfo.obj
 0001:0001dcd4       __acrt_lowio_ensure_fh_exists 000000014001ecd4 f   libucrt:osfinfo.obj
 0001:0001dd7c       __acrt_lowio_lock_fh       000000014001ed7c f   libucrt:osfinfo.obj
 0001:0001dda4       __acrt_lowio_set_os_handle 000000014001eda4 f   libucrt:osfinfo.obj
 0001:0001de64       __acrt_lowio_unlock_fh     000000014001ee64 f   libucrt:osfinfo.obj
 0001:0001de8c       _alloc_osfhnd              000000014001ee8c f   libucrt:osfinfo.obj
 0001:0001dfcc       _free_osfhnd               000000014001efcc f   libucrt:osfinfo.obj
 0001:0001e088       _get_osfhandle             000000014001f088 f   libucrt:osfinfo.obj
 0001:0001e100       ??$__crt_time_is_leap_year@H@@YA_NH@Z 000000014001f100 f i libucrt:loctotime.obj
 0001:0001e390       __loctotime64_t            000000014001f390 f   libucrt:loctotime.obj
 0001:0001eba0       _write                     000000014001fba0 f   libucrt:write.obj
 0001:0001ec38       _write_internal            000000014001fc38 f   libucrt:write.obj
 0001:0001ed58       _write_nolock              000000014001fd58 f   libucrt:write.obj
 0001:0001f1d4       __acrt_stdio_flush_and_write_narrow_nolock 00000001400201d4 f   libucrt:_flsbuf.obj
 0001:0001f2a0       _wmkdir                    00000001400202a0 f   libucrt:wmkdir.obj
 0001:0001f754       _read                      0000000140020754 f   libucrt:read.obj
 0001:0001f874       _read_nolock               0000000140020874 f   libucrt:read.obj
 0001:0001fcc4       __acrt_stdio_refill_and_read_narrow_nolock 0000000140020cc4 f   libucrt:_filbuf.obj
 0001:0001fe2c       _msize_base                0000000140020e2c f   libucrt:msize.obj
 0001:0001fe68       _fd_int                    0000000140020e68 f   libucrt:_test.obj
 0001:0001ff50       _get_fpsr                  0000000140020f50 f   libucrt:fpsr.obj
 0001:0001ff60       _set_fpsr                  0000000140020f60 f   libucrt:fpsr.obj
 0001:0001ff6a       _fclrf                     0000000140020f6a f   libucrt:fpsr.obj
 0001:0001ff7e       _frnd                      0000000140020f7e f   libucrt:fpsr.obj
 0001:0001ffa0       __acrt_initialize_locks    0000000140020fa0 f   libucrt:locks.obj
 0001:0001ffe8       __acrt_lock                0000000140020fe8 f   libucrt:locks.obj
 0001:00020004       __acrt_uninitialize_locks  0000000140021004 f   libucrt:locks.obj
 0001:0002003c       __acrt_unlock              000000014002103c f   libucrt:locks.obj
 0001:00020058       __acrt_app_verifier_enabled 0000000140021058 f   libucrt:peb_access.obj
 0001:00020074       __acrt_is_secure_process   0000000140021074 f   libucrt:peb_access.obj
 0001:0002008c       __acrt_get_process_end_policy 000000014002108c f   libucrt:win_policies.obj
 0001:000200d0       ??$__acrt_convert_wcs_mbs_cp@_WDV<lambda_d8593a27d1aa8c02be35c86a17d324c4>@@U__crt_win32_buffer_internal_dynamic_resizing@@@@YAHQEB_WAEAV?$__crt_win32_buffer@DU__crt_win32_buffer_internal_dynamic_resizing@@@@AEBV<lambda_d8593a27d1aa8c02be35c86a17d324c4>@@I@Z 00000001400210d0 f i libucrt:argv_wildcards.obj
 0001:00020974       __acrt_expand_narrow_argv_wildcards 0000000140021974 f   libucrt:argv_wildcards.obj
 0001:0002097c       __acrt_GetModuleFileNameA  000000014002197c f   libucrt:getmodulefilenamea.obj
 0001:00021298       __acrt_initialize_multibyte 0000000140022298 f   libucrt:mbctype.obj
 0001:000212f8       __acrt_update_thread_multibyte_data 00000001400222f8 f   libucrt:mbctype.obj
 0001:00021314       _setmbcp_nolock            0000000140022314 f   libucrt:mbctype.obj
 0001:00021648       _ismbblead                 0000000140022648 f   libucrt:ismbbyte.obj
 0001:0002165c       __acrt_initialize_command_line 000000014002265c f   libucrt:argv_data.obj
 0001:00021684       wcscpy_s                   0000000140022684 f   libucrt:wcscpy_s.obj
 0001:000216ec       __acrt_WideCharToMultiByte 00000001400226ec f   libucrt:widechartomultibyte.obj
 0001:000217cc       __dcrt_get_narrow_environment_from_os 00000001400227cc f   libucrt:get_environment_from_os.obj
 0001:000218dc       __dcrt_get_wide_environment_from_os 00000001400228dc f   libucrt:get_environment_from_os.obj
 0001:00021dcc       __dcrt_set_variable_in_wide_environment_nolock 0000000140022dcc f   libucrt:setenv.obj
 0001:00021dd4       _recalloc_base             0000000140022dd4 f   libucrt:recalloc.obj
 0001:00021e6c       __acrt_initialize_heap     0000000140022e6c f   libucrt:heap_handle.obj
 0001:00021e88       __acrt_uninitialize_heap   0000000140022e88 f   libucrt:heap_handle.obj
 0001:00021e94       __acrt_execute_initializers 0000000140022e94 f   libucrt:shared_initialization.obj
 0001:00021f28       __acrt_execute_uninitializers 0000000140022f28 f   libucrt:shared_initialization.obj
 0001:00021fb8       __acrt_get_sigabrt_handler 0000000140022fb8 f   libucrt:signal.obj
 0001:00021fe8       __acrt_initialize_signal_handlers 0000000140022fe8 f   libucrt:signal.obj
 0001:00022008       raise                      0000000140023008 f   libucrt:signal.obj
 0001:00022284       wcsncpy_s                  0000000140023284 f   libucrt:wcsncpy_s.obj
 0001:00022380       __acrt_initialize_fmode    0000000140023380 f   libucrt:txtmode.obj
 0001:0002239c       __acrt_locale_free_monetary 000000014002339c f   libucrt:initmon.obj
 0001:000224a8       __acrt_locale_free_numeric 00000001400234a8 f   libucrt:initnum.obj
 0001:00022548       __acrt_locale_free_time    0000000140023548 f   libucrt:inittime.obj
 0001:00022650       __acrt_GetStringTypeA      0000000140023650 f   libucrt:getstringtypea.obj
 0001:000227e0       __acrt_add_locale_ref      00000001400237e0 f   libucrt:locale_refcounting.obj
 0001:0002286c       __acrt_free_locale         000000014002386c f   libucrt:locale_refcounting.obj
 0001:000229e4       __acrt_locale_add_lc_time_reference 00000001400239e4 f   libucrt:locale_refcounting.obj
 0001:00022a0c       __acrt_locale_free_lc_time_if_unreferenced 0000000140023a0c f   libucrt:locale_refcounting.obj
 0001:00022a44       __acrt_locale_release_lc_time_reference 0000000140023a44 f   libucrt:locale_refcounting.obj
 0001:00022a6c       __acrt_release_locale_ref  0000000140023a6c f   libucrt:locale_refcounting.obj
 0001:00022b14       __acrt_update_thread_locale_data 0000000140023b14 f   libucrt:locale_refcounting.obj
 0001:00022b84       _updatetlocinfoEx_nolock   0000000140023b84 f   libucrt:locale_refcounting.obj
 0001:00022f20       __acrt_LCMapStringA        0000000140023f20 f   libucrt:lcmapstringa.obj
 0001:00022fb8       iswctype                   0000000140023fb8 f   libucrt:iswctype.obj
 0001:00023024       __ascii_wcsnicmp           0000000140024024 f   libucrt:wcsnicmp.obj
 0001:00023070       __ascii_strnicmp           0000000140024070 f   libucrt:strnicmp.obj
 0001:000230bc       _strnicmp                  00000001400240bc f   libucrt:strnicmp.obj
 0001:0002310c       _strnicmp_l                000000014002410c f   libucrt:strnicmp.obj
 0001:000237cc       _sopen_nolock              00000001400247cc f   libucrt:open.obj
 0001:000238e8       _sopen_s                   00000001400248e8 f   libucrt:open.obj
 0001:0002391c       _wsopen_nolock             000000014002491c f   libucrt:open.obj
 0001:00023d0c       __acrt_DownlevelLocaleNameToLCID 0000000140024d0c f   libucrt:lcidtoname_downlevel.obj
 0001:00023e3c       _commit                    0000000140024e3c f   libucrt:commit.obj
 0001:00023fa0       __acrt_fp_strflt_to_string 0000000140024fa0 f   libucrt:_fptostr.obj
 0001:000240b0       ?divide@__crt_strtox@@YA_KAEAUbig_integer@1@AEBU21@@Z 00000001400250b0 f i libucrt:cfout.obj
 0001:0002454c       __acrt_fltout              000000014002554c f   libucrt:cfout.obj
 0001:00025864       fegetround                 0000000140026864 f   libucrt:fegetround.obj
 0001:00025878       ?__c32rtomb_utf8@__crt_mbstring@@YA_KPEAD_UPEAU_Mbstatet@@AEAV__crt_cached_ptd_host@@@Z 0000000140026878 f   libucrt:c32rtomb.obj
 0001:0002591c       ?__mbrtowc_utf8@__crt_mbstring@@YA_KPEA_WPEBD_KPEAU_Mbstatet@@AEAV__crt_cached_ptd_host@@@Z 000000014002691c f   libucrt:mbrtowc.obj
 0001:00025960       ?__mbsrtowcs_utf8@__crt_mbstring@@YA_KPEA_WPEAPEBD_KPEAU_Mbstatet@@AEAV__crt_cached_ptd_host@@@Z 0000000140026960 f   libucrt:mbrtowc.obj
 0001:00025b04       _isatty                    0000000140026b04 f   libucrt:isatty.obj
 0001:00025d54       _wgetcwd                   0000000140026d54 f   libucrt:getcwd.obj
 0001:00025d7c       _towlower_l                0000000140026d7c f   libucrt:towlower.obj
 0001:00025e70       __acrt_initialize_timeset  0000000140026e70 f   libucrt:timeset.obj
 0001:00025ec0       __daylight                 0000000140026ec0 f   libucrt:timeset.obj
 0001:00025ec8       __dstbias                  0000000140026ec8 f   libucrt:timeset.obj
 0001:00025ed0       __timezone                 0000000140026ed0 f   libucrt:timeset.obj
 0001:00025ed8       __tzname                   0000000140026ed8 f   libucrt:timeset.obj
 0001:00025ee0       __wide_tzname              0000000140026ee0 f   libucrt:timeset.obj
 0001:00025ee8       _get_daylight              0000000140026ee8 f   libucrt:timeset.obj
 0001:00025f18       _get_dstbias               0000000140026f18 f   libucrt:timeset.obj
 0001:00025f48       _get_timezone              0000000140026f48 f   libucrt:timeset.obj
 0001:00026ae4       __tzset                    0000000140027ae4 f   libucrt:tzset.obj
 0001:00026b28       _isindst                   0000000140027b28 f   libucrt:tzset.obj
 0001:00026d24       _lseeki64                  0000000140027d24 f   libucrt:lseek.obj
 0001:00026dc0       _lseeki64_nolock           0000000140027dc0 f   libucrt:lseek.obj
 0001:00026e5c       _lseeki64_nolock_internal  0000000140027e5c f   libucrt:lseek.obj
 0001:00026e64       _putwch_nolock             0000000140027e64 f   libucrt:putwch.obj
 0001:00026ea0       __acrt_stdio_allocate_buffer_nolock 0000000140027ea0 f   libucrt:_getbuf.obj
 0001:00026f0c       __acrt_fenv_get_common_round_control 0000000140027f0c f   libucrt:_fenvutils.obj
 0001:00026f18       __acrt_fenv_get_control    0000000140027f18 f   libucrt:_fenvutils.obj
 0001:00026ffc       __acrt_fenv_get_status     0000000140027ffc f   libucrt:_fenvutils.obj
 0001:00027054       __acrt_fenv_set_control    0000000140028054 f   libucrt:_fenvutils.obj
 0001:0002718c       __acrt_fenv_set_status     000000014002818c f   libucrt:_fenvutils.obj
 0001:00027200       qsort                      0000000140028200 f   libucrt:qsort.obj
 0001:00027610       strncpy_s                  0000000140028610 f   libucrt:strncpy_s.obj
 0001:000277a0       strpbrk                    00000001400287a0 f   libucrt:strpbrk.obj
 0001:00027b68       _mbsdec                    0000000140028b68 f   libucrt:mbsdec.obj
 0001:00027b70       _mbsdec_l                  0000000140028b70 f   libucrt:mbsdec.obj
 0001:00027c1c       _wcsnicoll                 0000000140028c1c f   libucrt:wcsnicol.obj
 0001:00027c6c       _wcsnicoll_l               0000000140028c6c f   libucrt:wcsnicol.obj
 0001:00027d5c       __strncnt                  0000000140028d5c f   libucrt:strncnt.obj
 0001:00027d74       __acrt_GetStringTypeW      0000000140028d74 f   libucrt:getstringtypew.obj
 0001:00027d7c       _chsize_nolock             0000000140028d7c f   libucrt:chsize.obj
 0001:00027e14       _chsize_nolock_internal    0000000140028e14 f   libucrt:chsize.obj
 0001:00027fa8       _controlfp_s               0000000140028fa8 f   libucrt:contrlfp.obj
 0001:0002800c       fegetenv                   000000014002900c f   libucrt:fegetenv.obj
 0001:0002802c       fesetenv                   000000014002902c f   libucrt:fesetenv.obj
 0001:00028084       feholdexcept               0000000140029084 f   libucrt:feholdexcept.obj
 0001:000280d4       ceil                       00000001400290d4 f   libucrt:ceil.obj
 0001:000281a0       log10                      00000001400291a0 f   libucrt:log10.obj
 0001:0002874c       ?reset_and_return@__crt_mbstring@@YA_K_KPEAU_Mbstatet@@@Z 000000014002974c f   libucrt:common_utf8.obj
 0001:00028754       ?return_illegal_sequence@__crt_mbstring@@YA_KPEAU_Mbstatet@@AEAV__crt_cached_ptd_host@@@Z 0000000140029754 f   libucrt:common_utf8.obj
 0001:00028768       ?__mbrtoc32_utf8@__crt_mbstring@@YA_KPEA_UPEBD_KPEAU_Mbstatet@@AEAV__crt_cached_ptd_host@@@Z 0000000140029768 f   libucrt:mbrtoc32.obj
 0001:00028944       __acrt_LCMapStringW        0000000140029944 f   libucrt:lcmapstringw.obj
 0001:000289cc       wcstol                     00000001400299cc f   libucrt:strtox.obj
 0001:00028c10       _wgetenv_s                 0000000140029c10 f   libucrt:getenv.obj
 0001:00028c18       __dcrt_lowio_ensure_console_output_initialized 0000000140029c18 f   libucrt:initcon.obj
 0001:00028c6c       __dcrt_terminate_console_output 0000000140029c6c f   libucrt:initcon.obj
 0001:00028c88       __dcrt_write_console       0000000140029c88 f   libucrt:initcon.obj
 0001:00028d48       __acrt_CompareStringW      0000000140029d48 f   libucrt:comparestringw.obj
 0001:00028f2c       _handle_error              0000000140029f2c f   libucrt:libm_error.obj
 0001:00029054       _handle_errorf             000000014002a054 f   libucrt:libm_error.obj
 0001:00029188       _handle_nan                000000014002a188 f   libucrt:libm_error.obj
 0001:000291a4       _handle_nanf               000000014002a1a4 f   libucrt:libm_error.obj
 0001:000291c0       __acrt_initialize_fma3     000000014002a1c0 f   libucrt:fma3_available.obj
 0001:00029230       _log10_special             000000014002a230 f   libucrt:log_special.obj
 0001:000292e8       _raise_exc                 000000014002a2e8 f   libucrt:fpexcept.obj
 0001:00029310       _raise_exc_ex              000000014002a310 f   libucrt:fpexcept.obj
 0001:00029618       _raise_excf                000000014002a618 f   libucrt:fpexcept.obj
 0001:00029644       _set_errno_from_matherr    000000014002a644 f   libucrt:fpexcept.obj
 0001:00029674       _clrfp                     000000014002a674 f   libucrt:fpctrl.obj
 0001:00029694       _ctrlfp                    000000014002a694 f   libucrt:fpctrl.obj
 0001:00029710       _set_statfp                000000014002a710 f   libucrt:fpctrl.obj
 0001:00029730       _statfp                    000000014002a730 f   libucrt:fpctrl.obj
 0001:00029744       __GSHandlerCheck           000000014002a744 f   LIBCMT:gshandler.obj
 0001:00029764       __GSHandlerCheckCommon     000000014002a764 f   LIBCMT:gshandler.obj
 0001:000297d0       __security_check_cookie    000000014002a7d0 f   LIBCMT:amdsecgs.obj
 0001:000297f0       _FindPESection             000000014002a7f0 f   LIBCMT:pesect.obj
 0001:00029840       _IsNonwritableInCurrentImage 000000014002a840 f   LIBCMT:pesect.obj
 0001:00029890       _ValidateImageBase         000000014002a890 f   LIBCMT:pesect.obj
 0001:000298c0       __GSHandlerCheck_SEH       000000014002a8c0 f   LIBCMT:gshandlerseh.obj
 0001:00029948       __raise_securityfailure    000000014002a948 f   LIBCMT:gs_report.obj
 0001:0002997c       __report_gsfailure         000000014002a97c f   LIBCMT:gs_report.obj
 0001:00029a50       __report_rangecheckfailure 000000014002aa50 f   LIBCMT:gs_report.obj
 0001:00029a64       __report_securityfailure   000000014002aa64 f   LIBCMT:gs_report.obj
 0001:00029be4       __GSHandlerCheck_EH        000000014002abe4 f   LIBCMT:gshandlereh.obj
 0001:00029c80       __chkstk                   000000014002ac80 f   LIBCMT:chkstk.obj
 0001:00029c80       _alloca_probe              000000014002ac80 f   LIBCMT:chkstk.obj
 0001:00029cd0       __C_specific_handler_noexcept 000000014002acd0 f   libvcruntime:chandler_noexcept.obj
 0001:00029d1c       wcsrchr                    000000014002ad1c f   libvcruntime:wcsrchr.obj
 0001:00029de0       memcmp                     000000014002ade0 f   libvcruntime:memcmp.obj
 0001:00029ea8       strrchr                    000000014002aea8 f   libvcruntime:strrchr.obj
 0001:00029fd4       wcschr                     000000014002afd4 f   libvcruntime:wcschr.obj
 0001:00032de0       __vdecl_sinf4              0000000140033de0 f   LIBCMT:svml_ssinf4_dispatch.obj
 0001:00032e00       __libm_sse2_sincosf_       0000000140033e00 f   LIBCMT:svml_ssinf4_dispatch.obj
 0001:00032e43       __libm_sse2_sincosf4_      0000000140033e43 f   LIBCMT:svml_ssinf4_dispatch.obj
 0001:00032e50       __vdecl_cos2               0000000140033e50 f   LIBCMT:svml_dcos2_dispatch.obj
 0001:00032e70       __sse2_sinf4@@16           0000000140033e70 f   LIBCMT:svml_ssinf4_sse2.obj
 0001:000337b0       __sse4_sinf4@@16           00000001400347b0 f   LIBCMT:svml_ssinf4_sse4.obj
 0001:00033f30       __sse2_cos2@@16            0000000140034f30 f   LIBCMT:svml_dcos2_sse2.obj
 0001:000345e0       __sse4_cos2@@16            00000001400355e0 f   LIBCMT:svml_dcos2_sse4.obj
 0001:00034c90       __common_ssin_cout_rare    0000000140035c90 f   LIBCMT:svml_s_sin_cout.obj
 0001:00034d00       __common_dcos_cout_rare    0000000140035d00 f   LIBCMT:svml_d_cos_cout.obj
 0001:00034d70       _vcomp_for_dynamic_init    0000000140035d70 f   VCOMP:VCOMP140.DLL
 0001:00034d76       _vcomp_for_dynamic_next    0000000140035d76 f   VCOMP:VCOMP140.DLL
[...]
 0002:000114c8       $xdatasym                  000000014004b4c8     libucrt:powf.obj
 0002:000114d8       $xdatasym                  000000014004b4d8     libucrt:sinf.obj
 0002:000114e0       $unwind$tanhf              000000014004b4e0     libucrt:tanhf.obj
 0002:00011500       $xdatasym                  000000014004b500     libucrt:remainder_piby2_forasm.obj
 0002:00011510       $xdatasym                  000000014004b510     libucrt:remainder_piby2_forfma3.obj
 0002:0001151c       $unwind$_sincos_special    000000014004b51c     libucrt:sincos_special.obj
 0002:0001151c       $unwind$_sincosf_special   000000014004b51c     libucrt:sincos_special.obj
 0002:00011528       $xdatasym                  000000014004b528     libucrt:remainder_piby2f_forasm.obj
 0002:0001152c       $unwind$_powf_special      000000014004b52c     libucrt:pow_special.obj
 0002:00011538       $xdatasym                  000000014004b538     libucrt:remainder_piby2f_forc.obj
 0002:00011e56       .idata$6                   000000014004be56     ws2_32:WS2_32.dll
 0002:00011e78       .idata$6                   000000014004be78     kernel32:KERNEL32.dll
 0002:00011eaa       .idata$6                   000000014004beaa     user32:USER32.dll
 0002:00011fb6       .idata$6                   000000014004bfb6     bass:BASS.dll
 0002:00012054       .idata$6                   000000014004c054     DevIL:DevIL.dll
 0002:000122de       .idata$6                   000000014004c2de     SDL2:SDL2.dll
 0002:000129fc       .idata$6                   000000014004c9fc     VCOMP:VCOMP140.DLL
 0003:00000040       ?__vcrt_flsindex@@3KA      000000014004d040     libvcruntime:per_thread_data.obj
 0003:00000160       ?dazSupported@?1??common_control87@@9@9 000000014004d160     libucrt:ieee.obj
 0003:00000168       ?errno_no_memory@@3HA      000000014004d168     libucrt:errno.obj
 0003:0000016c       ?doserrno_no_memory@@3KA   000000014004d16c     libucrt:errno.obj
 0003:000001b8       ?__acrt_flsindex@@3KA      000000014004d1b8     libucrt:per_thread_data.obj
 0003:00000660       _mbctypes                  000000014004d660     libucrt:mbctype.obj
 0003:00000770       _mbcasemaps                000000014004d770     libucrt:mbctype.obj
 0003:00000870       ?__rgctypeflag@@3PADA      000000014004d870     libucrt:mbctype.obj
 0003:00000880       ?__rgcode_page_info@@3PAUcode_page_info@@A 000000014004d880     libucrt:mbctype.obj
 0003:00000a30       ?tzstd_program@@3PADA      000000014004da30     libucrt:timeset.obj
 0003:00000a70       ?tzdst_program@@3PADA      000000014004da70     libucrt:timeset.obj
 0003:00000ab0       ?w_tzstd_program@@3PA_WA   000000014004dab0     libucrt:timeset.obj
 0003:00000b30       ?w_tzdst_program@@3PA_WA   000000014004db30     libucrt:timeset.obj
 0003:00000bb0       ?tzname_states@@3PAY01PEADA 000000014004dbb0     libucrt:timeset.obj
 0003:00000bc0       ?w_tzname_states@@3PAY01PEA_WA 000000014004dbc0     libucrt:timeset.obj
 0003:00000bd0       ?dststart@@3Utransitiondate@?A0x7639d0b4@@A 000000014004dbd0     libucrt:tzset.obj
 0003:00000be0       ?dstend@@3Utransitiondate@?A0x7639d0b4@@A 000000014004dbe0     libucrt:tzset.obj
 0003:00000bf0       ?__dcrt_lowio_console_output_handle@@3PEAXEA 000000014004dbf0     libucrt:initcon.obj
 0003:00000c00       ?dazSupported@?1??_ctrlfp@@9@9 000000014004dc00     libucrt:fpctrl.obj
 0003:00000c40       ?need_init@?1??server_connect@@9@9 000000014004dc40     device.obj
 0003:00000c44       ?s_curRayLength@@3IA       000000014004dc44     ball.obj
 0003:00000c48       ?s_beamAlphaMin@@3MA       000000014004dc48     ball.obj
 0003:00000c4c       ?s_beamAtten@@3IA          000000014004dc4c     ball.obj
 0003:00000c50       ?s_rocketCallbacks@@3Usync_cb@@A 000000014004dc50     rocket.obj
 0003:00000c68       ?s_mapTilt@@3HA            000000014004dc68     landscape.obj
 0003:00000c70       ?s_lastErr@@3V?$basic_string@DU?$char_traits@D@std@@V?$allocator@D@2@@std@@A 000000014004dc70     main.obj
 0003:00000f20       ?is_initialized_as_dll@@3_NA 000000014004df20     LIBCMT:utility.obj
 0003:00000f21       ?module_local_atexit_table_initialized@@3_NA 000000014004df21     LIBCMT:utility.obj
 0003:00000f28       ?module_local_atexit_table@@3U_onexit_table_t@@A 000000014004df28     LIBCMT:utility.obj
 0003:00000f40       ?module_local_at_quick_exit_table@@3U_onexit_table_t@@A 000000014004df40     LIBCMT:utility.obj
 0003:00000f90       ?__vcrt_startup_thread_ptd@@3U__vcrt_ptd@@A 000000014004df90     libvcruntime:per_thread_data.obj
 0003:00001010       __vcrt_lock_table          000000014004e010     libvcruntime:locks.obj
 0003:00001038       __vcrt_locks_initialized   000000014004e038     libvcruntime:locks.obj
 0003:00001080       ?heap@@3V_HeapManager@@A   000000014004e080     libvcruntime:undname.obj
 0003:000010a8       ?module_handles@@3PAPEAUHINSTANCE__@@A 000000014004e0a8     libvcruntime:winapi_downlevel.obj
 0003:000010c0       ?function_pointers@@3PAPEAXA 000000014004e0c0     libvcruntime:winapi_downlevel.obj
 0003:00001108       ?__acrt_invalid_parameter_handler@@3V?$dual_state_global@P6AXPEB_W00I_K@Z@__crt_state_management@@A 000000014004e108     libucrt:invalid_parameter.obj
 0003:00001110       ?__acrt_new_handler@@3V?$dual_state_global@P6AH_K@Z@__crt_state_management@@A 000000014004e110     libucrt:new_handler.obj
 0003:00001118       ?c_termination_complete@@3JA 000000014004e118     libucrt:exit.obj
 0003:00001120       ?thread_local_exit_callback_func@@3P6AXPEAXK0@ZEA 000000014004e120     libucrt:exit.obj
 0003:00001128       ?c_exit_complete@?1???R<lambda_6e4b09c48022b2350581041d5f6b0c4c>@@QEBA@XZ@4_NA 000000014004e128     libucrt:exit.obj
 0003:00001130       ?program_name@?1???$common_configure_argv@D@@YAHW4_crt_argv_mode@@@Z@4PADA 000000014004e130     libucrt:argv_parsing.obj
 0003:00001288       ?__acrt_app_type@@3W4_crt_app_type@@A 000000014004e288     libucrt:report_runtime_error.obj
 0003:00001290       ?user_matherr@@3V?$dual_state_global@P6AHPEAU_exception@@@Z@__crt_state_management@@A 000000014004e290     libucrt:matherr.obj
 0003:00001298       ?empty_string@?1???$common_wincmdln@E@@YAPEAEXZ@4PAEA 000000014004e298     libucrt:argv_winmain.obj
 0003:000012a0       ?__acrt_global_new_mode@@3V?$dual_state_global@J@__crt_state_management@@A 000000014004e2a0     libucrt:new_mode.obj
 0003:000012b0       ?module_handles@@3PAPEAUHINSTANCE__@@A 000000014004e2b0     libucrt:winapi_thunks.obj
 0003:00001360       ?encoded_function_pointers@@3PAPEAXA 000000014004e360     libucrt:winapi_thunks.obj
 0003:00001870       ?internal_state@?1??_mbtowc_internal@@9@4U_Mbstatet@@A 000000014004e870     libucrt:mbtowc.obj
 0003:00001878       ?enable_percent_n@@3_KA    000000014004e878     libucrt:printf_count_output.obj
 0003:00001890       ?__acrt_lock_table@@3PAU_RTL_CRITICAL_SECTION@@A 000000014004e890     libucrt:locks.obj
 0003:00001ac0       ?__acrt_locks_initialized@@3IA 000000014004eac0     libucrt:locks.obj
 0003:00001ae0       ?fSystemSet@@3HA           000000014004eae0     libucrt:mbctype.obj
 0003:00001ae4       ?initialized@?1??__acrt_initialize_multibyte@@9@4_NA 000000014004eae4     libucrt:mbctype.obj
 0003:00001b20       ?ctrlc_action@@3V?$dual_state_global@P6AXH@Z@__crt_state_management@@A 000000014004eb20     libucrt:signal.obj
 0003:00001b28       ?ctrlbreak_action@@3V?$dual_state_global@P6AXH@Z@__crt_state_management@@A 000000014004eb28     libucrt:signal.obj
 0003:00001b30       ?abort_action@@3V?$dual_state_global@P6AXH@Z@__crt_state_management@@A 000000014004eb30     libucrt:signal.obj
 0003:00001b38       ?term_action@@3V?$dual_state_global@P6AXH@Z@__crt_state_management@@A 000000014004eb38     libucrt:signal.obj
 0003:00001b60       ?_tzname@@3V?$dual_state_global@PEAPEAD@__crt_state_management@@A 000000014004eb60     libucrt:timeset.obj
 0003:00001b68       ?w_tzname@@3V?$dual_state_global@PEAPEA_W@__crt_state_management@@A 000000014004eb68     libucrt:timeset.obj
 0003:00001b70       ?last_wide_tz@@3PEA_WEA    000000014004eb70     libucrt:tzset.obj
 0003:00001b80       ?tz_api_used@@3HA          000000014004eb80     libucrt:tzset.obj
 0003:00001b84       ?tzset_init_state@@3V?$dual_state_global@J@__crt_state_management@@A 000000014004eb84     libucrt:tzset.obj
 0003:00001b90       ?tz_info@@3U_TIME_ZONE_INFORMATION@@A 000000014004eb90     libucrt:tzset.obj
 0003:00001c40       ?internal_pst@?1??__mbrtoc32_utf8@__crt_mbstring@@YA_KPEA_UPEBD_KPEAU_Mbstatet@@AEAV__crt_cached_ptd_host@@@Z@4U3@A 000000014004ec40     libucrt:mbrtoc32.obj
 0003:00001c50       GS_ExceptionRecord         000000014004ec50     LIBCMT:gs_report.obj
 0003:00001cf0       GS_ContextRecord           000000014004ecf0     LIBCMT:gs_report.obj
 0003:000095c8       ?s_bassInf@@3UBASS_INFO@@A 00000001400565c8     audio.obj
 0003:00009600       ?fNautilus_global@@3VVector3@@A 0000000140056600     shadertoy.obj
 0003:00009610       ?fSpike_global@@3VVector4@@A 0000000140056610     shadertoy.obj
 0003:00009620       ?temp@?1??path_encode@@9@9 0000000140056620     device.obj
 0003:00009724       ?s_hMusic@@3KA             0000000140056724     audio.obj
 0003:00009728       ?s_pEnvMap@@3PEAIEA        0000000140056728     ball.obj
 0003:00009730       ?temp@?1??sync_track_path@@9@9 0000000140056730     device.obj
 0003:00009838       ?s_pColorMap@@3PAPEAIA     0000000140056838     ball.obj
 0003:00009848       ?s_pHeightMap@@3PAPEAEA    0000000140056848     ball.obj
 0003:00009870       ?s_heightProj@@3PAIA       0000000140056870     ball.obj
 0003:0000a870       ?s_heightProjNorm@@3PAHA   0000000140057870     ball.obj
 0003:0000b870       ?s_pHalo@@3PEAIEA          0000000140058870     ball.obj
 0003:0000b878       ?s_pBeamMapMix@@3PEAIEA    0000000140058878     ball.obj
 0003:0000b880       ?s_pBeamMaps@@3PAPEAIA     0000000140058880     ball.obj
 0003:0000b898       ?s_heightMapMix@@3PEAEEA   0000000140058898     ball.obj
 0003:0000b8a0       ?s_pBackgrounds@@3PAPEAIA  00000001400588a0     ball.obj
 0003:0000b8b0       ?s_pTempBuf@@3PEAIEA       00000001400588b0     boxblur.obj
 0003:0000b8b8       ?s_genState@@3UTINYMT32_T@@A 00000001400588b8     random.obj
 0003:0000b8d8       ?s_hRocket@@3PEAUsync_device@@EA 00000001400588d8     rocket.obj
 0003:0000b8e0       ?s_pFDTunnelTex@@3PEAIEA   00000001400588e0     shadertoy.obj
 0003:0000b8e8       ?s_pFDTunnelTexHighlights@@3PEAIEA 00000001400588e8     shadertoy.obj
 0003:0000b8f0       ?s_pSpikeBlurMaps@@3PAPEAIA 00000001400588f0     shadertoy.obj
 0003:0000b900       ?s_pNautilusDirt@@3PEAIEA  0000000140058900     demo.obj
 0003:0000b908       ?s_pBallVignette@@3PEAIEA  0000000140058908     demo.obj
 0003:0000b910       ?s_pLenz@@3PEAIEA          0000000140058910     demo.obj
 0003:0000b918       ?s_pRevLogo@@3PEAIEA       0000000140058918     demo.obj
 0003:0000b920       ?s_pSpikeyFullDirt@@3PEAIEA 0000000140058920     demo.obj
 0003:0000b928       ?s_pNoooN@@3PEAIEA         0000000140058928     demo.obj
 0003:0000b930       ?s_pTunnelVignette2@@3PEAIEA 0000000140058930     demo.obj
 0003:0000b938       ?s_pSpikeyBypass@@3PEAIEA  0000000140058938     demo.obj
 0003:0000b940       ?s_pDiscoGuys@@3PAPEAIA    0000000140058940     demo.obj
 0003:0000b980       ?s_pGreetings@@3PAPEAIA    0000000140058980     demo.obj
 0003:0000b9a0       ?s_pCredits@@3PAPEAIA      00000001400589a0     demo.obj
 0003:0000b9c0       ?s_pWaterDirt@@3PEAIEA     00000001400589c0     demo.obj
 0003:0000b9c8       ?s_pCloseSpikeVignette@@3PEAIEA 00000001400589c8     demo.obj
 0003:0000b9d0       ?s_pCloseSpikeDirt@@3PEAIEA 00000001400589d0     demo.obj
 0003:0000b9d8       ?s_pVignette06@@3PEAIEA    00000001400589d8     demo.obj
 0003:0000b9e0       ?s_pRibbons@@3PEAIEA       00000001400589e0     demo.obj
 0003:0000b9e8       ?s_pNautilusCousteauRim2@@3PEAIEA 00000001400589e8     demo.obj
 0003:0000b9f0       ?s_pWaterPrismOverlay@@3PEAIEA 00000001400589f0     demo.obj
 0003:0000b9f8       ?s_pNautilusCousteau2@@3PEAIEA 00000001400589f8     demo.obj
 0003:0000ba00       ?s_pSpikeyArrested@@3PEAIEA 0000000140058a00     demo.obj
 0003:0000ba08       ?s_pAreWeDone@@3PEAIEA     0000000140058a08     demo.obj
 0003:0000ba10       ?s_pTunnelFullDirt@@3PEAIEA 0000000140058a10     demo.obj
 0003:0000ba18       ?s_pGodLayer@@3PEAIEA      0000000140058a18     demo.obj
 0003:0000ba20       ?s_pSpikeyVignette@@3PEAIEA 0000000140058a20     demo.obj
 0003:0000ba28       ?s_pNautilusCousteauRim1@@3PEAIEA 0000000140058a28     demo.obj
 0003:0000ba30       ?s_pTunnelVignette@@3PEAIEA 0000000140058a30     demo.obj
 0003:0000ba38       ?s_pNautilusCousteau1@@3PEAIEA 0000000140058a38     demo.obj
 0003:0000ba40       ?s_pNautilusVignette@@3PEAIEA 0000000140058a40     demo.obj
 0003:0000ba48       ?s_pNautilusText@@3PEAIEA  0000000140058a48     demo.obj
 0003:0000ba50       ?s_pGreetingsDirt@@3PEAIEA 0000000140058a50     demo.obj
 0003:0000ba58       ?s_pGreetingsVignette@@3PEAIEA 0000000140058a58     demo.obj
 0003:0000ba60       ?s_pMFX@@3PEAIEA           0000000140058a60     demo.obj
 0003:0000ba68       ?s_pSpikeyVignette2@@3PEAIEA 0000000140058a68     demo.obj
 0003:0000ba70       ?s_pPad@@3PEAU_SDL_GameController@@EA 0000000140058a70     gamepad.obj
 0003:0000ba78       ?s_pGC@@3V?$vector@PEAXV?$allocator@PEAX@std@@@std@@A 0000000140058a78     image.obj
 0003:0000ba90       ?s_pColorMap@@3PEAIEA      0000000140058a90     landscape.obj
 0003:0000ba98       ?s_pFogGradient@@3PEAIEA   0000000140058a98     landscape.obj
 0003:0000baa0       ?s_fogGradientUnp@@3PAT__m128i@@A 0000000140058aa0     landscape.obj
 0003:0000caa0       ?s_pHeightMap@@3PEAEEA     0000000140059aa0     landscape.obj
 0003:0000caa8       ?s_pInvMap2x2@@3PEAHEA     0000000140059aa8     polar.obj
 0003:0000cab0       ?s_pMap@@3PEAHEA           0000000140059ab0     polar.obj
 0003:0000cab8       ?s_pInvMap@@3PEAHEA        0000000140059ab8     polar.obj
 0003:0000cac0       ?s_pMap2x2@@3PEAHEA        0000000140059ac0     polar.obj
 0003:0000cac8       ?s_pColorMap@@3PEAIEA      0000000140059ac8     torus-twister.obj
 0003:0000cad0       ?s_heightProj@@3PAIA       0000000140059ad0     torus-twister.obj
 0003:0000d2d0       ?s_heightProjNorm@@3PAIA   000000014005a2d0     torus-twister.obj
 0003:0000dad0       ?s_pHeightMap@@3PEAEEA     000000014005aad0     torus-twister.obj
 0003:0000dad8       ?s_pBackground@@3PEAIEA    000000014005aad8     torus-twister.obj
 0003:0000dae0       ?s_pColorMap@@3PEAIEA      000000014005aae0     tunnelscape.obj
 0003:0000dae8       ?s_pFogGradient@@3PEAIEA   000000014005aae8     tunnelscape.obj
 0003:0000daf0       ?s_fogGradientUnp@@3PAT__m128i@@A 000000014005aaf0     tunnelscape.obj
 0003:0000eaf0       ?s_pHeightMap@@3PEAEEA     000000014005baf0     tunnelscape.obj
 0003:0000eaf8       ?numCalls@?9??Gamepad_Update@@YA_NAEAUPadState@@@Z@4HA 000000014005baf8     gamepad.obj
 0003:0000eafc       ?strafeX@?1??vscape@@YAXPEAIMM@Z@4MA 000000014005bafc     landscape.obj
 0003:0000eb00       ?viewAngle@?1??vscape@@YAXPEAIMM@Z@4MA 000000014005bb00     landscape.obj
 0003:0000eb04       ?padMoveX@?1??vscape@@YAXPEAIMM@Z@4MA 000000014005bb04     landscape.obj
 0003:0000eb08       ?padTilt@?1??vscape@@YAXPEAIMM@Z@4MA 000000014005bb08     landscape.obj
 0003:0000eb0c       ?padMoveY@?1??vscape@@YAXPEAIMM@Z@4MA 000000014005bb0c     landscape.obj
 0003:0000eb10       ?strafeY@?1??vscape@@YAXPEAIMM@Z@4MA 000000014005bb10     landscape.obj
 0003:0000eb20       ?edgeDivs@?1??VerticalBoxBlur32@@YAXPEAIPEBIIIM@Z@4PAT__m128i@@A 000000014005bb20     boxblur.obj
 0003:0000fb20       ?edgeDivs@?1??HorizontalBoxBlur32@@YAXPEAIPEBIIIM@Z@4PAT__m128i@@A 000000014005cb20     boxblur.obj
 0005:00000000       MsetTab                    0000000140061000     libvcruntime:memset.obj
 0005:00000050       MoveSmall                  0000000140061050     libvcruntime:memcpy.obj
 0005:00000090       MoveSmallYmm               0000000140061090     libvcruntime:memcpy.obj
 0005:000000b4       MoveSmallYmmNT             00000001400610b4     libvcruntime:memcpy.obj
 0005:000000d8       MoveSmallXmm               00000001400610d8     libvcruntime:memcpy.obj
 0005:00000100       _2il0floatpacket$19        0000000140061100     LIBCMT:svml_ssinf4_sse2.obj
 0005:00000200       _2il0floatpacket$26        0000000140061200     LIBCMT:svml_dcos2_sse2.obj
 0005:00000210       _2il0floatpacket$27        0000000140061210     LIBCMT:svml_dcos2_sse2.obj
 0005:00000220       _2il0floatpacket$28        0000000140061220     LIBCMT:svml_dcos2_sse2.obj
 0005:00000230       _2il0floatpacket$29        0000000140061230     LIBCMT:svml_dcos2_sse2.obj
 0005:00000240       _2il0floatpacket$30        0000000140061240     LIBCMT:svml_dcos2_sse2.obj
 0005:00000250       _2il0floatpacket$31        0000000140061250     LIBCMT:svml_dcos2_sse2.obj
 0005:00000260       _2il0floatpacket$32        0000000140061260     LIBCMT:svml_dcos2_sse2.obj
 0005:00000270       _2il0floatpacket$33        0000000140061270     LIBCMT:svml_dcos2_sse2.obj
 0005:00000280       _2il0floatpacket$34        0000000140061280     LIBCMT:svml_dcos2_sse2.obj
 0005:00000290       _2il0floatpacket$35        0000000140061290     LIBCMT:svml_dcos2_sse2.obj
 0005:000002a0       _2il0floatpacket$36        00000001400612a0     LIBCMT:svml_dcos2_sse2.obj
 0005:000002b0       _2il0floatpacket$37        00000001400612b0     LIBCMT:svml_dcos2_sse2.obj
 0005:000002c0       _2il0floatpacket$38        00000001400612c0     LIBCMT:svml_dcos2_sse2.obj
 0005:000002d0       _2il0floatpacket$39        00000001400612d0     LIBCMT:svml_dcos2_sse2.obj
 0005:000002e0       _2il0floatpacket$40        00000001400612e0     LIBCMT:svml_dcos2_sse2.obj
 0005:000002f0       _2il0floatpacket$41        00000001400612f0     LIBCMT:svml_dcos2_sse2.obj
 0005:00000300       _2il0floatpacket$42        0000000140061300     LIBCMT:svml_dcos2_sse2.obj
 0005:00000310       _2il0floatpacket$43        0000000140061310     LIBCMT:svml_dcos2_sse2.obj
 0005:00000400       _2il0floatpacket$26        0000000140061400     LIBCMT:svml_dcos2_sse4.obj
 0005:00000410       _2il0floatpacket$27        0000000140061410     LIBCMT:svml_dcos2_sse4.obj
 0005:00000420       _2il0floatpacket$28        0000000140061420     LIBCMT:svml_dcos2_sse4.obj
 0005:00000430       _2il0floatpacket$29        0000000140061430     LIBCMT:svml_dcos2_sse4.obj
 0005:00000440       _2il0floatpacket$30        0000000140061440     LIBCMT:svml_dcos2_sse4.obj
 0005:00000450       _2il0floatpacket$31        0000000140061450     LIBCMT:svml_dcos2_sse4.obj
 0005:00000460       _2il0floatpacket$32        0000000140061460     LIBCMT:svml_dcos2_sse4.obj
 0005:00000470       _2il0floatpacket$33        0000000140061470     LIBCMT:svml_dcos2_sse4.obj
 0005:00000480       _2il0floatpacket$34        0000000140061480     LIBCMT:svml_dcos2_sse4.obj
 0005:00000490       _2il0floatpacket$35        0000000140061490     LIBCMT:svml_dcos2_sse4.obj
 0005:000004a0       _2il0floatpacket$36        00000001400614a0     LIBCMT:svml_dcos2_sse4.obj
 0005:000004b0       _2il0floatpacket$37        00000001400614b0     LIBCMT:svml_dcos2_sse4.obj
 0005:000004c0       _2il0floatpacket$38        00000001400614c0     LIBCMT:svml_dcos2_sse4.obj
 0005:000004d0       _2il0floatpacket$39        00000001400614d0     LIBCMT:svml_dcos2_sse4.obj
 0005:000004e0       _2il0floatpacket$40        00000001400614e0     LIBCMT:svml_dcos2_sse4.obj
 0005:000004f0       _2il0floatpacket$41        00000001400614f0     LIBCMT:svml_dcos2_sse4.obj
 0005:00000500       _2il0floatpacket$42        0000000140061500     LIBCMT:svml_dcos2_sse4.obj
 0005:00000510       _2il0floatpacket$43        0000000140061510     LIBCMT:svml_dcos2_sse4.obj
 0005:00002700       _vmlsSinHATab              0000000140063700     LIBCMT:svml_s_sin_cout.obj
 0005:00013500       _vmldCosHATab              0000000140074500     LIBCMT:svml_d_cos_cout.obj
 0006:00000060       $R000000                   0000000140075060     * linker generated manifest res *
