 VS17

 Timestamp is 641f5262 (Sat Mar 25 20:58:26 2023)

 Preferred load address is 0000000140000000

 Start         Length     Name                   Class
 0001:00000000 00000020H .text$di                CODE
 0001:00000020 00037fe0H .text$mn                CODE
 0001:00038000 00000040H .text$mn$00             CODE
 0001:00038040 000006d0H .text$x                 CODE
 0001:00038710 000000d9H .text$yd                CODE
 0002:00000000 00000538H .idata$5                DATA
 0002:00000538 00000028H .00cfg                  DATA
 0002:00000560 00000008H .CRT$XCA                DATA
 0002:00000568 00000008H .CRT$XCAA               DATA
 0002:00000570 00000010H .CRT$XCU                DATA
 0002:00000580 00000008H .CRT$XCZ                DATA
 0002:00000588 00000008H .CRT$XIA                DATA
 0002:00000590 00000008H .CRT$XIAA               DATA
 0002:00000598 00000008H .CRT$XIAC               DATA
 0002:000005a0 00000028H .CRT$XIC                DATA
 0002:000005c8 00000008H .CRT$XIZ                DATA
 0002:000005d0 00000008H .CRT$XPA                DATA
 0002:000005d8 00000010H .CRT$XPX                DATA
 0002:000005e8 00000008H .CRT$XPXA               DATA
 0002:000005f0 00000008H .CRT$XPZ                DATA
 0002:000005f8 00000008H .CRT$XTA                DATA
 0002:00000600 00000010H .CRT$XTZ                DATA
 0002:00000608 00000000H .gehcont$y              DATA
 0002:00000608 00000000H .gfids$y                DATA
 0002:00000610 0000d170H .rdata                  DATA
 0002:0000d780 00000000H .rdata$CastGuardVftablesA DATA
 0002:0000d780 00000000H .rdata$CastGuardVftablesC DATA
 0002:0000d780 000006fcH .rdata$r                DATA
 0002:0000de7c 000002ccH .rdata$voltmd           DATA
 0002:0000e148 000003b0H .rdata$zzzdbg           DATA
 0002:0000e4f8 00000008H .rtc$IAA                DATA
 0002:0000e500 00000008H .rtc$IZZ                DATA
 0002:0000e508 00000008H .rtc$TAA                DATA
 0002:0000e510 00000008H .rtc$TZZ                DATA
 0002:0000e518 00002e60H .xdata                  DATA
 0002:00011378 00000314H .xdata$x                DATA
 0002:0001168c 00000000H .edata                  DATA
 0002:0001168c 0000008cH .idata$2                DATA
 0002:00011718 00000018H .idata$3                DATA
 0002:00011730 00000538H .idata$4                DATA
 0002:00011c68 00000bd2H .idata$6                DATA
 0003:00000000 00000ca0H .data                   DATA
 0003:00000ca0 000001a8H .data$r                 DATA
 0003:00000e48 000000c8H .data$rs                DATA
 0003:00000f10 0000fc30H .bss                    DATA
 0004:00000000 00002880H .pdata                  DATA
 0005:00000000 00013510H _RDATA                  DATA
 0006:00000000 00000060H .rsrc$01                DATA
 0006:00000060 00000180H .rsrc$02                DATA

  Address         Publics by Value              Rva+Base               Lib:Object

 0000:00000000       __x64_code_ranges_to_entry_points_count 0000000000000000     <absolute>
 0000:00000000       __guard_longjmp_table      0000000000000000     <absolute>
 0000:00000000       __x64_code_ranges_to_entry_points 0000000000000000     <absolute>
 0000:00000000       __guard_iat_table          0000000000000000     <absolute>
 0000:00000000       __guard_fids_count         0000000000000000     <absolute>
 0000:00000000       __guard_iat_count          0000000000000000     <absolute>
 0000:00000000       __guard_longjmp_count      0000000000000000     <absolute>
 0000:00000000       __arm64x_extra_rfe_table   0000000000000000     <absolute>
 0000:00000000       __dynamic_value_reloc_table 0000000000000000     <absolute>
 0000:00000000       __hybrid_auxiliary_iat     0000000000000000     <absolute>
 0000:00000000       __hybrid_auxiliary_iat_copy 0000000000000000     <absolute>
 0000:00000000       __hybrid_code_map          0000000000000000     <absolute>
 0000:00000000       __arm64x_extra_rfe_table_size 0000000000000000     <absolute>
 0000:00000000       __arm64x_redirection_metadata 0000000000000000     <absolute>
 0000:00000000       __AbsoluteZero             0000000000000000     <absolute>
 0000:00000000       __guard_check_icall_a64n_fptr 0000000000000000     <absolute>
 0000:00000000       __guard_fids_table         0000000000000000     <absolute>
 0000:00000000       __guard_eh_cont_count      0000000000000000     <absolute>
 0000:00000000       __arm64x_redirection_metadata_count 0000000000000000     <absolute>
 0000:00000000       __enclave_config           0000000000000000     <absolute>
 0000:00000000       __guard_eh_cont_table      0000000000000000     <absolute>
 0000:00000000       __arm64x_native_entrypoint 0000000000000000     <absolute>
 0000:00000000       __hybrid_code_map_count    0000000000000000     <absolute>
 0000:00000100       __guard_flags              0000000000000100     <absolute>
 0000:00000000       __ImageBase                0000000140000000     <linker-defined>
 0001:00000020       __local_stdio_printf_options 0000000140001020 f i device.obj
 0001:00000030       fprintf                    0000000140001030 f i device.obj
 0001:00000080       snprintf                   0000000140001080 f i device.obj
 0001:000002d0       sync_save_tracks           00000001400012d0 f   device.obj
 0001:00000890       sync_tcp_connect           0000000140001890 f   device.obj
 0001:00000ad0       sync_update                0000000140001ad0 f   device.obj
 0001:00000d40       sync_get_track             0000000140001d40 f   device.obj
 0001:00000f40       sync_get_val               0000000140001f40 f   track.obj
 0001:00001140       ??0Vector3@@QEAA@MMM@Z     0000000140002140 f i Matrix44.obj
 0001:00001160       ??GVector3@@QEBA?BV0@AEBV0@@Z 0000000140002160 f i Matrix44.obj
 0001:000011a0       ??DVector3@@QEBA?BMAEBV0@@Z 00000001400021a0 f i Matrix44.obj
 0001:000011d0       ??DVector3@@QEBA?BV0@M@Z   00000001400021d0 f i Matrix44.obj
 0001:00001200       ??XVector3@@QEAAAEAV0@M@Z  0000000140002200 f i Matrix44.obj
 0001:00001230       ?Normalized@Vector3@@QEBA?BV1@XZ 0000000140002230 f i Matrix44.obj
 0001:000012a0       ??0Vector4@@QEAA@MMMM@Z    00000001400022a0 f i Matrix44.obj
 0001:000012c0       ??0exception@std@@QEAA@AEBV01@@Z 00000001400022c0 f i audio.obj
 0001:00001300       ?what@exception@std@@UEBAPEBDXZ 0000000140002300 f i audio.obj
 0001:00001320       ??_Eexception@std@@UEAAPEAXI@Z 0000000140002320 f i * CIL library *:* CIL module *
 0001:00001320       ??_Gbad_array_new_length@std@@UEAAPEAXI@Z 0000000140002320 f i audio.obj
 0001:00001320       ??_Elogic_error@std@@UEAAPEAXI@Z 0000000140002320 f i libcpmt:xthrow.obj
 0001:00001320       ??_Gexception@std@@UEAAPEAXI@Z 0000000140002320 f i audio.obj
 0001:00001320       ??_Ebad_alloc@std@@UEAAPEAXI@Z 0000000140002320 f i * CIL library *:* CIL module *
 0001:00001320       ??_Ebad_array_new_length@std@@UEAAPEAXI@Z 0000000140002320 f i * CIL library *:* CIL module *
 0001:00001320       ??_Gbad_alloc@std@@UEAAPEAXI@Z 0000000140002320 f i audio.obj
 0001:00001320       ??_Glogic_error@std@@UEAAPEAXI@Z 0000000140002320 f i libcpmt:xthrow.obj
 0001:00001320       ??_Eruntime_error@std@@UEAAPEAXI@Z 0000000140002320 f i * CIL library *:* CIL module *
 0001:00001320       ??_Gruntime_error@std@@UEAAPEAXI@Z 0000000140002320 f i main.obj
 0001:00001320       ??_Gbad_exception@std@@UEAAPEAXI@Z 0000000140002320 f i libvcruntime:frame.obj
 0001:00001320       ??_Glength_error@std@@UEAAPEAXI@Z 0000000140002320 f i libcpmt:xthrow.obj
 0001:00001320       ??_Elength_error@std@@UEAAPEAXI@Z 0000000140002320 f i libcpmt:xthrow.obj
 0001:00001320       ??_Ebad_exception@std@@UEAAPEAXI@Z 0000000140002320 f i libvcruntime:frame.obj
 0001:00001370       ??1system_error@std@@UEAA@XZ 0000000140002370 f i main.obj
 0001:00001370       ??1bad_alloc@std@@UEAA@XZ  0000000140002370 f i audio.obj
 0001:00001370       ??1length_error@std@@UEAA@XZ 0000000140002370 f i libcpmt:xthrow.obj
 0001:00001370       ??1bad_exception@std@@UEAA@XZ 0000000140002370 f i libvcruntime:frame.obj
 0001:00001370       ??1bad_array_new_length@std@@UEAA@XZ 0000000140002370 f i audio.obj
 0001:00001390       ??0bad_array_new_length@std@@QEAA@XZ 0000000140002390 f i audio.obj
 0001:000013c0       ?_Throw_bad_array_new_length@std@@YAXXZ 00000001400023c0 f i audio.obj
 0001:000013c0       ?__scrt_throw_std_bad_array_new_length@@YAXXZ 00000001400023c0 f i LIBCMT:throw_bad_alloc.obj
 0001:000013e0       ??0bad_array_new_length@std@@QEAA@AEBV01@@Z 00000001400023e0 f i audio.obj
 0001:00001420       ??0bad_alloc@std@@QEAA@AEBV01@@Z 0000000140002420 f i audio.obj
 0001:00001460       ?_Xlen_string@std@@YAXXZ   0000000140002460 f i audio.obj
 0001:00001480       ?Audio_Create@@YA_NIAEBV?$basic_string@DU?$char_traits@D@std@@V?$allocator@D@2@@std@@PEAUHWND__@@_N@Z 0000000140002480 f   audio.obj
 0001:000017d0       ?Audio_Rocket_Pause@@YAXPEAXH@Z 00000001400027d0 f   audio.obj
 0001:000017f0       ?Audio_Rocket_SetRow@@YAXPEAXH@Z 00000001400027f0 f   audio.obj
 0001:00001830       ?Audio_Rocket_IsPlaying@@YAHPEAX@Z 0000000140002830 f   audio.obj
 0001:00001840       ??1?$basic_string@DU?$char_traits@D@std@@V?$allocator@D@2@@std@@QEAA@XZ 0000000140002840 f i audio.obj
 0001:000018a0       ??0?$basic_string@DU?$char_traits@D@std@@V?$allocator@D@2@@std@@QEAA@QEBD@Z 00000001400028a0 f i audio.obj
 0001:000018e0       ?assign@?$basic_string@DU?$char_traits@D@std@@V?$allocator@D@2@@std@@QEAAAEAV12@QEBD@Z 00000001400028e0 f i audio.obj
 0001:00001900       ?assign@?$basic_string@DU?$char_traits@D@std@@V?$allocator@D@2@@std@@QEAAAEAV12@QEBD_K@Z 0000000140002900 f i audio.obj
 0001:00002960       ?Ball_Create@@YA_NXZ       0000000140003960 f   ball.obj
 0001:00003060       ?Ball_Draw@@YAXPEAIMM@Z    0000000140004060 f   ball.obj
 0001:000033d0       ?HorizontalBoxBlur32@@YAXPEAIPEBIIIM@Z 00000001400043d0 f   boxblur.obj
 0001:00003560       ?VerticalBoxBlur32@@YAXPEAIPEBIIIM@Z 0000000140004560 f   boxblur.obj
 0001:000036e0       ?Fx_Blit_2x2@@YAXPEAI0@Z   00000001400046e0 f   fx-blitter.obj
 0001:00003750       tinymt32_init              0000000140004750 f   random.obj
 0001:00003a30       ?Shadertoy_Create@@YA_NXZ  0000000140004a30 f   shadertoy.obj
 0001:00004cb0       ?Spikey_Draw@@YAXPEAIMM_N@Z 0000000140005cb0 f   shadertoy.obj
 0001:00005330       ?RenderLaura_2x2@@YAXPEAIM@Z 0000000140006330 f   shadertoy.obj
 0001:00005520       ?Demo_Create@@YA_NXZ       0000000140006520 f   demo.obj
 0001:00006ce0       ?Demo_Draw@@YA_NPEAIMM@Z   0000000140007ce0 f   demo.obj
 0001:00008120       ?Open@Display@@QEAA_NAEBV?$basic_string@DU?$char_traits@D@std@@V?$allocator@D@2@@std@@II_N@Z 0000000140009120 f   display.obj
 0001:00008410       ?Gamepad_Update@@YA_NAEAUPadState@@@Z 0000000140009410 f   gamepad.obj
 0001:00008920       ?Image_Load32@@YAPEAIAEBV?$basic_string@DU?$char_traits@D@std@@V?$allocator@D@2@@std@@@Z 0000000140009920 f   image.obj
 0001:00008930       ?deallocate@?$allocator@PEAX@std@@QEAAXQEAPEAX_K@Z 0000000140009930 f i image.obj
 0001:00008980       ??$_Emplace_reallocate@AEBQEAX@?$vector@PEAXV?$allocator@PEAX@std@@@std@@QEAAPEAPEAXQEAPEAXAEBQEAX@Z 0000000140009980 f i image.obj
 0001:00008b70       ?_Xlength@?$vector@PEAXV?$allocator@PEAX@std@@@std@@CAXXZ 0000000140009b70 f i image.obj
 0001:00009160       ?Landscape_Create@@YA_NXZ  000000014000a160 f   landscape.obj
 0001:000093c0       ??0runtime_error@std@@QEAA@AEBV01@@Z 000000014000a3c0 f i main.obj
 0001:00009400       ?default_error_condition@error_category@std@@UEBA?AVerror_condition@2@H@Z 000000014000a400 f i main.obj
 0001:00009410       ?equivalent@error_category@std@@UEBA_NHAEBVerror_condition@2@@Z 000000014000a410 f i main.obj
 0001:00009450       ?equivalent@error_category@std@@UEBA_NAEBVerror_code@2@H@Z 000000014000a450 f i main.obj
 0001:00009470       ?make_error_code@std@@YA?AVerror_code@1@W4errc@1@@Z 000000014000a470 f i main.obj
 0001:00009490       ??0_System_error@std@@IEAA@Verror_code@1@AEBV?$basic_string@DU?$char_traits@D@std@@V?$allocator@D@2@@1@@Z 000000014000a490 f i main.obj
 0001:00009630       ??_Gsystem_error@std@@UEAAPEAXI@Z 000000014000a630 f i main.obj
 0001:00009630       ??_G_System_error@std@@UEAAPEAXI@Z 000000014000a630 f i main.obj
 0001:00009630       ??_Esystem_error@std@@UEAAPEAXI@Z 000000014000a630 f i * CIL library *:* CIL module *
 0001:00009630       ??_E_System_error@std@@UEAAPEAXI@Z 000000014000a630 f i * CIL library *:* CIL module *
 0001:00009680       ??0system_error@std@@QEAA@Verror_code@1@@Z 000000014000a680 f i main.obj
 0001:00009730       ?_Throw_system_error@std@@YAXW4errc@1@@Z 000000014000a730 f i main.obj
 0001:00009770       ??0system_error@std@@QEAA@AEBV01@@Z 000000014000a770 f i main.obj
 0001:000097d0       ??0_System_error@std@@QEAA@AEBV01@@Z 000000014000a7d0 f i main.obj
 0001:00009820       ?name@_Generic_error_category@std@@UEBAPEBDXZ 000000014000a820 f i main.obj
 0001:00009830       ?message@_Generic_error_category@std@@UEBA?AV?$basic_string@DU?$char_traits@D@std@@V?$allocator@D@2@@2@H@Z 000000014000a830 f i main.obj
 0001:00009880       ??_E_Generic_error_category@std@@UEAAPEAXI@Z 000000014000a880 f i * CIL library *:* CIL module *
 0001:00009880       ??_G_Generic_error_category@std@@UEAAPEAXI@Z 000000014000a880 f i main.obj
 0001:00009880       ??_G_System_error_category@std@@UEAAPEAXI@Z 000000014000a880 f i main.obj
 0001:00009880       ??_E_System_error_category@std@@UEAAPEAXI@Z 000000014000a880 f i * CIL library *:* CIL module *
 0001:000098b0       ?name@_System_error_category@std@@UEBAPEBDXZ 000000014000a8b0 f i main.obj
 0001:000098c0       ?message@_System_error_category@std@@UEBA?AV?$basic_string@DU?$char_traits@D@std@@V?$allocator@D@2@@2@H@Z 000000014000a8c0 f i main.obj
 0001:00009930       ?default_error_condition@_System_error_category@std@@UEBA?AVerror_condition@2@H@Z 000000014000a930 f i main.obj
 0001:00009990       ?_Make_ec@filesystem@std@@YA?AVerror_code@2@W4__std_win_error@@@Z 000000014000a990 f i main.obj
 0001:000099b0       ?_Throw_system_error_from_std_win_error@filesystem@std@@YAXW4__std_win_error@@@Z 000000014000a9b0 f i main.obj
 0001:000099f0       ??0path@filesystem@std@@QEAA@AEBV012@@Z 000000014000a9f0 f i main.obj
 0001:00009af0       ??0filesystem_error@filesystem@std@@QEAA@AEBV?$basic_string@DU?$char_traits@D@std@@V?$allocator@D@2@@2@AEBVpath@12@Verror_code@2@@Z 000000014000aaf0 f i main.obj
 0001:00009c10       ?what@filesystem_error@filesystem@std@@UEBAPEBDXZ 000000014000ac10 f i main.obj
 0001:00009c20       ?_Pretty_message@filesystem_error@filesystem@std@@CA?AV?$basic_string@DU?$char_traits@D@std@@V?$allocator@D@2@@3@V?$basic_string_view@DU?$char_traits@D@std@@@3@AEBVpath@23@1@Z 000000014000ac20 f i main.obj
 0001:00009e50       ??_Gfilesystem_error@filesystem@std@@UEAAPEAXI@Z 000000014000ae50 f i main.obj
 0001:00009e50       ??_Efilesystem_error@filesystem@std@@UEAAPEAXI@Z 000000014000ae50 f i * CIL library *:* CIL module *
 0001:00009fa0       ??1filesystem_error@filesystem@std@@UEAA@XZ 000000014000afa0 f i main.obj
 0001:0000a0c0       ??0filesystem_error@filesystem@std@@QEAA@AEBV012@@Z 000000014000b0c0 f i main.obj
 0001:0000a140       ?_Throw_fs_error@filesystem@std@@YAXPEBDW4__std_win_error@@AEBVpath@12@@Z 000000014000b140 f i main.obj
 0001:0000a1b0       WinMain                    000000014000b1b0 f   main.obj
 0001:0000ab90       ??0?$basic_string@DU?$char_traits@D@std@@V?$allocator@D@2@@std@@QEAA@AEBV01@@Z 000000014000bb90 f i main.obj
 0001:0000ac70       ?append@?$basic_string@DU?$char_traits@D@std@@V?$allocator@D@2@@std@@QEAAAEAV12@QEBD_K@Z 000000014000bc70 f i main.obj
 0001:0000acf0       ??$_Convert_wide_to_narrow_replace_chars@U?$char_traits@D@std@@V?$allocator@D@2@@filesystem@std@@YA?AV?$basic_string@DU?$char_traits@D@std@@V?$allocator@D@2@@1@W4__std_code_page@@V?$basic_string_view@_WU?$char_traits@_W@std@@@1@AEBV?$allocator@D@1@@Z 000000014000bcf0 f i main.obj
 0001:0000ae40       ??$_Reallocate_grow_by@V<lambda_1>@?1??reserve@?$basic_string@DU?$char_traits@D@std@@V?$allocator@D@2@@std@@QEAAX_K@Z@$$V@?$basic_string@DU?$char_traits@D@std@@V?$allocator@D@2@@std@@AEAAAEAV01@_KV<lambda_1>@?1??reserve@01@QEAAX0@Z@@Z 000000014000be40 f i main.obj
 0001:0000af90       ??$_Reallocate_grow_by@V<lambda_1>@?1??append@?$basic_string@_WU?$char_traits@_W@std@@V?$allocator@_W@2@@std@@QEAAAEAV34@_K_W@Z@_K_W@?$basic_string@_WU?$char_traits@_W@std@@V?$allocator@_W@2@@std@@AEAAAEAV01@_KV<lambda_1>@?1??append@01@QEAAAEAV01@0_W@Z@_K_W@Z 000000014000bf90 f i main.obj
 0001:0000b140       ??$_Reallocate_grow_by@V<lambda_1>@?1??push_back@?$basic_string@DU?$char_traits@D@std@@V?$allocator@D@2@@std@@QEAAXD@Z@D@?$basic_string@DU?$char_traits@D@std@@V?$allocator@D@2@@std@@AEAAAEAV01@_KV<lambda_1>@?1??push_back@01@QEAAXD@Z@D@Z 000000014000c140 f i main.obj
 0001:0000b2b0       ??$_Reallocate_grow_by@V<lambda_1>@?1??append@?$basic_string@DU?$char_traits@D@std@@V?$allocator@D@2@@std@@QEAAAEAV34@QEBD_K@Z@PEBD_K@?$basic_string@DU?$char_traits@D@std@@V?$allocator@D@2@@std@@AEAAAEAV01@_KV<lambda_1>@?1??append@01@QEAAAEAV01@QEBD0@Z@PEBD_K@Z 000000014000c2b0 f i main.obj
 0001:0000b430       ??$_Reallocate_grow_by@V<lambda_1>@?1??append@?$basic_string@DU?$char_traits@D@std@@V?$allocator@D@2@@std@@QEAAAEAV34@_KD@Z@_KD@?$basic_string@DU?$char_traits@D@std@@V?$allocator@D@2@@std@@AEAAAEAV01@_KV<lambda_1>@?1??append@01@QEAAAEAV01@0D@Z@_KD@Z 000000014000c430 f i main.obj
 0001:0000b860       ?Polar_Blit@@YAXPEAIPEBI_N@Z 000000014000c860 f   polar.obj
 0001:0000b8a0       ?Polar_BlitA@@YAXPEAIPEBI_N@Z 000000014000c8a0 f   polar.obj
 0001:0000b8d0       ?Shared_Create@@YA_NXZ     000000014000c8d0 f   shared-resources.obj
 0001:0000be80       ?Twister_Create@@YA_NXZ    000000014000ce80 f   torus-twister.obj
 0001:0000c5a0       ?Tunnelscape_Create@@YA_NXZ 000000014000d5a0 f   tunnelscape.obj
 0001:0000c800       ?Mix32@@YAXPEAIPEBIIE@Z    000000014000d800 f   util.obj
 0001:0000c870       ?Add32@@YAXPEAIPEBII@Z     000000014000d870 f   util.obj
 0001:0000c8c0       ?MixOver32@@YAXPEAIPEBII@Z 000000014000d8c0 f   util.obj
 0001:0000c900       ?Sub32@@YAXPEAIPEBII@Z     000000014000d900 f   util.obj
 0001:0000c950       ?Excl32@@YAXPEAIPEBII@Z    000000014000d950 f   util.obj
 0001:0000c990       ?SoftLight32@@YAXPEAIPEBII@Z 000000014000d990 f   util.obj
 0001:0000c9d0       ?SoftLight32A@@YAXPEAIPEBII@Z 000000014000d9d0 f   util.obj
 0001:0000ca10       ?SoftLight32AA@@YAXPEAIPEBIIM@Z 000000014000da10 f   util.obj
 0001:0000caa0       ?Overlay32@@YAXPEAIPEBII@Z 000000014000daa0 f   util.obj
 0001:0000cae0       ?Overlay32A@@YAXPEAIPEBII@Z 000000014000dae0 f   util.obj
 0001:0000cb20       ?Darken32_50@@YAXPEAIPEBII@Z 000000014000db20 f   util.obj
 0001:0000cb60       ?TapeWarp32@@YAXPEAIPEBIIIMM@Z 000000014000db60 f   util.obj
 0001:0000cbc0       ?MulSrc32@@YAXPEAIPEBII@Z  000000014000dbc0 f   util.obj
 0001:0000cc10       ?MulSrc32A@@YAXPEAIPEBII@Z 000000014000dc10 f   util.obj
 0001:0000cc60       ?MixSrc32@@YAXPEAIPEBII@Z  000000014000dc60 f   util.obj
 0001:0000ccb0       ?BlitSrc32@@YAXPEAIPEBIIII@Z 000000014000dcb0 f   util.obj
 0001:0000cd30       ?BlitSrc32A@@YAXPEAIPEBIIIIM@Z 000000014000dd30 f   util.obj
 0001:0000cdc0       ?BlitAdd32A@@YAXPEAIPEBIIIIM@Z 000000014000ddc0 f   util.obj
 0001:0000ce50       ?Fade32@@YAXPEAIIIE@Z      000000014000de50 f   util.obj
 0001:0000ced0       ??2@YAPEAX_K@Z             000000014000ded0 f   LIBCMT:new_scalar.obj
 0001:0000cf0c       ??3@YAXPEAX@Z              000000014000df0c f   LIBCMT:delete_scalar.obj
 0001:0000cf14       ??3@YAXPEAX_K@Z            000000014000df14 f   LIBCMT:delete_scalar_size.obj
 0001:0000cf1c       ??_Gtype_info@@UEAAPEAXI@Z 000000014000df1c f i LIBCMT:std_type_info_static.obj
 0001:0000cf1c       ??_Etype_info@@UEAAPEAXI@Z 000000014000df1c f i LIBCMT:std_type_info_static.obj
 0001:0000cf48       __scrt_acquire_startup_lock 000000014000df48 f   LIBCMT:utility.obj
 0001:0000cf84       __scrt_initialize_crt      000000014000df84 f   LIBCMT:utility.obj
 0001:0000cfd0       __scrt_initialize_onexit_tables 000000014000dfd0 f   LIBCMT:utility.obj
 0001:0000d05c       __scrt_is_nonwritable_in_current_image 000000014000e05c f   LIBCMT:utility.obj
 0001:0000d0f4       __scrt_release_startup_lock 000000014000e0f4 f   LIBCMT:utility.obj
 0001:0000d118       __scrt_uninitialize_crt    000000014000e118 f   LIBCMT:utility.obj
 0001:0000d144       _onexit                    000000014000e144 f   LIBCMT:utility.obj
 0001:0000d180       atexit                     000000014000e180 f   LIBCMT:utility.obj
 0001:0000d3f0       WinMainCRTStartup          000000014000e3f0 f   LIBCMT:exe_winmain.obj
 0001:0000d404       ??0bad_alloc@std@@QEAA@XZ  000000014000e404 f i LIBCMT:throw_bad_alloc.obj
 0001:0000d424       ?__scrt_throw_std_bad_alloc@@YAXXZ 000000014000e424 f   LIBCMT:throw_bad_alloc.obj
 0001:0000d444       __isa_available_init       000000014000e444 f   LIBCMT:cpu_disp.obj
 0001:0000d5e8       _get_startup_argv_mode     000000014000e5e8 f   LIBCMT:argv_mode.obj
 0001:0000d5f0       __scrt_is_ucrt_dll_in_use  000000014000e5f0 f   LIBCMT:ucrt_detection.obj
 0001:0000d5fc       __crt_debugger_hook        000000014000e5fc f   LIBCMT:utility_desktop.obj
 0001:0000d604       __scrt_fastfail            000000014000e604 f   LIBCMT:utility_desktop.obj
 0001:0000d750       __scrt_get_show_window_mode 000000014000e750 f   LIBCMT:utility_desktop.obj
 0001:0000d78c       __scrt_initialize_mta      000000014000e78c f   LIBCMT:utility_desktop.obj
 0001:0000d794       __scrt_stub_for_initialize_mta 000000014000e794 f   LIBCMT:utility_desktop.obj
 0001:0000d794       __scrt_exe_initialize_mta  000000014000e794 f   LIBCMT:utility_desktop.obj
 0001:0000d794       __scrt_initialize_winrt    000000014000e794 f   LIBCMT:utility_desktop.obj
 0001:0000d794       _matherr                   000000014000e794 f   LIBCMT:matherr.obj
 0001:0000d794       _get_startup_thread_locale_mode 000000014000e794 f   LIBCMT:thread_locale.obj
 0001:0000d794       _get_startup_new_mode      000000014000e794 f   LIBCMT:new_mode.obj
 0001:0000d794       _get_startup_commit_mode   000000014000e794 f   LIBCMT:commit_mode.obj
 0001:0000d798       __scrt_is_managed_app      000000014000e798 f   LIBCMT:utility_desktop.obj
 0001:0000d7ec       __scrt_set_unhandled_exception_filter 000000014000e7ec f   LIBCMT:utility_desktop.obj
 0001:0000d7fc       __scrt_unhandled_exception_filter 000000014000e7fc f   LIBCMT:utility_desktop.obj
 0001:0000d858       _guard_check_icall_nop     000000014000e858 f i LIBCMT:guard_support.obj
 0001:0000d858       _initialize_invalid_parameter_handler 000000014000e858 f i LIBCMT:invalid_parameter_handler.obj
 0001:0000d858       _initialize_denormal_control 000000014000e858 f i LIBCMT:denormal_control.obj
 0001:0000d85c       __security_init_cookie     000000014000e85c f   LIBCMT:gs_support.obj
 0001:0000d908       _get_startup_file_mode     000000014000e908 f   LIBCMT:file_mode.obj
 0001:0000d910       ?__scrt_initialize_type_info@@YAXXZ 000000014000e910 f   LIBCMT:tncleanup.obj
 0001:0000d920       _should_initialize_environment 000000014000e920 f   LIBCMT:env_mode.obj
 0001:0000d920       __acrt_uninitialize_command_line 000000014000e920 f   libucrt:argv_data.obj
 0001:0000d924       __local_stdio_scanf_options 000000014000e924 f i LIBCMT:default_local_stdio_options.obj
 0001:0000d92c       __scrt_initialize_default_local_stdio_options 000000014000e92c f   LIBCMT:default_local_stdio_options.obj
 0001:0000d948       __scrt_is_user_matherr_present 000000014000e948 f   LIBCMT:matherr_detection.obj
 0001:0000d954       __scrt_get_dyn_tls_init_callback 000000014000e954 f   LIBCMT:dyn_tls_init.obj
 0001:0000d95c       __scrt_get_dyn_tls_dtor_callback 000000014000e95c f   LIBCMT:dyn_tls_dtor.obj
 0001:0000d964       _RTC_Initialize            000000014000e964 f   LIBCMT:initsect.obj
 0001:0000d9a0       _RTC_Terminate             000000014000e9a0 f   LIBCMT:initsect.obj
 0001:0000d9e0       ??0length_error@std@@QEAA@AEBV01@@Z 000000014000e9e0 f i libcpmt:xthrow.obj
 0001:0000da1c       ??0length_error@std@@QEAA@PEBD@Z 000000014000ea1c f i libcpmt:xthrow.obj
 0001:0000da64       ??0logic_error@std@@QEAA@AEBV01@@Z 000000014000ea64 f i libcpmt:xthrow.obj
 0001:0000daa0       ?_Xlength_error@std@@YAXPEBD@Z 000000014000eaa0 f   libcpmt:xthrow.obj
 0001:0000dac4       __std_system_error_allocate_message 000000014000eac4 f   libcpmt:syserror_import_lib.obj
 0001:0000db24       __std_system_error_deallocate_message 000000014000eb24 f   libcpmt:syserror_import_lib.obj
 0001:0000db2c       __std_fs_code_page         000000014000eb2c f   libcpmt:filesystem.obj
 0001:0000db54       __std_fs_convert_narrow_to_wide 000000014000eb54 f   libcpmt:filesystem.obj
 0001:0000db9c       __std_fs_convert_wide_to_narrow_replace_chars 000000014000eb9c f   libcpmt:filesystem.obj
 0001:0000dc68       __std_fs_set_current_path  000000014000ec68 f   libcpmt:filesystem.obj
 0001:0000dc88       ?_Syserror_map@std@@YAPEBDH@Z 000000014000ec88 f   libcpmt:syserror.obj
 0001:0000dcb0       ?_Winerror_map@std@@YAHH@Z 000000014000ecb0 f   libcpmt:syserror.obj
 0001:0000dcd4       strchr                     000000014000ecd4 f   libvcruntime:strchr.obj
 0001:0000dd54       __std_exception_copy       000000014000ed54 f   libvcruntime:std_exception.obj
 0001:0000dde4       __std_exception_destroy    000000014000ede4 f   libvcruntime:std_exception.obj
 0001:0000de0c       __vcrt_initialize          000000014000ee0c f   libvcruntime:initialization.obj
 0001:0000de34       __vcrt_uninitialize        000000014000ee34 f   libvcruntime:initialization.obj
 0001:0000de50       __C_specific_handler       000000014000ee50 f   libvcruntime:riscchandler.obj
 0001:0000e05c       _CxxThrowException         000000014000f05c f   libvcruntime:throw.obj
 0001:0000e0fc       __DestructExceptionObject  000000014000f0fc f   libvcruntime:ehhelpers.obj
 0001:0000e16c       ?_CallMemberFunction0@@YAXQEAX0@Z 000000014000f16c f i libvcruntime:ehhelpers.obj
 0001:0000e170       _IsExceptionObjectToBeDestroyed 000000014000f170 f   libvcruntime:ehhelpers.obj
 0001:0000e1a0       __AdjustPointer            000000014000f1a0 f   libvcruntime:ehhelpers.obj
 0001:0000e1c4       __FrameUnwindFilter        000000014000f1c4 f   libvcruntime:ehhelpers.obj
 0001:0000e22c       __current_exception        000000014000f22c f   libvcruntime:ehhelpers.obj
 0001:0000e240       __current_exception_context 000000014000f240 f   libvcruntime:ehhelpers.obj
 0001:0000e254       __std_terminate            000000014000f254 f   libvcruntime:ehhelpers.obj
 0001:0000e270       memset_repmovs             000000014000f270 f   libvcruntime:memset.obj
 0001:0000e290       memset                     000000014000f290 f   libvcruntime:memset.obj
 0001:0000e420       __std_type_info_compare    000000014000f420 f   libvcruntime:std_type_info.obj
 0001:0000e448       __vcrt_freefls             000000014000f448 f   libvcruntime:per_thread_data.obj
 0001:0000e468       __vcrt_getptd              000000014000f468 f   libvcruntime:per_thread_data.obj
 0001:0000e484       __vcrt_getptd_noexit       000000014000f484 f   libvcruntime:per_thread_data.obj
 0001:0000e544       __vcrt_initialize_ptd      000000014000f544 f   libvcruntime:per_thread_data.obj
 0001:0000e58c       __vcrt_uninitialize_ptd    000000014000f58c f   libvcruntime:per_thread_data.obj
 0001:0000e5b0       __vcrt_initialize_locks    000000014000f5b0 f   libvcruntime:locks.obj
 0001:0000e5e4       __vcrt_uninitialize_locks  000000014000f5e4 f   libvcruntime:locks.obj
 0001:0000e630       _NLG_Notify                000000014000f630 f   libvcruntime:notify.obj
 0001:0000e650       __NLG_Dispatch2            000000014000f650 f   libvcruntime:notify.obj
 0001:0000e660       __NLG_Return2              000000014000f660 f   libvcruntime:notify.obj
 0001:0000e664       __except_validate_context_record 000000014000f664 f   libvcruntime:jbcxrval.obj
 0001:0000e7ec       __vcrt_FlsAlloc            000000014000f7ec f   libvcruntime:winapi_downlevel.obj
 0001:0000e834       __vcrt_FlsFree             000000014000f834 f   libvcruntime:winapi_downlevel.obj
 0001:0000e87c       __vcrt_FlsGetValue         000000014000f87c f   libvcruntime:winapi_downlevel.obj
 0001:0000e8c4       __vcrt_FlsSetValue         000000014000f8c4 f   libvcruntime:winapi_downlevel.obj
 0001:0000e918       __vcrt_InitializeCriticalSectionEx 000000014000f918 f   libvcruntime:winapi_downlevel.obj
 0001:0000e97c       ??$_CallSETranslator@V__FrameHandler3@@@@YAHPEAUEHExceptionRecord@@PEA_KPEAU_CONTEXT@@PEAU_xDISPATCHER_CONTEXT@@PEBU_s_FuncInfo@@K1H@Z 000000014000f97c f i libvcruntime:risctrnsctrl.obj
 0001:0000e9d0       ??$_CallSETranslator@V__FrameHandler4@@@@YAHPEAUEHExceptionRecord@@PEA_KPEAU_CONTEXT@@PEAU_xDISPATCHER_CONTEXT@@PEAUFuncInfo4@FH4@@K1H@Z 000000014000f9d0 f i libvcruntime:risctrnsctrl.obj
 0001:0000ea24       ?CatchTryBlock@__FrameHandler3@@SAPEBU_s_TryBlockMapEntry@@PEBU_s_FuncInfo@@H@Z 000000014000fa24 f   libvcruntime:risctrnsctrl.obj
 0001:0000ea78       ?DecompFuncInfo@FH4@@YA_JPEAEAEAUFuncInfo4@1@_KH_N@Z 000000014000fa78 f i libvcruntime:risctrnsctrl.obj
 0001:0000eb9c       ?ExecutionInCatch@__FrameHandler3@@SA_NPEAU_xDISPATCHER_CONTEXT@@PEBU_s_FuncInfo@@@Z 000000014000fb9c f   libvcruntime:risctrnsctrl.obj
 0001:0000ebc8       ?ExecutionInCatch@__FrameHandler4@@SA_NPEAU_xDISPATCHER_CONTEXT@@PEAUFuncInfo4@FH4@@@Z 000000014000fbc8 f   libvcruntime:risctrnsctrl.obj
 0001:0000ebd0       ?FrameUnwindToEmptyState@__FrameHandler3@@SAXPEA_KPEAU_xDISPATCHER_CONTEXT@@PEBU_s_FuncInfo@@@Z 000000014000fbd0 f   libvcruntime:risctrnsctrl.obj
 0001:0000ec34       ?FrameUnwindToEmptyState@__FrameHandler4@@SAXPEA_KPEAU_xDISPATCHER_CONTEXT@@PEAUFuncInfo4@FH4@@@Z 000000014000fc34 f   libvcruntime:risctrnsctrl.obj
 0001:0000ec68       ?GetEstablisherFrame@__FrameHandler3@@SAPEA_KPEA_KPEAU_xDISPATCHER_CONTEXT@@PEBU_s_FuncInfo@@0@Z 000000014000fc68 f   libvcruntime:risctrnsctrl.obj
 0001:0000ed34       ?GetEstablisherFrame@__FrameHandler4@@SAPEA_KPEA_KPEAU_xDISPATCHER_CONTEXT@@PEAUFuncInfo4@FH4@@0@Z 000000014000fd34 f   libvcruntime:risctrnsctrl.obj
 0001:0000ed58       ?GetRangeOfTrysToCheck@__FrameHandler3@@SA?AU?$pair@Viterator@TryBlockMap@__FrameHandler3@@V123@@std@@AEAVTryBlockMap@1@HPEAU_xDISPATCHER_CONTEXT@@PEBU_s_FuncInfo@@H@Z 000000014000fd58 f   libvcruntime:risctrnsctrl.obj
 0001:0000ee98       ?GetRangeOfTrysToCheck@__FrameHandler4@@SA?AU?$pair@Viterator@TryBlockMap4@FH4@@V123@@std@@AEAVTryBlockMap4@FH4@@HPEAU_xDISPATCHER_CONTEXT@@PEAUFuncInfo4@5@H@Z 000000014000fe98 f   libvcruntime:risctrnsctrl.obj
 0001:0000f000       ?UnwindNestedFrames@__FrameHandler3@@SAXPEA_KPEAUEHExceptionRecord@@PEAU_CONTEXT@@0PEAXPEBU_s_FuncInfo@@HHPEBU_s_HandlerType@@PEAU_xDISPATCHER_CONTEXT@@E@Z 0000000140010000 f   libvcruntime:risctrnsctrl.obj
 0001:0000f104       ?UnwindNestedFrames@__FrameHandler4@@SAXPEA_KPEAUEHExceptionRecord@@PEAU_CONTEXT@@0PEAXPEAUFuncInfo4@FH4@@HHPEAUHandlerType4@5@PEAU_xDISPATCHER_CONTEXT@@E@Z 0000000140010104 f   libvcruntime:risctrnsctrl.obj
 0001:0000f224       ?setBuffer@TryBlockMap4@FH4@@QEAAXViterator@12@@Z 0000000140010224 f i libvcruntime:risctrnsctrl.obj
 0001:0000f3e4       _CreateFrameInfo           00000001400103e4 f   libvcruntime:risctrnsctrl.obj
 0001:0000f420       _FindAndUnlinkFrame        0000000140010420 f   libvcruntime:risctrnsctrl.obj
 0001:0000f474       _GetImageBase              0000000140010474 f   libvcruntime:risctrnsctrl.obj
 0001:0000f488       _GetThrowImageBase         0000000140010488 f   libvcruntime:risctrnsctrl.obj
 0001:0000f49c       _SetImageBase              000000014001049c f   libvcruntime:risctrnsctrl.obj
 0001:0000f4b4       _SetThrowImageBase         00000001400104b4 f   libvcruntime:risctrnsctrl.obj
 0001:0000f4cc       __CxxFrameHandler3         00000001400104cc f   libvcruntime:risctrnsctrl.obj
 0001:0000f554       __CxxFrameHandler4         0000000140010554 f   libvcruntime:risctrnsctrl.obj
 0001:0000f630       memcpy_repmovs             0000000140010630 f   libvcruntime:memcpy.obj
 0001:0000f650       memmove                    0000000140010650 f   libvcruntime:memcpy.obj
 0001:0000f650       memcpy                     0000000140010650 f   libvcruntime:memcpy.obj
 0001:0000fcc8       ?GetCurrentState@__FrameHandler3@@SAHPEA_KPEAU_xDISPATCHER_CONTEXT@@PEBU_s_FuncInfo@@@Z 0000000140010cc8 f   libvcruntime:ehstate.obj
 0001:0000fcf0       ?GetUnwindTryBlock@__FrameHandler3@@SAHPEA_KPEAU_xDISPATCHER_CONTEXT@@PEBU_s_FuncInfo@@@Z 0000000140010cf0 f   libvcruntime:ehstate.obj
 0001:0000fd1c       ?SetState@__FrameHandler3@@SAXPEA_KPEBU_s_FuncInfo@@H@Z 0000000140010d1c f   libvcruntime:ehstate.obj
 0001:0000fd28       ?SetUnwindTryBlock@__FrameHandler3@@SAXPEA_KPEAU_xDISPATCHER_CONTEXT@@PEBU_s_FuncInfo@@H@Z 0000000140010d28 f   libvcruntime:ehstate.obj
 0001:0000fd64       ?StateFromControlPc@__FrameHandler3@@SAHPEBU_s_FuncInfo@@PEAU_xDISPATCHER_CONTEXT@@@Z 0000000140010d64 f   libvcruntime:ehstate.obj
 0001:0000fd6c       ?StateFromControlPc@__FrameHandler4@@SAHPEAUFuncInfo4@FH4@@PEAU_xDISPATCHER_CONTEXT@@@Z 0000000140010d6c f   libvcruntime:ehstate.obj
 0001:0000fd74       ?StateFromIp@__FrameHandler3@@SAHPEBU_s_FuncInfo@@PEAU_xDISPATCHER_CONTEXT@@_K@Z 0000000140010d74 f   libvcruntime:ehstate.obj
 0001:0000fddc       ?StateFromIp@__FrameHandler4@@SAHPEAUFuncInfo4@FH4@@PEAU_xDISPATCHER_CONTEXT@@_K@Z 0000000140010ddc f   libvcruntime:ehstate.obj
 0001:000114c0       ??$TypeMatchHelper@V__FrameHandler3@@@@YAHPEBU_s_HandlerType@@PEBU_s_CatchableType@@PEBU_s_ThrowInfo@@@Z 00000001400124c0 f i libvcruntime:frame.obj
 0001:00011600       ??$TypeMatchHelper@V__FrameHandler4@@@@YAHPEAUHandlerType4@FH4@@PEBU_s_CatchableType@@PEBU_s_ThrowInfo@@@Z 0000000140012600 f i libvcruntime:frame.obj
 0001:00011744       ??$__InternalCxxFrameHandler@V__FrameHandler3@@@@YA?AW4_EXCEPTION_DISPOSITION@@PEAUEHExceptionRecord@@PEA_KPEAU_CONTEXT@@PEAU_xDISPATCHER_CONTEXT@@PEBU_s_FuncInfo@@H1E@Z 0000000140012744 f i libvcruntime:frame.obj
 0001:0001197c       ??$__InternalCxxFrameHandler@V__FrameHandler4@@@@YA?AW4_EXCEPTION_DISPOSITION@@PEAUEHExceptionRecord@@PEA_KPEAU_CONTEXT@@PEAU_xDISPATCHER_CONTEXT@@PEAUFuncInfo4@FH4@@H1E@Z 000000014001297c f i libvcruntime:frame.obj
 0001:00011c10       ??0HandlerMap4@FH4@@QEAA@PEBUTryBlockMapEntry4@1@_KH@Z 0000000140012c10 f i libvcruntime:frame.obj
 0001:00011c8c       ??0TryBlockMap4@FH4@@QEAA@PEBUFuncInfo4@1@_K@Z 0000000140012c8c f i libvcruntime:frame.obj
 0001:00011d64       ??0bad_exception@std@@QEAA@AEBV01@@Z 0000000140012d64 f i libvcruntime:frame.obj
 0001:00011da0       ??0bad_exception@std@@QEAA@XZ 0000000140012da0 f i libvcruntime:frame.obj
 0001:00011dc0       ?CxxCallCatchBlock@__FrameHandler3@@SAPEAXPEAU_EXCEPTION_RECORD@@@Z 0000000140012dc0 f   libvcruntime:frame.obj
 0001:00011fac       ?CxxCallCatchBlock@__FrameHandler4@@SAPEAXPEAU_EXCEPTION_RECORD@@@Z 0000000140012fac f   libvcruntime:frame.obj
 0001:000121fc       ?DecompHandler@HandlerMap4@FH4@@AEAAXXZ 00000001400131fc f i libvcruntime:frame.obj
 0001:0001243c       ?FrameUnwindToState@__FrameHandler3@@SAXPEA_KPEAU_xDISPATCHER_CONTEXT@@PEBU_s_FuncInfo@@H@Z 000000014001343c f   libvcruntime:frame.obj
 0001:000125c8       ?FrameUnwindToState@__FrameHandler4@@SAXPEA_KPEAU_xDISPATCHER_CONTEXT@@PEAUFuncInfo4@FH4@@H@Z 00000001400135c8 f   libvcruntime:frame.obj
 0001:000128b0       ?GetHandlerSearchState@__FrameHandler3@@SAHPEA_KPEAU_xDISPATCHER_CONTEXT@@PEBU_s_FuncInfo@@@Z 00000001400138b0 f i libvcruntime:frame.obj
 0001:00012ac0       ?ReadEntry@UWMap4@FH4@@AEAAXPEAPEAE@Z 0000000140013ac0 f i libvcruntime:frame.obj
 0001:00012b60       ?_CallMemberFunction1@@YAXQEAX00@Z 0000000140013b60 f i libvcruntime:frame.obj
 0001:00012b6c       ?_CallMemberFunction2@@YAXQEAX00H@Z 0000000140013b6c f i libvcruntime:frame.obj
 0001:00012b7c       ?getStartStop@UWMap4@FH4@@QEAAXHHAEAViterator@12@0@Z 0000000140013b7c f i libvcruntime:frame.obj
 0001:00012c4c       ?getStateFromIterators@UWMap4@FH4@@SAHAEBViterator@12@H0H0@Z 0000000140013c4c f i libvcruntime:frame.obj
 0001:00012d30       _CallSettingFrame          0000000140013d30 f   libvcruntime:handlers.obj
 0001:00012d80       _CallSettingFrame_LookupContinuationIndex 0000000140013d80 f   libvcruntime:handlers.obj
 0001:00012db0       _CallSettingFrame_NotifyContinuationAddr 0000000140013db0 f   libvcruntime:handlers.obj
 0001:00012de0       _CallSettingFrameEncoded   0000000140013de0 f   libvcruntime:handlers.obj
 0001:00012ee4       fopen                      0000000140013ee4 f   libucrt:fopen.obj
 0001:00012ef0       __acrt_initialize_stdio    0000000140013ef0 f   libucrt:_file.obj
 0001:00013010       __acrt_iob_func            0000000140014010 f   libucrt:_file.obj
 0001:00013024       __acrt_uninitialize_stdio  0000000140014024 f   libucrt:_file.obj
 0001:00013080       _lock_file                 0000000140014080 f   libucrt:_file.obj
 0001:0001308c       _unlock_file               000000014001408c f   libucrt:_file.obj
 0001:000131bc       ?get_raw_ptd@__crt_cached_ptd_host@@QEAAPEAU__acrt_ptd@@XZ 00000001400141bc f i libucrt:fclose.obj
 0001:00013224       fclose                     0000000140014224 f   libucrt:fclose.obj
 0001:000132bc       realloc                    00000001400142bc f   libucrt:realloc.obj
 0001:00013304       ??$ensure_buffer_is_big_enough@D@formatting_buffer@__crt_stdio_output@@QEAA_N_KAEAV__crt_cached_ptd_host@@@Z 0000000140014304 f i libucrt:output.obj
 0001:000133ac       ??$parse_integer@KV?$c_string_character_source@D@__crt_strtox@@$0A@@__crt_strtox@@YAKAEAV__crt_cached_ptd_host@@V?$c_string_character_source@D@0@H_N@Z 00000001400143ac f i libucrt:output.obj
 0001:00013660       ??$type_case_integer@$07@?$output_processor@DV?$string_output_adapter@D@__crt_stdio_output@@V?$standard_base@DV?$string_output_adapter@D@__crt_stdio_output@@@2@@__crt_stdio_output@@AEAA_N_N@Z 0000000140014660 f i libucrt:output.obj
 0001:00013660       ??$type_case_integer@$07@?$output_processor@DV?$stream_output_adapter@D@__crt_stdio_output@@V?$standard_base@DV?$stream_output_adapter@D@__crt_stdio_output@@@2@@__crt_stdio_output@@AEAA_N_N@Z 0000000140014660 f i libucrt:output.obj
 0001:00013864       ??$type_case_integer@$09@?$output_processor@DV?$string_output_adapter@D@__crt_stdio_output@@V?$standard_base@DV?$string_output_adapter@D@__crt_stdio_output@@@2@@__crt_stdio_output@@AEAA_N_N@Z 0000000140014864 f i libucrt:output.obj
 0001:00013864       ??$type_case_integer@$09@?$output_processor@DV?$stream_output_adapter@D@__crt_stdio_output@@V?$standard_base@DV?$stream_output_adapter@D@__crt_stdio_output@@@2@@__crt_stdio_output@@AEAA_N_N@Z 0000000140014864 f i libucrt:output.obj
 0001:00013a68       ??$type_case_integer@$0BA@@?$output_processor@DV?$string_output_adapter@D@__crt_stdio_output@@V?$standard_base@DV?$string_output_adapter@D@__crt_stdio_output@@@2@@__crt_stdio_output@@AEAA_N_N@Z 0000000140014a68 f i libucrt:output.obj
 0001:00013a68       ??$type_case_integer@$0BA@@?$output_processor@DV?$stream_output_adapter@D@__crt_stdio_output@@V?$standard_base@DV?$stream_output_adapter@D@__crt_stdio_output@@@2@@__crt_stdio_output@@AEAA_N_N@Z 0000000140014a68 f i libucrt:output.obj
 0001:00013c6c       ??$type_case_integer_parse_into_buffer@I$07@?$output_processor@DV?$string_output_adapter@D@__crt_stdio_output@@V?$standard_base@DV?$string_output_adapter@D@__crt_stdio_output@@@2@@__crt_stdio_output@@AEAAXI_N@Z 0000000140014c6c f i libucrt:output.obj
 0001:00013c6c       ??$type_case_integer_parse_into_buffer@I$07@?$output_processor@DV?$stream_output_adapter@D@__crt_stdio_output@@V?$standard_base@DV?$stream_output_adapter@D@__crt_stdio_output@@@2@@__crt_stdio_output@@AEAAXI_N@Z 0000000140014c6c f i libucrt:output.obj
 0001:00013cdc       ??$type_case_integer_parse_into_buffer@I$09@?$output_processor@DV?$stream_output_adapter@D@__crt_stdio_output@@V?$standard_base@DV?$stream_output_adapter@D@__crt_stdio_output@@@2@@__crt_stdio_output@@AEAAXI_N@Z 0000000140014cdc f i libucrt:output.obj
 0001:00013cdc       ??$type_case_integer_parse_into_buffer@I$09@?$output_processor@DV?$string_output_adapter@D@__crt_stdio_output@@V?$standard_base@DV?$string_output_adapter@D@__crt_stdio_output@@@2@@__crt_stdio_output@@AEAAXI_N@Z 0000000140014cdc f i libucrt:output.obj
 0001:00013d88       ??$type_case_integer_parse_into_buffer@I$0BA@@?$output_processor@DV?$stream_output_adapter@D@__crt_stdio_output@@V?$standard_base@DV?$stream_output_adapter@D@__crt_stdio_output@@@2@@__crt_stdio_output@@AEAAXI_N@Z 0000000140014d88 f i libucrt:output.obj
 0001:00013d88       ??$type_case_integer_parse_into_buffer@I$0BA@@?$output_processor@DV?$string_output_adapter@D@__crt_stdio_output@@V?$standard_base@DV?$string_output_adapter@D@__crt_stdio_output@@@2@@__crt_stdio_output@@AEAAXI_N@Z 0000000140014d88 f i libucrt:output.obj
 0001:00013e0c       ??$type_case_integer_parse_into_buffer@_K$07@?$output_processor@DV?$string_output_adapter@D@__crt_stdio_output@@V?$standard_base@DV?$string_output_adapter@D@__crt_stdio_output@@@2@@__crt_stdio_output@@AEAAX_K_N@Z 0000000140014e0c f i libucrt:output.obj
 0001:00013e0c       ??$type_case_integer_parse_into_buffer@_K$07@?$output_processor@DV?$stream_output_adapter@D@__crt_stdio_output@@V?$standard_base@DV?$stream_output_adapter@D@__crt_stdio_output@@@2@@__crt_stdio_output@@AEAAX_K_N@Z 0000000140014e0c f i libucrt:output.obj
 0001:00013e7c       ??$type_case_integer_parse_into_buffer@_K$09@?$output_processor@DV?$stream_output_adapter@D@__crt_stdio_output@@V?$standard_base@DV?$stream_output_adapter@D@__crt_stdio_output@@@2@@__crt_stdio_output@@AEAAX_K_N@Z 0000000140014e7c f i libucrt:output.obj
 0001:00013e7c       ??$type_case_integer_parse_into_buffer@_K$09@?$output_processor@DV?$string_output_adapter@D@__crt_stdio_output@@V?$standard_base@DV?$string_output_adapter@D@__crt_stdio_output@@@2@@__crt_stdio_output@@AEAAX_K_N@Z 0000000140014e7c f i libucrt:output.obj
 0001:00013f2c       ??$type_case_integer_parse_into_buffer@_K$0BA@@?$output_processor@DV?$string_output_adapter@D@__crt_stdio_output@@V?$standard_base@DV?$string_output_adapter@D@__crt_stdio_output@@@2@@__crt_stdio_output@@AEAAX_K_N@Z 0000000140014f2c f i libucrt:output.obj
 0001:00013f2c       ??$type_case_integer_parse_into_buffer@_K$0BA@@?$output_processor@DV?$stream_output_adapter@D@__crt_stdio_output@@V?$standard_base@DV?$stream_output_adapter@D@__crt_stdio_output@@@2@@__crt_stdio_output@@AEAAX_K_N@Z 0000000140014f2c f i libucrt:output.obj
 0001:000140cc       ?crop_zeroes@__crt_stdio_output@@YAXPEADQEAU__crt_locale_pointers@@@Z 00000001400150cc f i libucrt:output.obj
 0001:00014138       ?parse_int_from_format_string@?$output_processor@DV?$stream_output_adapter@D@__crt_stdio_output@@V?$standard_base@DV?$stream_output_adapter@D@__crt_stdio_output@@@2@@__crt_stdio_output@@AEAA_NQEAH@Z 0000000140015138 f i libucrt:output.obj
 0001:00014138       ?parse_int_from_format_string@?$output_processor@DV?$string_output_adapter@D@__crt_stdio_output@@V?$standard_base@DV?$string_output_adapter@D@__crt_stdio_output@@@2@@__crt_stdio_output@@AEAA_NQEAH@Z 0000000140015138 f i libucrt:output.obj
 0001:000141c8       ?process@?$output_processor@DV?$stream_output_adapter@D@__crt_stdio_output@@V?$standard_base@DV?$stream_output_adapter@D@__crt_stdio_output@@@2@@__crt_stdio_output@@QEAAHXZ 00000001400151c8 f i libucrt:output.obj
 0001:00014560       ?process@?$output_processor@DV?$string_output_adapter@D@__crt_stdio_output@@V?$standard_base@DV?$string_output_adapter@D@__crt_stdio_output@@@2@@__crt_stdio_output@@QEAAHXZ 0000000140015560 f i libucrt:output.obj
 0001:000148e0       ?state_case_size@?$output_processor@DV?$stream_output_adapter@D@__crt_stdio_output@@V?$standard_base@DV?$stream_output_adapter@D@__crt_stdio_output@@@2@@__crt_stdio_output@@AEAA_NXZ 00000001400158e0 f i libucrt:output.obj
 0001:00014a68       ?state_case_size@?$output_processor@DV?$string_output_adapter@D@__crt_stdio_output@@V?$standard_base@DV?$string_output_adapter@D@__crt_stdio_output@@@2@@__crt_stdio_output@@AEAA_NXZ 0000000140015a68 f i libucrt:output.obj
 0001:00014bf0       ?state_case_type@?$output_processor@DV?$stream_output_adapter@D@__crt_stdio_output@@V?$standard_base@DV?$stream_output_adapter@D@__crt_stdio_output@@@2@@__crt_stdio_output@@AEAA_NXZ 0000000140015bf0 f i libucrt:output.obj
 0001:00015028       ?state_case_type@?$output_processor@DV?$string_output_adapter@D@__crt_stdio_output@@V?$standard_base@DV?$string_output_adapter@D@__crt_stdio_output@@@2@@__crt_stdio_output@@AEAA_NXZ 0000000140016028 f i libucrt:output.obj
 0001:0001542c       ?type_case_Z@?$output_processor@DV?$stream_output_adapter@D@__crt_stdio_output@@V?$standard_base@DV?$stream_output_adapter@D@__crt_stdio_output@@@2@@__crt_stdio_output@@AEAA_NXZ 000000014001642c f i libucrt:output.obj
 0001:0001542c       ?type_case_Z@?$output_processor@DV?$string_output_adapter@D@__crt_stdio_output@@V?$standard_base@DV?$string_output_adapter@D@__crt_stdio_output@@@2@@__crt_stdio_output@@AEAA_NXZ 000000014001642c f i libucrt:output.obj
 0001:000154a8       ?type_case_a@?$output_processor@DV?$stream_output_adapter@D@__crt_stdio_output@@V?$standard_base@DV?$stream_output_adapter@D@__crt_stdio_output@@@2@@__crt_stdio_output@@AEAA_NXZ 00000001400164a8 f i libucrt:output.obj
 0001:000154a8       ?type_case_a@?$output_processor@DV?$string_output_adapter@D@__crt_stdio_output@@V?$standard_base@DV?$string_output_adapter@D@__crt_stdio_output@@@2@@__crt_stdio_output@@AEAA_NXZ 00000001400164a8 f i libucrt:output.obj
 0001:000156fc       ?type_case_c_tchar@?$output_processor@DV?$string_output_adapter@D@__crt_stdio_output@@V?$standard_base@DV?$string_output_adapter@D@__crt_stdio_output@@@2@@__crt_stdio_output@@AEAA_ND@Z 00000001400166fc f i libucrt:output.obj
 0001:000156fc       ?type_case_c_tchar@?$output_processor@DV?$stream_output_adapter@D@__crt_stdio_output@@V?$standard_base@DV?$stream_output_adapter@D@__crt_stdio_output@@@2@@__crt_stdio_output@@AEAA_ND@Z 00000001400166fc f i libucrt:output.obj
 0001:000157d0       ?type_case_n@?$output_processor@DV?$stream_output_adapter@D@__crt_stdio_output@@V?$standard_base@DV?$stream_output_adapter@D@__crt_stdio_output@@@2@@__crt_stdio_output@@AEAA_NXZ 00000001400167d0 f i libucrt:output.obj
 0001:000157d0       ?type_case_n@?$output_processor@DV?$string_output_adapter@D@__crt_stdio_output@@V?$standard_base@DV?$string_output_adapter@D@__crt_stdio_output@@@2@@__crt_stdio_output@@AEAA_NXZ 00000001400167d0 f i libucrt:output.obj
 0001:00015888       ?type_case_s@?$output_processor@DV?$string_output_adapter@D@__crt_stdio_output@@V?$standard_base@DV?$string_output_adapter@D@__crt_stdio_output@@@2@@__crt_stdio_output@@AEAA_NXZ 0000000140016888 f i libucrt:output.obj
 0001:00015888       ?type_case_s@?$output_processor@DV?$stream_output_adapter@D@__crt_stdio_output@@V?$standard_base@DV?$stream_output_adapter@D@__crt_stdio_output@@@2@@__crt_stdio_output@@AEAA_NXZ 0000000140016888 f i libucrt:output.obj
 0001:00015930       ?update_locale_slow@__crt_cached_ptd_host@@AEAAXXZ 0000000140016930 f i libucrt:output.obj
 0001:000159a8       ?validate_stream_is_ansi_if_required@?$__acrt_stdio_char_traits@D@@SA_NQEAU_iobuf@@@Z 00000001400169a8 f i libucrt:output.obj
 0001:00015a44       ?write_string@?$string_output_adapter@D@__crt_stdio_output@@QEBAXQEBDHQEAHAEAV__crt_cached_ptd_host@@@Z 0000000140016a44 f i libucrt:output.obj
 0001:00015ae8       ?write_string_impl@?$output_adapter_common@DV?$stream_output_adapter@D@__crt_stdio_output@@@__crt_stdio_output@@IEBAXQEBDHQEAHAEAV__crt_cached_ptd_host@@@Z 0000000140016ae8 f i libucrt:output.obj
 0001:00015bb4       __stdio_common_vfprintf    0000000140016bb4 f   libucrt:output.obj
 0001:00015cd8       __stdio_common_vsprintf    0000000140016cd8 f   libucrt:output.obj
 0001:00015f40       strncpy                    0000000140016f40 f   libucrt:strncpy.obj
 0001:000160b0       isalnum                    00000001400170b0 f   libucrt:_ctype.obj
 0001:0001615c       ??$__acrt_convert_wcs_mbs_cp@D_WV<lambda_7c9dea7b4ca7285d2cdb541a38da6275>@@U__crt_win32_buffer_internal_dynamic_resizing@@@@YAHQEBDAEAV?$__crt_win32_buffer@_WU__crt_win32_buffer_internal_dynamic_resizing@@@@AEBV<lambda_7c9dea7b4ca7285d2cdb541a38da6275>@@I@Z 000000014001715c f i libucrt:stat.obj
 0001:00016674       ??0_LocaleUpdate@@QEAA@QEAU__crt_locale_pointers@@@Z 0000000140017674 f i libucrt:stat.obj
 0001:00016a60       _stat64i32                 0000000140017a60 f   libucrt:stat.obj
 0001:00016b80       strncmp                    0000000140017b80 f   libucrt:strncmp.obj
 0001:00016cc0       _fwrite_internal           0000000140017cc0 f   libucrt:fwrite.obj
 0001:00016d5c       _fwrite_nolock_internal    0000000140017d5c f   libucrt:fwrite.obj
 0001:00016f70       fwrite                     0000000140017f70 f   libucrt:fwrite.obj
 0001:00017014       free                       0000000140018014 f   libucrt:free.obj
 0001:00017040       strncat                    0000000140018040 f   libucrt:strncat.obj
 0001:000171d8       _mkdir                     00000001400181d8 f   libucrt:mkdir.obj
 0001:000172bc       _fread_nolock_s            00000001400182bc f   libucrt:fread.obj
 0001:0001751c       fread                      000000014001851c f   libucrt:fread.obj
 0001:0001753c       fread_s                    000000014001853c f   libucrt:fread.obj
 0001:000175e4       malloc                     00000001400185e4 f   libucrt:malloc.obj
 0001:000175ec       ?get_raw_ptd_noexit@__crt_cached_ptd_host@@QEAAPEAU__acrt_ptd@@XZ 00000001400185ec f i libucrt:invalid_parameter.obj
 0001:00017658       ?value@?$dual_state_global@P6AXPEB_W00I_K@Z@__crt_state_management@@QEAAAEAP6AXPEB_W00I_K@ZAEAV__crt_cached_ptd_host@@@Z 0000000140018658 f i libucrt:invalid_parameter.obj
 0001:000176a4       __acrt_call_reportfault    00000001400186a4 f   libucrt:invalid_parameter.obj
 0001:00017800       __acrt_initialize_invalid_parameter_handler 0000000140018800 f   libucrt:invalid_parameter.obj
 0001:00017808       _invalid_parameter         0000000140018808 f   libucrt:invalid_parameter.obj
 0001:000178a4       _invalid_parameter_internal 00000001400188a4 f   libucrt:invalid_parameter.obj
 0001:00017970       _invalid_parameter_noinfo  0000000140018970 f   libucrt:invalid_parameter.obj
 0001:00017990       _invalid_parameter_noinfo_noreturn 0000000140018990 f   libucrt:invalid_parameter.obj
 0001:000179c0       _invoke_watson             00000001400189c0 f   libucrt:invalid_parameter.obj
 0001:00017a08       _aligned_free              0000000140018a08 f   libucrt:align.obj
 0001:00017a24       _aligned_malloc            0000000140018a24 f   libucrt:align.obj
 0001:00017aa4       roundf                     0000000140018aa4 f   libucrt:roundf.obj
 0001:00017b0c       _clearfp                   0000000140018b0c f   libucrt:ieee.obj
 0001:00017b78       _control87                 0000000140018b78 f   libucrt:ieee.obj
 0001:00017b80       _controlfp                 0000000140018b80 f   libucrt:ieee.obj
 0001:00017e28       __acrt_initialize_new_handler 0000000140018e28 f   libucrt:new_handler.obj
 0001:00017e30       _callnewh                  0000000140018e30 f   libucrt:new_handler.obj
 0001:00017e70       _query_new_handler         0000000140018e70 f   libucrt:new_handler.obj
 0001:00017ea8       _seh_filter_exe            0000000140018ea8 f   libucrt:exception_filter.obj
 0001:000182c0       __acrt_initialize_thread_local_exit_callback 00000001400192c0 f   libucrt:exit.obj
 0001:000182c8       _c_exit                    00000001400192c8 f   libucrt:exit.obj
 0001:000182d8       _cexit                     00000001400192d8 f   libucrt:exit.obj
 0001:000182e8       _exit                      00000001400192e8 f   libucrt:exit.obj
 0001:000182f4       _register_thread_local_exe_atexit_callback 00000001400192f4 f   libucrt:exit.obj
 0001:00018334       exit                       0000000140019334 f   libucrt:exit.obj
 0001:00018508       __acrt_allocate_buffer_for_argv 0000000140019508 f   libucrt:argv_parsing.obj
 0001:00018568       _configure_narrow_argv     0000000140019568 f   libucrt:argv_parsing.obj
 0001:00018b38       __dcrt_get_or_create_wide_environment_nolock 0000000140019b38 f   libucrt:environment_initialization.obj
 0001:00018b74       __dcrt_uninitialize_environments_nolock 0000000140019b74 f   libucrt:environment_initialization.obj
 0001:00018bb8       _initialize_narrow_environment 0000000140019bb8 f   libucrt:environment_initialization.obj
 0001:00018f08       _crt_atexit                0000000140019f08 f   libucrt:onexit.obj
 0001:00018f18       _execute_onexit_table      0000000140019f18 f   libucrt:onexit.obj
 0001:00018f5c       _initialize_onexit_table   0000000140019f5c f   libucrt:onexit.obj
 0001:00018f84       _register_onexit_function  0000000140019f84 f   libucrt:onexit.obj
 0001:000190f8       __acrt_initialize          000000014001a0f8 f   libucrt:initialization.obj
 0001:0001910c       __acrt_uninitialize        000000014001a10c f   libucrt:initialization.obj
 0001:00019144       _query_app_type            000000014001a144 f   libucrt:report_runtime_error.obj
 0001:0001914c       _set_app_type              000000014001a14c f   libucrt:report_runtime_error.obj
 0001:00019154       __acrt_has_user_matherr    000000014001a154 f   libucrt:matherr.obj
 0001:00019174       __acrt_initialize_user_matherr 000000014001a174 f   libucrt:matherr.obj
 0001:0001917c       __acrt_invoke_user_matherr 000000014001a17c f   libucrt:matherr.obj
 0001:000191b8       __setusermatherr           000000014001a1b8 f   libucrt:matherr.obj
 0001:000191e0       _get_narrow_winmain_command_line 000000014001a1e0 f   libucrt:argv_winmain.obj
 0001:00019250       _initterm                  000000014001a250 f   libucrt:initterm.obj
 0001:00019294       _initterm_e                000000014001a294 f   libucrt:initterm.obj
 0001:000192dc       _get_fmode                 000000014001a2dc f   libucrt:setmode.obj
 0001:0001930c       _set_fmode                 000000014001a30c f   libucrt:setmode.obj
 0001:0001934c       _setmode_nolock            000000014001a34c f   libucrt:setmode.obj
 0001:000194a0       __acrt_set_locale_changed  000000014001a4a0 f   libucrt:wsetlocale.obj
 0001:000194ac       __acrt_uninitialize_locale 000000014001a4ac f   libucrt:wsetlocale.obj
 0001:000194dc       _configthreadlocale        000000014001a4dc f   libucrt:wsetlocale.obj
 0001:00019548       _query_new_mode            000000014001a548 f   libucrt:new_mode.obj
 0001:00019550       _set_new_mode              000000014001a550 f   libucrt:new_mode.obj
 0001:0001957c       __p__commode               000000014001a57c f   libucrt:ncommode.obj
 0001:00019584       terminate                  000000014001a584 f   libucrt:terminate.obj
 0001:000195b0       _strdup                    000000014001a5b0 f   libucrt:strdup.obj
 0001:000195b0       strdup                     000000014001a5b0 f   libucrt:strdup.obj
 0001:00019628       ___lc_codepage_func        000000014001a628 f   libucrt:initctype.obj
 0001:00019658       strcpy_s                   000000014001a658 f   libucrt:strcpy_s.obj
 0001:000196b8       abort                      000000014001a6b8 f   libucrt:abort.obj
 0001:00019710       calloc                     000000014001a710 f   libucrt:calloc.obj
 0001:00019718       ??$parse_integer@KV?$c_string_character_source@_W@__crt_strtox@@$00@__crt_strtox@@YAKAEAV__crt_cached_ptd_host@@V?$c_string_character_source@_W@0@H_N@Z 000000014001a718 f i libucrt:atox.obj
 0001:00019eb4       wcsncmp                    000000014001aeb4 f   libucrt:wcsncmp.obj
 0001:00019ee0       __acrt_errno_from_os_error 000000014001aee0 f   libucrt:errno.obj
 0001:00019f28       __acrt_errno_map_os_error  000000014001af28 f   libucrt:errno.obj
 0001:00019f70       __acrt_errno_map_os_error_ptd 000000014001af70 f   libucrt:errno.obj
 0001:00019f94       __doserrno                 000000014001af94 f   libucrt:errno.obj
 0001:00019fb4       _errno                     000000014001afb4 f   libucrt:errno.obj
 0001:00019fd4       ?__acrt_stdio_allocate_stream@@YA?AV__crt_stdio_stream@@XZ 000000014001afd4 f   libucrt:stream.obj
 0001:0001a02c       ?__acrt_stdio_free_stream@@YAXV__crt_stdio_stream@@@Z 000000014001b02c f   libucrt:stream.obj
 0001:0001a134       ??$__acrt_stdio_parse_mode@D@@YA?AU__acrt_stdio_stream_mode@@QEBD@Z 000000014001b134 f i libucrt:openfile.obj
 0001:0001a3f8       _openfile                  000000014001b3f8 f   libucrt:openfile.obj
 0001:0001a494       _calloc_base               000000014001b494 f   libucrt:calloc_base.obj
 0001:0001a50c       _free_base                 000000014001b50c f   libucrt:free_base.obj
 0001:0001a704       __acrt_AppPolicyGetProcessTerminationMethodInternal 000000014001b704 f   libucrt:winapi_thunks.obj
 0001:0001a75c       __acrt_AreFileApisANSI     000000014001b75c f   libucrt:winapi_thunks.obj
 0001:0001a7a0       __acrt_CompareStringEx     000000014001b7a0 f   libucrt:winapi_thunks.obj
 0001:0001a88c       __acrt_FlsAlloc            000000014001b88c f   libucrt:winapi_thunks.obj
 0001:0001a894       __acrt_FlsFree             000000014001b894 f   libucrt:winapi_thunks.obj
 0001:0001a89c       __acrt_FlsGetValue         000000014001b89c f   libucrt:winapi_thunks.obj
 0001:0001a8a4       __acrt_FlsSetValue         000000014001b8a4 f   libucrt:winapi_thunks.obj
 0001:0001a8ac       __acrt_InitializeCriticalSectionEx 000000014001b8ac f   libucrt:winapi_thunks.obj
 0001:0001a91c       __acrt_LCMapStringEx       000000014001b91c f   libucrt:winapi_thunks.obj
 0001:0001aa08       __acrt_LocaleNameToLCID    000000014001ba08 f   libucrt:winapi_thunks.obj
 0001:0001aa68       __acrt_initialize_winapi_thunks 000000014001ba68 f   libucrt:winapi_thunks.obj
 0001:0001aa8c       __acrt_uninitialize_winapi_thunks 000000014001ba8c f   libucrt:winapi_thunks.obj
 0001:0001aad0       _fcloseall                 000000014001bad0 f   libucrt:closeall.obj
 0001:0001ad64       __acrt_stdio_flush_nolock  000000014001bd64 f   libucrt:fflush.obj
 0001:0001adf0       _fflush_nolock             000000014001bdf0 f   libucrt:fflush.obj
 0001:0001aec4       _flushall                  000000014001bec4 f   libucrt:fflush.obj
 0001:0001aecc       __acrt_stdio_free_buffer_nolock 000000014001becc f   libucrt:_freebuf.obj
 0001:0001b108       __acrt_initialize_lowio    000000014001c108 f   libucrt:ioinit.obj
 0001:0001b144       __acrt_uninitialize_lowio  000000014001c144 f   libucrt:ioinit.obj
 0001:0001b184       _fileno                    000000014001c184 f   libucrt:fileno.obj
 0001:0001b224       _close_internal            000000014001c224 f   libucrt:close.obj
 0001:0001b2e8       _close_nolock              000000014001c2e8 f   libucrt:close.obj
 0001:0001b380       _close_nolock_internal     000000014001c380 f   libucrt:close.obj
 0001:0001b7c8       __acrt_getptd              000000014001c7c8 f   libucrt:per_thread_data.obj
 0001:0001b89c       __acrt_getptd_head         000000014001c89c f   libucrt:per_thread_data.obj
 0001:0001b940       __acrt_getptd_noexit       000000014001c940 f   libucrt:per_thread_data.obj
 0001:0001ba08       __acrt_getptd_noexit_explicit 000000014001ca08 f   libucrt:per_thread_data.obj
 0001:0001bac8       __acrt_initialize_ptd      000000014001cac8 f   libucrt:per_thread_data.obj
 0001:0001bb04       __acrt_uninitialize_ptd    000000014001cb04 f   libucrt:per_thread_data.obj
 0001:0001bb28       _realloc_base              000000014001cb28 f   libucrt:realloc_base.obj
 0001:0001bba4       _malloc_base               000000014001cba4 f   libucrt:malloc_base.obj
 0001:0001bc04       strnlen                    000000014001cc04 f   libucrt:strnlen.obj
 0001:0001bd54       wcsnlen                    000000014001cd54 f   libucrt:strnlen.obj
 0001:0001bf2c       __acrt_update_locale_info  000000014001cf2c f   libucrt:locale_update.obj
 0001:0001bf60       __acrt_update_locale_info_explicit 000000014001cf60 f   libucrt:locale_update.obj
 0001:0001bf98       __acrt_update_multibyte_info 000000014001cf98 f   libucrt:locale_update.obj
 0001:0001bfcc       __acrt_update_multibyte_info_explicit 000000014001cfcc f   libucrt:locale_update.obj
 0001:0001cb18       __acrt_fp_format           000000014001db18 f   libucrt:cvt.obj
 0001:0001ce00       _wctomb_internal           000000014001de00 f   libucrt:wctomb.obj
 0001:0001cfb0       _mbtowc_internal           000000014001dfb0 f   libucrt:mbtowc.obj
 0001:0001d128       _get_printf_count_output   000000014001e128 f   libucrt:printf_count_output.obj
 0001:0001d140       _fputc_nolock_internal     000000014001e140 f   libucrt:fputc.obj
 0001:0001d158       __acrt_should_use_temporary_buffer 000000014001e158 f   libucrt:_sftbuf.obj
 0001:0001d1a4       __acrt_stdio_begin_temporary_buffering_nolock 000000014001e1a4 f   libucrt:_sftbuf.obj
 0001:0001d26c       __acrt_stdio_end_temporary_buffering_nolock 000000014001e26c f   libucrt:_sftbuf.obj
 0001:0001d2ac       _isctype_l                 000000014001e2ac f   libucrt:isctype.obj
 0001:0001d3b4       _getdrive                  000000014001e3b4 f   libucrt:drive.obj
 0001:0001d4ac       ??$__acrt_convert_wcs_mbs_cp@_WDV<lambda_f788ae46380686e8b737efdd8c720d07>@@U__crt_win32_buffer_no_resizing@@@@YAHQEB_WAEAV?$__crt_win32_buffer@DU__crt_win32_buffer_no_resizing@@@@AEBV<lambda_f788ae46380686e8b737efdd8c720d07>@@I@Z 000000014001e4ac f i libucrt:fullpath.obj
 0001:0001d5c8       ??$call_win32_function@V<lambda_17b8e77e04f0039ff1429d79b8271fa1>@@@?$__crt_win32_buffer@_WU__crt_win32_buffer_no_resizing@@@@QEAAHAEBV<lambda_17b8e77e04f0039ff1429d79b8271fa1>@@@Z 000000014001e5c8 f i libucrt:fullpath.obj
 0001:0001d63c       ??$call_win32_function@V<lambda_1a60cddbd8640ed4c95e91b82cd9827b>@@@?$__crt_win32_buffer@_WU__crt_win32_buffer_public_dynamic_resizing@@@@QEAAHAEBV<lambda_1a60cddbd8640ed4c95e91b82cd9827b>@@@Z 000000014001e63c f i libucrt:fullpath.obj
 0001:0001d714       ?detach@?$__crt_win32_buffer@_WU__crt_win32_buffer_public_dynamic_resizing@@@@QEAAPEA_WXZ 000000014001e714 f i libucrt:fullpath.obj
 0001:0001d7f8       _wfullpath                 000000014001e7f8 f   libucrt:fullpath.obj
 0001:0001d8ac       wcspbrk                    000000014001e8ac f   libucrt:wcspbrk.obj
 0001:0001d8e0       __ascii_wcsicmp            000000014001e8e0 f   libucrt:wcsicmp.obj
 0001:0001d920       _wcsicmp                   000000014001e920 f   libucrt:wcsicmp.obj
 0001:0001d968       _wcsicmp_l                 000000014001e968 f   libucrt:wcsicmp.obj
 0001:0001da9c       __acrt_MultiByteToWideChar 000000014001ea9c f   libucrt:multibytetowidechar.obj
 0001:0001db2c       __acrt_lowio_create_handle_array 000000014001eb2c f   libucrt:osfinfo.obj
 0001:0001dbd4       __acrt_lowio_destroy_handle_array 000000014001ebd4 f   libucrt:osfinfo.obj
 0001:0001dc24       __acrt_lowio_ensure_fh_exists 000000014001ec24 f   libucrt:osfinfo.obj
 0001:0001dccc       __acrt_lowio_lock_fh       000000014001eccc f   libucrt:osfinfo.obj
 0001:0001dcf4       __acrt_lowio_set_os_handle 000000014001ecf4 f   libucrt:osfinfo.obj
 0001:0001ddb4       __acrt_lowio_unlock_fh     000000014001edb4 f   libucrt:osfinfo.obj
 0001:0001dddc       _alloc_osfhnd              000000014001eddc f   libucrt:osfinfo.obj
 0001:0001df1c       _free_osfhnd               000000014001ef1c f   libucrt:osfinfo.obj
 0001:0001dfd8       _get_osfhandle             000000014001efd8 f   libucrt:osfinfo.obj
 0001:0001e050       ??$__crt_time_is_leap_year@H@@YA_NH@Z 000000014001f050 f i libucrt:loctotime.obj
 0001:0001e2e0       __loctotime64_t            000000014001f2e0 f   libucrt:loctotime.obj
 0001:0001eaf0       _write                     000000014001faf0 f   libucrt:write.obj
 0001:0001eb88       _write_internal            000000014001fb88 f   libucrt:write.obj
 0001:0001eca8       _write_nolock              000000014001fca8 f   libucrt:write.obj
 0001:0001f124       __acrt_stdio_flush_and_write_narrow_nolock 0000000140020124 f   libucrt:_flsbuf.obj
 0001:0001f1f0       _wmkdir                    00000001400201f0 f   libucrt:wmkdir.obj
 0001:0001f6a4       _read                      00000001400206a4 f   libucrt:read.obj
 0001:0001f7c4       _read_nolock               00000001400207c4 f   libucrt:read.obj
 0001:0001fc14       __acrt_stdio_refill_and_read_narrow_nolock 0000000140020c14 f   libucrt:_filbuf.obj
 0001:0001fd7c       _msize_base                0000000140020d7c f   libucrt:msize.obj
 0001:0001fdb8       _fd_int                    0000000140020db8 f   libucrt:_test.obj
 0001:0001fea0       _get_fpsr                  0000000140020ea0 f   libucrt:fpsr.obj
 0001:0001feb0       _set_fpsr                  0000000140020eb0 f   libucrt:fpsr.obj
 0001:0001feba       _fclrf                     0000000140020eba f   libucrt:fpsr.obj
 0001:0001fece       _frnd                      0000000140020ece f   libucrt:fpsr.obj
 0001:0001fef0       __acrt_initialize_locks    0000000140020ef0 f   libucrt:locks.obj
 0001:0001ff38       __acrt_lock                0000000140020f38 f   libucrt:locks.obj
 0001:0001ff54       __acrt_uninitialize_locks  0000000140020f54 f   libucrt:locks.obj
 0001:0001ff8c       __acrt_unlock              0000000140020f8c f   libucrt:locks.obj
 0001:0001ffa8       __acrt_app_verifier_enabled 0000000140020fa8 f   libucrt:peb_access.obj
 0001:0001ffc4       __acrt_is_secure_process   0000000140020fc4 f   libucrt:peb_access.obj
 0001:0001ffdc       __acrt_get_process_end_policy 0000000140020fdc f   libucrt:win_policies.obj
 0001:00020020       ??$__acrt_convert_wcs_mbs_cp@_WDV<lambda_d8593a27d1aa8c02be35c86a17d324c4>@@U__crt_win32_buffer_internal_dynamic_resizing@@@@YAHQEB_WAEAV?$__crt_win32_buffer@DU__crt_win32_buffer_internal_dynamic_resizing@@@@AEBV<lambda_d8593a27d1aa8c02be35c86a17d324c4>@@I@Z 0000000140021020 f i libucrt:argv_wildcards.obj
 0001:000208c4       __acrt_expand_narrow_argv_wildcards 00000001400218c4 f   libucrt:argv_wildcards.obj
 0001:000208cc       __acrt_GetModuleFileNameA  00000001400218cc f   libucrt:getmodulefilenamea.obj
 0001:000211e8       __acrt_initialize_multibyte 00000001400221e8 f   libucrt:mbctype.obj
 0001:00021248       __acrt_update_thread_multibyte_data 0000000140022248 f   libucrt:mbctype.obj
 0001:00021264       _setmbcp_nolock            0000000140022264 f   libucrt:mbctype.obj
 0001:00021598       _ismbblead                 0000000140022598 f   libucrt:ismbbyte.obj
 0001:000215ac       __acrt_initialize_command_line 00000001400225ac f   libucrt:argv_data.obj
 0001:000215d4       wcscpy_s                   00000001400225d4 f   libucrt:wcscpy_s.obj
 0001:0002163c       __acrt_WideCharToMultiByte 000000014002263c f   libucrt:widechartomultibyte.obj
 0001:0002171c       __dcrt_get_narrow_environment_from_os 000000014002271c f   libucrt:get_environment_from_os.obj
 0001:0002182c       __dcrt_get_wide_environment_from_os 000000014002282c f   libucrt:get_environment_from_os.obj
 0001:00021d1c       __dcrt_set_variable_in_wide_environment_nolock 0000000140022d1c f   libucrt:setenv.obj
 0001:00021d24       _recalloc_base             0000000140022d24 f   libucrt:recalloc.obj
 0001:00021dbc       __acrt_initialize_heap     0000000140022dbc f   libucrt:heap_handle.obj
 0001:00021dd8       __acrt_uninitialize_heap   0000000140022dd8 f   libucrt:heap_handle.obj
 0001:00021de4       __acrt_execute_initializers 0000000140022de4 f   libucrt:shared_initialization.obj
 0001:00021e78       __acrt_execute_uninitializers 0000000140022e78 f   libucrt:shared_initialization.obj
 0001:00021f08       __acrt_get_sigabrt_handler 0000000140022f08 f   libucrt:signal.obj
 0001:00021f38       __acrt_initialize_signal_handlers 0000000140022f38 f   libucrt:signal.obj
 0001:00021f58       raise                      0000000140022f58 f   libucrt:signal.obj
 0001:000221d4       wcsncpy_s                  00000001400231d4 f   libucrt:wcsncpy_s.obj
 0001:000222d0       __acrt_initialize_fmode    00000001400232d0 f   libucrt:txtmode.obj
 0001:000222ec       __acrt_locale_free_monetary 00000001400232ec f   libucrt:initmon.obj
 0001:000223f8       __acrt_locale_free_numeric 00000001400233f8 f   libucrt:initnum.obj
 0001:00022498       __acrt_locale_free_time    0000000140023498 f   libucrt:inittime.obj
 0001:000225a0       __acrt_GetStringTypeA      00000001400235a0 f   libucrt:getstringtypea.obj
 0001:00022730       __acrt_add_locale_ref      0000000140023730 f   libucrt:locale_refcounting.obj
 0001:000227bc       __acrt_free_locale         00000001400237bc f   libucrt:locale_refcounting.obj
 0001:00022934       __acrt_locale_add_lc_time_reference 0000000140023934 f   libucrt:locale_refcounting.obj
 0001:0002295c       __acrt_locale_free_lc_time_if_unreferenced 000000014002395c f   libucrt:locale_refcounting.obj
 0001:00022994       __acrt_locale_release_lc_time_reference 0000000140023994 f   libucrt:locale_refcounting.obj
 0001:000229bc       __acrt_release_locale_ref  00000001400239bc f   libucrt:locale_refcounting.obj
 0001:00022a64       __acrt_update_thread_locale_data 0000000140023a64 f   libucrt:locale_refcounting.obj
 0001:00022ad4       _updatetlocinfoEx_nolock   0000000140023ad4 f   libucrt:locale_refcounting.obj
 0001:00022e70       __acrt_LCMapStringA        0000000140023e70 f   libucrt:lcmapstringa.obj
 0001:00022f08       iswctype                   0000000140023f08 f   libucrt:iswctype.obj
 0001:00022f74       __ascii_wcsnicmp           0000000140023f74 f   libucrt:wcsnicmp.obj
 0001:00022fc0       __ascii_strnicmp           0000000140023fc0 f   libucrt:strnicmp.obj
 0001:0002300c       _strnicmp                  000000014002400c f   libucrt:strnicmp.obj
 0001:0002305c       _strnicmp_l                000000014002405c f   libucrt:strnicmp.obj
 0001:0002371c       _sopen_nolock              000000014002471c f   libucrt:open.obj
 0001:00023838       _sopen_s                   0000000140024838 f   libucrt:open.obj
 0001:0002386c       _wsopen_nolock             000000014002486c f   libucrt:open.obj
 0001:00023c5c       __acrt_DownlevelLocaleNameToLCID 0000000140024c5c f   libucrt:lcidtoname_downlevel.obj
 0001:00023d8c       _commit                    0000000140024d8c f   libucrt:commit.obj
 0001:00023ef0       __acrt_fp_strflt_to_string 0000000140024ef0 f   libucrt:_fptostr.obj
 0001:00024000       ?divide@__crt_strtox@@YA_KAEAUbig_integer@1@AEBU21@@Z 0000000140025000 f i libucrt:cfout.obj
 0001:0002449c       __acrt_fltout              000000014002549c f   libucrt:cfout.obj
 0001:000257b4       fegetround                 00000001400267b4 f   libucrt:fegetround.obj
 0001:000257c8       ?__c32rtomb_utf8@__crt_mbstring@@YA_KPEAD_UPEAU_Mbstatet@@AEAV__crt_cached_ptd_host@@@Z 00000001400267c8 f   libucrt:c32rtomb.obj
 0001:0002586c       ?__mbrtowc_utf8@__crt_mbstring@@YA_KPEA_WPEBD_KPEAU_Mbstatet@@AEAV__crt_cached_ptd_host@@@Z 000000014002686c f   libucrt:mbrtowc.obj
 0001:000258b0       ?__mbsrtowcs_utf8@__crt_mbstring@@YA_KPEA_WPEAPEBD_KPEAU_Mbstatet@@AEAV__crt_cached_ptd_host@@@Z 00000001400268b0 f   libucrt:mbrtowc.obj
 0001:00025a54       _isatty                    0000000140026a54 f   libucrt:isatty.obj
 0001:00025ca4       _wgetcwd                   0000000140026ca4 f   libucrt:getcwd.obj
 0001:00025ccc       _towlower_l                0000000140026ccc f   libucrt:towlower.obj
 0001:00025dc0       __acrt_initialize_timeset  0000000140026dc0 f   libucrt:timeset.obj
 0001:00025e10       __daylight                 0000000140026e10 f   libucrt:timeset.obj
 0001:00025e18       __dstbias                  0000000140026e18 f   libucrt:timeset.obj
 0001:00025e20       __timezone                 0000000140026e20 f   libucrt:timeset.obj
 0001:00025e28       __tzname                   0000000140026e28 f   libucrt:timeset.obj
 0001:00025e30       __wide_tzname              0000000140026e30 f   libucrt:timeset.obj
 0001:00025e38       _get_daylight              0000000140026e38 f   libucrt:timeset.obj
 0001:00025e68       _get_dstbias               0000000140026e68 f   libucrt:timeset.obj
 0001:00025e98       _get_timezone              0000000140026e98 f   libucrt:timeset.obj
 0001:00026a34       __tzset                    0000000140027a34 f   libucrt:tzset.obj
 0001:00026a78       _isindst                   0000000140027a78 f   libucrt:tzset.obj
 0001:00026c74       _lseeki64                  0000000140027c74 f   libucrt:lseek.obj
 0001:00026d10       _lseeki64_nolock           0000000140027d10 f   libucrt:lseek.obj
 0001:00026dac       _lseeki64_nolock_internal  0000000140027dac f   libucrt:lseek.obj
 0001:00026db4       _putwch_nolock             0000000140027db4 f   libucrt:putwch.obj
 0001:00026df0       __acrt_stdio_allocate_buffer_nolock 0000000140027df0 f   libucrt:_getbuf.obj
 0001:00026e5c       __acrt_fenv_get_common_round_control 0000000140027e5c f   libucrt:_fenvutils.obj
 0001:00026e68       __acrt_fenv_get_control    0000000140027e68 f   libucrt:_fenvutils.obj
 0001:00026f4c       __acrt_fenv_get_status     0000000140027f4c f   libucrt:_fenvutils.obj
 0001:00026fa4       __acrt_fenv_set_control    0000000140027fa4 f   libucrt:_fenvutils.obj
 0001:000270dc       __acrt_fenv_set_status     00000001400280dc f   libucrt:_fenvutils.obj
 0001:00027150       qsort                      0000000140028150 f   libucrt:qsort.obj
 0001:00027560       strncpy_s                  0000000140028560 f   libucrt:strncpy_s.obj
 0001:000276f0       strpbrk                    00000001400286f0 f   libucrt:strpbrk.obj
 0001:00027ab8       _mbsdec                    0000000140028ab8 f   libucrt:mbsdec.obj
 0001:00027ac0       _mbsdec_l                  0000000140028ac0 f   libucrt:mbsdec.obj
 0001:00027b6c       _wcsnicoll                 0000000140028b6c f   libucrt:wcsnicol.obj
 0001:00027bbc       _wcsnicoll_l               0000000140028bbc f   libucrt:wcsnicol.obj
 0001:00027cac       __strncnt                  0000000140028cac f   libucrt:strncnt.obj
 0001:00027cc4       __acrt_GetStringTypeW      0000000140028cc4 f   libucrt:getstringtypew.obj
 0001:00027ccc       _chsize_nolock             0000000140028ccc f   libucrt:chsize.obj
 0001:00027d64       _chsize_nolock_internal    0000000140028d64 f   libucrt:chsize.obj
 0001:00027ef8       _controlfp_s               0000000140028ef8 f   libucrt:contrlfp.obj
 0001:00027f5c       fegetenv                   0000000140028f5c f   libucrt:fegetenv.obj
 0001:00027f7c       fesetenv                   0000000140028f7c f   libucrt:fesetenv.obj
 0001:00027fd4       feholdexcept               0000000140028fd4 f   libucrt:feholdexcept.obj
 0001:00028024       ceil                       0000000140029024 f   libucrt:ceil.obj
 0001:000280f0       log10                      00000001400290f0 f   libucrt:log10.obj
 0001:0002869c       ?reset_and_return@__crt_mbstring@@YA_K_KPEAU_Mbstatet@@@Z 000000014002969c f   libucrt:common_utf8.obj
 0001:000286a4       ?return_illegal_sequence@__crt_mbstring@@YA_KPEAU_Mbstatet@@AEAV__crt_cached_ptd_host@@@Z 00000001400296a4 f   libucrt:common_utf8.obj
 0001:000286b8       ?__mbrtoc32_utf8@__crt_mbstring@@YA_KPEA_UPEBD_KPEAU_Mbstatet@@AEAV__crt_cached_ptd_host@@@Z 00000001400296b8 f   libucrt:mbrtoc32.obj
 0001:00028894       __acrt_LCMapStringW        0000000140029894 f   libucrt:lcmapstringw.obj
 0001:0002891c       wcstol                     000000014002991c f   libucrt:strtox.obj
 0001:00028b60       _wgetenv_s                 0000000140029b60 f   libucrt:getenv.obj
 0001:00028b68       __dcrt_lowio_ensure_console_output_initialized 0000000140029b68 f   libucrt:initcon.obj
 0001:00028bbc       __dcrt_terminate_console_output 0000000140029bbc f   libucrt:initcon.obj
 0001:00028bd8       __dcrt_write_console       0000000140029bd8 f   libucrt:initcon.obj
 0001:00028c98       __acrt_CompareStringW      0000000140029c98 f   libucrt:comparestringw.obj
 0001:00028e7c       _handle_error              0000000140029e7c f   libucrt:libm_error.obj
 0001:00028fa4       _handle_errorf             0000000140029fa4 f   libucrt:libm_error.obj
 0001:000290d8       _handle_nan                000000014002a0d8 f   libucrt:libm_error.obj
 0001:000290f4       _handle_nanf               000000014002a0f4 f   libucrt:libm_error.obj
 0001:00029110       __acrt_initialize_fma3     000000014002a110 f   libucrt:fma3_available.obj
 0001:00029180       _log10_special             000000014002a180 f   libucrt:log_special.obj
 0001:00029238       _raise_exc                 000000014002a238 f   libucrt:fpexcept.obj
 0001:00029260       _raise_exc_ex              000000014002a260 f   libucrt:fpexcept.obj
 0001:00029568       _raise_excf                000000014002a568 f   libucrt:fpexcept.obj
 0001:00029594       _set_errno_from_matherr    000000014002a594 f   libucrt:fpexcept.obj
 0001:000295c4       _clrfp                     000000014002a5c4 f   libucrt:fpctrl.obj
 0001:000295e4       _ctrlfp                    000000014002a5e4 f   libucrt:fpctrl.obj
 0001:00029660       _set_statfp                000000014002a660 f   libucrt:fpctrl.obj
 0001:00029680       _statfp                    000000014002a680 f   libucrt:fpctrl.obj
 0001:00029694       __GSHandlerCheck           000000014002a694 f   LIBCMT:gshandler.obj
 0001:000296b4       __GSHandlerCheckCommon     000000014002a6b4 f   LIBCMT:gshandler.obj
 0001:00029720       __security_check_cookie    000000014002a720 f   LIBCMT:amdsecgs.obj
 0001:00029740       _FindPESection             000000014002a740 f   LIBCMT:pesect.obj
 0001:00029790       _IsNonwritableInCurrentImage 000000014002a790 f   LIBCMT:pesect.obj
 0001:000297e0       _ValidateImageBase         000000014002a7e0 f   LIBCMT:pesect.obj
 0001:00029810       __GSHandlerCheck_SEH       000000014002a810 f   LIBCMT:gshandlerseh.obj
 0001:00029898       __raise_securityfailure    000000014002a898 f   LIBCMT:gs_report.obj
 0001:000298cc       __report_gsfailure         000000014002a8cc f   LIBCMT:gs_report.obj
 0001:000299a0       __report_rangecheckfailure 000000014002a9a0 f   LIBCMT:gs_report.obj
 0001:000299b4       __report_securityfailure   000000014002a9b4 f   LIBCMT:gs_report.obj
 0001:00029b34       __GSHandlerCheck_EH        000000014002ab34 f   LIBCMT:gshandlereh.obj
 0001:00029bd0       __chkstk                   000000014002abd0 f   LIBCMT:chkstk.obj
 0001:00029bd0       _alloca_probe              000000014002abd0 f   LIBCMT:chkstk.obj
 0001:00029c20       __C_specific_handler_noexcept 000000014002ac20 f   libvcruntime:chandler_noexcept.obj
 0001:00029c6c       wcsrchr                    000000014002ac6c f   libvcruntime:wcsrchr.obj
 0001:00029d30       memcmp                     000000014002ad30 f   libvcruntime:memcmp.obj
 0001:00029df8       strrchr                    000000014002adf8 f   libvcruntime:strrchr.obj
 0001:00029f24       wcschr                     000000014002af24 f   libvcruntime:wcschr.obj
 0001:00032d20       __vdecl_sinf4              0000000140033d20 f   LIBCMT:svml_ssinf4_dispatch.obj
 0001:00032d40       __libm_sse2_sincosf_       0000000140033d40 f   LIBCMT:svml_ssinf4_dispatch.obj
 0001:00032d83       __libm_sse2_sincosf4_      0000000140033d83 f   LIBCMT:svml_ssinf4_dispatch.obj
 0001:00032d90       __vdecl_cos2               0000000140033d90 f   LIBCMT:svml_dcos2_dispatch.obj
 0001:00032db0       __sse2_sinf4@@16           0000000140033db0 f   LIBCMT:svml_ssinf4_sse2.obj
 0001:000336f0       __sse4_sinf4@@16           00000001400346f0 f   LIBCMT:svml_ssinf4_sse4.obj
 0001:00033e70       __sse2_cos2@@16            0000000140034e70 f   LIBCMT:svml_dcos2_sse2.obj
 0001:00034520       __sse4_cos2@@16            0000000140035520 f   LIBCMT:svml_dcos2_sse4.obj
 0001:00034bd0       __common_ssin_cout_rare    0000000140035bd0 f   LIBCMT:svml_s_sin_cout.obj
 0001:00034c40       __common_dcos_cout_rare    0000000140035c40 f   LIBCMT:svml_d_cos_cout.obj
 0001:00034cb0       _vcomp_for_dynamic_init    0000000140035cb0 f   VCOMP:VCOMP140.DLL
[...]
 0002:00011308       $xdatasym                  000000014004b308     libucrt:cosf.obj
 0002:00011310       $xdatasym                  000000014004b310     libucrt:expf.obj
 0002:00011318       $xdatasym                  000000014004b318     libucrt:powf.obj
 0002:00011328       $xdatasym                  000000014004b328     libucrt:sinf.obj
 0002:00011330       $xdatasym                  000000014004b330     libucrt:remainder_piby2_forasm.obj
 0002:00011340       $xdatasym                  000000014004b340     libucrt:remainder_piby2_forfma3.obj
 0002:0001134c       $unwind$_sincos_special    000000014004b34c     libucrt:sincos_special.obj
 0002:0001134c       $unwind$_sincosf_special   000000014004b34c     libucrt:sincos_special.obj
 0002:00011358       $xdatasym                  000000014004b358     libucrt:remainder_piby2f_forasm.obj
 0002:0001135c       $unwind$_powf_special      000000014004b35c     libucrt:pow_special.obj
 0002:00011368       $xdatasym                  000000014004b368     libucrt:remainder_piby2f_forc.obj
 0002:00011c86       .idata$6                   000000014004bc86     ws2_32:WS2_32.dll
 0002:00011ca8       .idata$6                   000000014004bca8     kernel32:KERNEL32.dll
 0002:00011cda       .idata$6                   000000014004bcda     user32:USER32.dll
 0002:00011de6       .idata$6                   000000014004bde6     bass:BASS.dll
 0002:00011e84       .idata$6                   000000014004be84     DevIL:DevIL.dll
 0002:0001210e       .idata$6                   000000014004c10e     SDL2:SDL2.dll
 0002:0001282c       .idata$6                   000000014004c82c     VCOMP:VCOMP140.DLL
 0003:00000040       ?__vcrt_flsindex@@3KA      000000014004d040     libvcruntime:per_thread_data.obj
 0003:00000160       ?dazSupported@?1??common_control87@@9@9 000000014004d160     libucrt:ieee.obj
 0003:00000168       ?errno_no_memory@@3HA      000000014004d168     libucrt:errno.obj
 0003:0000016c       ?doserrno_no_memory@@3KA   000000014004d16c     libucrt:errno.obj
 0003:000001b8       ?__acrt_flsindex@@3KA      000000014004d1b8     libucrt:per_thread_data.obj
 0003:00000660       _mbctypes                  000000014004d660     libucrt:mbctype.obj
 0003:00000770       _mbcasemaps                000000014004d770     libucrt:mbctype.obj
 0003:00000870       ?__rgctypeflag@@3PADA      000000014004d870     libucrt:mbctype.obj
 0003:00000880       ?__rgcode_page_info@@3PAUcode_page_info@@A 000000014004d880     libucrt:mbctype.obj
 0003:00000a30       ?tzstd_program@@3PADA      000000014004da30     libucrt:timeset.obj
 0003:00000a70       ?tzdst_program@@3PADA      000000014004da70     libucrt:timeset.obj
 0003:00000ab0       ?w_tzstd_program@@3PA_WA   000000014004dab0     libucrt:timeset.obj
 0003:00000b30       ?w_tzdst_program@@3PA_WA   000000014004db30     libucrt:timeset.obj
 0003:00000bb0       ?tzname_states@@3PAY01PEADA 000000014004dbb0     libucrt:timeset.obj
 0003:00000bc0       ?w_tzname_states@@3PAY01PEA_WA 000000014004dbc0     libucrt:timeset.obj
 0003:00000bd0       ?dststart@@3Utransitiondate@?A0x7639d0b4@@A 000000014004dbd0     libucrt:tzset.obj
 0003:00000be0       ?dstend@@3Utransitiondate@?A0x7639d0b4@@A 000000014004dbe0     libucrt:tzset.obj
 0003:00000bf0       ?__dcrt_lowio_console_output_handle@@3PEAXEA 000000014004dbf0     libucrt:initcon.obj
 0003:00000c00       ?dazSupported@?1??_ctrlfp@@9@9 000000014004dc00     libucrt:fpctrl.obj
 0003:00000c40       ?need_init@?1??server_connect@@9@9 000000014004dc40     device.obj
 0003:00000c44       ?s_curRayLength@@3IA       000000014004dc44     ball.obj
 0003:00000c48       ?s_beamAlphaMin@@3MA       000000014004dc48     ball.obj
 0003:00000c4c       ?s_beamAtten@@3IA          000000014004dc4c     ball.obj
 0003:00000c50       ?s_rocketCallbacks@@3Usync_cb@@A 000000014004dc50     rocket.obj
 0003:00000c68       ?s_mapTilt@@3HA            000000014004dc68     landscape.obj
 0003:00000c70       ?s_lastErr@@3V?$basic_string@DU?$char_traits@D@std@@V?$allocator@D@2@@std@@A 000000014004dc70     main.obj
 0003:00000f20       ?is_initialized_as_dll@@3_NA 000000014004df20     LIBCMT:utility.obj
 0003:00000f21       ?module_local_atexit_table_initialized@@3_NA 000000014004df21     LIBCMT:utility.obj
 0003:00000f28       ?module_local_atexit_table@@3U_onexit_table_t@@A 000000014004df28     LIBCMT:utility.obj
 0003:00000f40       ?module_local_at_quick_exit_table@@3U_onexit_table_t@@A 000000014004df40     LIBCMT:utility.obj
 0003:00000f90       ?__vcrt_startup_thread_ptd@@3U__vcrt_ptd@@A 000000014004df90     libvcruntime:per_thread_data.obj
 0003:00001010       __vcrt_lock_table          000000014004e010     libvcruntime:locks.obj
 0003:00001038       __vcrt_locks_initialized   000000014004e038     libvcruntime:locks.obj
 0003:00001080       ?heap@@3V_HeapManager@@A   000000014004e080     libvcruntime:undname.obj
 0003:000010a8       ?module_handles@@3PAPEAUHINSTANCE__@@A 000000014004e0a8     libvcruntime:winapi_downlevel.obj
 0003:000010c0       ?function_pointers@@3PAPEAXA 000000014004e0c0     libvcruntime:winapi_downlevel.obj
 0003:00001108       ?__acrt_invalid_parameter_handler@@3V?$dual_state_global@P6AXPEB_W00I_K@Z@__crt_state_management@@A 000000014004e108     libucrt:invalid_parameter.obj
 0003:00001110       ?__acrt_new_handler@@3V?$dual_state_global@P6AH_K@Z@__crt_state_management@@A 000000014004e110     libucrt:new_handler.obj
 0003:00001118       ?c_termination_complete@@3JA 000000014004e118     libucrt:exit.obj
 0003:00001120       ?thread_local_exit_callback_func@@3P6AXPEAXK0@ZEA 000000014004e120     libucrt:exit.obj
 0003:00001128       ?c_exit_complete@?1???R<lambda_6e4b09c48022b2350581041d5f6b0c4c>@@QEBA@XZ@4_NA 000000014004e128     libucrt:exit.obj
 0003:00001130       ?program_name@?1???$common_configure_argv@D@@YAHW4_crt_argv_mode@@@Z@4PADA 000000014004e130     libucrt:argv_parsing.obj
 0003:00001288       ?__acrt_app_type@@3W4_crt_app_type@@A 000000014004e288     libucrt:report_runtime_error.obj
 0003:00001290       ?user_matherr@@3V?$dual_state_global@P6AHPEAU_exception@@@Z@__crt_state_management@@A 000000014004e290     libucrt:matherr.obj
 0003:00001298       ?empty_string@?1???$common_wincmdln@E@@YAPEAEXZ@4PAEA 000000014004e298     libucrt:argv_winmain.obj
 0003:000012a0       ?__acrt_global_new_mode@@3V?$dual_state_global@J@__crt_state_management@@A 000000014004e2a0     libucrt:new_mode.obj
 0003:000012b0       ?module_handles@@3PAPEAUHINSTANCE__@@A 000000014004e2b0     libucrt:winapi_thunks.obj
 0003:00001360       ?encoded_function_pointers@@3PAPEAXA 000000014004e360     libucrt:winapi_thunks.obj
 0003:00001870       ?internal_state@?1??_mbtowc_internal@@9@4U_Mbstatet@@A 000000014004e870     libucrt:mbtowc.obj
 0003:00001878       ?enable_percent_n@@3_KA    000000014004e878     libucrt:printf_count_output.obj
 0003:00001890       ?__acrt_lock_table@@3PAU_RTL_CRITICAL_SECTION@@A 000000014004e890     libucrt:locks.obj
 0003:00001ac0       ?__acrt_locks_initialized@@3IA 000000014004eac0     libucrt:locks.obj
 0003:00001ae0       ?fSystemSet@@3HA           000000014004eae0     libucrt:mbctype.obj
 0003:00001ae4       ?initialized@?1??__acrt_initialize_multibyte@@9@4_NA 000000014004eae4     libucrt:mbctype.obj
 0003:00001b20       ?ctrlc_action@@3V?$dual_state_global@P6AXH@Z@__crt_state_management@@A 000000014004eb20     libucrt:signal.obj
 0003:00001b28       ?ctrlbreak_action@@3V?$dual_state_global@P6AXH@Z@__crt_state_management@@A 000000014004eb28     libucrt:signal.obj
 0003:00001b30       ?abort_action@@3V?$dual_state_global@P6AXH@Z@__crt_state_management@@A 000000014004eb30     libucrt:signal.obj
 0003:00001b38       ?term_action@@3V?$dual_state_global@P6AXH@Z@__crt_state_management@@A 000000014004eb38     libucrt:signal.obj
 0003:00001b60       ?_tzname@@3V?$dual_state_global@PEAPEAD@__crt_state_management@@A 000000014004eb60     libucrt:timeset.obj
 0003:00001b68       ?w_tzname@@3V?$dual_state_global@PEAPEA_W@__crt_state_management@@A 000000014004eb68     libucrt:timeset.obj
 0003:00001b70       ?last_wide_tz@@3PEA_WEA    000000014004eb70     libucrt:tzset.obj
 0003:00001b80       ?tz_api_used@@3HA          000000014004eb80     libucrt:tzset.obj
 0003:00001b84       ?tzset_init_state@@3V?$dual_state_global@J@__crt_state_management@@A 000000014004eb84     libucrt:tzset.obj
 0003:00001b90       ?tz_info@@3U_TIME_ZONE_INFORMATION@@A 000000014004eb90     libucrt:tzset.obj
 0003:00001c40       ?internal_pst@?1??__mbrtoc32_utf8@__crt_mbstring@@YA_KPEA_UPEBD_KPEAU_Mbstatet@@AEAV__crt_cached_ptd_host@@@Z@4U3@A 000000014004ec40     libucrt:mbrtoc32.obj
 0003:00001c50       GS_ExceptionRecord         000000014004ec50     LIBCMT:gs_report.obj
 0003:00001cf0       GS_ContextRecord           000000014004ecf0     LIBCMT:gs_report.obj
 0003:000095c0       ?fNautilus_global@@3VVector3@@A 00000001400565c0     shadertoy.obj
 0003:000095d0       ?fSpike_global@@3VVector4@@A 00000001400565d0     shadertoy.obj
 0003:000095e0       ?temp@?1??path_encode@@9@9 00000001400565e0     device.obj
 0003:000096e4       ?s_hMusic@@3KA             00000001400566e4     audio.obj
 0003:000096e8       ?s_bassInf@@3UBASS_INFO@@A 00000001400566e8     audio.obj
 0003:00009720       ?temp@?1??sync_track_path@@9@9 0000000140056720     device.obj
 0003:00009828       ?s_pColorMap@@3PAPEAIA     0000000140056828     ball.obj
 0003:00009838       ?s_pEnvMap@@3PEAIEA        0000000140056838     ball.obj
 0003:00009840       ?s_heightProj@@3PAIA       0000000140056840     ball.obj
 0003:0000a840       ?s_heightProjNorm@@3PAHA   0000000140057840     ball.obj
 0003:0000b840       ?s_pHeightMap@@3PAPEAEA    0000000140058840     ball.obj
 0003:0000b868       ?s_pHalo@@3PEAIEA          0000000140058868     ball.obj
 0003:0000b870       ?s_pBeamMapMix@@3PEAIEA    0000000140058870     ball.obj
 0003:0000b878       ?s_pBeamMaps@@3PAPEAIA     0000000140058878     ball.obj
 0003:0000b890       ?s_heightMapMix@@3PEAEEA   0000000140058890     ball.obj
 0003:0000b898       ?s_pBackgrounds@@3PAPEAIA  0000000140058898     ball.obj
 0003:0000b8a8       ?s_pTempBuf@@3PEAIEA       00000001400588a8     boxblur.obj
 0003:0000b8b0       ?s_genState@@3UTINYMT32_T@@A 00000001400588b0     random.obj
 0003:0000b8d0       ?s_hRocket@@3PEAUsync_device@@EA 00000001400588d0     rocket.obj
 0003:0000b8d8       ?s_pFDTunnelTex@@3PEAIEA   00000001400588d8     shadertoy.obj
 0003:0000b8e0       ?s_pFDTunnelTexHighlights@@3PEAIEA 00000001400588e0     shadertoy.obj
 0003:0000b8e8       ?s_pSpikeBlurMaps@@3PAPEAIA 00000001400588e8     shadertoy.obj
 0003:0000b8f8       ?s_pNautilusDirt@@3PEAIEA  00000001400588f8     demo.obj
 0003:0000b900       ?s_pBallVignette@@3PEAIEA  0000000140058900     demo.obj
 0003:0000b908       ?s_pLenz@@3PEAIEA          0000000140058908     demo.obj
 0003:0000b910       ?s_pRevLogo@@3PEAIEA       0000000140058910     demo.obj
 0003:0000b918       ?s_pSpikeyFullDirt@@3PEAIEA 0000000140058918     demo.obj
 0003:0000b920       ?s_pNoooN@@3PEAIEA         0000000140058920     demo.obj
 0003:0000b928       ?s_pTunnelVignette2@@3PEAIEA 0000000140058928     demo.obj
 0003:0000b930       ?s_pDiscoGuys@@3PAPEAIA    0000000140058930     demo.obj
 0003:0000b970       ?s_pGreetings@@3PAPEAIA    0000000140058970     demo.obj
 0003:0000b990       ?s_pCredits@@3PAPEAIA      0000000140058990     demo.obj
 0003:0000b9b0       ?s_pSpikeyBypass@@3PEAIEA  00000001400589b0     demo.obj
 0003:0000b9b8       ?s_pWaterDirt@@3PEAIEA     00000001400589b8     demo.obj
 0003:0000b9c0       ?s_pCloseSpikeVignette@@3PEAIEA 00000001400589c0     demo.obj
 0003:0000b9c8       ?s_pCloseSpikeDirt@@3PEAIEA 00000001400589c8     demo.obj
 0003:0000b9d0       ?s_pVignette06@@3PEAIEA    00000001400589d0     demo.obj
 0003:0000b9d8       ?s_pNautilusCousteauRim2@@3PEAIEA 00000001400589d8     demo.obj
 0003:0000b9e0       ?s_pWaterPrismOverlay@@3PEAIEA 00000001400589e0     demo.obj
 0003:0000b9e8       ?s_pNautilusCousteau2@@3PEAIEA 00000001400589e8     demo.obj
 0003:0000b9f0       ?s_pSpikeyArrested@@3PEAIEA 00000001400589f0     demo.obj
 0003:0000b9f8       ?s_pAreWeDone@@3PEAIEA     00000001400589f8     demo.obj
 0003:0000ba00       ?s_pTunnelFullDirt@@3PEAIEA 0000000140058a00     demo.obj
 0003:0000ba08       ?s_pGodLayer@@3PEAIEA      0000000140058a08     demo.obj
 0003:0000ba10       ?s_pSpikeyVignette@@3PEAIEA 0000000140058a10     demo.obj
 0003:0000ba18       ?s_pNautilusCousteauRim1@@3PEAIEA 0000000140058a18     demo.obj
 0003:0000ba20       ?s_pTunnelVignette@@3PEAIEA 0000000140058a20     demo.obj
 0003:0000ba28       ?s_pNautilusCousteau1@@3PEAIEA 0000000140058a28     demo.obj
 0003:0000ba30       ?s_pNautilusVignette@@3PEAIEA 0000000140058a30     demo.obj
 0003:0000ba38       ?s_pNautilusText@@3PEAIEA  0000000140058a38     demo.obj
 0003:0000ba40       ?s_pGreetingsDirt@@3PEAIEA 0000000140058a40     demo.obj
 0003:0000ba48       ?s_pGreetingsVignette@@3PEAIEA 0000000140058a48     demo.obj
 0003:0000ba50       ?s_pMFX@@3PEAIEA           0000000140058a50     demo.obj
 0003:0000ba58       ?s_pSpikeyVignette2@@3PEAIEA 0000000140058a58     demo.obj
 0003:0000ba60       ?s_pPad@@3PEAU_SDL_GameController@@EA 0000000140058a60     gamepad.obj
 0003:0000ba68       ?s_pGC@@3V?$vector@PEAXV?$allocator@PEAX@std@@@std@@A 0000000140058a68     image.obj
 0003:0000ba80       ?s_pColorMap@@3PEAIEA      0000000140058a80     landscape.obj
 0003:0000ba88       ?s_pFogGradient@@3PEAIEA   0000000140058a88     landscape.obj
 0003:0000ba90       ?s_fogGradientUnp@@3PAT__m128i@@A 0000000140058a90     landscape.obj
 0003:0000ca90       ?s_pHeightMap@@3PEAEEA     0000000140059a90     landscape.obj
 0003:0000ca98       ?s_pInvMap2x2@@3PEAHEA     0000000140059a98     polar.obj
 0003:0000caa0       ?s_pMap@@3PEAHEA           0000000140059aa0     polar.obj
 0003:0000caa8       ?s_pInvMap@@3PEAHEA        0000000140059aa8     polar.obj
 0003:0000cab0       ?s_pMap2x2@@3PEAHEA        0000000140059ab0     polar.obj
 0003:0000cab8       ?s_pColorMap@@3PEAIEA      0000000140059ab8     torus-twister.obj
 0003:0000cac0       ?s_heightProj@@3PAIA       0000000140059ac0     torus-twister.obj
 0003:0000d2c0       ?s_heightProjNorm@@3PAIA   000000014005a2c0     torus-twister.obj
 0003:0000dac0       ?s_pHeightMap@@3PEAEEA     000000014005aac0     torus-twister.obj
 0003:0000dac8       ?s_pBackground@@3PEAIEA    000000014005aac8     torus-twister.obj
 0003:0000dad0       ?s_pColorMap@@3PEAIEA      000000014005aad0     tunnelscape.obj
 0003:0000dad8       ?s_pFogGradient@@3PEAIEA   000000014005aad8     tunnelscape.obj
 0003:0000dae0       ?s_fogGradientUnp@@3PAT__m128i@@A 000000014005aae0     tunnelscape.obj
 0003:0000eae0       ?s_pHeightMap@@3PEAEEA     000000014005bae0     tunnelscape.obj
 0003:0000eae8       ?numCalls@?9??Gamepad_Update@@YA_NAEAUPadState@@@Z@4HA 000000014005bae8     gamepad.obj
 0003:0000eaec       ?strafeX@?1??vscape@@YAXPEAIMM@Z@4MA 000000014005baec     landscape.obj
 0003:0000eaf0       ?viewAngle@?1??vscape@@YAXPEAIMM@Z@4MA 000000014005baf0     landscape.obj
 0003:0000eaf4       ?padMoveX@?1??vscape@@YAXPEAIMM@Z@4MA 000000014005baf4     landscape.obj
 0003:0000eaf8       ?padTilt@?1??vscape@@YAXPEAIMM@Z@4MA 000000014005baf8     landscape.obj
 0003:0000eafc       ?padMoveY@?1??vscape@@YAXPEAIMM@Z@4MA 000000014005bafc     landscape.obj
 0003:0000eb00       ?strafeY@?1??vscape@@YAXPEAIMM@Z@4MA 000000014005bb00     landscape.obj
 0003:0000eb10       ?edgeDivs@?1??VerticalBoxBlur32@@YAXPEAIPEBIIIM@Z@4PAT__m128i@@A 000000014005bb10     boxblur.obj
 0003:0000fb10       ?edgeDivs@?1??HorizontalBoxBlur32@@YAXPEAIPEBIIIM@Z@4PAT__m128i@@A 000000014005cb10     boxblur.obj
 0005:00000000       MsetTab                    0000000140061000     libvcruntime:memset.obj
 0005:00000050       MoveSmall                  0000000140061050     libvcruntime:memcpy.obj
 0005:00000090       MoveSmallYmm               0000000140061090     libvcruntime:memcpy.obj
 0005:000000b4       MoveSmallYmmNT             00000001400610b4     libvcruntime:memcpy.obj
 0005:000000d8       MoveSmallXmm               00000001400610d8     libvcruntime:memcpy.obj
 0005:00000100       _2il0floatpacket$19        0000000140061100     LIBCMT:svml_ssinf4_sse2.obj
 0005:00000200       _2il0floatpacket$26        0000000140061200     LIBCMT:svml_dcos2_sse2.obj
 0005:00000210       _2il0floatpacket$27        0000000140061210     LIBCMT:svml_dcos2_sse2.obj
 0005:00000220       _2il0floatpacket$28        0000000140061220     LIBCMT:svml_dcos2_sse2.obj
 0005:00000230       _2il0floatpacket$29        0000000140061230     LIBCMT:svml_dcos2_sse2.obj
 0005:00000240       _2il0floatpacket$30        0000000140061240     LIBCMT:svml_dcos2_sse2.obj
 0005:00000250       _2il0floatpacket$31        0000000140061250     LIBCMT:svml_dcos2_sse2.obj
 0005:00000260       _2il0floatpacket$32        0000000140061260     LIBCMT:svml_dcos2_sse2.obj
 0005:00000270       _2il0floatpacket$33        0000000140061270     LIBCMT:svml_dcos2_sse2.obj
 0005:00000280       _2il0floatpacket$34        0000000140061280     LIBCMT:svml_dcos2_sse2.obj
 0005:00000290       _2il0floatpacket$35        0000000140061290     LIBCMT:svml_dcos2_sse2.obj
 0005:000002a0       _2il0floatpacket$36        00000001400612a0     LIBCMT:svml_dcos2_sse2.obj
 0005:000002b0       _2il0floatpacket$37        00000001400612b0     LIBCMT:svml_dcos2_sse2.obj
 0005:000002c0       _2il0floatpacket$38        00000001400612c0     LIBCMT:svml_dcos2_sse2.obj
 0005:000002d0       _2il0floatpacket$39        00000001400612d0     LIBCMT:svml_dcos2_sse2.obj
 0005:000002e0       _2il0floatpacket$40        00000001400612e0     LIBCMT:svml_dcos2_sse2.obj
 0005:000002f0       _2il0floatpacket$41        00000001400612f0     LIBCMT:svml_dcos2_sse2.obj
 0005:00000300       _2il0floatpacket$42        0000000140061300     LIBCMT:svml_dcos2_sse2.obj
 0005:00000310       _2il0floatpacket$43        0000000140061310     LIBCMT:svml_dcos2_sse2.obj
 0005:00000400       _2il0floatpacket$26        0000000140061400     LIBCMT:svml_dcos2_sse4.obj
 0005:00000410       _2il0floatpacket$27        0000000140061410     LIBCMT:svml_dcos2_sse4.obj
 0005:00000420       _2il0floatpacket$28        0000000140061420     LIBCMT:svml_dcos2_sse4.obj
 0005:00000430       _2il0floatpacket$29        0000000140061430     LIBCMT:svml_dcos2_sse4.obj
 0005:00000440       _2il0floatpacket$30        0000000140061440     LIBCMT:svml_dcos2_sse4.obj
 0005:00000450       _2il0floatpacket$31        0000000140061450     LIBCMT:svml_dcos2_sse4.obj
 0005:00000460       _2il0floatpacket$32        0000000140061460     LIBCMT:svml_dcos2_sse4.obj
 0005:00000470       _2il0floatpacket$33        0000000140061470     LIBCMT:svml_dcos2_sse4.obj
 0005:00000480       _2il0floatpacket$34        0000000140061480     LIBCMT:svml_dcos2_sse4.obj
 0005:00000490       _2il0floatpacket$35        0000000140061490     LIBCMT:svml_dcos2_sse4.obj
 0005:000004a0       _2il0floatpacket$36        00000001400614a0     LIBCMT:svml_dcos2_sse4.obj
 0005:000004b0       _2il0floatpacket$37        00000001400614b0     LIBCMT:svml_dcos2_sse4.obj
 0005:000004c0       _2il0floatpacket$38        00000001400614c0     LIBCMT:svml_dcos2_sse4.obj
 0005:000004d0       _2il0floatpacket$39        00000001400614d0     LIBCMT:svml_dcos2_sse4.obj
 0005:000004e0       _2il0floatpacket$40        00000001400614e0     LIBCMT:svml_dcos2_sse4.obj
 0005:000004f0       _2il0floatpacket$41        00000001400614f0     LIBCMT:svml_dcos2_sse4.obj
 0005:00000500       _2il0floatpacket$42        0000000140061500     LIBCMT:svml_dcos2_sse4.obj
 0005:00000510       _2il0floatpacket$43        0000000140061510     LIBCMT:svml_dcos2_sse4.obj
 0005:00002700       _vmlsSinHATab              0000000140063700     LIBCMT:svml_s_sin_cout.obj
 0005:00013500       _vmldCosHATab              0000000140074500     LIBCMT:svml_d_cos_cout.obj
 0006:00000060       $R000000                   0000000140075060     * linker generated manifest res *
