 VS17

 Timestamp is 64227109 (Tue Mar 28 06:46:01 2023)

 Preferred load address is 0000000140000000

 Start         Length     Name                   Class
 0001:00000000 00000020H .text$di                CODE
 0001:00000020 00038690H .text$mn                CODE
 0001:000386b0 00000040H .text$mn$00             CODE
 0001:000386f0 000006d0H .text$x                 CODE
 0001:00038dc0 000000d9H .text$yd                CODE
 0002:00000000 00000538H .idata$5                DATA
 0002:00000538 00000028H .00cfg                  DATA
 0002:00000560 00000008H .CRT$XCA                DATA
 0002:00000568 00000008H .CRT$XCAA               DATA
 0002:00000570 00000010H .CRT$XCU                DATA
 0002:00000580 00000008H .CRT$XCZ                DATA
 0002:00000588 00000008H .CRT$XIA                DATA
 0002:00000590 00000008H .CRT$XIAA               DATA
 0002:00000598 00000008H .CRT$XIAC               DATA
 0002:000005a0 00000028H .CRT$XIC                DATA
 0002:000005c8 00000008H .CRT$XIZ                DATA
 0002:000005d0 00000008H .CRT$XPA                DATA
 0002:000005d8 00000010H .CRT$XPX                DATA
 0002:000005e8 00000008H .CRT$XPXA               DATA
 0002:000005f0 00000008H .CRT$XPZ                DATA
 0002:000005f8 00000008H .CRT$XTA                DATA
 0002:00000600 00000010H .CRT$XTZ                DATA
 0002:00000608 00000000H .gehcont$y              DATA
 0002:00000608 00000000H .gfids$y                DATA
 0002:00000610 0000d370H .rdata                  DATA
 0002:0000d980 00000000H .rdata$CastGuardVftablesA DATA
 0002:0000d980 00000000H .rdata$CastGuardVftablesC DATA
 0002:0000d980 000006fcH .rdata$r                DATA
 0002:0000e07c 000002f4H .rdata$voltmd           DATA
 0002:0000e370 000003b0H .rdata$zzzdbg           DATA
 0002:0000e720 00000008H .rtc$IAA                DATA
 0002:0000e728 00000008H .rtc$IZZ                DATA
 0002:0000e730 00000008H .rtc$TAA                DATA
 0002:0000e738 00000008H .rtc$TZZ                DATA
 0002:0000e740 00002eb8H .xdata                  DATA
 0002:000115f8 00000314H .xdata$x                DATA
 0002:0001190c 00000000H .edata                  DATA
 0002:0001190c 0000008cH .idata$2                DATA
 0002:00011998 00000018H .idata$3                DATA
 0002:000119b0 00000538H .idata$4                DATA
 0002:00011ee8 00000bd2H .idata$6                DATA
 0003:00000000 00000ca0H .data                   DATA
 0003:00000ca0 000001a8H .data$r                 DATA
 0003:00000e48 000000c8H .data$rs                DATA
 0003:00000f10 0000fc60H .bss                    DATA
 0004:00000000 000028bcH .pdata                  DATA
 0005:00000000 00013510H _RDATA                  DATA
 0006:00000000 00000060H .rsrc$01                DATA
 0006:00000060 00000180H .rsrc$02                DATA

  Address         Publics by Value              Rva+Base               Lib:Object

 0000:00000000       __x64_code_ranges_to_entry_points_count 0000000000000000     <absolute>
 0000:00000000       __guard_longjmp_table      0000000000000000     <absolute>
 0000:00000000       __guard_iat_table          0000000000000000     <absolute>
 0000:00000000       __x64_code_ranges_to_entry_points 0000000000000000     <absolute>
 0000:00000000       __guard_fids_count         0000000000000000     <absolute>
 0000:00000000       __guard_iat_count          0000000000000000     <absolute>
 0000:00000000       __guard_longjmp_count      0000000000000000     <absolute>
 0000:00000000       __arm64x_extra_rfe_table   0000000000000000     <absolute>
 0000:00000000       __dynamic_value_reloc_table 0000000000000000     <absolute>
 0000:00000000       __hybrid_auxiliary_iat     0000000000000000     <absolute>
 0000:00000000       __hybrid_auxiliary_iat_copy 0000000000000000     <absolute>
 0000:00000000       __hybrid_code_map          0000000000000000     <absolute>
 0000:00000000       __arm64x_extra_rfe_table_size 0000000000000000     <absolute>
 0000:00000000       __arm64x_redirection_metadata 0000000000000000     <absolute>
 0000:00000000       __AbsoluteZero             0000000000000000     <absolute>
 0000:00000000       __guard_check_icall_a64n_fptr 0000000000000000     <absolute>
 0000:00000000       __guard_fids_table         0000000000000000     <absolute>
 0000:00000000       __guard_eh_cont_count      0000000000000000     <absolute>
 0000:00000000       __arm64x_redirection_metadata_count 0000000000000000     <absolute>
 0000:00000000       __enclave_config           0000000000000000     <absolute>
 0000:00000000       __guard_eh_cont_table      0000000000000000     <absolute>
 0000:00000000       __arm64x_native_entrypoint 0000000000000000     <absolute>
 0000:00000000       __hybrid_code_map_count    0000000000000000     <absolute>
 0000:00000100       __guard_flags              0000000000000100     <absolute>
 0000:00000000       __ImageBase                0000000140000000     <linker-defined>
 0001:00000020       __local_stdio_printf_options 0000000140001020 f i device.obj
 0001:00000030       fprintf                    0000000140001030 f i device.obj
 0001:00000080       snprintf                   0000000140001080 f i device.obj
 0001:000002d0       sync_save_tracks           00000001400012d0 f   device.obj
 0001:00000890       sync_tcp_connect           0000000140001890 f   device.obj
 0001:00000ad0       sync_update                0000000140001ad0 f   device.obj
 0001:00000d40       sync_get_track             0000000140001d40 f   device.obj
 0001:00000f40       sync_get_val               0000000140001f40 f   track.obj
 0001:00001140       ??0Vector3@@QEAA@MMM@Z     0000000140002140 f i Matrix44.obj
 0001:00001160       ??GVector3@@QEBA?BV0@AEBV0@@Z 0000000140002160 f i Matrix44.obj
 0001:000011a0       ??DVector3@@QEBA?BMAEBV0@@Z 00000001400021a0 f i Matrix44.obj
 0001:000011d0       ??DVector3@@QEBA?BV0@M@Z   00000001400021d0 f i Matrix44.obj
 0001:00001200       ??XVector3@@QEAAAEAV0@M@Z  0000000140002200 f i Matrix44.obj
 0001:00001230       ?Normalized@Vector3@@QEBA?BV1@XZ 0000000140002230 f i Matrix44.obj
 0001:000012a0       ??0Vector4@@QEAA@MMMM@Z    00000001400022a0 f i Matrix44.obj
 0001:000012c0       ??0exception@std@@QEAA@AEBV01@@Z 00000001400022c0 f i audio.obj
 0001:00001300       ?what@exception@std@@UEBAPEBDXZ 0000000140002300 f i audio.obj
 0001:00001320       ??_Eexception@std@@UEAAPEAXI@Z 0000000140002320 f i * CIL library *:* CIL module *
 0001:00001320       ??_Ebad_exception@std@@UEAAPEAXI@Z 0000000140002320 f i libvcruntime:frame.obj
 0001:00001320       ??_Ebad_alloc@std@@UEAAPEAXI@Z 0000000140002320 f i * CIL library *:* CIL module *
 0001:00001320       ??_Eruntime_error@std@@UEAAPEAXI@Z 0000000140002320 f i * CIL library *:* CIL module *
 0001:00001320       ??_Gexception@std@@UEAAPEAXI@Z 0000000140002320 f i audio.obj
 0001:00001320       ??_Elogic_error@std@@UEAAPEAXI@Z 0000000140002320 f i libcpmt:xthrow.obj
 0001:00001320       ??_Gbad_array_new_length@std@@UEAAPEAXI@Z 0000000140002320 f i audio.obj
 0001:00001320       ??_Glength_error@std@@UEAAPEAXI@Z 0000000140002320 f i libcpmt:xthrow.obj
 0001:00001320       ??_Gbad_alloc@std@@UEAAPEAXI@Z 0000000140002320 f i audio.obj
 0001:00001320       ??_Ebad_array_new_length@std@@UEAAPEAXI@Z 0000000140002320 f i * CIL library *:* CIL module *
 0001:00001320       ??_Glogic_error@std@@UEAAPEAXI@Z 0000000140002320 f i libcpmt:xthrow.obj
 0001:00001320       ??_Elength_error@std@@UEAAPEAXI@Z 0000000140002320 f i libcpmt:xthrow.obj
 0001:00001320       ??_Gruntime_error@std@@UEAAPEAXI@Z 0000000140002320 f i main.obj
 0001:00001320       ??_Gbad_exception@std@@UEAAPEAXI@Z 0000000140002320 f i libvcruntime:frame.obj
 0001:00001370       ??1bad_alloc@std@@UEAA@XZ  0000000140002370 f i audio.obj
 0001:00001370       ??1bad_array_new_length@std@@UEAA@XZ 0000000140002370 f i audio.obj
 0001:00001370       ??1bad_exception@std@@UEAA@XZ 0000000140002370 f i libvcruntime:frame.obj
 0001:00001370       ??1system_error@std@@UEAA@XZ 0000000140002370 f i main.obj
 0001:00001370       ??1length_error@std@@UEAA@XZ 0000000140002370 f i libcpmt:xthrow.obj
 0001:00001390       ??0bad_array_new_length@std@@QEAA@XZ 0000000140002390 f i audio.obj
 0001:000013c0       ?_Throw_bad_array_new_length@std@@YAXXZ 00000001400023c0 f i audio.obj
 0001:000013c0       ?__scrt_throw_std_bad_array_new_length@@YAXXZ 00000001400023c0 f i LIBCMT:throw_bad_alloc.obj
 0001:000013e0       ??0bad_array_new_length@std@@QEAA@AEBV01@@Z 00000001400023e0 f i audio.obj
 0001:00001420       ??0bad_alloc@std@@QEAA@AEBV01@@Z 0000000140002420 f i audio.obj
 0001:00001460       ?_Xlen_string@std@@YAXXZ   0000000140002460 f i audio.obj
 0001:00001480       ?Audio_Create@@YA_NIAEBV?$basic_string@DU?$char_traits@D@std@@V?$allocator@D@2@@std@@PEAUHWND__@@_N@Z 0000000140002480 f   audio.obj
 0001:000017d0       ?Audio_Rocket_Pause@@YAXPEAXH@Z 00000001400027d0 f   audio.obj
 0001:000017f0       ?Audio_Rocket_SetRow@@YAXPEAXH@Z 00000001400027f0 f   audio.obj
 0001:00001830       ?Audio_Rocket_IsPlaying@@YAHPEAX@Z 0000000140002830 f   audio.obj
 0001:00001840       ??1?$basic_string@DU?$char_traits@D@std@@V?$allocator@D@2@@std@@QEAA@XZ 0000000140002840 f i audio.obj
 0001:000018a0       ??0?$basic_string@DU?$char_traits@D@std@@V?$allocator@D@2@@std@@QEAA@QEBD@Z 00000001400028a0 f i audio.obj
 0001:000018e0       ?assign@?$basic_string@DU?$char_traits@D@std@@V?$allocator@D@2@@std@@QEAAAEAV12@QEBD_K@Z 00000001400028e0 f i audio.obj
 0001:00002940       ?Ball_Create@@YA_NXZ       0000000140003940 f   ball.obj
 0001:00003040       ?Ball_Draw@@YAXPEAIMM@Z    0000000140004040 f   ball.obj
 0001:000033c0       ?HorizontalBoxBlur32@@YAXPEAIPEBIIIM@Z 00000001400043c0 f   boxblur.obj
 0001:00003550       ?VerticalBoxBlur32@@YAXPEAIPEBIIIM@Z 0000000140004550 f   boxblur.obj
 0001:000036d0       ?Fx_Blit_2x2@@YAXPEAI0@Z   00000001400046d0 f   fx-blitter.obj
 0001:00003740       tinymt32_init              0000000140004740 f   random.obj
 0001:00003a20       ?Shadertoy_Create@@YA_NXZ  0000000140004a20 f   shadertoy.obj
 0001:00004cd0       ?Spikey_Draw@@YAXPEAIMM_N@Z 0000000140005cd0 f   shadertoy.obj
 0001:00005450       ?RenderLaura_2x2@@YAXPEAIM@Z 0000000140006450 f   shadertoy.obj
 0001:00005640       ?Demo_Create@@YA_NXZ       0000000140006640 f   demo.obj
 0001:00006ea0       ?Demo_Draw@@YA_NPEAIMM@Z   0000000140007ea0 f   demo.obj
 0001:000083a0       ?Open@Display@@QEAA_NAEBV?$basic_string@DU?$char_traits@D@std@@V?$allocator@D@2@@std@@II_N@Z 00000001400093a0 f   display.obj
 0001:00008690       ?Gamepad_Update@@YA_NAEAUPadState@@@Z 0000000140009690 f   gamepad.obj
 0001:00008ba0       ?Image_Load32@@YAPEAIAEBV?$basic_string@DU?$char_traits@D@std@@V?$allocator@D@2@@std@@@Z 0000000140009ba0 f   image.obj
 0001:00008bb0       ?deallocate@?$allocator@PEAX@std@@QEAAXQEAPEAX_K@Z 0000000140009bb0 f i image.obj
 0001:00008c00       ??$_Emplace_reallocate@AEBQEAX@?$vector@PEAXV?$allocator@PEAX@std@@@std@@QEAAPEAPEAXQEAPEAXAEBQEAX@Z 0000000140009c00 f i image.obj
 0001:00008df0       ?_Xlength@?$vector@PEAXV?$allocator@PEAX@std@@@std@@CAXXZ 0000000140009df0 f i image.obj
 0001:000093e0       ?Landscape_Create@@YA_NXZ  000000014000a3e0 f   landscape.obj
 0001:00009640       ??0runtime_error@std@@QEAA@AEBV01@@Z 000000014000a640 f i main.obj
 0001:00009680       ?default_error_condition@error_category@std@@UEBA?AVerror_condition@2@H@Z 000000014000a680 f i main.obj
 0001:00009690       ?equivalent@error_category@std@@UEBA_NHAEBVerror_condition@2@@Z 000000014000a690 f i main.obj
 0001:000096d0       ?equivalent@error_category@std@@UEBA_NAEBVerror_code@2@H@Z 000000014000a6d0 f i main.obj
 0001:000096f0       ?make_error_code@std@@YA?AVerror_code@1@W4errc@1@@Z 000000014000a6f0 f i main.obj
 0001:00009710       ??0_System_error@std@@IEAA@Verror_code@1@AEBV?$basic_string@DU?$char_traits@D@std@@V?$allocator@D@2@@1@@Z 000000014000a710 f i main.obj
 0001:000098b0       ??_G_System_error@std@@UEAAPEAXI@Z 000000014000a8b0 f i main.obj
 0001:000098b0       ??_Esystem_error@std@@UEAAPEAXI@Z 000000014000a8b0 f i * CIL library *:* CIL module *
 0001:000098b0       ??_Gsystem_error@std@@UEAAPEAXI@Z 000000014000a8b0 f i main.obj
 0001:000098b0       ??_E_System_error@std@@UEAAPEAXI@Z 000000014000a8b0 f i * CIL library *:* CIL module *
 0001:00009900       ??0system_error@std@@QEAA@Verror_code@1@@Z 000000014000a900 f i main.obj
 0001:000099b0       ?_Throw_system_error@std@@YAXW4errc@1@@Z 000000014000a9b0 f i main.obj
 0001:000099f0       ??0system_error@std@@QEAA@AEBV01@@Z 000000014000a9f0 f i main.obj
 0001:00009a50       ??0_System_error@std@@QEAA@AEBV01@@Z 000000014000aa50 f i main.obj
 0001:00009aa0       ?name@_Generic_error_category@std@@UEBAPEBDXZ 000000014000aaa0 f i main.obj
 0001:00009ab0       ?message@_Generic_error_category@std@@UEBA?AV?$basic_string@DU?$char_traits@D@std@@V?$allocator@D@2@@2@H@Z 000000014000aab0 f i main.obj
 0001:00009b00       ??_G_Generic_error_category@std@@UEAAPEAXI@Z 000000014000ab00 f i main.obj
 0001:00009b00       ??_G_System_error_category@std@@UEAAPEAXI@Z 000000014000ab00 f i main.obj
 0001:00009b00       ??_E_Generic_error_category@std@@UEAAPEAXI@Z 000000014000ab00 f i * CIL library *:* CIL module *
 0001:00009b00       ??_E_System_error_category@std@@UEAAPEAXI@Z 000000014000ab00 f i * CIL library *:* CIL module *
 0001:00009b30       ?name@_System_error_category@std@@UEBAPEBDXZ 000000014000ab30 f i main.obj
 0001:00009b40       ?message@_System_error_category@std@@UEBA?AV?$basic_string@DU?$char_traits@D@std@@V?$allocator@D@2@@2@H@Z 000000014000ab40 f i main.obj
 0001:00009bb0       ?default_error_condition@_System_error_category@std@@UEBA?AVerror_condition@2@H@Z 000000014000abb0 f i main.obj
 0001:00009c10       ?_Make_ec@filesystem@std@@YA?AVerror_code@2@W4__std_win_error@@@Z 000000014000ac10 f i main.obj
 0001:00009c30       ?_Throw_system_error_from_std_win_error@filesystem@std@@YAXW4__std_win_error@@@Z 000000014000ac30 f i main.obj
 0001:00009c70       ??0path@filesystem@std@@QEAA@AEBV012@@Z 000000014000ac70 f i main.obj
 0001:00009d70       ??0filesystem_error@filesystem@std@@QEAA@AEBV?$basic_string@DU?$char_traits@D@std@@V?$allocator@D@2@@2@AEBVpath@12@Verror_code@2@@Z 000000014000ad70 f i main.obj
 0001:00009e90       ?what@filesystem_error@filesystem@std@@UEBAPEBDXZ 000000014000ae90 f i main.obj
 0001:00009ea0       ?_Pretty_message@filesystem_error@filesystem@std@@CA?AV?$basic_string@DU?$char_traits@D@std@@V?$allocator@D@2@@3@V?$basic_string_view@DU?$char_traits@D@std@@@3@AEBVpath@23@1@Z 000000014000aea0 f i main.obj
 0001:0000a0d0       ??_Gfilesystem_error@filesystem@std@@UEAAPEAXI@Z 000000014000b0d0 f i main.obj
 0001:0000a0d0       ??_Efilesystem_error@filesystem@std@@UEAAPEAXI@Z 000000014000b0d0 f i * CIL library *:* CIL module *
 0001:0000a220       ??1filesystem_error@filesystem@std@@UEAA@XZ 000000014000b220 f i main.obj
 0001:0000a340       ??0filesystem_error@filesystem@std@@QEAA@AEBV012@@Z 000000014000b340 f i main.obj
 0001:0000a3c0       ?_Throw_fs_error@filesystem@std@@YAXPEBDW4__std_win_error@@AEBVpath@12@@Z 000000014000b3c0 f i main.obj
 0001:0000a430       WinMain                    000000014000b430 f   main.obj
 0001:0000ae20       ??0?$basic_string@DU?$char_traits@D@std@@V?$allocator@D@2@@std@@QEAA@AEBV01@@Z 000000014000be20 f i main.obj
 0001:0000af00       ?append@?$basic_string@DU?$char_traits@D@std@@V?$allocator@D@2@@std@@QEAAAEAV12@QEBD_K@Z 000000014000bf00 f i main.obj
 0001:0000af80       ??$_Convert_wide_to_narrow_replace_chars@U?$char_traits@D@std@@V?$allocator@D@2@@filesystem@std@@YA?AV?$basic_string@DU?$char_traits@D@std@@V?$allocator@D@2@@1@W4__std_code_page@@V?$basic_string_view@_WU?$char_traits@_W@std@@@1@AEBV?$allocator@D@1@@Z 000000014000bf80 f i main.obj
 0001:0000b0d0       ??$_Reallocate_grow_by@V<lambda_1>@?1??reserve@?$basic_string@DU?$char_traits@D@std@@V?$allocator@D@2@@std@@QEAAX_K@Z@$$V@?$basic_string@DU?$char_traits@D@std@@V?$allocator@D@2@@std@@AEAAAEAV01@_KV<lambda_1>@?1??reserve@01@QEAAX0@Z@@Z 000000014000c0d0 f i main.obj
 0001:0000b220       ??$_Reallocate_grow_by@V<lambda_1>@?1??append@?$basic_string@_WU?$char_traits@_W@std@@V?$allocator@_W@2@@std@@QEAAAEAV34@_K_W@Z@_K_W@?$basic_string@_WU?$char_traits@_W@std@@V?$allocator@_W@2@@std@@AEAAAEAV01@_KV<lambda_1>@?1??append@01@QEAAAEAV01@0_W@Z@_K_W@Z 000000014000c220 f i main.obj
 0001:0000b3d0       ??$_Reallocate_grow_by@V<lambda_1>@?1??push_back@?$basic_string@DU?$char_traits@D@std@@V?$allocator@D@2@@std@@QEAAXD@Z@D@?$basic_string@DU?$char_traits@D@std@@V?$allocator@D@2@@std@@AEAAAEAV01@_KV<lambda_1>@?1??push_back@01@QEAAXD@Z@D@Z 000000014000c3d0 f i main.obj
 0001:0000b540       ??$_Reallocate_grow_by@V<lambda_1>@?1??append@?$basic_string@DU?$char_traits@D@std@@V?$allocator@D@2@@std@@QEAAAEAV34@QEBD_K@Z@PEBD_K@?$basic_string@DU?$char_traits@D@std@@V?$allocator@D@2@@std@@AEAAAEAV01@_KV<lambda_1>@?1??append@01@QEAAAEAV01@QEBD0@Z@PEBD_K@Z 000000014000c540 f i main.obj
 0001:0000b6c0       ??$_Reallocate_grow_by@V<lambda_1>@?1??append@?$basic_string@DU?$char_traits@D@std@@V?$allocator@D@2@@std@@QEAAAEAV34@_KD@Z@_KD@?$basic_string@DU?$char_traits@D@std@@V?$allocator@D@2@@std@@AEAAAEAV01@_KV<lambda_1>@?1??append@01@QEAAAEAV01@0D@Z@_KD@Z 000000014000c6c0 f i main.obj
 0001:0000baf0       ?Polar_Blit@@YAXPEAIPEBI_N@Z 000000014000caf0 f   polar.obj
 0001:0000bb30       ?Polar_BlitA@@YAXPEAIPEBI_N@Z 000000014000cb30 f   polar.obj
 0001:0000bb60       ?Shared_Create@@YA_NXZ     000000014000cb60 f   shared-resources.obj
 0001:0000c110       ?Twister_Create@@YA_NXZ    000000014000d110 f   torus-twister.obj
 0001:0000c830       ?Tunnelscape_Create@@YA_NXZ 000000014000d830 f   tunnelscape.obj
 0001:0000ca90       ?Mix32@@YAXPEAIPEBIIE@Z    000000014000da90 f   util.obj
 0001:0000cb00       ?Add32@@YAXPEAIPEBII@Z     000000014000db00 f   util.obj
 0001:0000cb50       ?MixOver32@@YAXPEAIPEBII@Z 000000014000db50 f   util.obj
 0001:0000cb90       ?Sub32@@YAXPEAIPEBII@Z     000000014000db90 f   util.obj
 0001:0000cbe0       ?Excl32@@YAXPEAIPEBII@Z    000000014000dbe0 f   util.obj
 0001:0000cc20       ?SoftLight32@@YAXPEAIPEBII@Z 000000014000dc20 f   util.obj
 0001:0000cc60       ?SoftLight32A@@YAXPEAIPEBII@Z 000000014000dc60 f   util.obj
 0001:0000cca0       ?SoftLight32AA@@YAXPEAIPEBIIM@Z 000000014000dca0 f   util.obj
 0001:0000cd20       ?Overlay32@@YAXPEAIPEBII@Z 000000014000dd20 f   util.obj
 0001:0000cd60       ?Overlay32A@@YAXPEAIPEBII@Z 000000014000dd60 f   util.obj
 0001:0000cda0       ?Darken32_50@@YAXPEAIPEBII@Z 000000014000dda0 f   util.obj
 0001:0000cde0       ?TapeWarp32@@YAXPEAIPEBIIIMM@Z 000000014000dde0 f   util.obj
 0001:0000ce40       ?MulSrc32@@YAXPEAIPEBII@Z  000000014000de40 f   util.obj
 0001:0000ce90       ?MulSrc32A@@YAXPEAIPEBII@Z 000000014000de90 f   util.obj
 0001:0000cee0       ?MixSrc32S@@YAXPEAIPEBIIII@Z 000000014000dee0 f   util.obj
 0001:0000cf50       ?MixSrc32@@YAXPEAIPEBII@Z  000000014000df50 f   util.obj
 0001:0000cfa0       ?BlitSrc32@@YAXPEAIPEBIIII@Z 000000014000dfa0 f   util.obj
 0001:0000d020       ?BlitSrc32A@@YAXPEAIPEBIIIIM@Z 000000014000e020 f   util.obj
 0001:0000d0c0       ?BlitAdd32A@@YAXPEAIPEBIIIIM@Z 000000014000e0c0 f   util.obj
 0001:0000d150       ?Fade32@@YAXPEAIIIE@Z      000000014000e150 f   util.obj
 0001:0000d1d0       ??2@YAPEAX_K@Z             000000014000e1d0 f   LIBCMT:new_scalar.obj
 0001:0000d20c       ??3@YAXPEAX@Z              000000014000e20c f   LIBCMT:delete_scalar.obj
 0001:0000d214       ??3@YAXPEAX_K@Z            000000014000e214 f   LIBCMT:delete_scalar_size.obj
 0001:0000d21c       ??_Etype_info@@UEAAPEAXI@Z 000000014000e21c f i LIBCMT:std_type_info_static.obj
 0001:0000d21c       ??_Gtype_info@@UEAAPEAXI@Z 000000014000e21c f i LIBCMT:std_type_info_static.obj
 0001:0000d248       __scrt_acquire_startup_lock 000000014000e248 f   LIBCMT:utility.obj
 0001:0000d284       __scrt_initialize_crt      000000014000e284 f   LIBCMT:utility.obj
 0001:0000d2d0       __scrt_initialize_onexit_tables 000000014000e2d0 f   LIBCMT:utility.obj
 0001:0000d35c       __scrt_is_nonwritable_in_current_image 000000014000e35c f   LIBCMT:utility.obj
 0001:0000d3f4       __scrt_release_startup_lock 000000014000e3f4 f   LIBCMT:utility.obj
 0001:0000d418       __scrt_uninitialize_crt    000000014000e418 f   LIBCMT:utility.obj
 0001:0000d444       _onexit                    000000014000e444 f   LIBCMT:utility.obj
 0001:0000d480       atexit                     000000014000e480 f   LIBCMT:utility.obj
 0001:0000d6f0       WinMainCRTStartup          000000014000e6f0 f   LIBCMT:exe_winmain.obj
 0001:0000d704       ??0bad_alloc@std@@QEAA@XZ  000000014000e704 f i LIBCMT:throw_bad_alloc.obj
 0001:0000d724       ?__scrt_throw_std_bad_alloc@@YAXXZ 000000014000e724 f   LIBCMT:throw_bad_alloc.obj
 0001:0000d744       __isa_available_init       000000014000e744 f   LIBCMT:cpu_disp.obj
 0001:0000d8e8       _get_startup_argv_mode     000000014000e8e8 f   LIBCMT:argv_mode.obj
 0001:0000d8f0       __scrt_is_ucrt_dll_in_use  000000014000e8f0 f   LIBCMT:ucrt_detection.obj
 0001:0000d8fc       __crt_debugger_hook        000000014000e8fc f   LIBCMT:utility_desktop.obj
 0001:0000d904       __scrt_fastfail            000000014000e904 f   LIBCMT:utility_desktop.obj
 0001:0000da50       __scrt_get_show_window_mode 000000014000ea50 f   LIBCMT:utility_desktop.obj
 0001:0000da8c       __scrt_initialize_mta      000000014000ea8c f   LIBCMT:utility_desktop.obj
 0001:0000da94       _get_startup_thread_locale_mode 000000014000ea94 f   LIBCMT:thread_locale.obj
 0001:0000da94       _get_startup_commit_mode   000000014000ea94 f   LIBCMT:commit_mode.obj
 0001:0000da94       _get_startup_new_mode      000000014000ea94 f   LIBCMT:new_mode.obj
 0001:0000da94       __scrt_stub_for_initialize_mta 000000014000ea94 f   LIBCMT:utility_desktop.obj
 0001:0000da94       __scrt_exe_initialize_mta  000000014000ea94 f   LIBCMT:utility_desktop.obj
 0001:0000da94       __scrt_initialize_winrt    000000014000ea94 f   LIBCMT:utility_desktop.obj
 0001:0000da94       _matherr                   000000014000ea94 f   LIBCMT:matherr.obj
 0001:0000da98       __scrt_is_managed_app      000000014000ea98 f   LIBCMT:utility_desktop.obj
 0001:0000daec       __scrt_set_unhandled_exception_filter 000000014000eaec f   LIBCMT:utility_desktop.obj
 0001:0000dafc       __scrt_unhandled_exception_filter 000000014000eafc f   LIBCMT:utility_desktop.obj
 0001:0000db58       _guard_check_icall_nop     000000014000eb58 f i LIBCMT:guard_support.obj
 0001:0000db58       _initialize_denormal_control 000000014000eb58 f i LIBCMT:denormal_control.obj
 0001:0000db58       _initialize_invalid_parameter_handler 000000014000eb58 f i LIBCMT:invalid_parameter_handler.obj
 0001:0000db5c       __security_init_cookie     000000014000eb5c f   LIBCMT:gs_support.obj
 0001:0000dc08       _get_startup_file_mode     000000014000ec08 f   LIBCMT:file_mode.obj
 0001:0000dc10       ?__scrt_initialize_type_info@@YAXXZ 000000014000ec10 f   LIBCMT:tncleanup.obj
 0001:0000dc20       __acrt_uninitialize_command_line 000000014000ec20 f   libucrt:argv_data.obj
 0001:0000dc20       _should_initialize_environment 000000014000ec20 f   LIBCMT:env_mode.obj
 0001:0000dc24       __local_stdio_scanf_options 000000014000ec24 f i LIBCMT:default_local_stdio_options.obj
 0001:0000dc2c       __scrt_initialize_default_local_stdio_options 000000014000ec2c f   LIBCMT:default_local_stdio_options.obj
 0001:0000dc48       __scrt_is_user_matherr_present 000000014000ec48 f   LIBCMT:matherr_detection.obj
 0001:0000dc54       __scrt_get_dyn_tls_init_callback 000000014000ec54 f   LIBCMT:dyn_tls_init.obj
 0001:0000dc5c       __scrt_get_dyn_tls_dtor_callback 000000014000ec5c f   LIBCMT:dyn_tls_dtor.obj
 0001:0000dc64       _RTC_Initialize            000000014000ec64 f   LIBCMT:initsect.obj
 0001:0000dca0       _RTC_Terminate             000000014000eca0 f   LIBCMT:initsect.obj
 0001:0000dce0       ??0length_error@std@@QEAA@AEBV01@@Z 000000014000ece0 f i libcpmt:xthrow.obj
 0001:0000dd1c       ??0length_error@std@@QEAA@PEBD@Z 000000014000ed1c f i libcpmt:xthrow.obj
 0001:0000dd64       ??0logic_error@std@@QEAA@AEBV01@@Z 000000014000ed64 f i libcpmt:xthrow.obj
 0001:0000dda0       ?_Xlength_error@std@@YAXPEBD@Z 000000014000eda0 f   libcpmt:xthrow.obj
 0001:0000ddc4       __std_system_error_allocate_message 000000014000edc4 f   libcpmt:syserror_import_lib.obj
 0001:0000de24       __std_system_error_deallocate_message 000000014000ee24 f   libcpmt:syserror_import_lib.obj
 0001:0000de2c       __std_fs_code_page         000000014000ee2c f   libcpmt:filesystem.obj
 0001:0000de54       __std_fs_convert_narrow_to_wide 000000014000ee54 f   libcpmt:filesystem.obj
 0001:0000de9c       __std_fs_convert_wide_to_narrow_replace_chars 000000014000ee9c f   libcpmt:filesystem.obj
 0001:0000df68       __std_fs_set_current_path  000000014000ef68 f   libcpmt:filesystem.obj
 0001:0000df88       ?_Syserror_map@std@@YAPEBDH@Z 000000014000ef88 f   libcpmt:syserror.obj
 0001:0000dfb0       ?_Winerror_map@std@@YAHH@Z 000000014000efb0 f   libcpmt:syserror.obj
 0001:0000dfd4       strchr                     000000014000efd4 f   libvcruntime:strchr.obj
 0001:0000e054       __std_exception_copy       000000014000f054 f   libvcruntime:std_exception.obj
 0001:0000e0e4       __std_exception_destroy    000000014000f0e4 f   libvcruntime:std_exception.obj
 0001:0000e10c       __vcrt_initialize          000000014000f10c f   libvcruntime:initialization.obj
 0001:0000e134       __vcrt_uninitialize        000000014000f134 f   libvcruntime:initialization.obj
 0001:0000e150       __C_specific_handler       000000014000f150 f   libvcruntime:riscchandler.obj
 0001:0000e35c       _CxxThrowException         000000014000f35c f   libvcruntime:throw.obj
 0001:0000e3fc       __DestructExceptionObject  000000014000f3fc f   libvcruntime:ehhelpers.obj
 0001:0000e46c       ?_CallMemberFunction0@@YAXQEAX0@Z 000000014000f46c f i libvcruntime:ehhelpers.obj
 0001:0000e470       _IsExceptionObjectToBeDestroyed 000000014000f470 f   libvcruntime:ehhelpers.obj
 0001:0000e4a0       __AdjustPointer            000000014000f4a0 f   libvcruntime:ehhelpers.obj
 0001:0000e4c4       __FrameUnwindFilter        000000014000f4c4 f   libvcruntime:ehhelpers.obj
 0001:0000e52c       __current_exception        000000014000f52c f   libvcruntime:ehhelpers.obj
 0001:0000e540       __current_exception_context 000000014000f540 f   libvcruntime:ehhelpers.obj
 0001:0000e554       __std_terminate            000000014000f554 f   libvcruntime:ehhelpers.obj
 0001:0000e570       memset_repmovs             000000014000f570 f   libvcruntime:memset.obj
 0001:0000e590       memset                     000000014000f590 f   libvcruntime:memset.obj
 0001:0000e720       __std_type_info_compare    000000014000f720 f   libvcruntime:std_type_info.obj
 0001:0000e748       __vcrt_freefls             000000014000f748 f   libvcruntime:per_thread_data.obj
 0001:0000e768       __vcrt_getptd              000000014000f768 f   libvcruntime:per_thread_data.obj
 0001:0000e784       __vcrt_getptd_noexit       000000014000f784 f   libvcruntime:per_thread_data.obj
 0001:0000e844       __vcrt_initialize_ptd      000000014000f844 f   libvcruntime:per_thread_data.obj
 0001:0000e88c       __vcrt_uninitialize_ptd    000000014000f88c f   libvcruntime:per_thread_data.obj
 0001:0000e8b0       __vcrt_initialize_locks    000000014000f8b0 f   libvcruntime:locks.obj
 0001:0000e8e4       __vcrt_uninitialize_locks  000000014000f8e4 f   libvcruntime:locks.obj
 0001:0000e930       _NLG_Notify                000000014000f930 f   libvcruntime:notify.obj
 0001:0000e950       __NLG_Dispatch2            000000014000f950 f   libvcruntime:notify.obj
 0001:0000e960       __NLG_Return2              000000014000f960 f   libvcruntime:notify.obj
 0001:0000e964       __except_validate_context_record 000000014000f964 f   libvcruntime:jbcxrval.obj
 0001:0000eaec       __vcrt_FlsAlloc            000000014000faec f   libvcruntime:winapi_downlevel.obj
 0001:0000eb34       __vcrt_FlsFree             000000014000fb34 f   libvcruntime:winapi_downlevel.obj
 0001:0000eb7c       __vcrt_FlsGetValue         000000014000fb7c f   libvcruntime:winapi_downlevel.obj
 0001:0000ebc4       __vcrt_FlsSetValue         000000014000fbc4 f   libvcruntime:winapi_downlevel.obj
 0001:0000ec18       __vcrt_InitializeCriticalSectionEx 000000014000fc18 f   libvcruntime:winapi_downlevel.obj
 0001:0000ec7c       ??$_CallSETranslator@V__FrameHandler3@@@@YAHPEAUEHExceptionRecord@@PEA_KPEAU_CONTEXT@@PEAU_xDISPATCHER_CONTEXT@@PEBU_s_FuncInfo@@K1H@Z 000000014000fc7c f i libvcruntime:risctrnsctrl.obj
 0001:0000ecd0       ??$_CallSETranslator@V__FrameHandler4@@@@YAHPEAUEHExceptionRecord@@PEA_KPEAU_CONTEXT@@PEAU_xDISPATCHER_CONTEXT@@PEAUFuncInfo4@FH4@@K1H@Z 000000014000fcd0 f i libvcruntime:risctrnsctrl.obj
 0001:0000ed24       ?CatchTryBlock@__FrameHandler3@@SAPEBU_s_TryBlockMapEntry@@PEBU_s_FuncInfo@@H@Z 000000014000fd24 f   libvcruntime:risctrnsctrl.obj
 0001:0000ed78       ?DecompFuncInfo@FH4@@YA_JPEAEAEAUFuncInfo4@1@_KH_N@Z 000000014000fd78 f i libvcruntime:risctrnsctrl.obj
 0001:0000ee9c       ?ExecutionInCatch@__FrameHandler3@@SA_NPEAU_xDISPATCHER_CONTEXT@@PEBU_s_FuncInfo@@@Z 000000014000fe9c f   libvcruntime:risctrnsctrl.obj
 0001:0000eec8       ?ExecutionInCatch@__FrameHandler4@@SA_NPEAU_xDISPATCHER_CONTEXT@@PEAUFuncInfo4@FH4@@@Z 000000014000fec8 f   libvcruntime:risctrnsctrl.obj
 0001:0000eed0       ?FrameUnwindToEmptyState@__FrameHandler3@@SAXPEA_KPEAU_xDISPATCHER_CONTEXT@@PEBU_s_FuncInfo@@@Z 000000014000fed0 f   libvcruntime:risctrnsctrl.obj
 0001:0000ef34       ?FrameUnwindToEmptyState@__FrameHandler4@@SAXPEA_KPEAU_xDISPATCHER_CONTEXT@@PEAUFuncInfo4@FH4@@@Z 000000014000ff34 f   libvcruntime:risctrnsctrl.obj
 0001:0000ef68       ?GetEstablisherFrame@__FrameHandler3@@SAPEA_KPEA_KPEAU_xDISPATCHER_CONTEXT@@PEBU_s_FuncInfo@@0@Z 000000014000ff68 f   libvcruntime:risctrnsctrl.obj
 0001:0000f034       ?GetEstablisherFrame@__FrameHandler4@@SAPEA_KPEA_KPEAU_xDISPATCHER_CONTEXT@@PEAUFuncInfo4@FH4@@0@Z 0000000140010034 f   libvcruntime:risctrnsctrl.obj
 0001:0000f058       ?GetRangeOfTrysToCheck@__FrameHandler3@@SA?AU?$pair@Viterator@TryBlockMap@__FrameHandler3@@V123@@std@@AEAVTryBlockMap@1@HPEAU_xDISPATCHER_CONTEXT@@PEBU_s_FuncInfo@@H@Z 0000000140010058 f   libvcruntime:risctrnsctrl.obj
 0001:0000f198       ?GetRangeOfTrysToCheck@__FrameHandler4@@SA?AU?$pair@Viterator@TryBlockMap4@FH4@@V123@@std@@AEAVTryBlockMap4@FH4@@HPEAU_xDISPATCHER_CONTEXT@@PEAUFuncInfo4@5@H@Z 0000000140010198 f   libvcruntime:risctrnsctrl.obj
 0001:0000f300       ?UnwindNestedFrames@__FrameHandler3@@SAXPEA_KPEAUEHExceptionRecord@@PEAU_CONTEXT@@0PEAXPEBU_s_FuncInfo@@HHPEBU_s_HandlerType@@PEAU_xDISPATCHER_CONTEXT@@E@Z 0000000140010300 f   libvcruntime:risctrnsctrl.obj
 0001:0000f404       ?UnwindNestedFrames@__FrameHandler4@@SAXPEA_KPEAUEHExceptionRecord@@PEAU_CONTEXT@@0PEAXPEAUFuncInfo4@FH4@@HHPEAUHandlerType4@5@PEAU_xDISPATCHER_CONTEXT@@E@Z 0000000140010404 f   libvcruntime:risctrnsctrl.obj
 0001:0000f524       ?setBuffer@TryBlockMap4@FH4@@QEAAXViterator@12@@Z 0000000140010524 f i libvcruntime:risctrnsctrl.obj
 0001:0000f6e4       _CreateFrameInfo           00000001400106e4 f   libvcruntime:risctrnsctrl.obj
 0001:0000f720       _FindAndUnlinkFrame        0000000140010720 f   libvcruntime:risctrnsctrl.obj
 0001:0000f774       _GetImageBase              0000000140010774 f   libvcruntime:risctrnsctrl.obj
 0001:0000f788       _GetThrowImageBase         0000000140010788 f   libvcruntime:risctrnsctrl.obj
 0001:0000f79c       _SetImageBase              000000014001079c f   libvcruntime:risctrnsctrl.obj
 0001:0000f7b4       _SetThrowImageBase         00000001400107b4 f   libvcruntime:risctrnsctrl.obj
 0001:0000f7cc       __CxxFrameHandler3         00000001400107cc f   libvcruntime:risctrnsctrl.obj
 0001:0000f854       __CxxFrameHandler4         0000000140010854 f   libvcruntime:risctrnsctrl.obj
 0001:0000f930       memcpy_repmovs             0000000140010930 f   libvcruntime:memcpy.obj
 0001:0000f950       memmove                    0000000140010950 f   libvcruntime:memcpy.obj
 0001:0000f950       memcpy                     0000000140010950 f   libvcruntime:memcpy.obj
 0001:0000ffc8       ?GetCurrentState@__FrameHandler3@@SAHPEA_KPEAU_xDISPATCHER_CONTEXT@@PEBU_s_FuncInfo@@@Z 0000000140010fc8 f   libvcruntime:ehstate.obj
 0001:0000fff0       ?GetUnwindTryBlock@__FrameHandler3@@SAHPEA_KPEAU_xDISPATCHER_CONTEXT@@PEBU_s_FuncInfo@@@Z 0000000140010ff0 f   libvcruntime:ehstate.obj
 0001:0001001c       ?SetState@__FrameHandler3@@SAXPEA_KPEBU_s_FuncInfo@@H@Z 000000014001101c f   libvcruntime:ehstate.obj
 0001:00010028       ?SetUnwindTryBlock@__FrameHandler3@@SAXPEA_KPEAU_xDISPATCHER_CONTEXT@@PEBU_s_FuncInfo@@H@Z 0000000140011028 f   libvcruntime:ehstate.obj
 0001:00010064       ?StateFromControlPc@__FrameHandler3@@SAHPEBU_s_FuncInfo@@PEAU_xDISPATCHER_CONTEXT@@@Z 0000000140011064 f   libvcruntime:ehstate.obj
 0001:0001006c       ?StateFromControlPc@__FrameHandler4@@SAHPEAUFuncInfo4@FH4@@PEAU_xDISPATCHER_CONTEXT@@@Z 000000014001106c f   libvcruntime:ehstate.obj
 0001:00010074       ?StateFromIp@__FrameHandler3@@SAHPEBU_s_FuncInfo@@PEAU_xDISPATCHER_CONTEXT@@_K@Z 0000000140011074 f   libvcruntime:ehstate.obj
 0001:000100dc       ?StateFromIp@__FrameHandler4@@SAHPEAUFuncInfo4@FH4@@PEAU_xDISPATCHER_CONTEXT@@_K@Z 00000001400110dc f   libvcruntime:ehstate.obj
 0001:000117c0       ??$TypeMatchHelper@V__FrameHandler3@@@@YAHPEBU_s_HandlerType@@PEBU_s_CatchableType@@PEBU_s_ThrowInfo@@@Z 00000001400127c0 f i libvcruntime:frame.obj
 0001:00011900       ??$TypeMatchHelper@V__FrameHandler4@@@@YAHPEAUHandlerType4@FH4@@PEBU_s_CatchableType@@PEBU_s_ThrowInfo@@@Z 0000000140012900 f i libvcruntime:frame.obj
 0001:00011a44       ??$__InternalCxxFrameHandler@V__FrameHandler3@@@@YA?AW4_EXCEPTION_DISPOSITION@@PEAUEHExceptionRecord@@PEA_KPEAU_CONTEXT@@PEAU_xDISPATCHER_CONTEXT@@PEBU_s_FuncInfo@@H1E@Z 0000000140012a44 f i libvcruntime:frame.obj
 0001:00011c7c       ??$__InternalCxxFrameHandler@V__FrameHandler4@@@@YA?AW4_EXCEPTION_DISPOSITION@@PEAUEHExceptionRecord@@PEA_KPEAU_CONTEXT@@PEAU_xDISPATCHER_CONTEXT@@PEAUFuncInfo4@FH4@@H1E@Z 0000000140012c7c f i libvcruntime:frame.obj
 0001:00011f10       ??0HandlerMap4@FH4@@QEAA@PEBUTryBlockMapEntry4@1@_KH@Z 0000000140012f10 f i libvcruntime:frame.obj
 0001:00011f8c       ??0TryBlockMap4@FH4@@QEAA@PEBUFuncInfo4@1@_K@Z 0000000140012f8c f i libvcruntime:frame.obj
 0001:00012064       ??0bad_exception@std@@QEAA@AEBV01@@Z 0000000140013064 f i libvcruntime:frame.obj
 0001:000120a0       ??0bad_exception@std@@QEAA@XZ 00000001400130a0 f i libvcruntime:frame.obj
 0001:000120c0       ?CxxCallCatchBlock@__FrameHandler3@@SAPEAXPEAU_EXCEPTION_RECORD@@@Z 00000001400130c0 f   libvcruntime:frame.obj
 0001:000122ac       ?CxxCallCatchBlock@__FrameHandler4@@SAPEAXPEAU_EXCEPTION_RECORD@@@Z 00000001400132ac f   libvcruntime:frame.obj
 0001:000124fc       ?DecompHandler@HandlerMap4@FH4@@AEAAXXZ 00000001400134fc f i libvcruntime:frame.obj
 0001:0001273c       ?FrameUnwindToState@__FrameHandler3@@SAXPEA_KPEAU_xDISPATCHER_CONTEXT@@PEBU_s_FuncInfo@@H@Z 000000014001373c f   libvcruntime:frame.obj
 0001:000128c8       ?FrameUnwindToState@__FrameHandler4@@SAXPEA_KPEAU_xDISPATCHER_CONTEXT@@PEAUFuncInfo4@FH4@@H@Z 00000001400138c8 f   libvcruntime:frame.obj
 0001:00012bb0       ?GetHandlerSearchState@__FrameHandler3@@SAHPEA_KPEAU_xDISPATCHER_CONTEXT@@PEBU_s_FuncInfo@@@Z 0000000140013bb0 f i libvcruntime:frame.obj
 0001:00012dc0       ?ReadEntry@UWMap4@FH4@@AEAAXPEAPEAE@Z 0000000140013dc0 f i libvcruntime:frame.obj
 0001:00012e60       ?_CallMemberFunction1@@YAXQEAX00@Z 0000000140013e60 f i libvcruntime:frame.obj
 0001:00012e6c       ?_CallMemberFunction2@@YAXQEAX00H@Z 0000000140013e6c f i libvcruntime:frame.obj
 0001:00012e7c       ?getStartStop@UWMap4@FH4@@QEAAXHHAEAViterator@12@0@Z 0000000140013e7c f i libvcruntime:frame.obj
 0001:00012f4c       ?getStateFromIterators@UWMap4@FH4@@SAHAEBViterator@12@H0H0@Z 0000000140013f4c f i libvcruntime:frame.obj
 0001:00013030       _CallSettingFrame          0000000140014030 f   libvcruntime:handlers.obj
 0001:00013080       _CallSettingFrame_LookupContinuationIndex 0000000140014080 f   libvcruntime:handlers.obj
 0001:000130b0       _CallSettingFrame_NotifyContinuationAddr 00000001400140b0 f   libvcruntime:handlers.obj
 0001:000130e0       _CallSettingFrameEncoded   00000001400140e0 f   libvcruntime:handlers.obj
 0001:000131e4       fopen                      00000001400141e4 f   libucrt:fopen.obj
 0001:000131f0       __acrt_initialize_stdio    00000001400141f0 f   libucrt:_file.obj
 0001:00013310       __acrt_iob_func            0000000140014310 f   libucrt:_file.obj
 0001:00013324       __acrt_uninitialize_stdio  0000000140014324 f   libucrt:_file.obj
 0001:00013380       _lock_file                 0000000140014380 f   libucrt:_file.obj
 0001:0001338c       _unlock_file               000000014001438c f   libucrt:_file.obj
 0001:000134bc       ?get_raw_ptd@__crt_cached_ptd_host@@QEAAPEAU__acrt_ptd@@XZ 00000001400144bc f i libucrt:fclose.obj
 0001:00013524       fclose                     0000000140014524 f   libucrt:fclose.obj
 0001:000135bc       realloc                    00000001400145bc f   libucrt:realloc.obj
 0001:00013604       ??$ensure_buffer_is_big_enough@D@formatting_buffer@__crt_stdio_output@@QEAA_N_KAEAV__crt_cached_ptd_host@@@Z 0000000140014604 f i libucrt:output.obj
 0001:000136ac       ??$parse_integer@KV?$c_string_character_source@D@__crt_strtox@@$0A@@__crt_strtox@@YAKAEAV__crt_cached_ptd_host@@V?$c_string_character_source@D@0@H_N@Z 00000001400146ac f i libucrt:output.obj
 0001:00013960       ??$type_case_integer@$07@?$output_processor@DV?$string_output_adapter@D@__crt_stdio_output@@V?$standard_base@DV?$string_output_adapter@D@__crt_stdio_output@@@2@@__crt_stdio_output@@AEAA_N_N@Z 0000000140014960 f i libucrt:output.obj
 0001:00013960       ??$type_case_integer@$07@?$output_processor@DV?$stream_output_adapter@D@__crt_stdio_output@@V?$standard_base@DV?$stream_output_adapter@D@__crt_stdio_output@@@2@@__crt_stdio_output@@AEAA_N_N@Z 0000000140014960 f i libucrt:output.obj
 0001:00013b64       ??$type_case_integer@$09@?$output_processor@DV?$string_output_adapter@D@__crt_stdio_output@@V?$standard_base@DV?$string_output_adapter@D@__crt_stdio_output@@@2@@__crt_stdio_output@@AEAA_N_N@Z 0000000140014b64 f i libucrt:output.obj
 0001:00013b64       ??$type_case_integer@$09@?$output_processor@DV?$stream_output_adapter@D@__crt_stdio_output@@V?$standard_base@DV?$stream_output_adapter@D@__crt_stdio_output@@@2@@__crt_stdio_output@@AEAA_N_N@Z 0000000140014b64 f i libucrt:output.obj
 0001:00013d68       ??$type_case_integer@$0BA@@?$output_processor@DV?$stream_output_adapter@D@__crt_stdio_output@@V?$standard_base@DV?$stream_output_adapter@D@__crt_stdio_output@@@2@@__crt_stdio_output@@AEAA_N_N@Z 0000000140014d68 f i libucrt:output.obj
 0001:00013d68       ??$type_case_integer@$0BA@@?$output_processor@DV?$string_output_adapter@D@__crt_stdio_output@@V?$standard_base@DV?$string_output_adapter@D@__crt_stdio_output@@@2@@__crt_stdio_output@@AEAA_N_N@Z 0000000140014d68 f i libucrt:output.obj
 0001:00013f6c       ??$type_case_integer_parse_into_buffer@I$07@?$output_processor@DV?$string_output_adapter@D@__crt_stdio_output@@V?$standard_base@DV?$string_output_adapter@D@__crt_stdio_output@@@2@@__crt_stdio_output@@AEAAXI_N@Z 0000000140014f6c f i libucrt:output.obj
 0001:00013f6c       ??$type_case_integer_parse_into_buffer@I$07@?$output_processor@DV?$stream_output_adapter@D@__crt_stdio_output@@V?$standard_base@DV?$stream_output_adapter@D@__crt_stdio_output@@@2@@__crt_stdio_output@@AEAAXI_N@Z 0000000140014f6c f i libucrt:output.obj
 0001:00013fdc       ??$type_case_integer_parse_into_buffer@I$09@?$output_processor@DV?$string_output_adapter@D@__crt_stdio_output@@V?$standard_base@DV?$string_output_adapter@D@__crt_stdio_output@@@2@@__crt_stdio_output@@AEAAXI_N@Z 0000000140014fdc f i libucrt:output.obj
 0001:00013fdc       ??$type_case_integer_parse_into_buffer@I$09@?$output_processor@DV?$stream_output_adapter@D@__crt_stdio_output@@V?$standard_base@DV?$stream_output_adapter@D@__crt_stdio_output@@@2@@__crt_stdio_output@@AEAAXI_N@Z 0000000140014fdc f i libucrt:output.obj
 0001:00014088       ??$type_case_integer_parse_into_buffer@I$0BA@@?$output_processor@DV?$stream_output_adapter@D@__crt_stdio_output@@V?$standard_base@DV?$stream_output_adapter@D@__crt_stdio_output@@@2@@__crt_stdio_output@@AEAAXI_N@Z 0000000140015088 f i libucrt:output.obj
 0001:00014088       ??$type_case_integer_parse_into_buffer@I$0BA@@?$output_processor@DV?$string_output_adapter@D@__crt_stdio_output@@V?$standard_base@DV?$string_output_adapter@D@__crt_stdio_output@@@2@@__crt_stdio_output@@AEAAXI_N@Z 0000000140015088 f i libucrt:output.obj
 0001:0001410c       ??$type_case_integer_parse_into_buffer@_K$07@?$output_processor@DV?$string_output_adapter@D@__crt_stdio_output@@V?$standard_base@DV?$string_output_adapter@D@__crt_stdio_output@@@2@@__crt_stdio_output@@AEAAX_K_N@Z 000000014001510c f i libucrt:output.obj
 0001:0001410c       ??$type_case_integer_parse_into_buffer@_K$07@?$output_processor@DV?$stream_output_adapter@D@__crt_stdio_output@@V?$standard_base@DV?$stream_output_adapter@D@__crt_stdio_output@@@2@@__crt_stdio_output@@AEAAX_K_N@Z 000000014001510c f i libucrt:output.obj
 0001:0001417c       ??$type_case_integer_parse_into_buffer@_K$09@?$output_processor@DV?$string_output_adapter@D@__crt_stdio_output@@V?$standard_base@DV?$string_output_adapter@D@__crt_stdio_output@@@2@@__crt_stdio_output@@AEAAX_K_N@Z 000000014001517c f i libucrt:output.obj
 0001:0001417c       ??$type_case_integer_parse_into_buffer@_K$09@?$output_processor@DV?$stream_output_adapter@D@__crt_stdio_output@@V?$standard_base@DV?$stream_output_adapter@D@__crt_stdio_output@@@2@@__crt_stdio_output@@AEAAX_K_N@Z 000000014001517c f i libucrt:output.obj
 0001:0001422c       ??$type_case_integer_parse_into_buffer@_K$0BA@@?$output_processor@DV?$string_output_adapter@D@__crt_stdio_output@@V?$standard_base@DV?$string_output_adapter@D@__crt_stdio_output@@@2@@__crt_stdio_output@@AEAAX_K_N@Z 000000014001522c f i libucrt:output.obj
 0001:0001422c       ??$type_case_integer_parse_into_buffer@_K$0BA@@?$output_processor@DV?$stream_output_adapter@D@__crt_stdio_output@@V?$standard_base@DV?$stream_output_adapter@D@__crt_stdio_output@@@2@@__crt_stdio_output@@AEAAX_K_N@Z 000000014001522c f i libucrt:output.obj
 0001:000143cc       ?crop_zeroes@__crt_stdio_output@@YAXPEADQEAU__crt_locale_pointers@@@Z 00000001400153cc f i libucrt:output.obj
 0001:00014438       ?parse_int_from_format_string@?$output_processor@DV?$stream_output_adapter@D@__crt_stdio_output@@V?$standard_base@DV?$stream_output_adapter@D@__crt_stdio_output@@@2@@__crt_stdio_output@@AEAA_NQEAH@Z 0000000140015438 f i libucrt:output.obj
 0001:00014438       ?parse_int_from_format_string@?$output_processor@DV?$string_output_adapter@D@__crt_stdio_output@@V?$standard_base@DV?$string_output_adapter@D@__crt_stdio_output@@@2@@__crt_stdio_output@@AEAA_NQEAH@Z 0000000140015438 f i libucrt:output.obj
 0001:000144c8       ?process@?$output_processor@DV?$stream_output_adapter@D@__crt_stdio_output@@V?$standard_base@DV?$stream_output_adapter@D@__crt_stdio_output@@@2@@__crt_stdio_output@@QEAAHXZ 00000001400154c8 f i libucrt:output.obj
 0001:00014860       ?process@?$output_processor@DV?$string_output_adapter@D@__crt_stdio_output@@V?$standard_base@DV?$string_output_adapter@D@__crt_stdio_output@@@2@@__crt_stdio_output@@QEAAHXZ 0000000140015860 f i libucrt:output.obj
 0001:00014be0       ?state_case_size@?$output_processor@DV?$stream_output_adapter@D@__crt_stdio_output@@V?$standard_base@DV?$stream_output_adapter@D@__crt_stdio_output@@@2@@__crt_stdio_output@@AEAA_NXZ 0000000140015be0 f i libucrt:output.obj
 0001:00014d68       ?state_case_size@?$output_processor@DV?$string_output_adapter@D@__crt_stdio_output@@V?$standard_base@DV?$string_output_adapter@D@__crt_stdio_output@@@2@@__crt_stdio_output@@AEAA_NXZ 0000000140015d68 f i libucrt:output.obj
 0001:00014ef0       ?state_case_type@?$output_processor@DV?$stream_output_adapter@D@__crt_stdio_output@@V?$standard_base@DV?$stream_output_adapter@D@__crt_stdio_output@@@2@@__crt_stdio_output@@AEAA_NXZ 0000000140015ef0 f i libucrt:output.obj
 0001:00015328       ?state_case_type@?$output_processor@DV?$string_output_adapter@D@__crt_stdio_output@@V?$standard_base@DV?$string_output_adapter@D@__crt_stdio_output@@@2@@__crt_stdio_output@@AEAA_NXZ 0000000140016328 f i libucrt:output.obj
 0001:0001572c       ?type_case_Z@?$output_processor@DV?$string_output_adapter@D@__crt_stdio_output@@V?$standard_base@DV?$string_output_adapter@D@__crt_stdio_output@@@2@@__crt_stdio_output@@AEAA_NXZ 000000014001672c f i libucrt:output.obj
 0001:0001572c       ?type_case_Z@?$output_processor@DV?$stream_output_adapter@D@__crt_stdio_output@@V?$standard_base@DV?$stream_output_adapter@D@__crt_stdio_output@@@2@@__crt_stdio_output@@AEAA_NXZ 000000014001672c f i libucrt:output.obj
 0001:000157a8       ?type_case_a@?$output_processor@DV?$stream_output_adapter@D@__crt_stdio_output@@V?$standard_base@DV?$stream_output_adapter@D@__crt_stdio_output@@@2@@__crt_stdio_output@@AEAA_NXZ 00000001400167a8 f i libucrt:output.obj
 0001:000157a8       ?type_case_a@?$output_processor@DV?$string_output_adapter@D@__crt_stdio_output@@V?$standard_base@DV?$string_output_adapter@D@__crt_stdio_output@@@2@@__crt_stdio_output@@AEAA_NXZ 00000001400167a8 f i libucrt:output.obj
 0001:000159fc       ?type_case_c_tchar@?$output_processor@DV?$string_output_adapter@D@__crt_stdio_output@@V?$standard_base@DV?$string_output_adapter@D@__crt_stdio_output@@@2@@__crt_stdio_output@@AEAA_ND@Z 00000001400169fc f i libucrt:output.obj
 0001:000159fc       ?type_case_c_tchar@?$output_processor@DV?$stream_output_adapter@D@__crt_stdio_output@@V?$standard_base@DV?$stream_output_adapter@D@__crt_stdio_output@@@2@@__crt_stdio_output@@AEAA_ND@Z 00000001400169fc f i libucrt:output.obj
 0001:00015ad0       ?type_case_n@?$output_processor@DV?$stream_output_adapter@D@__crt_stdio_output@@V?$standard_base@DV?$stream_output_adapter@D@__crt_stdio_output@@@2@@__crt_stdio_output@@AEAA_NXZ 0000000140016ad0 f i libucrt:output.obj
 0001:00015ad0       ?type_case_n@?$output_processor@DV?$string_output_adapter@D@__crt_stdio_output@@V?$standard_base@DV?$string_output_adapter@D@__crt_stdio_output@@@2@@__crt_stdio_output@@AEAA_NXZ 0000000140016ad0 f i libucrt:output.obj
 0001:00015b88       ?type_case_s@?$output_processor@DV?$stream_output_adapter@D@__crt_stdio_output@@V?$standard_base@DV?$stream_output_adapter@D@__crt_stdio_output@@@2@@__crt_stdio_output@@AEAA_NXZ 0000000140016b88 f i libucrt:output.obj
 0001:00015b88       ?type_case_s@?$output_processor@DV?$string_output_adapter@D@__crt_stdio_output@@V?$standard_base@DV?$string_output_adapter@D@__crt_stdio_output@@@2@@__crt_stdio_output@@AEAA_NXZ 0000000140016b88 f i libucrt:output.obj
 0001:00015c30       ?update_locale_slow@__crt_cached_ptd_host@@AEAAXXZ 0000000140016c30 f i libucrt:output.obj
 0001:00015ca8       ?validate_stream_is_ansi_if_required@?$__acrt_stdio_char_traits@D@@SA_NQEAU_iobuf@@@Z 0000000140016ca8 f i libucrt:output.obj
 0001:00015d44       ?write_string@?$string_output_adapter@D@__crt_stdio_output@@QEBAXQEBDHQEAHAEAV__crt_cached_ptd_host@@@Z 0000000140016d44 f i libucrt:output.obj
 0001:00015de8       ?write_string_impl@?$output_adapter_common@DV?$stream_output_adapter@D@__crt_stdio_output@@@__crt_stdio_output@@IEBAXQEBDHQEAHAEAV__crt_cached_ptd_host@@@Z 0000000140016de8 f i libucrt:output.obj
 0001:00015eb4       __stdio_common_vfprintf    0000000140016eb4 f   libucrt:output.obj
 0001:00015fd8       __stdio_common_vsprintf    0000000140016fd8 f   libucrt:output.obj
 0001:00016240       strncpy                    0000000140017240 f   libucrt:strncpy.obj
 0001:000163b0       isalnum                    00000001400173b0 f   libucrt:_ctype.obj
 0001:0001645c       ??$__acrt_convert_wcs_mbs_cp@D_WV<lambda_7c9dea7b4ca7285d2cdb541a38da6275>@@U__crt_win32_buffer_internal_dynamic_resizing@@@@YAHQEBDAEAV?$__crt_win32_buffer@_WU__crt_win32_buffer_internal_dynamic_resizing@@@@AEBV<lambda_7c9dea7b4ca7285d2cdb541a38da6275>@@I@Z 000000014001745c f i libucrt:stat.obj
 0001:00016974       ??0_LocaleUpdate@@QEAA@QEAU__crt_locale_pointers@@@Z 0000000140017974 f i libucrt:stat.obj
 0001:00016d60       _stat64i32                 0000000140017d60 f   libucrt:stat.obj
 0001:00016e80       strncmp                    0000000140017e80 f   libucrt:strncmp.obj
 0001:00016fc0       _fwrite_internal           0000000140017fc0 f   libucrt:fwrite.obj
 0001:0001705c       _fwrite_nolock_internal    000000014001805c f   libucrt:fwrite.obj
 0001:00017270       fwrite                     0000000140018270 f   libucrt:fwrite.obj
 0001:00017314       free                       0000000140018314 f   libucrt:free.obj
 0001:00017340       strncat                    0000000140018340 f   libucrt:strncat.obj
 0001:000174d8       _mkdir                     00000001400184d8 f   libucrt:mkdir.obj
 0001:000175bc       _fread_nolock_s            00000001400185bc f   libucrt:fread.obj
 0001:0001781c       fread                      000000014001881c f   libucrt:fread.obj
 0001:0001783c       fread_s                    000000014001883c f   libucrt:fread.obj
 0001:000178e4       malloc                     00000001400188e4 f   libucrt:malloc.obj
 0001:000178ec       ?get_raw_ptd_noexit@__crt_cached_ptd_host@@QEAAPEAU__acrt_ptd@@XZ 00000001400188ec f i libucrt:invalid_parameter.obj
 0001:00017958       ?value@?$dual_state_global@P6AXPEB_W00I_K@Z@__crt_state_management@@QEAAAEAP6AXPEB_W00I_K@ZAEAV__crt_cached_ptd_host@@@Z 0000000140018958 f i libucrt:invalid_parameter.obj
 0001:000179a4       __acrt_call_reportfault    00000001400189a4 f   libucrt:invalid_parameter.obj
 0001:00017b00       __acrt_initialize_invalid_parameter_handler 0000000140018b00 f   libucrt:invalid_parameter.obj
 0001:00017b08       _invalid_parameter         0000000140018b08 f   libucrt:invalid_parameter.obj
 0001:00017ba4       _invalid_parameter_internal 0000000140018ba4 f   libucrt:invalid_parameter.obj
 0001:00017c70       _invalid_parameter_noinfo  0000000140018c70 f   libucrt:invalid_parameter.obj
 0001:00017c90       _invalid_parameter_noinfo_noreturn 0000000140018c90 f   libucrt:invalid_parameter.obj
 0001:00017cc0       _invoke_watson             0000000140018cc0 f   libucrt:invalid_parameter.obj
 0001:00017d08       _aligned_free              0000000140018d08 f   libucrt:align.obj
 0001:00017d24       _aligned_malloc            0000000140018d24 f   libucrt:align.obj
 0001:00017da4       roundf                     0000000140018da4 f   libucrt:roundf.obj
 0001:00017e0c       _clearfp                   0000000140018e0c f   libucrt:ieee.obj
 0001:00017e78       _control87                 0000000140018e78 f   libucrt:ieee.obj
 0001:00017e80       _controlfp                 0000000140018e80 f   libucrt:ieee.obj
 0001:00018128       __acrt_initialize_new_handler 0000000140019128 f   libucrt:new_handler.obj
 0001:00018130       _callnewh                  0000000140019130 f   libucrt:new_handler.obj
 0001:00018170       _query_new_handler         0000000140019170 f   libucrt:new_handler.obj
 0001:000181a8       _seh_filter_exe            00000001400191a8 f   libucrt:exception_filter.obj
 0001:000185c0       __acrt_initialize_thread_local_exit_callback 00000001400195c0 f   libucrt:exit.obj
 0001:000185c8       _c_exit                    00000001400195c8 f   libucrt:exit.obj
 0001:000185d8       _cexit                     00000001400195d8 f   libucrt:exit.obj
 0001:000185e8       _exit                      00000001400195e8 f   libucrt:exit.obj
 0001:000185f4       _register_thread_local_exe_atexit_callback 00000001400195f4 f   libucrt:exit.obj
 0001:00018634       exit                       0000000140019634 f   libucrt:exit.obj
 0001:00018808       __acrt_allocate_buffer_for_argv 0000000140019808 f   libucrt:argv_parsing.obj
 0001:00018868       _configure_narrow_argv     0000000140019868 f   libucrt:argv_parsing.obj
 0001:00018e38       __dcrt_get_or_create_wide_environment_nolock 0000000140019e38 f   libucrt:environment_initialization.obj
 0001:00018e74       __dcrt_uninitialize_environments_nolock 0000000140019e74 f   libucrt:environment_initialization.obj
 0001:00018eb8       _initialize_narrow_environment 0000000140019eb8 f   libucrt:environment_initialization.obj
 0001:00019208       _crt_atexit                000000014001a208 f   libucrt:onexit.obj
 0001:00019218       _execute_onexit_table      000000014001a218 f   libucrt:onexit.obj
 0001:0001925c       _initialize_onexit_table   000000014001a25c f   libucrt:onexit.obj
 0001:00019284       _register_onexit_function  000000014001a284 f   libucrt:onexit.obj
 0001:000193f8       __acrt_initialize          000000014001a3f8 f   libucrt:initialization.obj
 0001:0001940c       __acrt_uninitialize        000000014001a40c f   libucrt:initialization.obj
 0001:00019444       _query_app_type            000000014001a444 f   libucrt:report_runtime_error.obj
 0001:0001944c       _set_app_type              000000014001a44c f   libucrt:report_runtime_error.obj
 0001:00019454       __acrt_has_user_matherr    000000014001a454 f   libucrt:matherr.obj
 0001:00019474       __acrt_initialize_user_matherr 000000014001a474 f   libucrt:matherr.obj
 0001:0001947c       __acrt_invoke_user_matherr 000000014001a47c f   libucrt:matherr.obj
 0001:000194b8       __setusermatherr           000000014001a4b8 f   libucrt:matherr.obj
 0001:000194e0       _get_narrow_winmain_command_line 000000014001a4e0 f   libucrt:argv_winmain.obj
 0001:00019550       _initterm                  000000014001a550 f   libucrt:initterm.obj
 0001:00019594       _initterm_e                000000014001a594 f   libucrt:initterm.obj
 0001:000195dc       _get_fmode                 000000014001a5dc f   libucrt:setmode.obj
 0001:0001960c       _set_fmode                 000000014001a60c f   libucrt:setmode.obj
 0001:0001964c       _setmode_nolock            000000014001a64c f   libucrt:setmode.obj
 0001:000197a0       __acrt_set_locale_changed  000000014001a7a0 f   libucrt:wsetlocale.obj
 0001:000197ac       __acrt_uninitialize_locale 000000014001a7ac f   libucrt:wsetlocale.obj
 0001:000197dc       _configthreadlocale        000000014001a7dc f   libucrt:wsetlocale.obj
 0001:00019848       _query_new_mode            000000014001a848 f   libucrt:new_mode.obj
 0001:00019850       _set_new_mode              000000014001a850 f   libucrt:new_mode.obj
 0001:0001987c       __p__commode               000000014001a87c f   libucrt:ncommode.obj
 0001:00019884       terminate                  000000014001a884 f   libucrt:terminate.obj
 0001:000198b0       strdup                     000000014001a8b0 f   libucrt:strdup.obj
 0001:000198b0       _strdup                    000000014001a8b0 f   libucrt:strdup.obj
 0001:00019928       ___lc_codepage_func        000000014001a928 f   libucrt:initctype.obj
 0001:00019958       strcpy_s                   000000014001a958 f   libucrt:strcpy_s.obj
 0001:000199b8       abort                      000000014001a9b8 f   libucrt:abort.obj
 0001:00019a10       calloc                     000000014001aa10 f   libucrt:calloc.obj
 0001:00019a18       ??$parse_integer@KV?$c_string_character_source@_W@__crt_strtox@@$00@__crt_strtox@@YAKAEAV__crt_cached_ptd_host@@V?$c_string_character_source@_W@0@H_N@Z 000000014001aa18 f i libucrt:atox.obj
 0001:0001a1b4       wcsncmp                    000000014001b1b4 f   libucrt:wcsncmp.obj
 0001:0001a1e0       __acrt_errno_from_os_error 000000014001b1e0 f   libucrt:errno.obj
 0001:0001a228       __acrt_errno_map_os_error  000000014001b228 f   libucrt:errno.obj
 0001:0001a270       __acrt_errno_map_os_error_ptd 000000014001b270 f   libucrt:errno.obj
 0001:0001a294       __doserrno                 000000014001b294 f   libucrt:errno.obj
 0001:0001a2b4       _errno                     000000014001b2b4 f   libucrt:errno.obj
 0001:0001a2d4       ?__acrt_stdio_allocate_stream@@YA?AV__crt_stdio_stream@@XZ 000000014001b2d4 f   libucrt:stream.obj
 0001:0001a32c       ?__acrt_stdio_free_stream@@YAXV__crt_stdio_stream@@@Z 000000014001b32c f   libucrt:stream.obj
 0001:0001a434       ??$__acrt_stdio_parse_mode@D@@YA?AU__acrt_stdio_stream_mode@@QEBD@Z 000000014001b434 f i libucrt:openfile.obj
 0001:0001a6f8       _openfile                  000000014001b6f8 f   libucrt:openfile.obj
 0001:0001a794       _calloc_base               000000014001b794 f   libucrt:calloc_base.obj
 0001:0001a80c       _free_base                 000000014001b80c f   libucrt:free_base.obj
 0001:0001aa04       __acrt_AppPolicyGetProcessTerminationMethodInternal 000000014001ba04 f   libucrt:winapi_thunks.obj
 0001:0001aa5c       __acrt_AreFileApisANSI     000000014001ba5c f   libucrt:winapi_thunks.obj
 0001:0001aaa0       __acrt_CompareStringEx     000000014001baa0 f   libucrt:winapi_thunks.obj
 0001:0001ab8c       __acrt_FlsAlloc            000000014001bb8c f   libucrt:winapi_thunks.obj
 0001:0001ab94       __acrt_FlsFree             000000014001bb94 f   libucrt:winapi_thunks.obj
 0001:0001ab9c       __acrt_FlsGetValue         000000014001bb9c f   libucrt:winapi_thunks.obj
 0001:0001aba4       __acrt_FlsSetValue         000000014001bba4 f   libucrt:winapi_thunks.obj
 0001:0001abac       __acrt_InitializeCriticalSectionEx 000000014001bbac f   libucrt:winapi_thunks.obj
 0001:0001ac1c       __acrt_LCMapStringEx       000000014001bc1c f   libucrt:winapi_thunks.obj
 0001:0001ad08       __acrt_LocaleNameToLCID    000000014001bd08 f   libucrt:winapi_thunks.obj
 0001:0001ad68       __acrt_initialize_winapi_thunks 000000014001bd68 f   libucrt:winapi_thunks.obj
 0001:0001ad8c       __acrt_uninitialize_winapi_thunks 000000014001bd8c f   libucrt:winapi_thunks.obj
 0001:0001add0       _fcloseall                 000000014001bdd0 f   libucrt:closeall.obj
 0001:0001b064       __acrt_stdio_flush_nolock  000000014001c064 f   libucrt:fflush.obj
 0001:0001b0f0       _fflush_nolock             000000014001c0f0 f   libucrt:fflush.obj
 0001:0001b1c4       _flushall                  000000014001c1c4 f   libucrt:fflush.obj
 0001:0001b1cc       __acrt_stdio_free_buffer_nolock 000000014001c1cc f   libucrt:_freebuf.obj
 0001:0001b408       __acrt_initialize_lowio    000000014001c408 f   libucrt:ioinit.obj
 0001:0001b444       __acrt_uninitialize_lowio  000000014001c444 f   libucrt:ioinit.obj
 0001:0001b484       _fileno                    000000014001c484 f   libucrt:fileno.obj
 0001:0001b524       _close_internal            000000014001c524 f   libucrt:close.obj
 0001:0001b5e8       _close_nolock              000000014001c5e8 f   libucrt:close.obj
 0001:0001b680       _close_nolock_internal     000000014001c680 f   libucrt:close.obj
 0001:0001bac8       __acrt_getptd              000000014001cac8 f   libucrt:per_thread_data.obj
 0001:0001bb9c       __acrt_getptd_head         000000014001cb9c f   libucrt:per_thread_data.obj
 0001:0001bc40       __acrt_getptd_noexit       000000014001cc40 f   libucrt:per_thread_data.obj
 0001:0001bd08       __acrt_getptd_noexit_explicit 000000014001cd08 f   libucrt:per_thread_data.obj
 0001:0001bdc8       __acrt_initialize_ptd      000000014001cdc8 f   libucrt:per_thread_data.obj
 0001:0001be04       __acrt_uninitialize_ptd    000000014001ce04 f   libucrt:per_thread_data.obj
 0001:0001be28       _realloc_base              000000014001ce28 f   libucrt:realloc_base.obj
 0001:0001bea4       _malloc_base               000000014001cea4 f   libucrt:malloc_base.obj
 0001:0001bf04       strnlen                    000000014001cf04 f   libucrt:strnlen.obj
 0001:0001c054       wcsnlen                    000000014001d054 f   libucrt:strnlen.obj
 0001:0001c22c       __acrt_update_locale_info  000000014001d22c f   libucrt:locale_update.obj
 0001:0001c260       __acrt_update_locale_info_explicit 000000014001d260 f   libucrt:locale_update.obj
 0001:0001c298       __acrt_update_multibyte_info 000000014001d298 f   libucrt:locale_update.obj
 0001:0001c2cc       __acrt_update_multibyte_info_explicit 000000014001d2cc f   libucrt:locale_update.obj
 0001:0001ce18       __acrt_fp_format           000000014001de18 f   libucrt:cvt.obj
 0001:0001d100       _wctomb_internal           000000014001e100 f   libucrt:wctomb.obj
 0001:0001d2b0       _mbtowc_internal           000000014001e2b0 f   libucrt:mbtowc.obj
 0001:0001d428       _get_printf_count_output   000000014001e428 f   libucrt:printf_count_output.obj
 0001:0001d440       _fputc_nolock_internal     000000014001e440 f   libucrt:fputc.obj
 0001:0001d458       __acrt_should_use_temporary_buffer 000000014001e458 f   libucrt:_sftbuf.obj
 0001:0001d4a4       __acrt_stdio_begin_temporary_buffering_nolock 000000014001e4a4 f   libucrt:_sftbuf.obj
 0001:0001d56c       __acrt_stdio_end_temporary_buffering_nolock 000000014001e56c f   libucrt:_sftbuf.obj
 0001:0001d5ac       _isctype_l                 000000014001e5ac f   libucrt:isctype.obj
 0001:0001d6b4       _getdrive                  000000014001e6b4 f   libucrt:drive.obj
 0001:0001d7ac       ??$__acrt_convert_wcs_mbs_cp@_WDV<lambda_f788ae46380686e8b737efdd8c720d07>@@U__crt_win32_buffer_no_resizing@@@@YAHQEB_WAEAV?$__crt_win32_buffer@DU__crt_win32_buffer_no_resizing@@@@AEBV<lambda_f788ae46380686e8b737efdd8c720d07>@@I@Z 000000014001e7ac f i libucrt:fullpath.obj
 0001:0001d8c8       ??$call_win32_function@V<lambda_17b8e77e04f0039ff1429d79b8271fa1>@@@?$__crt_win32_buffer@_WU__crt_win32_buffer_no_resizing@@@@QEAAHAEBV<lambda_17b8e77e04f0039ff1429d79b8271fa1>@@@Z 000000014001e8c8 f i libucrt:fullpath.obj
 0001:0001d93c       ??$call_win32_function@V<lambda_1a60cddbd8640ed4c95e91b82cd9827b>@@@?$__crt_win32_buffer@_WU__crt_win32_buffer_public_dynamic_resizing@@@@QEAAHAEBV<lambda_1a60cddbd8640ed4c95e91b82cd9827b>@@@Z 000000014001e93c f i libucrt:fullpath.obj
 0001:0001da14       ?detach@?$__crt_win32_buffer@_WU__crt_win32_buffer_public_dynamic_resizing@@@@QEAAPEA_WXZ 000000014001ea14 f i libucrt:fullpath.obj
 0001:0001daf8       _wfullpath                 000000014001eaf8 f   libucrt:fullpath.obj
 0001:0001dbac       wcspbrk                    000000014001ebac f   libucrt:wcspbrk.obj
 0001:0001dbe0       __ascii_wcsicmp            000000014001ebe0 f   libucrt:wcsicmp.obj
 0001:0001dc20       _wcsicmp                   000000014001ec20 f   libucrt:wcsicmp.obj
 0001:0001dc68       _wcsicmp_l                 000000014001ec68 f   libucrt:wcsicmp.obj
 0001:0001dd9c       __acrt_MultiByteToWideChar 000000014001ed9c f   libucrt:multibytetowidechar.obj
 0001:0001de2c       __acrt_lowio_create_handle_array 000000014001ee2c f   libucrt:osfinfo.obj
 0001:0001ded4       __acrt_lowio_destroy_handle_array 000000014001eed4 f   libucrt:osfinfo.obj
 0001:0001df24       __acrt_lowio_ensure_fh_exists 000000014001ef24 f   libucrt:osfinfo.obj
 0001:0001dfcc       __acrt_lowio_lock_fh       000000014001efcc f   libucrt:osfinfo.obj
 0001:0001dff4       __acrt_lowio_set_os_handle 000000014001eff4 f   libucrt:osfinfo.obj
 0001:0001e0b4       __acrt_lowio_unlock_fh     000000014001f0b4 f   libucrt:osfinfo.obj
 0001:0001e0dc       _alloc_osfhnd              000000014001f0dc f   libucrt:osfinfo.obj
 0001:0001e21c       _free_osfhnd               000000014001f21c f   libucrt:osfinfo.obj
 0001:0001e2d8       _get_osfhandle             000000014001f2d8 f   libucrt:osfinfo.obj
 0001:0001e350       ??$__crt_time_is_leap_year@H@@YA_NH@Z 000000014001f350 f i libucrt:loctotime.obj
 0001:0001e5e0       __loctotime64_t            000000014001f5e0 f   libucrt:loctotime.obj
 0001:0001edf0       _write                     000000014001fdf0 f   libucrt:write.obj
 0001:0001ee88       _write_internal            000000014001fe88 f   libucrt:write.obj
 0001:0001efa8       _write_nolock              000000014001ffa8 f   libucrt:write.obj
 0001:0001f424       __acrt_stdio_flush_and_write_narrow_nolock 0000000140020424 f   libucrt:_flsbuf.obj
 0001:0001f4f0       _wmkdir                    00000001400204f0 f   libucrt:wmkdir.obj
 0001:0001f9a4       _read                      00000001400209a4 f   libucrt:read.obj
 0001:0001fac4       _read_nolock               0000000140020ac4 f   libucrt:read.obj
 0001:0001ff14       __acrt_stdio_refill_and_read_narrow_nolock 0000000140020f14 f   libucrt:_filbuf.obj
 0001:0002007c       _msize_base                000000014002107c f   libucrt:msize.obj
 0001:000200b8       _fd_int                    00000001400210b8 f   libucrt:_test.obj
 0001:000201a0       _get_fpsr                  00000001400211a0 f   libucrt:fpsr.obj
 0001:000201b0       _set_fpsr                  00000001400211b0 f   libucrt:fpsr.obj
 0001:000201ba       _fclrf                     00000001400211ba f   libucrt:fpsr.obj
 0001:000201ce       _frnd                      00000001400211ce f   libucrt:fpsr.obj
 0001:000201f0       __acrt_initialize_locks    00000001400211f0 f   libucrt:locks.obj
 0001:00020238       __acrt_lock                0000000140021238 f   libucrt:locks.obj
 0001:00020254       __acrt_uninitialize_locks  0000000140021254 f   libucrt:locks.obj
 0001:0002028c       __acrt_unlock              000000014002128c f   libucrt:locks.obj
 0001:000202a8       __acrt_app_verifier_enabled 00000001400212a8 f   libucrt:peb_access.obj
 0001:000202c4       __acrt_is_secure_process   00000001400212c4 f   libucrt:peb_access.obj
 0001:000202dc       __acrt_get_process_end_policy 00000001400212dc f   libucrt:win_policies.obj
 0001:00020320       ??$__acrt_convert_wcs_mbs_cp@_WDV<lambda_d8593a27d1aa8c02be35c86a17d324c4>@@U__crt_win32_buffer_internal_dynamic_resizing@@@@YAHQEB_WAEAV?$__crt_win32_buffer@DU__crt_win32_buffer_internal_dynamic_resizing@@@@AEBV<lambda_d8593a27d1aa8c02be35c86a17d324c4>@@I@Z 0000000140021320 f i libucrt:argv_wildcards.obj
 0001:00020bc4       __acrt_expand_narrow_argv_wildcards 0000000140021bc4 f   libucrt:argv_wildcards.obj
 0001:00020bcc       __acrt_GetModuleFileNameA  0000000140021bcc f   libucrt:getmodulefilenamea.obj
 0001:000214e8       __acrt_initialize_multibyte 00000001400224e8 f   libucrt:mbctype.obj
 0001:00021548       __acrt_update_thread_multibyte_data 0000000140022548 f   libucrt:mbctype.obj
 0001:00021564       _setmbcp_nolock            0000000140022564 f   libucrt:mbctype.obj
 0001:00021898       _ismbblead                 0000000140022898 f   libucrt:ismbbyte.obj
 0001:000218ac       __acrt_initialize_command_line 00000001400228ac f   libucrt:argv_data.obj
 0001:000218d4       wcscpy_s                   00000001400228d4 f   libucrt:wcscpy_s.obj
 0001:0002193c       __acrt_WideCharToMultiByte 000000014002293c f   libucrt:widechartomultibyte.obj
 0001:00021a1c       __dcrt_get_narrow_environment_from_os 0000000140022a1c f   libucrt:get_environment_from_os.obj
 0001:00021b2c       __dcrt_get_wide_environment_from_os 0000000140022b2c f   libucrt:get_environment_from_os.obj
 0001:0002201c       __dcrt_set_variable_in_wide_environment_nolock 000000014002301c f   libucrt:setenv.obj
 0001:00022024       _recalloc_base             0000000140023024 f   libucrt:recalloc.obj
 0001:000220bc       __acrt_initialize_heap     00000001400230bc f   libucrt:heap_handle.obj
 0001:000220d8       __acrt_uninitialize_heap   00000001400230d8 f   libucrt:heap_handle.obj
 0001:000220e4       __acrt_execute_initializers 00000001400230e4 f   libucrt:shared_initialization.obj
 0001:00022178       __acrt_execute_uninitializers 0000000140023178 f   libucrt:shared_initialization.obj
 0001:00022208       __acrt_get_sigabrt_handler 0000000140023208 f   libucrt:signal.obj
 0001:00022238       __acrt_initialize_signal_handlers 0000000140023238 f   libucrt:signal.obj
 0001:00022258       raise                      0000000140023258 f   libucrt:signal.obj
 0001:000224d4       wcsncpy_s                  00000001400234d4 f   libucrt:wcsncpy_s.obj
 0001:000225d0       __acrt_initialize_fmode    00000001400235d0 f   libucrt:txtmode.obj
 0001:000225ec       __acrt_locale_free_monetary 00000001400235ec f   libucrt:initmon.obj
 0001:000226f8       __acrt_locale_free_numeric 00000001400236f8 f   libucrt:initnum.obj
 0001:00022798       __acrt_locale_free_time    0000000140023798 f   libucrt:inittime.obj
 0001:000228a0       __acrt_GetStringTypeA      00000001400238a0 f   libucrt:getstringtypea.obj
 0001:00022a30       __acrt_add_locale_ref      0000000140023a30 f   libucrt:locale_refcounting.obj
 0001:00022abc       __acrt_free_locale         0000000140023abc f   libucrt:locale_refcounting.obj
 0001:00022c34       __acrt_locale_add_lc_time_reference 0000000140023c34 f   libucrt:locale_refcounting.obj
 0001:00022c5c       __acrt_locale_free_lc_time_if_unreferenced 0000000140023c5c f   libucrt:locale_refcounting.obj
 0001:00022c94       __acrt_locale_release_lc_time_reference 0000000140023c94 f   libucrt:locale_refcounting.obj
 0001:00022cbc       __acrt_release_locale_ref  0000000140023cbc f   libucrt:locale_refcounting.obj
 0001:00022d64       __acrt_update_thread_locale_data 0000000140023d64 f   libucrt:locale_refcounting.obj
 0001:00022dd4       _updatetlocinfoEx_nolock   0000000140023dd4 f   libucrt:locale_refcounting.obj
 0001:00023170       __acrt_LCMapStringA        0000000140024170 f   libucrt:lcmapstringa.obj
 0001:00023208       iswctype                   0000000140024208 f   libucrt:iswctype.obj
 0001:00023274       __ascii_wcsnicmp           0000000140024274 f   libucrt:wcsnicmp.obj
 0001:000232c0       __ascii_strnicmp           00000001400242c0 f   libucrt:strnicmp.obj
 0001:0002330c       _strnicmp                  000000014002430c f   libucrt:strnicmp.obj
 0001:0002335c       _strnicmp_l                000000014002435c f   libucrt:strnicmp.obj
 0001:00023a1c       _sopen_nolock              0000000140024a1c f   libucrt:open.obj
 0001:00023b38       _sopen_s                   0000000140024b38 f   libucrt:open.obj
 0001:00023b6c       _wsopen_nolock             0000000140024b6c f   libucrt:open.obj
 0001:00023f5c       __acrt_DownlevelLocaleNameToLCID 0000000140024f5c f   libucrt:lcidtoname_downlevel.obj
 0001:0002408c       _commit                    000000014002508c f   libucrt:commit.obj
 0001:000241f0       __acrt_fp_strflt_to_string 00000001400251f0 f   libucrt:_fptostr.obj
 0001:00024300       ?divide@__crt_strtox@@YA_KAEAUbig_integer@1@AEBU21@@Z 0000000140025300 f i libucrt:cfout.obj
 0001:0002479c       __acrt_fltout              000000014002579c f   libucrt:cfout.obj
 0001:00025ab4       fegetround                 0000000140026ab4 f   libucrt:fegetround.obj
 0001:00025ac8       ?__c32rtomb_utf8@__crt_mbstring@@YA_KPEAD_UPEAU_Mbstatet@@AEAV__crt_cached_ptd_host@@@Z 0000000140026ac8 f   libucrt:c32rtomb.obj
 0001:00025b6c       ?__mbrtowc_utf8@__crt_mbstring@@YA_KPEA_WPEBD_KPEAU_Mbstatet@@AEAV__crt_cached_ptd_host@@@Z 0000000140026b6c f   libucrt:mbrtowc.obj
 0001:00025bb0       ?__mbsrtowcs_utf8@__crt_mbstring@@YA_KPEA_WPEAPEBD_KPEAU_Mbstatet@@AEAV__crt_cached_ptd_host@@@Z 0000000140026bb0 f   libucrt:mbrtowc.obj
 0001:00025d54       _isatty                    0000000140026d54 f   libucrt:isatty.obj
 0001:00025fa4       _wgetcwd                   0000000140026fa4 f   libucrt:getcwd.obj
 0001:00025fcc       _towlower_l                0000000140026fcc f   libucrt:towlower.obj
 0001:000260c0       __acrt_initialize_timeset  00000001400270c0 f   libucrt:timeset.obj
 0001:00026110       __daylight                 0000000140027110 f   libucrt:timeset.obj
 0001:00026118       __dstbias                  0000000140027118 f   libucrt:timeset.obj
 0001:00026120       __timezone                 0000000140027120 f   libucrt:timeset.obj
 0001:00026128       __tzname                   0000000140027128 f   libucrt:timeset.obj
 0001:00026130       __wide_tzname              0000000140027130 f   libucrt:timeset.obj
 0001:00026138       _get_daylight              0000000140027138 f   libucrt:timeset.obj
 0001:00026168       _get_dstbias               0000000140027168 f   libucrt:timeset.obj
 0001:00026198       _get_timezone              0000000140027198 f   libucrt:timeset.obj
 0001:00026d34       __tzset                    0000000140027d34 f   libucrt:tzset.obj
 0001:00026d78       _isindst                   0000000140027d78 f   libucrt:tzset.obj
 0001:00026f74       _lseeki64                  0000000140027f74 f   libucrt:lseek.obj
 0001:00027010       _lseeki64_nolock           0000000140028010 f   libucrt:lseek.obj
 0001:000270ac       _lseeki64_nolock_internal  00000001400280ac f   libucrt:lseek.obj
 0001:000270b4       _putwch_nolock             00000001400280b4 f   libucrt:putwch.obj
 0001:000270f0       __acrt_stdio_allocate_buffer_nolock 00000001400280f0 f   libucrt:_getbuf.obj
 0001:0002715c       __acrt_fenv_get_common_round_control 000000014002815c f   libucrt:_fenvutils.obj
 0001:00027168       __acrt_fenv_get_control    0000000140028168 f   libucrt:_fenvutils.obj
 0001:0002724c       __acrt_fenv_get_status     000000014002824c f   libucrt:_fenvutils.obj
 0001:000272a4       __acrt_fenv_set_control    00000001400282a4 f   libucrt:_fenvutils.obj
 0001:000273dc       __acrt_fenv_set_status     00000001400283dc f   libucrt:_fenvutils.obj
 0001:00027450       qsort                      0000000140028450 f   libucrt:qsort.obj
 0001:00027860       strncpy_s                  0000000140028860 f   libucrt:strncpy_s.obj
 0001:000279f0       strpbrk                    00000001400289f0 f   libucrt:strpbrk.obj
 0001:00027db8       _mbsdec                    0000000140028db8 f   libucrt:mbsdec.obj
 0001:00027dc0       _mbsdec_l                  0000000140028dc0 f   libucrt:mbsdec.obj
 0001:00027e6c       _wcsnicoll                 0000000140028e6c f   libucrt:wcsnicol.obj
 0001:00027ebc       _wcsnicoll_l               0000000140028ebc f   libucrt:wcsnicol.obj
 0001:00027fac       __strncnt                  0000000140028fac f   libucrt:strncnt.obj
 0001:00027fc4       __acrt_GetStringTypeW      0000000140028fc4 f   libucrt:getstringtypew.obj
 0001:00027fcc       _chsize_nolock             0000000140028fcc f   libucrt:chsize.obj
 0001:00028064       _chsize_nolock_internal    0000000140029064 f   libucrt:chsize.obj
 0001:000281f8       _controlfp_s               00000001400291f8 f   libucrt:contrlfp.obj
 0001:0002825c       fegetenv                   000000014002925c f   libucrt:fegetenv.obj
 0001:0002827c       fesetenv                   000000014002927c f   libucrt:fesetenv.obj
 0001:000282d4       feholdexcept               00000001400292d4 f   libucrt:feholdexcept.obj
 0001:00028324       ceil                       0000000140029324 f   libucrt:ceil.obj
 0001:000283f0       log10                      00000001400293f0 f   libucrt:log10.obj
 0001:0002899c       ?reset_and_return@__crt_mbstring@@YA_K_KPEAU_Mbstatet@@@Z 000000014002999c f   libucrt:common_utf8.obj
 0001:000289a4       ?return_illegal_sequence@__crt_mbstring@@YA_KPEAU_Mbstatet@@AEAV__crt_cached_ptd_host@@@Z 00000001400299a4 f   libucrt:common_utf8.obj
 0001:000289b8       ?__mbrtoc32_utf8@__crt_mbstring@@YA_KPEA_UPEBD_KPEAU_Mbstatet@@AEAV__crt_cached_ptd_host@@@Z 00000001400299b8 f   libucrt:mbrtoc32.obj
 0001:00028b94       __acrt_LCMapStringW        0000000140029b94 f   libucrt:lcmapstringw.obj
 0001:00028c1c       wcstol                     0000000140029c1c f   libucrt:strtox.obj
 0001:00028e60       _wgetenv_s                 0000000140029e60 f   libucrt:getenv.obj
 0001:00028e68       __dcrt_lowio_ensure_console_output_initialized 0000000140029e68 f   libucrt:initcon.obj
 0001:00028ebc       __dcrt_terminate_console_output 0000000140029ebc f   libucrt:initcon.obj
 0001:00028ed8       __dcrt_write_console       0000000140029ed8 f   libucrt:initcon.obj
 0001:00028f98       __acrt_CompareStringW      0000000140029f98 f   libucrt:comparestringw.obj
 0001:0002917c       _handle_error              000000014002a17c f   libucrt:libm_error.obj
 0001:000292a4       _handle_errorf             000000014002a2a4 f   libucrt:libm_error.obj
 0001:000293d8       _handle_nan                000000014002a3d8 f   libucrt:libm_error.obj
 0001:000293f4       _handle_nanf               000000014002a3f4 f   libucrt:libm_error.obj
 0001:00029410       __acrt_initialize_fma3     000000014002a410 f   libucrt:fma3_available.obj
 0001:00029480       _log10_special             000000014002a480 f   libucrt:log_special.obj
 0001:00029538       _raise_exc                 000000014002a538 f   libucrt:fpexcept.obj
 0001:00029560       _raise_exc_ex              000000014002a560 f   libucrt:fpexcept.obj
 0001:00029868       _raise_excf                000000014002a868 f   libucrt:fpexcept.obj
 0001:00029894       _set_errno_from_matherr    000000014002a894 f   libucrt:fpexcept.obj
 0001:000298c4       _clrfp                     000000014002a8c4 f   libucrt:fpctrl.obj
 0001:000298e4       _ctrlfp                    000000014002a8e4 f   libucrt:fpctrl.obj
 0001:00029960       _set_statfp                000000014002a960 f   libucrt:fpctrl.obj
 0001:00029980       _statfp                    000000014002a980 f   libucrt:fpctrl.obj
 0001:00029994       __GSHandlerCheck           000000014002a994 f   LIBCMT:gshandler.obj
 0001:000299b4       __GSHandlerCheckCommon     000000014002a9b4 f   LIBCMT:gshandler.obj
 0001:00029a20       __security_check_cookie    000000014002aa20 f   LIBCMT:amdsecgs.obj
 0001:00029a40       _FindPESection             000000014002aa40 f   LIBCMT:pesect.obj
 0001:00029a90       _IsNonwritableInCurrentImage 000000014002aa90 f   LIBCMT:pesect.obj
 0001:00029ae0       _ValidateImageBase         000000014002aae0 f   LIBCMT:pesect.obj
 0001:00029b10       __GSHandlerCheck_SEH       000000014002ab10 f   LIBCMT:gshandlerseh.obj
 0001:00029b98       __raise_securityfailure    000000014002ab98 f   LIBCMT:gs_report.obj
 0001:00029bcc       __report_gsfailure         000000014002abcc f   LIBCMT:gs_report.obj
 0001:00029ca0       __report_rangecheckfailure 000000014002aca0 f   LIBCMT:gs_report.obj
 0001:00029cb4       __report_securityfailure   000000014002acb4 f   LIBCMT:gs_report.obj
 0001:00029e34       __GSHandlerCheck_EH        000000014002ae34 f   LIBCMT:gshandlereh.obj
 0001:00029ed0       _alloca_probe              000000014002aed0 f   LIBCMT:chkstk.obj
 0001:00029ed0       __chkstk                   000000014002aed0 f   LIBCMT:chkstk.obj
 0001:00029f20       __C_specific_handler_noexcept 000000014002af20 f   libvcruntime:chandler_noexcept.obj
 0001:00029f6c       wcsrchr                    000000014002af6c f   libvcruntime:wcsrchr.obj
 0001:0002a030       memcmp                     000000014002b030 f   libvcruntime:memcmp.obj
 0001:0002a0f8       strrchr                    000000014002b0f8 f   libvcruntime:strrchr.obj
 0001:0002a224       wcschr                     000000014002b224 f   libvcruntime:wcschr.obj
 0001:00033140       __vdecl_sinf4              0000000140034140 f   LIBCMT:svml_ssinf4_dispatch.obj
 0001:00033160       __libm_sse2_sincosf_       0000000140034160 f   LIBCMT:svml_ssinf4_dispatch.obj
 0001:000331a3       __libm_sse2_sincosf4_      00000001400341a3 f   LIBCMT:svml_ssinf4_dispatch.obj
 0001:000331b0       __vdecl_cos2               00000001400341b0 f   LIBCMT:svml_dcos2_dispatch.obj
 0001:000331d0       __sse2_sinf4@@16           00000001400341d0 f   LIBCMT:svml_ssinf4_sse2.obj
 0001:00033b10       __sse4_sinf4@@16           0000000140034b10 f   LIBCMT:svml_ssinf4_sse4.obj
 0001:00034290       __sse2_cos2@@16            0000000140035290 f   LIBCMT:svml_dcos2_sse2.obj
 0001:00034940       __sse4_cos2@@16            0000000140035940 f   LIBCMT:svml_dcos2_sse4.obj
 0001:00034ff0       __common_ssin_cout_rare    0000000140035ff0 f   LIBCMT:svml_s_sin_cout.obj
 0001:00035060       __common_dcos_cout_rare    0000000140036060 f   LIBCMT:svml_d_cos_cout.obj
 0001:000350d0       _vcomp_for_dynamic_init    00000001400360d0 f   VCOMP:VCOMP140.DLL
 0001:000350d6       _vcomp_for_dynamic_next    00000001400360d6 f   VCOMP:VCOMP140.DLL
[...]
 0002:00011590       $unwind$tanhf              000000014004b590     libucrt:tanhf.obj
 0002:000115b0       $xdatasym                  000000014004b5b0     libucrt:remainder_piby2_forasm.obj
 0002:000115c0       $xdatasym                  000000014004b5c0     libucrt:remainder_piby2_forfma3.obj
 0002:000115cc       $unwind$_sincos_special    000000014004b5cc     libucrt:sincos_special.obj
 0002:000115cc       $unwind$_sincosf_special   000000014004b5cc     libucrt:sincos_special.obj
 0002:000115d8       $xdatasym                  000000014004b5d8     libucrt:remainder_piby2f_forasm.obj
 0002:000115dc       $unwind$_powf_special      000000014004b5dc     libucrt:pow_special.obj
 0002:000115e8       $xdatasym                  000000014004b5e8     libucrt:remainder_piby2f_forc.obj
 0002:00011f06       .idata$6                   000000014004bf06     ws2_32:WS2_32.dll
 0002:00011f28       .idata$6                   000000014004bf28     kernel32:KERNEL32.dll
 0002:00011f5a       .idata$6                   000000014004bf5a     user32:USER32.dll
 0002:00012066       .idata$6                   000000014004c066     bass:BASS.dll
 0002:00012104       .idata$6                   000000014004c104     DevIL:DevIL.dll
 0002:0001238e       .idata$6                   000000014004c38e     SDL2:SDL2.dll
 0002:00012aac       .idata$6                   000000014004caac     VCOMP:VCOMP140.DLL
 0003:00000040       ?__vcrt_flsindex@@3KA      000000014004d040     libvcruntime:per_thread_data.obj
 0003:00000160       ?dazSupported@?1??common_control87@@9@9 000000014004d160     libucrt:ieee.obj
 0003:00000168       ?errno_no_memory@@3HA      000000014004d168     libucrt:errno.obj
 0003:0000016c       ?doserrno_no_memory@@3KA   000000014004d16c     libucrt:errno.obj
 0003:000001b8       ?__acrt_flsindex@@3KA      000000014004d1b8     libucrt:per_thread_data.obj
 0003:00000660       _mbctypes                  000000014004d660     libucrt:mbctype.obj
 0003:00000770       _mbcasemaps                000000014004d770     libucrt:mbctype.obj
 0003:00000870       ?__rgctypeflag@@3PADA      000000014004d870     libucrt:mbctype.obj
 0003:00000880       ?__rgcode_page_info@@3PAUcode_page_info@@A 000000014004d880     libucrt:mbctype.obj
 0003:00000a30       ?tzstd_program@@3PADA      000000014004da30     libucrt:timeset.obj
 0003:00000a70       ?tzdst_program@@3PADA      000000014004da70     libucrt:timeset.obj
 0003:00000ab0       ?w_tzstd_program@@3PA_WA   000000014004dab0     libucrt:timeset.obj
 0003:00000b30       ?w_tzdst_program@@3PA_WA   000000014004db30     libucrt:timeset.obj
 0003:00000bb0       ?tzname_states@@3PAY01PEADA 000000014004dbb0     libucrt:timeset.obj
 0003:00000bc0       ?w_tzname_states@@3PAY01PEA_WA 000000014004dbc0     libucrt:timeset.obj
 0003:00000bd0       ?dststart@@3Utransitiondate@?A0x7639d0b4@@A 000000014004dbd0     libucrt:tzset.obj
 0003:00000be0       ?dstend@@3Utransitiondate@?A0x7639d0b4@@A 000000014004dbe0     libucrt:tzset.obj
 0003:00000bf0       ?__dcrt_lowio_console_output_handle@@3PEAXEA 000000014004dbf0     libucrt:initcon.obj
 0003:00000c00       ?dazSupported@?1??_ctrlfp@@9@9 000000014004dc00     libucrt:fpctrl.obj
 0003:00000c40       ?need_init@?1??server_connect@@9@9 000000014004dc40     device.obj
 0003:00000c44       ?s_curRayLength@@3IA       000000014004dc44     ball.obj
 0003:00000c48       ?s_beamAlphaMin@@3MA       000000014004dc48     ball.obj
 0003:00000c4c       ?s_beamAtten@@3IA          000000014004dc4c     ball.obj
 0003:00000c50       ?s_rocketCallbacks@@3Usync_cb@@A 000000014004dc50     rocket.obj
 0003:00000c68       ?s_mapTilt@@3HA            000000014004dc68     landscape.obj
 0003:00000c70       ?s_lastErr@@3V?$basic_string@DU?$char_traits@D@std@@V?$allocator@D@2@@std@@A 000000014004dc70     main.obj
 0003:00000f20       ?is_initialized_as_dll@@3_NA 000000014004df20     LIBCMT:utility.obj
 0003:00000f21       ?module_local_atexit_table_initialized@@3_NA 000000014004df21     LIBCMT:utility.obj
 0003:00000f28       ?module_local_atexit_table@@3U_onexit_table_t@@A 000000014004df28     LIBCMT:utility.obj
 0003:00000f40       ?module_local_at_quick_exit_table@@3U_onexit_table_t@@A 000000014004df40     LIBCMT:utility.obj
 0003:00000f90       ?__vcrt_startup_thread_ptd@@3U__vcrt_ptd@@A 000000014004df90     libvcruntime:per_thread_data.obj
 0003:00001010       __vcrt_lock_table          000000014004e010     libvcruntime:locks.obj
 0003:00001038       __vcrt_locks_initialized   000000014004e038     libvcruntime:locks.obj
 0003:00001080       ?heap@@3V_HeapManager@@A   000000014004e080     libvcruntime:undname.obj
 0003:000010a8       ?module_handles@@3PAPEAUHINSTANCE__@@A 000000014004e0a8     libvcruntime:winapi_downlevel.obj
 0003:000010c0       ?function_pointers@@3PAPEAXA 000000014004e0c0     libvcruntime:winapi_downlevel.obj
 0003:00001108       ?__acrt_invalid_parameter_handler@@3V?$dual_state_global@P6AXPEB_W00I_K@Z@__crt_state_management@@A 000000014004e108     libucrt:invalid_parameter.obj
 0003:00001110       ?__acrt_new_handler@@3V?$dual_state_global@P6AH_K@Z@__crt_state_management@@A 000000014004e110     libucrt:new_handler.obj
 0003:00001118       ?c_termination_complete@@3JA 000000014004e118     libucrt:exit.obj
 0003:00001120       ?thread_local_exit_callback_func@@3P6AXPEAXK0@ZEA 000000014004e120     libucrt:exit.obj
 0003:00001128       ?c_exit_complete@?1???R<lambda_6e4b09c48022b2350581041d5f6b0c4c>@@QEBA@XZ@4_NA 000000014004e128     libucrt:exit.obj
 0003:00001130       ?program_name@?1???$common_configure_argv@D@@YAHW4_crt_argv_mode@@@Z@4PADA 000000014004e130     libucrt:argv_parsing.obj
 0003:00001288       ?__acrt_app_type@@3W4_crt_app_type@@A 000000014004e288     libucrt:report_runtime_error.obj
 0003:00001290       ?user_matherr@@3V?$dual_state_global@P6AHPEAU_exception@@@Z@__crt_state_management@@A 000000014004e290     libucrt:matherr.obj
 0003:00001298       ?empty_string@?1???$common_wincmdln@E@@YAPEAEXZ@4PAEA 000000014004e298     libucrt:argv_winmain.obj
 0003:000012a0       ?__acrt_global_new_mode@@3V?$dual_state_global@J@__crt_state_management@@A 000000014004e2a0     libucrt:new_mode.obj
 0003:000012b0       ?module_handles@@3PAPEAUHINSTANCE__@@A 000000014004e2b0     libucrt:winapi_thunks.obj
 0003:00001360       ?encoded_function_pointers@@3PAPEAXA 000000014004e360     libucrt:winapi_thunks.obj
 0003:00001870       ?internal_state@?1??_mbtowc_internal@@9@4U_Mbstatet@@A 000000014004e870     libucrt:mbtowc.obj
 0003:00001878       ?enable_percent_n@@3_KA    000000014004e878     libucrt:printf_count_output.obj
 0003:00001890       ?__acrt_lock_table@@3PAU_RTL_CRITICAL_SECTION@@A 000000014004e890     libucrt:locks.obj
 0003:00001ac0       ?__acrt_locks_initialized@@3IA 000000014004eac0     libucrt:locks.obj
 0003:00001ae0       ?fSystemSet@@3HA           000000014004eae0     libucrt:mbctype.obj
 0003:00001ae4       ?initialized@?1??__acrt_initialize_multibyte@@9@4_NA 000000014004eae4     libucrt:mbctype.obj
 0003:00001b20       ?ctrlc_action@@3V?$dual_state_global@P6AXH@Z@__crt_state_management@@A 000000014004eb20     libucrt:signal.obj
 0003:00001b28       ?ctrlbreak_action@@3V?$dual_state_global@P6AXH@Z@__crt_state_management@@A 000000014004eb28     libucrt:signal.obj
 0003:00001b30       ?abort_action@@3V?$dual_state_global@P6AXH@Z@__crt_state_management@@A 000000014004eb30     libucrt:signal.obj
 0003:00001b38       ?term_action@@3V?$dual_state_global@P6AXH@Z@__crt_state_management@@A 000000014004eb38     libucrt:signal.obj
 0003:00001b60       ?_tzname@@3V?$dual_state_global@PEAPEAD@__crt_state_management@@A 000000014004eb60     libucrt:timeset.obj
 0003:00001b68       ?w_tzname@@3V?$dual_state_global@PEAPEA_W@__crt_state_management@@A 000000014004eb68     libucrt:timeset.obj
 0003:00001b70       ?last_wide_tz@@3PEA_WEA    000000014004eb70     libucrt:tzset.obj
 0003:00001b80       ?tz_api_used@@3HA          000000014004eb80     libucrt:tzset.obj
 0003:00001b84       ?tzset_init_state@@3V?$dual_state_global@J@__crt_state_management@@A 000000014004eb84     libucrt:tzset.obj
 0003:00001b90       ?tz_info@@3U_TIME_ZONE_INFORMATION@@A 000000014004eb90     libucrt:tzset.obj
 0003:00001c40       ?internal_pst@?1??__mbrtoc32_utf8@__crt_mbstring@@YA_KPEA_UPEBD_KPEAU_Mbstatet@@AEAV__crt_cached_ptd_host@@@Z@4U3@A 000000014004ec40     libucrt:mbrtoc32.obj
 0003:00001c50       GS_ExceptionRecord         000000014004ec50     LIBCMT:gs_report.obj
 0003:00001cf0       GS_ContextRecord           000000014004ecf0     LIBCMT:gs_report.obj
 0003:000095e0       ?fNautilus_global@@3VVector3@@A 00000001400565e0     shadertoy.obj
 0003:000095f0       ?fSpike_global@@3VVector4@@A 00000001400565f0     shadertoy.obj
 0003:00009600       ?temp@?1??path_encode@@9@9 0000000140056600     device.obj
 0003:00009704       ?s_hMusic@@3KA             0000000140056704     audio.obj
 0003:00009708       ?s_bassInf@@3UBASS_INFO@@A 0000000140056708     audio.obj
 0003:00009740       ?temp@?1??sync_track_path@@9@9 0000000140056740     device.obj
 0003:00009848       ?s_pColorMap@@3PAPEAIA     0000000140056848     ball.obj
 0003:00009858       ?s_pEnvMap@@3PEAIEA        0000000140056858     ball.obj
 0003:00009860       ?s_heightProj@@3PAIA       0000000140056860     ball.obj
 0003:0000a860       ?s_heightProjNorm@@3PAHA   0000000140057860     ball.obj
 0003:0000b860       ?s_pHeightMap@@3PAPEAEA    0000000140058860     ball.obj
 0003:0000b888       ?s_pHalo@@3PEAIEA          0000000140058888     ball.obj
 0003:0000b890       ?s_pBeamMapMix@@3PEAIEA    0000000140058890     ball.obj
 0003:0000b898       ?s_pBeamMaps@@3PAPEAIA     0000000140058898     ball.obj
 0003:0000b8b0       ?s_heightMapMix@@3PEAEEA   00000001400588b0     ball.obj
 0003:0000b8b8       ?s_pBackgrounds@@3PAPEAIA  00000001400588b8     ball.obj
 0003:0000b8c8       ?s_pTempBuf@@3PEAIEA       00000001400588c8     boxblur.obj
 0003:0000b8d0       ?s_genState@@3UTINYMT32_T@@A 00000001400588d0     random.obj
 0003:0000b8f0       ?s_hRocket@@3PEAUsync_device@@EA 00000001400588f0     rocket.obj
 0003:0000b8f8       ?s_pFDTunnelTex@@3PEAIEA   00000001400588f8     shadertoy.obj
 0003:0000b900       ?s_pFDTunnelTexHighlights@@3PEAIEA 0000000140058900     shadertoy.obj
 0003:0000b908       ?s_pSpikeBlurMap@@3PEAIEA  0000000140058908     shadertoy.obj
 0003:0000b910       ?s_pSpikeBlurMaps@@3PAPEAIA 0000000140058910     shadertoy.obj
 0003:0000b920       ?s_pNautilusDirt@@3PEAIEA  0000000140058920     demo.obj
 0003:0000b928       ?s_pBallVignette@@3PEAIEA  0000000140058928     demo.obj
 0003:0000b930       ?s_pLenz@@3PEAIEA          0000000140058930     demo.obj
 0003:0000b938       ?s_pRevLogo@@3PEAIEA       0000000140058938     demo.obj
 0003:0000b940       ?s_pSpikeyFullDirt@@3PEAIEA 0000000140058940     demo.obj
 0003:0000b948       ?s_pNoooN@@3PEAIEA         0000000140058948     demo.obj
 0003:0000b950       ?s_pTunnelVignette2@@3PEAIEA 0000000140058950     demo.obj
 0003:0000b958       ?s_pSpikeyBypass@@3PEAIEA  0000000140058958     demo.obj
 0003:0000b960       ?s_pDiscoGuys@@3PAPEAIA    0000000140058960     demo.obj
 0003:0000b9a0       ?s_pGreetings@@3PAPEAIA    00000001400589a0     demo.obj
 0003:0000b9c0       ?s_pCredits@@3PAPEAIA      00000001400589c0     demo.obj
 0003:0000b9e0       ?s_pWaterDirt@@3PEAIEA     00000001400589e0     demo.obj
 0003:0000b9e8       ?s_pCloseSpikeVignette@@3PEAIEA 00000001400589e8     demo.obj
 0003:0000b9f0       ?s_pVignette06@@3PEAIEA    00000001400589f0     demo.obj
 0003:0000b9f8       ?s_pRibbons@@3PEAIEA       00000001400589f8     demo.obj
 0003:0000ba00       ?s_pNautilusCousteauRim2@@3PEAIEA 0000000140058a00     demo.obj
 0003:0000ba08       ?s_pWaterPrismOverlay@@3PEAIEA 0000000140058a08     demo.obj
 0003:0000ba10       ?s_pNautilusCousteau2@@3PEAIEA 0000000140058a10     demo.obj
 0003:0000ba18       ?s_pSpikeyArrested@@3PEAIEA 0000000140058a18     demo.obj
 0003:0000ba20       ?s_pCloseSpikeDirtRaker@@3PEAIEA 0000000140058a20     demo.obj
 0003:0000ba28       ?s_pAreWeDone@@3PEAIEA     0000000140058a28     demo.obj
 0003:0000ba30       ?s_pTunnelFullDirt@@3PEAIEA 0000000140058a30     demo.obj
 0003:0000ba38       ?s_pGodLayer@@3PEAIEA      0000000140058a38     demo.obj
 0003:0000ba40       ?s_pCloseSpikeVignetteForRaker@@3PEAIEA 0000000140058a40     demo.obj
 0003:0000ba48       ?s_pSpikeyVignette@@3PEAIEA 0000000140058a48     demo.obj
 0003:0000ba50       ?s_pNautilusCousteauRim1@@3PEAIEA 0000000140058a50     demo.obj
 0003:0000ba58       ?s_pTunnelVignette@@3PEAIEA 0000000140058a58     demo.obj
 0003:0000ba60       ?s_pNautilusCousteau1@@3PEAIEA 0000000140058a60     demo.obj
 0003:0000ba68       ?s_pNautilusVignette@@3PEAIEA 0000000140058a68     demo.obj
 0003:0000ba70       ?s_pNautilusText@@3PEAIEA  0000000140058a70     demo.obj
 0003:0000ba78       ?s_pGreetingsDirt@@3PEAIEA 0000000140058a78     demo.obj
 0003:0000ba80       ?s_pGreetingsVignette@@3PEAIEA 0000000140058a80     demo.obj
 0003:0000ba88       ?s_pMFX@@3PEAIEA           0000000140058a88     demo.obj
 0003:0000ba90       ?s_pSpikeyVignette2@@3PEAIEA 0000000140058a90     demo.obj
 0003:0000ba98       ?s_pPad@@3PEAU_SDL_GameController@@EA 0000000140058a98     gamepad.obj
 0003:0000baa0       ?s_pGC@@3V?$vector@PEAXV?$allocator@PEAX@std@@@std@@A 0000000140058aa0     image.obj
 0003:0000bab8       ?s_pColorMap@@3PEAIEA      0000000140058ab8     landscape.obj
 0003:0000bac0       ?s_fogGradientUnp@@3PAT__m128i@@A 0000000140058ac0     landscape.obj
 0003:0000cac0       ?s_pFogGradient@@3PEAIEA   0000000140059ac0     landscape.obj
 0003:0000cac8       ?s_pHeightMap@@3PEAEEA     0000000140059ac8     landscape.obj
 0003:0000cad0       ?s_pInvMap2x2@@3PEAHEA     0000000140059ad0     polar.obj
 0003:0000cad8       ?s_pMap@@3PEAHEA           0000000140059ad8     polar.obj
 0003:0000cae0       ?s_pInvMap@@3PEAHEA        0000000140059ae0     polar.obj
 0003:0000cae8       ?s_pMap2x2@@3PEAHEA        0000000140059ae8     polar.obj
 0003:0000caf0       ?s_pColorMap@@3PEAIEA      0000000140059af0     torus-twister.obj
 0003:0000caf8       ?s_pHeightMap@@3PEAEEA     0000000140059af8     torus-twister.obj
 0003:0000cb00       ?s_heightProj@@3PAIA       0000000140059b00     torus-twister.obj
 0003:0000d300       ?s_heightProjNorm@@3PAIA   000000014005a300     torus-twister.obj
 0003:0000db00       ?s_pBackground@@3PEAIEA    000000014005ab00     torus-twister.obj
 0003:0000db08       ?s_pColorMap@@3PEAIEA      000000014005ab08     tunnelscape.obj
 0003:0000db10       ?s_fogGradientUnp@@3PAT__m128i@@A 000000014005ab10     tunnelscape.obj
 0003:0000eb10       ?s_pFogGradient@@3PEAIEA   000000014005bb10     tunnelscape.obj
 0003:0000eb18       ?s_pHeightMap@@3PEAEEA     000000014005bb18     tunnelscape.obj
 0003:0000eb20       ?numCalls@?9??Gamepad_Update@@YA_NAEAUPadState@@@Z@4HA 000000014005bb20     gamepad.obj
 0003:0000eb24       ?strafeX@?1??vscape@@YAXPEAIMM@Z@4MA 000000014005bb24     landscape.obj
 0003:0000eb28       ?viewAngle@?1??vscape@@YAXPEAIMM@Z@4MA 000000014005bb28     landscape.obj
 0003:0000eb2c       ?padMoveX@?1??vscape@@YAXPEAIMM@Z@4MA 000000014005bb2c     landscape.obj
 0003:0000eb30       ?padTilt@?1??vscape@@YAXPEAIMM@Z@4MA 000000014005bb30     landscape.obj
 0003:0000eb34       ?padMoveY@?1??vscape@@YAXPEAIMM@Z@4MA 000000014005bb34     landscape.obj
 0003:0000eb38       ?strafeY@?1??vscape@@YAXPEAIMM@Z@4MA 000000014005bb38     landscape.obj
 0003:0000eb40       ?edgeDivs@?1??VerticalBoxBlur32@@YAXPEAIPEBIIIM@Z@4PAT__m128i@@A 000000014005bb40     boxblur.obj
 0003:0000fb40       ?edgeDivs@?1??HorizontalBoxBlur32@@YAXPEAIPEBIIIM@Z@4PAT__m128i@@A 000000014005cb40     boxblur.obj
 0005:00000000       MsetTab                    0000000140061000     libvcruntime:memset.obj
 0005:00000050       MoveSmall                  0000000140061050     libvcruntime:memcpy.obj
 0005:00000090       MoveSmallYmm               0000000140061090     libvcruntime:memcpy.obj
 0005:000000b4       MoveSmallYmmNT             00000001400610b4     libvcruntime:memcpy.obj
 0005:000000d8       MoveSmallXmm               00000001400610d8     libvcruntime:memcpy.obj
 0005:00000100       _2il0floatpacket$19        0000000140061100     LIBCMT:svml_ssinf4_sse2.obj
 0005:00000200       _2il0floatpacket$26        0000000140061200     LIBCMT:svml_dcos2_sse2.obj
 0005:00000210       _2il0floatpacket$27        0000000140061210     LIBCMT:svml_dcos2_sse2.obj
 0005:00000220       _2il0floatpacket$28        0000000140061220     LIBCMT:svml_dcos2_sse2.obj
 0005:00000230       _2il0floatpacket$29        0000000140061230     LIBCMT:svml_dcos2_sse2.obj
 0005:00000240       _2il0floatpacket$30        0000000140061240     LIBCMT:svml_dcos2_sse2.obj
 0005:00000250       _2il0floatpacket$31        0000000140061250     LIBCMT:svml_dcos2_sse2.obj
 0005:00000260       _2il0floatpacket$32        0000000140061260     LIBCMT:svml_dcos2_sse2.obj
 0005:00000270       _2il0floatpacket$33        0000000140061270     LIBCMT:svml_dcos2_sse2.obj
 0005:00000280       _2il0floatpacket$34        0000000140061280     LIBCMT:svml_dcos2_sse2.obj
 0005:00000290       _2il0floatpacket$35        0000000140061290     LIBCMT:svml_dcos2_sse2.obj
 0005:000002a0       _2il0floatpacket$36        00000001400612a0     LIBCMT:svml_dcos2_sse2.obj
 0005:000002b0       _2il0floatpacket$37        00000001400612b0     LIBCMT:svml_dcos2_sse2.obj
 0005:000002c0       _2il0floatpacket$38        00000001400612c0     LIBCMT:svml_dcos2_sse2.obj
 0005:000002d0       _2il0floatpacket$39        00000001400612d0     LIBCMT:svml_dcos2_sse2.obj
 0005:000002e0       _2il0floatpacket$40        00000001400612e0     LIBCMT:svml_dcos2_sse2.obj
 0005:000002f0       _2il0floatpacket$41        00000001400612f0     LIBCMT:svml_dcos2_sse2.obj
 0005:00000300       _2il0floatpacket$42        0000000140061300     LIBCMT:svml_dcos2_sse2.obj
 0005:00000310       _2il0floatpacket$43        0000000140061310     LIBCMT:svml_dcos2_sse2.obj
 0005:00000400       _2il0floatpacket$26        0000000140061400     LIBCMT:svml_dcos2_sse4.obj
 0005:00000410       _2il0floatpacket$27        0000000140061410     LIBCMT:svml_dcos2_sse4.obj
 0005:00000420       _2il0floatpacket$28        0000000140061420     LIBCMT:svml_dcos2_sse4.obj
 0005:00000430       _2il0floatpacket$29        0000000140061430     LIBCMT:svml_dcos2_sse4.obj
 0005:00000440       _2il0floatpacket$30        0000000140061440     LIBCMT:svml_dcos2_sse4.obj
 0005:00000450       _2il0floatpacket$31        0000000140061450     LIBCMT:svml_dcos2_sse4.obj
 0005:00000460       _2il0floatpacket$32        0000000140061460     LIBCMT:svml_dcos2_sse4.obj
 0005:00000470       _2il0floatpacket$33        0000000140061470     LIBCMT:svml_dcos2_sse4.obj
 0005:00000480       _2il0floatpacket$34        0000000140061480     LIBCMT:svml_dcos2_sse4.obj
 0005:00000490       _2il0floatpacket$35        0000000140061490     LIBCMT:svml_dcos2_sse4.obj
 0005:000004a0       _2il0floatpacket$36        00000001400614a0     LIBCMT:svml_dcos2_sse4.obj
 0005:000004b0       _2il0floatpacket$37        00000001400614b0     LIBCMT:svml_dcos2_sse4.obj
 0005:000004c0       _2il0floatpacket$38        00000001400614c0     LIBCMT:svml_dcos2_sse4.obj
 0005:000004d0       _2il0floatpacket$39        00000001400614d0     LIBCMT:svml_dcos2_sse4.obj
 0005:000004e0       _2il0floatpacket$40        00000001400614e0     LIBCMT:svml_dcos2_sse4.obj
 0005:000004f0       _2il0floatpacket$41        00000001400614f0     LIBCMT:svml_dcos2_sse4.obj
 0005:00000500       _2il0floatpacket$42        0000000140061500     LIBCMT:svml_dcos2_sse4.obj
 0005:00000510       _2il0floatpacket$43        0000000140061510     LIBCMT:svml_dcos2_sse4.obj
 0005:00002700       _vmlsSinHATab              0000000140063700     LIBCMT:svml_s_sin_cout.obj
 0005:00013500       _vmldCosHATab              0000000140074500     LIBCMT:svml_d_cos_cout.obj
 0006:00000060       $R000000                   0000000140075060     * linker generated manifest res *
