 VS17

 Timestamp is 63353e87 (Thu Sep 29 08:43:19 2022)

 Preferred load address is 0000000140000000

 Start         Length     Name                   Class
 0001:00000000 00000030H .text$di                CODE
 0001:00000030 0002cc40H .text$mn                CODE
 0001:0002cc70 00000040H .text$mn$00             CODE
 0001:0002ccb0 00000510H .text$x                 CODE
 0001:0002d1c0 000000d9H .text$yd                CODE
 0002:00000000 000004e8H .idata$5                DATA
 0002:000004e8 00000028H .00cfg                  DATA
 0002:00000510 00000008H .CRT$XCA                DATA
 0002:00000518 00000008H .CRT$XCAA               DATA
 0002:00000520 00000018H .CRT$XCU                DATA
 0002:00000538 00000008H .CRT$XCZ                DATA
 0002:00000540 00000008H .CRT$XIA                DATA
 0002:00000548 00000008H .CRT$XIAA               DATA
 0002:00000550 00000008H .CRT$XIAC               DATA
 0002:00000558 00000028H .CRT$XIC                DATA
 0002:00000580 00000008H .CRT$XIZ                DATA
 0002:00000588 00000008H .CRT$XPA                DATA
 0002:00000590 00000010H .CRT$XPX                DATA
 0002:000005a0 00000008H .CRT$XPXA               DATA
 0002:000005a8 00000008H .CRT$XPZ                DATA
 0002:000005b0 00000008H .CRT$XTA                DATA
 0002:000005b8 00000008H .CRT$XTZ                DATA
 0002:000005c0 00000000H .gehcont$y              DATA
 0002:000005c0 00000000H .gfids$y                DATA
 0002:000005c0 0000b140H .rdata                  DATA
 0002:0000b700 00000000H .rdata$CastGuardVftablesA DATA
 0002:0000b700 00000000H .rdata$CastGuardVftablesC DATA
 0002:0000b700 0000037cH .rdata$r                DATA
 0002:0000ba7c 00000018H .rdata$voltmd           DATA
 0002:0000ba94 000003bcH .rdata$zzzdbg           DATA
 0002:0000be50 00000008H .rtc$IAA                DATA
 0002:0000be58 00000008H .rtc$IZZ                DATA
 0002:0000be60 00000008H .rtc$TAA                DATA
 0002:0000be68 00000008H .rtc$TZZ                DATA
 0002:0000be70 000021b0H .xdata                  DATA
 0002:0000e020 000001dcH .xdata$x                DATA
 0002:0000e1fc 00000000H .edata                  DATA
 0002:0000e1fc 0000008cH .idata$2                DATA
 0002:0000e288 00000018H .idata$3                DATA
 0002:0000e2a0 000004e8H .idata$4                DATA
 0002:0000e788 00000b46H .idata$6                DATA
 0003:00000000 00000c70H .data                   DATA
 0003:00000c70 000000f8H .data$r                 DATA
 0003:00000d68 00000028H .data$rs                DATA
 0003:00000d90 00016b30H .bss                    DATA
 0004:00000000 00001eccH .pdata                  DATA
 0005:00000000 00013510H _RDATA                  DATA
 0006:00000000 00000060H .rsrc$01                DATA
 0006:00000060 00000180H .rsrc$02                DATA

  Address         Publics by Value              Rva+Base               Lib:Object

 0000:00000000       __x64_code_ranges_to_entry_points_count 0000000000000000     <absolute>
 0000:00000000       __x64_code_ranges_to_entry_points 0000000000000000     <absolute>
 0000:00000000       __arm64x_redirection_metadata 0000000000000000     <absolute>
 0000:00000000       __guard_iat_table          0000000000000000     <absolute>
 0000:00000000       __guard_fids_count         0000000000000000     <absolute>
 0000:00000000       __arm64x_extra_rfe_table   0000000000000000     <absolute>
 0000:00000000       __guard_iat_count          0000000000000000     <absolute>
 0000:00000000       __guard_longjmp_count      0000000000000000     <absolute>
 0000:00000000       __dynamic_value_reloc_table 0000000000000000     <absolute>
 0000:00000000       __hybrid_code_map          0000000000000000     <absolute>
 0000:00000000       __hybrid_auxiliary_iat     0000000000000000     <absolute>
 0000:00000000       __guard_longjmp_table      0000000000000000     <absolute>
 0000:00000000       __arm64x_extra_rfe_table_size 0000000000000000     <absolute>
 0000:00000000       __hybrid_auxiliary_iat_copy 0000000000000000     <absolute>
 0000:00000000       __AbsoluteZero             0000000000000000     <absolute>
 0000:00000000       __guard_check_icall_a64n_fptr 0000000000000000     <absolute>
 0000:00000000       __guard_eh_cont_count      0000000000000000     <absolute>
 0000:00000000       __guard_fids_table         0000000000000000     <absolute>
 0000:00000000       __arm64x_redirection_metadata_count 0000000000000000     <absolute>
 0000:00000000       __enclave_config           0000000000000000     <absolute>
 0000:00000000       __guard_eh_cont_table      0000000000000000     <absolute>
 0000:00000000       __arm64x_native_entrypoint 0000000000000000     <absolute>
 0000:00000000       __hybrid_code_map_count    0000000000000000     <absolute>
 0000:00000100       __guard_flags              0000000000000100     <absolute>
 0000:00000000       __ImageBase                0000000140000000     <linker-defined>
 0001:00000030       __local_stdio_printf_options 0000000140001030 f i device.obj
 0001:00000040       fprintf                    0000000140001040 f i device.obj
 0001:00000090       snprintf                   0000000140001090 f i device.obj
 0001:000002e0       sync_save_tracks           00000001400012e0 f   device.obj
 0001:000008a0       sync_tcp_connect           00000001400018a0 f   device.obj
 0001:00000ae0       sync_update                0000000140001ae0 f   device.obj
 0001:00000d50       sync_get_track             0000000140001d50 f   device.obj
 0001:00000f50       sync_get_val               0000000140001f50 f   track.obj
 0001:00001150       ??0Vector3@@QEAA@MMM@Z     0000000140002150 f i Matrix44.obj
 0001:00001170       ??DVector3@@QEBA?BMAEBV0@@Z 0000000140002170 f i Matrix44.obj
 0001:000011a0       ??DVector3@@QEBA?BV0@M@Z   00000001400021a0 f i Matrix44.obj
 0001:000011d0       ??XVector3@@QEAAAEAV0@M@Z  00000001400021d0 f i Matrix44.obj
 0001:00001200       ?Length@Vector3@@QEBAMXZ   0000000140002200 f i Matrix44.obj
 0001:00001230       ??0Vector4@@QEAA@MMMM@Z    0000000140002230 f i Matrix44.obj
 0001:00001250       ??0exception@std@@QEAA@AEBV01@@Z 0000000140002250 f i audio.obj
 0001:00001290       ?what@exception@std@@UEBAPEBDXZ 0000000140002290 f i audio.obj
 0001:000012b0       ??_Gbad_alloc@std@@UEAAPEAXI@Z 00000001400022b0 f i audio.obj
 0001:000012b0       ??_Elogic_error@std@@UEAAPEAXI@Z 00000001400022b0 f i libcpmt:xthrow.obj
 0001:000012b0       ??_Ebad_alloc@std@@UEAAPEAXI@Z 00000001400022b0 f i * CIL library *:* CIL module *
 0001:000012b0       ??_Ebad_array_new_length@std@@UEAAPEAXI@Z 00000001400022b0 f i * CIL library *:* CIL module *
 0001:000012b0       ??_Glength_error@std@@UEAAPEAXI@Z 00000001400022b0 f i libcpmt:xthrow.obj
 0001:000012b0       ??_Gbad_exception@std@@UEAAPEAXI@Z 00000001400022b0 f i libvcruntime:frame.obj
 0001:000012b0       ??_Ebad_exception@std@@UEAAPEAXI@Z 00000001400022b0 f i libvcruntime:frame.obj
 0001:000012b0       ??_Gbad_array_new_length@std@@UEAAPEAXI@Z 00000001400022b0 f i audio.obj
 0001:000012b0       ??_Eexception@std@@UEAAPEAXI@Z 00000001400022b0 f i * CIL library *:* CIL module *
 0001:000012b0       ??_Gexception@std@@UEAAPEAXI@Z 00000001400022b0 f i audio.obj
 0001:000012b0       ??_Elength_error@std@@UEAAPEAXI@Z 00000001400022b0 f i libcpmt:xthrow.obj
 0001:000012b0       ??_Glogic_error@std@@UEAAPEAXI@Z 00000001400022b0 f i libcpmt:xthrow.obj
 0001:00001300       ??1bad_alloc@std@@UEAA@XZ  0000000140002300 f i audio.obj
 0001:00001300       ??1length_error@std@@UEAA@XZ 0000000140002300 f i libcpmt:xthrow.obj
 0001:00001300       ??1bad_exception@std@@UEAA@XZ 0000000140002300 f i libvcruntime:frame.obj
 0001:00001300       ??1bad_array_new_length@std@@UEAA@XZ 0000000140002300 f i audio.obj
 0001:00001320       ??0bad_array_new_length@std@@QEAA@XZ 0000000140002320 f i audio.obj
 0001:00001350       ?__scrt_throw_std_bad_array_new_length@@YAXXZ 0000000140002350 f i LIBCMT:throw_bad_alloc.obj
 0001:00001350       ?_Throw_bad_array_new_length@std@@YAXXZ 0000000140002350 f i audio.obj
 0001:00001370       ??0bad_array_new_length@std@@QEAA@AEBV01@@Z 0000000140002370 f i audio.obj
 0001:000013b0       ??0bad_alloc@std@@QEAA@AEBV01@@Z 00000001400023b0 f i audio.obj
 0001:000013f0       ?_Xlen_string@std@@YAXXZ   00000001400023f0 f i audio.obj
 0001:00001410       ?Audio_Create@@YA_NIAEBV?$basic_string@DU?$char_traits@D@std@@V?$allocator@D@2@@std@@PEAUHWND__@@_N@Z 0000000140002410 f   audio.obj
 0001:00001760       ?Audio_Rocket_Pause@@YAXPEAXH@Z 0000000140002760 f   audio.obj
 0001:00001780       ?Audio_Rocket_SetRow@@YAXPEAXH@Z 0000000140002780 f   audio.obj
 0001:000017c0       ?Audio_Rocket_IsPlaying@@YAHPEAX@Z 00000001400027c0 f   audio.obj
 0001:000017d0       ?assign@?$basic_string@DU?$char_traits@D@std@@V?$allocator@D@2@@std@@QEAAAEAV12@QEBD_K@Z 00000001400027d0 f i audio.obj
 0001:00001d50       ?Ball_Create@@YA_NXZ       0000000140002d50 f   ball.obj
 0001:00002050       ?Ball_Draw@@YAXPEAIMM@Z    0000000140003050 f   ball.obj
 0001:00002300       ?HorizontalBoxBlur32@@YAXPEAIPEBIIIM@Z 0000000140003300 f   boxblur.obj
 0001:000025f0       ?Fx_Blit_2x2@@YAXPEAI0@Z   00000001400035f0 f   fx-blitter.obj
 0001:00002650       ?Fx_Blit_2x2_Dithered@@YAXPEAI0@Z 0000000140003650 f   fx-blitter.obj
 0001:000026b0       tinymt32_init              00000001400036b0 f   random.obj
 0001:000034f0       ?Demo_Create@@YA_NXZ       00000001400044f0 f   demo.obj
 0001:00003840       ?Demo_Draw@@YAXPEAIMM@Z    0000000140004840 f   demo.obj
 0001:00003f30       ?Open@Display@@QEAA_NAEBV?$basic_string@DU?$char_traits@D@std@@V?$allocator@D@2@@std@@II_N@Z 0000000140004f30 f   display.obj
 0001:00004210       ?Gamepad_Update@@YA_NAEAUPadState@@@Z 0000000140005210 f   gamepad.obj
 0001:00004710       ?deallocate@?$allocator@PEAX@std@@QEAAXQEAPEAX_K@Z 0000000140005710 f i image.obj
 0001:00004760       ??$_Emplace_reallocate@AEBQEAX@?$vector@PEAXV?$allocator@PEAX@std@@@std@@QEAAPEAPEAXQEAPEAXAEBQEAX@Z 0000000140005760 f i image.obj
 0001:00004930       ?_Xlength@?$vector@PEAXV?$allocator@PEAX@std@@@std@@CAXXZ 0000000140005930 f i image.obj
 0001:00004f60       ?Landscape_Create@@YA_NXZ  0000000140005f60 f   landscape.obj
 0001:000051f0       sprintf                    00000001400061f0 f i main.obj
 0001:00005250       WinMain                    0000000140006250 f   main.obj
 0001:00005d30       ?Polar_Blit@@YAXPEBIPEAI_N@Z 0000000140006d30 f   polar.obj
 0001:00005d80       ?RunTests@@YA_NXZ          0000000140006d80 f   tests.obj
 0001:00006450       ?Twister_Create@@YA_NXZ    0000000140007450 f   torus-twister.obj
 0001:00006960       ?Tunnelscape_Create@@YA_NXZ 0000000140007960 f   tunnelscape.obj
 0001:00006b8c       ??2@YAPEAX_K@Z             0000000140007b8c f   LIBCMT:new_scalar.obj
 0001:00006bc8       ??3@YAXPEAX_K@Z            0000000140007bc8 f   LIBCMT:delete_scalar_size.obj
 0001:00006bd0       ??_Etype_info@@UEAAPEAXI@Z 0000000140007bd0 f i LIBCMT:std_type_info_static.obj
 0001:00006bd0       ??_Gtype_info@@UEAAPEAXI@Z 0000000140007bd0 f i LIBCMT:std_type_info_static.obj
 0001:00006bfc       __scrt_acquire_startup_lock 0000000140007bfc f   LIBCMT:utility.obj
 0001:00006c38       __scrt_initialize_crt      0000000140007c38 f   LIBCMT:utility.obj
 0001:00006c84       __scrt_initialize_onexit_tables 0000000140007c84 f   LIBCMT:utility.obj
 0001:00006d10       __scrt_is_nonwritable_in_current_image 0000000140007d10 f   LIBCMT:utility.obj
 0001:00006da8       __scrt_release_startup_lock 0000000140007da8 f   LIBCMT:utility.obj
 0001:00006dcc       __scrt_uninitialize_crt    0000000140007dcc f   LIBCMT:utility.obj
 0001:00006df8       _onexit                    0000000140007df8 f   LIBCMT:utility.obj
 0001:00006e34       atexit                     0000000140007e34 f   LIBCMT:utility.obj
 0001:000070a4       WinMainCRTStartup          00000001400080a4 f   LIBCMT:exe_winmain.obj
 0001:000070b8       ??0bad_alloc@std@@QEAA@XZ  00000001400080b8 f i LIBCMT:throw_bad_alloc.obj
 0001:000070d8       ?__scrt_throw_std_bad_alloc@@YAXXZ 00000001400080d8 f   LIBCMT:throw_bad_alloc.obj
 0001:000070f8       ??3@YAXPEAX@Z              00000001400080f8 f   LIBCMT:delete_scalar.obj
 0001:00007100       __isa_available_init       0000000140008100 f   LIBCMT:cpu_disp.obj
 0001:000072a4       _get_startup_argv_mode     00000001400082a4 f   LIBCMT:argv_mode.obj
 0001:000072ac       __scrt_is_ucrt_dll_in_use  00000001400082ac f   LIBCMT:ucrt_detection.obj
 0001:000072b8       __crt_debugger_hook        00000001400082b8 f   LIBCMT:utility_desktop.obj
 0001:000072c0       __scrt_fastfail            00000001400082c0 f   LIBCMT:utility_desktop.obj
 0001:0000740c       __scrt_get_show_window_mode 000000014000840c f   LIBCMT:utility_desktop.obj
 0001:00007448       __scrt_initialize_mta      0000000140008448 f   LIBCMT:utility_desktop.obj
 0001:00007450       _matherr                   0000000140008450 f   LIBCMT:matherr.obj
 0001:00007450       _get_startup_new_mode      0000000140008450 f   LIBCMT:new_mode.obj
 0001:00007450       _get_startup_thread_locale_mode 0000000140008450 f   LIBCMT:thread_locale.obj
 0001:00007450       __scrt_exe_initialize_mta  0000000140008450 f   LIBCMT:utility_desktop.obj
 0001:00007450       __scrt_initialize_winrt    0000000140008450 f   LIBCMT:utility_desktop.obj
 0001:00007450       _get_startup_commit_mode   0000000140008450 f   LIBCMT:commit_mode.obj
 0001:00007450       __scrt_stub_for_initialize_mta 0000000140008450 f   LIBCMT:utility_desktop.obj
 0001:00007454       __scrt_is_managed_app      0000000140008454 f   LIBCMT:utility_desktop.obj
 0001:000074a8       __scrt_set_unhandled_exception_filter 00000001400084a8 f   LIBCMT:utility_desktop.obj
 0001:000074b8       __scrt_unhandled_exception_filter 00000001400084b8 f   LIBCMT:utility_desktop.obj
 0001:00007514       _initialize_invalid_parameter_handler 0000000140008514 f i LIBCMT:invalid_parameter_handler.obj
 0001:00007514       _initialize_denormal_control 0000000140008514 f i LIBCMT:denormal_control.obj
 0001:00007514       _guard_check_icall_nop     0000000140008514 f i LIBCMT:guard_support.obj
 0001:00007518       __security_init_cookie     0000000140008518 f   LIBCMT:gs_support.obj
 0001:000075c4       _get_startup_file_mode     00000001400085c4 f   LIBCMT:file_mode.obj
 0001:000075cc       ?__scrt_initialize_type_info@@YAXXZ 00000001400085cc f   LIBCMT:tncleanup.obj
 0001:000075dc       _should_initialize_environment 00000001400085dc f   LIBCMT:env_mode.obj
 0001:000075dc       __acrt_uninitialize_command_line 00000001400085dc f   libucrt:argv_data.obj
 0001:000075e0       __local_stdio_scanf_options 00000001400085e0 f i LIBCMT:default_local_stdio_options.obj
 0001:000075e8       __scrt_initialize_default_local_stdio_options 00000001400085e8 f   LIBCMT:default_local_stdio_options.obj
 0001:00007604       __scrt_is_user_matherr_present 0000000140008604 f   LIBCMT:matherr_detection.obj
 0001:00007610       __scrt_get_dyn_tls_init_callback 0000000140008610 f   LIBCMT:dyn_tls_init.obj
 0001:00007618       __scrt_get_dyn_tls_dtor_callback 0000000140008618 f   LIBCMT:dyn_tls_dtor.obj
 0001:00007620       _RTC_Initialize            0000000140008620 f   LIBCMT:initsect.obj
 0001:0000765c       _RTC_Terminate             000000014000865c f   LIBCMT:initsect.obj
 0001:000076a0       ??0length_error@std@@QEAA@AEBV01@@Z 00000001400086a0 f i libcpmt:xthrow.obj
 0001:000076dc       ??0length_error@std@@QEAA@PEBD@Z 00000001400086dc f i libcpmt:xthrow.obj
 0001:00007724       ??0logic_error@std@@QEAA@AEBV01@@Z 0000000140008724 f i libcpmt:xthrow.obj
 0001:00007760       ?_Xlength_error@std@@YAXPEBD@Z 0000000140008760 f   libcpmt:xthrow.obj
 0001:00007784       strchr                     0000000140008784 f   libvcruntime:strchr.obj
 0001:00007804       __std_exception_copy       0000000140008804 f   libvcruntime:std_exception.obj
 0001:00007894       __std_exception_destroy    0000000140008894 f   libvcruntime:std_exception.obj
 0001:000078bc       __vcrt_initialize          00000001400088bc f   libvcruntime:initialization.obj
 0001:000078e4       __vcrt_uninitialize        00000001400088e4 f   libvcruntime:initialization.obj
 0001:00007900       __C_specific_handler       0000000140008900 f   libvcruntime:riscchandler.obj
 0001:00007b0c       _CxxThrowException         0000000140008b0c f   libvcruntime:throw.obj
 0001:00007bac       __DestructExceptionObject  0000000140008bac f   libvcruntime:ehhelpers.obj
 0001:00007c1c       ?_CallMemberFunction0@@YAXQEAX0@Z 0000000140008c1c f i libvcruntime:ehhelpers.obj
 0001:00007c20       _IsExceptionObjectToBeDestroyed 0000000140008c20 f   libvcruntime:ehhelpers.obj
 0001:00007c50       __AdjustPointer            0000000140008c50 f   libvcruntime:ehhelpers.obj
 0001:00007c74       __FrameUnwindFilter        0000000140008c74 f   libvcruntime:ehhelpers.obj
 0001:00007cdc       __current_exception        0000000140008cdc f   libvcruntime:ehhelpers.obj
 0001:00007cf0       __current_exception_context 0000000140008cf0 f   libvcruntime:ehhelpers.obj
 0001:00007d20       memset_repmovs             0000000140008d20 f   libvcruntime:memset.obj
 0001:00007d40       memset                     0000000140008d40 f   libvcruntime:memset.obj
 0001:00007ed0       __std_type_info_compare    0000000140008ed0 f   libvcruntime:std_type_info.obj
 0001:00007ef8       __vcrt_freefls             0000000140008ef8 f   libvcruntime:per_thread_data.obj
 0001:00007f18       __vcrt_getptd              0000000140008f18 f   libvcruntime:per_thread_data.obj
 0001:00007f34       __vcrt_getptd_noexit       0000000140008f34 f   libvcruntime:per_thread_data.obj
 0001:00007ff4       __vcrt_initialize_ptd      0000000140008ff4 f   libvcruntime:per_thread_data.obj
 0001:0000803c       __vcrt_uninitialize_ptd    000000014000903c f   libvcruntime:per_thread_data.obj
 0001:00008060       __vcrt_initialize_locks    0000000140009060 f   libvcruntime:locks.obj
 0001:00008094       __vcrt_uninitialize_locks  0000000140009094 f   libvcruntime:locks.obj
 0001:000080e0       _NLG_Notify                00000001400090e0 f   libvcruntime:notify.obj
 0001:00008100       __NLG_Dispatch2            0000000140009100 f   libvcruntime:notify.obj
 0001:00008110       __NLG_Return2              0000000140009110 f   libvcruntime:notify.obj
 0001:00008114       __except_validate_context_record 0000000140009114 f   libvcruntime:jbcxrval.obj
 0001:0000829c       __vcrt_FlsAlloc            000000014000929c f   libvcruntime:winapi_downlevel.obj
 0001:000082e4       __vcrt_FlsFree             00000001400092e4 f   libvcruntime:winapi_downlevel.obj
 0001:0000832c       __vcrt_FlsGetValue         000000014000932c f   libvcruntime:winapi_downlevel.obj
 0001:00008374       __vcrt_FlsSetValue         0000000140009374 f   libvcruntime:winapi_downlevel.obj
 0001:000083c8       __vcrt_InitializeCriticalSectionEx 00000001400093c8 f   libvcruntime:winapi_downlevel.obj
 0001:0000842c       ??$_CallSETranslator@V__FrameHandler4@@@@YAHPEAUEHExceptionRecord@@PEA_KPEAU_CONTEXT@@PEAU_xDISPATCHER_CONTEXT@@PEAUFuncInfo4@FH4@@K1H@Z 000000014000942c f i libvcruntime:risctrnsctrl.obj
 0001:00008480       ?DecompFuncInfo@FH4@@YA_JPEAEAEAUFuncInfo4@1@_KH_N@Z 0000000140009480 f i libvcruntime:risctrnsctrl.obj
 0001:000085a4       ?ExecutionInCatch@__FrameHandler4@@SA_NPEAU_xDISPATCHER_CONTEXT@@PEAUFuncInfo4@FH4@@@Z 00000001400095a4 f   libvcruntime:risctrnsctrl.obj
 0001:000085ac       ?FrameUnwindToEmptyState@__FrameHandler4@@SAXPEA_KPEAU_xDISPATCHER_CONTEXT@@PEAUFuncInfo4@FH4@@@Z 00000001400095ac f   libvcruntime:risctrnsctrl.obj
 0001:000085e0       ?GetEstablisherFrame@__FrameHandler4@@SAPEA_KPEA_KPEAU_xDISPATCHER_CONTEXT@@PEAUFuncInfo4@FH4@@0@Z 00000001400095e0 f   libvcruntime:risctrnsctrl.obj
 0001:00008604       ?GetRangeOfTrysToCheck@__FrameHandler4@@SA?AU?$pair@Viterator@TryBlockMap4@FH4@@V123@@std@@AEAVTryBlockMap4@FH4@@HPEAU_xDISPATCHER_CONTEXT@@PEAUFuncInfo4@5@H@Z 0000000140009604 f   libvcruntime:risctrnsctrl.obj
 0001:0000876c       ?UnwindNestedFrames@__FrameHandler4@@SAXPEA_KPEAUEHExceptionRecord@@PEAU_CONTEXT@@0PEAXPEAUFuncInfo4@FH4@@HHPEAUHandlerType4@5@PEAU_xDISPATCHER_CONTEXT@@E@Z 000000014000976c f   libvcruntime:risctrnsctrl.obj
 0001:0000888c       ?setBuffer@TryBlockMap4@FH4@@QEAAXViterator@12@@Z 000000014000988c f i libvcruntime:risctrnsctrl.obj
 0001:00008a4c       _CreateFrameInfo           0000000140009a4c f   libvcruntime:risctrnsctrl.obj
 0001:00008a88       _FindAndUnlinkFrame        0000000140009a88 f   libvcruntime:risctrnsctrl.obj
 0001:00008adc       _GetImageBase              0000000140009adc f   libvcruntime:risctrnsctrl.obj
 0001:00008af0       _GetThrowImageBase         0000000140009af0 f   libvcruntime:risctrnsctrl.obj
 0001:00008b04       _SetImageBase              0000000140009b04 f   libvcruntime:risctrnsctrl.obj
 0001:00008b1c       _SetThrowImageBase         0000000140009b1c f   libvcruntime:risctrnsctrl.obj
 0001:00008b34       __CxxFrameHandler4         0000000140009b34 f   libvcruntime:risctrnsctrl.obj
 0001:00008c10       memcpy_repmovs             0000000140009c10 f   libvcruntime:memcpy.obj
 0001:00008c30       memmove                    0000000140009c30 f   libvcruntime:memcpy.obj
 0001:00008c30       memcpy                     0000000140009c30 f   libvcruntime:memcpy.obj
 0001:000092a8       ?StateFromControlPc@__FrameHandler4@@SAHPEAUFuncInfo4@FH4@@PEAU_xDISPATCHER_CONTEXT@@@Z 000000014000a2a8 f   libvcruntime:ehstate.obj
 0001:000092b0       ?StateFromIp@__FrameHandler4@@SAHPEAUFuncInfo4@FH4@@PEAU_xDISPATCHER_CONTEXT@@_K@Z 000000014000a2b0 f   libvcruntime:ehstate.obj
 0001:00009f20       ??$TypeMatchHelper@V__FrameHandler3@@@@YAHPEBU_s_HandlerType@@PEBU_s_CatchableType@@PEBU_s_ThrowInfo@@@Z 000000014000af20 f i libvcruntime:frame.obj
 0001:0000a060       ??$TypeMatchHelper@V__FrameHandler4@@@@YAHPEAUHandlerType4@FH4@@PEBU_s_CatchableType@@PEBU_s_ThrowInfo@@@Z 000000014000b060 f i libvcruntime:frame.obj
 0001:0000a1a4       ??$__InternalCxxFrameHandler@V__FrameHandler4@@@@YA?AW4_EXCEPTION_DISPOSITION@@PEAUEHExceptionRecord@@PEA_KPEAU_CONTEXT@@PEAU_xDISPATCHER_CONTEXT@@PEAUFuncInfo4@FH4@@H1E@Z 000000014000b1a4 f i libvcruntime:frame.obj
 0001:0000a438       ??0HandlerMap4@FH4@@QEAA@PEBUTryBlockMapEntry4@1@_KH@Z 000000014000b438 f i libvcruntime:frame.obj
 0001:0000a4b4       ??0TryBlockMap4@FH4@@QEAA@PEBUFuncInfo4@1@_K@Z 000000014000b4b4 f i libvcruntime:frame.obj
 0001:0000a58c       ??0bad_exception@std@@QEAA@AEBV01@@Z 000000014000b58c f i libvcruntime:frame.obj
 0001:0000a5c8       ??0bad_exception@std@@QEAA@XZ 000000014000b5c8 f i libvcruntime:frame.obj
 0001:0000a5e8       ?CxxCallCatchBlock@__FrameHandler4@@SAPEAXPEAU_EXCEPTION_RECORD@@@Z 000000014000b5e8 f   libvcruntime:frame.obj
 0001:0000a838       ?DecompHandler@HandlerMap4@FH4@@AEAAXXZ 000000014000b838 f i libvcruntime:frame.obj
 0001:0000aa78       ?FrameUnwindToState@__FrameHandler4@@SAXPEA_KPEAU_xDISPATCHER_CONTEXT@@PEAUFuncInfo4@FH4@@H@Z 000000014000ba78 f   libvcruntime:frame.obj
 0001:0000aed8       ?ReadEntry@UWMap4@FH4@@AEAAXPEAPEAE@Z 000000014000bed8 f i libvcruntime:frame.obj
 0001:0000af78       ?_CallMemberFunction1@@YAXQEAX00@Z 000000014000bf78 f i libvcruntime:frame.obj
 0001:0000af84       ?_CallMemberFunction2@@YAXQEAX00H@Z 000000014000bf84 f i libvcruntime:frame.obj
 0001:0000af94       ?getStartStop@UWMap4@FH4@@QEAAXHHAEAViterator@12@0@Z 000000014000bf94 f i libvcruntime:frame.obj
 0001:0000b064       ?getStateFromIterators@UWMap4@FH4@@SAHAEBViterator@12@H0H0@Z 000000014000c064 f i libvcruntime:frame.obj
 0001:0000b140       _CallSettingFrame          000000014000c140 f   libvcruntime:handlers.obj
 0001:0000b190       _CallSettingFrame_LookupContinuationIndex 000000014000c190 f   libvcruntime:handlers.obj
 0001:0000b1c0       _CallSettingFrame_NotifyContinuationAddr 000000014000c1c0 f   libvcruntime:handlers.obj
 0001:0000b1f0       _CallSettingFrameEncoded   000000014000c1f0 f   libvcruntime:handlers.obj
 0001:0000b2f4       fopen                      000000014000c2f4 f   libucrt:fopen.obj
 0001:0000b300       __acrt_initialize_stdio    000000014000c300 f   libucrt:_file.obj
 0001:0000b420       __acrt_iob_func            000000014000c420 f   libucrt:_file.obj
 0001:0000b434       __acrt_uninitialize_stdio  000000014000c434 f   libucrt:_file.obj
 0001:0000b490       _lock_file                 000000014000c490 f   libucrt:_file.obj
 0001:0000b49c       _unlock_file               000000014000c49c f   libucrt:_file.obj
 0001:0000b4a8       _fclose_nolock             000000014000c4a8 f   libucrt:fclose.obj
 0001:0000b52c       fclose                     000000014000c52c f   libucrt:fclose.obj
 0001:0000b590       realloc                    000000014000c590 f   libucrt:realloc.obj
 0001:0000b7a4       ??$ensure_buffer_is_big_enough@D@formatting_buffer@__crt_stdio_output@@QEAA_N_K@Z 000000014000c7a4 f i libucrt:output.obj
 0001:0000b84c       ??$type_case_integer_parse_into_buffer@I@?$output_processor@DV?$stream_output_adapter@D@__crt_stdio_output@@V?$standard_base@DV?$stream_output_adapter@D@__crt_stdio_output@@@2@@__crt_stdio_output@@AEAAXII_N@Z 000000014000c84c f i libucrt:output.obj
 0001:0000b84c       ??$type_case_integer_parse_into_buffer@I@?$output_processor@DV?$string_output_adapter@D@__crt_stdio_output@@V?$standard_base@DV?$string_output_adapter@D@__crt_stdio_output@@@2@@__crt_stdio_output@@AEAAXII_N@Z 000000014000c84c f i libucrt:output.obj
 0001:0000b8d4       ??$type_case_integer_parse_into_buffer@_K@?$output_processor@DV?$stream_output_adapter@D@__crt_stdio_output@@V?$standard_base@DV?$stream_output_adapter@D@__crt_stdio_output@@@2@@__crt_stdio_output@@AEAAX_KI_N@Z 000000014000c8d4 f i libucrt:output.obj
 0001:0000b8d4       ??$type_case_integer_parse_into_buffer@_K@?$output_processor@DV?$string_output_adapter@D@__crt_stdio_output@@V?$standard_base@DV?$string_output_adapter@D@__crt_stdio_output@@@2@@__crt_stdio_output@@AEAAX_KI_N@Z 000000014000c8d4 f i libucrt:output.obj
 0001:0000b964       ??$write_multiple_characters@V?$stream_output_adapter@D@__crt_stdio_output@@D@__crt_stdio_output@@YAXAEBV?$stream_output_adapter@D@0@DHQEAH@Z 000000014000c964 f i libucrt:output.obj
 0001:0000b9f0       ??$write_multiple_characters@V?$string_output_adapter@D@__crt_stdio_output@@D@__crt_stdio_output@@YAXAEBV?$string_output_adapter@D@0@DHQEAH@Z 000000014000c9f0 f i libucrt:output.obj
 0001:0000ba68       ??0_LocaleUpdate@@QEAA@QEAU__crt_locale_pointers@@@Z 000000014000ca68 f i libucrt:output.obj
 0001:0000bc40       ?crop_zeroes@__crt_stdio_output@@YAXPEADQEAU__crt_locale_pointers@@@Z 000000014000cc40 f i libucrt:output.obj
 0001:0000bce0       ?force_decimal_point@__crt_stdio_output@@YAXPEADQEAU__crt_locale_pointers@@@Z 000000014000cce0 f i libucrt:output.obj
 0001:0000bd58       ?parse_int_from_format_string@?$output_processor@DV?$stream_output_adapter@D@__crt_stdio_output@@V?$standard_base@DV?$stream_output_adapter@D@__crt_stdio_output@@@2@@__crt_stdio_output@@AEAA_NQEAH@Z 000000014000cd58 f i libucrt:output.obj
 0001:0000bd58       ?parse_int_from_format_string@?$output_processor@DV?$string_output_adapter@D@__crt_stdio_output@@V?$standard_base@DV?$string_output_adapter@D@__crt_stdio_output@@@2@@__crt_stdio_output@@AEAA_NQEAH@Z 000000014000cd58 f i libucrt:output.obj
 0001:0000bdfc       ?process@?$output_processor@DV?$stream_output_adapter@D@__crt_stdio_output@@V?$standard_base@DV?$stream_output_adapter@D@__crt_stdio_output@@@2@@__crt_stdio_output@@QEAAHXZ 000000014000cdfc f i libucrt:output.obj
 0001:0000c010       ?process@?$output_processor@DV?$string_output_adapter@D@__crt_stdio_output@@V?$standard_base@DV?$string_output_adapter@D@__crt_stdio_output@@@2@@__crt_stdio_output@@QEAAHXZ 000000014000d010 f i libucrt:output.obj
 0001:0000c218       ?state_case_normal@?$output_processor@DV?$stream_output_adapter@D@__crt_stdio_output@@V?$standard_base@DV?$stream_output_adapter@D@__crt_stdio_output@@@2@@__crt_stdio_output@@AEAA_NXZ 000000014000d218 f i libucrt:output.obj
 0001:0000c288       ?state_case_normal@?$output_processor@DV?$string_output_adapter@D@__crt_stdio_output@@V?$standard_base@DV?$string_output_adapter@D@__crt_stdio_output@@@2@@__crt_stdio_output@@AEAA_NXZ 000000014000d288 f i libucrt:output.obj
 0001:0000c2fc       ?state_case_normal_tchar@?$output_processor@DV?$stream_output_adapter@D@__crt_stdio_output@@V?$standard_base@DV?$stream_output_adapter@D@__crt_stdio_output@@@2@@__crt_stdio_output@@AEAA_ND@Z 000000014000d2fc f i libucrt:output.obj
 0001:0000c3a0       ?state_case_normal_tchar@?$output_processor@DV?$string_output_adapter@D@__crt_stdio_output@@V?$standard_base@DV?$string_output_adapter@D@__crt_stdio_output@@@2@@__crt_stdio_output@@AEAA_ND@Z 000000014000d3a0 f i libucrt:output.obj
 0001:0000c448       ?state_case_size@?$output_processor@DV?$stream_output_adapter@D@__crt_stdio_output@@V?$standard_base@DV?$stream_output_adapter@D@__crt_stdio_output@@@2@@__crt_stdio_output@@AEAA_NXZ 000000014000d448 f i libucrt:output.obj
 0001:0000c5b8       ?state_case_size@?$output_processor@DV?$string_output_adapter@D@__crt_stdio_output@@V?$standard_base@DV?$string_output_adapter@D@__crt_stdio_output@@@2@@__crt_stdio_output@@AEAA_NXZ 000000014000d5b8 f i libucrt:output.obj
 0001:0000c728       ?state_case_type@?$output_processor@DV?$stream_output_adapter@D@__crt_stdio_output@@V?$standard_base@DV?$stream_output_adapter@D@__crt_stdio_output@@@2@@__crt_stdio_output@@AEAA_NXZ 000000014000d728 f i libucrt:output.obj
 0001:0000c9ac       ?state_case_type@?$output_processor@DV?$string_output_adapter@D@__crt_stdio_output@@V?$standard_base@DV?$string_output_adapter@D@__crt_stdio_output@@@2@@__crt_stdio_output@@AEAA_NXZ 000000014000d9ac f i libucrt:output.obj
 0001:0000cc20       ?to_integer_size@__crt_stdio_output@@YA_KW4length_modifier@1@@Z 000000014000dc20 f i libucrt:output.obj
 0001:0000cc88       ?type_case_Z@?$output_processor@DV?$stream_output_adapter@D@__crt_stdio_output@@V?$standard_base@DV?$stream_output_adapter@D@__crt_stdio_output@@@2@@__crt_stdio_output@@AEAA_NXZ 000000014000dc88 f i libucrt:output.obj
 0001:0000cc88       ?type_case_Z@?$output_processor@DV?$string_output_adapter@D@__crt_stdio_output@@V?$standard_base@DV?$string_output_adapter@D@__crt_stdio_output@@@2@@__crt_stdio_output@@AEAA_NXZ 000000014000dc88 f i libucrt:output.obj
 0001:0000ccfc       ?type_case_a@?$output_processor@DV?$stream_output_adapter@D@__crt_stdio_output@@V?$standard_base@DV?$stream_output_adapter@D@__crt_stdio_output@@@2@@__crt_stdio_output@@AEAA_NXZ 000000014000dcfc f i libucrt:output.obj
 0001:0000ccfc       ?type_case_a@?$output_processor@DV?$string_output_adapter@D@__crt_stdio_output@@V?$standard_base@DV?$string_output_adapter@D@__crt_stdio_output@@@2@@__crt_stdio_output@@AEAA_NXZ 000000014000dcfc f i libucrt:output.obj
 0001:0000ceb8       ?type_case_c_tchar@?$output_processor@DV?$stream_output_adapter@D@__crt_stdio_output@@V?$standard_base@DV?$stream_output_adapter@D@__crt_stdio_output@@@2@@__crt_stdio_output@@AEAA_ND@Z 000000014000deb8 f i libucrt:output.obj
 0001:0000ceb8       ?type_case_c_tchar@?$output_processor@DV?$string_output_adapter@D@__crt_stdio_output@@V?$standard_base@DV?$string_output_adapter@D@__crt_stdio_output@@@2@@__crt_stdio_output@@AEAA_ND@Z 000000014000deb8 f i libucrt:output.obj
 0001:0000cf80       ?type_case_integer@?$output_processor@DV?$stream_output_adapter@D@__crt_stdio_output@@V?$standard_base@DV?$stream_output_adapter@D@__crt_stdio_output@@@2@@__crt_stdio_output@@AEAA_NI_N@Z 000000014000df80 f i libucrt:output.obj
 0001:0000cf80       ?type_case_integer@?$output_processor@DV?$string_output_adapter@D@__crt_stdio_output@@V?$standard_base@DV?$string_output_adapter@D@__crt_stdio_output@@@2@@__crt_stdio_output@@AEAA_NI_N@Z 000000014000df80 f i libucrt:output.obj
 0001:0000d100       ?type_case_n@?$output_processor@DV?$string_output_adapter@D@__crt_stdio_output@@V?$standard_base@DV?$string_output_adapter@D@__crt_stdio_output@@@2@@__crt_stdio_output@@AEAA_NXZ 000000014000e100 f i libucrt:output.obj
 0001:0000d100       ?type_case_n@?$output_processor@DV?$stream_output_adapter@D@__crt_stdio_output@@V?$standard_base@DV?$stream_output_adapter@D@__crt_stdio_output@@@2@@__crt_stdio_output@@AEAA_NXZ 000000014000e100 f i libucrt:output.obj
 0001:0000d188       ?type_case_s@?$output_processor@DV?$stream_output_adapter@D@__crt_stdio_output@@V?$standard_base@DV?$stream_output_adapter@D@__crt_stdio_output@@@2@@__crt_stdio_output@@AEAA_NXZ 000000014000e188 f i libucrt:output.obj
 0001:0000d188       ?type_case_s@?$output_processor@DV?$string_output_adapter@D@__crt_stdio_output@@V?$standard_base@DV?$string_output_adapter@D@__crt_stdio_output@@@2@@__crt_stdio_output@@AEAA_NXZ 000000014000e188 f i libucrt:output.obj
 0001:0000d220       ?validate_stream_is_ansi_if_required@?$__acrt_stdio_char_traits@D@@SA_NQEAU_iobuf@@@Z 000000014000e220 f i libucrt:output.obj
 0001:0000d2bc       ?write_stored_string_tchar@?$output_processor@DV?$stream_output_adapter@D@__crt_stdio_output@@V?$standard_base@DV?$stream_output_adapter@D@__crt_stdio_output@@@2@@__crt_stdio_output@@AEAA_ND@Z 000000014000e2bc f i libucrt:output.obj
 0001:0000d3e0       ?write_stored_string_tchar@?$output_processor@DV?$string_output_adapter@D@__crt_stdio_output@@V?$standard_base@DV?$string_output_adapter@D@__crt_stdio_output@@@2@@__crt_stdio_output@@AEAA_ND@Z 000000014000e3e0 f i libucrt:output.obj
 0001:0000d4bc       ?write_string@?$string_output_adapter@D@__crt_stdio_output@@QEBAXQEBDHQEAHAEAV__crt_deferred_errno_cache@@@Z 000000014000e4bc f i libucrt:output.obj
 0001:0000d560       ?write_string_impl@?$output_adapter_common@DV?$stream_output_adapter@D@__crt_stdio_output@@@__crt_stdio_output@@IEBAXQEBDHQEAHAEAV__crt_deferred_errno_cache@@@Z 000000014000e560 f i libucrt:output.obj
 0001:0000d658       __stdio_common_vfprintf    000000014000e658 f   libucrt:output.obj
 0001:0000d6e4       __stdio_common_vsprintf    000000014000e6e4 f   libucrt:output.obj
 0001:0000d700       strncpy                    000000014000e700 f   libucrt:strncpy.obj
 0001:0000d870       isalnum                    000000014000e870 f   libucrt:_ctype.obj
 0001:0000d91c       ??$__acrt_mbs_to_wcs_cp@U__crt_win32_buffer_internal_dynamic_resizing@@@@YAHQEBDAEAV?$__crt_win32_buffer@_WU__crt_win32_buffer_internal_dynamic_resizing@@@@I@Z 000000014000e91c f i libucrt:stat.obj
 0001:0000e170       _stat64i32                 000000014000f170 f   libucrt:stat.obj
 0001:0000e280       strncmp                    000000014000f280 f   libucrt:strncmp.obj
 0001:0000e3a4       _fwrite_nolock             000000014000f3a4 f   libucrt:fwrite.obj
 0001:0000e550       fwrite                     000000014000f550 f   libucrt:fwrite.obj
 0001:0000e5d4       free                       000000014000f5d4 f   libucrt:free.obj
 0001:0000e600       strncat                    000000014000f600 f   libucrt:strncat.obj
 0001:0000e798       _mkdir                     000000014000f798 f   libucrt:mkdir.obj
 0001:0000e878       _fread_nolock_s            000000014000f878 f   libucrt:fread.obj
 0001:0000ead8       fread                      000000014000fad8 f   libucrt:fread.obj
 0001:0000eaf8       fread_s                    000000014000faf8 f   libucrt:fread.obj
 0001:0000eba0       malloc                     000000014000fba0 f   libucrt:malloc.obj
 0001:0000eba8       __acrt_call_reportfault    000000014000fba8 f   libucrt:invalid_parameter.obj
 0001:0000ed04       __acrt_initialize_invalid_parameter_handler 000000014000fd04 f   libucrt:invalid_parameter.obj
 0001:0000ed0c       _invalid_parameter         000000014000fd0c f   libucrt:invalid_parameter.obj
 0001:0000edbc       _invalid_parameter_noinfo  000000014000fdbc f   libucrt:invalid_parameter.obj
 0001:0000eddc       _invalid_parameter_noinfo_noreturn 000000014000fddc f   libucrt:invalid_parameter.obj
 0001:0000ee0c       _invoke_watson             000000014000fe0c f   libucrt:invalid_parameter.obj
 0001:0000ee54       _aligned_free              000000014000fe54 f   libucrt:align.obj
 0001:0000ee70       _aligned_malloc            000000014000fe70 f   libucrt:align.obj
 0001:0000eef0       _clearfp                   000000014000fef0 f   libucrt:ieee.obj
 0001:0000ef60       _control87                 000000014000ff60 f   libucrt:ieee.obj
 0001:0000ef68       _controlfp                 000000014000ff68 f   libucrt:ieee.obj
 0001:0000f234       __acrt_initialize_new_handler 0000000140010234 f   libucrt:new_handler.obj
 0001:0000f23c       _callnewh                  000000014001023c f   libucrt:new_handler.obj
 0001:0000f26c       _query_new_handler         000000014001026c f   libucrt:new_handler.obj
 0001:0000f2a0       _seh_filter_exe            00000001400102a0 f   libucrt:exception_filter.obj
 0001:0000f690       __acrt_initialize_thread_local_exit_callback 0000000140010690 f   libucrt:exit.obj
 0001:0000f698       _c_exit                    0000000140010698 f   libucrt:exit.obj
 0001:0000f6a8       _cexit                     00000001400106a8 f   libucrt:exit.obj
 0001:0000f6b8       _exit                      00000001400106b8 f   libucrt:exit.obj
 0001:0000f6c4       _register_thread_local_exe_atexit_callback 00000001400106c4 f   libucrt:exit.obj
 0001:0000f700       exit                       0000000140010700 f   libucrt:exit.obj
 0001:0000f8cc       __acrt_allocate_buffer_for_argv 00000001400108cc f   libucrt:argv_parsing.obj
 0001:0000f92c       _configure_narrow_argv     000000014001092c f   libucrt:argv_parsing.obj
 0001:0000fed4       __dcrt_get_or_create_wide_environment_nolock 0000000140010ed4 f   libucrt:environment_initialization.obj
 0001:0000ff10       __dcrt_uninitialize_environments_nolock 0000000140010f10 f   libucrt:environment_initialization.obj
 0001:0000ff48       _initialize_narrow_environment 0000000140010f48 f   libucrt:environment_initialization.obj
 0001:00010290       _crt_atexit                0000000140011290 f   libucrt:onexit.obj
 0001:000102a0       _execute_onexit_table      00000001400112a0 f   libucrt:onexit.obj
 0001:000102dc       _initialize_onexit_table   00000001400112dc f   libucrt:onexit.obj
 0001:00010304       _register_onexit_function  0000000140011304 f   libucrt:onexit.obj
 0001:00010478       __acrt_initialize          0000000140011478 f   libucrt:initialization.obj
 0001:0001048c       __acrt_uninitialize        000000014001148c f   libucrt:initialization.obj
 0001:000104c4       _query_app_type            00000001400114c4 f   libucrt:report_runtime_error.obj
 0001:000104cc       _set_app_type              00000001400114cc f   libucrt:report_runtime_error.obj
 0001:000104d4       __acrt_has_user_matherr    00000001400114d4 f   libucrt:matherr.obj
 0001:000104f4       __acrt_initialize_user_matherr 00000001400114f4 f   libucrt:matherr.obj
 0001:000104fc       __acrt_invoke_user_matherr 00000001400114fc f   libucrt:matherr.obj
 0001:0001052c       __setusermatherr           000000014001152c f   libucrt:matherr.obj
 0001:00010554       _get_narrow_winmain_command_line 0000000140011554 f   libucrt:argv_winmain.obj
 0001:000105c4       _initterm                  00000001400115c4 f   libucrt:initterm.obj
 0001:00010628       _initterm_e                0000000140011628 f   libucrt:initterm.obj
 0001:00010668       _get_fmode                 0000000140011668 f   libucrt:setmode.obj
 0001:00010698       _set_fmode                 0000000140011698 f   libucrt:setmode.obj
 0001:000106d8       _setmode_nolock            00000001400116d8 f   libucrt:setmode.obj
 0001:00010828       __acrt_set_locale_changed  0000000140011828 f   libucrt:wsetlocale.obj
 0001:00010834       __acrt_uninitialize_locale 0000000140011834 f   libucrt:wsetlocale.obj
 0001:00010864       _configthreadlocale        0000000140011864 f   libucrt:wsetlocale.obj
 0001:000108d0       _query_new_mode            00000001400118d0 f   libucrt:new_mode.obj
 0001:000108d8       _set_new_mode              00000001400118d8 f   libucrt:new_mode.obj
 0001:00010904       __p__commode               0000000140011904 f   libucrt:ncommode.obj
 0001:0001090c       terminate                  000000014001190c f   libucrt:terminate.obj
 0001:0001092c       _strdup                    000000014001192c f   libucrt:strdup.obj
 0001:0001092c       strdup                     000000014001192c f   libucrt:strdup.obj
 0001:000109a4       strcpy_s                   00000001400119a4 f   libucrt:strcpy_s.obj
 0001:00010a04       abort                      0000000140011a04 f   libucrt:abort.obj
 0001:00010a5c       calloc                     0000000140011a5c f   libucrt:calloc.obj
 0001:00010a64       ??$parse_integer@KV?$c_string_character_source@D@__crt_strtox@@@__crt_strtox@@YAKQEAU__crt_locale_pointers@@V?$c_string_character_source@D@0@H_N@Z 0000000140011a64 f i libucrt:atox.obj
 0001:00010d68       ??$parse_integer@KV?$c_string_character_source@_W@__crt_strtox@@@__crt_strtox@@YAKQEAU__crt_locale_pointers@@V?$c_string_character_source@_W@0@H_N@Z 0000000140011d68 f i libucrt:atox.obj
 0001:00011410       _ischartype_l              0000000140012410 f i libucrt:atox.obj
 0001:00011488       wcsncmp                    0000000140012488 f   libucrt:wcsncmp.obj
 0001:000114b4       __acrt_errno_from_os_error 00000001400124b4 f   libucrt:errno.obj
 0001:000114fc       __acrt_errno_map_os_error  00000001400124fc f   libucrt:errno.obj
 0001:0001154c       __doserrno                 000000014001254c f   libucrt:errno.obj
 0001:0001156c       _errno                     000000014001256c f   libucrt:errno.obj
 0001:0001158c       ?__acrt_stdio_allocate_stream@@YA?AV__crt_stdio_stream@@XZ 000000014001258c f   libucrt:stream.obj
 0001:000115e4       ?__acrt_stdio_free_stream@@YAXV__crt_stdio_stream@@@Z 00000001400125e4 f   libucrt:stream.obj
 0001:000116ec       ??$__acrt_stdio_parse_mode@D@@YA?AU__acrt_stdio_stream_mode@@QEBD@Z 00000001400126ec f i libucrt:openfile.obj
 0001:000119b0       _openfile                  00000001400129b0 f   libucrt:openfile.obj
 0001:00011a4c       _calloc_base               0000000140012a4c f   libucrt:calloc_base.obj
 0001:00011ac4       _free_base                 0000000140012ac4 f   libucrt:free_base.obj
 0001:00011cdc       __acrt_AppPolicyGetProcessTerminationMethodInternal 0000000140012cdc f   libucrt:winapi_thunks.obj
 0001:00011d2c       __acrt_AreFileApisANSI     0000000140012d2c f   libucrt:winapi_thunks.obj
 0001:00011d68       __acrt_CompareStringEx     0000000140012d68 f   libucrt:winapi_thunks.obj
 0001:00011e44       __acrt_FlsAlloc            0000000140012e44 f   libucrt:winapi_thunks.obj
 0001:00011e8c       __acrt_FlsFree             0000000140012e8c f   libucrt:winapi_thunks.obj
 0001:00011ed4       __acrt_FlsGetValue         0000000140012ed4 f   libucrt:winapi_thunks.obj
 0001:00011f1c       __acrt_FlsSetValue         0000000140012f1c f   libucrt:winapi_thunks.obj
 0001:00011f70       __acrt_InitializeCriticalSectionEx 0000000140012f70 f   libucrt:winapi_thunks.obj
 0001:00011fd4       __acrt_LCMapStringEx       0000000140012fd4 f   libucrt:winapi_thunks.obj
 0001:000120b0       __acrt_LocaleNameToLCID    00000001400130b0 f   libucrt:winapi_thunks.obj
 0001:00012100       __acrt_initialize_winapi_thunks 0000000140013100 f   libucrt:winapi_thunks.obj
 0001:00012134       __acrt_uninitialize_winapi_thunks 0000000140013134 f   libucrt:winapi_thunks.obj
 0001:00012178       _fcloseall                 0000000140013178 f   libucrt:closeall.obj
 0001:00012408       __acrt_stdio_flush_nolock  0000000140013408 f   libucrt:fflush.obj
 0001:00012484       _fflush_nolock             0000000140013484 f   libucrt:fflush.obj
 0001:000124d0       _flushall                  00000001400134d0 f   libucrt:fflush.obj
 0001:000124d8       __acrt_stdio_free_buffer_nolock 00000001400134d8 f   libucrt:_freebuf.obj
 0001:00012714       __acrt_initialize_lowio    0000000140013714 f   libucrt:ioinit.obj
 0001:00012750       __acrt_uninitialize_lowio  0000000140013750 f   libucrt:ioinit.obj
 0001:00012804       _close                     0000000140013804 f   libucrt:close.obj
 0001:000128a8       _close_nolock              00000001400138a8 f   libucrt:close.obj
 0001:00012968       _fileno                    0000000140013968 f   libucrt:fileno.obj
 0001:00012990       _realloc_base              0000000140013990 f   libucrt:realloc_base.obj
 0001:00012a0c       _malloc_base               0000000140013a0c f   libucrt:malloc_base.obj
 0001:00012a6c       strtol                     0000000140013a6c f   libucrt:strtox.obj
 0001:00012a98       wcstol                     0000000140013a98 f   libucrt:strtox.obj
 0001:00012ac4       _mbtowc_l                  0000000140013ac4 f   libucrt:mbtowc.obj
 0001:00012c44       mbtowc                     0000000140013c44 f   libucrt:mbtowc.obj
 0001:00012c4c       _wctomb_s_l                0000000140013c4c f   libucrt:wctomb.obj
 0001:00012de8       strnlen                    0000000140013de8 f   libucrt:strnlen.obj
 0001:00012f38       wcsnlen                    0000000140013f38 f   libucrt:strnlen.obj
 0001:00013488       __acrt_getptd              0000000140014488 f   libucrt:per_thread_data.obj
 0001:0001355c       __acrt_getptd_head         000000014001455c f   libucrt:per_thread_data.obj
 0001:00013604       __acrt_getptd_noexit       0000000140014604 f   libucrt:per_thread_data.obj
 0001:000136d0       __acrt_initialize_ptd      00000001400146d0 f   libucrt:per_thread_data.obj
 0001:0001370c       __acrt_uninitialize_ptd    000000014001470c f   libucrt:per_thread_data.obj
 0001:00013730       __acrt_update_locale_info  0000000140014730 f   libucrt:locale_update.obj
 0001:00013764       __acrt_update_multibyte_info 0000000140014764 f   libucrt:locale_update.obj
 0001:000141a4       __acrt_fp_format           00000001400151a4 f   libucrt:cvt.obj
 0001:000144dc       _fputc_nolock              00000001400154dc f   libucrt:fputc.obj
 0001:000144f4       _get_printf_count_output   00000001400154f4 f   libucrt:printf_count_output.obj
 0001:0001450c       __acrt_should_use_temporary_buffer 000000014001550c f   libucrt:_sftbuf.obj
 0001:00014554       __acrt_stdio_begin_temporary_buffering_nolock 0000000140015554 f   libucrt:_sftbuf.obj
 0001:0001461c       __acrt_stdio_end_temporary_buffering_nolock 000000014001561c f   libucrt:_sftbuf.obj
 0001:00014658       _isctype_l                 0000000140015658 f   libucrt:isctype.obj
 0001:00014760       _getdrive                  0000000140015760 f   libucrt:drive.obj
 0001:00014858       ??$__acrt_get_full_path_name_wide@U__crt_win32_buffer_no_resizing@@@@YAHQEB_WAEAV?$__crt_win32_buffer@_WU__crt_win32_buffer_no_resizing@@@@@Z 0000000140015858 f i libucrt:fullpath.obj
 0001:000148cc       ??$__acrt_get_full_path_name_wide@U__crt_win32_buffer_public_dynamic_resizing@@@@YAHQEB_WAEAV?$__crt_win32_buffer@_WU__crt_win32_buffer_public_dynamic_resizing@@@@@Z 00000001400158cc f i libucrt:fullpath.obj
 0001:000149b0       ??$__acrt_wcs_to_mbs_cp@U__crt_win32_buffer_no_resizing@@@@YAHQEB_WAEAV?$__crt_win32_buffer@DU__crt_win32_buffer_no_resizing@@@@I@Z 00000001400159b0 f i libucrt:fullpath.obj
 0001:00014ac4       ?detach@?$__crt_win32_buffer@_WU__crt_win32_buffer_public_dynamic_resizing@@@@QEAAPEA_WXZ 0000000140015ac4 f i libucrt:fullpath.obj
 0001:00014bac       _wfullpath                 0000000140015bac f   libucrt:fullpath.obj
 0001:00014c60       wcspbrk                    0000000140015c60 f   libucrt:wcspbrk.obj
 0001:00014c94       __ascii_wcsicmp            0000000140015c94 f   libucrt:wcsicmp.obj
 0001:00014cd4       _wcsicmp                   0000000140015cd4 f   libucrt:wcsicmp.obj
 0001:00014d1c       _wcsicmp_l                 0000000140015d1c f   libucrt:wcsicmp.obj
 0001:00014e44       __acrt_MultiByteToWideChar 0000000140015e44 f   libucrt:multibytetowidechar.obj
 0001:00014ea0       __acrt_lowio_create_handle_array 0000000140015ea0 f   libucrt:osfinfo.obj
 0001:00014f48       __acrt_lowio_destroy_handle_array 0000000140015f48 f   libucrt:osfinfo.obj
 0001:00014f98       __acrt_lowio_ensure_fh_exists 0000000140015f98 f   libucrt:osfinfo.obj
 0001:00015040       __acrt_lowio_lock_fh       0000000140016040 f   libucrt:osfinfo.obj
 0001:00015068       __acrt_lowio_set_os_handle 0000000140016068 f   libucrt:osfinfo.obj
 0001:00015128       __acrt_lowio_unlock_fh     0000000140016128 f   libucrt:osfinfo.obj
 0001:00015150       _alloc_osfhnd              0000000140016150 f   libucrt:osfinfo.obj
 0001:00015290       _free_osfhnd               0000000140016290 f   libucrt:osfinfo.obj
 0001:0001534c       _get_osfhandle             000000014001634c f   libucrt:osfinfo.obj
 0001:000153c4       ??$__crt_time_is_leap_year@H@@YA_NH@Z 00000001400163c4 f i libucrt:loctotime.obj
 0001:00015650       __loctotime64_t            0000000140016650 f   libucrt:loctotime.obj
 0001:00015ed4       _write                     0000000140016ed4 f   libucrt:write.obj
 0001:00015fc0       _write_nolock              0000000140016fc0 f   libucrt:write.obj
 0001:00016404       __acrt_stdio_flush_and_write_narrow_nolock 0000000140017404 f   libucrt:_flsbuf.obj
 0001:000164bc       _wmkdir                    00000001400174bc f   libucrt:wmkdir.obj
 0001:00016a50       _read                      0000000140017a50 f   libucrt:read.obj
 0001:00016b6c       _read_nolock               0000000140017b6c f   libucrt:read.obj
 0001:00016fc4       __acrt_stdio_refill_and_read_narrow_nolock 0000000140017fc4 f   libucrt:_filbuf.obj
 0001:00017130       _msize_base                0000000140018130 f   libucrt:msize.obj
 0001:00017180       _get_fpsr                  0000000140018180 f   libucrt:fpsr.obj
 0001:00017190       _set_fpsr                  0000000140018190 f   libucrt:fpsr.obj
 0001:0001719a       _fclrf                     000000014001819a f   libucrt:fpsr.obj
 0001:000171ae       _frnd                      00000001400181ae f   libucrt:fpsr.obj
 0001:000171d0       __acrt_initialize_locks    00000001400181d0 f   libucrt:locks.obj
 0001:00017218       __acrt_lock                0000000140018218 f   libucrt:locks.obj
 0001:00017234       __acrt_uninitialize_locks  0000000140018234 f   libucrt:locks.obj
 0001:0001726c       __acrt_unlock              000000014001826c f   libucrt:locks.obj
 0001:00017288       __acrt_get_process_end_policy 0000000140018288 f   libucrt:win_policies.obj
 0001:000172d8       ??$__acrt_wcs_to_mbs_cp@U__crt_win32_buffer_internal_dynamic_resizing@@@@YAHQEB_WAEAV?$__crt_win32_buffer@DU__crt_win32_buffer_internal_dynamic_resizing@@@@I@Z 00000001400182d8 f i libucrt:argv_wildcards.obj
 0001:00017b08       __acrt_expand_narrow_argv_wildcards 0000000140018b08 f   libucrt:argv_wildcards.obj
 0001:00017b10       __acrt_GetModuleFileNameA  0000000140018b10 f   libucrt:getmodulefilenamea.obj
 0001:00018358       __acrt_initialize_multibyte 0000000140019358 f   libucrt:mbctype.obj
 0001:000183b8       __acrt_update_thread_multibyte_data 00000001400193b8 f   libucrt:mbctype.obj
 0001:000183d4       _setmbcp_nolock            00000001400193d4 f   libucrt:mbctype.obj
 0001:00018708       _ismbblead                 0000000140019708 f   libucrt:ismbbyte.obj
 0001:0001871c       __acrt_initialize_command_line 000000014001971c f   libucrt:argv_data.obj
 0001:00018744       wcscpy_s                   0000000140019744 f   libucrt:wcscpy_s.obj
 0001:000187ac       __acrt_WideCharToMultiByte 00000001400197ac f   libucrt:widechartomultibyte.obj
 0001:0001885c       __dcrt_get_narrow_environment_from_os 000000014001985c f   libucrt:get_environment_from_os.obj
 0001:00018960       __dcrt_get_wide_environment_from_os 0000000140019960 f   libucrt:get_environment_from_os.obj
 0001:00018e14       __dcrt_set_variable_in_wide_environment_nolock 0000000140019e14 f   libucrt:setenv.obj
 0001:00018e1c       _recalloc_base             0000000140019e1c f   libucrt:recalloc.obj
 0001:00018eb4       __acrt_initialize_heap     0000000140019eb4 f   libucrt:heap_handle.obj
 0001:00018ed0       __acrt_uninitialize_heap   0000000140019ed0 f   libucrt:heap_handle.obj
 0001:00018edc       __acrt_execute_initializers 0000000140019edc f   libucrt:shared_initialization.obj
 0001:00018f5c       __acrt_execute_uninitializers 0000000140019f5c f   libucrt:shared_initialization.obj
 0001:00018fe0       __acrt_get_sigabrt_handler 0000000140019fe0 f   libucrt:signal.obj
 0001:00019010       __acrt_initialize_signal_handlers 000000014001a010 f   libucrt:signal.obj
 0001:00019030       raise                      000000014001a030 f   libucrt:signal.obj
 0001:0001929c       wcsncpy_s                  000000014001a29c f   libucrt:wcsncpy_s.obj
 0001:00019380       __acrt_initialize_fmode    000000014001a380 f   libucrt:txtmode.obj
 0001:0001939c       ___lc_codepage_func        000000014001a39c f   libucrt:initctype.obj
 0001:000193cc       __acrt_locale_free_monetary 000000014001a3cc f   libucrt:initmon.obj
 0001:000194d8       __acrt_locale_free_numeric 000000014001a4d8 f   libucrt:initnum.obj
 0001:0001959c       __acrt_locale_free_time    000000014001a59c f   libucrt:inittime.obj
 0001:000196a4       __pctype_func              000000014001a6a4 f   libucrt:ctype.obj
 0001:000196d4       __acrt_GetStringTypeA      000000014001a6d4 f   libucrt:getstringtypea.obj
 0001:00019864       __acrt_add_locale_ref      000000014001a864 f   libucrt:locale_refcounting.obj
 0001:000198f0       __acrt_free_locale         000000014001a8f0 f   libucrt:locale_refcounting.obj
 0001:00019a68       __acrt_locale_add_lc_time_reference 000000014001aa68 f   libucrt:locale_refcounting.obj
 0001:00019a90       __acrt_locale_free_lc_time_if_unreferenced 000000014001aa90 f   libucrt:locale_refcounting.obj
 0001:00019ac8       __acrt_locale_release_lc_time_reference 000000014001aac8 f   libucrt:locale_refcounting.obj
 0001:00019af0       __acrt_release_locale_ref  000000014001aaf0 f   libucrt:locale_refcounting.obj
 0001:00019b98       __acrt_update_thread_locale_data 000000014001ab98 f   libucrt:locale_refcounting.obj
 0001:00019c08       _updatetlocinfoEx_nolock   000000014001ac08 f   libucrt:locale_refcounting.obj
 0001:00019c70       iswctype                   000000014001ac70 f   libucrt:iswctype.obj
 0001:00019cdc       __ascii_wcsnicmp           000000014001acdc f   libucrt:wcsnicmp.obj
 0001:00019d28       __ascii_strnicmp           000000014001ad28 f   libucrt:strnicmp.obj
 0001:00019d74       _strnicmp                  000000014001ad74 f   libucrt:strnicmp.obj
 0001:00019dc4       _strnicmp_l                000000014001adc4 f   libucrt:strnicmp.obj
 0001:0001a49c       _sopen_nolock              000000014001b49c f   libucrt:open.obj
 0001:0001a5b4       _sopen_s                   000000014001b5b4 f   libucrt:open.obj
 0001:0001a5e8       _wsopen_nolock             000000014001b5e8 f   libucrt:open.obj
 0001:0001a9d0       __acrt_DownlevelLocaleNameToLCID 000000014001b9d0 f   libucrt:lcidtoname_downlevel.obj
 0001:0001ab0c       _commit                    000000014001bb0c f   libucrt:commit.obj
 0001:0001aba0       _isleadbyte_l              000000014001bba0 f i libucrt:_wctype.obj
 0001:0001abec       ?__mbrtowc_utf8@__crt_mbstring@@YA_KPEA_WPEBD_KPEAU_Mbstatet@@@Z 000000014001bbec f   libucrt:mbrtowc.obj
 0001:0001ac28       ?__mbsrtowcs_utf8@__crt_mbstring@@YA_KPEA_WPEAPEBD_KPEAU_Mbstatet@@@Z 000000014001bc28 f   libucrt:mbrtowc.obj
 0001:0001ada0       ?__c32rtomb_utf8@__crt_mbstring@@YA_KPEAD_UPEAU_Mbstatet@@@Z 000000014001bda0 f   libucrt:c32rtomb.obj
 0001:0001ae54       __acrt_fp_strflt_to_string 000000014001be54 f   libucrt:_fptostr.obj
 0001:0001afb0       ?divide@__crt_strtox@@YA_KAEAUbig_integer@1@AEBU21@@Z 000000014001bfb0 f i libucrt:cfout.obj
 0001:0001b3dc       __acrt_fltout              000000014001c3dc f   libucrt:cfout.obj
 0001:0001c6a8       fegetround                 000000014001d6a8 f   libucrt:fegetround.obj
 0001:0001c6bc       _isatty                    000000014001d6bc f   libucrt:isatty.obj
 0001:0001c904       _wgetcwd                   000000014001d904 f   libucrt:getcwd.obj
 0001:0001c92c       _towlower_l                000000014001d92c f   libucrt:towlower.obj
 0001:0001c9e8       __acrt_initialize_timeset  000000014001d9e8 f   libucrt:timeset.obj
 0001:0001ca38       __daylight                 000000014001da38 f   libucrt:timeset.obj
 0001:0001ca40       __dstbias                  000000014001da40 f   libucrt:timeset.obj
 0001:0001ca48       __timezone                 000000014001da48 f   libucrt:timeset.obj
 0001:0001ca50       __tzname                   000000014001da50 f   libucrt:timeset.obj
 0001:0001ca58       __wide_tzname              000000014001da58 f   libucrt:timeset.obj
 0001:0001ca60       _get_daylight              000000014001da60 f   libucrt:timeset.obj
 0001:0001ca90       _get_dstbias               000000014001da90 f   libucrt:timeset.obj
 0001:0001cac0       _get_timezone              000000014001dac0 f   libucrt:timeset.obj
 0001:0001d664       __tzset                    000000014001e664 f   libucrt:tzset.obj
 0001:0001d6a4       _isindst                   000000014001e6a4 f   libucrt:tzset.obj
 0001:0001d860       _lseeki64                  000000014001e860 f   libucrt:lseek.obj
 0001:0001d868       _lseeki64_nolock           000000014001e868 f   libucrt:lseek.obj
 0001:0001d870       _putwch_nolock             000000014001e870 f   libucrt:putwch.obj
 0001:0001d8ac       __acrt_stdio_allocate_buffer_nolock 000000014001e8ac f   libucrt:_getbuf.obj
 0001:0001d920       qsort                      000000014001e920 f   libucrt:qsort.obj
 0001:0001dcc0       strncpy_s                  000000014001ecc0 f   libucrt:strncpy_s.obj
 0001:0001de40       strpbrk                    000000014001ee40 f   libucrt:strpbrk.obj
 0001:0001e208       _mbsdec                    000000014001f208 f   libucrt:mbsdec.obj
 0001:0001e210       _mbsdec_l                  000000014001f210 f   libucrt:mbsdec.obj
 0001:0001e5bc       __acrt_LCMapStringA        000000014001f5bc f   libucrt:lcmapstringa.obj
 0001:0001e66c       _wcsnicoll                 000000014001f66c f   libucrt:wcsnicol.obj
 0001:0001e6bc       _wcsnicoll_l               000000014001f6bc f   libucrt:wcsnicol.obj
 0001:0001e7ac       __acrt_GetStringTypeW      000000014001f7ac f   libucrt:getstringtypew.obj
 0001:0001e7b4       _chsize_nolock             000000014001f7b4 f   libucrt:chsize.obj
 0001:0001e920       ?__mbrtoc32_utf8@__crt_mbstring@@YA_KPEA_UPEBD_KPEAU_Mbstatet@@@Z 000000014001f920 f   libucrt:mbrtoc32.obj
 0001:0001eaf8       _controlfp_s               000000014001faf8 f   libucrt:contrlfp.obj
 0001:0001eb5c       fegetenv                   000000014001fb5c f   libucrt:fegetenv.obj
 0001:0001eb7c       fesetenv                   000000014001fb7c f   libucrt:fesetenv.obj
 0001:0001ebc8       feholdexcept               000000014001fbc8 f   libucrt:feholdexcept.obj
 0001:0001ec18       ceil                       000000014001fc18 f   libucrt:ceil.obj
 0001:0001ece0       log10                      000000014001fce0 f   libucrt:log10.obj
 0001:0001f28c       __acrt_fenv_get_common_round_control 000000014002028c f   libucrt:_fenvutils.obj
 0001:0001f298       __acrt_fenv_get_control    0000000140020298 f   libucrt:_fenvutils.obj
 0001:0001f38c       __acrt_fenv_get_status     000000014002038c f   libucrt:_fenvutils.obj
 0001:0001f3e0       __acrt_fenv_set_control    00000001400203e0 f   libucrt:_fenvutils.obj
 0001:0001f528       __acrt_fenv_set_status     0000000140020528 f   libucrt:_fenvutils.obj
 0001:0001f5ac       __acrt_LCMapStringW        00000001400205ac f   libucrt:lcmapstringw.obj
 0001:0001f7c4       _wgetenv_s                 00000001400207c4 f   libucrt:getenv.obj
 0001:0001f7cc       __dcrt_lowio_ensure_console_output_initialized 00000001400207cc f   libucrt:initcon.obj
 0001:0001f820       __dcrt_terminate_console_output 0000000140020820 f   libucrt:initcon.obj
 0001:0001f83c       __dcrt_write_console       000000014002083c f   libucrt:initcon.obj
 0001:0001f8fc       __strncnt                  00000001400208fc f   libucrt:strncnt.obj
 0001:0001f914       __acrt_CompareStringW      0000000140020914 f   libucrt:comparestringw.obj
 0001:0001faf8       _handle_error              0000000140020af8 f   libucrt:libm_error.obj
 0001:0001fc20       _handle_errorf             0000000140020c20 f   libucrt:libm_error.obj
 0001:0001fd54       _handle_nan                0000000140020d54 f   libucrt:libm_error.obj
 0001:0001fd70       _handle_nanf               0000000140020d70 f   libucrt:libm_error.obj
 0001:0001fd80       __acrt_initialize_fma3     0000000140020d80 f   libucrt:fma3_available.obj
 0001:0001fdf0       _log10_special             0000000140020df0 f   libucrt:log_special.obj
 0001:0001fea8       _raise_exc                 0000000140020ea8 f   libucrt:fpexcept.obj
 0001:0001fed0       _raise_exc_ex              0000000140020ed0 f   libucrt:fpexcept.obj
 0001:000201e0       _raise_excf                00000001400211e0 f   libucrt:fpexcept.obj
 0001:0002020c       _set_errno_from_matherr    000000014002120c f   libucrt:fpexcept.obj
 0001:0002023c       _clrfp                     000000014002123c f   libucrt:fpctrl.obj
 0001:0002025c       _ctrlfp                    000000014002125c f   libucrt:fpctrl.obj
 0001:000202d8       _set_statfp                00000001400212d8 f   libucrt:fpctrl.obj
 0001:000202f8       _statfp                    00000001400212f8 f   libucrt:fpctrl.obj
 0001:00020310       _FindPESection             0000000140021310 f   LIBCMT:pesect.obj
 0001:00020360       _IsNonwritableInCurrentImage 0000000140021360 f   LIBCMT:pesect.obj
 0001:000203b0       _ValidateImageBase         00000001400213b0 f   LIBCMT:pesect.obj
 0001:000203e0       __GSHandlerCheck           00000001400213e0 f   LIBCMT:gshandler.obj
 0001:00020400       __GSHandlerCheckCommon     0000000140021400 f   LIBCMT:gshandler.obj
 0001:00020470       __security_check_cookie    0000000140021470 f   LIBCMT:amdsecgs.obj
 0001:00020490       __GSHandlerCheck_SEH       0000000140021490 f   LIBCMT:gshandlerseh.obj
 0001:00020518       __raise_securityfailure    0000000140021518 f   LIBCMT:gs_report.obj
 0001:0002054c       __report_gsfailure         000000014002154c f   LIBCMT:gs_report.obj
 0001:00020620       __report_rangecheckfailure 0000000140021620 f   LIBCMT:gs_report.obj
 0001:00020634       __report_securityfailure   0000000140021634 f   LIBCMT:gs_report.obj
 0001:000207d0       _alloca_probe              00000001400217d0 f   LIBCMT:chkstk.obj
 0001:000207d0       __chkstk                   00000001400217d0 f   LIBCMT:chkstk.obj
 0001:00020820       wcsrchr                    0000000140021820 f   libvcruntime:wcsrchr.obj
 0001:000208e0       memcmp                     00000001400218e0 f   libvcruntime:memcmp.obj
 0001:000209a8       strrchr                    00000001400219a8 f   libvcruntime:strrchr.obj
 0001:00020ad4       wcschr                     0000000140021ad4 f   libvcruntime:wcschr.obj
 0001:00027740       __vdecl_sinf4              0000000140028740 f   LIBCMT:svml_ssinf4_dispatch.obj
 0001:00027760       __libm_sse2_sincosf_       0000000140028760 f   LIBCMT:svml_ssinf4_dispatch.obj
 0001:000277a3       __libm_sse2_sincosf4_      00000001400287a3 f   LIBCMT:svml_ssinf4_dispatch.obj
 0001:000277b0       __vdecl_cos2               00000001400287b0 f   LIBCMT:svml_dcos2_dispatch.obj
 0001:000277d0       __sse2_sinf4@@16           00000001400287d0 f   LIBCMT:svml_ssinf4_sse2.obj
 0001:00028110       __sse4_sinf4@@16           0000000140029110 f   LIBCMT:svml_ssinf4_sse4.obj
 0001:00028890       __sse2_cos2@@16            0000000140029890 f   LIBCMT:svml_dcos2_sse2.obj
 0001:00028f40       __sse4_cos2@@16            0000000140029f40 f   LIBCMT:svml_dcos2_sse4.obj
 0001:000295f0       __common_ssin_cout_rare    000000014002a5f0 f   LIBCMT:svml_s_sin_cout.obj
 0001:00029660       __common_dcos_cout_rare    000000014002a660 f   LIBCMT:svml_d_cos_cout.obj
 0001:000296d0       _vcomp_for_dynamic_init    000000014002a6d0 f   VCOMP:VCOMP140.DLL
 0001:000296d6       _vcomp_for_dynamic_next    000000014002a6d6 f   VCOMP:VCOMP140.DLL
 0001:000296dc       _vcomp_for_static_end      000000014002a6dc f   VCOMP:VCOMP140.DLL
 0001:000296e2       _vcomp_for_static_simple_init 000000014002a6e2 f   VCOMP:VCOMP140.DLL
 0001:000296e8       _vcomp_fork                000000014002a6e8 f   VCOMP:VCOMP140.DLL
 0001:000296f0       atan2f                     000000014002a6f0 f   libucrt:atan2f.obj
 0001:00029ae0       cos                        000000014002aae0 f   libucrt:cos.obj
 0001:0002a060       cosf                       000000014002b060 f   libucrt:cosf.obj
 0001:0002a560       expf                       000000014002b560 f   libucrt:expf.obj
 0001:0002a808       fmodf                      000000014002b808 f   libucrt:fmodf.obj
 0001:0002aa50       powf                       000000014002ba50 f   libucrt:powf.obj
 0001:0002b920       sinf                       000000014002c920 f   libucrt:sinf.obj
 0001:0002c020       __remainder_piby2_forAsm   000000014002d020 f   libucrt:remainder_piby2_forasm.obj
 0001:0002c230       __remainder_piby2_cw_forAsm 000000014002d230 f   libucrt:remainder_piby2_forasm.obj
 0001:0002c370       __remainder_piby2_fma3     000000014002d370 f   libucrt:remainder_piby2_forfma3.obj
 0001:0002c560       __remainder_piby2_fma3_bdl 000000014002d560 f   libucrt:remainder_piby2_forfma3.obj
 0001:0002c5d8       _cos_special               000000014002d5d8 f   libucrt:sincos_special.obj
 0001:0002c5ec       _cosf_special              000000014002d5ec f   libucrt:sincos_special.obj
 0001:0002c730       _sinf_special              000000014002d730 f   libucrt:sincos_special.obj
 0001:0002c750       __remainder_piby2d2f_forAsm 000000014002d750 f   libucrt:remainder_piby2f_forasm.obj
 0001:0002c8a0       _expf_special              000000014002d8a0 f   libucrt:exp_special.obj
 0001:0002c948       _powf_special              000000014002d948 f   libucrt:pow_special.obj
 0001:0002cae0       __remainder_piby2d2f_forC  000000014002dae0 f   libucrt:remainder_piby2f_forc.obj
 0001:0002cc80       _guard_dispatch_icall_nop  000000014002dc80 f   LIBCMT:guard_dispatch.obj
 0001:0002cca0       _guard_xfg_dispatch_icall_nop 000000014002dca0 f   LIBCMT:guard_xfg_dispatch.obj
 0002:00000000       __imp_BASS_ErrorGetCode    000000014002f000     bass:BASS.dll
 0002:00000008       __imp_BASS_ChannelBytes2Seconds 000000014002f008     bass:BASS.dll
 0002:00000010       __imp_BASS_Init            000000014002f010     bass:BASS.dll
 0002:00000018       __imp_BASS_GetInfo         000000014002f018     bass:BASS.dll
 0002:00000020       __imp_BASS_ChannelSeconds2Bytes 000000014002f020     bass:BASS.dll
 0002:00000028       __imp_BASS_ChannelIsActive 000000014002f028     bass:BASS.dll
 0002:00000030       __imp_BASS_StreamCreateFile 000000014002f030     bass:BASS.dll
 0002:00000038       __imp_BASS_ChannelSetPosition 000000014002f038     bass:BASS.dll
 0002:00000040       __imp_BASS_ChannelPlay     000000014002f040     bass:BASS.dll
 0002:00000048       __imp_BASS_ChannelPause    000000014002f048     bass:BASS.dll
 0002:00000050       __imp_BASS_Free            000000014002f050     bass:BASS.dll
 0002:00000058       __imp_BASS_ChannelGetPosition 000000014002f058     bass:BASS.dll
 0002:00000060       \177BASS_NULL_THUNK_DATA   000000014002f060     bass:BASS.dll
 0002:00000068       __imp_ilDeleteImages       000000014002f068     DevIL:DevIL.dll
 0002:00000070       __imp_ilConvertImage       000000014002f070     DevIL:DevIL.dll
 0002:00000078       __imp_ilInit               000000014002f078     DevIL:DevIL.dll
 0002:00000080       __imp_ilLoadImage          000000014002f080     DevIL:DevIL.dll
 0002:00000088       __imp_ilGetInteger         000000014002f088     DevIL:DevIL.dll
 0002:00000090       __imp_ilCopyPixels         000000014002f090     DevIL:DevIL.dll
 0002:00000098       __imp_ilGenImages          000000014002f098     DevIL:DevIL.dll
 0002:000000a0       __imp_ilBindImage          000000014002f0a0     DevIL:DevIL.dll
 0002:000000a8       \177DevIL_NULL_THUNK_DATA  000000014002f0a8     DevIL:DevIL.dll
 0002:000000b0       __imp_GetCPInfo            000000014002f0b0     kernel32:KERNEL32.dll
 0002:000000b8       __imp_GetCommandLineA      000000014002f0b8     kernel32:KERNEL32.dll
 0002:000000c0       __imp_GetCommandLineW      000000014002f0c0     kernel32:KERNEL32.dll
 0002:000000c8       __imp_WideCharToMultiByte  000000014002f0c8     kernel32:KERNEL32.dll
 0002:000000d0       __imp_SetCurrentDirectoryA 000000014002f0d0     kernel32:KERNEL32.dll
 0002:000000d8       __imp_OutputDebugStringA   000000014002f0d8     kernel32:KERNEL32.dll
 0002:000000e0       __imp_GetStringTypeW       000000014002f0e0     kernel32:KERNEL32.dll
 0002:000000e8       __imp_FlushFileBuffers     000000014002f0e8     kernel32:KERNEL32.dll
 0002:000000f0       __imp_GetTimeZoneInformation 000000014002f0f0     kernel32:KERNEL32.dll
 0002:000000f8       __imp_SetEndOfFile         000000014002f0f8     kernel32:KERNEL32.dll
 0002:00000100       __imp_WriteConsoleW        000000014002f100     kernel32:KERNEL32.dll
 0002:00000108       __imp_GetEnvironmentStringsW 000000014002f108     kernel32:KERNEL32.dll
 0002:00000110       __imp_FreeEnvironmentStringsW 000000014002f110     kernel32:KERNEL32.dll
 0002:00000118       __imp_SetEnvironmentVariableW 000000014002f118     kernel32:KERNEL32.dll
 0002:00000120       __imp_GetProcessHeap       000000014002f120     kernel32:KERNEL32.dll
 0002:00000128       __imp_RaiseException       000000014002f128     kernel32:KERNEL32.dll
 0002:00000130       __imp_GetOEMCP             000000014002f130     kernel32:KERNEL32.dll
 0002:00000138       __imp_GetACP               000000014002f138     kernel32:KERNEL32.dll
 0002:00000140       __imp_IsValidCodePage      000000014002f140     kernel32:KERNEL32.dll
 0002:00000148       __imp_FindNextFileW        000000014002f148     kernel32:KERNEL32.dll
 0002:00000150       __imp_FindFirstFileExW     000000014002f150     kernel32:KERNEL32.dll
 0002:00000158       __imp_FindClose            000000014002f158     kernel32:KERNEL32.dll
 0002:00000160       __imp_HeapSize             000000014002f160     kernel32:KERNEL32.dll
 0002:00000168       __imp_ReadConsoleW         000000014002f168     kernel32:KERNEL32.dll
 0002:00000170       __imp_ReadFile             000000014002f170     kernel32:KERNEL32.dll
 0002:00000178       __imp_CreateDirectoryW     000000014002f178     kernel32:KERNEL32.dll
 0002:00000180       __imp_SetFilePointerEx     000000014002f180     kernel32:KERNEL32.dll
 0002:00000188       __imp_GetFileSizeEx        000000014002f188     kernel32:KERNEL32.dll
 0002:00000190       __imp_GetConsoleMode       000000014002f190     kernel32:KERNEL32.dll
 0002:00000198       __imp_GetConsoleOutputCP   000000014002f198     kernel32:KERNEL32.dll
 0002:000001a0       __imp_SetStdHandle         000000014002f1a0     kernel32:KERNEL32.dll
 0002:000001a8       __imp_MultiByteToWideChar  000000014002f1a8     kernel32:KERNEL32.dll
 0002:000001b0       __imp_GetFullPathNameW     000000014002f1b0     kernel32:KERNEL32.dll
 0002:000001b8       __imp_GetCurrentDirectoryW 000000014002f1b8     kernel32:KERNEL32.dll
 0002:000001c0       __imp_HeapReAlloc          000000014002f1c0     kernel32:KERNEL32.dll
 0002:000001c8       __imp_LCMapStringW         000000014002f1c8     kernel32:KERNEL32.dll
 0002:000001d0       __imp_CompareStringW       000000014002f1d0     kernel32:KERNEL32.dll
 0002:000001d8       __imp_RtlCaptureContext    000000014002f1d8     kernel32:KERNEL32.dll
 0002:000001e0       __imp_RtlLookupFunctionEntry 000000014002f1e0     kernel32:KERNEL32.dll
 0002:000001e8       __imp_RtlVirtualUnwind     000000014002f1e8     kernel32:KERNEL32.dll
 0002:000001f0       __imp_IsDebuggerPresent    000000014002f1f0     kernel32:KERNEL32.dll
 0002:000001f8       __imp_UnhandledExceptionFilter 000000014002f1f8     kernel32:KERNEL32.dll
 0002:00000200       __imp_SetUnhandledExceptionFilter 000000014002f200     kernel32:KERNEL32.dll
 0002:00000208       __imp_GetStartupInfoW      000000014002f208     kernel32:KERNEL32.dll
 0002:00000210       __imp_IsProcessorFeaturePresent 000000014002f210     kernel32:KERNEL32.dll
 0002:00000218       __imp_GetModuleHandleW     000000014002f218     kernel32:KERNEL32.dll
 0002:00000220       __imp_QueryPerformanceCounter 000000014002f220     kernel32:KERNEL32.dll
 0002:00000228       __imp_GetCurrentProcessId  000000014002f228     kernel32:KERNEL32.dll
 0002:00000230       __imp_GetCurrentThreadId   000000014002f230     kernel32:KERNEL32.dll
 0002:00000238       __imp_GetSystemTimeAsFileTime 000000014002f238     kernel32:KERNEL32.dll
 0002:00000240       __imp_InitializeSListHead  000000014002f240     kernel32:KERNEL32.dll
 0002:00000248       __imp_RtlUnwindEx          000000014002f248     kernel32:KERNEL32.dll
 0002:00000250       __imp_RtlPcToFileHeader    000000014002f250     kernel32:KERNEL32.dll
 0002:00000258       __imp_GetLastError         000000014002f258     kernel32:KERNEL32.dll
 0002:00000260       __imp_SetLastError         000000014002f260     kernel32:KERNEL32.dll
 0002:00000268       __imp_EnterCriticalSection 000000014002f268     kernel32:KERNEL32.dll
 0002:00000270       __imp_LeaveCriticalSection 000000014002f270     kernel32:KERNEL32.dll
 0002:00000278       __imp_DeleteCriticalSection 000000014002f278     kernel32:KERNEL32.dll
 0002:00000280       __imp_InitializeCriticalSectionAndSpinCount 000000014002f280     kernel32:KERNEL32.dll
 0002:00000288       __imp_TlsAlloc             000000014002f288     kernel32:KERNEL32.dll
 0002:00000290       __imp_TlsGetValue          000000014002f290     kernel32:KERNEL32.dll
 0002:00000298       __imp_TlsSetValue          000000014002f298     kernel32:KERNEL32.dll
 0002:000002a0       __imp_TlsFree              000000014002f2a0     kernel32:KERNEL32.dll
 0002:000002a8       __imp_FreeLibrary          000000014002f2a8     kernel32:KERNEL32.dll
 0002:000002b0       __imp_GetProcAddress       000000014002f2b0     kernel32:KERNEL32.dll
 0002:000002b8       __imp_LoadLibraryExW       000000014002f2b8     kernel32:KERNEL32.dll
 0002:000002c0       __imp_EncodePointer        000000014002f2c0     kernel32:KERNEL32.dll
 0002:000002c8       __imp_CreateFileW          000000014002f2c8     kernel32:KERNEL32.dll
 0002:000002d0       __imp_GetDriveTypeW        000000014002f2d0     kernel32:KERNEL32.dll
 0002:000002d8       __imp_GetFileInformationByHandle 000000014002f2d8     kernel32:KERNEL32.dll
 0002:000002e0       __imp_GetFileType          000000014002f2e0     kernel32:KERNEL32.dll
 0002:000002e8       __imp_CloseHandle          000000014002f2e8     kernel32:KERNEL32.dll
 0002:000002f0       __imp_PeekNamedPipe        000000014002f2f0     kernel32:KERNEL32.dll
 0002:000002f8       __imp_SystemTimeToTzSpecificLocalTime 000000014002f2f8     kernel32:KERNEL32.dll
 0002:00000300       __imp_FileTimeToSystemTime 000000014002f300     kernel32:KERNEL32.dll
 0002:00000308       __imp_GetCurrentProcess    000000014002f308     kernel32:KERNEL32.dll
 0002:00000310       __imp_TerminateProcess     000000014002f310     kernel32:KERNEL32.dll
 0002:00000318       __imp_ExitProcess          000000014002f318     kernel32:KERNEL32.dll
 0002:00000320       __imp_GetModuleHandleExW   000000014002f320     kernel32:KERNEL32.dll
 0002:00000328       __imp_GetModuleFileNameW   000000014002f328     kernel32:KERNEL32.dll
 0002:00000330       __imp_GetStdHandle         000000014002f330     kernel32:KERNEL32.dll
 0002:00000338       __imp_WriteFile            000000014002f338     kernel32:KERNEL32.dll
 0002:00000340       __imp_HeapAlloc            000000014002f340     kernel32:KERNEL32.dll
 0002:00000348       __imp_HeapFree             000000014002f348     kernel32:KERNEL32.dll
 0002:00000350       \177KERNEL32_NULL_THUNK_DATA 000000014002f350     kernel32:KERNEL32.dll
 0002:00000358       __imp_SDL_GetPerformanceFrequency 000000014002f358     SDL2:SDL2.dll
 0002:00000360       __imp_SDL_PollEvent        000000014002f360     SDL2:SDL2.dll
 0002:00000368       __imp_SDL_ShowSimpleMessageBox 000000014002f368     SDL2:SDL2.dll
 0002:00000370       __imp_SDL_HasSSE41         000000014002f370     SDL2:SDL2.dll
 0002:00000378       __imp_SDL_Quit             000000014002f378     SDL2:SDL2.dll
 0002:00000380       __imp_SDL_Init             000000014002f380     SDL2:SDL2.dll
 0002:00000388       __imp_SDL_GetPerformanceCounter 000000014002f388     SDL2:SDL2.dll
 0002:00000390       __imp_SDL_GameControllerGetAxis 000000014002f390     SDL2:SDL2.dll
 0002:00000398       __imp_SDL_GameControllerGetButton 000000014002f398     SDL2:SDL2.dll
 0002:000003a0       __imp_SDL_GameControllerGetAttached 000000014002f3a0     SDL2:SDL2.dll
 0002:000003a8       __imp_SDL_GameControllerOpen 000000014002f3a8     SDL2:SDL2.dll
 0002:000003b0       __imp_SDL_IsGameController 000000014002f3b0     SDL2:SDL2.dll
 0002:000003b8       __imp_SDL_GameControllerClose 000000014002f3b8     SDL2:SDL2.dll
 0002:000003c0       __imp_SDL_NumJoysticks     000000014002f3c0     SDL2:SDL2.dll
 0002:000003c8       __imp_SDL_GameControllerUpdate 000000014002f3c8     SDL2:SDL2.dll
 0002:000003d0       __imp_SDL_SetWindowTitle   000000014002f3d0     SDL2:SDL2.dll
 0002:000003d8       __imp_SDL_RenderPresent    000000014002f3d8     SDL2:SDL2.dll
 0002:000003e0       __imp_SDL_RenderSetLogicalSize 000000014002f3e0     SDL2:SDL2.dll
 0002:000003e8       __imp_SDL_CreateTexture    000000014002f3e8     SDL2:SDL2.dll
 0002:000003f0       __imp_SDL_CreateWindowAndRenderer 000000014002f3f0     SDL2:SDL2.dll
 0002:000003f8       __imp_SDL_SetHint          000000014002f3f8     SDL2:SDL2.dll
 0002:00000400       __imp_SDL_GetError         000000014002f400     SDL2:SDL2.dll
 0002:00000408       __imp_SDL_DestroyWindow    000000014002f408     SDL2:SDL2.dll
 0002:00000410       __imp_SDL_DestroyRenderer  000000014002f410     SDL2:SDL2.dll
 0002:00000418       __imp_SDL_UpdateTexture    000000014002f418     SDL2:SDL2.dll
 0002:00000420       __imp_SDL_RenderClear      000000014002f420     SDL2:SDL2.dll
 0002:00000428       __imp_SDL_RenderCopy       000000014002f428     SDL2:SDL2.dll
 0002:00000430       __imp_SDL_DestroyTexture   000000014002f430     SDL2:SDL2.dll
 0002:00000438       \177SDL2_NULL_THUNK_DATA   000000014002f438     SDL2:SDL2.dll
 0002:00000440       __imp_GetForegroundWindow  000000014002f440     user32:USER32.dll
 0002:00000448       __imp_MessageBoxA          000000014002f448     user32:USER32.dll
 0002:00000450       \177USER32_NULL_THUNK_DATA 000000014002f450     user32:USER32.dll
 0002:00000458       __imp__vcomp_for_dynamic_init 000000014002f458     VCOMP:VCOMP140.DLL
 0002:00000460       __imp__vcomp_for_dynamic_next 000000014002f460     VCOMP:VCOMP140.DLL
 0002:00000468       __imp__vcomp_for_static_end 000000014002f468     VCOMP:VCOMP140.DLL
 0002:00000470       __imp__vcomp_for_static_simple_init 000000014002f470     VCOMP:VCOMP140.DLL
 0002:00000478       __imp__vcomp_fork          000000014002f478     VCOMP:VCOMP140.DLL
 0002:00000480       \177VCOMP140_NULL_THUNK_DATA 000000014002f480     VCOMP:VCOMP140.DLL
 0002:00000488       __imp_send                 000000014002f488     ws2_32:WS2_32.dll
 0002:00000490       __imp_closesocket          000000014002f490     ws2_32:WS2_32.dll
 0002:00000498       __imp_select               000000014002f498     ws2_32:WS2_32.dll
 0002:000004a0       __imp_ntohl                000000014002f4a0     ws2_32:WS2_32.dll
 0002:000004a8       __imp_getaddrinfo          000000014002f4a8     ws2_32:WS2_32.dll
 0002:000004b0       __imp_WSAStartup           000000014002f4b0     ws2_32:WS2_32.dll
 0002:000004b8       __imp_freeaddrinfo         000000014002f4b8     ws2_32:WS2_32.dll
 0002:000004c0       __imp_socket               000000014002f4c0     ws2_32:WS2_32.dll
[...]
 0002:0000db3c       $unwind$?RenderNautilusMap_2x2$omp$1@@YAXPEAIM@Z 000000014003cb3c     shadertoy.obj
 0002:0000db54       $chain$11$?RenderNautilusMap_2x2$omp$1@@YAXPEAIM@Z 000000014003cb54     shadertoy.obj
 0002:0000db94       $chain$12$?RenderNautilusMap_2x2$omp$1@@YAXPEAIM@Z 000000014003cb94     shadertoy.obj
 0002:0000dba4       $unwind$?RenderPlasmaMap$omp$1@@YAXPEAIM@Z 000000014003cba4     shadertoy.obj
 0002:0000dbb8       $chain$12$?RenderPlasmaMap$omp$1@@YAXPEAIM@Z 000000014003cbb8     shadertoy.obj
 0002:0000dbfc       $chain$13$?RenderPlasmaMap$omp$1@@YAXPEAIM@Z 000000014003cbfc     shadertoy.obj
 0002:0000dc0c       $unwind$?RenderSinMap_2x2$omp$1@@YAXPEAIM@Z 000000014003cc0c     shadertoy.obj
 0002:0000dc20       $chain$12$?RenderSinMap_2x2$omp$1@@YAXPEAIM@Z 000000014003cc20     shadertoy.obj
 0002:0000dc64       $chain$13$?RenderSinMap_2x2$omp$1@@YAXPEAIM@Z 000000014003cc64     shadertoy.obj
 0002:0000dc74       $unwind$?RenderSpikeyMap_2x2_Close$omp$1@@YAXPEAIM@Z 000000014003cc74     shadertoy.obj
 0002:0000dc84       $chain$13$?RenderSpikeyMap_2x2_Close$omp$1@@YAXPEAIM@Z 000000014003cc84     shadertoy.obj
 0002:0000dccc       $chain$14$?RenderSpikeyMap_2x2_Close$omp$1@@YAXPEAIM@Z 000000014003cccc     shadertoy.obj
 0002:0000dcdc       $unwind$?RenderSpikeyMap_2x2_Distant$omp$1@@YAXPEAIM@Z 000000014003ccdc     shadertoy.obj
 0002:0000dcec       $chain$14$?RenderSpikeyMap_2x2_Distant$omp$1@@YAXPEAIM@Z 000000014003ccec     shadertoy.obj
 0002:0000dd38       $chain$15$?RenderSpikeyMap_2x2_Distant$omp$1@@YAXPEAIM@Z 000000014003cd38     shadertoy.obj
 0002:0000dd48       $unwind$?RenderSpikeyMap_2x2_Distant_SpecularOnly$omp$1@@YAXPEAIMM@Z 000000014003cd48     shadertoy.obj
 0002:0000dd58       $chain$13$?RenderSpikeyMap_2x2_Distant_SpecularOnly$omp$1@@YAXPEAIMM@Z 000000014003cd58     shadertoy.obj
 0002:0000dda0       $chain$14$?RenderSpikeyMap_2x2_Distant_SpecularOnly$omp$1@@YAXPEAIMM@Z 000000014003cda0     shadertoy.obj
 0002:0000ddb0       $unwind$?RenderTunnelMap_2x2$omp$1@@YAXPEAIM@Z 000000014003cdb0     shadertoy.obj
 0002:0000ddc4       $chain$12$?RenderTunnelMap_2x2$omp$1@@YAXPEAIM@Z 000000014003cdc4     shadertoy.obj
 0002:0000de08       $chain$13$?RenderTunnelMap_2x2$omp$1@@YAXPEAIM@Z 000000014003ce08     shadertoy.obj
 0002:0000de18       $unwind$?Polar_Blit$omp$1@@YAXPEBIPEAI_N@Z 000000014003ce18     polar.obj
 0002:0000de28       $chain$14$?Polar_Blit$omp$1@@YAXPEBIPEAI_N@Z 000000014003ce28     polar.obj
 0002:0000de74       $chain$15$?Polar_Blit$omp$1@@YAXPEBIPEAI_N@Z 000000014003ce74     polar.obj
 0002:0000de88       $xdatasym                  000000014003ce88     LIBCMT:svml_ssinf4_sse2.obj
 0002:0000dec0       $xdatasym                  000000014003cec0     LIBCMT:svml_ssinf4_sse4.obj
 0002:0000def8       $xdatasym                  000000014003cef8     LIBCMT:svml_dcos2_sse2.obj
 0002:0000df30       $xdatasym                  000000014003cf30     LIBCMT:svml_dcos2_sse4.obj
 0002:0000df68       $xdatasym                  000000014003cf68     LIBCMT:svml_s_sin_cout.obj
 0002:0000df70       $xdatasym                  000000014003cf70     LIBCMT:svml_d_cos_cout.obj
 0002:0000df78       $unwind$atan2f             000000014003cf78     libucrt:atan2f.obj
 0002:0000df98       $xdatasym                  000000014003cf98     libucrt:cos.obj
 0002:0000dfa0       $xdatasym                  000000014003cfa0     libucrt:cosf.obj
 0002:0000dfa8       $xdatasym                  000000014003cfa8     libucrt:expf.obj
 0002:0000dfb0       $unwind$fmodf              000000014003cfb0     libucrt:fmodf.obj
 0002:0000dfb8       $xdatasym                  000000014003cfb8     libucrt:powf.obj
 0002:0000dfc8       $xdatasym                  000000014003cfc8     libucrt:sinf.obj
 0002:0000dfd0       $xdatasym                  000000014003cfd0     libucrt:remainder_piby2_forasm.obj
 0002:0000dfe0       $xdatasym                  000000014003cfe0     libucrt:remainder_piby2_forfma3.obj
 0002:0000dfec       $unwind$_sincos_special    000000014003cfec     libucrt:sincos_special.obj
 0002:0000dfec       $unwind$_sincosf_special   000000014003cfec     libucrt:sincos_special.obj
 0002:0000dff8       $xdatasym                  000000014003cff8     libucrt:remainder_piby2f_forasm.obj
 0002:0000dffc       $unwind$_powf_special      000000014003cffc     libucrt:pow_special.obj
 0002:0000e010       $xdatasym                  000000014003d010     libucrt:remainder_piby2f_forc.obj
 0002:0000e7a6       .idata$6                   000000014003d7a6     ws2_32:WS2_32.dll
 0002:0000e7e0       .idata$6                   000000014003d7e0     kernel32:KERNEL32.dll
 0002:0000e812       .idata$6                   000000014003d812     user32:USER32.dll
 0002:0000e91e       .idata$6                   000000014003d91e     bass:BASS.dll
 0002:0000e9a0       .idata$6                   000000014003d9a0     DevIL:DevIL.dll
 0002:0000ec1c       .idata$6                   000000014003dc1c     SDL2:SDL2.dll
 0002:0000f2c0       .idata$6                   000000014003e2c0     VCOMP:VCOMP140.DLL
 0003:00000040       ?__vcrt_flsindex@@3KA      000000014003f040     libvcruntime:per_thread_data.obj
 0003:00000160       ?dazSupported@?1??common_control87@@9@9 000000014003f160     libucrt:ieee.obj
 0003:00000168       ?errno_no_memory@@3HA      000000014003f168     libucrt:errno.obj
 0003:0000016c       ?doserrno_no_memory@@3KA   000000014003f16c     libucrt:errno.obj
 0003:000001b8       ?__acrt_flsindex@@3KA      000000014003f1b8     libucrt:per_thread_data.obj
 0003:00000660       _mbctypes                  000000014003f660     libucrt:mbctype.obj
 0003:00000770       _mbcasemaps                000000014003f770     libucrt:mbctype.obj
 0003:00000870       ?__rgctypeflag@@3PADA      000000014003f870     libucrt:mbctype.obj
 0003:00000880       ?__rgcode_page_info@@3PAUcode_page_info@@A 000000014003f880     libucrt:mbctype.obj
 0003:00000a30       ?tzstd_program@@3PADA      000000014003fa30     libucrt:timeset.obj
 0003:00000a70       ?tzdst_program@@3PADA      000000014003fa70     libucrt:timeset.obj
 0003:00000ab0       ?w_tzstd_program@@3PA_WA   000000014003fab0     libucrt:timeset.obj
 0003:00000b30       ?w_tzdst_program@@3PA_WA   000000014003fb30     libucrt:timeset.obj
 0003:00000bb0       ?tzname_states@@3PAY01PEADA 000000014003fbb0     libucrt:timeset.obj
 0003:00000bc0       ?w_tzname_states@@3PAY01PEA_WA 000000014003fbc0     libucrt:timeset.obj
 0003:00000bd0       ?dststart@@3Utransitiondate@?A0x7639d0b4@@A 000000014003fbd0     libucrt:tzset.obj
 0003:00000be0       ?dstend@@3Utransitiondate@?A0x7639d0b4@@A 000000014003fbe0     libucrt:tzset.obj
 0003:00000bf0       ?__dcrt_lowio_console_output_handle@@3PEAXEA 000000014003fbf0     libucrt:initcon.obj
 0003:00000c00       ?dazSupported@?1??_ctrlfp@@9@9 000000014003fc00     libucrt:fpctrl.obj
 0003:00000c20       ?need_init@?1??server_connect@@9@9 000000014003fc20     device.obj
 0003:00000c24       ?s_mapTilt@@3HA            000000014003fc24     landscape.obj
 0003:00000c28       ?s_rocketCallbacks@@3Usync_cb@@A 000000014003fc28     rocket.obj
 0003:00000c40       ?s_lastErr@@3V?$basic_string@DU?$char_traits@D@std@@V?$allocator@D@2@@std@@A 000000014003fc40     main.obj
 0003:00000da0       ?is_initialized_as_dll@@3_NA 000000014003fda0     LIBCMT:utility.obj
 0003:00000da1       ?module_local_atexit_table_initialized@@3_NA 000000014003fda1     LIBCMT:utility.obj
 0003:00000da8       ?module_local_atexit_table@@3U_onexit_table_t@@A 000000014003fda8     LIBCMT:utility.obj
 0003:00000dc0       ?module_local_at_quick_exit_table@@3U_onexit_table_t@@A 000000014003fdc0     LIBCMT:utility.obj
 0003:00000e10       ?__vcrt_startup_thread_ptd@@3U__vcrt_ptd@@A 000000014003fe10     libvcruntime:per_thread_data.obj
 0003:00000e90       __vcrt_lock_table          000000014003fe90     libvcruntime:locks.obj
 0003:00000eb8       __vcrt_locks_initialized   000000014003feb8     libvcruntime:locks.obj
 0003:00000f00       ?heap@@3V_HeapManager@@A   000000014003ff00     libvcruntime:undname.obj
 0003:00000f28       ?module_handles@@3PAPEAUHINSTANCE__@@A 000000014003ff28     libvcruntime:winapi_downlevel.obj
 0003:00000f40       ?function_pointers@@3PAPEAXA 000000014003ff40     libvcruntime:winapi_downlevel.obj
 0003:00000f88       ?__acrt_invalid_parameter_handler@@3V?$dual_state_global@P6AXPEB_W00I_K@Z@__crt_state_management@@A 000000014003ff88     libucrt:invalid_parameter.obj
 0003:00000f90       ?__acrt_new_handler@@3V?$dual_state_global@P6AH_K@Z@__crt_state_management@@A 000000014003ff90     libucrt:new_handler.obj
 0003:00000f98       ?c_termination_complete@@3JA 000000014003ff98     libucrt:exit.obj
 0003:00000fa0       ?thread_local_exit_callback_func@@3P6AXPEAXK0@ZEA 000000014003ffa0     libucrt:exit.obj
 0003:00000fb0       ?program_name@?1???$common_configure_argv@D@@YAHW4_crt_argv_mode@@@Z@4PADA 000000014003ffb0     libucrt:argv_parsing.obj
 0003:00001108       ?__acrt_app_type@@3W4_crt_app_type@@A 0000000140040108     libucrt:report_runtime_error.obj
 0003:00001110       ?user_matherr@@3V?$dual_state_global@P6AHPEAU_exception@@@Z@__crt_state_management@@A 0000000140040110     libucrt:matherr.obj
 0003:00001118       ?empty_string@?1???$common_wincmdln@E@@YAPEAEXZ@4PAEA 0000000140040118     libucrt:argv_winmain.obj
 0003:00001120       ?__acrt_global_new_mode@@3V?$dual_state_global@J@__crt_state_management@@A 0000000140040120     libucrt:new_mode.obj
 0003:00001130       ?module_handles@@3PAPEAUHINSTANCE__@@A 0000000140040130     libucrt:winapi_thunks.obj
 0003:000011d0       ?encoded_function_pointers@@3PAPEAXA 00000001400401d0     libucrt:winapi_thunks.obj
 0003:000016e8       ?internal_state@?1??_mbtowc_l@@9@4U_Mbstatet@@A 00000001400406e8     libucrt:mbtowc.obj
 0003:000016f0       ?enable_percent_n@@3_KA    00000001400406f0     libucrt:printf_count_output.obj
 0003:00001710       ?__acrt_lock_table@@3PAU_RTL_CRITICAL_SECTION@@A 0000000140040710     libucrt:locks.obj
 0003:00001940       ?__acrt_locks_initialized@@3IA 0000000140040940     libucrt:locks.obj
 0003:00001960       ?fSystemSet@@3HA           0000000140040960     libucrt:mbctype.obj
 0003:00001964       ?initialized@?1??__acrt_initialize_multibyte@@9@4_NA 0000000140040964     libucrt:mbctype.obj
 0003:000019a0       ?ctrlc_action@@3V?$dual_state_global@P6AXH@Z@__crt_state_management@@A 00000001400409a0     libucrt:signal.obj
 0003:000019a8       ?ctrlbreak_action@@3V?$dual_state_global@P6AXH@Z@__crt_state_management@@A 00000001400409a8     libucrt:signal.obj
 0003:000019b0       ?abort_action@@3V?$dual_state_global@P6AXH@Z@__crt_state_management@@A 00000001400409b0     libucrt:signal.obj
 0003:000019b8       ?term_action@@3V?$dual_state_global@P6AXH@Z@__crt_state_management@@A 00000001400409b8     libucrt:signal.obj
 0003:000019e0       ?_tzname@@3V?$dual_state_global@PEAPEAD@__crt_state_management@@A 00000001400409e0     libucrt:timeset.obj
 0003:000019e8       ?w_tzname@@3V?$dual_state_global@PEAPEA_W@__crt_state_management@@A 00000001400409e8     libucrt:timeset.obj
 0003:000019f0       ?last_wide_tz@@3PEA_WEA    00000001400409f0     libucrt:tzset.obj
 0003:00001a00       ?tz_api_used@@3HA          0000000140040a00     libucrt:tzset.obj
 0003:00001a04       ?tzset_init_state@@3V?$dual_state_global@J@__crt_state_management@@A 0000000140040a04     libucrt:tzset.obj
 0003:00001a10       ?tz_info@@3U_TIME_ZONE_INFORMATION@@A 0000000140040a10     libucrt:tzset.obj
 0003:00001ac0       ?internal_pst@?1??__mbrtoc32_utf8@__crt_mbstring@@YA_KPEA_UPEBD_KPEAU_Mbstatet@@@Z@4U3@A 0000000140040ac0     libucrt:mbrtoc32.obj
 0003:00001ad0       GS_ExceptionRecord         0000000140040ad0     LIBCMT:gs_report.obj
 0003:00001b70       GS_ContextRecord           0000000140040b70     LIBCMT:gs_report.obj
 0003:0000b0e8       ?s_pGC@@3V?$vector@PEAXV?$allocator@PEAX@std@@@std@@A 000000014004a0e8     image.obj
 0003:0000b100       ?fNautilus_global@@3VVector3@@A 000000014004a100     shadertoy.obj
 0003:0000b110       ?fSpike_global@@3VVector4@@A 000000014004a110     shadertoy.obj
 0003:0000b120       ?chanScale@Shadertoy@@3T__m128@@B 000000014004a120     shadertoy.obj
 0003:0000b130       ?temp@?1??path_encode@@9@9 000000014004a130     device.obj
 0003:0000b234       ?s_hMusic@@3KA             000000014004a234     audio.obj
 0003:0000b238       ?s_bassInf@@3UBASS_INFO@@A 000000014004a238     audio.obj
 0003:0000b270       ?temp@?1??sync_track_path@@9@9 000000014004a270     device.obj
 0003:0000b378       ?s_pColorMap@@3PEAIEA      000000014004a378     ball.obj
 0003:0000b380       ?s_pEnvMap@@3PEAIEA        000000014004a380     ball.obj
 0003:0000b388       ?s_pHeightMap@@3PAPEAEA    000000014004a388     ball.obj
 0003:0000b3b0       ?s_heightProj@@3PAIA       000000014004a3b0     ball.obj
 0003:0000bbb0       ?s_heightMapMix@@3PEAEEA   000000014004abb0     ball.obj
 0003:0000bbb8       ?s_pBeamMap@@3PEAIEA       000000014004abb8     ball.obj
 0003:0000bbc0       ?s_fastCosTab@@3PANA       000000014004abc0     fast-cosine.obj
 0003:0000dbc8       ?s_genState@@3UTINYMT32_T@@A 000000014004cbc8     random.obj
 0003:0000dbe8       ?s_hRocket@@3PEAUsync_device@@EA 000000014004cbe8     rocket.obj
 0003:0000dbf0       ?s_pFDTunnelTex@@3PEAIEA   000000014004cbf0     shadertoy.obj
 0003:0000dbf8       ?s_pPad@@3PEAU_SDL_GameController@@EA 000000014004cbf8     gamepad.obj
 0003:0000dc00       ?s_pColorMap@@3PEAIEA      000000014004cc00     landscape.obj
 0003:0000dc08       ?s_pFogGradient@@3PEAIEA   000000014004cc08     landscape.obj
 0003:0000dc10       ?s_fogGradientUnp@@3PAT__m128i@@A 000000014004cc10     landscape.obj
 0003:0000ec10       ?s_pHUD@@3PEAIEA           000000014004dc10     landscape.obj
 0003:0000ec18       ?s_pHeightMap@@3PEAEEA     000000014004dc18     landscape.obj
 0003:0000ec20       ?s_pInvMap2x2@@3PEAHEA     000000014004dc20     polar.obj
 0003:0000ec28       ?s_pMap@@3PEAHEA           000000014004dc28     polar.obj
 0003:0000ec30       ?s_pInvMap@@3PEAHEA        000000014004dc30     polar.obj
 0003:0000ec38       ?s_pMap2x2@@3PEAHEA        000000014004dc38     polar.obj
 0003:0000ec40       ?s_tile@@3PAIA             000000014004dc40     tests.obj
 0003:0000ec50       ?s_pColorMap@@3PEAIEA      000000014004dc50     torus-twister.obj
 0003:0000ec58       ?s_pHeightMap@@3PEAEEA     000000014004dc58     torus-twister.obj
 0003:0000ec60       ?s_heightProj@@3PAIA       000000014004dc60     torus-twister.obj
 0003:0000f060       ?s_pBeamMap@@3PEAIEA       000000014004e060     torus-twister.obj
 0003:0000f068       ?s_pColorMap@@3PEAIEA      000000014004e068     tunnelscape.obj
 0003:0000f070       ?s_fogGradientUnp@@3PAT__m128i@@A 000000014004e070     tunnelscape.obj
 0003:00010070       ?s_pFogGradient@@3PEAIEA   000000014004f070     tunnelscape.obj
 0003:00010078       ?s_pHeightMap@@3PEAEEA     000000014004f078     tunnelscape.obj
 0003:00010080       ?numCalls@?9??Gamepad_Update@@YA_NAEAUPadState@@@Z@4HA 000000014004f080     gamepad.obj
 0003:00010084       ?strafeY@?1??vscape@@YAXPEAIMM@Z@4MA 000000014004f084     landscape.obj
 0003:00010088       ?tilt@?1??vscape@@YAXPEAIMM@Z@4MA 000000014004f088     landscape.obj
 0003:0001008c       ?moveX@?1??vscape@@YAXPEAIMM@Z@4MA 000000014004f08c     landscape.obj
 0003:00010090       ?strafeX@?1??vscape@@YAXPEAIMM@Z@4MA 000000014004f090     landscape.obj
 0003:00010094       ?viewAngle@?1??vscape@@YAXPEAIMM@Z@4MA 000000014004f094     landscape.obj
 0003:00010098       ?moveY@?1??vscape@@YAXPEAIMM@Z@4MA 000000014004f098     landscape.obj
 0003:000100a0       ?edgeDivs@?1??HorizontalBoxBlur32@@YAXPEAIPEBIIIM@Z@4PAT__m128i@@A 000000014004f0a0     boxblur.obj
 0005:00000000       MsetTab                    0000000140059000     libvcruntime:memset.obj
 0005:00000050       MoveSmall                  0000000140059050     libvcruntime:memcpy.obj
 0005:00000090       MoveSmallYmm               0000000140059090     libvcruntime:memcpy.obj
 0005:000000b4       MoveSmallYmmNT             00000001400590b4     libvcruntime:memcpy.obj
 0005:000000d8       MoveSmallXmm               00000001400590d8     libvcruntime:memcpy.obj
 0005:00000100       _2il0floatpacket$19        0000000140059100     LIBCMT:svml_ssinf4_sse2.obj
 0005:00000200       _2il0floatpacket$26        0000000140059200     LIBCMT:svml_dcos2_sse2.obj
 0005:00000210       _2il0floatpacket$27        0000000140059210     LIBCMT:svml_dcos2_sse2.obj
 0005:00000220       _2il0floatpacket$28        0000000140059220     LIBCMT:svml_dcos2_sse2.obj
 0005:00000230       _2il0floatpacket$29        0000000140059230     LIBCMT:svml_dcos2_sse2.obj
 0005:00000240       _2il0floatpacket$30        0000000140059240     LIBCMT:svml_dcos2_sse2.obj
 0005:00000250       _2il0floatpacket$31        0000000140059250     LIBCMT:svml_dcos2_sse2.obj
 0005:00000260       _2il0floatpacket$32        0000000140059260     LIBCMT:svml_dcos2_sse2.obj
 0005:00000270       _2il0floatpacket$33        0000000140059270     LIBCMT:svml_dcos2_sse2.obj
 0005:00000280       _2il0floatpacket$34        0000000140059280     LIBCMT:svml_dcos2_sse2.obj
 0005:00000290       _2il0floatpacket$35        0000000140059290     LIBCMT:svml_dcos2_sse2.obj
 0005:000002a0       _2il0floatpacket$36        00000001400592a0     LIBCMT:svml_dcos2_sse2.obj
 0005:000002b0       _2il0floatpacket$37        00000001400592b0     LIBCMT:svml_dcos2_sse2.obj
 0005:000002c0       _2il0floatpacket$38        00000001400592c0     LIBCMT:svml_dcos2_sse2.obj
 0005:000002d0       _2il0floatpacket$39        00000001400592d0     LIBCMT:svml_dcos2_sse2.obj
 0005:000002e0       _2il0floatpacket$40        00000001400592e0     LIBCMT:svml_dcos2_sse2.obj
 0005:000002f0       _2il0floatpacket$41        00000001400592f0     LIBCMT:svml_dcos2_sse2.obj
 0005:00000300       _2il0floatpacket$42        0000000140059300     LIBCMT:svml_dcos2_sse2.obj
 0005:00000310       _2il0floatpacket$43        0000000140059310     LIBCMT:svml_dcos2_sse2.obj
 0005:00000400       _2il0floatpacket$26        0000000140059400     LIBCMT:svml_dcos2_sse4.obj
 0005:00000410       _2il0floatpacket$27        0000000140059410     LIBCMT:svml_dcos2_sse4.obj
 0005:00000420       _2il0floatpacket$28        0000000140059420     LIBCMT:svml_dcos2_sse4.obj
 0005:00000430       _2il0floatpacket$29        0000000140059430     LIBCMT:svml_dcos2_sse4.obj
 0005:00000440       _2il0floatpacket$30        0000000140059440     LIBCMT:svml_dcos2_sse4.obj
 0005:00000450       _2il0floatpacket$31        0000000140059450     LIBCMT:svml_dcos2_sse4.obj
 0005:00000460       _2il0floatpacket$32        0000000140059460     LIBCMT:svml_dcos2_sse4.obj
 0005:00000470       _2il0floatpacket$33        0000000140059470     LIBCMT:svml_dcos2_sse4.obj
 0005:00000480       _2il0floatpacket$34        0000000140059480     LIBCMT:svml_dcos2_sse4.obj
 0005:00000490       _2il0floatpacket$35        0000000140059490     LIBCMT:svml_dcos2_sse4.obj
 0005:000004a0       _2il0floatpacket$36        00000001400594a0     LIBCMT:svml_dcos2_sse4.obj
 0005:000004b0       _2il0floatpacket$37        00000001400594b0     LIBCMT:svml_dcos2_sse4.obj
 0005:000004c0       _2il0floatpacket$38        00000001400594c0     LIBCMT:svml_dcos2_sse4.obj
 0005:000004d0       _2il0floatpacket$39        00000001400594d0     LIBCMT:svml_dcos2_sse4.obj
 0005:000004e0       _2il0floatpacket$40        00000001400594e0     LIBCMT:svml_dcos2_sse4.obj
 0005:000004f0       _2il0floatpacket$41        00000001400594f0     LIBCMT:svml_dcos2_sse4.obj
 0005:00000500       _2il0floatpacket$42        0000000140059500     LIBCMT:svml_dcos2_sse4.obj
 0005:00000510       _2il0floatpacket$43        0000000140059510     LIBCMT:svml_dcos2_sse4.obj
 0005:00002700       _vmlsSinHATab              000000014005b700     LIBCMT:svml_s_sin_cout.obj
 0005:00013500       _vmldCosHATab              000000014006c500     LIBCMT:svml_d_cos_cout.obj
 0006:00000060       $R000000                   000000014006d060     * linker generated manifest res *
