 VS17

 Timestamp is 641ce113 (Fri Mar 24 00:30:27 2023)

 Preferred load address is 0000000140000000

 Start         Length     Name                   Class
 0001:00000000 00000020H .text$di                CODE
 0001:00000020 00037820H .text$mn                CODE
 0001:00037840 00000040H .text$mn$00             CODE
 0001:00037880 000006d0H .text$x                 CODE
 0001:00037f50 000000d9H .text$yd                CODE
 0002:00000000 00000538H .idata$5                DATA
 0002:00000538 00000028H .00cfg                  DATA
 0002:00000560 00000008H .CRT$XCA                DATA
 0002:00000568 00000008H .CRT$XCAA               DATA
 0002:00000570 00000010H .CRT$XCU                DATA
 0002:00000580 00000008H .CRT$XCZ                DATA
 0002:00000588 00000008H .CRT$XIA                DATA
 0002:00000590 00000008H .CRT$XIAA               DATA
 0002:00000598 00000008H .CRT$XIAC               DATA
 0002:000005a0 00000028H .CRT$XIC                DATA
 0002:000005c8 00000008H .CRT$XIZ                DATA
 0002:000005d0 00000008H .CRT$XPA                DATA
 0002:000005d8 00000010H .CRT$XPX                DATA
 0002:000005e8 00000008H .CRT$XPXA               DATA
 0002:000005f0 00000008H .CRT$XPZ                DATA
 0002:000005f8 00000008H .CRT$XTA                DATA
 0002:00000600 00000010H .CRT$XTZ                DATA
 0002:00000608 00000000H .gehcont$y              DATA
 0002:00000608 00000000H .gfids$y                DATA
 0002:00000610 0000cff0H .rdata                  DATA
 0002:0000d600 00000000H .rdata$CastGuardVftablesA DATA
 0002:0000d600 00000000H .rdata$CastGuardVftablesC DATA
 0002:0000d600 000006fcH .rdata$r                DATA
 0002:0000dcfc 000002ccH .rdata$voltmd           DATA
 0002:0000dfc8 000003b0H .rdata$zzzdbg           DATA
 0002:0000e378 00000008H .rtc$IAA                DATA
 0002:0000e380 00000008H .rtc$IZZ                DATA
 0002:0000e388 00000008H .rtc$TAA                DATA
 0002:0000e390 00000008H .rtc$TZZ                DATA
 0002:0000e398 00002da0H .xdata                  DATA
 0002:00011138 00000314H .xdata$x                DATA
 0002:0001144c 00000000H .edata                  DATA
 0002:0001144c 0000008cH .idata$2                DATA
 0002:000114d8 00000018H .idata$3                DATA
 0002:000114f0 00000538H .idata$4                DATA
 0002:00011a28 00000bd2H .idata$6                DATA
 0003:00000000 00000ca0H .data                   DATA
 0003:00000ca0 000001a8H .data$r                 DATA
 0003:00000e48 000000c8H .data$rs                DATA
 0003:00000f10 0000fbb0H .bss                    DATA
 0004:00000000 000027fcH .pdata                  DATA
 0005:00000000 00013510H _RDATA                  DATA
 0006:00000000 00000060H .rsrc$01                DATA
 0006:00000060 00000180H .rsrc$02                DATA

  Address         Publics by Value              Rva+Base               Lib:Object

 0000:00000000       __x64_code_ranges_to_entry_points_count 0000000000000000     <absolute>
 0000:00000000       __guard_longjmp_table      0000000000000000     <absolute>
 0000:00000000       __x64_code_ranges_to_entry_points 0000000000000000     <absolute>
 0000:00000000       __guard_iat_table          0000000000000000     <absolute>
 0000:00000000       __guard_fids_count         0000000000000000     <absolute>
 0000:00000000       __guard_iat_count          0000000000000000     <absolute>
 0000:00000000       __guard_longjmp_count      0000000000000000     <absolute>
 0000:00000000       __arm64x_extra_rfe_table   0000000000000000     <absolute>
 0000:00000000       __dynamic_value_reloc_table 0000000000000000     <absolute>
 0000:00000000       __hybrid_auxiliary_iat     0000000000000000     <absolute>
 0000:00000000       __hybrid_auxiliary_iat_copy 0000000000000000     <absolute>
 0000:00000000       __hybrid_code_map          0000000000000000     <absolute>
 0000:00000000       __arm64x_extra_rfe_table_size 0000000000000000     <absolute>
 0000:00000000       __arm64x_redirection_metadata 0000000000000000     <absolute>
 0000:00000000       __AbsoluteZero             0000000000000000     <absolute>
 0000:00000000       __guard_check_icall_a64n_fptr 0000000000000000     <absolute>
 0000:00000000       __guard_fids_table         0000000000000000     <absolute>
 0000:00000000       __guard_eh_cont_count      0000000000000000     <absolute>
 0000:00000000       __arm64x_redirection_metadata_count 0000000000000000     <absolute>
 0000:00000000       __enclave_config           0000000000000000     <absolute>
 0000:00000000       __guard_eh_cont_table      0000000000000000     <absolute>
 0000:00000000       __arm64x_native_entrypoint 0000000000000000     <absolute>
 0000:00000000       __hybrid_code_map_count    0000000000000000     <absolute>
 0000:00000100       __guard_flags              0000000000000100     <absolute>
 0000:00000000       __ImageBase                0000000140000000     <linker-defined>
 0001:00000020       __local_stdio_printf_options 0000000140001020 f i device.obj
 0001:00000030       fprintf                    0000000140001030 f i device.obj
 0001:00000080       snprintf                   0000000140001080 f i device.obj
 0001:000002d0       sync_save_tracks           00000001400012d0 f   device.obj
 0001:00000890       sync_tcp_connect           0000000140001890 f   device.obj
 0001:00000ad0       sync_update                0000000140001ad0 f   device.obj
 0001:00000d40       sync_get_track             0000000140001d40 f   device.obj
 0001:00000f40       sync_get_val               0000000140001f40 f   track.obj
 0001:00001140       ??0Vector3@@QEAA@MMM@Z     0000000140002140 f i Matrix44.obj
 0001:00001160       ??GVector3@@QEBA?BV0@AEBV0@@Z 0000000140002160 f i Matrix44.obj
 0001:000011a0       ??DVector3@@QEBA?BMAEBV0@@Z 00000001400021a0 f i Matrix44.obj
 0001:000011d0       ??DVector3@@QEBA?BV0@M@Z   00000001400021d0 f i Matrix44.obj
 0001:00001200       ??XVector3@@QEAAAEAV0@M@Z  0000000140002200 f i Matrix44.obj
 0001:00001230       ?Normalized@Vector3@@QEBA?BV1@XZ 0000000140002230 f i Matrix44.obj
 0001:000012a0       ??0Vector4@@QEAA@MMMM@Z    00000001400022a0 f i Matrix44.obj
 0001:000012c0       ??0exception@std@@QEAA@AEBV01@@Z 00000001400022c0 f i audio.obj
 0001:00001300       ?what@exception@std@@UEBAPEBDXZ 0000000140002300 f i audio.obj
 0001:00001320       ??_Gbad_array_new_length@std@@UEAAPEAXI@Z 0000000140002320 f i audio.obj
 0001:00001320       ??_Glogic_error@std@@UEAAPEAXI@Z 0000000140002320 f i libcpmt:xthrow.obj
 0001:00001320       ??_Eruntime_error@std@@UEAAPEAXI@Z 0000000140002320 f i * CIL library *:* CIL module *
 0001:00001320       ??_Gexception@std@@UEAAPEAXI@Z 0000000140002320 f i audio.obj
 0001:00001320       ??_Ebad_array_new_length@std@@UEAAPEAXI@Z 0000000140002320 f i * CIL library *:* CIL module *
 0001:00001320       ??_Ebad_exception@std@@UEAAPEAXI@Z 0000000140002320 f i libvcruntime:frame.obj
 0001:00001320       ??_Glength_error@std@@UEAAPEAXI@Z 0000000140002320 f i libcpmt:xthrow.obj
 0001:00001320       ??_Ebad_alloc@std@@UEAAPEAXI@Z 0000000140002320 f i * CIL library *:* CIL module *
 0001:00001320       ??_Elength_error@std@@UEAAPEAXI@Z 0000000140002320 f i libcpmt:xthrow.obj
 0001:00001320       ??_Gruntime_error@std@@UEAAPEAXI@Z 0000000140002320 f i main.obj
 0001:00001320       ??_Elogic_error@std@@UEAAPEAXI@Z 0000000140002320 f i libcpmt:xthrow.obj
 0001:00001320       ??_Gbad_alloc@std@@UEAAPEAXI@Z 0000000140002320 f i audio.obj
 0001:00001320       ??_Eexception@std@@UEAAPEAXI@Z 0000000140002320 f i * CIL library *:* CIL module *
 0001:00001320       ??_Gbad_exception@std@@UEAAPEAXI@Z 0000000140002320 f i libvcruntime:frame.obj
 0001:00001370       ??1bad_exception@std@@UEAA@XZ 0000000140002370 f i libvcruntime:frame.obj
 0001:00001370       ??1bad_alloc@std@@UEAA@XZ  0000000140002370 f i audio.obj
 0001:00001370       ??1length_error@std@@UEAA@XZ 0000000140002370 f i libcpmt:xthrow.obj
 0001:00001370       ??1system_error@std@@UEAA@XZ 0000000140002370 f i main.obj
 0001:00001370       ??1bad_array_new_length@std@@UEAA@XZ 0000000140002370 f i audio.obj
 0001:00001390       ??0bad_array_new_length@std@@QEAA@XZ 0000000140002390 f i audio.obj
 0001:000013c0       ?_Throw_bad_array_new_length@std@@YAXXZ 00000001400023c0 f i audio.obj
 0001:000013c0       ?__scrt_throw_std_bad_array_new_length@@YAXXZ 00000001400023c0 f i LIBCMT:throw_bad_alloc.obj
 0001:000013e0       ??0bad_array_new_length@std@@QEAA@AEBV01@@Z 00000001400023e0 f i audio.obj
 0001:00001420       ??0bad_alloc@std@@QEAA@AEBV01@@Z 0000000140002420 f i audio.obj
 0001:00001460       ?_Xlen_string@std@@YAXXZ   0000000140002460 f i audio.obj
 0001:00001480       ?Audio_Create@@YA_NIAEBV?$basic_string@DU?$char_traits@D@std@@V?$allocator@D@2@@std@@PEAUHWND__@@_N@Z 0000000140002480 f   audio.obj
 0001:000017d0       ?Audio_Rocket_Pause@@YAXPEAXH@Z 00000001400027d0 f   audio.obj
 0001:000017f0       ?Audio_Rocket_SetRow@@YAXPEAXH@Z 00000001400027f0 f   audio.obj
 0001:00001830       ?Audio_Rocket_IsPlaying@@YAHPEAX@Z 0000000140002830 f   audio.obj
 0001:00001840       ??1?$basic_string@DU?$char_traits@D@std@@V?$allocator@D@2@@std@@QEAA@XZ 0000000140002840 f i audio.obj
 0001:000018a0       ??0?$basic_string@DU?$char_traits@D@std@@V?$allocator@D@2@@std@@QEAA@QEBD@Z 00000001400028a0 f i audio.obj
 0001:000018e0       ?assign@?$basic_string@DU?$char_traits@D@std@@V?$allocator@D@2@@std@@QEAAAEAV12@QEBD@Z 00000001400028e0 f i audio.obj
 0001:00001900       ?assign@?$basic_string@DU?$char_traits@D@std@@V?$allocator@D@2@@std@@QEAAAEAV12@QEBD_K@Z 0000000140002900 f i audio.obj
 0001:00002960       ?Ball_Create@@YA_NXZ       0000000140003960 f   ball.obj
 0001:00003060       ?Ball_Draw@@YAXPEAIMM@Z    0000000140004060 f   ball.obj
 0001:000033d0       ?HorizontalBoxBlur32@@YAXPEAIPEBIIIM@Z 00000001400043d0 f   boxblur.obj
 0001:00003560       ?VerticalBoxBlur32@@YAXPEAIPEBIIIM@Z 0000000140004560 f   boxblur.obj
 0001:000036e0       ?Fx_Blit_2x2@@YAXPEAI0@Z   00000001400046e0 f   fx-blitter.obj
 0001:00003750       tinymt32_init              0000000140004750 f   random.obj
 0001:00003a30       ?Shadertoy_Create@@YA_NXZ  0000000140004a30 f   shadertoy.obj
 0001:00004ec0       ?RenderLaura_2x2@@YAXPEAIM@Z 0000000140005ec0 f   shadertoy.obj
 0001:000050b0       ?Demo_Create@@YA_NXZ       00000001400060b0 f   demo.obj
 0001:000067e0       ?Demo_Draw@@YA_NPEAIMM@Z   00000001400077e0 f   demo.obj
 0001:00007ba0       ?Open@Display@@QEAA_NAEBV?$basic_string@DU?$char_traits@D@std@@V?$allocator@D@2@@std@@II_N@Z 0000000140008ba0 f   display.obj
 0001:00007e90       ?Gamepad_Update@@YA_NAEAUPadState@@@Z 0000000140008e90 f   gamepad.obj
 0001:000083a0       ?Image_Load32@@YAPEAIAEBV?$basic_string@DU?$char_traits@D@std@@V?$allocator@D@2@@std@@@Z 00000001400093a0 f   image.obj
 0001:000083b0       ?deallocate@?$allocator@PEAX@std@@QEAAXQEAPEAX_K@Z 00000001400093b0 f i image.obj
 0001:00008400       ??$_Emplace_reallocate@AEBQEAX@?$vector@PEAXV?$allocator@PEAX@std@@@std@@QEAAPEAPEAXQEAPEAXAEBQEAX@Z 0000000140009400 f i image.obj
 0001:000085f0       ?_Xlength@?$vector@PEAXV?$allocator@PEAX@std@@@std@@CAXXZ 00000001400095f0 f i image.obj
 0001:00008be0       ?Landscape_Create@@YA_NXZ  0000000140009be0 f   landscape.obj
 0001:00008e40       ??0runtime_error@std@@QEAA@AEBV01@@Z 0000000140009e40 f i main.obj
 0001:00008e80       ?default_error_condition@error_category@std@@UEBA?AVerror_condition@2@H@Z 0000000140009e80 f i main.obj
 0001:00008e90       ?equivalent@error_category@std@@UEBA_NHAEBVerror_condition@2@@Z 0000000140009e90 f i main.obj
 0001:00008ed0       ?equivalent@error_category@std@@UEBA_NAEBVerror_code@2@H@Z 0000000140009ed0 f i main.obj
 0001:00008ef0       ?make_error_code@std@@YA?AVerror_code@1@W4errc@1@@Z 0000000140009ef0 f i main.obj
 0001:00008f10       ??0_System_error@std@@IEAA@Verror_code@1@AEBV?$basic_string@DU?$char_traits@D@std@@V?$allocator@D@2@@1@@Z 0000000140009f10 f i main.obj
 0001:000090b0       ??_Esystem_error@std@@UEAAPEAXI@Z 000000014000a0b0 f i * CIL library *:* CIL module *
 0001:000090b0       ??_Gsystem_error@std@@UEAAPEAXI@Z 000000014000a0b0 f i main.obj
 0001:000090b0       ??_E_System_error@std@@UEAAPEAXI@Z 000000014000a0b0 f i * CIL library *:* CIL module *
 0001:000090b0       ??_G_System_error@std@@UEAAPEAXI@Z 000000014000a0b0 f i main.obj
 0001:00009100       ??0system_error@std@@QEAA@Verror_code@1@@Z 000000014000a100 f i main.obj
 0001:000091b0       ?_Throw_system_error@std@@YAXW4errc@1@@Z 000000014000a1b0 f i main.obj
 0001:000091f0       ??0system_error@std@@QEAA@AEBV01@@Z 000000014000a1f0 f i main.obj
 0001:00009250       ??0_System_error@std@@QEAA@AEBV01@@Z 000000014000a250 f i main.obj
 0001:000092a0       ?name@_Generic_error_category@std@@UEBAPEBDXZ 000000014000a2a0 f i main.obj
 0001:000092b0       ?message@_Generic_error_category@std@@UEBA?AV?$basic_string@DU?$char_traits@D@std@@V?$allocator@D@2@@2@H@Z 000000014000a2b0 f i main.obj
 0001:00009300       ??_E_System_error_category@std@@UEAAPEAXI@Z 000000014000a300 f i * CIL library *:* CIL module *
 0001:00009300       ??_G_System_error_category@std@@UEAAPEAXI@Z 000000014000a300 f i main.obj
 0001:00009300       ??_E_Generic_error_category@std@@UEAAPEAXI@Z 000000014000a300 f i * CIL library *:* CIL module *
 0001:00009300       ??_G_Generic_error_category@std@@UEAAPEAXI@Z 000000014000a300 f i main.obj
 0001:00009330       ?name@_System_error_category@std@@UEBAPEBDXZ 000000014000a330 f i main.obj
 0001:00009340       ?message@_System_error_category@std@@UEBA?AV?$basic_string@DU?$char_traits@D@std@@V?$allocator@D@2@@2@H@Z 000000014000a340 f i main.obj
 0001:000093b0       ?default_error_condition@_System_error_category@std@@UEBA?AVerror_condition@2@H@Z 000000014000a3b0 f i main.obj
 0001:00009410       ?_Make_ec@filesystem@std@@YA?AVerror_code@2@W4__std_win_error@@@Z 000000014000a410 f i main.obj
 0001:00009430       ?_Throw_system_error_from_std_win_error@filesystem@std@@YAXW4__std_win_error@@@Z 000000014000a430 f i main.obj
 0001:00009470       ??0path@filesystem@std@@QEAA@AEBV012@@Z 000000014000a470 f i main.obj
 0001:00009570       ??0filesystem_error@filesystem@std@@QEAA@AEBV?$basic_string@DU?$char_traits@D@std@@V?$allocator@D@2@@2@AEBVpath@12@Verror_code@2@@Z 000000014000a570 f i main.obj
 0001:00009690       ?what@filesystem_error@filesystem@std@@UEBAPEBDXZ 000000014000a690 f i main.obj
 0001:000096a0       ?_Pretty_message@filesystem_error@filesystem@std@@CA?AV?$basic_string@DU?$char_traits@D@std@@V?$allocator@D@2@@3@V?$basic_string_view@DU?$char_traits@D@std@@@3@AEBVpath@23@1@Z 000000014000a6a0 f i main.obj
 0001:000098d0       ??_Efilesystem_error@filesystem@std@@UEAAPEAXI@Z 000000014000a8d0 f i * CIL library *:* CIL module *
 0001:000098d0       ??_Gfilesystem_error@filesystem@std@@UEAAPEAXI@Z 000000014000a8d0 f i main.obj
 0001:00009a20       ??1filesystem_error@filesystem@std@@UEAA@XZ 000000014000aa20 f i main.obj
 0001:00009b40       ??0filesystem_error@filesystem@std@@QEAA@AEBV012@@Z 000000014000ab40 f i main.obj
 0001:00009bc0       ?_Throw_fs_error@filesystem@std@@YAXPEBDW4__std_win_error@@AEBVpath@12@@Z 000000014000abc0 f i main.obj
 0001:00009c30       WinMain                    000000014000ac30 f   main.obj
 0001:0000a610       ??0?$basic_string@DU?$char_traits@D@std@@V?$allocator@D@2@@std@@QEAA@AEBV01@@Z 000000014000b610 f i main.obj
 0001:0000a6f0       ?append@?$basic_string@DU?$char_traits@D@std@@V?$allocator@D@2@@std@@QEAAAEAV12@QEBD_K@Z 000000014000b6f0 f i main.obj
 0001:0000a770       ??$_Convert_wide_to_narrow_replace_chars@U?$char_traits@D@std@@V?$allocator@D@2@@filesystem@std@@YA?AV?$basic_string@DU?$char_traits@D@std@@V?$allocator@D@2@@1@W4__std_code_page@@V?$basic_string_view@_WU?$char_traits@_W@std@@@1@AEBV?$allocator@D@1@@Z 000000014000b770 f i main.obj
 0001:0000a8c0       ??$_Reallocate_grow_by@V<lambda_1>@?1??reserve@?$basic_string@DU?$char_traits@D@std@@V?$allocator@D@2@@std@@QEAAX_K@Z@$$V@?$basic_string@DU?$char_traits@D@std@@V?$allocator@D@2@@std@@AEAAAEAV01@_KV<lambda_1>@?1??reserve@01@QEAAX0@Z@@Z 000000014000b8c0 f i main.obj
 0001:0000aa10       ??$_Reallocate_grow_by@V<lambda_1>@?1??append@?$basic_string@_WU?$char_traits@_W@std@@V?$allocator@_W@2@@std@@QEAAAEAV34@_K_W@Z@_K_W@?$basic_string@_WU?$char_traits@_W@std@@V?$allocator@_W@2@@std@@AEAAAEAV01@_KV<lambda_1>@?1??append@01@QEAAAEAV01@0_W@Z@_K_W@Z 000000014000ba10 f i main.obj
 0001:0000abc0       ??$_Reallocate_grow_by@V<lambda_1>@?1??push_back@?$basic_string@DU?$char_traits@D@std@@V?$allocator@D@2@@std@@QEAAXD@Z@D@?$basic_string@DU?$char_traits@D@std@@V?$allocator@D@2@@std@@AEAAAEAV01@_KV<lambda_1>@?1??push_back@01@QEAAXD@Z@D@Z 000000014000bbc0 f i main.obj
 0001:0000ad30       ??$_Reallocate_grow_by@V<lambda_1>@?1??append@?$basic_string@DU?$char_traits@D@std@@V?$allocator@D@2@@std@@QEAAAEAV34@QEBD_K@Z@PEBD_K@?$basic_string@DU?$char_traits@D@std@@V?$allocator@D@2@@std@@AEAAAEAV01@_KV<lambda_1>@?1??append@01@QEAAAEAV01@QEBD0@Z@PEBD_K@Z 000000014000bd30 f i main.obj
 0001:0000aeb0       ??$_Reallocate_grow_by@V<lambda_1>@?1??append@?$basic_string@DU?$char_traits@D@std@@V?$allocator@D@2@@std@@QEAAAEAV34@_KD@Z@_KD@?$basic_string@DU?$char_traits@D@std@@V?$allocator@D@2@@std@@AEAAAEAV01@_KV<lambda_1>@?1??append@01@QEAAAEAV01@0D@Z@_KD@Z 000000014000beb0 f i main.obj
 0001:0000b2e0       ?Polar_Blit@@YAXPEAIPEBI_N@Z 000000014000c2e0 f   polar.obj
 0001:0000b320       ?Polar_BlitA@@YAXPEAIPEBI_N@Z 000000014000c320 f   polar.obj
 0001:0000b350       ?Shared_Create@@YA_NXZ     000000014000c350 f   shared-resources.obj
 0001:0000b900       ?Twister_Create@@YA_NXZ    000000014000c900 f   torus-twister.obj
 0001:0000c020       ?Tunnelscape_Create@@YA_NXZ 000000014000d020 f   tunnelscape.obj
 0001:0000c280       ?Mix32@@YAXPEAIPEBIIE@Z    000000014000d280 f   util.obj
 0001:0000c2f0       ?Add32@@YAXPEAIPEBII@Z     000000014000d2f0 f   util.obj
 0001:0000c340       ?MixOver32@@YAXPEAIPEBII@Z 000000014000d340 f   util.obj
 0001:0000c380       ?Sub32@@YAXPEAIPEBII@Z     000000014000d380 f   util.obj
 0001:0000c3d0       ?Excl32@@YAXPEAIPEBII@Z    000000014000d3d0 f   util.obj
 0001:0000c410       ?SoftLight32@@YAXPEAIPEBII@Z 000000014000d410 f   util.obj
 0001:0000c450       ?SoftLight32A@@YAXPEAIPEBII@Z 000000014000d450 f   util.obj
 0001:0000c490       ?Overlay32@@YAXPEAIPEBII@Z 000000014000d490 f   util.obj
 0001:0000c4d0       ?Overlay32A@@YAXPEAIPEBII@Z 000000014000d4d0 f   util.obj
 0001:0000c510       ?Darken32_50@@YAXPEAIPEBII@Z 000000014000d510 f   util.obj
 0001:0000c550       ?TapeWarp32@@YAXPEAIPEBIIIMM@Z 000000014000d550 f   util.obj
 0001:0000c5b0       ?MulSrc32@@YAXPEAIPEBII@Z  000000014000d5b0 f   util.obj
 0001:0000c600       ?MulSrc32A@@YAXPEAIPEBII@Z 000000014000d600 f   util.obj
 0001:0000c650       ?MixSrc32@@YAXPEAIPEBII@Z  000000014000d650 f   util.obj
 0001:0000c6a0       ?BlitSrc32@@YAXPEAIPEBIIII@Z 000000014000d6a0 f   util.obj
 0001:0000c720       ?BlitSrc32A@@YAXPEAIPEBIIIIM@Z 000000014000d720 f   util.obj
 0001:0000c7c0       ?BlitAdd32A@@YAXPEAIPEBIIIIM@Z 000000014000d7c0 f   util.obj
 0001:0000c850       ?Fade32@@YAXPEAIIIE@Z      000000014000d850 f   util.obj
 0001:0000c8d0       ??2@YAPEAX_K@Z             000000014000d8d0 f   LIBCMT:new_scalar.obj
 0001:0000c90c       ??3@YAXPEAX@Z              000000014000d90c f   LIBCMT:delete_scalar.obj
 0001:0000c914       ??3@YAXPEAX_K@Z            000000014000d914 f   LIBCMT:delete_scalar_size.obj
 0001:0000c91c       ??_Etype_info@@UEAAPEAXI@Z 000000014000d91c f i LIBCMT:std_type_info_static.obj
 0001:0000c91c       ??_Gtype_info@@UEAAPEAXI@Z 000000014000d91c f i LIBCMT:std_type_info_static.obj
 0001:0000c948       __scrt_acquire_startup_lock 000000014000d948 f   LIBCMT:utility.obj
 0001:0000c984       __scrt_initialize_crt      000000014000d984 f   LIBCMT:utility.obj
 0001:0000c9d0       __scrt_initialize_onexit_tables 000000014000d9d0 f   LIBCMT:utility.obj
 0001:0000ca5c       __scrt_is_nonwritable_in_current_image 000000014000da5c f   LIBCMT:utility.obj
 0001:0000caf4       __scrt_release_startup_lock 000000014000daf4 f   LIBCMT:utility.obj
 0001:0000cb18       __scrt_uninitialize_crt    000000014000db18 f   LIBCMT:utility.obj
 0001:0000cb44       _onexit                    000000014000db44 f   LIBCMT:utility.obj
 0001:0000cb80       atexit                     000000014000db80 f   LIBCMT:utility.obj
 0001:0000cdf0       WinMainCRTStartup          000000014000ddf0 f   LIBCMT:exe_winmain.obj
 0001:0000ce04       ??0bad_alloc@std@@QEAA@XZ  000000014000de04 f i LIBCMT:throw_bad_alloc.obj
 0001:0000ce24       ?__scrt_throw_std_bad_alloc@@YAXXZ 000000014000de24 f   LIBCMT:throw_bad_alloc.obj
 0001:0000ce44       __isa_available_init       000000014000de44 f   LIBCMT:cpu_disp.obj
 0001:0000cfe8       _get_startup_argv_mode     000000014000dfe8 f   LIBCMT:argv_mode.obj
 0001:0000cff0       __scrt_is_ucrt_dll_in_use  000000014000dff0 f   LIBCMT:ucrt_detection.obj
 0001:0000cffc       __crt_debugger_hook        000000014000dffc f   LIBCMT:utility_desktop.obj
 0001:0000d004       __scrt_fastfail            000000014000e004 f   LIBCMT:utility_desktop.obj
 0001:0000d150       __scrt_get_show_window_mode 000000014000e150 f   LIBCMT:utility_desktop.obj
 0001:0000d18c       __scrt_initialize_mta      000000014000e18c f   LIBCMT:utility_desktop.obj
 0001:0000d194       _get_startup_thread_locale_mode 000000014000e194 f   LIBCMT:thread_locale.obj
 0001:0000d194       _get_startup_new_mode      000000014000e194 f   LIBCMT:new_mode.obj
 0001:0000d194       __scrt_initialize_winrt    000000014000e194 f   LIBCMT:utility_desktop.obj
 0001:0000d194       _get_startup_commit_mode   000000014000e194 f   LIBCMT:commit_mode.obj
 0001:0000d194       __scrt_stub_for_initialize_mta 000000014000e194 f   LIBCMT:utility_desktop.obj
 0001:0000d194       _matherr                   000000014000e194 f   LIBCMT:matherr.obj
 0001:0000d194       __scrt_exe_initialize_mta  000000014000e194 f   LIBCMT:utility_desktop.obj
 0001:0000d198       __scrt_is_managed_app      000000014000e198 f   LIBCMT:utility_desktop.obj
 0001:0000d1ec       __scrt_set_unhandled_exception_filter 000000014000e1ec f   LIBCMT:utility_desktop.obj
 0001:0000d1fc       __scrt_unhandled_exception_filter 000000014000e1fc f   LIBCMT:utility_desktop.obj
 0001:0000d258       _guard_check_icall_nop     000000014000e258 f i LIBCMT:guard_support.obj
 0001:0000d258       _initialize_denormal_control 000000014000e258 f i LIBCMT:denormal_control.obj
 0001:0000d258       _initialize_invalid_parameter_handler 000000014000e258 f i LIBCMT:invalid_parameter_handler.obj
 0001:0000d25c       __security_init_cookie     000000014000e25c f   LIBCMT:gs_support.obj
 0001:0000d308       _get_startup_file_mode     000000014000e308 f   LIBCMT:file_mode.obj
 0001:0000d310       ?__scrt_initialize_type_info@@YAXXZ 000000014000e310 f   LIBCMT:tncleanup.obj
 0001:0000d320       _should_initialize_environment 000000014000e320 f   LIBCMT:env_mode.obj
 0001:0000d320       __acrt_uninitialize_command_line 000000014000e320 f   libucrt:argv_data.obj
 0001:0000d324       __local_stdio_scanf_options 000000014000e324 f i LIBCMT:default_local_stdio_options.obj
 0001:0000d32c       __scrt_initialize_default_local_stdio_options 000000014000e32c f   LIBCMT:default_local_stdio_options.obj
 0001:0000d348       __scrt_is_user_matherr_present 000000014000e348 f   LIBCMT:matherr_detection.obj
 0001:0000d354       __scrt_get_dyn_tls_init_callback 000000014000e354 f   LIBCMT:dyn_tls_init.obj
 0001:0000d35c       __scrt_get_dyn_tls_dtor_callback 000000014000e35c f   LIBCMT:dyn_tls_dtor.obj
 0001:0000d364       _RTC_Initialize            000000014000e364 f   LIBCMT:initsect.obj
 0001:0000d3a0       _RTC_Terminate             000000014000e3a0 f   LIBCMT:initsect.obj
 0001:0000d3e0       ??0length_error@std@@QEAA@AEBV01@@Z 000000014000e3e0 f i libcpmt:xthrow.obj
 0001:0000d41c       ??0length_error@std@@QEAA@PEBD@Z 000000014000e41c f i libcpmt:xthrow.obj
 0001:0000d464       ??0logic_error@std@@QEAA@AEBV01@@Z 000000014000e464 f i libcpmt:xthrow.obj
 0001:0000d4a0       ?_Xlength_error@std@@YAXPEBD@Z 000000014000e4a0 f   libcpmt:xthrow.obj
 0001:0000d4c4       __std_system_error_allocate_message 000000014000e4c4 f   libcpmt:syserror_import_lib.obj
 0001:0000d524       __std_system_error_deallocate_message 000000014000e524 f   libcpmt:syserror_import_lib.obj
 0001:0000d52c       __std_fs_code_page         000000014000e52c f   libcpmt:filesystem.obj
 0001:0000d554       __std_fs_convert_narrow_to_wide 000000014000e554 f   libcpmt:filesystem.obj
 0001:0000d59c       __std_fs_convert_wide_to_narrow_replace_chars 000000014000e59c f   libcpmt:filesystem.obj
 0001:0000d668       __std_fs_set_current_path  000000014000e668 f   libcpmt:filesystem.obj
 0001:0000d688       ?_Syserror_map@std@@YAPEBDH@Z 000000014000e688 f   libcpmt:syserror.obj
 0001:0000d6b0       ?_Winerror_map@std@@YAHH@Z 000000014000e6b0 f   libcpmt:syserror.obj
 0001:0000d6d4       strchr                     000000014000e6d4 f   libvcruntime:strchr.obj
 0001:0000d754       __std_exception_copy       000000014000e754 f   libvcruntime:std_exception.obj
 0001:0000d7e4       __std_exception_destroy    000000014000e7e4 f   libvcruntime:std_exception.obj
 0001:0000d80c       __vcrt_initialize          000000014000e80c f   libvcruntime:initialization.obj
 0001:0000d834       __vcrt_uninitialize        000000014000e834 f   libvcruntime:initialization.obj
 0001:0000d850       __C_specific_handler       000000014000e850 f   libvcruntime:riscchandler.obj
 0001:0000da5c       _CxxThrowException         000000014000ea5c f   libvcruntime:throw.obj
 0001:0000dafc       __DestructExceptionObject  000000014000eafc f   libvcruntime:ehhelpers.obj
 0001:0000db6c       ?_CallMemberFunction0@@YAXQEAX0@Z 000000014000eb6c f i libvcruntime:ehhelpers.obj
 0001:0000db70       _IsExceptionObjectToBeDestroyed 000000014000eb70 f   libvcruntime:ehhelpers.obj
 0001:0000dba0       __AdjustPointer            000000014000eba0 f   libvcruntime:ehhelpers.obj
 0001:0000dbc4       __FrameUnwindFilter        000000014000ebc4 f   libvcruntime:ehhelpers.obj
 0001:0000dc2c       __current_exception        000000014000ec2c f   libvcruntime:ehhelpers.obj
 0001:0000dc40       __current_exception_context 000000014000ec40 f   libvcruntime:ehhelpers.obj
 0001:0000dc54       __std_terminate            000000014000ec54 f   libvcruntime:ehhelpers.obj
 0001:0000dc70       memset_repmovs             000000014000ec70 f   libvcruntime:memset.obj
 0001:0000dc90       memset                     000000014000ec90 f   libvcruntime:memset.obj
 0001:0000de20       __std_type_info_compare    000000014000ee20 f   libvcruntime:std_type_info.obj
 0001:0000de48       __vcrt_freefls             000000014000ee48 f   libvcruntime:per_thread_data.obj
 0001:0000de68       __vcrt_getptd              000000014000ee68 f   libvcruntime:per_thread_data.obj
 0001:0000de84       __vcrt_getptd_noexit       000000014000ee84 f   libvcruntime:per_thread_data.obj
 0001:0000df44       __vcrt_initialize_ptd      000000014000ef44 f   libvcruntime:per_thread_data.obj
 0001:0000df8c       __vcrt_uninitialize_ptd    000000014000ef8c f   libvcruntime:per_thread_data.obj
 0001:0000dfb0       __vcrt_initialize_locks    000000014000efb0 f   libvcruntime:locks.obj
 0001:0000dfe4       __vcrt_uninitialize_locks  000000014000efe4 f   libvcruntime:locks.obj
 0001:0000e030       _NLG_Notify                000000014000f030 f   libvcruntime:notify.obj
 0001:0000e050       __NLG_Dispatch2            000000014000f050 f   libvcruntime:notify.obj
 0001:0000e060       __NLG_Return2              000000014000f060 f   libvcruntime:notify.obj
 0001:0000e064       __except_validate_context_record 000000014000f064 f   libvcruntime:jbcxrval.obj
 0001:0000e1ec       __vcrt_FlsAlloc            000000014000f1ec f   libvcruntime:winapi_downlevel.obj
 0001:0000e234       __vcrt_FlsFree             000000014000f234 f   libvcruntime:winapi_downlevel.obj
 0001:0000e27c       __vcrt_FlsGetValue         000000014000f27c f   libvcruntime:winapi_downlevel.obj
 0001:0000e2c4       __vcrt_FlsSetValue         000000014000f2c4 f   libvcruntime:winapi_downlevel.obj
 0001:0000e318       __vcrt_InitializeCriticalSectionEx 000000014000f318 f   libvcruntime:winapi_downlevel.obj
 0001:0000e37c       ??$_CallSETranslator@V__FrameHandler3@@@@YAHPEAUEHExceptionRecord@@PEA_KPEAU_CONTEXT@@PEAU_xDISPATCHER_CONTEXT@@PEBU_s_FuncInfo@@K1H@Z 000000014000f37c f i libvcruntime:risctrnsctrl.obj
 0001:0000e3d0       ??$_CallSETranslator@V__FrameHandler4@@@@YAHPEAUEHExceptionRecord@@PEA_KPEAU_CONTEXT@@PEAU_xDISPATCHER_CONTEXT@@PEAUFuncInfo4@FH4@@K1H@Z 000000014000f3d0 f i libvcruntime:risctrnsctrl.obj
 0001:0000e424       ?CatchTryBlock@__FrameHandler3@@SAPEBU_s_TryBlockMapEntry@@PEBU_s_FuncInfo@@H@Z 000000014000f424 f   libvcruntime:risctrnsctrl.obj
 0001:0000e478       ?DecompFuncInfo@FH4@@YA_JPEAEAEAUFuncInfo4@1@_KH_N@Z 000000014000f478 f i libvcruntime:risctrnsctrl.obj
 0001:0000e59c       ?ExecutionInCatch@__FrameHandler3@@SA_NPEAU_xDISPATCHER_CONTEXT@@PEBU_s_FuncInfo@@@Z 000000014000f59c f   libvcruntime:risctrnsctrl.obj
 0001:0000e5c8       ?ExecutionInCatch@__FrameHandler4@@SA_NPEAU_xDISPATCHER_CONTEXT@@PEAUFuncInfo4@FH4@@@Z 000000014000f5c8 f   libvcruntime:risctrnsctrl.obj
 0001:0000e5d0       ?FrameUnwindToEmptyState@__FrameHandler3@@SAXPEA_KPEAU_xDISPATCHER_CONTEXT@@PEBU_s_FuncInfo@@@Z 000000014000f5d0 f   libvcruntime:risctrnsctrl.obj
 0001:0000e634       ?FrameUnwindToEmptyState@__FrameHandler4@@SAXPEA_KPEAU_xDISPATCHER_CONTEXT@@PEAUFuncInfo4@FH4@@@Z 000000014000f634 f   libvcruntime:risctrnsctrl.obj
 0001:0000e668       ?GetEstablisherFrame@__FrameHandler3@@SAPEA_KPEA_KPEAU_xDISPATCHER_CONTEXT@@PEBU_s_FuncInfo@@0@Z 000000014000f668 f   libvcruntime:risctrnsctrl.obj
 0001:0000e734       ?GetEstablisherFrame@__FrameHandler4@@SAPEA_KPEA_KPEAU_xDISPATCHER_CONTEXT@@PEAUFuncInfo4@FH4@@0@Z 000000014000f734 f   libvcruntime:risctrnsctrl.obj
 0001:0000e758       ?GetRangeOfTrysToCheck@__FrameHandler3@@SA?AU?$pair@Viterator@TryBlockMap@__FrameHandler3@@V123@@std@@AEAVTryBlockMap@1@HPEAU_xDISPATCHER_CONTEXT@@PEBU_s_FuncInfo@@H@Z 000000014000f758 f   libvcruntime:risctrnsctrl.obj
 0001:0000e898       ?GetRangeOfTrysToCheck@__FrameHandler4@@SA?AU?$pair@Viterator@TryBlockMap4@FH4@@V123@@std@@AEAVTryBlockMap4@FH4@@HPEAU_xDISPATCHER_CONTEXT@@PEAUFuncInfo4@5@H@Z 000000014000f898 f   libvcruntime:risctrnsctrl.obj
 0001:0000ea00       ?UnwindNestedFrames@__FrameHandler3@@SAXPEA_KPEAUEHExceptionRecord@@PEAU_CONTEXT@@0PEAXPEBU_s_FuncInfo@@HHPEBU_s_HandlerType@@PEAU_xDISPATCHER_CONTEXT@@E@Z 000000014000fa00 f   libvcruntime:risctrnsctrl.obj
 0001:0000eb04       ?UnwindNestedFrames@__FrameHandler4@@SAXPEA_KPEAUEHExceptionRecord@@PEAU_CONTEXT@@0PEAXPEAUFuncInfo4@FH4@@HHPEAUHandlerType4@5@PEAU_xDISPATCHER_CONTEXT@@E@Z 000000014000fb04 f   libvcruntime:risctrnsctrl.obj
 0001:0000ec24       ?setBuffer@TryBlockMap4@FH4@@QEAAXViterator@12@@Z 000000014000fc24 f i libvcruntime:risctrnsctrl.obj
 0001:0000ede4       _CreateFrameInfo           000000014000fde4 f   libvcruntime:risctrnsctrl.obj
 0001:0000ee20       _FindAndUnlinkFrame        000000014000fe20 f   libvcruntime:risctrnsctrl.obj
 0001:0000ee74       _GetImageBase              000000014000fe74 f   libvcruntime:risctrnsctrl.obj
 0001:0000ee88       _GetThrowImageBase         000000014000fe88 f   libvcruntime:risctrnsctrl.obj
 0001:0000ee9c       _SetImageBase              000000014000fe9c f   libvcruntime:risctrnsctrl.obj
 0001:0000eeb4       _SetThrowImageBase         000000014000feb4 f   libvcruntime:risctrnsctrl.obj
 0001:0000eecc       __CxxFrameHandler3         000000014000fecc f   libvcruntime:risctrnsctrl.obj
 0001:0000ef54       __CxxFrameHandler4         000000014000ff54 f   libvcruntime:risctrnsctrl.obj
 0001:0000f030       memcpy_repmovs             0000000140010030 f   libvcruntime:memcpy.obj
 0001:0000f050       memcpy                     0000000140010050 f   libvcruntime:memcpy.obj
 0001:0000f050       memmove                    0000000140010050 f   libvcruntime:memcpy.obj
 0001:0000f6c8       ?GetCurrentState@__FrameHandler3@@SAHPEA_KPEAU_xDISPATCHER_CONTEXT@@PEBU_s_FuncInfo@@@Z 00000001400106c8 f   libvcruntime:ehstate.obj
 0001:0000f6f0       ?GetUnwindTryBlock@__FrameHandler3@@SAHPEA_KPEAU_xDISPATCHER_CONTEXT@@PEBU_s_FuncInfo@@@Z 00000001400106f0 f   libvcruntime:ehstate.obj
 0001:0000f71c       ?SetState@__FrameHandler3@@SAXPEA_KPEBU_s_FuncInfo@@H@Z 000000014001071c f   libvcruntime:ehstate.obj
 0001:0000f728       ?SetUnwindTryBlock@__FrameHandler3@@SAXPEA_KPEAU_xDISPATCHER_CONTEXT@@PEBU_s_FuncInfo@@H@Z 0000000140010728 f   libvcruntime:ehstate.obj
 0001:0000f764       ?StateFromControlPc@__FrameHandler3@@SAHPEBU_s_FuncInfo@@PEAU_xDISPATCHER_CONTEXT@@@Z 0000000140010764 f   libvcruntime:ehstate.obj
 0001:0000f76c       ?StateFromControlPc@__FrameHandler4@@SAHPEAUFuncInfo4@FH4@@PEAU_xDISPATCHER_CONTEXT@@@Z 000000014001076c f   libvcruntime:ehstate.obj
 0001:0000f774       ?StateFromIp@__FrameHandler3@@SAHPEBU_s_FuncInfo@@PEAU_xDISPATCHER_CONTEXT@@_K@Z 0000000140010774 f   libvcruntime:ehstate.obj
 0001:0000f7dc       ?StateFromIp@__FrameHandler4@@SAHPEAUFuncInfo4@FH4@@PEAU_xDISPATCHER_CONTEXT@@_K@Z 00000001400107dc f   libvcruntime:ehstate.obj
 0001:00010ec0       ??$TypeMatchHelper@V__FrameHandler3@@@@YAHPEBU_s_HandlerType@@PEBU_s_CatchableType@@PEBU_s_ThrowInfo@@@Z 0000000140011ec0 f i libvcruntime:frame.obj
 0001:00011000       ??$TypeMatchHelper@V__FrameHandler4@@@@YAHPEAUHandlerType4@FH4@@PEBU_s_CatchableType@@PEBU_s_ThrowInfo@@@Z 0000000140012000 f i libvcruntime:frame.obj
 0001:00011144       ??$__InternalCxxFrameHandler@V__FrameHandler3@@@@YA?AW4_EXCEPTION_DISPOSITION@@PEAUEHExceptionRecord@@PEA_KPEAU_CONTEXT@@PEAU_xDISPATCHER_CONTEXT@@PEBU_s_FuncInfo@@H1E@Z 0000000140012144 f i libvcruntime:frame.obj
 0001:0001137c       ??$__InternalCxxFrameHandler@V__FrameHandler4@@@@YA?AW4_EXCEPTION_DISPOSITION@@PEAUEHExceptionRecord@@PEA_KPEAU_CONTEXT@@PEAU_xDISPATCHER_CONTEXT@@PEAUFuncInfo4@FH4@@H1E@Z 000000014001237c f i libvcruntime:frame.obj
 0001:00011610       ??0HandlerMap4@FH4@@QEAA@PEBUTryBlockMapEntry4@1@_KH@Z 0000000140012610 f i libvcruntime:frame.obj
 0001:0001168c       ??0TryBlockMap4@FH4@@QEAA@PEBUFuncInfo4@1@_K@Z 000000014001268c f i libvcruntime:frame.obj
 0001:00011764       ??0bad_exception@std@@QEAA@AEBV01@@Z 0000000140012764 f i libvcruntime:frame.obj
 0001:000117a0       ??0bad_exception@std@@QEAA@XZ 00000001400127a0 f i libvcruntime:frame.obj
 0001:000117c0       ?CxxCallCatchBlock@__FrameHandler3@@SAPEAXPEAU_EXCEPTION_RECORD@@@Z 00000001400127c0 f   libvcruntime:frame.obj
 0001:000119ac       ?CxxCallCatchBlock@__FrameHandler4@@SAPEAXPEAU_EXCEPTION_RECORD@@@Z 00000001400129ac f   libvcruntime:frame.obj
 0001:00011bfc       ?DecompHandler@HandlerMap4@FH4@@AEAAXXZ 0000000140012bfc f i libvcruntime:frame.obj
 0001:00011e3c       ?FrameUnwindToState@__FrameHandler3@@SAXPEA_KPEAU_xDISPATCHER_CONTEXT@@PEBU_s_FuncInfo@@H@Z 0000000140012e3c f   libvcruntime:frame.obj
 0001:00011fc8       ?FrameUnwindToState@__FrameHandler4@@SAXPEA_KPEAU_xDISPATCHER_CONTEXT@@PEAUFuncInfo4@FH4@@H@Z 0000000140012fc8 f   libvcruntime:frame.obj
 0001:000122b0       ?GetHandlerSearchState@__FrameHandler3@@SAHPEA_KPEAU_xDISPATCHER_CONTEXT@@PEBU_s_FuncInfo@@@Z 00000001400132b0 f i libvcruntime:frame.obj
 0001:000124c0       ?ReadEntry@UWMap4@FH4@@AEAAXPEAPEAE@Z 00000001400134c0 f i libvcruntime:frame.obj
 0001:00012560       ?_CallMemberFunction1@@YAXQEAX00@Z 0000000140013560 f i libvcruntime:frame.obj
 0001:0001256c       ?_CallMemberFunction2@@YAXQEAX00H@Z 000000014001356c f i libvcruntime:frame.obj
 0001:0001257c       ?getStartStop@UWMap4@FH4@@QEAAXHHAEAViterator@12@0@Z 000000014001357c f i libvcruntime:frame.obj
 0001:0001264c       ?getStateFromIterators@UWMap4@FH4@@SAHAEBViterator@12@H0H0@Z 000000014001364c f i libvcruntime:frame.obj
 0001:00012730       _CallSettingFrame          0000000140013730 f   libvcruntime:handlers.obj
 0001:00012780       _CallSettingFrame_LookupContinuationIndex 0000000140013780 f   libvcruntime:handlers.obj
 0001:000127b0       _CallSettingFrame_NotifyContinuationAddr 00000001400137b0 f   libvcruntime:handlers.obj
 0001:000127e0       _CallSettingFrameEncoded   00000001400137e0 f   libvcruntime:handlers.obj
 0001:000128e4       fopen                      00000001400138e4 f   libucrt:fopen.obj
 0001:000128f0       __acrt_initialize_stdio    00000001400138f0 f   libucrt:_file.obj
 0001:00012a10       __acrt_iob_func            0000000140013a10 f   libucrt:_file.obj
 0001:00012a24       __acrt_uninitialize_stdio  0000000140013a24 f   libucrt:_file.obj
 0001:00012a80       _lock_file                 0000000140013a80 f   libucrt:_file.obj
 0001:00012a8c       _unlock_file               0000000140013a8c f   libucrt:_file.obj
 0001:00012bbc       ?get_raw_ptd@__crt_cached_ptd_host@@QEAAPEAU__acrt_ptd@@XZ 0000000140013bbc f i libucrt:fclose.obj
 0001:00012c24       fclose                     0000000140013c24 f   libucrt:fclose.obj
 0001:00012cbc       realloc                    0000000140013cbc f   libucrt:realloc.obj
 0001:00012d04       ??$ensure_buffer_is_big_enough@D@formatting_buffer@__crt_stdio_output@@QEAA_N_KAEAV__crt_cached_ptd_host@@@Z 0000000140013d04 f i libucrt:output.obj
 0001:00012dac       ??$parse_integer@KV?$c_string_character_source@D@__crt_strtox@@$0A@@__crt_strtox@@YAKAEAV__crt_cached_ptd_host@@V?$c_string_character_source@D@0@H_N@Z 0000000140013dac f i libucrt:output.obj
 0001:00013060       ??$type_case_integer@$07@?$output_processor@DV?$stream_output_adapter@D@__crt_stdio_output@@V?$standard_base@DV?$stream_output_adapter@D@__crt_stdio_output@@@2@@__crt_stdio_output@@AEAA_N_N@Z 0000000140014060 f i libucrt:output.obj
 0001:00013060       ??$type_case_integer@$07@?$output_processor@DV?$string_output_adapter@D@__crt_stdio_output@@V?$standard_base@DV?$string_output_adapter@D@__crt_stdio_output@@@2@@__crt_stdio_output@@AEAA_N_N@Z 0000000140014060 f i libucrt:output.obj
 0001:00013264       ??$type_case_integer@$09@?$output_processor@DV?$stream_output_adapter@D@__crt_stdio_output@@V?$standard_base@DV?$stream_output_adapter@D@__crt_stdio_output@@@2@@__crt_stdio_output@@AEAA_N_N@Z 0000000140014264 f i libucrt:output.obj
 0001:00013264       ??$type_case_integer@$09@?$output_processor@DV?$string_output_adapter@D@__crt_stdio_output@@V?$standard_base@DV?$string_output_adapter@D@__crt_stdio_output@@@2@@__crt_stdio_output@@AEAA_N_N@Z 0000000140014264 f i libucrt:output.obj
 0001:00013468       ??$type_case_integer@$0BA@@?$output_processor@DV?$stream_output_adapter@D@__crt_stdio_output@@V?$standard_base@DV?$stream_output_adapter@D@__crt_stdio_output@@@2@@__crt_stdio_output@@AEAA_N_N@Z 0000000140014468 f i libucrt:output.obj
 0001:00013468       ??$type_case_integer@$0BA@@?$output_processor@DV?$string_output_adapter@D@__crt_stdio_output@@V?$standard_base@DV?$string_output_adapter@D@__crt_stdio_output@@@2@@__crt_stdio_output@@AEAA_N_N@Z 0000000140014468 f i libucrt:output.obj
 0001:0001366c       ??$type_case_integer_parse_into_buffer@I$07@?$output_processor@DV?$stream_output_adapter@D@__crt_stdio_output@@V?$standard_base@DV?$stream_output_adapter@D@__crt_stdio_output@@@2@@__crt_stdio_output@@AEAAXI_N@Z 000000014001466c f i libucrt:output.obj
 0001:0001366c       ??$type_case_integer_parse_into_buffer@I$07@?$output_processor@DV?$string_output_adapter@D@__crt_stdio_output@@V?$standard_base@DV?$string_output_adapter@D@__crt_stdio_output@@@2@@__crt_stdio_output@@AEAAXI_N@Z 000000014001466c f i libucrt:output.obj
 0001:000136dc       ??$type_case_integer_parse_into_buffer@I$09@?$output_processor@DV?$string_output_adapter@D@__crt_stdio_output@@V?$standard_base@DV?$string_output_adapter@D@__crt_stdio_output@@@2@@__crt_stdio_output@@AEAAXI_N@Z 00000001400146dc f i libucrt:output.obj
 0001:000136dc       ??$type_case_integer_parse_into_buffer@I$09@?$output_processor@DV?$stream_output_adapter@D@__crt_stdio_output@@V?$standard_base@DV?$stream_output_adapter@D@__crt_stdio_output@@@2@@__crt_stdio_output@@AEAAXI_N@Z 00000001400146dc f i libucrt:output.obj
 0001:00013788       ??$type_case_integer_parse_into_buffer@I$0BA@@?$output_processor@DV?$string_output_adapter@D@__crt_stdio_output@@V?$standard_base@DV?$string_output_adapter@D@__crt_stdio_output@@@2@@__crt_stdio_output@@AEAAXI_N@Z 0000000140014788 f i libucrt:output.obj
 0001:00013788       ??$type_case_integer_parse_into_buffer@I$0BA@@?$output_processor@DV?$stream_output_adapter@D@__crt_stdio_output@@V?$standard_base@DV?$stream_output_adapter@D@__crt_stdio_output@@@2@@__crt_stdio_output@@AEAAXI_N@Z 0000000140014788 f i libucrt:output.obj
 0001:0001380c       ??$type_case_integer_parse_into_buffer@_K$07@?$output_processor@DV?$string_output_adapter@D@__crt_stdio_output@@V?$standard_base@DV?$string_output_adapter@D@__crt_stdio_output@@@2@@__crt_stdio_output@@AEAAX_K_N@Z 000000014001480c f i libucrt:output.obj
 0001:0001380c       ??$type_case_integer_parse_into_buffer@_K$07@?$output_processor@DV?$stream_output_adapter@D@__crt_stdio_output@@V?$standard_base@DV?$stream_output_adapter@D@__crt_stdio_output@@@2@@__crt_stdio_output@@AEAAX_K_N@Z 000000014001480c f i libucrt:output.obj
 0001:0001387c       ??$type_case_integer_parse_into_buffer@_K$09@?$output_processor@DV?$string_output_adapter@D@__crt_stdio_output@@V?$standard_base@DV?$string_output_adapter@D@__crt_stdio_output@@@2@@__crt_stdio_output@@AEAAX_K_N@Z 000000014001487c f i libucrt:output.obj
 0001:0001387c       ??$type_case_integer_parse_into_buffer@_K$09@?$output_processor@DV?$stream_output_adapter@D@__crt_stdio_output@@V?$standard_base@DV?$stream_output_adapter@D@__crt_stdio_output@@@2@@__crt_stdio_output@@AEAAX_K_N@Z 000000014001487c f i libucrt:output.obj
 0001:0001392c       ??$type_case_integer_parse_into_buffer@_K$0BA@@?$output_processor@DV?$string_output_adapter@D@__crt_stdio_output@@V?$standard_base@DV?$string_output_adapter@D@__crt_stdio_output@@@2@@__crt_stdio_output@@AEAAX_K_N@Z 000000014001492c f i libucrt:output.obj
 0001:0001392c       ??$type_case_integer_parse_into_buffer@_K$0BA@@?$output_processor@DV?$stream_output_adapter@D@__crt_stdio_output@@V?$standard_base@DV?$stream_output_adapter@D@__crt_stdio_output@@@2@@__crt_stdio_output@@AEAAX_K_N@Z 000000014001492c f i libucrt:output.obj
 0001:00013acc       ?crop_zeroes@__crt_stdio_output@@YAXPEADQEAU__crt_locale_pointers@@@Z 0000000140014acc f i libucrt:output.obj
 0001:00013b38       ?parse_int_from_format_string@?$output_processor@DV?$stream_output_adapter@D@__crt_stdio_output@@V?$standard_base@DV?$stream_output_adapter@D@__crt_stdio_output@@@2@@__crt_stdio_output@@AEAA_NQEAH@Z 0000000140014b38 f i libucrt:output.obj
 0001:00013b38       ?parse_int_from_format_string@?$output_processor@DV?$string_output_adapter@D@__crt_stdio_output@@V?$standard_base@DV?$string_output_adapter@D@__crt_stdio_output@@@2@@__crt_stdio_output@@AEAA_NQEAH@Z 0000000140014b38 f i libucrt:output.obj
 0001:00013bc8       ?process@?$output_processor@DV?$stream_output_adapter@D@__crt_stdio_output@@V?$standard_base@DV?$stream_output_adapter@D@__crt_stdio_output@@@2@@__crt_stdio_output@@QEAAHXZ 0000000140014bc8 f i libucrt:output.obj
 0001:00013f60       ?process@?$output_processor@DV?$string_output_adapter@D@__crt_stdio_output@@V?$standard_base@DV?$string_output_adapter@D@__crt_stdio_output@@@2@@__crt_stdio_output@@QEAAHXZ 0000000140014f60 f i libucrt:output.obj
 0001:000142e0       ?state_case_size@?$output_processor@DV?$stream_output_adapter@D@__crt_stdio_output@@V?$standard_base@DV?$stream_output_adapter@D@__crt_stdio_output@@@2@@__crt_stdio_output@@AEAA_NXZ 00000001400152e0 f i libucrt:output.obj
 0001:00014468       ?state_case_size@?$output_processor@DV?$string_output_adapter@D@__crt_stdio_output@@V?$standard_base@DV?$string_output_adapter@D@__crt_stdio_output@@@2@@__crt_stdio_output@@AEAA_NXZ 0000000140015468 f i libucrt:output.obj
 0001:000145f0       ?state_case_type@?$output_processor@DV?$stream_output_adapter@D@__crt_stdio_output@@V?$standard_base@DV?$stream_output_adapter@D@__crt_stdio_output@@@2@@__crt_stdio_output@@AEAA_NXZ 00000001400155f0 f i libucrt:output.obj
 0001:00014a28       ?state_case_type@?$output_processor@DV?$string_output_adapter@D@__crt_stdio_output@@V?$standard_base@DV?$string_output_adapter@D@__crt_stdio_output@@@2@@__crt_stdio_output@@AEAA_NXZ 0000000140015a28 f i libucrt:output.obj
 0001:00014e2c       ?type_case_Z@?$output_processor@DV?$string_output_adapter@D@__crt_stdio_output@@V?$standard_base@DV?$string_output_adapter@D@__crt_stdio_output@@@2@@__crt_stdio_output@@AEAA_NXZ 0000000140015e2c f i libucrt:output.obj
 0001:00014e2c       ?type_case_Z@?$output_processor@DV?$stream_output_adapter@D@__crt_stdio_output@@V?$standard_base@DV?$stream_output_adapter@D@__crt_stdio_output@@@2@@__crt_stdio_output@@AEAA_NXZ 0000000140015e2c f i libucrt:output.obj
 0001:00014ea8       ?type_case_a@?$output_processor@DV?$string_output_adapter@D@__crt_stdio_output@@V?$standard_base@DV?$string_output_adapter@D@__crt_stdio_output@@@2@@__crt_stdio_output@@AEAA_NXZ 0000000140015ea8 f i libucrt:output.obj
 0001:00014ea8       ?type_case_a@?$output_processor@DV?$stream_output_adapter@D@__crt_stdio_output@@V?$standard_base@DV?$stream_output_adapter@D@__crt_stdio_output@@@2@@__crt_stdio_output@@AEAA_NXZ 0000000140015ea8 f i libucrt:output.obj
 0001:000150fc       ?type_case_c_tchar@?$output_processor@DV?$string_output_adapter@D@__crt_stdio_output@@V?$standard_base@DV?$string_output_adapter@D@__crt_stdio_output@@@2@@__crt_stdio_output@@AEAA_ND@Z 00000001400160fc f i libucrt:output.obj
 0001:000150fc       ?type_case_c_tchar@?$output_processor@DV?$stream_output_adapter@D@__crt_stdio_output@@V?$standard_base@DV?$stream_output_adapter@D@__crt_stdio_output@@@2@@__crt_stdio_output@@AEAA_ND@Z 00000001400160fc f i libucrt:output.obj
 0001:000151d0       ?type_case_n@?$output_processor@DV?$string_output_adapter@D@__crt_stdio_output@@V?$standard_base@DV?$string_output_adapter@D@__crt_stdio_output@@@2@@__crt_stdio_output@@AEAA_NXZ 00000001400161d0 f i libucrt:output.obj
 0001:000151d0       ?type_case_n@?$output_processor@DV?$stream_output_adapter@D@__crt_stdio_output@@V?$standard_base@DV?$stream_output_adapter@D@__crt_stdio_output@@@2@@__crt_stdio_output@@AEAA_NXZ 00000001400161d0 f i libucrt:output.obj
 0001:00015288       ?type_case_s@?$output_processor@DV?$stream_output_adapter@D@__crt_stdio_output@@V?$standard_base@DV?$stream_output_adapter@D@__crt_stdio_output@@@2@@__crt_stdio_output@@AEAA_NXZ 0000000140016288 f i libucrt:output.obj
 0001:00015288       ?type_case_s@?$output_processor@DV?$string_output_adapter@D@__crt_stdio_output@@V?$standard_base@DV?$string_output_adapter@D@__crt_stdio_output@@@2@@__crt_stdio_output@@AEAA_NXZ 0000000140016288 f i libucrt:output.obj
 0001:00015330       ?update_locale_slow@__crt_cached_ptd_host@@AEAAXXZ 0000000140016330 f i libucrt:output.obj
 0001:000153a8       ?validate_stream_is_ansi_if_required@?$__acrt_stdio_char_traits@D@@SA_NQEAU_iobuf@@@Z 00000001400163a8 f i libucrt:output.obj
 0001:00015444       ?write_string@?$string_output_adapter@D@__crt_stdio_output@@QEBAXQEBDHQEAHAEAV__crt_cached_ptd_host@@@Z 0000000140016444 f i libucrt:output.obj
 0001:000154e8       ?write_string_impl@?$output_adapter_common@DV?$stream_output_adapter@D@__crt_stdio_output@@@__crt_stdio_output@@IEBAXQEBDHQEAHAEAV__crt_cached_ptd_host@@@Z 00000001400164e8 f i libucrt:output.obj
 0001:000155b4       __stdio_common_vfprintf    00000001400165b4 f   libucrt:output.obj
 0001:000156d8       __stdio_common_vsprintf    00000001400166d8 f   libucrt:output.obj
 0001:00015940       strncpy                    0000000140016940 f   libucrt:strncpy.obj
 0001:00015ab0       isalnum                    0000000140016ab0 f   libucrt:_ctype.obj
 0001:00015b5c       ??$__acrt_convert_wcs_mbs_cp@D_WV<lambda_7c9dea7b4ca7285d2cdb541a38da6275>@@U__crt_win32_buffer_internal_dynamic_resizing@@@@YAHQEBDAEAV?$__crt_win32_buffer@_WU__crt_win32_buffer_internal_dynamic_resizing@@@@AEBV<lambda_7c9dea7b4ca7285d2cdb541a38da6275>@@I@Z 0000000140016b5c f i libucrt:stat.obj
 0001:00016074       ??0_LocaleUpdate@@QEAA@QEAU__crt_locale_pointers@@@Z 0000000140017074 f i libucrt:stat.obj
 0001:00016460       _stat64i32                 0000000140017460 f   libucrt:stat.obj
 0001:00016580       strncmp                    0000000140017580 f   libucrt:strncmp.obj
 0001:000166c0       _fwrite_internal           00000001400176c0 f   libucrt:fwrite.obj
 0001:0001675c       _fwrite_nolock_internal    000000014001775c f   libucrt:fwrite.obj
 0001:00016970       fwrite                     0000000140017970 f   libucrt:fwrite.obj
 0001:00016a14       free                       0000000140017a14 f   libucrt:free.obj
 0001:00016a40       strncat                    0000000140017a40 f   libucrt:strncat.obj
 0001:00016bd8       _mkdir                     0000000140017bd8 f   libucrt:mkdir.obj
 0001:00016cbc       _fread_nolock_s            0000000140017cbc f   libucrt:fread.obj
 0001:00016f1c       fread                      0000000140017f1c f   libucrt:fread.obj
 0001:00016f3c       fread_s                    0000000140017f3c f   libucrt:fread.obj
 0001:00016fe4       malloc                     0000000140017fe4 f   libucrt:malloc.obj
 0001:00016fec       ?get_raw_ptd_noexit@__crt_cached_ptd_host@@QEAAPEAU__acrt_ptd@@XZ 0000000140017fec f i libucrt:invalid_parameter.obj
 0001:00017058       ?value@?$dual_state_global@P6AXPEB_W00I_K@Z@__crt_state_management@@QEAAAEAP6AXPEB_W00I_K@ZAEAV__crt_cached_ptd_host@@@Z 0000000140018058 f i libucrt:invalid_parameter.obj
 0001:000170a4       __acrt_call_reportfault    00000001400180a4 f   libucrt:invalid_parameter.obj
 0001:00017200       __acrt_initialize_invalid_parameter_handler 0000000140018200 f   libucrt:invalid_parameter.obj
 0001:00017208       _invalid_parameter         0000000140018208 f   libucrt:invalid_parameter.obj
 0001:000172a4       _invalid_parameter_internal 00000001400182a4 f   libucrt:invalid_parameter.obj
 0001:00017370       _invalid_parameter_noinfo  0000000140018370 f   libucrt:invalid_parameter.obj
 0001:00017390       _invalid_parameter_noinfo_noreturn 0000000140018390 f   libucrt:invalid_parameter.obj
 0001:000173c0       _invoke_watson             00000001400183c0 f   libucrt:invalid_parameter.obj
 0001:00017408       _aligned_free              0000000140018408 f   libucrt:align.obj
 0001:00017424       _aligned_malloc            0000000140018424 f   libucrt:align.obj
 0001:000174a4       roundf                     00000001400184a4 f   libucrt:roundf.obj
 0001:0001750c       _clearfp                   000000014001850c f   libucrt:ieee.obj
 0001:00017578       _control87                 0000000140018578 f   libucrt:ieee.obj
 0001:00017580       _controlfp                 0000000140018580 f   libucrt:ieee.obj
 0001:00017828       __acrt_initialize_new_handler 0000000140018828 f   libucrt:new_handler.obj
 0001:00017830       _callnewh                  0000000140018830 f   libucrt:new_handler.obj
 0001:00017870       _query_new_handler         0000000140018870 f   libucrt:new_handler.obj
 0001:000178a8       _seh_filter_exe            00000001400188a8 f   libucrt:exception_filter.obj
 0001:00017cc0       __acrt_initialize_thread_local_exit_callback 0000000140018cc0 f   libucrt:exit.obj
 0001:00017cc8       _c_exit                    0000000140018cc8 f   libucrt:exit.obj
 0001:00017cd8       _cexit                     0000000140018cd8 f   libucrt:exit.obj
 0001:00017ce8       _exit                      0000000140018ce8 f   libucrt:exit.obj
 0001:00017cf4       _register_thread_local_exe_atexit_callback 0000000140018cf4 f   libucrt:exit.obj
 0001:00017d34       exit                       0000000140018d34 f   libucrt:exit.obj
 0001:00017f08       __acrt_allocate_buffer_for_argv 0000000140018f08 f   libucrt:argv_parsing.obj
 0001:00017f68       _configure_narrow_argv     0000000140018f68 f   libucrt:argv_parsing.obj
 0001:00018538       __dcrt_get_or_create_wide_environment_nolock 0000000140019538 f   libucrt:environment_initialization.obj
 0001:00018574       __dcrt_uninitialize_environments_nolock 0000000140019574 f   libucrt:environment_initialization.obj
 0001:000185b8       _initialize_narrow_environment 00000001400195b8 f   libucrt:environment_initialization.obj
 0001:00018908       _crt_atexit                0000000140019908 f   libucrt:onexit.obj
 0001:00018918       _execute_onexit_table      0000000140019918 f   libucrt:onexit.obj
 0001:0001895c       _initialize_onexit_table   000000014001995c f   libucrt:onexit.obj
 0001:00018984       _register_onexit_function  0000000140019984 f   libucrt:onexit.obj
 0001:00018af8       __acrt_initialize          0000000140019af8 f   libucrt:initialization.obj
 0001:00018b0c       __acrt_uninitialize        0000000140019b0c f   libucrt:initialization.obj
 0001:00018b44       _query_app_type            0000000140019b44 f   libucrt:report_runtime_error.obj
 0001:00018b4c       _set_app_type              0000000140019b4c f   libucrt:report_runtime_error.obj
 0001:00018b54       __acrt_has_user_matherr    0000000140019b54 f   libucrt:matherr.obj
 0001:00018b74       __acrt_initialize_user_matherr 0000000140019b74 f   libucrt:matherr.obj
 0001:00018b7c       __acrt_invoke_user_matherr 0000000140019b7c f   libucrt:matherr.obj
 0001:00018bb8       __setusermatherr           0000000140019bb8 f   libucrt:matherr.obj
 0001:00018be0       _get_narrow_winmain_command_line 0000000140019be0 f   libucrt:argv_winmain.obj
 0001:00018c50       _initterm                  0000000140019c50 f   libucrt:initterm.obj
 0001:00018c94       _initterm_e                0000000140019c94 f   libucrt:initterm.obj
 0001:00018cdc       _get_fmode                 0000000140019cdc f   libucrt:setmode.obj
 0001:00018d0c       _set_fmode                 0000000140019d0c f   libucrt:setmode.obj
 0001:00018d4c       _setmode_nolock            0000000140019d4c f   libucrt:setmode.obj
 0001:00018ea0       __acrt_set_locale_changed  0000000140019ea0 f   libucrt:wsetlocale.obj
 0001:00018eac       __acrt_uninitialize_locale 0000000140019eac f   libucrt:wsetlocale.obj
 0001:00018edc       _configthreadlocale        0000000140019edc f   libucrt:wsetlocale.obj
 0001:00018f48       _query_new_mode            0000000140019f48 f   libucrt:new_mode.obj
 0001:00018f50       _set_new_mode              0000000140019f50 f   libucrt:new_mode.obj
 0001:00018f7c       __p__commode               0000000140019f7c f   libucrt:ncommode.obj
 0001:00018f84       terminate                  0000000140019f84 f   libucrt:terminate.obj
 0001:00018fb0       _strdup                    0000000140019fb0 f   libucrt:strdup.obj
 0001:00018fb0       strdup                     0000000140019fb0 f   libucrt:strdup.obj
 0001:00019028       ___lc_codepage_func        000000014001a028 f   libucrt:initctype.obj
 0001:00019058       strcpy_s                   000000014001a058 f   libucrt:strcpy_s.obj
 0001:000190b8       abort                      000000014001a0b8 f   libucrt:abort.obj
 0001:00019110       calloc                     000000014001a110 f   libucrt:calloc.obj
 0001:00019118       ??$parse_integer@KV?$c_string_character_source@_W@__crt_strtox@@$00@__crt_strtox@@YAKAEAV__crt_cached_ptd_host@@V?$c_string_character_source@_W@0@H_N@Z 000000014001a118 f i libucrt:atox.obj
 0001:000198b4       wcsncmp                    000000014001a8b4 f   libucrt:wcsncmp.obj
 0001:000198e0       __acrt_errno_from_os_error 000000014001a8e0 f   libucrt:errno.obj
 0001:00019928       __acrt_errno_map_os_error  000000014001a928 f   libucrt:errno.obj
 0001:00019970       __acrt_errno_map_os_error_ptd 000000014001a970 f   libucrt:errno.obj
 0001:00019994       __doserrno                 000000014001a994 f   libucrt:errno.obj
 0001:000199b4       _errno                     000000014001a9b4 f   libucrt:errno.obj
 0001:000199d4       ?__acrt_stdio_allocate_stream@@YA?AV__crt_stdio_stream@@XZ 000000014001a9d4 f   libucrt:stream.obj
 0001:00019a2c       ?__acrt_stdio_free_stream@@YAXV__crt_stdio_stream@@@Z 000000014001aa2c f   libucrt:stream.obj
 0001:00019b34       ??$__acrt_stdio_parse_mode@D@@YA?AU__acrt_stdio_stream_mode@@QEBD@Z 000000014001ab34 f i libucrt:openfile.obj
 0001:00019df8       _openfile                  000000014001adf8 f   libucrt:openfile.obj
 0001:00019e94       _calloc_base               000000014001ae94 f   libucrt:calloc_base.obj
 0001:00019f0c       _free_base                 000000014001af0c f   libucrt:free_base.obj
 0001:0001a104       __acrt_AppPolicyGetProcessTerminationMethodInternal 000000014001b104 f   libucrt:winapi_thunks.obj
 0001:0001a15c       __acrt_AreFileApisANSI     000000014001b15c f   libucrt:winapi_thunks.obj
 0001:0001a1a0       __acrt_CompareStringEx     000000014001b1a0 f   libucrt:winapi_thunks.obj
 0001:0001a28c       __acrt_FlsAlloc            000000014001b28c f   libucrt:winapi_thunks.obj
 0001:0001a294       __acrt_FlsFree             000000014001b294 f   libucrt:winapi_thunks.obj
 0001:0001a29c       __acrt_FlsGetValue         000000014001b29c f   libucrt:winapi_thunks.obj
 0001:0001a2a4       __acrt_FlsSetValue         000000014001b2a4 f   libucrt:winapi_thunks.obj
 0001:0001a2ac       __acrt_InitializeCriticalSectionEx 000000014001b2ac f   libucrt:winapi_thunks.obj
 0001:0001a31c       __acrt_LCMapStringEx       000000014001b31c f   libucrt:winapi_thunks.obj
 0001:0001a408       __acrt_LocaleNameToLCID    000000014001b408 f   libucrt:winapi_thunks.obj
 0001:0001a468       __acrt_initialize_winapi_thunks 000000014001b468 f   libucrt:winapi_thunks.obj
 0001:0001a48c       __acrt_uninitialize_winapi_thunks 000000014001b48c f   libucrt:winapi_thunks.obj
 0001:0001a4d0       _fcloseall                 000000014001b4d0 f   libucrt:closeall.obj
 0001:0001a764       __acrt_stdio_flush_nolock  000000014001b764 f   libucrt:fflush.obj
 0001:0001a7f0       _fflush_nolock             000000014001b7f0 f   libucrt:fflush.obj
 0001:0001a8c4       _flushall                  000000014001b8c4 f   libucrt:fflush.obj
 0001:0001a8cc       __acrt_stdio_free_buffer_nolock 000000014001b8cc f   libucrt:_freebuf.obj
 0001:0001ab08       __acrt_initialize_lowio    000000014001bb08 f   libucrt:ioinit.obj
 0001:0001ab44       __acrt_uninitialize_lowio  000000014001bb44 f   libucrt:ioinit.obj
 0001:0001ab84       _fileno                    000000014001bb84 f   libucrt:fileno.obj
 0001:0001ac24       _close_internal            000000014001bc24 f   libucrt:close.obj
 0001:0001ace8       _close_nolock              000000014001bce8 f   libucrt:close.obj
 0001:0001ad80       _close_nolock_internal     000000014001bd80 f   libucrt:close.obj
 0001:0001b1c8       __acrt_getptd              000000014001c1c8 f   libucrt:per_thread_data.obj
 0001:0001b29c       __acrt_getptd_head         000000014001c29c f   libucrt:per_thread_data.obj
 0001:0001b340       __acrt_getptd_noexit       000000014001c340 f   libucrt:per_thread_data.obj
 0001:0001b408       __acrt_getptd_noexit_explicit 000000014001c408 f   libucrt:per_thread_data.obj
 0001:0001b4c8       __acrt_initialize_ptd      000000014001c4c8 f   libucrt:per_thread_data.obj
 0001:0001b504       __acrt_uninitialize_ptd    000000014001c504 f   libucrt:per_thread_data.obj
 0001:0001b528       _realloc_base              000000014001c528 f   libucrt:realloc_base.obj
 0001:0001b5a4       _malloc_base               000000014001c5a4 f   libucrt:malloc_base.obj
 0001:0001b604       strnlen                    000000014001c604 f   libucrt:strnlen.obj
 0001:0001b754       wcsnlen                    000000014001c754 f   libucrt:strnlen.obj
 0001:0001b92c       __acrt_update_locale_info  000000014001c92c f   libucrt:locale_update.obj
 0001:0001b960       __acrt_update_locale_info_explicit 000000014001c960 f   libucrt:locale_update.obj
 0001:0001b998       __acrt_update_multibyte_info 000000014001c998 f   libucrt:locale_update.obj
 0001:0001b9cc       __acrt_update_multibyte_info_explicit 000000014001c9cc f   libucrt:locale_update.obj
 0001:0001c518       __acrt_fp_format           000000014001d518 f   libucrt:cvt.obj
 0001:0001c800       _wctomb_internal           000000014001d800 f   libucrt:wctomb.obj
 0001:0001c9b0       _mbtowc_internal           000000014001d9b0 f   libucrt:mbtowc.obj
 0001:0001cb28       _get_printf_count_output   000000014001db28 f   libucrt:printf_count_output.obj
 0001:0001cb40       _fputc_nolock_internal     000000014001db40 f   libucrt:fputc.obj
 0001:0001cb58       __acrt_should_use_temporary_buffer 000000014001db58 f   libucrt:_sftbuf.obj
 0001:0001cba4       __acrt_stdio_begin_temporary_buffering_nolock 000000014001dba4 f   libucrt:_sftbuf.obj
 0001:0001cc6c       __acrt_stdio_end_temporary_buffering_nolock 000000014001dc6c f   libucrt:_sftbuf.obj
 0001:0001ccac       _isctype_l                 000000014001dcac f   libucrt:isctype.obj
 0001:0001cdb4       _getdrive                  000000014001ddb4 f   libucrt:drive.obj
 0001:0001ceac       ??$__acrt_convert_wcs_mbs_cp@_WDV<lambda_f788ae46380686e8b737efdd8c720d07>@@U__crt_win32_buffer_no_resizing@@@@YAHQEB_WAEAV?$__crt_win32_buffer@DU__crt_win32_buffer_no_resizing@@@@AEBV<lambda_f788ae46380686e8b737efdd8c720d07>@@I@Z 000000014001deac f i libucrt:fullpath.obj
 0001:0001cfc8       ??$call_win32_function@V<lambda_17b8e77e04f0039ff1429d79b8271fa1>@@@?$__crt_win32_buffer@_WU__crt_win32_buffer_no_resizing@@@@QEAAHAEBV<lambda_17b8e77e04f0039ff1429d79b8271fa1>@@@Z 000000014001dfc8 f i libucrt:fullpath.obj
 0001:0001d03c       ??$call_win32_function@V<lambda_1a60cddbd8640ed4c95e91b82cd9827b>@@@?$__crt_win32_buffer@_WU__crt_win32_buffer_public_dynamic_resizing@@@@QEAAHAEBV<lambda_1a60cddbd8640ed4c95e91b82cd9827b>@@@Z 000000014001e03c f i libucrt:fullpath.obj
 0001:0001d114       ?detach@?$__crt_win32_buffer@_WU__crt_win32_buffer_public_dynamic_resizing@@@@QEAAPEA_WXZ 000000014001e114 f i libucrt:fullpath.obj
 0001:0001d1f8       _wfullpath                 000000014001e1f8 f   libucrt:fullpath.obj
 0001:0001d2ac       wcspbrk                    000000014001e2ac f   libucrt:wcspbrk.obj
 0001:0001d2e0       __ascii_wcsicmp            000000014001e2e0 f   libucrt:wcsicmp.obj
 0001:0001d320       _wcsicmp                   000000014001e320 f   libucrt:wcsicmp.obj
 0001:0001d368       _wcsicmp_l                 000000014001e368 f   libucrt:wcsicmp.obj
 0001:0001d49c       __acrt_MultiByteToWideChar 000000014001e49c f   libucrt:multibytetowidechar.obj
 0001:0001d52c       __acrt_lowio_create_handle_array 000000014001e52c f   libucrt:osfinfo.obj
 0001:0001d5d4       __acrt_lowio_destroy_handle_array 000000014001e5d4 f   libucrt:osfinfo.obj
 0001:0001d624       __acrt_lowio_ensure_fh_exists 000000014001e624 f   libucrt:osfinfo.obj
 0001:0001d6cc       __acrt_lowio_lock_fh       000000014001e6cc f   libucrt:osfinfo.obj
 0001:0001d6f4       __acrt_lowio_set_os_handle 000000014001e6f4 f   libucrt:osfinfo.obj
 0001:0001d7b4       __acrt_lowio_unlock_fh     000000014001e7b4 f   libucrt:osfinfo.obj
 0001:0001d7dc       _alloc_osfhnd              000000014001e7dc f   libucrt:osfinfo.obj
 0001:0001d91c       _free_osfhnd               000000014001e91c f   libucrt:osfinfo.obj
 0001:0001d9d8       _get_osfhandle             000000014001e9d8 f   libucrt:osfinfo.obj
 0001:0001da50       ??$__crt_time_is_leap_year@H@@YA_NH@Z 000000014001ea50 f i libucrt:loctotime.obj
 0001:0001dce0       __loctotime64_t            000000014001ece0 f   libucrt:loctotime.obj
 0001:0001e4f0       _write                     000000014001f4f0 f   libucrt:write.obj
 0001:0001e588       _write_internal            000000014001f588 f   libucrt:write.obj
 0001:0001e6a8       _write_nolock              000000014001f6a8 f   libucrt:write.obj
 0001:0001eb24       __acrt_stdio_flush_and_write_narrow_nolock 000000014001fb24 f   libucrt:_flsbuf.obj
 0001:0001ebf0       _wmkdir                    000000014001fbf0 f   libucrt:wmkdir.obj
 0001:0001f0a4       _read                      00000001400200a4 f   libucrt:read.obj
 0001:0001f1c4       _read_nolock               00000001400201c4 f   libucrt:read.obj
 0001:0001f614       __acrt_stdio_refill_and_read_narrow_nolock 0000000140020614 f   libucrt:_filbuf.obj
 0001:0001f77c       _msize_base                000000014002077c f   libucrt:msize.obj
 0001:0001f7b8       _fd_int                    00000001400207b8 f   libucrt:_test.obj
 0001:0001f8a0       _get_fpsr                  00000001400208a0 f   libucrt:fpsr.obj
 0001:0001f8b0       _set_fpsr                  00000001400208b0 f   libucrt:fpsr.obj
 0001:0001f8ba       _fclrf                     00000001400208ba f   libucrt:fpsr.obj
 0001:0001f8ce       _frnd                      00000001400208ce f   libucrt:fpsr.obj
 0001:0001f8f0       __acrt_initialize_locks    00000001400208f0 f   libucrt:locks.obj
 0001:0001f938       __acrt_lock                0000000140020938 f   libucrt:locks.obj
 0001:0001f954       __acrt_uninitialize_locks  0000000140020954 f   libucrt:locks.obj
 0001:0001f98c       __acrt_unlock              000000014002098c f   libucrt:locks.obj
 0001:0001f9a8       __acrt_app_verifier_enabled 00000001400209a8 f   libucrt:peb_access.obj
 0001:0001f9c4       __acrt_is_secure_process   00000001400209c4 f   libucrt:peb_access.obj
 0001:0001f9dc       __acrt_get_process_end_policy 00000001400209dc f   libucrt:win_policies.obj
 0001:0001fa20       ??$__acrt_convert_wcs_mbs_cp@_WDV<lambda_d8593a27d1aa8c02be35c86a17d324c4>@@U__crt_win32_buffer_internal_dynamic_resizing@@@@YAHQEB_WAEAV?$__crt_win32_buffer@DU__crt_win32_buffer_internal_dynamic_resizing@@@@AEBV<lambda_d8593a27d1aa8c02be35c86a17d324c4>@@I@Z 0000000140020a20 f i libucrt:argv_wildcards.obj
 0001:000202c4       __acrt_expand_narrow_argv_wildcards 00000001400212c4 f   libucrt:argv_wildcards.obj
 0001:000202cc       __acrt_GetModuleFileNameA  00000001400212cc f   libucrt:getmodulefilenamea.obj
 0001:00020be8       __acrt_initialize_multibyte 0000000140021be8 f   libucrt:mbctype.obj
 0001:00020c48       __acrt_update_thread_multibyte_data 0000000140021c48 f   libucrt:mbctype.obj
 0001:00020c64       _setmbcp_nolock            0000000140021c64 f   libucrt:mbctype.obj
 0001:00020f98       _ismbblead                 0000000140021f98 f   libucrt:ismbbyte.obj
 0001:00020fac       __acrt_initialize_command_line 0000000140021fac f   libucrt:argv_data.obj
 0001:00020fd4       wcscpy_s                   0000000140021fd4 f   libucrt:wcscpy_s.obj
 0001:0002103c       __acrt_WideCharToMultiByte 000000014002203c f   libucrt:widechartomultibyte.obj
 0001:0002111c       __dcrt_get_narrow_environment_from_os 000000014002211c f   libucrt:get_environment_from_os.obj
 0001:0002122c       __dcrt_get_wide_environment_from_os 000000014002222c f   libucrt:get_environment_from_os.obj
 0001:0002171c       __dcrt_set_variable_in_wide_environment_nolock 000000014002271c f   libucrt:setenv.obj
 0001:00021724       _recalloc_base             0000000140022724 f   libucrt:recalloc.obj
 0001:000217bc       __acrt_initialize_heap     00000001400227bc f   libucrt:heap_handle.obj
 0001:000217d8       __acrt_uninitialize_heap   00000001400227d8 f   libucrt:heap_handle.obj
 0001:000217e4       __acrt_execute_initializers 00000001400227e4 f   libucrt:shared_initialization.obj
 0001:00021878       __acrt_execute_uninitializers 0000000140022878 f   libucrt:shared_initialization.obj
 0001:00021908       __acrt_get_sigabrt_handler 0000000140022908 f   libucrt:signal.obj
 0001:00021938       __acrt_initialize_signal_handlers 0000000140022938 f   libucrt:signal.obj
 0001:00021958       raise                      0000000140022958 f   libucrt:signal.obj
 0001:00021bd4       wcsncpy_s                  0000000140022bd4 f   libucrt:wcsncpy_s.obj
 0001:00021cd0       __acrt_initialize_fmode    0000000140022cd0 f   libucrt:txtmode.obj
 0001:00021cec       __acrt_locale_free_monetary 0000000140022cec f   libucrt:initmon.obj
 0001:00021df8       __acrt_locale_free_numeric 0000000140022df8 f   libucrt:initnum.obj
 0001:00021e98       __acrt_locale_free_time    0000000140022e98 f   libucrt:inittime.obj
 0001:00021fa0       __acrt_GetStringTypeA      0000000140022fa0 f   libucrt:getstringtypea.obj
 0001:00022130       __acrt_add_locale_ref      0000000140023130 f   libucrt:locale_refcounting.obj
 0001:000221bc       __acrt_free_locale         00000001400231bc f   libucrt:locale_refcounting.obj
 0001:00022334       __acrt_locale_add_lc_time_reference 0000000140023334 f   libucrt:locale_refcounting.obj
 0001:0002235c       __acrt_locale_free_lc_time_if_unreferenced 000000014002335c f   libucrt:locale_refcounting.obj
 0001:00022394       __acrt_locale_release_lc_time_reference 0000000140023394 f   libucrt:locale_refcounting.obj
 0001:000223bc       __acrt_release_locale_ref  00000001400233bc f   libucrt:locale_refcounting.obj
 0001:00022464       __acrt_update_thread_locale_data 0000000140023464 f   libucrt:locale_refcounting.obj
 0001:000224d4       _updatetlocinfoEx_nolock   00000001400234d4 f   libucrt:locale_refcounting.obj
 0001:00022870       __acrt_LCMapStringA        0000000140023870 f   libucrt:lcmapstringa.obj
 0001:00022908       iswctype                   0000000140023908 f   libucrt:iswctype.obj
 0001:00022974       __ascii_wcsnicmp           0000000140023974 f   libucrt:wcsnicmp.obj
 0001:000229c0       __ascii_strnicmp           00000001400239c0 f   libucrt:strnicmp.obj
 0001:00022a0c       _strnicmp                  0000000140023a0c f   libucrt:strnicmp.obj
 0001:00022a5c       _strnicmp_l                0000000140023a5c f   libucrt:strnicmp.obj
 0001:0002311c       _sopen_nolock              000000014002411c f   libucrt:open.obj
 0001:00023238       _sopen_s                   0000000140024238 f   libucrt:open.obj
 0001:0002326c       _wsopen_nolock             000000014002426c f   libucrt:open.obj
 0001:0002365c       __acrt_DownlevelLocaleNameToLCID 000000014002465c f   libucrt:lcidtoname_downlevel.obj
 0001:0002378c       _commit                    000000014002478c f   libucrt:commit.obj
 0001:000238f0       __acrt_fp_strflt_to_string 00000001400248f0 f   libucrt:_fptostr.obj
 0001:00023a00       ?divide@__crt_strtox@@YA_KAEAUbig_integer@1@AEBU21@@Z 0000000140024a00 f i libucrt:cfout.obj
 0001:00023e9c       __acrt_fltout              0000000140024e9c f   libucrt:cfout.obj
 0001:000251b4       fegetround                 00000001400261b4 f   libucrt:fegetround.obj
 0001:000251c8       ?__c32rtomb_utf8@__crt_mbstring@@YA_KPEAD_UPEAU_Mbstatet@@AEAV__crt_cached_ptd_host@@@Z 00000001400261c8 f   libucrt:c32rtomb.obj
 0001:0002526c       ?__mbrtowc_utf8@__crt_mbstring@@YA_KPEA_WPEBD_KPEAU_Mbstatet@@AEAV__crt_cached_ptd_host@@@Z 000000014002626c f   libucrt:mbrtowc.obj
 0001:000252b0       ?__mbsrtowcs_utf8@__crt_mbstring@@YA_KPEA_WPEAPEBD_KPEAU_Mbstatet@@AEAV__crt_cached_ptd_host@@@Z 00000001400262b0 f   libucrt:mbrtowc.obj
 0001:00025454       _isatty                    0000000140026454 f   libucrt:isatty.obj
 0001:000256a4       _wgetcwd                   00000001400266a4 f   libucrt:getcwd.obj
 0001:000256cc       _towlower_l                00000001400266cc f   libucrt:towlower.obj
 0001:000257c0       __acrt_initialize_timeset  00000001400267c0 f   libucrt:timeset.obj
 0001:00025810       __daylight                 0000000140026810 f   libucrt:timeset.obj
 0001:00025818       __dstbias                  0000000140026818 f   libucrt:timeset.obj
 0001:00025820       __timezone                 0000000140026820 f   libucrt:timeset.obj
 0001:00025828       __tzname                   0000000140026828 f   libucrt:timeset.obj
 0001:00025830       __wide_tzname              0000000140026830 f   libucrt:timeset.obj
 0001:00025838       _get_daylight              0000000140026838 f   libucrt:timeset.obj
 0001:00025868       _get_dstbias               0000000140026868 f   libucrt:timeset.obj
 0001:00025898       _get_timezone              0000000140026898 f   libucrt:timeset.obj
 0001:00026434       __tzset                    0000000140027434 f   libucrt:tzset.obj
 0001:00026478       _isindst                   0000000140027478 f   libucrt:tzset.obj
 0001:00026674       _lseeki64                  0000000140027674 f   libucrt:lseek.obj
 0001:00026710       _lseeki64_nolock           0000000140027710 f   libucrt:lseek.obj
 0001:000267ac       _lseeki64_nolock_internal  00000001400277ac f   libucrt:lseek.obj
 0001:000267b4       _putwch_nolock             00000001400277b4 f   libucrt:putwch.obj
 0001:000267f0       __acrt_stdio_allocate_buffer_nolock 00000001400277f0 f   libucrt:_getbuf.obj
 0001:0002685c       __acrt_fenv_get_common_round_control 000000014002785c f   libucrt:_fenvutils.obj
 0001:00026868       __acrt_fenv_get_control    0000000140027868 f   libucrt:_fenvutils.obj
 0001:0002694c       __acrt_fenv_get_status     000000014002794c f   libucrt:_fenvutils.obj
 0001:000269a4       __acrt_fenv_set_control    00000001400279a4 f   libucrt:_fenvutils.obj
 0001:00026adc       __acrt_fenv_set_status     0000000140027adc f   libucrt:_fenvutils.obj
 0001:00026b50       qsort                      0000000140027b50 f   libucrt:qsort.obj
 0001:00026f60       strncpy_s                  0000000140027f60 f   libucrt:strncpy_s.obj
 0001:000270f0       strpbrk                    00000001400280f0 f   libucrt:strpbrk.obj
 0001:000274b8       _mbsdec                    00000001400284b8 f   libucrt:mbsdec.obj
 0001:000274c0       _mbsdec_l                  00000001400284c0 f   libucrt:mbsdec.obj
 0001:0002756c       _wcsnicoll                 000000014002856c f   libucrt:wcsnicol.obj
 0001:000275bc       _wcsnicoll_l               00000001400285bc f   libucrt:wcsnicol.obj
 0001:000276ac       __strncnt                  00000001400286ac f   libucrt:strncnt.obj
 0001:000276c4       __acrt_GetStringTypeW      00000001400286c4 f   libucrt:getstringtypew.obj
 0001:000276cc       _chsize_nolock             00000001400286cc f   libucrt:chsize.obj
 0001:00027764       _chsize_nolock_internal    0000000140028764 f   libucrt:chsize.obj
 0001:000278f8       _controlfp_s               00000001400288f8 f   libucrt:contrlfp.obj
 0001:0002795c       fegetenv                   000000014002895c f   libucrt:fegetenv.obj
 0001:0002797c       fesetenv                   000000014002897c f   libucrt:fesetenv.obj
 0001:000279d4       feholdexcept               00000001400289d4 f   libucrt:feholdexcept.obj
 0001:00027a24       ceil                       0000000140028a24 f   libucrt:ceil.obj
 0001:00027af0       log10                      0000000140028af0 f   libucrt:log10.obj
 0001:0002809c       ?reset_and_return@__crt_mbstring@@YA_K_KPEAU_Mbstatet@@@Z 000000014002909c f   libucrt:common_utf8.obj
 0001:000280a4       ?return_illegal_sequence@__crt_mbstring@@YA_KPEAU_Mbstatet@@AEAV__crt_cached_ptd_host@@@Z 00000001400290a4 f   libucrt:common_utf8.obj
 0001:000280b8       ?__mbrtoc32_utf8@__crt_mbstring@@YA_KPEA_UPEBD_KPEAU_Mbstatet@@AEAV__crt_cached_ptd_host@@@Z 00000001400290b8 f   libucrt:mbrtoc32.obj
 0001:00028294       __acrt_LCMapStringW        0000000140029294 f   libucrt:lcmapstringw.obj
 0001:0002831c       wcstol                     000000014002931c f   libucrt:strtox.obj
 0001:00028560       _wgetenv_s                 0000000140029560 f   libucrt:getenv.obj
 0001:00028568       __dcrt_lowio_ensure_console_output_initialized 0000000140029568 f   libucrt:initcon.obj
 0001:000285bc       __dcrt_terminate_console_output 00000001400295bc f   libucrt:initcon.obj
 0001:000285d8       __dcrt_write_console       00000001400295d8 f   libucrt:initcon.obj
 0001:00028698       __acrt_CompareStringW      0000000140029698 f   libucrt:comparestringw.obj
 0001:0002887c       _handle_error              000000014002987c f   libucrt:libm_error.obj
 0001:000289a4       _handle_errorf             00000001400299a4 f   libucrt:libm_error.obj
 0001:00028ad8       _handle_nan                0000000140029ad8 f   libucrt:libm_error.obj
 0001:00028af4       _handle_nanf               0000000140029af4 f   libucrt:libm_error.obj
 0001:00028b10       __acrt_initialize_fma3     0000000140029b10 f   libucrt:fma3_available.obj
 0001:00028b80       _log10_special             0000000140029b80 f   libucrt:log_special.obj
 0001:00028c38       _raise_exc                 0000000140029c38 f   libucrt:fpexcept.obj
 0001:00028c60       _raise_exc_ex              0000000140029c60 f   libucrt:fpexcept.obj
 0001:00028f68       _raise_excf                0000000140029f68 f   libucrt:fpexcept.obj
 0001:00028f94       _set_errno_from_matherr    0000000140029f94 f   libucrt:fpexcept.obj
 0001:00028fc4       _clrfp                     0000000140029fc4 f   libucrt:fpctrl.obj
 0001:00028fe4       _ctrlfp                    0000000140029fe4 f   libucrt:fpctrl.obj
 0001:00029060       _set_statfp                000000014002a060 f   libucrt:fpctrl.obj
 0001:00029080       _statfp                    000000014002a080 f   libucrt:fpctrl.obj
 0001:00029094       __GSHandlerCheck           000000014002a094 f   LIBCMT:gshandler.obj
 0001:000290b4       __GSHandlerCheckCommon     000000014002a0b4 f   LIBCMT:gshandler.obj
 0001:00029120       __security_check_cookie    000000014002a120 f   LIBCMT:amdsecgs.obj
 0001:00029140       _FindPESection             000000014002a140 f   LIBCMT:pesect.obj
 0001:00029190       _IsNonwritableInCurrentImage 000000014002a190 f   LIBCMT:pesect.obj
 0001:000291e0       _ValidateImageBase         000000014002a1e0 f   LIBCMT:pesect.obj
 0001:00029210       __GSHandlerCheck_SEH       000000014002a210 f   LIBCMT:gshandlerseh.obj
 0001:00029298       __raise_securityfailure    000000014002a298 f   LIBCMT:gs_report.obj
 0001:000292cc       __report_gsfailure         000000014002a2cc f   LIBCMT:gs_report.obj
 0001:000293a0       __report_rangecheckfailure 000000014002a3a0 f   LIBCMT:gs_report.obj
 0001:000293b4       __report_securityfailure   000000014002a3b4 f   LIBCMT:gs_report.obj
 0001:00029534       __GSHandlerCheck_EH        000000014002a534 f   LIBCMT:gshandlereh.obj
 0001:000295d0       __chkstk                   000000014002a5d0 f   LIBCMT:chkstk.obj
 0001:000295d0       _alloca_probe              000000014002a5d0 f   LIBCMT:chkstk.obj
 0001:00029620       __C_specific_handler_noexcept 000000014002a620 f   libvcruntime:chandler_noexcept.obj
 0001:0002966c       wcsrchr                    000000014002a66c f   libvcruntime:wcsrchr.obj
 0001:00029730       memcmp                     000000014002a730 f   libvcruntime:memcmp.obj
 0001:000297f8       strrchr                    000000014002a7f8 f   libvcruntime:strrchr.obj
 0001:00029924       wcschr                     000000014002a924 f   libvcruntime:wcschr.obj
 0001:00032560       __vdecl_sinf4              0000000140033560 f   LIBCMT:svml_ssinf4_dispatch.obj
 0001:00032580       __libm_sse2_sincosf_       0000000140033580 f   LIBCMT:svml_ssinf4_dispatch.obj
 0001:000325c3       __libm_sse2_sincosf4_      00000001400335c3 f   LIBCMT:svml_ssinf4_dispatch.obj
 0001:000325d0       __vdecl_cos2               00000001400335d0 f   LIBCMT:svml_dcos2_dispatch.obj
 0001:000325f0       __sse2_sinf4@@16           00000001400335f0 f   LIBCMT:svml_ssinf4_sse2.obj
 0001:00032f30       __sse4_sinf4@@16           0000000140033f30 f   LIBCMT:svml_ssinf4_sse4.obj
 0001:000336b0       __sse2_cos2@@16            00000001400346b0 f   LIBCMT:svml_dcos2_sse2.obj
 0001:00033d60       __sse4_cos2@@16            0000000140034d60 f   LIBCMT:svml_dcos2_sse4.obj
 0001:00034410       __common_ssin_cout_rare    0000000140035410 f   LIBCMT:svml_s_sin_cout.obj
 0001:00034480       __common_dcos_cout_rare    0000000140035480 f   LIBCMT:svml_d_cos_cout.obj
 0001:000344f0       _vcomp_for_dynamic_init    00000001400354f0 f   VCOMP:VCOMP140.DLL
 0001:000344f6       _vcomp_for_dynamic_next    00000001400354f6 f   VCOMP:VCOMP140.DLL
 0001:000344fc       _vcomp_for_static_end      00000001400354fc f   VCOMP:VCOMP140.DLL
[...]
 0002:000110c0       $xdatasym                  000000014004b0c0     libucrt:cos.obj
 0002:000110c8       $xdatasym                  000000014004b0c8     libucrt:cosf.obj
 0002:000110d0       $xdatasym                  000000014004b0d0     libucrt:expf.obj
 0002:000110d8       $xdatasym                  000000014004b0d8     libucrt:powf.obj
 0002:000110e8       $xdatasym                  000000014004b0e8     libucrt:sinf.obj
 0002:000110f0       $xdatasym                  000000014004b0f0     libucrt:remainder_piby2_forasm.obj
 0002:00011100       $xdatasym                  000000014004b100     libucrt:remainder_piby2_forfma3.obj
 0002:0001110c       $unwind$_sincos_special    000000014004b10c     libucrt:sincos_special.obj
 0002:0001110c       $unwind$_sincosf_special   000000014004b10c     libucrt:sincos_special.obj
 0002:00011118       $xdatasym                  000000014004b118     libucrt:remainder_piby2f_forasm.obj
 0002:0001111c       $unwind$_powf_special      000000014004b11c     libucrt:pow_special.obj
 0002:00011128       $xdatasym                  000000014004b128     libucrt:remainder_piby2f_forc.obj
 0002:00011a46       .idata$6                   000000014004ba46     ws2_32:WS2_32.dll
 0002:00011a68       .idata$6                   000000014004ba68     kernel32:KERNEL32.dll
 0002:00011a9a       .idata$6                   000000014004ba9a     user32:USER32.dll
 0002:00011ba6       .idata$6                   000000014004bba6     bass:BASS.dll
 0002:00011c44       .idata$6                   000000014004bc44     DevIL:DevIL.dll
 0002:00011ece       .idata$6                   000000014004bece     SDL2:SDL2.dll
 0002:000125ec       .idata$6                   000000014004c5ec     VCOMP:VCOMP140.DLL
 0003:00000040       ?__vcrt_flsindex@@3KA      000000014004d040     libvcruntime:per_thread_data.obj
 0003:00000160       ?dazSupported@?1??common_control87@@9@9 000000014004d160     libucrt:ieee.obj
 0003:00000168       ?errno_no_memory@@3HA      000000014004d168     libucrt:errno.obj
 0003:0000016c       ?doserrno_no_memory@@3KA   000000014004d16c     libucrt:errno.obj
 0003:000001b8       ?__acrt_flsindex@@3KA      000000014004d1b8     libucrt:per_thread_data.obj
 0003:00000660       _mbctypes                  000000014004d660     libucrt:mbctype.obj
 0003:00000770       _mbcasemaps                000000014004d770     libucrt:mbctype.obj
 0003:00000870       ?__rgctypeflag@@3PADA      000000014004d870     libucrt:mbctype.obj
 0003:00000880       ?__rgcode_page_info@@3PAUcode_page_info@@A 000000014004d880     libucrt:mbctype.obj
 0003:00000a30       ?tzstd_program@@3PADA      000000014004da30     libucrt:timeset.obj
 0003:00000a70       ?tzdst_program@@3PADA      000000014004da70     libucrt:timeset.obj
 0003:00000ab0       ?w_tzstd_program@@3PA_WA   000000014004dab0     libucrt:timeset.obj
 0003:00000b30       ?w_tzdst_program@@3PA_WA   000000014004db30     libucrt:timeset.obj
 0003:00000bb0       ?tzname_states@@3PAY01PEADA 000000014004dbb0     libucrt:timeset.obj
 0003:00000bc0       ?w_tzname_states@@3PAY01PEA_WA 000000014004dbc0     libucrt:timeset.obj
 0003:00000bd0       ?dststart@@3Utransitiondate@?A0x7639d0b4@@A 000000014004dbd0     libucrt:tzset.obj
 0003:00000be0       ?dstend@@3Utransitiondate@?A0x7639d0b4@@A 000000014004dbe0     libucrt:tzset.obj
 0003:00000bf0       ?__dcrt_lowio_console_output_handle@@3PEAXEA 000000014004dbf0     libucrt:initcon.obj
 0003:00000c00       ?dazSupported@?1??_ctrlfp@@9@9 000000014004dc00     libucrt:fpctrl.obj
 0003:00000c40       ?need_init@?1??server_connect@@9@9 000000014004dc40     device.obj
 0003:00000c44       ?s_curRayLength@@3IA       000000014004dc44     ball.obj
 0003:00000c48       ?s_beamAlphaMin@@3MA       000000014004dc48     ball.obj
 0003:00000c4c       ?s_beamAtten@@3IA          000000014004dc4c     ball.obj
 0003:00000c50       ?s_rocketCallbacks@@3Usync_cb@@A 000000014004dc50     rocket.obj
 0003:00000c68       ?s_mapTilt@@3HA            000000014004dc68     landscape.obj
 0003:00000c70       ?s_lastErr@@3V?$basic_string@DU?$char_traits@D@std@@V?$allocator@D@2@@std@@A 000000014004dc70     main.obj
 0003:00000f20       ?is_initialized_as_dll@@3_NA 000000014004df20     LIBCMT:utility.obj
 0003:00000f21       ?module_local_atexit_table_initialized@@3_NA 000000014004df21     LIBCMT:utility.obj
 0003:00000f28       ?module_local_atexit_table@@3U_onexit_table_t@@A 000000014004df28     LIBCMT:utility.obj
 0003:00000f40       ?module_local_at_quick_exit_table@@3U_onexit_table_t@@A 000000014004df40     LIBCMT:utility.obj
 0003:00000f90       ?__vcrt_startup_thread_ptd@@3U__vcrt_ptd@@A 000000014004df90     libvcruntime:per_thread_data.obj
 0003:00001010       __vcrt_lock_table          000000014004e010     libvcruntime:locks.obj
 0003:00001038       __vcrt_locks_initialized   000000014004e038     libvcruntime:locks.obj
 0003:00001080       ?heap@@3V_HeapManager@@A   000000014004e080     libvcruntime:undname.obj
 0003:000010a8       ?module_handles@@3PAPEAUHINSTANCE__@@A 000000014004e0a8     libvcruntime:winapi_downlevel.obj
 0003:000010c0       ?function_pointers@@3PAPEAXA 000000014004e0c0     libvcruntime:winapi_downlevel.obj
 0003:00001108       ?__acrt_invalid_parameter_handler@@3V?$dual_state_global@P6AXPEB_W00I_K@Z@__crt_state_management@@A 000000014004e108     libucrt:invalid_parameter.obj
 0003:00001110       ?__acrt_new_handler@@3V?$dual_state_global@P6AH_K@Z@__crt_state_management@@A 000000014004e110     libucrt:new_handler.obj
 0003:00001118       ?c_termination_complete@@3JA 000000014004e118     libucrt:exit.obj
 0003:00001120       ?thread_local_exit_callback_func@@3P6AXPEAXK0@ZEA 000000014004e120     libucrt:exit.obj
 0003:00001128       ?c_exit_complete@?1???R<lambda_6e4b09c48022b2350581041d5f6b0c4c>@@QEBA@XZ@4_NA 000000014004e128     libucrt:exit.obj
 0003:00001130       ?program_name@?1???$common_configure_argv@D@@YAHW4_crt_argv_mode@@@Z@4PADA 000000014004e130     libucrt:argv_parsing.obj
 0003:00001288       ?__acrt_app_type@@3W4_crt_app_type@@A 000000014004e288     libucrt:report_runtime_error.obj
 0003:00001290       ?user_matherr@@3V?$dual_state_global@P6AHPEAU_exception@@@Z@__crt_state_management@@A 000000014004e290     libucrt:matherr.obj
 0003:00001298       ?empty_string@?1???$common_wincmdln@E@@YAPEAEXZ@4PAEA 000000014004e298     libucrt:argv_winmain.obj
 0003:000012a0       ?__acrt_global_new_mode@@3V?$dual_state_global@J@__crt_state_management@@A 000000014004e2a0     libucrt:new_mode.obj
 0003:000012b0       ?module_handles@@3PAPEAUHINSTANCE__@@A 000000014004e2b0     libucrt:winapi_thunks.obj
 0003:00001360       ?encoded_function_pointers@@3PAPEAXA 000000014004e360     libucrt:winapi_thunks.obj
 0003:00001870       ?internal_state@?1??_mbtowc_internal@@9@4U_Mbstatet@@A 000000014004e870     libucrt:mbtowc.obj
 0003:00001878       ?enable_percent_n@@3_KA    000000014004e878     libucrt:printf_count_output.obj
 0003:00001890       ?__acrt_lock_table@@3PAU_RTL_CRITICAL_SECTION@@A 000000014004e890     libucrt:locks.obj
 0003:00001ac0       ?__acrt_locks_initialized@@3IA 000000014004eac0     libucrt:locks.obj
 0003:00001ae0       ?fSystemSet@@3HA           000000014004eae0     libucrt:mbctype.obj
 0003:00001ae4       ?initialized@?1??__acrt_initialize_multibyte@@9@4_NA 000000014004eae4     libucrt:mbctype.obj
 0003:00001b20       ?ctrlc_action@@3V?$dual_state_global@P6AXH@Z@__crt_state_management@@A 000000014004eb20     libucrt:signal.obj
 0003:00001b28       ?ctrlbreak_action@@3V?$dual_state_global@P6AXH@Z@__crt_state_management@@A 000000014004eb28     libucrt:signal.obj
 0003:00001b30       ?abort_action@@3V?$dual_state_global@P6AXH@Z@__crt_state_management@@A 000000014004eb30     libucrt:signal.obj
 0003:00001b38       ?term_action@@3V?$dual_state_global@P6AXH@Z@__crt_state_management@@A 000000014004eb38     libucrt:signal.obj
 0003:00001b60       ?_tzname@@3V?$dual_state_global@PEAPEAD@__crt_state_management@@A 000000014004eb60     libucrt:timeset.obj
 0003:00001b68       ?w_tzname@@3V?$dual_state_global@PEAPEA_W@__crt_state_management@@A 000000014004eb68     libucrt:timeset.obj
 0003:00001b70       ?last_wide_tz@@3PEA_WEA    000000014004eb70     libucrt:tzset.obj
 0003:00001b80       ?tz_api_used@@3HA          000000014004eb80     libucrt:tzset.obj
 0003:00001b84       ?tzset_init_state@@3V?$dual_state_global@J@__crt_state_management@@A 000000014004eb84     libucrt:tzset.obj
 0003:00001b90       ?tz_info@@3U_TIME_ZONE_INFORMATION@@A 000000014004eb90     libucrt:tzset.obj
 0003:00001c40       ?internal_pst@?1??__mbrtoc32_utf8@__crt_mbstring@@YA_KPEA_UPEBD_KPEAU_Mbstatet@@AEAV__crt_cached_ptd_host@@@Z@4U3@A 000000014004ec40     libucrt:mbrtoc32.obj
 0003:00001c50       GS_ExceptionRecord         000000014004ec50     LIBCMT:gs_report.obj
 0003:00001cf0       GS_ContextRecord           000000014004ecf0     LIBCMT:gs_report.obj
 0003:00009550       ?fNautilus_global@@3VVector3@@A 0000000140056550     shadertoy.obj
 0003:00009560       ?fSpike_global@@3VVector4@@A 0000000140056560     shadertoy.obj
 0003:00009570       ?temp@?1??path_encode@@9@9 0000000140056570     device.obj
 0003:00009674       ?s_hMusic@@3KA             0000000140056674     audio.obj
 0003:00009678       ?s_bassInf@@3UBASS_INFO@@A 0000000140056678     audio.obj
 0003:000096b0       ?temp@?1??sync_track_path@@9@9 00000001400566b0     device.obj
 0003:000097b8       ?s_pColorMap@@3PAPEAIA     00000001400567b8     ball.obj
 0003:000097c8       ?s_pEnvMap@@3PEAIEA        00000001400567c8     ball.obj
 0003:000097d0       ?s_heightProj@@3PAIA       00000001400567d0     ball.obj
 0003:0000a7d0       ?s_heightProjNorm@@3PAHA   00000001400577d0     ball.obj
 0003:0000b7d0       ?s_pHeightMap@@3PAPEAEA    00000001400587d0     ball.obj
 0003:0000b7f8       ?s_pHalo@@3PEAIEA          00000001400587f8     ball.obj
 0003:0000b800       ?s_pBeamMapMix@@3PEAIEA    0000000140058800     ball.obj
 0003:0000b808       ?s_pBeamMaps@@3PAPEAIA     0000000140058808     ball.obj
 0003:0000b820       ?s_heightMapMix@@3PEAEEA   0000000140058820     ball.obj
 0003:0000b828       ?s_pBackgrounds@@3PAPEAIA  0000000140058828     ball.obj
 0003:0000b838       ?s_pTempBuf@@3PEAIEA       0000000140058838     boxblur.obj
 0003:0000b840       ?s_genState@@3UTINYMT32_T@@A 0000000140058840     random.obj
 0003:0000b860       ?s_hRocket@@3PEAUsync_device@@EA 0000000140058860     rocket.obj
 0003:0000b868       ?s_pFDTunnelTex@@3PEAIEA   0000000140058868     shadertoy.obj
 0003:0000b870       ?s_pFDTunnelTexHighlights@@3PEAIEA 0000000140058870     shadertoy.obj
 0003:0000b878       ?s_pNautilusDirt@@3PEAIEA  0000000140058878     demo.obj
 0003:0000b880       ?s_pBallVignette@@3PEAIEA  0000000140058880     demo.obj
 0003:0000b888       ?s_pLenz@@3PEAIEA          0000000140058888     demo.obj
 0003:0000b890       ?s_pRevLogo@@3PEAIEA       0000000140058890     demo.obj
 0003:0000b898       ?s_pSpikeyFullDirt@@3PEAIEA 0000000140058898     demo.obj
 0003:0000b8a0       ?s_pNoooN@@3PEAIEA         00000001400588a0     demo.obj
 0003:0000b8a8       ?s_pTunnelVignette2@@3PEAIEA 00000001400588a8     demo.obj
 0003:0000b8b0       ?s_pDiscoGuys@@3PAPEAIA    00000001400588b0     demo.obj
 0003:0000b8f0       ?s_pGreetings@@3PAPEAIA    00000001400588f0     demo.obj
 0003:0000b910       ?s_pCredits@@3PAPEAIA      0000000140058910     demo.obj
 0003:0000b930       ?s_pSpikeyBypass@@3PEAIEA  0000000140058930     demo.obj
 0003:0000b938       ?s_pWaterDirt@@3PEAIEA     0000000140058938     demo.obj
 0003:0000b940       ?s_pCloseSpikeVignette@@3PEAIEA 0000000140058940     demo.obj
 0003:0000b948       ?s_pCloseSpikeDirt@@3PEAIEA 0000000140058948     demo.obj
 0003:0000b950       ?s_pVignette06@@3PEAIEA    0000000140058950     demo.obj
 0003:0000b958       ?s_pNautilusCousteauRim2@@3PEAIEA 0000000140058958     demo.obj
 0003:0000b960       ?s_pWaterPrismOverlay@@3PEAIEA 0000000140058960     demo.obj
 0003:0000b968       ?s_pNautilusCousteau2@@3PEAIEA 0000000140058968     demo.obj
 0003:0000b970       ?s_pSpikeyArrested@@3PEAIEA 0000000140058970     demo.obj
 0003:0000b978       ?s_pAreWeDone@@3PEAIEA     0000000140058978     demo.obj
 0003:0000b980       ?s_pTunnelFullDirt@@3PEAIEA 0000000140058980     demo.obj
 0003:0000b988       ?s_pGodLayer@@3PEAIEA      0000000140058988     demo.obj
 0003:0000b990       ?s_pSpikeyVignette@@3PEAIEA 0000000140058990     demo.obj
 0003:0000b998       ?s_pNautilusCousteauRim1@@3PEAIEA 0000000140058998     demo.obj
 0003:0000b9a0       ?s_pTunnelVignette@@3PEAIEA 00000001400589a0     demo.obj
 0003:0000b9a8       ?s_pNautilusCousteau1@@3PEAIEA 00000001400589a8     demo.obj
 0003:0000b9b0       ?s_pNautilusVignette@@3PEAIEA 00000001400589b0     demo.obj
 0003:0000b9b8       ?s_pNautilusText@@3PEAIEA  00000001400589b8     demo.obj
 0003:0000b9c0       ?s_pGreetingsDirt@@3PEAIEA 00000001400589c0     demo.obj
 0003:0000b9c8       ?s_pGreetingsVignette@@3PEAIEA 00000001400589c8     demo.obj
 0003:0000b9d0       ?s_pMFX@@3PEAIEA           00000001400589d0     demo.obj
 0003:0000b9d8       ?s_pSpikeyVignette2@@3PEAIEA 00000001400589d8     demo.obj
 0003:0000b9e0       ?s_pPad@@3PEAU_SDL_GameController@@EA 00000001400589e0     gamepad.obj
 0003:0000b9e8       ?s_pGC@@3V?$vector@PEAXV?$allocator@PEAX@std@@@std@@A 00000001400589e8     image.obj
 0003:0000ba00       ?s_pColorMap@@3PEAIEA      0000000140058a00     landscape.obj
 0003:0000ba08       ?s_pFogGradient@@3PEAIEA   0000000140058a08     landscape.obj
 0003:0000ba10       ?s_fogGradientUnp@@3PAT__m128i@@A 0000000140058a10     landscape.obj
 0003:0000ca10       ?s_pHeightMap@@3PEAEEA     0000000140059a10     landscape.obj
 0003:0000ca18       ?s_pInvMap2x2@@3PEAHEA     0000000140059a18     polar.obj
 0003:0000ca20       ?s_pMap@@3PEAHEA           0000000140059a20     polar.obj
 0003:0000ca28       ?s_pInvMap@@3PEAHEA        0000000140059a28     polar.obj
 0003:0000ca30       ?s_pMap2x2@@3PEAHEA        0000000140059a30     polar.obj
 0003:0000ca38       ?s_pColorMap@@3PEAIEA      0000000140059a38     torus-twister.obj
 0003:0000ca40       ?s_heightProj@@3PAIA       0000000140059a40     torus-twister.obj
 0003:0000d240       ?s_heightProjNorm@@3PAIA   000000014005a240     torus-twister.obj
 0003:0000da40       ?s_pHeightMap@@3PEAEEA     000000014005aa40     torus-twister.obj
 0003:0000da48       ?s_pBackground@@3PEAIEA    000000014005aa48     torus-twister.obj
 0003:0000da50       ?s_pColorMap@@3PEAIEA      000000014005aa50     tunnelscape.obj
 0003:0000da58       ?s_pFogGradient@@3PEAIEA   000000014005aa58     tunnelscape.obj
 0003:0000da60       ?s_fogGradientUnp@@3PAT__m128i@@A 000000014005aa60     tunnelscape.obj
 0003:0000ea60       ?s_pHeightMap@@3PEAEEA     000000014005ba60     tunnelscape.obj
 0003:0000ea68       ?numCalls@?9??Gamepad_Update@@YA_NAEAUPadState@@@Z@4HA 000000014005ba68     gamepad.obj
 0003:0000ea6c       ?strafeX@?1??vscape@@YAXPEAIMM@Z@4MA 000000014005ba6c     landscape.obj
 0003:0000ea70       ?viewAngle@?1??vscape@@YAXPEAIMM@Z@4MA 000000014005ba70     landscape.obj
 0003:0000ea74       ?padMoveX@?1??vscape@@YAXPEAIMM@Z@4MA 000000014005ba74     landscape.obj
 0003:0000ea78       ?padTilt@?1??vscape@@YAXPEAIMM@Z@4MA 000000014005ba78     landscape.obj
 0003:0000ea7c       ?padMoveY@?1??vscape@@YAXPEAIMM@Z@4MA 000000014005ba7c     landscape.obj
 0003:0000ea80       ?strafeY@?1??vscape@@YAXPEAIMM@Z@4MA 000000014005ba80     landscape.obj
 0003:0000ea90       ?edgeDivs@?1??VerticalBoxBlur32@@YAXPEAIPEBIIIM@Z@4PAT__m128i@@A 000000014005ba90     boxblur.obj
 0003:0000fa90       ?edgeDivs@?1??HorizontalBoxBlur32@@YAXPEAIPEBIIIM@Z@4PAT__m128i@@A 000000014005ca90     boxblur.obj
 0005:00000000       MsetTab                    0000000140061000     libvcruntime:memset.obj
 0005:00000050       MoveSmall                  0000000140061050     libvcruntime:memcpy.obj
 0005:00000090       MoveSmallYmm               0000000140061090     libvcruntime:memcpy.obj
 0005:000000b4       MoveSmallYmmNT             00000001400610b4     libvcruntime:memcpy.obj
 0005:000000d8       MoveSmallXmm               00000001400610d8     libvcruntime:memcpy.obj
 0005:00000100       _2il0floatpacket$19        0000000140061100     LIBCMT:svml_ssinf4_sse2.obj
 0005:00000200       _2il0floatpacket$26        0000000140061200     LIBCMT:svml_dcos2_sse2.obj
 0005:00000210       _2il0floatpacket$27        0000000140061210     LIBCMT:svml_dcos2_sse2.obj
 0005:00000220       _2il0floatpacket$28        0000000140061220     LIBCMT:svml_dcos2_sse2.obj
 0005:00000230       _2il0floatpacket$29        0000000140061230     LIBCMT:svml_dcos2_sse2.obj
 0005:00000240       _2il0floatpacket$30        0000000140061240     LIBCMT:svml_dcos2_sse2.obj
 0005:00000250       _2il0floatpacket$31        0000000140061250     LIBCMT:svml_dcos2_sse2.obj
 0005:00000260       _2il0floatpacket$32        0000000140061260     LIBCMT:svml_dcos2_sse2.obj
 0005:00000270       _2il0floatpacket$33        0000000140061270     LIBCMT:svml_dcos2_sse2.obj
 0005:00000280       _2il0floatpacket$34        0000000140061280     LIBCMT:svml_dcos2_sse2.obj
 0005:00000290       _2il0floatpacket$35        0000000140061290     LIBCMT:svml_dcos2_sse2.obj
 0005:000002a0       _2il0floatpacket$36        00000001400612a0     LIBCMT:svml_dcos2_sse2.obj
 0005:000002b0       _2il0floatpacket$37        00000001400612b0     LIBCMT:svml_dcos2_sse2.obj
 0005:000002c0       _2il0floatpacket$38        00000001400612c0     LIBCMT:svml_dcos2_sse2.obj
 0005:000002d0       _2il0floatpacket$39        00000001400612d0     LIBCMT:svml_dcos2_sse2.obj
 0005:000002e0       _2il0floatpacket$40        00000001400612e0     LIBCMT:svml_dcos2_sse2.obj
 0005:000002f0       _2il0floatpacket$41        00000001400612f0     LIBCMT:svml_dcos2_sse2.obj
 0005:00000300       _2il0floatpacket$42        0000000140061300     LIBCMT:svml_dcos2_sse2.obj
 0005:00000310       _2il0floatpacket$43        0000000140061310     LIBCMT:svml_dcos2_sse2.obj
 0005:00000400       _2il0floatpacket$26        0000000140061400     LIBCMT:svml_dcos2_sse4.obj
 0005:00000410       _2il0floatpacket$27        0000000140061410     LIBCMT:svml_dcos2_sse4.obj
 0005:00000420       _2il0floatpacket$28        0000000140061420     LIBCMT:svml_dcos2_sse4.obj
 0005:00000430       _2il0floatpacket$29        0000000140061430     LIBCMT:svml_dcos2_sse4.obj
 0005:00000440       _2il0floatpacket$30        0000000140061440     LIBCMT:svml_dcos2_sse4.obj
 0005:00000450       _2il0floatpacket$31        0000000140061450     LIBCMT:svml_dcos2_sse4.obj
 0005:00000460       _2il0floatpacket$32        0000000140061460     LIBCMT:svml_dcos2_sse4.obj
 0005:00000470       _2il0floatpacket$33        0000000140061470     LIBCMT:svml_dcos2_sse4.obj
 0005:00000480       _2il0floatpacket$34        0000000140061480     LIBCMT:svml_dcos2_sse4.obj
 0005:00000490       _2il0floatpacket$35        0000000140061490     LIBCMT:svml_dcos2_sse4.obj
 0005:000004a0       _2il0floatpacket$36        00000001400614a0     LIBCMT:svml_dcos2_sse4.obj
 0005:000004b0       _2il0floatpacket$37        00000001400614b0     LIBCMT:svml_dcos2_sse4.obj
 0005:000004c0       _2il0floatpacket$38        00000001400614c0     LIBCMT:svml_dcos2_sse4.obj
 0005:000004d0       _2il0floatpacket$39        00000001400614d0     LIBCMT:svml_dcos2_sse4.obj
 0005:000004e0       _2il0floatpacket$40        00000001400614e0     LIBCMT:svml_dcos2_sse4.obj
 0005:000004f0       _2il0floatpacket$41        00000001400614f0     LIBCMT:svml_dcos2_sse4.obj
 0005:00000500       _2il0floatpacket$42        0000000140061500     LIBCMT:svml_dcos2_sse4.obj
 0005:00000510       _2il0floatpacket$43        0000000140061510     LIBCMT:svml_dcos2_sse4.obj
 0005:00002700       _vmlsSinHATab              0000000140063700     LIBCMT:svml_s_sin_cout.obj
 0005:00013500       _vmldCosHATab              0000000140074500     LIBCMT:svml_d_cos_cout.obj
 0006:00000060       $R000000                   0000000140075060     * linker generated manifest res *
