 VS17

 Timestamp is 6421ddbd (Mon Mar 27 20:17:33 2023)

 Preferred load address is 0000000140000000

 Start         Length     Name                   Class
 0001:00000000 00000020H .text$di                CODE
 0001:00000020 00038650H .text$mn                CODE
 0001:00038670 00000040H .text$mn$00             CODE
 0001:000386b0 000006d0H .text$x                 CODE
 0001:00038d80 000000d9H .text$yd                CODE
 0002:00000000 00000538H .idata$5                DATA
 0002:00000538 00000028H .00cfg                  DATA
 0002:00000560 00000008H .CRT$XCA                DATA
 0002:00000568 00000008H .CRT$XCAA               DATA
 0002:00000570 00000010H .CRT$XCU                DATA
 0002:00000580 00000008H .CRT$XCZ                DATA
 0002:00000588 00000008H .CRT$XIA                DATA
 0002:00000590 00000008H .CRT$XIAA               DATA
 0002:00000598 00000008H .CRT$XIAC               DATA
 0002:000005a0 00000028H .CRT$XIC                DATA
 0002:000005c8 00000008H .CRT$XIZ                DATA
 0002:000005d0 00000008H .CRT$XPA                DATA
 0002:000005d8 00000010H .CRT$XPX                DATA
 0002:000005e8 00000008H .CRT$XPXA               DATA
 0002:000005f0 00000008H .CRT$XPZ                DATA
 0002:000005f8 00000008H .CRT$XTA                DATA
 0002:00000600 00000010H .CRT$XTZ                DATA
 0002:00000608 00000000H .gehcont$y              DATA
 0002:00000608 00000000H .gfids$y                DATA
 0002:00000610 0000d2f0H .rdata                  DATA
 0002:0000d900 00000000H .rdata$CastGuardVftablesA DATA
 0002:0000d900 00000000H .rdata$CastGuardVftablesC DATA
 0002:0000d900 000006fcH .rdata$r                DATA
 0002:0000dffc 000002f4H .rdata$voltmd           DATA
 0002:0000e2f0 000003b0H .rdata$zzzdbg           DATA
 0002:0000e6a0 00000008H .rtc$IAA                DATA
 0002:0000e6a8 00000008H .rtc$IZZ                DATA
 0002:0000e6b0 00000008H .rtc$TAA                DATA
 0002:0000e6b8 00000008H .rtc$TZZ                DATA
 0002:0000e6c0 00002eb8H .xdata                  DATA
 0002:00011578 00000314H .xdata$x                DATA
 0002:0001188c 00000000H .edata                  DATA
 0002:0001188c 0000008cH .idata$2                DATA
 0002:00011918 00000018H .idata$3                DATA
 0002:00011930 00000538H .idata$4                DATA
 0002:00011e68 00000bd2H .idata$6                DATA
 0003:00000000 00000ca0H .data                   DATA
 0003:00000ca0 000001a8H .data$r                 DATA
 0003:00000e48 000000c8H .data$rs                DATA
 0003:00000f10 0000fc50H .bss                    DATA
 0004:00000000 000028bcH .pdata                  DATA
 0005:00000000 00013510H _RDATA                  DATA
 0006:00000000 00000060H .rsrc$01                DATA
 0006:00000060 00000180H .rsrc$02                DATA

  Address         Publics by Value              Rva+Base               Lib:Object

 0000:00000000       __x64_code_ranges_to_entry_points_count 0000000000000000     <absolute>
 0000:00000000       __guard_longjmp_table      0000000000000000     <absolute>
 0000:00000000       __guard_iat_table          0000000000000000     <absolute>
 0000:00000000       __x64_code_ranges_to_entry_points 0000000000000000     <absolute>
 0000:00000000       __guard_fids_count         0000000000000000     <absolute>
 0000:00000000       __guard_iat_count          0000000000000000     <absolute>
 0000:00000000       __guard_longjmp_count      0000000000000000     <absolute>
 0000:00000000       __arm64x_extra_rfe_table   0000000000000000     <absolute>
 0000:00000000       __dynamic_value_reloc_table 0000000000000000     <absolute>
 0000:00000000       __hybrid_auxiliary_iat     0000000000000000     <absolute>
 0000:00000000       __hybrid_auxiliary_iat_copy 0000000000000000     <absolute>
 0000:00000000       __hybrid_code_map          0000000000000000     <absolute>
 0000:00000000       __arm64x_extra_rfe_table_size 0000000000000000     <absolute>
 0000:00000000       __arm64x_redirection_metadata 0000000000000000     <absolute>
 0000:00000000       __AbsoluteZero             0000000000000000     <absolute>
 0000:00000000       __guard_check_icall_a64n_fptr 0000000000000000     <absolute>
 0000:00000000       __guard_fids_table         0000000000000000     <absolute>
 0000:00000000       __guard_eh_cont_count      0000000000000000     <absolute>
 0000:00000000       __arm64x_redirection_metadata_count 0000000000000000     <absolute>
 0000:00000000       __enclave_config           0000000000000000     <absolute>
 0000:00000000       __guard_eh_cont_table      0000000000000000     <absolute>
 0000:00000000       __arm64x_native_entrypoint 0000000000000000     <absolute>
 0000:00000000       __hybrid_code_map_count    0000000000000000     <absolute>
 0000:00000100       __guard_flags              0000000000000100     <absolute>
 0000:00000000       __ImageBase                0000000140000000     <linker-defined>
 0001:00000020       __local_stdio_printf_options 0000000140001020 f i device.obj
 0001:00000030       fprintf                    0000000140001030 f i device.obj
 0001:00000080       snprintf                   0000000140001080 f i device.obj
 0001:000002d0       sync_save_tracks           00000001400012d0 f   device.obj
 0001:00000890       sync_tcp_connect           0000000140001890 f   device.obj
 0001:00000ad0       sync_update                0000000140001ad0 f   device.obj
 0001:00000d40       sync_get_track             0000000140001d40 f   device.obj
 0001:00000f40       sync_get_val               0000000140001f40 f   track.obj
 0001:00001140       ??0Vector3@@QEAA@MMM@Z     0000000140002140 f i Matrix44.obj
 0001:00001160       ??GVector3@@QEBA?BV0@AEBV0@@Z 0000000140002160 f i Matrix44.obj
 0001:000011a0       ??DVector3@@QEBA?BMAEBV0@@Z 00000001400021a0 f i Matrix44.obj
 0001:000011d0       ??DVector3@@QEBA?BV0@M@Z   00000001400021d0 f i Matrix44.obj
 0001:00001200       ??XVector3@@QEAAAEAV0@M@Z  0000000140002200 f i Matrix44.obj
 0001:00001230       ?Normalized@Vector3@@QEBA?BV1@XZ 0000000140002230 f i Matrix44.obj
 0001:000012a0       ??0Vector4@@QEAA@MMMM@Z    00000001400022a0 f i Matrix44.obj
 0001:000012c0       ??0exception@std@@QEAA@AEBV01@@Z 00000001400022c0 f i audio.obj
 0001:00001300       ?what@exception@std@@UEBAPEBDXZ 0000000140002300 f i audio.obj
 0001:00001320       ??_Glength_error@std@@UEAAPEAXI@Z 0000000140002320 f i libcpmt:xthrow.obj
 0001:00001320       ??_Gbad_array_new_length@std@@UEAAPEAXI@Z 0000000140002320 f i audio.obj
 0001:00001320       ??_Ebad_array_new_length@std@@UEAAPEAXI@Z 0000000140002320 f i * CIL library *:* CIL module *
 0001:00001320       ??_Gexception@std@@UEAAPEAXI@Z 0000000140002320 f i audio.obj
 0001:00001320       ??_Eexception@std@@UEAAPEAXI@Z 0000000140002320 f i * CIL library *:* CIL module *
 0001:00001320       ??_Gbad_exception@std@@UEAAPEAXI@Z 0000000140002320 f i libvcruntime:frame.obj
 0001:00001320       ??_Gruntime_error@std@@UEAAPEAXI@Z 0000000140002320 f i main.obj
 0001:00001320       ??_Gbad_alloc@std@@UEAAPEAXI@Z 0000000140002320 f i audio.obj
 0001:00001320       ??_Ebad_exception@std@@UEAAPEAXI@Z 0000000140002320 f i libvcruntime:frame.obj
 0001:00001320       ??_Elogic_error@std@@UEAAPEAXI@Z 0000000140002320 f i libcpmt:xthrow.obj
 0001:00001320       ??_Eruntime_error@std@@UEAAPEAXI@Z 0000000140002320 f i * CIL library *:* CIL module *
 0001:00001320       ??_Elength_error@std@@UEAAPEAXI@Z 0000000140002320 f i libcpmt:xthrow.obj
 0001:00001320       ??_Glogic_error@std@@UEAAPEAXI@Z 0000000140002320 f i libcpmt:xthrow.obj
 0001:00001320       ??_Ebad_alloc@std@@UEAAPEAXI@Z 0000000140002320 f i * CIL library *:* CIL module *
 0001:00001370       ??1bad_exception@std@@UEAA@XZ 0000000140002370 f i libvcruntime:frame.obj
 0001:00001370       ??1bad_array_new_length@std@@UEAA@XZ 0000000140002370 f i audio.obj
 0001:00001370       ??1length_error@std@@UEAA@XZ 0000000140002370 f i libcpmt:xthrow.obj
 0001:00001370       ??1system_error@std@@UEAA@XZ 0000000140002370 f i main.obj
 0001:00001370       ??1bad_alloc@std@@UEAA@XZ  0000000140002370 f i audio.obj
 0001:00001390       ??0bad_array_new_length@std@@QEAA@XZ 0000000140002390 f i audio.obj
 0001:000013c0       ?__scrt_throw_std_bad_array_new_length@@YAXXZ 00000001400023c0 f i LIBCMT:throw_bad_alloc.obj
 0001:000013c0       ?_Throw_bad_array_new_length@std@@YAXXZ 00000001400023c0 f i audio.obj
 0001:000013e0       ??0bad_array_new_length@std@@QEAA@AEBV01@@Z 00000001400023e0 f i audio.obj
 0001:00001420       ??0bad_alloc@std@@QEAA@AEBV01@@Z 0000000140002420 f i audio.obj
 0001:00001460       ?_Xlen_string@std@@YAXXZ   0000000140002460 f i audio.obj
 0001:00001480       ?Audio_Create@@YA_NIAEBV?$basic_string@DU?$char_traits@D@std@@V?$allocator@D@2@@std@@PEAUHWND__@@_N@Z 0000000140002480 f   audio.obj
 0001:000017d0       ?Audio_Rocket_Pause@@YAXPEAXH@Z 00000001400027d0 f   audio.obj
 0001:000017f0       ?Audio_Rocket_SetRow@@YAXPEAXH@Z 00000001400027f0 f   audio.obj
 0001:00001830       ?Audio_Rocket_IsPlaying@@YAHPEAX@Z 0000000140002830 f   audio.obj
 0001:00001840       ??1?$basic_string@DU?$char_traits@D@std@@V?$allocator@D@2@@std@@QEAA@XZ 0000000140002840 f i audio.obj
 0001:000018a0       ??0?$basic_string@DU?$char_traits@D@std@@V?$allocator@D@2@@std@@QEAA@QEBD@Z 00000001400028a0 f i audio.obj
 0001:000018e0       ?assign@?$basic_string@DU?$char_traits@D@std@@V?$allocator@D@2@@std@@QEAAAEAV12@QEBD_K@Z 00000001400028e0 f i audio.obj
 0001:00002940       ?Ball_Create@@YA_NXZ       0000000140003940 f   ball.obj
 0001:00003040       ?Ball_Draw@@YAXPEAIMM@Z    0000000140004040 f   ball.obj
 0001:000033c0       ?HorizontalBoxBlur32@@YAXPEAIPEBIIIM@Z 00000001400043c0 f   boxblur.obj
 0001:00003550       ?VerticalBoxBlur32@@YAXPEAIPEBIIIM@Z 0000000140004550 f   boxblur.obj
 0001:000036d0       ?Fx_Blit_2x2@@YAXPEAI0@Z   00000001400046d0 f   fx-blitter.obj
 0001:00003740       tinymt32_init              0000000140004740 f   random.obj
 0001:00003a20       ?Shadertoy_Create@@YA_NXZ  0000000140004a20 f   shadertoy.obj
 0001:00004cd0       ?Spikey_Draw@@YAXPEAIMM_N@Z 0000000140005cd0 f   shadertoy.obj
 0001:00005450       ?RenderLaura_2x2@@YAXPEAIM@Z 0000000140006450 f   shadertoy.obj
 0001:00005640       ?Demo_Create@@YA_NXZ       0000000140006640 f   demo.obj
 0001:00006e50       ?Demo_Draw@@YA_NPEAIMM@Z   0000000140007e50 f   demo.obj
 0001:00008360       ?Open@Display@@QEAA_NAEBV?$basic_string@DU?$char_traits@D@std@@V?$allocator@D@2@@std@@II_N@Z 0000000140009360 f   display.obj
 0001:00008650       ?Gamepad_Update@@YA_NAEAUPadState@@@Z 0000000140009650 f   gamepad.obj
 0001:00008b60       ?Image_Load32@@YAPEAIAEBV?$basic_string@DU?$char_traits@D@std@@V?$allocator@D@2@@std@@@Z 0000000140009b60 f   image.obj
 0001:00008b70       ?deallocate@?$allocator@PEAX@std@@QEAAXQEAPEAX_K@Z 0000000140009b70 f i image.obj
 0001:00008bc0       ??$_Emplace_reallocate@AEBQEAX@?$vector@PEAXV?$allocator@PEAX@std@@@std@@QEAAPEAPEAXQEAPEAXAEBQEAX@Z 0000000140009bc0 f i image.obj
 0001:00008db0       ?_Xlength@?$vector@PEAXV?$allocator@PEAX@std@@@std@@CAXXZ 0000000140009db0 f i image.obj
 0001:000093a0       ?Landscape_Create@@YA_NXZ  000000014000a3a0 f   landscape.obj
 0001:00009600       ??0runtime_error@std@@QEAA@AEBV01@@Z 000000014000a600 f i main.obj
 0001:00009640       ?default_error_condition@error_category@std@@UEBA?AVerror_condition@2@H@Z 000000014000a640 f i main.obj
 0001:00009650       ?equivalent@error_category@std@@UEBA_NHAEBVerror_condition@2@@Z 000000014000a650 f i main.obj
 0001:00009690       ?equivalent@error_category@std@@UEBA_NAEBVerror_code@2@H@Z 000000014000a690 f i main.obj
 0001:000096b0       ?make_error_code@std@@YA?AVerror_code@1@W4errc@1@@Z 000000014000a6b0 f i main.obj
 0001:000096d0       ??0_System_error@std@@IEAA@Verror_code@1@AEBV?$basic_string@DU?$char_traits@D@std@@V?$allocator@D@2@@1@@Z 000000014000a6d0 f i main.obj
 0001:00009870       ??_G_System_error@std@@UEAAPEAXI@Z 000000014000a870 f i main.obj
 0001:00009870       ??_E_System_error@std@@UEAAPEAXI@Z 000000014000a870 f i * CIL library *:* CIL module *
 0001:00009870       ??_Esystem_error@std@@UEAAPEAXI@Z 000000014000a870 f i * CIL library *:* CIL module *
 0001:00009870       ??_Gsystem_error@std@@UEAAPEAXI@Z 000000014000a870 f i main.obj
 0001:000098c0       ??0system_error@std@@QEAA@Verror_code@1@@Z 000000014000a8c0 f i main.obj
 0001:00009970       ?_Throw_system_error@std@@YAXW4errc@1@@Z 000000014000a970 f i main.obj
 0001:000099b0       ??0system_error@std@@QEAA@AEBV01@@Z 000000014000a9b0 f i main.obj
 0001:00009a10       ??0_System_error@std@@QEAA@AEBV01@@Z 000000014000aa10 f i main.obj
 0001:00009a60       ?name@_Generic_error_category@std@@UEBAPEBDXZ 000000014000aa60 f i main.obj
 0001:00009a70       ?message@_Generic_error_category@std@@UEBA?AV?$basic_string@DU?$char_traits@D@std@@V?$allocator@D@2@@2@H@Z 000000014000aa70 f i main.obj
 0001:00009ac0       ??_G_System_error_category@std@@UEAAPEAXI@Z 000000014000aac0 f i main.obj
 0001:00009ac0       ??_E_Generic_error_category@std@@UEAAPEAXI@Z 000000014000aac0 f i * CIL library *:* CIL module *
 0001:00009ac0       ??_G_Generic_error_category@std@@UEAAPEAXI@Z 000000014000aac0 f i main.obj
 0001:00009ac0       ??_E_System_error_category@std@@UEAAPEAXI@Z 000000014000aac0 f i * CIL library *:* CIL module *
 0001:00009af0       ?name@_System_error_category@std@@UEBAPEBDXZ 000000014000aaf0 f i main.obj
 0001:00009b00       ?message@_System_error_category@std@@UEBA?AV?$basic_string@DU?$char_traits@D@std@@V?$allocator@D@2@@2@H@Z 000000014000ab00 f i main.obj
 0001:00009b70       ?default_error_condition@_System_error_category@std@@UEBA?AVerror_condition@2@H@Z 000000014000ab70 f i main.obj
 0001:00009bd0       ?_Make_ec@filesystem@std@@YA?AVerror_code@2@W4__std_win_error@@@Z 000000014000abd0 f i main.obj
 0001:00009bf0       ?_Throw_system_error_from_std_win_error@filesystem@std@@YAXW4__std_win_error@@@Z 000000014000abf0 f i main.obj
 0001:00009c30       ??0path@filesystem@std@@QEAA@AEBV012@@Z 000000014000ac30 f i main.obj
 0001:00009d30       ??0filesystem_error@filesystem@std@@QEAA@AEBV?$basic_string@DU?$char_traits@D@std@@V?$allocator@D@2@@2@AEBVpath@12@Verror_code@2@@Z 000000014000ad30 f i main.obj
 0001:00009e50       ?what@filesystem_error@filesystem@std@@UEBAPEBDXZ 000000014000ae50 f i main.obj
 0001:00009e60       ?_Pretty_message@filesystem_error@filesystem@std@@CA?AV?$basic_string@DU?$char_traits@D@std@@V?$allocator@D@2@@3@V?$basic_string_view@DU?$char_traits@D@std@@@3@AEBVpath@23@1@Z 000000014000ae60 f i main.obj
 0001:0000a090       ??_Efilesystem_error@filesystem@std@@UEAAPEAXI@Z 000000014000b090 f i * CIL library *:* CIL module *
 0001:0000a090       ??_Gfilesystem_error@filesystem@std@@UEAAPEAXI@Z 000000014000b090 f i main.obj
 0001:0000a1e0       ??1filesystem_error@filesystem@std@@UEAA@XZ 000000014000b1e0 f i main.obj
 0001:0000a300       ??0filesystem_error@filesystem@std@@QEAA@AEBV012@@Z 000000014000b300 f i main.obj
 0001:0000a380       ?_Throw_fs_error@filesystem@std@@YAXPEBDW4__std_win_error@@AEBVpath@12@@Z 000000014000b380 f i main.obj
 0001:0000a3f0       WinMain                    000000014000b3f0 f   main.obj
 0001:0000ade0       ??0?$basic_string@DU?$char_traits@D@std@@V?$allocator@D@2@@std@@QEAA@AEBV01@@Z 000000014000bde0 f i main.obj
 0001:0000aec0       ?append@?$basic_string@DU?$char_traits@D@std@@V?$allocator@D@2@@std@@QEAAAEAV12@QEBD_K@Z 000000014000bec0 f i main.obj
 0001:0000af40       ??$_Convert_wide_to_narrow_replace_chars@U?$char_traits@D@std@@V?$allocator@D@2@@filesystem@std@@YA?AV?$basic_string@DU?$char_traits@D@std@@V?$allocator@D@2@@1@W4__std_code_page@@V?$basic_string_view@_WU?$char_traits@_W@std@@@1@AEBV?$allocator@D@1@@Z 000000014000bf40 f i main.obj
 0001:0000b090       ??$_Reallocate_grow_by@V<lambda_1>@?1??reserve@?$basic_string@DU?$char_traits@D@std@@V?$allocator@D@2@@std@@QEAAX_K@Z@$$V@?$basic_string@DU?$char_traits@D@std@@V?$allocator@D@2@@std@@AEAAAEAV01@_KV<lambda_1>@?1??reserve@01@QEAAX0@Z@@Z 000000014000c090 f i main.obj
 0001:0000b1e0       ??$_Reallocate_grow_by@V<lambda_1>@?1??append@?$basic_string@_WU?$char_traits@_W@std@@V?$allocator@_W@2@@std@@QEAAAEAV34@_K_W@Z@_K_W@?$basic_string@_WU?$char_traits@_W@std@@V?$allocator@_W@2@@std@@AEAAAEAV01@_KV<lambda_1>@?1??append@01@QEAAAEAV01@0_W@Z@_K_W@Z 000000014000c1e0 f i main.obj
 0001:0000b390       ??$_Reallocate_grow_by@V<lambda_1>@?1??push_back@?$basic_string@DU?$char_traits@D@std@@V?$allocator@D@2@@std@@QEAAXD@Z@D@?$basic_string@DU?$char_traits@D@std@@V?$allocator@D@2@@std@@AEAAAEAV01@_KV<lambda_1>@?1??push_back@01@QEAAXD@Z@D@Z 000000014000c390 f i main.obj
 0001:0000b500       ??$_Reallocate_grow_by@V<lambda_1>@?1??append@?$basic_string@DU?$char_traits@D@std@@V?$allocator@D@2@@std@@QEAAAEAV34@QEBD_K@Z@PEBD_K@?$basic_string@DU?$char_traits@D@std@@V?$allocator@D@2@@std@@AEAAAEAV01@_KV<lambda_1>@?1??append@01@QEAAAEAV01@QEBD0@Z@PEBD_K@Z 000000014000c500 f i main.obj
 0001:0000b680       ??$_Reallocate_grow_by@V<lambda_1>@?1??append@?$basic_string@DU?$char_traits@D@std@@V?$allocator@D@2@@std@@QEAAAEAV34@_KD@Z@_KD@?$basic_string@DU?$char_traits@D@std@@V?$allocator@D@2@@std@@AEAAAEAV01@_KV<lambda_1>@?1??append@01@QEAAAEAV01@0D@Z@_KD@Z 000000014000c680 f i main.obj
 0001:0000bab0       ?Polar_Blit@@YAXPEAIPEBI_N@Z 000000014000cab0 f   polar.obj
 0001:0000baf0       ?Polar_BlitA@@YAXPEAIPEBI_N@Z 000000014000caf0 f   polar.obj
 0001:0000bb20       ?Shared_Create@@YA_NXZ     000000014000cb20 f   shared-resources.obj
 0001:0000c0d0       ?Twister_Create@@YA_NXZ    000000014000d0d0 f   torus-twister.obj
 0001:0000c7f0       ?Tunnelscape_Create@@YA_NXZ 000000014000d7f0 f   tunnelscape.obj
 0001:0000ca50       ?Mix32@@YAXPEAIPEBIIE@Z    000000014000da50 f   util.obj
 0001:0000cac0       ?Add32@@YAXPEAIPEBII@Z     000000014000dac0 f   util.obj
 0001:0000cb10       ?MixOver32@@YAXPEAIPEBII@Z 000000014000db10 f   util.obj
 0001:0000cb50       ?Sub32@@YAXPEAIPEBII@Z     000000014000db50 f   util.obj
 0001:0000cba0       ?Excl32@@YAXPEAIPEBII@Z    000000014000dba0 f   util.obj
 0001:0000cbe0       ?SoftLight32@@YAXPEAIPEBII@Z 000000014000dbe0 f   util.obj
 0001:0000cc20       ?SoftLight32A@@YAXPEAIPEBII@Z 000000014000dc20 f   util.obj
 0001:0000cc60       ?SoftLight32AA@@YAXPEAIPEBIIM@Z 000000014000dc60 f   util.obj
 0001:0000cce0       ?Overlay32@@YAXPEAIPEBII@Z 000000014000dce0 f   util.obj
 0001:0000cd20       ?Overlay32A@@YAXPEAIPEBII@Z 000000014000dd20 f   util.obj
 0001:0000cd60       ?Darken32_50@@YAXPEAIPEBII@Z 000000014000dd60 f   util.obj
 0001:0000cda0       ?TapeWarp32@@YAXPEAIPEBIIIMM@Z 000000014000dda0 f   util.obj
 0001:0000ce00       ?MulSrc32@@YAXPEAIPEBII@Z  000000014000de00 f   util.obj
 0001:0000ce50       ?MulSrc32A@@YAXPEAIPEBII@Z 000000014000de50 f   util.obj
 0001:0000cea0       ?MixSrc32S@@YAXPEAIPEBIIII@Z 000000014000dea0 f   util.obj
 0001:0000cf10       ?MixSrc32@@YAXPEAIPEBII@Z  000000014000df10 f   util.obj
 0001:0000cf60       ?BlitSrc32@@YAXPEAIPEBIIII@Z 000000014000df60 f   util.obj
 0001:0000cfe0       ?BlitSrc32A@@YAXPEAIPEBIIIIM@Z 000000014000dfe0 f   util.obj
 0001:0000d080       ?BlitAdd32A@@YAXPEAIPEBIIIIM@Z 000000014000e080 f   util.obj
 0001:0000d110       ?Fade32@@YAXPEAIIIE@Z      000000014000e110 f   util.obj
 0001:0000d190       ??2@YAPEAX_K@Z             000000014000e190 f   LIBCMT:new_scalar.obj
 0001:0000d1cc       ??3@YAXPEAX@Z              000000014000e1cc f   LIBCMT:delete_scalar.obj
 0001:0000d1d4       ??3@YAXPEAX_K@Z            000000014000e1d4 f   LIBCMT:delete_scalar_size.obj
 0001:0000d1dc       ??_Etype_info@@UEAAPEAXI@Z 000000014000e1dc f i LIBCMT:std_type_info_static.obj
 0001:0000d1dc       ??_Gtype_info@@UEAAPEAXI@Z 000000014000e1dc f i LIBCMT:std_type_info_static.obj
 0001:0000d208       __scrt_acquire_startup_lock 000000014000e208 f   LIBCMT:utility.obj
 0001:0000d244       __scrt_initialize_crt      000000014000e244 f   LIBCMT:utility.obj
 0001:0000d290       __scrt_initialize_onexit_tables 000000014000e290 f   LIBCMT:utility.obj
 0001:0000d31c       __scrt_is_nonwritable_in_current_image 000000014000e31c f   LIBCMT:utility.obj
 0001:0000d3b4       __scrt_release_startup_lock 000000014000e3b4 f   LIBCMT:utility.obj
 0001:0000d3d8       __scrt_uninitialize_crt    000000014000e3d8 f   LIBCMT:utility.obj
 0001:0000d404       _onexit                    000000014000e404 f   LIBCMT:utility.obj
 0001:0000d440       atexit                     000000014000e440 f   LIBCMT:utility.obj
 0001:0000d6b0       WinMainCRTStartup          000000014000e6b0 f   LIBCMT:exe_winmain.obj
 0001:0000d6c4       ??0bad_alloc@std@@QEAA@XZ  000000014000e6c4 f i LIBCMT:throw_bad_alloc.obj
 0001:0000d6e4       ?__scrt_throw_std_bad_alloc@@YAXXZ 000000014000e6e4 f   LIBCMT:throw_bad_alloc.obj
 0001:0000d704       __isa_available_init       000000014000e704 f   LIBCMT:cpu_disp.obj
 0001:0000d8a8       _get_startup_argv_mode     000000014000e8a8 f   LIBCMT:argv_mode.obj
 0001:0000d8b0       __scrt_is_ucrt_dll_in_use  000000014000e8b0 f   LIBCMT:ucrt_detection.obj
 0001:0000d8bc       __crt_debugger_hook        000000014000e8bc f   LIBCMT:utility_desktop.obj
 0001:0000d8c4       __scrt_fastfail            000000014000e8c4 f   LIBCMT:utility_desktop.obj
 0001:0000da10       __scrt_get_show_window_mode 000000014000ea10 f   LIBCMT:utility_desktop.obj
 0001:0000da4c       __scrt_initialize_mta      000000014000ea4c f   LIBCMT:utility_desktop.obj
 0001:0000da54       _get_startup_commit_mode   000000014000ea54 f   LIBCMT:commit_mode.obj
 0001:0000da54       __scrt_exe_initialize_mta  000000014000ea54 f   LIBCMT:utility_desktop.obj
 0001:0000da54       _get_startup_thread_locale_mode 000000014000ea54 f   LIBCMT:thread_locale.obj
 0001:0000da54       _get_startup_new_mode      000000014000ea54 f   LIBCMT:new_mode.obj
 0001:0000da54       __scrt_initialize_winrt    000000014000ea54 f   LIBCMT:utility_desktop.obj
 0001:0000da54       __scrt_stub_for_initialize_mta 000000014000ea54 f   LIBCMT:utility_desktop.obj
 0001:0000da54       _matherr                   000000014000ea54 f   LIBCMT:matherr.obj
 0001:0000da58       __scrt_is_managed_app      000000014000ea58 f   LIBCMT:utility_desktop.obj
 0001:0000daac       __scrt_set_unhandled_exception_filter 000000014000eaac f   LIBCMT:utility_desktop.obj
 0001:0000dabc       __scrt_unhandled_exception_filter 000000014000eabc f   LIBCMT:utility_desktop.obj
 0001:0000db18       _initialize_denormal_control 000000014000eb18 f i LIBCMT:denormal_control.obj
 0001:0000db18       _guard_check_icall_nop     000000014000eb18 f i LIBCMT:guard_support.obj
 0001:0000db18       _initialize_invalid_parameter_handler 000000014000eb18 f i LIBCMT:invalid_parameter_handler.obj
 0001:0000db1c       __security_init_cookie     000000014000eb1c f   LIBCMT:gs_support.obj
 0001:0000dbc8       _get_startup_file_mode     000000014000ebc8 f   LIBCMT:file_mode.obj
 0001:0000dbd0       ?__scrt_initialize_type_info@@YAXXZ 000000014000ebd0 f   LIBCMT:tncleanup.obj
 0001:0000dbe0       _should_initialize_environment 000000014000ebe0 f   LIBCMT:env_mode.obj
 0001:0000dbe0       __acrt_uninitialize_command_line 000000014000ebe0 f   libucrt:argv_data.obj
 0001:0000dbe4       __local_stdio_scanf_options 000000014000ebe4 f i LIBCMT:default_local_stdio_options.obj
 0001:0000dbec       __scrt_initialize_default_local_stdio_options 000000014000ebec f   LIBCMT:default_local_stdio_options.obj
 0001:0000dc08       __scrt_is_user_matherr_present 000000014000ec08 f   LIBCMT:matherr_detection.obj
 0001:0000dc14       __scrt_get_dyn_tls_init_callback 000000014000ec14 f   LIBCMT:dyn_tls_init.obj
 0001:0000dc1c       __scrt_get_dyn_tls_dtor_callback 000000014000ec1c f   LIBCMT:dyn_tls_dtor.obj
 0001:0000dc24       _RTC_Initialize            000000014000ec24 f   LIBCMT:initsect.obj
 0001:0000dc60       _RTC_Terminate             000000014000ec60 f   LIBCMT:initsect.obj
 0001:0000dca0       ??0length_error@std@@QEAA@AEBV01@@Z 000000014000eca0 f i libcpmt:xthrow.obj
 0001:0000dcdc       ??0length_error@std@@QEAA@PEBD@Z 000000014000ecdc f i libcpmt:xthrow.obj
 0001:0000dd24       ??0logic_error@std@@QEAA@AEBV01@@Z 000000014000ed24 f i libcpmt:xthrow.obj
 0001:0000dd60       ?_Xlength_error@std@@YAXPEBD@Z 000000014000ed60 f   libcpmt:xthrow.obj
 0001:0000dd84       __std_system_error_allocate_message 000000014000ed84 f   libcpmt:syserror_import_lib.obj
 0001:0000dde4       __std_system_error_deallocate_message 000000014000ede4 f   libcpmt:syserror_import_lib.obj
 0001:0000ddec       __std_fs_code_page         000000014000edec f   libcpmt:filesystem.obj
 0001:0000de14       __std_fs_convert_narrow_to_wide 000000014000ee14 f   libcpmt:filesystem.obj
 0001:0000de5c       __std_fs_convert_wide_to_narrow_replace_chars 000000014000ee5c f   libcpmt:filesystem.obj
 0001:0000df28       __std_fs_set_current_path  000000014000ef28 f   libcpmt:filesystem.obj
 0001:0000df48       ?_Syserror_map@std@@YAPEBDH@Z 000000014000ef48 f   libcpmt:syserror.obj
 0001:0000df70       ?_Winerror_map@std@@YAHH@Z 000000014000ef70 f   libcpmt:syserror.obj
 0001:0000df94       strchr                     000000014000ef94 f   libvcruntime:strchr.obj
 0001:0000e014       __std_exception_copy       000000014000f014 f   libvcruntime:std_exception.obj
 0001:0000e0a4       __std_exception_destroy    000000014000f0a4 f   libvcruntime:std_exception.obj
 0001:0000e0cc       __vcrt_initialize          000000014000f0cc f   libvcruntime:initialization.obj
 0001:0000e0f4       __vcrt_uninitialize        000000014000f0f4 f   libvcruntime:initialization.obj
 0001:0000e110       __C_specific_handler       000000014000f110 f   libvcruntime:riscchandler.obj
 0001:0000e31c       _CxxThrowException         000000014000f31c f   libvcruntime:throw.obj
 0001:0000e3bc       __DestructExceptionObject  000000014000f3bc f   libvcruntime:ehhelpers.obj
 0001:0000e42c       ?_CallMemberFunction0@@YAXQEAX0@Z 000000014000f42c f i libvcruntime:ehhelpers.obj
 0001:0000e430       _IsExceptionObjectToBeDestroyed 000000014000f430 f   libvcruntime:ehhelpers.obj
 0001:0000e460       __AdjustPointer            000000014000f460 f   libvcruntime:ehhelpers.obj
 0001:0000e484       __FrameUnwindFilter        000000014000f484 f   libvcruntime:ehhelpers.obj
 0001:0000e4ec       __current_exception        000000014000f4ec f   libvcruntime:ehhelpers.obj
 0001:0000e500       __current_exception_context 000000014000f500 f   libvcruntime:ehhelpers.obj
 0001:0000e514       __std_terminate            000000014000f514 f   libvcruntime:ehhelpers.obj
 0001:0000e530       memset_repmovs             000000014000f530 f   libvcruntime:memset.obj
 0001:0000e550       memset                     000000014000f550 f   libvcruntime:memset.obj
 0001:0000e6e0       __std_type_info_compare    000000014000f6e0 f   libvcruntime:std_type_info.obj
 0001:0000e708       __vcrt_freefls             000000014000f708 f   libvcruntime:per_thread_data.obj
 0001:0000e728       __vcrt_getptd              000000014000f728 f   libvcruntime:per_thread_data.obj
 0001:0000e744       __vcrt_getptd_noexit       000000014000f744 f   libvcruntime:per_thread_data.obj
 0001:0000e804       __vcrt_initialize_ptd      000000014000f804 f   libvcruntime:per_thread_data.obj
 0001:0000e84c       __vcrt_uninitialize_ptd    000000014000f84c f   libvcruntime:per_thread_data.obj
 0001:0000e870       __vcrt_initialize_locks    000000014000f870 f   libvcruntime:locks.obj
 0001:0000e8a4       __vcrt_uninitialize_locks  000000014000f8a4 f   libvcruntime:locks.obj
 0001:0000e8f0       _NLG_Notify                000000014000f8f0 f   libvcruntime:notify.obj
 0001:0000e910       __NLG_Dispatch2            000000014000f910 f   libvcruntime:notify.obj
 0001:0000e920       __NLG_Return2              000000014000f920 f   libvcruntime:notify.obj
 0001:0000e924       __except_validate_context_record 000000014000f924 f   libvcruntime:jbcxrval.obj
 0001:0000eaac       __vcrt_FlsAlloc            000000014000faac f   libvcruntime:winapi_downlevel.obj
 0001:0000eaf4       __vcrt_FlsFree             000000014000faf4 f   libvcruntime:winapi_downlevel.obj
 0001:0000eb3c       __vcrt_FlsGetValue         000000014000fb3c f   libvcruntime:winapi_downlevel.obj
 0001:0000eb84       __vcrt_FlsSetValue         000000014000fb84 f   libvcruntime:winapi_downlevel.obj
 0001:0000ebd8       __vcrt_InitializeCriticalSectionEx 000000014000fbd8 f   libvcruntime:winapi_downlevel.obj
 0001:0000ec3c       ??$_CallSETranslator@V__FrameHandler3@@@@YAHPEAUEHExceptionRecord@@PEA_KPEAU_CONTEXT@@PEAU_xDISPATCHER_CONTEXT@@PEBU_s_FuncInfo@@K1H@Z 000000014000fc3c f i libvcruntime:risctrnsctrl.obj
 0001:0000ec90       ??$_CallSETranslator@V__FrameHandler4@@@@YAHPEAUEHExceptionRecord@@PEA_KPEAU_CONTEXT@@PEAU_xDISPATCHER_CONTEXT@@PEAUFuncInfo4@FH4@@K1H@Z 000000014000fc90 f i libvcruntime:risctrnsctrl.obj
 0001:0000ece4       ?CatchTryBlock@__FrameHandler3@@SAPEBU_s_TryBlockMapEntry@@PEBU_s_FuncInfo@@H@Z 000000014000fce4 f   libvcruntime:risctrnsctrl.obj
 0001:0000ed38       ?DecompFuncInfo@FH4@@YA_JPEAEAEAUFuncInfo4@1@_KH_N@Z 000000014000fd38 f i libvcruntime:risctrnsctrl.obj
 0001:0000ee5c       ?ExecutionInCatch@__FrameHandler3@@SA_NPEAU_xDISPATCHER_CONTEXT@@PEBU_s_FuncInfo@@@Z 000000014000fe5c f   libvcruntime:risctrnsctrl.obj
 0001:0000ee88       ?ExecutionInCatch@__FrameHandler4@@SA_NPEAU_xDISPATCHER_CONTEXT@@PEAUFuncInfo4@FH4@@@Z 000000014000fe88 f   libvcruntime:risctrnsctrl.obj
 0001:0000ee90       ?FrameUnwindToEmptyState@__FrameHandler3@@SAXPEA_KPEAU_xDISPATCHER_CONTEXT@@PEBU_s_FuncInfo@@@Z 000000014000fe90 f   libvcruntime:risctrnsctrl.obj
 0001:0000eef4       ?FrameUnwindToEmptyState@__FrameHandler4@@SAXPEA_KPEAU_xDISPATCHER_CONTEXT@@PEAUFuncInfo4@FH4@@@Z 000000014000fef4 f   libvcruntime:risctrnsctrl.obj
 0001:0000ef28       ?GetEstablisherFrame@__FrameHandler3@@SAPEA_KPEA_KPEAU_xDISPATCHER_CONTEXT@@PEBU_s_FuncInfo@@0@Z 000000014000ff28 f   libvcruntime:risctrnsctrl.obj
 0001:0000eff4       ?GetEstablisherFrame@__FrameHandler4@@SAPEA_KPEA_KPEAU_xDISPATCHER_CONTEXT@@PEAUFuncInfo4@FH4@@0@Z 000000014000fff4 f   libvcruntime:risctrnsctrl.obj
 0001:0000f018       ?GetRangeOfTrysToCheck@__FrameHandler3@@SA?AU?$pair@Viterator@TryBlockMap@__FrameHandler3@@V123@@std@@AEAVTryBlockMap@1@HPEAU_xDISPATCHER_CONTEXT@@PEBU_s_FuncInfo@@H@Z 0000000140010018 f   libvcruntime:risctrnsctrl.obj
 0001:0000f158       ?GetRangeOfTrysToCheck@__FrameHandler4@@SA?AU?$pair@Viterator@TryBlockMap4@FH4@@V123@@std@@AEAVTryBlockMap4@FH4@@HPEAU_xDISPATCHER_CONTEXT@@PEAUFuncInfo4@5@H@Z 0000000140010158 f   libvcruntime:risctrnsctrl.obj
 0001:0000f2c0       ?UnwindNestedFrames@__FrameHandler3@@SAXPEA_KPEAUEHExceptionRecord@@PEAU_CONTEXT@@0PEAXPEBU_s_FuncInfo@@HHPEBU_s_HandlerType@@PEAU_xDISPATCHER_CONTEXT@@E@Z 00000001400102c0 f   libvcruntime:risctrnsctrl.obj
 0001:0000f3c4       ?UnwindNestedFrames@__FrameHandler4@@SAXPEA_KPEAUEHExceptionRecord@@PEAU_CONTEXT@@0PEAXPEAUFuncInfo4@FH4@@HHPEAUHandlerType4@5@PEAU_xDISPATCHER_CONTEXT@@E@Z 00000001400103c4 f   libvcruntime:risctrnsctrl.obj
 0001:0000f4e4       ?setBuffer@TryBlockMap4@FH4@@QEAAXViterator@12@@Z 00000001400104e4 f i libvcruntime:risctrnsctrl.obj
 0001:0000f6a4       _CreateFrameInfo           00000001400106a4 f   libvcruntime:risctrnsctrl.obj
 0001:0000f6e0       _FindAndUnlinkFrame        00000001400106e0 f   libvcruntime:risctrnsctrl.obj
 0001:0000f734       _GetImageBase              0000000140010734 f   libvcruntime:risctrnsctrl.obj
 0001:0000f748       _GetThrowImageBase         0000000140010748 f   libvcruntime:risctrnsctrl.obj
 0001:0000f75c       _SetImageBase              000000014001075c f   libvcruntime:risctrnsctrl.obj
 0001:0000f774       _SetThrowImageBase         0000000140010774 f   libvcruntime:risctrnsctrl.obj
 0001:0000f78c       __CxxFrameHandler3         000000014001078c f   libvcruntime:risctrnsctrl.obj
 0001:0000f814       __CxxFrameHandler4         0000000140010814 f   libvcruntime:risctrnsctrl.obj
 0001:0000f8f0       memcpy_repmovs             00000001400108f0 f   libvcruntime:memcpy.obj
 0001:0000f910       memcpy                     0000000140010910 f   libvcruntime:memcpy.obj
 0001:0000f910       memmove                    0000000140010910 f   libvcruntime:memcpy.obj
 0001:0000ff88       ?GetCurrentState@__FrameHandler3@@SAHPEA_KPEAU_xDISPATCHER_CONTEXT@@PEBU_s_FuncInfo@@@Z 0000000140010f88 f   libvcruntime:ehstate.obj
 0001:0000ffb0       ?GetUnwindTryBlock@__FrameHandler3@@SAHPEA_KPEAU_xDISPATCHER_CONTEXT@@PEBU_s_FuncInfo@@@Z 0000000140010fb0 f   libvcruntime:ehstate.obj
 0001:0000ffdc       ?SetState@__FrameHandler3@@SAXPEA_KPEBU_s_FuncInfo@@H@Z 0000000140010fdc f   libvcruntime:ehstate.obj
 0001:0000ffe8       ?SetUnwindTryBlock@__FrameHandler3@@SAXPEA_KPEAU_xDISPATCHER_CONTEXT@@PEBU_s_FuncInfo@@H@Z 0000000140010fe8 f   libvcruntime:ehstate.obj
 0001:00010024       ?StateFromControlPc@__FrameHandler3@@SAHPEBU_s_FuncInfo@@PEAU_xDISPATCHER_CONTEXT@@@Z 0000000140011024 f   libvcruntime:ehstate.obj
 0001:0001002c       ?StateFromControlPc@__FrameHandler4@@SAHPEAUFuncInfo4@FH4@@PEAU_xDISPATCHER_CONTEXT@@@Z 000000014001102c f   libvcruntime:ehstate.obj
 0001:00010034       ?StateFromIp@__FrameHandler3@@SAHPEBU_s_FuncInfo@@PEAU_xDISPATCHER_CONTEXT@@_K@Z 0000000140011034 f   libvcruntime:ehstate.obj
 0001:0001009c       ?StateFromIp@__FrameHandler4@@SAHPEAUFuncInfo4@FH4@@PEAU_xDISPATCHER_CONTEXT@@_K@Z 000000014001109c f   libvcruntime:ehstate.obj
 0001:00011780       ??$TypeMatchHelper@V__FrameHandler3@@@@YAHPEBU_s_HandlerType@@PEBU_s_CatchableType@@PEBU_s_ThrowInfo@@@Z 0000000140012780 f i libvcruntime:frame.obj
 0001:000118c0       ??$TypeMatchHelper@V__FrameHandler4@@@@YAHPEAUHandlerType4@FH4@@PEBU_s_CatchableType@@PEBU_s_ThrowInfo@@@Z 00000001400128c0 f i libvcruntime:frame.obj
 0001:00011a04       ??$__InternalCxxFrameHandler@V__FrameHandler3@@@@YA?AW4_EXCEPTION_DISPOSITION@@PEAUEHExceptionRecord@@PEA_KPEAU_CONTEXT@@PEAU_xDISPATCHER_CONTEXT@@PEBU_s_FuncInfo@@H1E@Z 0000000140012a04 f i libvcruntime:frame.obj
 0001:00011c3c       ??$__InternalCxxFrameHandler@V__FrameHandler4@@@@YA?AW4_EXCEPTION_DISPOSITION@@PEAUEHExceptionRecord@@PEA_KPEAU_CONTEXT@@PEAU_xDISPATCHER_CONTEXT@@PEAUFuncInfo4@FH4@@H1E@Z 0000000140012c3c f i libvcruntime:frame.obj
 0001:00011ed0       ??0HandlerMap4@FH4@@QEAA@PEBUTryBlockMapEntry4@1@_KH@Z 0000000140012ed0 f i libvcruntime:frame.obj
 0001:00011f4c       ??0TryBlockMap4@FH4@@QEAA@PEBUFuncInfo4@1@_K@Z 0000000140012f4c f i libvcruntime:frame.obj
 0001:00012024       ??0bad_exception@std@@QEAA@AEBV01@@Z 0000000140013024 f i libvcruntime:frame.obj
 0001:00012060       ??0bad_exception@std@@QEAA@XZ 0000000140013060 f i libvcruntime:frame.obj
 0001:00012080       ?CxxCallCatchBlock@__FrameHandler3@@SAPEAXPEAU_EXCEPTION_RECORD@@@Z 0000000140013080 f   libvcruntime:frame.obj
 0001:0001226c       ?CxxCallCatchBlock@__FrameHandler4@@SAPEAXPEAU_EXCEPTION_RECORD@@@Z 000000014001326c f   libvcruntime:frame.obj
 0001:000124bc       ?DecompHandler@HandlerMap4@FH4@@AEAAXXZ 00000001400134bc f i libvcruntime:frame.obj
 0001:000126fc       ?FrameUnwindToState@__FrameHandler3@@SAXPEA_KPEAU_xDISPATCHER_CONTEXT@@PEBU_s_FuncInfo@@H@Z 00000001400136fc f   libvcruntime:frame.obj
 0001:00012888       ?FrameUnwindToState@__FrameHandler4@@SAXPEA_KPEAU_xDISPATCHER_CONTEXT@@PEAUFuncInfo4@FH4@@H@Z 0000000140013888 f   libvcruntime:frame.obj
 0001:00012b70       ?GetHandlerSearchState@__FrameHandler3@@SAHPEA_KPEAU_xDISPATCHER_CONTEXT@@PEBU_s_FuncInfo@@@Z 0000000140013b70 f i libvcruntime:frame.obj
 0001:00012d80       ?ReadEntry@UWMap4@FH4@@AEAAXPEAPEAE@Z 0000000140013d80 f i libvcruntime:frame.obj
 0001:00012e20       ?_CallMemberFunction1@@YAXQEAX00@Z 0000000140013e20 f i libvcruntime:frame.obj
 0001:00012e2c       ?_CallMemberFunction2@@YAXQEAX00H@Z 0000000140013e2c f i libvcruntime:frame.obj
 0001:00012e3c       ?getStartStop@UWMap4@FH4@@QEAAXHHAEAViterator@12@0@Z 0000000140013e3c f i libvcruntime:frame.obj
 0001:00012f0c       ?getStateFromIterators@UWMap4@FH4@@SAHAEBViterator@12@H0H0@Z 0000000140013f0c f i libvcruntime:frame.obj
 0001:00012ff0       _CallSettingFrame          0000000140013ff0 f   libvcruntime:handlers.obj
 0001:00013040       _CallSettingFrame_LookupContinuationIndex 0000000140014040 f   libvcruntime:handlers.obj
 0001:00013070       _CallSettingFrame_NotifyContinuationAddr 0000000140014070 f   libvcruntime:handlers.obj
 0001:000130a0       _CallSettingFrameEncoded   00000001400140a0 f   libvcruntime:handlers.obj
 0001:000131a4       fopen                      00000001400141a4 f   libucrt:fopen.obj
 0001:000131b0       __acrt_initialize_stdio    00000001400141b0 f   libucrt:_file.obj
 0001:000132d0       __acrt_iob_func            00000001400142d0 f   libucrt:_file.obj
 0001:000132e4       __acrt_uninitialize_stdio  00000001400142e4 f   libucrt:_file.obj
 0001:00013340       _lock_file                 0000000140014340 f   libucrt:_file.obj
 0001:0001334c       _unlock_file               000000014001434c f   libucrt:_file.obj
 0001:0001347c       ?get_raw_ptd@__crt_cached_ptd_host@@QEAAPEAU__acrt_ptd@@XZ 000000014001447c f i libucrt:fclose.obj
 0001:000134e4       fclose                     00000001400144e4 f   libucrt:fclose.obj
 0001:0001357c       realloc                    000000014001457c f   libucrt:realloc.obj
 0001:000135c4       ??$ensure_buffer_is_big_enough@D@formatting_buffer@__crt_stdio_output@@QEAA_N_KAEAV__crt_cached_ptd_host@@@Z 00000001400145c4 f i libucrt:output.obj
 0001:0001366c       ??$parse_integer@KV?$c_string_character_source@D@__crt_strtox@@$0A@@__crt_strtox@@YAKAEAV__crt_cached_ptd_host@@V?$c_string_character_source@D@0@H_N@Z 000000014001466c f i libucrt:output.obj
 0001:00013920       ??$type_case_integer@$07@?$output_processor@DV?$string_output_adapter@D@__crt_stdio_output@@V?$standard_base@DV?$string_output_adapter@D@__crt_stdio_output@@@2@@__crt_stdio_output@@AEAA_N_N@Z 0000000140014920 f i libucrt:output.obj
 0001:00013920       ??$type_case_integer@$07@?$output_processor@DV?$stream_output_adapter@D@__crt_stdio_output@@V?$standard_base@DV?$stream_output_adapter@D@__crt_stdio_output@@@2@@__crt_stdio_output@@AEAA_N_N@Z 0000000140014920 f i libucrt:output.obj
 0001:00013b24       ??$type_case_integer@$09@?$output_processor@DV?$string_output_adapter@D@__crt_stdio_output@@V?$standard_base@DV?$string_output_adapter@D@__crt_stdio_output@@@2@@__crt_stdio_output@@AEAA_N_N@Z 0000000140014b24 f i libucrt:output.obj
 0001:00013b24       ??$type_case_integer@$09@?$output_processor@DV?$stream_output_adapter@D@__crt_stdio_output@@V?$standard_base@DV?$stream_output_adapter@D@__crt_stdio_output@@@2@@__crt_stdio_output@@AEAA_N_N@Z 0000000140014b24 f i libucrt:output.obj
 0001:00013d28       ??$type_case_integer@$0BA@@?$output_processor@DV?$stream_output_adapter@D@__crt_stdio_output@@V?$standard_base@DV?$stream_output_adapter@D@__crt_stdio_output@@@2@@__crt_stdio_output@@AEAA_N_N@Z 0000000140014d28 f i libucrt:output.obj
 0001:00013d28       ??$type_case_integer@$0BA@@?$output_processor@DV?$string_output_adapter@D@__crt_stdio_output@@V?$standard_base@DV?$string_output_adapter@D@__crt_stdio_output@@@2@@__crt_stdio_output@@AEAA_N_N@Z 0000000140014d28 f i libucrt:output.obj
 0001:00013f2c       ??$type_case_integer_parse_into_buffer@I$07@?$output_processor@DV?$stream_output_adapter@D@__crt_stdio_output@@V?$standard_base@DV?$stream_output_adapter@D@__crt_stdio_output@@@2@@__crt_stdio_output@@AEAAXI_N@Z 0000000140014f2c f i libucrt:output.obj
 0001:00013f2c       ??$type_case_integer_parse_into_buffer@I$07@?$output_processor@DV?$string_output_adapter@D@__crt_stdio_output@@V?$standard_base@DV?$string_output_adapter@D@__crt_stdio_output@@@2@@__crt_stdio_output@@AEAAXI_N@Z 0000000140014f2c f i libucrt:output.obj
 0001:00013f9c       ??$type_case_integer_parse_into_buffer@I$09@?$output_processor@DV?$string_output_adapter@D@__crt_stdio_output@@V?$standard_base@DV?$string_output_adapter@D@__crt_stdio_output@@@2@@__crt_stdio_output@@AEAAXI_N@Z 0000000140014f9c f i libucrt:output.obj
 0001:00013f9c       ??$type_case_integer_parse_into_buffer@I$09@?$output_processor@DV?$stream_output_adapter@D@__crt_stdio_output@@V?$standard_base@DV?$stream_output_adapter@D@__crt_stdio_output@@@2@@__crt_stdio_output@@AEAAXI_N@Z 0000000140014f9c f i libucrt:output.obj
 0001:00014048       ??$type_case_integer_parse_into_buffer@I$0BA@@?$output_processor@DV?$string_output_adapter@D@__crt_stdio_output@@V?$standard_base@DV?$string_output_adapter@D@__crt_stdio_output@@@2@@__crt_stdio_output@@AEAAXI_N@Z 0000000140015048 f i libucrt:output.obj
 0001:00014048       ??$type_case_integer_parse_into_buffer@I$0BA@@?$output_processor@DV?$stream_output_adapter@D@__crt_stdio_output@@V?$standard_base@DV?$stream_output_adapter@D@__crt_stdio_output@@@2@@__crt_stdio_output@@AEAAXI_N@Z 0000000140015048 f i libucrt:output.obj
 0001:000140cc       ??$type_case_integer_parse_into_buffer@_K$07@?$output_processor@DV?$string_output_adapter@D@__crt_stdio_output@@V?$standard_base@DV?$string_output_adapter@D@__crt_stdio_output@@@2@@__crt_stdio_output@@AEAAX_K_N@Z 00000001400150cc f i libucrt:output.obj
 0001:000140cc       ??$type_case_integer_parse_into_buffer@_K$07@?$output_processor@DV?$stream_output_adapter@D@__crt_stdio_output@@V?$standard_base@DV?$stream_output_adapter@D@__crt_stdio_output@@@2@@__crt_stdio_output@@AEAAX_K_N@Z 00000001400150cc f i libucrt:output.obj
 0001:0001413c       ??$type_case_integer_parse_into_buffer@_K$09@?$output_processor@DV?$string_output_adapter@D@__crt_stdio_output@@V?$standard_base@DV?$string_output_adapter@D@__crt_stdio_output@@@2@@__crt_stdio_output@@AEAAX_K_N@Z 000000014001513c f i libucrt:output.obj
 0001:0001413c       ??$type_case_integer_parse_into_buffer@_K$09@?$output_processor@DV?$stream_output_adapter@D@__crt_stdio_output@@V?$standard_base@DV?$stream_output_adapter@D@__crt_stdio_output@@@2@@__crt_stdio_output@@AEAAX_K_N@Z 000000014001513c f i libucrt:output.obj
 0001:000141ec       ??$type_case_integer_parse_into_buffer@_K$0BA@@?$output_processor@DV?$stream_output_adapter@D@__crt_stdio_output@@V?$standard_base@DV?$stream_output_adapter@D@__crt_stdio_output@@@2@@__crt_stdio_output@@AEAAX_K_N@Z 00000001400151ec f i libucrt:output.obj
 0001:000141ec       ??$type_case_integer_parse_into_buffer@_K$0BA@@?$output_processor@DV?$string_output_adapter@D@__crt_stdio_output@@V?$standard_base@DV?$string_output_adapter@D@__crt_stdio_output@@@2@@__crt_stdio_output@@AEAAX_K_N@Z 00000001400151ec f i libucrt:output.obj
 0001:0001438c       ?crop_zeroes@__crt_stdio_output@@YAXPEADQEAU__crt_locale_pointers@@@Z 000000014001538c f i libucrt:output.obj
 0001:000143f8       ?parse_int_from_format_string@?$output_processor@DV?$string_output_adapter@D@__crt_stdio_output@@V?$standard_base@DV?$string_output_adapter@D@__crt_stdio_output@@@2@@__crt_stdio_output@@AEAA_NQEAH@Z 00000001400153f8 f i libucrt:output.obj
 0001:000143f8       ?parse_int_from_format_string@?$output_processor@DV?$stream_output_adapter@D@__crt_stdio_output@@V?$standard_base@DV?$stream_output_adapter@D@__crt_stdio_output@@@2@@__crt_stdio_output@@AEAA_NQEAH@Z 00000001400153f8 f i libucrt:output.obj
 0001:00014488       ?process@?$output_processor@DV?$stream_output_adapter@D@__crt_stdio_output@@V?$standard_base@DV?$stream_output_adapter@D@__crt_stdio_output@@@2@@__crt_stdio_output@@QEAAHXZ 0000000140015488 f i libucrt:output.obj
 0001:00014820       ?process@?$output_processor@DV?$string_output_adapter@D@__crt_stdio_output@@V?$standard_base@DV?$string_output_adapter@D@__crt_stdio_output@@@2@@__crt_stdio_output@@QEAAHXZ 0000000140015820 f i libucrt:output.obj
 0001:00014ba0       ?state_case_size@?$output_processor@DV?$stream_output_adapter@D@__crt_stdio_output@@V?$standard_base@DV?$stream_output_adapter@D@__crt_stdio_output@@@2@@__crt_stdio_output@@AEAA_NXZ 0000000140015ba0 f i libucrt:output.obj
 0001:00014d28       ?state_case_size@?$output_processor@DV?$string_output_adapter@D@__crt_stdio_output@@V?$standard_base@DV?$string_output_adapter@D@__crt_stdio_output@@@2@@__crt_stdio_output@@AEAA_NXZ 0000000140015d28 f i libucrt:output.obj
 0001:00014eb0       ?state_case_type@?$output_processor@DV?$stream_output_adapter@D@__crt_stdio_output@@V?$standard_base@DV?$stream_output_adapter@D@__crt_stdio_output@@@2@@__crt_stdio_output@@AEAA_NXZ 0000000140015eb0 f i libucrt:output.obj
 0001:000152e8       ?state_case_type@?$output_processor@DV?$string_output_adapter@D@__crt_stdio_output@@V?$standard_base@DV?$string_output_adapter@D@__crt_stdio_output@@@2@@__crt_stdio_output@@AEAA_NXZ 00000001400162e8 f i libucrt:output.obj
 0001:000156ec       ?type_case_Z@?$output_processor@DV?$string_output_adapter@D@__crt_stdio_output@@V?$standard_base@DV?$string_output_adapter@D@__crt_stdio_output@@@2@@__crt_stdio_output@@AEAA_NXZ 00000001400166ec f i libucrt:output.obj
 0001:000156ec       ?type_case_Z@?$output_processor@DV?$stream_output_adapter@D@__crt_stdio_output@@V?$standard_base@DV?$stream_output_adapter@D@__crt_stdio_output@@@2@@__crt_stdio_output@@AEAA_NXZ 00000001400166ec f i libucrt:output.obj
 0001:00015768       ?type_case_a@?$output_processor@DV?$string_output_adapter@D@__crt_stdio_output@@V?$standard_base@DV?$string_output_adapter@D@__crt_stdio_output@@@2@@__crt_stdio_output@@AEAA_NXZ 0000000140016768 f i libucrt:output.obj
 0001:00015768       ?type_case_a@?$output_processor@DV?$stream_output_adapter@D@__crt_stdio_output@@V?$standard_base@DV?$stream_output_adapter@D@__crt_stdio_output@@@2@@__crt_stdio_output@@AEAA_NXZ 0000000140016768 f i libucrt:output.obj
 0001:000159bc       ?type_case_c_tchar@?$output_processor@DV?$stream_output_adapter@D@__crt_stdio_output@@V?$standard_base@DV?$stream_output_adapter@D@__crt_stdio_output@@@2@@__crt_stdio_output@@AEAA_ND@Z 00000001400169bc f i libucrt:output.obj
 0001:000159bc       ?type_case_c_tchar@?$output_processor@DV?$string_output_adapter@D@__crt_stdio_output@@V?$standard_base@DV?$string_output_adapter@D@__crt_stdio_output@@@2@@__crt_stdio_output@@AEAA_ND@Z 00000001400169bc f i libucrt:output.obj
 0001:00015a90       ?type_case_n@?$output_processor@DV?$string_output_adapter@D@__crt_stdio_output@@V?$standard_base@DV?$string_output_adapter@D@__crt_stdio_output@@@2@@__crt_stdio_output@@AEAA_NXZ 0000000140016a90 f i libucrt:output.obj
 0001:00015a90       ?type_case_n@?$output_processor@DV?$stream_output_adapter@D@__crt_stdio_output@@V?$standard_base@DV?$stream_output_adapter@D@__crt_stdio_output@@@2@@__crt_stdio_output@@AEAA_NXZ 0000000140016a90 f i libucrt:output.obj
 0001:00015b48       ?type_case_s@?$output_processor@DV?$string_output_adapter@D@__crt_stdio_output@@V?$standard_base@DV?$string_output_adapter@D@__crt_stdio_output@@@2@@__crt_stdio_output@@AEAA_NXZ 0000000140016b48 f i libucrt:output.obj
 0001:00015b48       ?type_case_s@?$output_processor@DV?$stream_output_adapter@D@__crt_stdio_output@@V?$standard_base@DV?$stream_output_adapter@D@__crt_stdio_output@@@2@@__crt_stdio_output@@AEAA_NXZ 0000000140016b48 f i libucrt:output.obj
 0001:00015bf0       ?update_locale_slow@__crt_cached_ptd_host@@AEAAXXZ 0000000140016bf0 f i libucrt:output.obj
 0001:00015c68       ?validate_stream_is_ansi_if_required@?$__acrt_stdio_char_traits@D@@SA_NQEAU_iobuf@@@Z 0000000140016c68 f i libucrt:output.obj
 0001:00015d04       ?write_string@?$string_output_adapter@D@__crt_stdio_output@@QEBAXQEBDHQEAHAEAV__crt_cached_ptd_host@@@Z 0000000140016d04 f i libucrt:output.obj
 0001:00015da8       ?write_string_impl@?$output_adapter_common@DV?$stream_output_adapter@D@__crt_stdio_output@@@__crt_stdio_output@@IEBAXQEBDHQEAHAEAV__crt_cached_ptd_host@@@Z 0000000140016da8 f i libucrt:output.obj
 0001:00015e74       __stdio_common_vfprintf    0000000140016e74 f   libucrt:output.obj
 0001:00015f98       __stdio_common_vsprintf    0000000140016f98 f   libucrt:output.obj
 0001:00016200       strncpy                    0000000140017200 f   libucrt:strncpy.obj
 0001:00016370       isalnum                    0000000140017370 f   libucrt:_ctype.obj
 0001:0001641c       ??$__acrt_convert_wcs_mbs_cp@D_WV<lambda_7c9dea7b4ca7285d2cdb541a38da6275>@@U__crt_win32_buffer_internal_dynamic_resizing@@@@YAHQEBDAEAV?$__crt_win32_buffer@_WU__crt_win32_buffer_internal_dynamic_resizing@@@@AEBV<lambda_7c9dea7b4ca7285d2cdb541a38da6275>@@I@Z 000000014001741c f i libucrt:stat.obj
 0001:00016934       ??0_LocaleUpdate@@QEAA@QEAU__crt_locale_pointers@@@Z 0000000140017934 f i libucrt:stat.obj
 0001:00016d20       _stat64i32                 0000000140017d20 f   libucrt:stat.obj
 0001:00016e40       strncmp                    0000000140017e40 f   libucrt:strncmp.obj
 0001:00016f80       _fwrite_internal           0000000140017f80 f   libucrt:fwrite.obj
 0001:0001701c       _fwrite_nolock_internal    000000014001801c f   libucrt:fwrite.obj
 0001:00017230       fwrite                     0000000140018230 f   libucrt:fwrite.obj
 0001:000172d4       free                       00000001400182d4 f   libucrt:free.obj
 0001:00017300       strncat                    0000000140018300 f   libucrt:strncat.obj
 0001:00017498       _mkdir                     0000000140018498 f   libucrt:mkdir.obj
 0001:0001757c       _fread_nolock_s            000000014001857c f   libucrt:fread.obj
 0001:000177dc       fread                      00000001400187dc f   libucrt:fread.obj
 0001:000177fc       fread_s                    00000001400187fc f   libucrt:fread.obj
 0001:000178a4       malloc                     00000001400188a4 f   libucrt:malloc.obj
 0001:000178ac       ?get_raw_ptd_noexit@__crt_cached_ptd_host@@QEAAPEAU__acrt_ptd@@XZ 00000001400188ac f i libucrt:invalid_parameter.obj
 0001:00017918       ?value@?$dual_state_global@P6AXPEB_W00I_K@Z@__crt_state_management@@QEAAAEAP6AXPEB_W00I_K@ZAEAV__crt_cached_ptd_host@@@Z 0000000140018918 f i libucrt:invalid_parameter.obj
 0001:00017964       __acrt_call_reportfault    0000000140018964 f   libucrt:invalid_parameter.obj
 0001:00017ac0       __acrt_initialize_invalid_parameter_handler 0000000140018ac0 f   libucrt:invalid_parameter.obj
 0001:00017ac8       _invalid_parameter         0000000140018ac8 f   libucrt:invalid_parameter.obj
 0001:00017b64       _invalid_parameter_internal 0000000140018b64 f   libucrt:invalid_parameter.obj
 0001:00017c30       _invalid_parameter_noinfo  0000000140018c30 f   libucrt:invalid_parameter.obj
 0001:00017c50       _invalid_parameter_noinfo_noreturn 0000000140018c50 f   libucrt:invalid_parameter.obj
 0001:00017c80       _invoke_watson             0000000140018c80 f   libucrt:invalid_parameter.obj
 0001:00017cc8       _aligned_free              0000000140018cc8 f   libucrt:align.obj
 0001:00017ce4       _aligned_malloc            0000000140018ce4 f   libucrt:align.obj
 0001:00017d64       roundf                     0000000140018d64 f   libucrt:roundf.obj
 0001:00017dcc       _clearfp                   0000000140018dcc f   libucrt:ieee.obj
 0001:00017e38       _control87                 0000000140018e38 f   libucrt:ieee.obj
 0001:00017e40       _controlfp                 0000000140018e40 f   libucrt:ieee.obj
 0001:000180e8       __acrt_initialize_new_handler 00000001400190e8 f   libucrt:new_handler.obj
 0001:000180f0       _callnewh                  00000001400190f0 f   libucrt:new_handler.obj
 0001:00018130       _query_new_handler         0000000140019130 f   libucrt:new_handler.obj
 0001:00018168       _seh_filter_exe            0000000140019168 f   libucrt:exception_filter.obj
 0001:00018580       __acrt_initialize_thread_local_exit_callback 0000000140019580 f   libucrt:exit.obj
 0001:00018588       _c_exit                    0000000140019588 f   libucrt:exit.obj
 0001:00018598       _cexit                     0000000140019598 f   libucrt:exit.obj
 0001:000185a8       _exit                      00000001400195a8 f   libucrt:exit.obj
 0001:000185b4       _register_thread_local_exe_atexit_callback 00000001400195b4 f   libucrt:exit.obj
 0001:000185f4       exit                       00000001400195f4 f   libucrt:exit.obj
 0001:000187c8       __acrt_allocate_buffer_for_argv 00000001400197c8 f   libucrt:argv_parsing.obj
 0001:00018828       _configure_narrow_argv     0000000140019828 f   libucrt:argv_parsing.obj
 0001:00018df8       __dcrt_get_or_create_wide_environment_nolock 0000000140019df8 f   libucrt:environment_initialization.obj
 0001:00018e34       __dcrt_uninitialize_environments_nolock 0000000140019e34 f   libucrt:environment_initialization.obj
 0001:00018e78       _initialize_narrow_environment 0000000140019e78 f   libucrt:environment_initialization.obj
 0001:000191c8       _crt_atexit                000000014001a1c8 f   libucrt:onexit.obj
 0001:000191d8       _execute_onexit_table      000000014001a1d8 f   libucrt:onexit.obj
 0001:0001921c       _initialize_onexit_table   000000014001a21c f   libucrt:onexit.obj
 0001:00019244       _register_onexit_function  000000014001a244 f   libucrt:onexit.obj
 0001:000193b8       __acrt_initialize          000000014001a3b8 f   libucrt:initialization.obj
 0001:000193cc       __acrt_uninitialize        000000014001a3cc f   libucrt:initialization.obj
 0001:00019404       _query_app_type            000000014001a404 f   libucrt:report_runtime_error.obj
 0001:0001940c       _set_app_type              000000014001a40c f   libucrt:report_runtime_error.obj
 0001:00019414       __acrt_has_user_matherr    000000014001a414 f   libucrt:matherr.obj
 0001:00019434       __acrt_initialize_user_matherr 000000014001a434 f   libucrt:matherr.obj
 0001:0001943c       __acrt_invoke_user_matherr 000000014001a43c f   libucrt:matherr.obj
 0001:00019478       __setusermatherr           000000014001a478 f   libucrt:matherr.obj
 0001:000194a0       _get_narrow_winmain_command_line 000000014001a4a0 f   libucrt:argv_winmain.obj
 0001:00019510       _initterm                  000000014001a510 f   libucrt:initterm.obj
 0001:00019554       _initterm_e                000000014001a554 f   libucrt:initterm.obj
 0001:0001959c       _get_fmode                 000000014001a59c f   libucrt:setmode.obj
 0001:000195cc       _set_fmode                 000000014001a5cc f   libucrt:setmode.obj
 0001:0001960c       _setmode_nolock            000000014001a60c f   libucrt:setmode.obj
 0001:00019760       __acrt_set_locale_changed  000000014001a760 f   libucrt:wsetlocale.obj
 0001:0001976c       __acrt_uninitialize_locale 000000014001a76c f   libucrt:wsetlocale.obj
 0001:0001979c       _configthreadlocale        000000014001a79c f   libucrt:wsetlocale.obj
 0001:00019808       _query_new_mode            000000014001a808 f   libucrt:new_mode.obj
 0001:00019810       _set_new_mode              000000014001a810 f   libucrt:new_mode.obj
 0001:0001983c       __p__commode               000000014001a83c f   libucrt:ncommode.obj
 0001:00019844       terminate                  000000014001a844 f   libucrt:terminate.obj
 0001:00019870       _strdup                    000000014001a870 f   libucrt:strdup.obj
 0001:00019870       strdup                     000000014001a870 f   libucrt:strdup.obj
 0001:000198e8       ___lc_codepage_func        000000014001a8e8 f   libucrt:initctype.obj
 0001:00019918       strcpy_s                   000000014001a918 f   libucrt:strcpy_s.obj
 0001:00019978       abort                      000000014001a978 f   libucrt:abort.obj
 0001:000199d0       calloc                     000000014001a9d0 f   libucrt:calloc.obj
 0001:000199d8       ??$parse_integer@KV?$c_string_character_source@_W@__crt_strtox@@$00@__crt_strtox@@YAKAEAV__crt_cached_ptd_host@@V?$c_string_character_source@_W@0@H_N@Z 000000014001a9d8 f i libucrt:atox.obj
 0001:0001a174       wcsncmp                    000000014001b174 f   libucrt:wcsncmp.obj
 0001:0001a1a0       __acrt_errno_from_os_error 000000014001b1a0 f   libucrt:errno.obj
 0001:0001a1e8       __acrt_errno_map_os_error  000000014001b1e8 f   libucrt:errno.obj
 0001:0001a230       __acrt_errno_map_os_error_ptd 000000014001b230 f   libucrt:errno.obj
 0001:0001a254       __doserrno                 000000014001b254 f   libucrt:errno.obj
 0001:0001a274       _errno                     000000014001b274 f   libucrt:errno.obj
 0001:0001a294       ?__acrt_stdio_allocate_stream@@YA?AV__crt_stdio_stream@@XZ 000000014001b294 f   libucrt:stream.obj
 0001:0001a2ec       ?__acrt_stdio_free_stream@@YAXV__crt_stdio_stream@@@Z 000000014001b2ec f   libucrt:stream.obj
 0001:0001a3f4       ??$__acrt_stdio_parse_mode@D@@YA?AU__acrt_stdio_stream_mode@@QEBD@Z 000000014001b3f4 f i libucrt:openfile.obj
 0001:0001a6b8       _openfile                  000000014001b6b8 f   libucrt:openfile.obj
 0001:0001a754       _calloc_base               000000014001b754 f   libucrt:calloc_base.obj
 0001:0001a7cc       _free_base                 000000014001b7cc f   libucrt:free_base.obj
 0001:0001a9c4       __acrt_AppPolicyGetProcessTerminationMethodInternal 000000014001b9c4 f   libucrt:winapi_thunks.obj
 0001:0001aa1c       __acrt_AreFileApisANSI     000000014001ba1c f   libucrt:winapi_thunks.obj
 0001:0001aa60       __acrt_CompareStringEx     000000014001ba60 f   libucrt:winapi_thunks.obj
 0001:0001ab4c       __acrt_FlsAlloc            000000014001bb4c f   libucrt:winapi_thunks.obj
 0001:0001ab54       __acrt_FlsFree             000000014001bb54 f   libucrt:winapi_thunks.obj
 0001:0001ab5c       __acrt_FlsGetValue         000000014001bb5c f   libucrt:winapi_thunks.obj
 0001:0001ab64       __acrt_FlsSetValue         000000014001bb64 f   libucrt:winapi_thunks.obj
 0001:0001ab6c       __acrt_InitializeCriticalSectionEx 000000014001bb6c f   libucrt:winapi_thunks.obj
 0001:0001abdc       __acrt_LCMapStringEx       000000014001bbdc f   libucrt:winapi_thunks.obj
 0001:0001acc8       __acrt_LocaleNameToLCID    000000014001bcc8 f   libucrt:winapi_thunks.obj
 0001:0001ad28       __acrt_initialize_winapi_thunks 000000014001bd28 f   libucrt:winapi_thunks.obj
 0001:0001ad4c       __acrt_uninitialize_winapi_thunks 000000014001bd4c f   libucrt:winapi_thunks.obj
 0001:0001ad90       _fcloseall                 000000014001bd90 f   libucrt:closeall.obj
 0001:0001b024       __acrt_stdio_flush_nolock  000000014001c024 f   libucrt:fflush.obj
 0001:0001b0b0       _fflush_nolock             000000014001c0b0 f   libucrt:fflush.obj
 0001:0001b184       _flushall                  000000014001c184 f   libucrt:fflush.obj
 0001:0001b18c       __acrt_stdio_free_buffer_nolock 000000014001c18c f   libucrt:_freebuf.obj
 0001:0001b3c8       __acrt_initialize_lowio    000000014001c3c8 f   libucrt:ioinit.obj
 0001:0001b404       __acrt_uninitialize_lowio  000000014001c404 f   libucrt:ioinit.obj
 0001:0001b444       _fileno                    000000014001c444 f   libucrt:fileno.obj
 0001:0001b4e4       _close_internal            000000014001c4e4 f   libucrt:close.obj
 0001:0001b5a8       _close_nolock              000000014001c5a8 f   libucrt:close.obj
 0001:0001b640       _close_nolock_internal     000000014001c640 f   libucrt:close.obj
 0001:0001ba88       __acrt_getptd              000000014001ca88 f   libucrt:per_thread_data.obj
 0001:0001bb5c       __acrt_getptd_head         000000014001cb5c f   libucrt:per_thread_data.obj
 0001:0001bc00       __acrt_getptd_noexit       000000014001cc00 f   libucrt:per_thread_data.obj
 0001:0001bcc8       __acrt_getptd_noexit_explicit 000000014001ccc8 f   libucrt:per_thread_data.obj
 0001:0001bd88       __acrt_initialize_ptd      000000014001cd88 f   libucrt:per_thread_data.obj
 0001:0001bdc4       __acrt_uninitialize_ptd    000000014001cdc4 f   libucrt:per_thread_data.obj
 0001:0001bde8       _realloc_base              000000014001cde8 f   libucrt:realloc_base.obj
 0001:0001be64       _malloc_base               000000014001ce64 f   libucrt:malloc_base.obj
 0001:0001bec4       strnlen                    000000014001cec4 f   libucrt:strnlen.obj
 0001:0001c014       wcsnlen                    000000014001d014 f   libucrt:strnlen.obj
 0001:0001c1ec       __acrt_update_locale_info  000000014001d1ec f   libucrt:locale_update.obj
 0001:0001c220       __acrt_update_locale_info_explicit 000000014001d220 f   libucrt:locale_update.obj
 0001:0001c258       __acrt_update_multibyte_info 000000014001d258 f   libucrt:locale_update.obj
 0001:0001c28c       __acrt_update_multibyte_info_explicit 000000014001d28c f   libucrt:locale_update.obj
 0001:0001cdd8       __acrt_fp_format           000000014001ddd8 f   libucrt:cvt.obj
 0001:0001d0c0       _wctomb_internal           000000014001e0c0 f   libucrt:wctomb.obj
 0001:0001d270       _mbtowc_internal           000000014001e270 f   libucrt:mbtowc.obj
 0001:0001d3e8       _get_printf_count_output   000000014001e3e8 f   libucrt:printf_count_output.obj
 0001:0001d400       _fputc_nolock_internal     000000014001e400 f   libucrt:fputc.obj
 0001:0001d418       __acrt_should_use_temporary_buffer 000000014001e418 f   libucrt:_sftbuf.obj
 0001:0001d464       __acrt_stdio_begin_temporary_buffering_nolock 000000014001e464 f   libucrt:_sftbuf.obj
 0001:0001d52c       __acrt_stdio_end_temporary_buffering_nolock 000000014001e52c f   libucrt:_sftbuf.obj
 0001:0001d56c       _isctype_l                 000000014001e56c f   libucrt:isctype.obj
 0001:0001d674       _getdrive                  000000014001e674 f   libucrt:drive.obj
 0001:0001d76c       ??$__acrt_convert_wcs_mbs_cp@_WDV<lambda_f788ae46380686e8b737efdd8c720d07>@@U__crt_win32_buffer_no_resizing@@@@YAHQEB_WAEAV?$__crt_win32_buffer@DU__crt_win32_buffer_no_resizing@@@@AEBV<lambda_f788ae46380686e8b737efdd8c720d07>@@I@Z 000000014001e76c f i libucrt:fullpath.obj
 0001:0001d888       ??$call_win32_function@V<lambda_17b8e77e04f0039ff1429d79b8271fa1>@@@?$__crt_win32_buffer@_WU__crt_win32_buffer_no_resizing@@@@QEAAHAEBV<lambda_17b8e77e04f0039ff1429d79b8271fa1>@@@Z 000000014001e888 f i libucrt:fullpath.obj
 0001:0001d8fc       ??$call_win32_function@V<lambda_1a60cddbd8640ed4c95e91b82cd9827b>@@@?$__crt_win32_buffer@_WU__crt_win32_buffer_public_dynamic_resizing@@@@QEAAHAEBV<lambda_1a60cddbd8640ed4c95e91b82cd9827b>@@@Z 000000014001e8fc f i libucrt:fullpath.obj
 0001:0001d9d4       ?detach@?$__crt_win32_buffer@_WU__crt_win32_buffer_public_dynamic_resizing@@@@QEAAPEA_WXZ 000000014001e9d4 f i libucrt:fullpath.obj
 0001:0001dab8       _wfullpath                 000000014001eab8 f   libucrt:fullpath.obj
 0001:0001db6c       wcspbrk                    000000014001eb6c f   libucrt:wcspbrk.obj
 0001:0001dba0       __ascii_wcsicmp            000000014001eba0 f   libucrt:wcsicmp.obj
 0001:0001dbe0       _wcsicmp                   000000014001ebe0 f   libucrt:wcsicmp.obj
 0001:0001dc28       _wcsicmp_l                 000000014001ec28 f   libucrt:wcsicmp.obj
 0001:0001dd5c       __acrt_MultiByteToWideChar 000000014001ed5c f   libucrt:multibytetowidechar.obj
 0001:0001ddec       __acrt_lowio_create_handle_array 000000014001edec f   libucrt:osfinfo.obj
 0001:0001de94       __acrt_lowio_destroy_handle_array 000000014001ee94 f   libucrt:osfinfo.obj
 0001:0001dee4       __acrt_lowio_ensure_fh_exists 000000014001eee4 f   libucrt:osfinfo.obj
 0001:0001df8c       __acrt_lowio_lock_fh       000000014001ef8c f   libucrt:osfinfo.obj
 0001:0001dfb4       __acrt_lowio_set_os_handle 000000014001efb4 f   libucrt:osfinfo.obj
 0001:0001e074       __acrt_lowio_unlock_fh     000000014001f074 f   libucrt:osfinfo.obj
 0001:0001e09c       _alloc_osfhnd              000000014001f09c f   libucrt:osfinfo.obj
 0001:0001e1dc       _free_osfhnd               000000014001f1dc f   libucrt:osfinfo.obj
 0001:0001e298       _get_osfhandle             000000014001f298 f   libucrt:osfinfo.obj
 0001:0001e310       ??$__crt_time_is_leap_year@H@@YA_NH@Z 000000014001f310 f i libucrt:loctotime.obj
 0001:0001e5a0       __loctotime64_t            000000014001f5a0 f   libucrt:loctotime.obj
 0001:0001edb0       _write                     000000014001fdb0 f   libucrt:write.obj
 0001:0001ee48       _write_internal            000000014001fe48 f   libucrt:write.obj
 0001:0001ef68       _write_nolock              000000014001ff68 f   libucrt:write.obj
 0001:0001f3e4       __acrt_stdio_flush_and_write_narrow_nolock 00000001400203e4 f   libucrt:_flsbuf.obj
 0001:0001f4b0       _wmkdir                    00000001400204b0 f   libucrt:wmkdir.obj
 0001:0001f964       _read                      0000000140020964 f   libucrt:read.obj
 0001:0001fa84       _read_nolock               0000000140020a84 f   libucrt:read.obj
 0001:0001fed4       __acrt_stdio_refill_and_read_narrow_nolock 0000000140020ed4 f   libucrt:_filbuf.obj
 0001:0002003c       _msize_base                000000014002103c f   libucrt:msize.obj
 0001:00020078       _fd_int                    0000000140021078 f   libucrt:_test.obj
 0001:00020160       _get_fpsr                  0000000140021160 f   libucrt:fpsr.obj
 0001:00020170       _set_fpsr                  0000000140021170 f   libucrt:fpsr.obj
 0001:0002017a       _fclrf                     000000014002117a f   libucrt:fpsr.obj
 0001:0002018e       _frnd                      000000014002118e f   libucrt:fpsr.obj
 0001:000201b0       __acrt_initialize_locks    00000001400211b0 f   libucrt:locks.obj
 0001:000201f8       __acrt_lock                00000001400211f8 f   libucrt:locks.obj
 0001:00020214       __acrt_uninitialize_locks  0000000140021214 f   libucrt:locks.obj
 0001:0002024c       __acrt_unlock              000000014002124c f   libucrt:locks.obj
 0001:00020268       __acrt_app_verifier_enabled 0000000140021268 f   libucrt:peb_access.obj
 0001:00020284       __acrt_is_secure_process   0000000140021284 f   libucrt:peb_access.obj
 0001:0002029c       __acrt_get_process_end_policy 000000014002129c f   libucrt:win_policies.obj
 0001:000202e0       ??$__acrt_convert_wcs_mbs_cp@_WDV<lambda_d8593a27d1aa8c02be35c86a17d324c4>@@U__crt_win32_buffer_internal_dynamic_resizing@@@@YAHQEB_WAEAV?$__crt_win32_buffer@DU__crt_win32_buffer_internal_dynamic_resizing@@@@AEBV<lambda_d8593a27d1aa8c02be35c86a17d324c4>@@I@Z 00000001400212e0 f i libucrt:argv_wildcards.obj
 0001:00020b84       __acrt_expand_narrow_argv_wildcards 0000000140021b84 f   libucrt:argv_wildcards.obj
 0001:00020b8c       __acrt_GetModuleFileNameA  0000000140021b8c f   libucrt:getmodulefilenamea.obj
 0001:000214a8       __acrt_initialize_multibyte 00000001400224a8 f   libucrt:mbctype.obj
 0001:00021508       __acrt_update_thread_multibyte_data 0000000140022508 f   libucrt:mbctype.obj
 0001:00021524       _setmbcp_nolock            0000000140022524 f   libucrt:mbctype.obj
 0001:00021858       _ismbblead                 0000000140022858 f   libucrt:ismbbyte.obj
 0001:0002186c       __acrt_initialize_command_line 000000014002286c f   libucrt:argv_data.obj
 0001:00021894       wcscpy_s                   0000000140022894 f   libucrt:wcscpy_s.obj
 0001:000218fc       __acrt_WideCharToMultiByte 00000001400228fc f   libucrt:widechartomultibyte.obj
 0001:000219dc       __dcrt_get_narrow_environment_from_os 00000001400229dc f   libucrt:get_environment_from_os.obj
 0001:00021aec       __dcrt_get_wide_environment_from_os 0000000140022aec f   libucrt:get_environment_from_os.obj
 0001:00021fdc       __dcrt_set_variable_in_wide_environment_nolock 0000000140022fdc f   libucrt:setenv.obj
 0001:00021fe4       _recalloc_base             0000000140022fe4 f   libucrt:recalloc.obj
 0001:0002207c       __acrt_initialize_heap     000000014002307c f   libucrt:heap_handle.obj
 0001:00022098       __acrt_uninitialize_heap   0000000140023098 f   libucrt:heap_handle.obj
 0001:000220a4       __acrt_execute_initializers 00000001400230a4 f   libucrt:shared_initialization.obj
 0001:00022138       __acrt_execute_uninitializers 0000000140023138 f   libucrt:shared_initialization.obj
 0001:000221c8       __acrt_get_sigabrt_handler 00000001400231c8 f   libucrt:signal.obj
 0001:000221f8       __acrt_initialize_signal_handlers 00000001400231f8 f   libucrt:signal.obj
 0001:00022218       raise                      0000000140023218 f   libucrt:signal.obj
 0001:00022494       wcsncpy_s                  0000000140023494 f   libucrt:wcsncpy_s.obj
 0001:00022590       __acrt_initialize_fmode    0000000140023590 f   libucrt:txtmode.obj
 0001:000225ac       __acrt_locale_free_monetary 00000001400235ac f   libucrt:initmon.obj
 0001:000226b8       __acrt_locale_free_numeric 00000001400236b8 f   libucrt:initnum.obj
 0001:00022758       __acrt_locale_free_time    0000000140023758 f   libucrt:inittime.obj
 0001:00022860       __acrt_GetStringTypeA      0000000140023860 f   libucrt:getstringtypea.obj
 0001:000229f0       __acrt_add_locale_ref      00000001400239f0 f   libucrt:locale_refcounting.obj
 0001:00022a7c       __acrt_free_locale         0000000140023a7c f   libucrt:locale_refcounting.obj
 0001:00022bf4       __acrt_locale_add_lc_time_reference 0000000140023bf4 f   libucrt:locale_refcounting.obj
 0001:00022c1c       __acrt_locale_free_lc_time_if_unreferenced 0000000140023c1c f   libucrt:locale_refcounting.obj
 0001:00022c54       __acrt_locale_release_lc_time_reference 0000000140023c54 f   libucrt:locale_refcounting.obj
 0001:00022c7c       __acrt_release_locale_ref  0000000140023c7c f   libucrt:locale_refcounting.obj
 0001:00022d24       __acrt_update_thread_locale_data 0000000140023d24 f   libucrt:locale_refcounting.obj
 0001:00022d94       _updatetlocinfoEx_nolock   0000000140023d94 f   libucrt:locale_refcounting.obj
 0001:00023130       __acrt_LCMapStringA        0000000140024130 f   libucrt:lcmapstringa.obj
 0001:000231c8       iswctype                   00000001400241c8 f   libucrt:iswctype.obj
 0001:00023234       __ascii_wcsnicmp           0000000140024234 f   libucrt:wcsnicmp.obj
 0001:00023280       __ascii_strnicmp           0000000140024280 f   libucrt:strnicmp.obj
 0001:000232cc       _strnicmp                  00000001400242cc f   libucrt:strnicmp.obj
 0001:0002331c       _strnicmp_l                000000014002431c f   libucrt:strnicmp.obj
 0001:000239dc       _sopen_nolock              00000001400249dc f   libucrt:open.obj
 0001:00023af8       _sopen_s                   0000000140024af8 f   libucrt:open.obj
 0001:00023b2c       _wsopen_nolock             0000000140024b2c f   libucrt:open.obj
 0001:00023f1c       __acrt_DownlevelLocaleNameToLCID 0000000140024f1c f   libucrt:lcidtoname_downlevel.obj
 0001:0002404c       _commit                    000000014002504c f   libucrt:commit.obj
 0001:000241b0       __acrt_fp_strflt_to_string 00000001400251b0 f   libucrt:_fptostr.obj
 0001:000242c0       ?divide@__crt_strtox@@YA_KAEAUbig_integer@1@AEBU21@@Z 00000001400252c0 f i libucrt:cfout.obj
 0001:0002475c       __acrt_fltout              000000014002575c f   libucrt:cfout.obj
 0001:00025a74       fegetround                 0000000140026a74 f   libucrt:fegetround.obj
 0001:00025a88       ?__c32rtomb_utf8@__crt_mbstring@@YA_KPEAD_UPEAU_Mbstatet@@AEAV__crt_cached_ptd_host@@@Z 0000000140026a88 f   libucrt:c32rtomb.obj
 0001:00025b2c       ?__mbrtowc_utf8@__crt_mbstring@@YA_KPEA_WPEBD_KPEAU_Mbstatet@@AEAV__crt_cached_ptd_host@@@Z 0000000140026b2c f   libucrt:mbrtowc.obj
 0001:00025b70       ?__mbsrtowcs_utf8@__crt_mbstring@@YA_KPEA_WPEAPEBD_KPEAU_Mbstatet@@AEAV__crt_cached_ptd_host@@@Z 0000000140026b70 f   libucrt:mbrtowc.obj
 0001:00025d14       _isatty                    0000000140026d14 f   libucrt:isatty.obj
 0001:00025f64       _wgetcwd                   0000000140026f64 f   libucrt:getcwd.obj
 0001:00025f8c       _towlower_l                0000000140026f8c f   libucrt:towlower.obj
 0001:00026080       __acrt_initialize_timeset  0000000140027080 f   libucrt:timeset.obj
 0001:000260d0       __daylight                 00000001400270d0 f   libucrt:timeset.obj
 0001:000260d8       __dstbias                  00000001400270d8 f   libucrt:timeset.obj
 0001:000260e0       __timezone                 00000001400270e0 f   libucrt:timeset.obj
 0001:000260e8       __tzname                   00000001400270e8 f   libucrt:timeset.obj
 0001:000260f0       __wide_tzname              00000001400270f0 f   libucrt:timeset.obj
 0001:000260f8       _get_daylight              00000001400270f8 f   libucrt:timeset.obj
 0001:00026128       _get_dstbias               0000000140027128 f   libucrt:timeset.obj
 0001:00026158       _get_timezone              0000000140027158 f   libucrt:timeset.obj
 0001:00026cf4       __tzset                    0000000140027cf4 f   libucrt:tzset.obj
 0001:00026d38       _isindst                   0000000140027d38 f   libucrt:tzset.obj
 0001:00026f34       _lseeki64                  0000000140027f34 f   libucrt:lseek.obj
 0001:00026fd0       _lseeki64_nolock           0000000140027fd0 f   libucrt:lseek.obj
 0001:0002706c       _lseeki64_nolock_internal  000000014002806c f   libucrt:lseek.obj
 0001:00027074       _putwch_nolock             0000000140028074 f   libucrt:putwch.obj
 0001:000270b0       __acrt_stdio_allocate_buffer_nolock 00000001400280b0 f   libucrt:_getbuf.obj
 0001:0002711c       __acrt_fenv_get_common_round_control 000000014002811c f   libucrt:_fenvutils.obj
 0001:00027128       __acrt_fenv_get_control    0000000140028128 f   libucrt:_fenvutils.obj
 0001:0002720c       __acrt_fenv_get_status     000000014002820c f   libucrt:_fenvutils.obj
 0001:00027264       __acrt_fenv_set_control    0000000140028264 f   libucrt:_fenvutils.obj
 0001:0002739c       __acrt_fenv_set_status     000000014002839c f   libucrt:_fenvutils.obj
 0001:00027410       qsort                      0000000140028410 f   libucrt:qsort.obj
 0001:00027820       strncpy_s                  0000000140028820 f   libucrt:strncpy_s.obj
 0001:000279b0       strpbrk                    00000001400289b0 f   libucrt:strpbrk.obj
 0001:00027d78       _mbsdec                    0000000140028d78 f   libucrt:mbsdec.obj
 0001:00027d80       _mbsdec_l                  0000000140028d80 f   libucrt:mbsdec.obj
 0001:00027e2c       _wcsnicoll                 0000000140028e2c f   libucrt:wcsnicol.obj
 0001:00027e7c       _wcsnicoll_l               0000000140028e7c f   libucrt:wcsnicol.obj
 0001:00027f6c       __strncnt                  0000000140028f6c f   libucrt:strncnt.obj
 0001:00027f84       __acrt_GetStringTypeW      0000000140028f84 f   libucrt:getstringtypew.obj
 0001:00027f8c       _chsize_nolock             0000000140028f8c f   libucrt:chsize.obj
 0001:00028024       _chsize_nolock_internal    0000000140029024 f   libucrt:chsize.obj
 0001:000281b8       _controlfp_s               00000001400291b8 f   libucrt:contrlfp.obj
 0001:0002821c       fegetenv                   000000014002921c f   libucrt:fegetenv.obj
 0001:0002823c       fesetenv                   000000014002923c f   libucrt:fesetenv.obj
 0001:00028294       feholdexcept               0000000140029294 f   libucrt:feholdexcept.obj
 0001:000282e4       ceil                       00000001400292e4 f   libucrt:ceil.obj
 0001:000283b0       log10                      00000001400293b0 f   libucrt:log10.obj
 0001:0002895c       ?reset_and_return@__crt_mbstring@@YA_K_KPEAU_Mbstatet@@@Z 000000014002995c f   libucrt:common_utf8.obj
 0001:00028964       ?return_illegal_sequence@__crt_mbstring@@YA_KPEAU_Mbstatet@@AEAV__crt_cached_ptd_host@@@Z 0000000140029964 f   libucrt:common_utf8.obj
 0001:00028978       ?__mbrtoc32_utf8@__crt_mbstring@@YA_KPEA_UPEBD_KPEAU_Mbstatet@@AEAV__crt_cached_ptd_host@@@Z 0000000140029978 f   libucrt:mbrtoc32.obj
 0001:00028b54       __acrt_LCMapStringW        0000000140029b54 f   libucrt:lcmapstringw.obj
 0001:00028bdc       wcstol                     0000000140029bdc f   libucrt:strtox.obj
 0001:00028e20       _wgetenv_s                 0000000140029e20 f   libucrt:getenv.obj
 0001:00028e28       __dcrt_lowio_ensure_console_output_initialized 0000000140029e28 f   libucrt:initcon.obj
 0001:00028e7c       __dcrt_terminate_console_output 0000000140029e7c f   libucrt:initcon.obj
 0001:00028e98       __dcrt_write_console       0000000140029e98 f   libucrt:initcon.obj
 0001:00028f58       __acrt_CompareStringW      0000000140029f58 f   libucrt:comparestringw.obj
 0001:0002913c       _handle_error              000000014002a13c f   libucrt:libm_error.obj
 0001:00029264       _handle_errorf             000000014002a264 f   libucrt:libm_error.obj
 0001:00029398       _handle_nan                000000014002a398 f   libucrt:libm_error.obj
 0001:000293b4       _handle_nanf               000000014002a3b4 f   libucrt:libm_error.obj
 0001:000293d0       __acrt_initialize_fma3     000000014002a3d0 f   libucrt:fma3_available.obj
 0001:00029440       _log10_special             000000014002a440 f   libucrt:log_special.obj
 0001:000294f8       _raise_exc                 000000014002a4f8 f   libucrt:fpexcept.obj
 0001:00029520       _raise_exc_ex              000000014002a520 f   libucrt:fpexcept.obj
 0001:00029828       _raise_excf                000000014002a828 f   libucrt:fpexcept.obj
 0001:00029854       _set_errno_from_matherr    000000014002a854 f   libucrt:fpexcept.obj
 0001:00029884       _clrfp                     000000014002a884 f   libucrt:fpctrl.obj
 0001:000298a4       _ctrlfp                    000000014002a8a4 f   libucrt:fpctrl.obj
 0001:00029920       _set_statfp                000000014002a920 f   libucrt:fpctrl.obj
 0001:00029940       _statfp                    000000014002a940 f   libucrt:fpctrl.obj
 0001:00029954       __GSHandlerCheck           000000014002a954 f   LIBCMT:gshandler.obj
 0001:00029974       __GSHandlerCheckCommon     000000014002a974 f   LIBCMT:gshandler.obj
 0001:000299e0       __security_check_cookie    000000014002a9e0 f   LIBCMT:amdsecgs.obj
 0001:00029a00       _FindPESection             000000014002aa00 f   LIBCMT:pesect.obj
 0001:00029a50       _IsNonwritableInCurrentImage 000000014002aa50 f   LIBCMT:pesect.obj
 0001:00029aa0       _ValidateImageBase         000000014002aaa0 f   LIBCMT:pesect.obj
 0001:00029ad0       __GSHandlerCheck_SEH       000000014002aad0 f   LIBCMT:gshandlerseh.obj
 0001:00029b58       __raise_securityfailure    000000014002ab58 f   LIBCMT:gs_report.obj
 0001:00029b8c       __report_gsfailure         000000014002ab8c f   LIBCMT:gs_report.obj
 0001:00029c60       __report_rangecheckfailure 000000014002ac60 f   LIBCMT:gs_report.obj
 0001:00029c74       __report_securityfailure   000000014002ac74 f   LIBCMT:gs_report.obj
 0001:00029df4       __GSHandlerCheck_EH        000000014002adf4 f   LIBCMT:gshandlereh.obj
 0001:00029e90       _alloca_probe              000000014002ae90 f   LIBCMT:chkstk.obj
 0001:00029e90       __chkstk                   000000014002ae90 f   LIBCMT:chkstk.obj
 0001:00029ee0       __C_specific_handler_noexcept 000000014002aee0 f   libvcruntime:chandler_noexcept.obj
 0001:00029f2c       wcsrchr                    000000014002af2c f   libvcruntime:wcsrchr.obj
 0001:00029ff0       memcmp                     000000014002aff0 f   libvcruntime:memcmp.obj
 0001:0002a0b8       strrchr                    000000014002b0b8 f   libvcruntime:strrchr.obj
 0001:0002a1e4       wcschr                     000000014002b1e4 f   libvcruntime:wcschr.obj
 0001:00033100       __vdecl_sinf4              0000000140034100 f   LIBCMT:svml_ssinf4_dispatch.obj
 0001:00033120       __libm_sse2_sincosf_       0000000140034120 f   LIBCMT:svml_ssinf4_dispatch.obj
 0001:00033163       __libm_sse2_sincosf4_      0000000140034163 f   LIBCMT:svml_ssinf4_dispatch.obj
 0001:00033170       __vdecl_cos2               0000000140034170 f   LIBCMT:svml_dcos2_dispatch.obj
 0001:00033190       __sse2_sinf4@@16           0000000140034190 f   LIBCMT:svml_ssinf4_sse2.obj
 0001:00033ad0       __sse4_sinf4@@16           0000000140034ad0 f   LIBCMT:svml_ssinf4_sse4.obj
 0001:00034250       __sse2_cos2@@16            0000000140035250 f   LIBCMT:svml_dcos2_sse2.obj
 0001:00034900       __sse4_cos2@@16            0000000140035900 f   LIBCMT:svml_dcos2_sse4.obj
 0001:00034fb0       __common_ssin_cout_rare    0000000140035fb0 f   LIBCMT:svml_s_sin_cout.obj
 0001:00035020       __common_dcos_cout_rare    0000000140036020 f   LIBCMT:svml_d_cos_cout.obj
 0001:00035090       _vcomp_for_dynamic_init    0000000140036090 f   VCOMP:VCOMP140.DLL
 0001:00035096       _vcomp_for_dynamic_next    0000000140036096 f   VCOMP:VCOMP140.DLL
[...]
 0002:00011508       $xdatasym                  000000014004b508     libucrt:sinf.obj
 0002:00011510       $unwind$tanhf              000000014004b510     libucrt:tanhf.obj
 0002:00011530       $xdatasym                  000000014004b530     libucrt:remainder_piby2_forasm.obj
 0002:00011540       $xdatasym                  000000014004b540     libucrt:remainder_piby2_forfma3.obj
 0002:0001154c       $unwind$_sincos_special    000000014004b54c     libucrt:sincos_special.obj
 0002:0001154c       $unwind$_sincosf_special   000000014004b54c     libucrt:sincos_special.obj
 0002:00011558       $xdatasym                  000000014004b558     libucrt:remainder_piby2f_forasm.obj
 0002:0001155c       $unwind$_powf_special      000000014004b55c     libucrt:pow_special.obj
 0002:00011568       $xdatasym                  000000014004b568     libucrt:remainder_piby2f_forc.obj
 0002:00011e86       .idata$6                   000000014004be86     ws2_32:WS2_32.dll
 0002:00011ea8       .idata$6                   000000014004bea8     kernel32:KERNEL32.dll
 0002:00011eda       .idata$6                   000000014004beda     user32:USER32.dll
 0002:00011fe6       .idata$6                   000000014004bfe6     bass:BASS.dll
 0002:00012084       .idata$6                   000000014004c084     DevIL:DevIL.dll
 0002:0001230e       .idata$6                   000000014004c30e     SDL2:SDL2.dll
 0002:00012a2c       .idata$6                   000000014004ca2c     VCOMP:VCOMP140.DLL
 0003:00000040       ?__vcrt_flsindex@@3KA      000000014004d040     libvcruntime:per_thread_data.obj
 0003:00000160       ?dazSupported@?1??common_control87@@9@9 000000014004d160     libucrt:ieee.obj
 0003:00000168       ?errno_no_memory@@3HA      000000014004d168     libucrt:errno.obj
 0003:0000016c       ?doserrno_no_memory@@3KA   000000014004d16c     libucrt:errno.obj
 0003:000001b8       ?__acrt_flsindex@@3KA      000000014004d1b8     libucrt:per_thread_data.obj
 0003:00000660       _mbctypes                  000000014004d660     libucrt:mbctype.obj
 0003:00000770       _mbcasemaps                000000014004d770     libucrt:mbctype.obj
 0003:00000870       ?__rgctypeflag@@3PADA      000000014004d870     libucrt:mbctype.obj
 0003:00000880       ?__rgcode_page_info@@3PAUcode_page_info@@A 000000014004d880     libucrt:mbctype.obj
 0003:00000a30       ?tzstd_program@@3PADA      000000014004da30     libucrt:timeset.obj
 0003:00000a70       ?tzdst_program@@3PADA      000000014004da70     libucrt:timeset.obj
 0003:00000ab0       ?w_tzstd_program@@3PA_WA   000000014004dab0     libucrt:timeset.obj
 0003:00000b30       ?w_tzdst_program@@3PA_WA   000000014004db30     libucrt:timeset.obj
 0003:00000bb0       ?tzname_states@@3PAY01PEADA 000000014004dbb0     libucrt:timeset.obj
 0003:00000bc0       ?w_tzname_states@@3PAY01PEA_WA 000000014004dbc0     libucrt:timeset.obj
 0003:00000bd0       ?dststart@@3Utransitiondate@?A0x7639d0b4@@A 000000014004dbd0     libucrt:tzset.obj
 0003:00000be0       ?dstend@@3Utransitiondate@?A0x7639d0b4@@A 000000014004dbe0     libucrt:tzset.obj
 0003:00000bf0       ?__dcrt_lowio_console_output_handle@@3PEAXEA 000000014004dbf0     libucrt:initcon.obj
 0003:00000c00       ?dazSupported@?1??_ctrlfp@@9@9 000000014004dc00     libucrt:fpctrl.obj
 0003:00000c40       ?need_init@?1??server_connect@@9@9 000000014004dc40     device.obj
 0003:00000c44       ?s_curRayLength@@3IA       000000014004dc44     ball.obj
 0003:00000c48       ?s_beamAlphaMin@@3MA       000000014004dc48     ball.obj
 0003:00000c4c       ?s_beamAtten@@3IA          000000014004dc4c     ball.obj
 0003:00000c50       ?s_rocketCallbacks@@3Usync_cb@@A 000000014004dc50     rocket.obj
 0003:00000c68       ?s_mapTilt@@3HA            000000014004dc68     landscape.obj
 0003:00000c70       ?s_lastErr@@3V?$basic_string@DU?$char_traits@D@std@@V?$allocator@D@2@@std@@A 000000014004dc70     main.obj
 0003:00000f20       ?is_initialized_as_dll@@3_NA 000000014004df20     LIBCMT:utility.obj
 0003:00000f21       ?module_local_atexit_table_initialized@@3_NA 000000014004df21     LIBCMT:utility.obj
 0003:00000f28       ?module_local_atexit_table@@3U_onexit_table_t@@A 000000014004df28     LIBCMT:utility.obj
 0003:00000f40       ?module_local_at_quick_exit_table@@3U_onexit_table_t@@A 000000014004df40     LIBCMT:utility.obj
 0003:00000f90       ?__vcrt_startup_thread_ptd@@3U__vcrt_ptd@@A 000000014004df90     libvcruntime:per_thread_data.obj
 0003:00001010       __vcrt_lock_table          000000014004e010     libvcruntime:locks.obj
 0003:00001038       __vcrt_locks_initialized   000000014004e038     libvcruntime:locks.obj
 0003:00001080       ?heap@@3V_HeapManager@@A   000000014004e080     libvcruntime:undname.obj
 0003:000010a8       ?module_handles@@3PAPEAUHINSTANCE__@@A 000000014004e0a8     libvcruntime:winapi_downlevel.obj
 0003:000010c0       ?function_pointers@@3PAPEAXA 000000014004e0c0     libvcruntime:winapi_downlevel.obj
 0003:00001108       ?__acrt_invalid_parameter_handler@@3V?$dual_state_global@P6AXPEB_W00I_K@Z@__crt_state_management@@A 000000014004e108     libucrt:invalid_parameter.obj
 0003:00001110       ?__acrt_new_handler@@3V?$dual_state_global@P6AH_K@Z@__crt_state_management@@A 000000014004e110     libucrt:new_handler.obj
 0003:00001118       ?c_termination_complete@@3JA 000000014004e118     libucrt:exit.obj
 0003:00001120       ?thread_local_exit_callback_func@@3P6AXPEAXK0@ZEA 000000014004e120     libucrt:exit.obj
 0003:00001128       ?c_exit_complete@?1???R<lambda_6e4b09c48022b2350581041d5f6b0c4c>@@QEBA@XZ@4_NA 000000014004e128     libucrt:exit.obj
 0003:00001130       ?program_name@?1???$common_configure_argv@D@@YAHW4_crt_argv_mode@@@Z@4PADA 000000014004e130     libucrt:argv_parsing.obj
 0003:00001288       ?__acrt_app_type@@3W4_crt_app_type@@A 000000014004e288     libucrt:report_runtime_error.obj
 0003:00001290       ?user_matherr@@3V?$dual_state_global@P6AHPEAU_exception@@@Z@__crt_state_management@@A 000000014004e290     libucrt:matherr.obj
 0003:00001298       ?empty_string@?1???$common_wincmdln@E@@YAPEAEXZ@4PAEA 000000014004e298     libucrt:argv_winmain.obj
 0003:000012a0       ?__acrt_global_new_mode@@3V?$dual_state_global@J@__crt_state_management@@A 000000014004e2a0     libucrt:new_mode.obj
 0003:000012b0       ?module_handles@@3PAPEAUHINSTANCE__@@A 000000014004e2b0     libucrt:winapi_thunks.obj
 0003:00001360       ?encoded_function_pointers@@3PAPEAXA 000000014004e360     libucrt:winapi_thunks.obj
 0003:00001870       ?internal_state@?1??_mbtowc_internal@@9@4U_Mbstatet@@A 000000014004e870     libucrt:mbtowc.obj
 0003:00001878       ?enable_percent_n@@3_KA    000000014004e878     libucrt:printf_count_output.obj
 0003:00001890       ?__acrt_lock_table@@3PAU_RTL_CRITICAL_SECTION@@A 000000014004e890     libucrt:locks.obj
 0003:00001ac0       ?__acrt_locks_initialized@@3IA 000000014004eac0     libucrt:locks.obj
 0003:00001ae0       ?fSystemSet@@3HA           000000014004eae0     libucrt:mbctype.obj
 0003:00001ae4       ?initialized@?1??__acrt_initialize_multibyte@@9@4_NA 000000014004eae4     libucrt:mbctype.obj
 0003:00001b20       ?ctrlc_action@@3V?$dual_state_global@P6AXH@Z@__crt_state_management@@A 000000014004eb20     libucrt:signal.obj
 0003:00001b28       ?ctrlbreak_action@@3V?$dual_state_global@P6AXH@Z@__crt_state_management@@A 000000014004eb28     libucrt:signal.obj
 0003:00001b30       ?abort_action@@3V?$dual_state_global@P6AXH@Z@__crt_state_management@@A 000000014004eb30     libucrt:signal.obj
 0003:00001b38       ?term_action@@3V?$dual_state_global@P6AXH@Z@__crt_state_management@@A 000000014004eb38     libucrt:signal.obj
 0003:00001b60       ?_tzname@@3V?$dual_state_global@PEAPEAD@__crt_state_management@@A 000000014004eb60     libucrt:timeset.obj
 0003:00001b68       ?w_tzname@@3V?$dual_state_global@PEAPEA_W@__crt_state_management@@A 000000014004eb68     libucrt:timeset.obj
 0003:00001b70       ?last_wide_tz@@3PEA_WEA    000000014004eb70     libucrt:tzset.obj
 0003:00001b80       ?tz_api_used@@3HA          000000014004eb80     libucrt:tzset.obj
 0003:00001b84       ?tzset_init_state@@3V?$dual_state_global@J@__crt_state_management@@A 000000014004eb84     libucrt:tzset.obj
 0003:00001b90       ?tz_info@@3U_TIME_ZONE_INFORMATION@@A 000000014004eb90     libucrt:tzset.obj
 0003:00001c40       ?internal_pst@?1??__mbrtoc32_utf8@__crt_mbstring@@YA_KPEA_UPEBD_KPEAU_Mbstatet@@AEAV__crt_cached_ptd_host@@@Z@4U3@A 000000014004ec40     libucrt:mbrtoc32.obj
 0003:00001c50       GS_ExceptionRecord         000000014004ec50     LIBCMT:gs_report.obj
 0003:00001cf0       GS_ContextRecord           000000014004ecf0     LIBCMT:gs_report.obj
 0003:000095d8       ?s_bassInf@@3UBASS_INFO@@A 00000001400565d8     audio.obj
 0003:00009610       ?fNautilus_global@@3VVector3@@A 0000000140056610     shadertoy.obj
 0003:00009620       ?fSpike_global@@3VVector4@@A 0000000140056620     shadertoy.obj
 0003:00009630       ?temp@?1??path_encode@@9@9 0000000140056630     device.obj
 0003:00009734       ?s_hMusic@@3KA             0000000140056734     audio.obj
 0003:00009738       ?s_pEnvMap@@3PEAIEA        0000000140056738     ball.obj
 0003:00009740       ?temp@?1??sync_track_path@@9@9 0000000140056740     device.obj
 0003:00009848       ?s_pColorMap@@3PAPEAIA     0000000140056848     ball.obj
 0003:00009858       ?s_pHeightMap@@3PAPEAEA    0000000140056858     ball.obj
 0003:00009880       ?s_heightProj@@3PAIA       0000000140056880     ball.obj
 0003:0000a880       ?s_heightProjNorm@@3PAHA   0000000140057880     ball.obj
 0003:0000b880       ?s_pHalo@@3PEAIEA          0000000140058880     ball.obj
 0003:0000b888       ?s_pBeamMapMix@@3PEAIEA    0000000140058888     ball.obj
 0003:0000b890       ?s_pBeamMaps@@3PAPEAIA     0000000140058890     ball.obj
 0003:0000b8a8       ?s_heightMapMix@@3PEAEEA   00000001400588a8     ball.obj
 0003:0000b8b0       ?s_pBackgrounds@@3PAPEAIA  00000001400588b0     ball.obj
 0003:0000b8c0       ?s_pTempBuf@@3PEAIEA       00000001400588c0     boxblur.obj
 0003:0000b8c8       ?s_genState@@3UTINYMT32_T@@A 00000001400588c8     random.obj
 0003:0000b8e8       ?s_hRocket@@3PEAUsync_device@@EA 00000001400588e8     rocket.obj
 0003:0000b8f0       ?s_pFDTunnelTex@@3PEAIEA   00000001400588f0     shadertoy.obj
 0003:0000b8f8       ?s_pFDTunnelTexHighlights@@3PEAIEA 00000001400588f8     shadertoy.obj
 0003:0000b900       ?s_pSpikeBlurMap@@3PEAIEA  0000000140058900     shadertoy.obj
 0003:0000b908       ?s_pSpikeBlurMaps@@3PAPEAIA 0000000140058908     shadertoy.obj
 0003:0000b918       ?s_pNautilusDirt@@3PEAIEA  0000000140058918     demo.obj
 0003:0000b920       ?s_pBallVignette@@3PEAIEA  0000000140058920     demo.obj
 0003:0000b928       ?s_pLenz@@3PEAIEA          0000000140058928     demo.obj
 0003:0000b930       ?s_pRevLogo@@3PEAIEA       0000000140058930     demo.obj
 0003:0000b938       ?s_pSpikeyFullDirt@@3PEAIEA 0000000140058938     demo.obj
 0003:0000b940       ?s_pNoooN@@3PEAIEA         0000000140058940     demo.obj
 0003:0000b948       ?s_pTunnelVignette2@@3PEAIEA 0000000140058948     demo.obj
 0003:0000b950       ?s_pDiscoGuys@@3PAPEAIA    0000000140058950     demo.obj
 0003:0000b990       ?s_pGreetings@@3PAPEAIA    0000000140058990     demo.obj
 0003:0000b9b0       ?s_pCredits@@3PAPEAIA      00000001400589b0     demo.obj
 0003:0000b9d0       ?s_pSpikeyBypass@@3PEAIEA  00000001400589d0     demo.obj
 0003:0000b9d8       ?s_pWaterDirt@@3PEAIEA     00000001400589d8     demo.obj
 0003:0000b9e0       ?s_pCloseSpikeVignette@@3PEAIEA 00000001400589e0     demo.obj
 0003:0000b9e8       ?s_pCloseSpikeDirt@@3PEAIEA 00000001400589e8     demo.obj
 0003:0000b9f0       ?s_pVignette06@@3PEAIEA    00000001400589f0     demo.obj
 0003:0000b9f8       ?s_pRibbons@@3PEAIEA       00000001400589f8     demo.obj
 0003:0000ba00       ?s_pNautilusCousteauRim2@@3PEAIEA 0000000140058a00     demo.obj
 0003:0000ba08       ?s_pWaterPrismOverlay@@3PEAIEA 0000000140058a08     demo.obj
 0003:0000ba10       ?s_pNautilusCousteau2@@3PEAIEA 0000000140058a10     demo.obj
 0003:0000ba18       ?s_pSpikeyArrested@@3PEAIEA 0000000140058a18     demo.obj
 0003:0000ba20       ?s_pAreWeDone@@3PEAIEA     0000000140058a20     demo.obj
 0003:0000ba28       ?s_pTunnelFullDirt@@3PEAIEA 0000000140058a28     demo.obj
 0003:0000ba30       ?s_pGodLayer@@3PEAIEA      0000000140058a30     demo.obj
 0003:0000ba38       ?s_pSpikeyVignette@@3PEAIEA 0000000140058a38     demo.obj
 0003:0000ba40       ?s_pNautilusCousteauRim1@@3PEAIEA 0000000140058a40     demo.obj
 0003:0000ba48       ?s_pTunnelVignette@@3PEAIEA 0000000140058a48     demo.obj
 0003:0000ba50       ?s_pNautilusCousteau1@@3PEAIEA 0000000140058a50     demo.obj
 0003:0000ba58       ?s_pNautilusVignette@@3PEAIEA 0000000140058a58     demo.obj
 0003:0000ba60       ?s_pNautilusText@@3PEAIEA  0000000140058a60     demo.obj
 0003:0000ba68       ?s_pGreetingsDirt@@3PEAIEA 0000000140058a68     demo.obj
 0003:0000ba70       ?s_pGreetingsVignette@@3PEAIEA 0000000140058a70     demo.obj
 0003:0000ba78       ?s_pMFX@@3PEAIEA           0000000140058a78     demo.obj
 0003:0000ba80       ?s_pSpikeyVignette2@@3PEAIEA 0000000140058a80     demo.obj
 0003:0000ba88       ?s_pPad@@3PEAU_SDL_GameController@@EA 0000000140058a88     gamepad.obj
 0003:0000ba90       ?s_pGC@@3V?$vector@PEAXV?$allocator@PEAX@std@@@std@@A 0000000140058a90     image.obj
 0003:0000baa8       ?s_pColorMap@@3PEAIEA      0000000140058aa8     landscape.obj
 0003:0000bab0       ?s_fogGradientUnp@@3PAT__m128i@@A 0000000140058ab0     landscape.obj
 0003:0000cab0       ?s_pFogGradient@@3PEAIEA   0000000140059ab0     landscape.obj
 0003:0000cab8       ?s_pHeightMap@@3PEAEEA     0000000140059ab8     landscape.obj
 0003:0000cac0       ?s_pInvMap2x2@@3PEAHEA     0000000140059ac0     polar.obj
 0003:0000cac8       ?s_pMap@@3PEAHEA           0000000140059ac8     polar.obj
 0003:0000cad0       ?s_pInvMap@@3PEAHEA        0000000140059ad0     polar.obj
 0003:0000cad8       ?s_pMap2x2@@3PEAHEA        0000000140059ad8     polar.obj
 0003:0000cae0       ?s_pColorMap@@3PEAIEA      0000000140059ae0     torus-twister.obj
 0003:0000cae8       ?s_pHeightMap@@3PEAEEA     0000000140059ae8     torus-twister.obj
 0003:0000caf0       ?s_heightProj@@3PAIA       0000000140059af0     torus-twister.obj
 0003:0000d2f0       ?s_heightProjNorm@@3PAIA   000000014005a2f0     torus-twister.obj
 0003:0000daf0       ?s_pBackground@@3PEAIEA    000000014005aaf0     torus-twister.obj
 0003:0000daf8       ?s_pColorMap@@3PEAIEA      000000014005aaf8     tunnelscape.obj
 0003:0000db00       ?s_fogGradientUnp@@3PAT__m128i@@A 000000014005ab00     tunnelscape.obj
 0003:0000eb00       ?s_pFogGradient@@3PEAIEA   000000014005bb00     tunnelscape.obj
 0003:0000eb08       ?s_pHeightMap@@3PEAEEA     000000014005bb08     tunnelscape.obj
 0003:0000eb10       ?numCalls@?9??Gamepad_Update@@YA_NAEAUPadState@@@Z@4HA 000000014005bb10     gamepad.obj
 0003:0000eb14       ?strafeX@?1??vscape@@YAXPEAIMM@Z@4MA 000000014005bb14     landscape.obj
 0003:0000eb18       ?viewAngle@?1??vscape@@YAXPEAIMM@Z@4MA 000000014005bb18     landscape.obj
 0003:0000eb1c       ?padMoveX@?1??vscape@@YAXPEAIMM@Z@4MA 000000014005bb1c     landscape.obj
 0003:0000eb20       ?padTilt@?1??vscape@@YAXPEAIMM@Z@4MA 000000014005bb20     landscape.obj
 0003:0000eb24       ?padMoveY@?1??vscape@@YAXPEAIMM@Z@4MA 000000014005bb24     landscape.obj
 0003:0000eb28       ?strafeY@?1??vscape@@YAXPEAIMM@Z@4MA 000000014005bb28     landscape.obj
 0003:0000eb30       ?edgeDivs@?1??VerticalBoxBlur32@@YAXPEAIPEBIIIM@Z@4PAT__m128i@@A 000000014005bb30     boxblur.obj
 0003:0000fb30       ?edgeDivs@?1??HorizontalBoxBlur32@@YAXPEAIPEBIIIM@Z@4PAT__m128i@@A 000000014005cb30     boxblur.obj
 0005:00000000       MsetTab                    0000000140061000     libvcruntime:memset.obj
 0005:00000050       MoveSmall                  0000000140061050     libvcruntime:memcpy.obj
 0005:00000090       MoveSmallYmm               0000000140061090     libvcruntime:memcpy.obj
 0005:000000b4       MoveSmallYmmNT             00000001400610b4     libvcruntime:memcpy.obj
 0005:000000d8       MoveSmallXmm               00000001400610d8     libvcruntime:memcpy.obj
 0005:00000100       _2il0floatpacket$19        0000000140061100     LIBCMT:svml_ssinf4_sse2.obj
 0005:00000200       _2il0floatpacket$26        0000000140061200     LIBCMT:svml_dcos2_sse2.obj
 0005:00000210       _2il0floatpacket$27        0000000140061210     LIBCMT:svml_dcos2_sse2.obj
 0005:00000220       _2il0floatpacket$28        0000000140061220     LIBCMT:svml_dcos2_sse2.obj
 0005:00000230       _2il0floatpacket$29        0000000140061230     LIBCMT:svml_dcos2_sse2.obj
 0005:00000240       _2il0floatpacket$30        0000000140061240     LIBCMT:svml_dcos2_sse2.obj
 0005:00000250       _2il0floatpacket$31        0000000140061250     LIBCMT:svml_dcos2_sse2.obj
 0005:00000260       _2il0floatpacket$32        0000000140061260     LIBCMT:svml_dcos2_sse2.obj
 0005:00000270       _2il0floatpacket$33        0000000140061270     LIBCMT:svml_dcos2_sse2.obj
 0005:00000280       _2il0floatpacket$34        0000000140061280     LIBCMT:svml_dcos2_sse2.obj
 0005:00000290       _2il0floatpacket$35        0000000140061290     LIBCMT:svml_dcos2_sse2.obj
 0005:000002a0       _2il0floatpacket$36        00000001400612a0     LIBCMT:svml_dcos2_sse2.obj
 0005:000002b0       _2il0floatpacket$37        00000001400612b0     LIBCMT:svml_dcos2_sse2.obj
 0005:000002c0       _2il0floatpacket$38        00000001400612c0     LIBCMT:svml_dcos2_sse2.obj
 0005:000002d0       _2il0floatpacket$39        00000001400612d0     LIBCMT:svml_dcos2_sse2.obj
 0005:000002e0       _2il0floatpacket$40        00000001400612e0     LIBCMT:svml_dcos2_sse2.obj
 0005:000002f0       _2il0floatpacket$41        00000001400612f0     LIBCMT:svml_dcos2_sse2.obj
 0005:00000300       _2il0floatpacket$42        0000000140061300     LIBCMT:svml_dcos2_sse2.obj
 0005:00000310       _2il0floatpacket$43        0000000140061310     LIBCMT:svml_dcos2_sse2.obj
 0005:00000400       _2il0floatpacket$26        0000000140061400     LIBCMT:svml_dcos2_sse4.obj
 0005:00000410       _2il0floatpacket$27        0000000140061410     LIBCMT:svml_dcos2_sse4.obj
 0005:00000420       _2il0floatpacket$28        0000000140061420     LIBCMT:svml_dcos2_sse4.obj
 0005:00000430       _2il0floatpacket$29        0000000140061430     LIBCMT:svml_dcos2_sse4.obj
 0005:00000440       _2il0floatpacket$30        0000000140061440     LIBCMT:svml_dcos2_sse4.obj
 0005:00000450       _2il0floatpacket$31        0000000140061450     LIBCMT:svml_dcos2_sse4.obj
 0005:00000460       _2il0floatpacket$32        0000000140061460     LIBCMT:svml_dcos2_sse4.obj
 0005:00000470       _2il0floatpacket$33        0000000140061470     LIBCMT:svml_dcos2_sse4.obj
 0005:00000480       _2il0floatpacket$34        0000000140061480     LIBCMT:svml_dcos2_sse4.obj
 0005:00000490       _2il0floatpacket$35        0000000140061490     LIBCMT:svml_dcos2_sse4.obj
 0005:000004a0       _2il0floatpacket$36        00000001400614a0     LIBCMT:svml_dcos2_sse4.obj
 0005:000004b0       _2il0floatpacket$37        00000001400614b0     LIBCMT:svml_dcos2_sse4.obj
 0005:000004c0       _2il0floatpacket$38        00000001400614c0     LIBCMT:svml_dcos2_sse4.obj
 0005:000004d0       _2il0floatpacket$39        00000001400614d0     LIBCMT:svml_dcos2_sse4.obj
 0005:000004e0       _2il0floatpacket$40        00000001400614e0     LIBCMT:svml_dcos2_sse4.obj
 0005:000004f0       _2il0floatpacket$41        00000001400614f0     LIBCMT:svml_dcos2_sse4.obj
 0005:00000500       _2il0floatpacket$42        0000000140061500     LIBCMT:svml_dcos2_sse4.obj
 0005:00000510       _2il0floatpacket$43        0000000140061510     LIBCMT:svml_dcos2_sse4.obj
 0005:00002700       _vmlsSinHATab              0000000140063700     LIBCMT:svml_s_sin_cout.obj
 0005:00013500       _vmldCosHATab              0000000140074500     LIBCMT:svml_d_cos_cout.obj
 0006:00000060       $R000000                   0000000140075060     * linker generated manifest res *
