 VS17

 Timestamp is 642d5510 (Wed Apr  5 13:01:36 2023)

 Preferred load address is 0000000140000000

 Start         Length     Name                   Class
 0001:00000000 00024367H .textbss                DATA
 0002:00000000 00004210H .text$di                CODE
 0002:00004210 00048680H .text$mn                CODE
 0002:0004c890 00001040H .text$mn$00             CODE
 0002:0004d8d0 00002900H .text$x                 CODE
 0002:000501d0 0000105fH .text$yd                CODE
 0003:00000000 00000110H .CRT$XCA                DATA
 0003:00000110 00000110H .CRT$XCAA               DATA
 0003:00000220 00000138H .CRT$XCU                DATA
 0003:00000358 00000110H .CRT$XCZ                DATA
 0003:00000468 00000110H .CRT$XIA                DATA
 0003:00000578 00000110H .CRT$XIAA               DATA
 0003:00000688 00000110H .CRT$XIAC               DATA
 0003:00000798 00000110H .CRT$XIZ                DATA
 0003:000008a8 00000110H .CRT$XPA                DATA
 0003:000009b8 00000110H .CRT$XPZ                DATA
 0003:00000ac8 00000110H .CRT$XTA                DATA
 0003:00000bd8 00000118H .CRT$XTZ                DATA
 0003:00000cf0 0000a310H .rdata                  DATA
 0003:0000b000 00000110H .rdata$CastGuardVftablesA DATA
 0003:0000b110 00000110H .rdata$CastGuardVftablesC DATA
 0003:0000b220 0000075cH .rdata$r                DATA
 0003:0000b97c 00000164H .rdata$zzzdbg           DATA
 0003:0000bae0 00000110H .rtc$IAA                DATA
 0003:0000bbf0 000002f0H .rtc$IMZ                DATA
 0003:0000bee0 00000110H .rtc$IZZ                DATA
 0003:0000bff0 00000110H .rtc$TAA                DATA
 0003:0000c100 000002f0H .rtc$TMZ                DATA
 0003:0000c3f0 00000110H .rtc$TZZ                DATA
 0003:0000c500 00005c38H .xdata                  DATA
 0003:00012138 00000364H .xdata$x                DATA
 0003:0001249c 00000000H .edata                  DATA
 0004:00000000 00000268H .data                   DATA
 0004:00000268 00000270H .data$r                 DATA
 0004:000004d8 000001e8H .data$rs                DATA
 0004:000006c0 00014778H .bss                    DATA
 0005:00000000 00005340H .pdata                  DATA
 0006:00000000 00000ca0H .idata$5                DATA
 0006:00000ca0 000000dcH .idata$2                DATA
 0006:00000d7c 00000014H .idata$3                DATA
 0006:00000d90 00000ca0H .idata$4                DATA
 0006:00001a30 0000146cH .idata$6                DATA
 0007:00000000 00000865H .msvcjmc                DATA
 0008:00000000 00000151H .00cfg                  DATA
 0009:00000000 00000170H .rsrc$01                DATA
 0009:00000170 000002ccH .rsrc$02                DATA

  Address         Publics by Value              Rva+Base               Lib:Object

 0000:00000000       __guard_longjmp_count      0000000000000000     <absolute>
 0000:00000000       __enclave_config           0000000000000000     <absolute>
 0000:00000000       __dynamic_value_reloc_table 0000000000000000     <absolute>
 0000:00000000       __guard_check_icall_a64n_fptr 0000000000000000     <absolute>
 0000:00000000       __arm64x_redirection_metadata_count 0000000000000000     <absolute>
 0000:00000000       __guard_iat_table          0000000000000000     <absolute>
 0000:00000000       __hybrid_code_map_count    0000000000000000     <absolute>
 0000:00000000       __guard_fids_count         0000000000000000     <absolute>
 0000:00000000       __arm64x_redirection_metadata 0000000000000000     <absolute>
 0000:00000000       __x64_code_ranges_to_entry_points_count 0000000000000000     <absolute>
 0000:00000000       __arm64x_extra_rfe_table_size 0000000000000000     <absolute>
 0000:00000000       __hybrid_auxiliary_iat     0000000000000000     <absolute>
 0000:00000000       __volatile_metadata        0000000000000000     <absolute>
 0000:00000000       __arm64x_native_entrypoint 0000000000000000     <absolute>
 0000:00000000       __arm64x_extra_rfe_table   0000000000000000     <absolute>
 0000:00000000       __guard_iat_count          0000000000000000     <absolute>
 0000:00000000       __guard_fids_table         0000000000000000     <absolute>
 0000:00000000       __guard_eh_cont_table      0000000000000000     <absolute>
 0000:00000000       __guard_eh_cont_count      0000000000000000     <absolute>
 0000:00000000       __guard_longjmp_table      0000000000000000     <absolute>
 0000:00000000       __x64_code_ranges_to_entry_points 0000000000000000     <absolute>
 0000:00000000       __AbsoluteZero             0000000000000000     <absolute>
 0000:00000000       __hybrid_code_map          0000000000000000     <absolute>
 0000:00000000       __hybrid_auxiliary_iat_copy 0000000000000000     <absolute>
 0000:00000100       __guard_flags              0000000000000100     <absolute>
 0000:00000000       __ImageBase                0000000140000000     <linker-defined>
 0001:00000000       __enc$textbss$begin        0000000140001000     <linker-defined>
 0001:00024367       __enc$textbss$end          0000000140025367     <linker-defined>
 0002:00004210       __JustMyCode_Default       000000014002a210 f i device.obj
 0002:00004220       __local_stdio_printf_options 000000014002a220 f i device.obj
 0002:00004260       _vfprintf_l                000000014002a260 f i device.obj
 0002:00004830       fprintf                    000000014002a830 f i device.obj
 0002:00005420       snprintf                   000000014002b420 f i device.obj
 0002:000056c0       sync_connect               000000014002b6c0 f   device.obj
 0002:00005730       sync_create_device         000000014002b730 f   device.obj
 0002:00005880       sync_destroy_device        000000014002b880 f   device.obj
 0002:000059b0       sync_get_track             000000014002b9b0 f   device.obj
 0002:00005ab0       sync_save_tracks           000000014002bab0 f   device.obj
 0002:00005b70       sync_tcp_connect           000000014002bb70 f   device.obj
 0002:00005ea0       sync_update                000000014002bea0 f   device.obj
 0002:00006340       vsnprintf                  000000014002c340 f i device.obj
 0002:000069d0       sync_del_key               000000014002c9d0 f   track.obj
 0002:00006b90       sync_find_key              000000014002cb90 f   track.obj
 0002:00006cf0       sync_get_val               000000014002ccf0 f   track.obj
 0002:00006f30       sync_set_key               000000014002cf30 f   track.obj
 0002:000070d0       ??0Matrix44@@AEAA@XZ       000000014002d0d0 f i Matrix44.obj
 0002:00007140       ??0Quaternion@@QEAA@AEBVVector4@@@Z 000000014002d140 f i Matrix44.obj
 0002:000071a0       ??0Vector3@@QEAA@MMM@Z     000000014002d1a0 f i Matrix44.obj
 0002:00007250       ??0Vector4@@QEAA@MMMM@Z    000000014002d250 f i Matrix44.obj
 0002:00007310       ??0Vector4@@QEAA@XZ        000000014002d310 f i Matrix44.obj
 0002:00007350       ??1Quaternion@@QEAA@XZ     000000014002d350 f i Matrix44.obj
 0002:00007390       ??DVector3@@QEBA?BMAEBV0@@Z 000000014002d390 f i Matrix44.obj
 0002:000073f0       ??DVector3@@QEBA?BV0@M@Z   000000014002d3f0 f i Matrix44.obj
 0002:00007460       ??DVector4@@QEBA?BMAEBV0@@Z 000000014002d460 f i Matrix44.obj
 0002:000074c0       ??DVector4@@QEBA?BV0@M@Z   000000014002d4c0 f i Matrix44.obj
 0002:00007530       ??GVector3@@QEBA?BV0@AEBV0@@Z 000000014002d530 f i Matrix44.obj
 0002:000075a0       ??LVector3@@QEBA?BV0@AEBV0@@Z 000000014002d5a0 f i Matrix44.obj
 0002:00007610       ??XVector3@@QEAAAEAV0@M@Z  000000014002d610 f i Matrix44.obj
 0002:00007690       ??XVector4@@QEAAAEAV0@M@Z  000000014002d690 f i Matrix44.obj
 0002:00007710       ??_H@YAXPEAX_K1P6APEAX0@Z@Z 000000014002d710 f i Matrix44.obj
 0002:000077f0       ?AffineInverse@Matrix44@@QEBA?BV1@XZ 000000014002d7f0 f   Matrix44.obj
 0002:00007850       ?Cross@Vector3@@SA?BV1@AEBV1@0@Z 000000014002d850 f i Matrix44.obj
 0002:00007990       ?Dot@Vector3@@SAMAEBV1@0@Z 000000014002d990 f i Matrix44.obj
 0002:00007a30       ?Dot@Vector4@@SAMAEBV1@0@Z 000000014002da30 f i Matrix44.obj
 0002:00007af0       ?FromArray33@Matrix44@@SA?BV1@QEBM@Z 000000014002daf0 f   Matrix44.obj
 0002:00007d80       ?FromArray@Matrix44@@SA?BV1@QEBM@Z 000000014002dd80 f   Matrix44.obj
 0002:00007e50       ?GeneralInverse@Matrix44@@QEBA?BV1@XZ 000000014002de50 f   Matrix44.obj
 0002:00009df0       ?Identity@Matrix44@@SA?BV1@XZ 000000014002fdf0 f   Matrix44.obj
 0002:00009fd0       ?Length@Vector3@@QEBAMXZ   000000014002ffd0 f i Matrix44.obj
 0002:0000a030       ?Length@Vector4@@QEBAMXZ   0000000140030030 f i Matrix44.obj
 0002:0000a080       ?LengthSq@Vector4@@QEBAMXZ 0000000140030080 f i Matrix44.obj
 0002:0000a0d0       ?Multiply@Matrix44@@QEBA?BV1@AEBV1@@Z 00000001400300d0 f   Matrix44.obj
 0002:0000b180       ?Normalize@Vector3@@QEAAXXZ 0000000140031180 f i Matrix44.obj
 0002:0000b200       ?Normalize@Vector4@@QEAAXXZ 0000000140031200 f i Matrix44.obj
 0002:0000b280       ?Normalized@Quaternion@@QEBA?BV1@XZ 0000000140031280 f i Matrix44.obj
 0002:0000b310       ?Normalized@Vector3@@QEBA?BV1@XZ 0000000140031310 f i Matrix44.obj
 0002:0000b3c0       ?Normalized@Vector4@@QEBA?BV1@XZ 00000001400313c0 f i Matrix44.obj
 0002:0000b470       ?OrthoInverse@Matrix44@@QEBA?BV1@XZ 0000000140031470 f   Matrix44.obj
 0002:0000b810       ?Orthographic@Matrix44@@SA?BV1@AEBVVector2@@0MM@Z 0000000140031810 f   Matrix44.obj
 0002:0000bb80       ?Perspective@Matrix44@@SA?BV1@MMMM@Z 0000000140031b80 f   Matrix44.obj
 0002:0000be10       ?Rotation@Matrix44@@SA?BV1@AEBVQuaternion@@@Z 0000000140031e10 f   Matrix44.obj
 0002:0000c260       ?RotationAxis@Matrix44@@SA?BV1@AEBVVector3@@M@Z 0000000140032260 f   Matrix44.obj
 0002:0000c310       ?RotationX@Matrix44@@SA?BV1@M@Z 0000000140032310 f   Matrix44.obj
 0002:0000c530       ?RotationY@Matrix44@@SA?BV1@M@Z 0000000140032530 f   Matrix44.obj
 0002:0000c750       ?RotationYawPitchRoll@Matrix44@@SA?BV1@MMM@Z 0000000140032750 f   Matrix44.obj
 0002:0000cb30       ?RotationZ@Matrix44@@SA?BV1@M@Z 0000000140032b30 f   Matrix44.obj
 0002:0000cd50       ?Scale@Matrix44@@QEAAAEAV1@AEBVVector3@@@Z 0000000140032d50 f   Matrix44.obj
 0002:0000cdd0       ?Scale@Vector3@@SA?BV1@AEBV1@M@Z 0000000140032dd0 f i Matrix44.obj
 0002:0000ce90       ?Scale@Vector4@@SA?BV1@AEBV1@M@Z 0000000140032e90 f i Matrix44.obj
 0002:0000cf70       ?Scaling@Matrix44@@SA?BV1@AEBVVector3@@@Z 0000000140032f70 f   Matrix44.obj
 0002:0000d160       ?SetTranslation@Matrix44@@QEAAXAEBVVector3@@@Z 0000000140033160 f   Matrix44.obj
 0002:0000d220       ?Sub@Vector3@@SA?BV1@AEBV1@0@Z 0000000140033220 f i Matrix44.obj
 0002:0000d2e0       ?Transform3@Matrix44@@QEBA?BVVector3@@AEBV2@@Z 00000001400332e0 f   Matrix44.obj
 0002:0000d4f0       ?Transform4@Matrix44@@QEBA?BVVector3@@AEBV2@@Z 00000001400334f0 f   Matrix44.obj
 0002:0000d750       ?Transform4@Matrix44@@QEBA?BVVector4@@AEBV2@@Z 0000000140033750 f   Matrix44.obj
 0002:0000d8f0       ?Translate@Matrix44@@QEAAAEAV1@AEBVVector3@@@Z 00000001400338f0 f   Matrix44.obj
 0002:0000da00       ?Translation@Matrix44@@SA?BV1@AEBVVector3@@@Z 0000000140033a00 f   Matrix44.obj
 0002:0000dac0       ?Transpose@Matrix44@@QEBA?BV1@XZ 0000000140033ac0 f   Matrix44.obj
 0002:0000ddf0       ?View@Matrix44@@SA?BV1@AEBVVector3@@00@Z 0000000140033df0 f   Matrix44.obj
 0002:0000e220       fabsf                      0000000140034220 f i Matrix44.obj
 0002:0000e330       ??0Vector4@@QEAA@AEBVVector3@@M@Z 0000000140034330 f i Quaternion.obj
 0002:0000e3f0       ??0Vector4@@QEAA@M@Z       00000001400343f0 f i Quaternion.obj
 0002:0000e4a0       ??DQuaternion@@AEBA?BV0@M@Z 00000001400344a0 f i Quaternion.obj
 0002:0000e550       ??GVector4@@QEBA?BV0@AEBV0@@Z 0000000140034550 f i Quaternion.obj
 0002:0000e5c0       ??HVector4@@QEBA?BV0@AEBV0@@Z 00000001400345c0 f i Quaternion.obj
 0002:0000e630       ?Add@Vector4@@SA?BV1@AEBV1@0@Z 0000000140034630 f i Quaternion.obj
 0002:0000e720       ?AxisAngle@Quaternion@@SA?BV1@AEBVVector3@@M@Z 0000000140034720 f   Quaternion.obj
 0002:0000e880       ?Identity@Quaternion@@SA?BV1@XZ 0000000140034880 f   Quaternion.obj
 0002:0000e920       ?Mul@Vector4@@SA?BV1@AEBV1@0@Z 0000000140034920 f i Quaternion.obj
 0002:0000ea10       ?Slerp@Quaternion@@SA?BV1@AEBV1@0M@Z 0000000140034a10 f   Quaternion.obj
 0002:0000ed00       ?Sub@Vector4@@SA?BV1@AEBV1@0@Z 0000000140034d00 f i Quaternion.obj
 0002:0000ee90       ??$?0$$V@?$_Compressed_pair@V?$allocator@D@std@@V?$_String_val@U?$_Simple_types@D@std@@@2@$00@std@@QEAA@U_Zero_then_variadic_args_t@1@@Z 0000000140034e90 f i audio.obj
 0002:0000ef00       ??$?0D@?$allocator@U_Container_proxy@std@@@std@@QEAA@AEBV?$allocator@D@1@@Z 0000000140034f00 f i audio.obj
 0002:0000ef50       ??$?0V?$allocator@D@std@@$$V@?$_Compressed_pair@V?$allocator@D@std@@V?$_String_val@U?$_Simple_types@D@std@@@2@$00@std@@QEAA@U_One_then_variadic_args_t@1@$$QEAV?$allocator@D@1@@Z 0000000140034f50 f i audio.obj
 0002:0000efc0       ??$?HDU?$char_traits@D@std@@V?$allocator@D@1@@std@@YA?AV?$basic_string@DU?$char_traits@D@std@@V?$allocator@D@2@@0@QEBDAEBV10@@Z 0000000140034fc0 f i audio.obj
 0002:0000f100       ??$_Allocate@$0BA@U_Default_allocate_traits@std@@$0A@@std@@YAPEAX_K@Z 0000000140035100 f i audio.obj
 0002:0000f190       ??$_Allocate_manually_vector_aligned@U_Default_allocate_traits@std@@@std@@YAPEAX_K@Z 0000000140035190 f i audio.obj
 0002:0000f2f0       ??$_Construct_in_place@PEADAEBQEAD@std@@YAXAEAPEADAEBQEAD@Z 00000001400352f0 f i audio.obj
 0002:0000f3e0       ??$_Construct_in_place@U_Container_proxy@std@@PEAU_Container_base12@2@@std@@YAXAEAU_Container_proxy@0@$$QEAPEAU_Container_base12@0@@Z 00000001400353e0 f i audio.obj
 0002:0000f4e0       ??$_Convert_size@_K@std@@YA_K_K@Z 00000001400354e0 f i audio.obj
 0002:0000f520       ??$_Deallocate@$0BA@$0A@@std@@YAXPEAX_K@Z 0000000140035520 f i audio.obj
 0002:0000f5c0       ??$_Deallocate_plain@V?$allocator@U_Container_proxy@std@@@std@@@std@@YAXAEAV?$allocator@U_Container_proxy@std@@@0@QEAU_Container_proxy@0@@Z 00000001400355c0 f i audio.obj
 0002:0000f620       ??$_Delete_plain_internal@V?$allocator@U_Container_proxy@std@@@std@@@std@@YAXAEAV?$allocator@U_Container_proxy@std@@@0@QEAU_Container_proxy@0@@Z 0000000140035620 f i audio.obj
 0002:0000f680       ??$_Destroy_in_place@PEAD@std@@YAXAEAPEAD@Z 0000000140035680 f i audio.obj
 0002:0000f6c0       ??$_Get_size_of_n@$00@std@@YA_K_K@Z 00000001400356c0 f i audio.obj
 0002:0000f710       ??$_Get_size_of_n@$0BA@@std@@YA_K_K@Z 0000000140035710 f i audio.obj
 0002:0000f790       ??$_Reallocate_for@V<lambda_1>@?1??assign@?$basic_string@DU?$char_traits@D@std@@V?$allocator@D@2@@std@@QEAAAEAV34@QEBD_K@Z@PEBD@?$basic_string@DU?$char_traits@D@std@@V?$allocator@D@2@@std@@AEAAAEAV01@_KV<lambda_1>@?1??assign@01@QEAAAEAV01@QEBD0@Z@PEBD@Z 0000000140035790 f i audio.obj
 0002:0000f9b0       ??$_Unfancy@D@std@@YAPEADPEAD@Z 00000001400359b0 f i audio.obj
 0002:0000f9f0       ??$_Unfancy@U_Container_proxy@std@@@std@@YAPEAU_Container_proxy@0@PEAU10@@Z 00000001400359f0 f i audio.obj
 0002:0000fa30       ??$_Voidify_iter@PEAD@std@@YAPEAXPEAD@Z 0000000140035a30 f i audio.obj
 0002:0000fa70       ??$_Voidify_iter@PEAPEAD@std@@YAPEAXPEAPEAD@Z 0000000140035a70 f i audio.obj
 0002:0000fab0       ??$_Voidify_iter@PEAU_Container_proxy@std@@@std@@YAPEAXPEAU_Container_proxy@0@@Z 0000000140035ab0 f i audio.obj
 0002:0000faf0       ??$addressof@PEAD@std@@YAPEAPEADAEAPEAD@Z 0000000140035af0 f i audio.obj
 0002:0000fb30       ??$addressof@U_Container_base12@std@@@std@@YAPEAU_Container_base12@0@AEAU10@@Z 0000000140035b30 f i audio.obj
 0002:0000fb70       ??$addressof@U_Container_proxy@std@@@std@@YAPEAU_Container_proxy@0@AEAU10@@Z 0000000140035b70 f i audio.obj
 0002:0000fbb0       ??$construct_at@DAEBDX@std@@YAPEADQEADAEBD@Z 0000000140035bb0 f i audio.obj
 0002:0000fc40       ??$construct_at@PEADAEBQEADX@std@@YAPEAPEADQEAPEADAEBQEAD@Z 0000000140035c40 f i audio.obj
 0002:0000fcd0       ??$construct_at@U_Container_proxy@std@@PEAU_Container_base12@2@X@std@@YAPEAU_Container_proxy@0@QEAU10@$$QEAPEAU_Container_base12@0@@Z 0000000140035cd0 f i audio.obj
 0002:0000fd70       ??$forward@AEBD@std@@YAAEBDAEBD@Z 0000000140035d70 f i audio.obj
 0002:0000fdb0       ??$forward@AEBQEAD@std@@YAAEBQEADAEBQEAD@Z 0000000140035db0 f i audio.obj
 0002:0000fdf0       ??$forward@PEAU_Container_base12@std@@@std@@YA$$QEAPEAU_Container_base12@0@AEAPEAU10@@Z 0000000140035df0 f i audio.obj
 0002:0000fe30       ??$forward@V?$allocator@D@std@@@std@@YA$$QEAV?$allocator@D@0@AEAV10@@Z 0000000140035e30 f i audio.obj
 0002:0000fe70       ??$max@_K@std@@YAAEB_KAEB_K0@Z 0000000140035e70 f i audio.obj
 0002:0000ff10       ??$min@_K@std@@YAAEB_KAEB_K0@Z 0000000140035f10 f i audio.obj
 0002:0000ffb0       ??0?$_Container_proxy_ptr12@V?$allocator@U_Container_proxy@std@@@std@@@std@@QEAA@AEAV?$allocator@U_Container_proxy@std@@@1@AEAU_Container_base12@1@@Z 0000000140035fb0 f i audio.obj
 0002:000100a0       ??0?$_String_val@U?$_Simple_types@D@std@@@std@@QEAA@XZ 00000001400360a0 f i audio.obj
 0002:00010130       ??0?$allocator@D@std@@QEAA@XZ 0000000140036130 f i audio.obj
 0002:00010170       ??0?$basic_string@DU?$char_traits@D@std@@V?$allocator@D@2@@std@@QEAA@QEBD@Z 0000000140036170 f i audio.obj
 0002:000102a0       ??0?$basic_string@DU?$char_traits@D@std@@V?$allocator@D@2@@std@@QEAA@U_String_constructor_concat_tag@1@AEBV01@QEBD_K23@Z 00000001400362a0 f i audio.obj
 0002:00010620       ??0_Basic_container_proxy_ptr12@std@@IEAA@XZ 0000000140036620 f i audio.obj
 0002:00010670       ??0_Bxty@?$_String_val@U?$_Simple_types@D@std@@@std@@QEAA@XZ 0000000140036670 f i audio.obj
 0002:000106c0       ??0_Container_base12@std@@QEAA@XZ 00000001400366c0 f i audio.obj
 0002:00010710       ??0_Container_proxy@std@@QEAA@PEAU_Container_base12@1@@Z 0000000140036710 f i audio.obj
 0002:00010780       ??0bad_alloc@std@@AEAA@QEBD@Z 0000000140036780 f i audio.obj
 0002:00010800       ??0bad_alloc@std@@QEAA@AEBV01@@Z 0000000140036800 f i audio.obj
 0002:00010860       ??0bad_array_new_length@std@@QEAA@AEBV01@@Z 0000000140036860 f i audio.obj
 0002:000108c0       ??0bad_array_new_length@std@@QEAA@XZ 00000001400368c0 f i audio.obj
 0002:00010930       ??0exception@std@@QEAA@AEBV01@@Z 0000000140036930 f i audio.obj
 0002:000109d0       ??0exception@std@@QEAA@QEBDH@Z 00000001400369d0 f i audio.obj
 0002:00010a70       ??1?$_Compressed_pair@V?$allocator@D@std@@V?$_String_val@U?$_Simple_types@D@std@@@2@$00@std@@QEAA@XZ 0000000140036a70 f i audio.obj
 0002:00010ab0       ??1?$_Container_proxy_ptr12@V?$allocator@U_Container_proxy@std@@@std@@@std@@QEAA@XZ 0000000140036ab0 f i audio.obj
 0002:00010b20       ??1?$_String_val@U?$_Simple_types@D@std@@@std@@QEAA@XZ 0000000140036b20 f i audio.obj
 0002:00010b60       ??1?$basic_string@DU?$char_traits@D@std@@V?$allocator@D@2@@std@@QEAA@XZ 0000000140036b60 f i audio.obj
 0002:00010c50       ??1_Bxty@?$_String_val@U?$_Simple_types@D@std@@@std@@QEAA@XZ 0000000140036c50 f i audio.obj
 0002:00010c90       ??1bad_alloc@std@@UEAA@XZ  0000000140036c90 f i audio.obj
 0002:00010cd0       ??1bad_array_new_length@std@@UEAA@XZ 0000000140036cd0 f i audio.obj
 0002:00010d10       ??1exception@std@@UEAA@XZ  0000000140036d10 f i audio.obj
 0002:00010d70       ??2@YAPEAX_KPEAX@Z         0000000140036d70 f i audio.obj
 0002:00010dc0       ??R<lambda_1>@?1??assign@?$basic_string@DU?$char_traits@D@std@@V?$allocator@D@2@@std@@QEAAAEAV23@QEBD_K@Z@QEBA@QEAD10@Z 0000000140036dc0 f i audio.obj
 0002:00010e60       ??_Ebad_alloc@std@@UEAAPEAXI@Z 0000000140036e60 f i audio.obj
 0002:00010e60       ??_Gbad_alloc@std@@UEAAPEAXI@Z 0000000140036e60 f i audio.obj
 0002:00010ed0       ??_Ebad_array_new_length@std@@UEAAPEAXI@Z 0000000140036ed0 f i audio.obj
 0002:00010ed0       ??_Gbad_array_new_length@std@@UEAAPEAXI@Z 0000000140036ed0 f i audio.obj
 0002:00010f40       ??_Gexception@std@@UEAAPEAXI@Z 0000000140036f40 f i audio.obj
 0002:00010f40       ??_Eexception@std@@UEAAPEAXI@Z 0000000140036f40 f i audio.obj
 0002:00010fb0       ?Audio_Check_Stream@@YA_NXZ 0000000140036fb0 f   audio.obj
 0002:00011010       ?Audio_Create@@YA_NIAEBV?$basic_string@DU?$char_traits@D@std@@V?$allocator@D@2@@std@@PEAUHWND__@@_N@Z 0000000140037010 f   audio.obj
 0002:00011340       ?Audio_Destroy@@YAXXZ      0000000140037340 f   audio.obj
 0002:00011380       ?Audio_Get_Pos_In_Sec@@YAMXZ 0000000140037380 f   audio.obj
 0002:000113f0       ?Audio_Rocket_IsPlaying@@YAHPEAX@Z 00000001400373f0 f   audio.obj
 0002:00011440       ?Audio_Rocket_Pause@@YAXPEAXH@Z 0000000140037440 f   audio.obj
 0002:000114b0       ?Audio_Rocket_SetRow@@YAXPEAXH@Z 00000001400374b0 f   audio.obj
 0002:00011540       ?Audio_Rocket_Sync@@YANAEAI0AEAM@Z 0000000140037540 f   audio.obj
 0002:000115d0       ?Audio_Start_Stream@@YAXI@Z 00000001400375d0 f   audio.obj
 0002:00011620       ?Audio_Update@@YAXXZ       0000000140037620 f   audio.obj
 0002:00011650       ?_Adjust_manually_vector_aligned@std@@YAXAEAPEAXAEA_K@Z 0000000140037650 f i audio.obj
 0002:00011890       ?_Allocate@_Default_allocate_traits@std@@SAPEAX_K@Z 0000000140037890 f i audio.obj
 0002:000118e0       ?_Calculate_growth@?$basic_string@DU?$char_traits@D@std@@V?$allocator@D@2@@std@@AEBA_K_K@Z 00000001400378e0 f i audio.obj
 0002:00011970       ?_Calculate_growth@?$basic_string@DU?$char_traits@D@std@@V?$allocator@D@2@@std@@CA_K_K00@Z 0000000140037970 f i audio.obj
 0002:00011aa0       ?_Get_first@?$_Compressed_pair@V?$allocator@D@std@@V?$_String_val@U?$_Simple_types@D@std@@@2@$00@std@@QEAAAEAV?$allocator@D@2@XZ 0000000140037aa0 f i audio.obj
 0002:00011ae0       ?_Get_first@?$_Compressed_pair@V?$allocator@D@std@@V?$_String_val@U?$_Simple_types@D@std@@@2@$00@std@@QEBAAEBV?$allocator@D@2@XZ 0000000140037ae0 f i audio.obj
 0002:00011b20       ?_Getal@?$basic_string@DU?$char_traits@D@std@@V?$allocator@D@2@@std@@AEAAAEAV?$allocator@D@2@XZ 0000000140037b20 f i audio.obj
 0002:00011b70       ?_Getal@?$basic_string@DU?$char_traits@D@std@@V?$allocator@D@2@@std@@AEBAAEBV?$allocator@D@2@XZ 0000000140037b70 f i audio.obj
 0002:00011bc0       ?_Large_string_engaged@?$_String_val@U?$_Simple_types@D@std@@@std@@QEBA_NXZ 0000000140037bc0 f i audio.obj
 0002:00011c40       ?_Myptr@?$_String_val@U?$_Simple_types@D@std@@@std@@QEAAPEADXZ 0000000140037c40 f i audio.obj
 0002:00011cc0       ?_Myptr@?$_String_val@U?$_Simple_types@D@std@@@std@@QEBAPEBDXZ 0000000140037cc0 f i audio.obj
 0002:00011d40       ?_Orphan_all@_Container_base12@std@@QEAAXXZ 0000000140037d40 f i audio.obj
 0002:00011db0       ?_Orphan_all_locked_v3@_Container_base12@std@@AEAAXXZ 0000000140037db0 f i audio.obj
 0002:00011e50       ?_Orphan_all_unlocked_v3@_Container_base12@std@@AEAAXXZ 0000000140037e50 f i audio.obj
 0002:00011f00       ?_Release@_Basic_container_proxy_ptr12@std@@QEAAXXZ 0000000140037f00 f i audio.obj
 0002:00011f50       ?_Throw_bad_array_new_length@std@@YAXXZ 0000000140037f50 f i audio.obj
 0002:00011fb0       ?_Tidy_deallocate@?$basic_string@DU?$char_traits@D@std@@V?$allocator@D@2@@std@@AEAAXXZ 0000000140037fb0 f i audio.obj
 0002:00012120       ?_Tidy_init@?$basic_string@DU?$char_traits@D@std@@V?$allocator@D@2@@std@@AEAAXXZ 0000000140038120 f i audio.obj
 0002:00012240       ?_Xlen_string@std@@YAXXZ   0000000140038240 f i audio.obj
 0002:00012280       ?allocate@?$allocator@D@std@@QEAAPEAD_K@Z 0000000140038280 f i audio.obj
 0002:000122e0       ?allocate@?$allocator@U_Container_proxy@std@@@std@@QEAAPEAU_Container_proxy@2@_K@Z 00000001400382e0 f i audio.obj
 0002:00012340       ?assign@?$_Char_traits@DH@std@@SAPEADQEAD_KD@Z 0000000140038340 f i audio.obj
 0002:00012450       ?assign@?$_Narrow_char_traits@DH@std@@SAPEADQEAD_KD@Z 0000000140038450 f i audio.obj
 0002:000124f0       ?assign@?$_Narrow_char_traits@DH@std@@SAXAEADAEBD@Z 00000001400384f0 f i audio.obj
 0002:00012550       ?assign@?$basic_string@DU?$char_traits@D@std@@V?$allocator@D@2@@std@@QEAAAEAV12@QEBD@Z 0000000140038550 f i audio.obj
 0002:000125c0       ?assign@?$basic_string@DU?$char_traits@D@std@@V?$allocator@D@2@@std@@QEAAAEAV12@QEBD_K@Z 00000001400385c0 f i audio.obj
 0002:000126d0       ?c_str@?$basic_string@DU?$char_traits@D@std@@V?$allocator@D@2@@std@@QEBAPEBDXZ 00000001400386d0 f i audio.obj
 0002:00012720       ?copy@?$_Char_traits@DH@std@@SAPEADQEADQEBD_K@Z 0000000140038720 f i audio.obj
 0002:00012810       ?deallocate@?$_Default_allocator_traits@V?$allocator@U_Container_proxy@std@@@std@@@std@@SAXAEAV?$allocator@U_Container_proxy@std@@@2@QEAU_Container_proxy@2@_K@Z 0000000140038810 f i audio.obj
 0002:000128a0       ?deallocate@?$allocator@D@std@@QEAAXQEAD_K@Z 00000001400388a0 f i audio.obj
 0002:00012900       ?deallocate@?$allocator@U_Container_proxy@std@@@std@@QEAAXQEAU_Container_proxy@2@_K@Z 0000000140038900 f i audio.obj
 0002:00012960       ?is_constant_evaluated@std@@YA_NXZ 0000000140038960 f i audio.obj
 0002:00012990       ?length@?$_Narrow_char_traits@DH@std@@SA_KQEBD@Z 0000000140038990 f i audio.obj
 0002:00012a10       ?max@?$numeric_limits@_J@std@@SA_JXZ 0000000140038a10 f i audio.obj
 0002:00012a50       ?max_size@?$_Default_allocator_traits@V?$allocator@D@std@@@std@@SA_KAEBV?$allocator@D@2@@Z 0000000140038a50 f i audio.obj
 0002:00012a90       ?max_size@?$basic_string@DU?$char_traits@D@std@@V?$allocator@D@2@@std@@QEBA_KXZ 0000000140038a90 f i audio.obj
 0002:00012b90       ?move@?$_Char_traits@DH@std@@SAPEADQEADQEBD_K@Z 0000000140038b90 f i audio.obj
 0002:00012d70       ?select_on_container_copy_construction@?$_Default_allocator_traits@V?$allocator@D@std@@@std@@SA?AV?$allocator@D@2@AEBV32@@Z 0000000140038d70 f i audio.obj
 0002:00012dc0       ?size@?$basic_string@DU?$char_traits@D@std@@V?$allocator@D@2@@std@@QEBA_KXZ 0000000140038dc0 f i audio.obj
 0002:00012e10       ?what@exception@std@@UEBAPEBDXZ 0000000140038e10 f i audio.obj
 0002:00012f10       ??$max@H@std@@YAAEBHAEBH0@Z 0000000140038f10 f i ball.obj
 0002:00012fb0       ??$max@M@std@@YAAEBMAEBM0@Z 0000000140038fb0 f i ball.obj
 0002:00013050       ??$min@H@std@@YAAEBHAEBH0@Z 0000000140039050 f i ball.obj
 0002:000130f0       ??$min@I@std@@YAAEBIAEBI0@Z 00000001400390f0 f i ball.obj
 0002:00013190       ??$min@M@std@@YAAEBMAEBM0@Z 0000000140039190 f i ball.obj
 0002:00013230       ?Ball_Create@@YA_NXZ       0000000140039230 f   ball.obj
 0002:00013850       ?Ball_Destroy@@YAXXZ       0000000140039850 f   ball.obj
 0002:000138a0       ?Ball_Draw@@YAXPEAIMM@Z    00000001400398a0 f   ball.obj
 0002:00013d70       ?Ball_GetBackground@@YAPEAIXZ 0000000140039d70 f   ball.obj
 0002:00013de0       ?Ball_HasBeams@@YA_NXZ     0000000140039de0 f   ball.obj
 0002:00014c70       ?freeAligned@@YAXPEAX@Z    000000014003ac70 f i ball.obj
 0002:00014db0       ?mallocAligned@@YAPEAX_K0@Z 000000014003adb0 f i ball.obj
 0002:00016be0       ?BoxBlur32@@YAXPEAIPEBIIIM@Z 000000014003cbe0 f   boxblur.obj
 0002:00016cc0       ?BoxBlur_Create@@YA_NXZ    000000014003ccc0 f   boxblur.obj
 0002:00016cf0       ?BoxBlur_Destroy@@YAXXZ    000000014003ccf0 f   boxblur.obj
 0002:000173d0       ?HorizontalBoxBlur32@@YAXPEAIPEBIIIM@Z 000000014003d3d0 f   boxblur.obj
 0002:00017e40       ?VerticalBoxBlur32@@YAXPEAIPEBIIIM@Z 000000014003de40 f   boxblur.obj
 0002:00018200       ?InitializeFastCosine@@YAXXZ 000000014003e200 f   fast-cosine.obj
 0002:00018290       ?FxBlitter_Create@@YA_NXZ  000000014003e290 f   fx-blitter.obj
 0002:000183b0       ?FxBlitter_Destroy@@YAXXZ  000000014003e3b0 f   fx-blitter.obj
 0002:00018400       ?FxBlitter_DrawTestPattern@@YAXPEAI@Z 000000014003e400 f   fx-blitter.obj
 0002:00018bc0       ?Fx_Blit_2x2@@YAXPEAI0@Z   000000014003ebc0 f   fx-blitter.obj
 0002:00018e30       ?initialize_random_generator@@YAXXZ 000000014003ee30 f   random.obj
 0002:00018e80       ?mt_rand32@@YAHXZ          000000014003ee80 f   random.obj
 0002:00018ec0       ?mt_randf@@YAMXZ           000000014003eec0 f   random.obj
 0002:00018f00       ?mt_randu32@@YAIXZ         000000014003ef00 f   random.obj
 0002:000191b0       tinymt32_init              000000014003f1b0 f   random.obj
 0002:00019350       tinymt32_init_by_array     000000014003f350 f   random.obj
 0002:00019ec0       ?AddTrack@Rocket@@YAPEBUsync_track@@PEBD@Z 000000014003fec0 f   rocket.obj
 0002:00019f10       ?Boost@Rocket@@YA_NXZ      000000014003ff10 f   rocket.obj
 0002:0001a040       ?Land@Rocket@@YAXXZ        0000000140040040 f   rocket.obj
 0002:0001a0a0       ?Launch@Rocket@@YA_NXZ     00000001400400a0 f   rocket.obj
 0002:0001a160       ?get@Rocket@@YANPEBUsync_track@@@Z 0000000140040160 f   rocket.obj
 0002:0001a1b0       ?SatoriLumaBlur_Create@@YA_NXZ 00000001400401b0 f   satori-lumablur.obj
 0002:0001a1e0       ?SatoriLumaBlur_Destroy@@YAXXZ 00000001400401e0 f   satori-lumablur.obj
 0002:0001a290       ??0Vector2@@QEAA@MM@Z      0000000140040290 f i shadertoy.obj
 0002:0001a310       ??0Vector3@@QEAA@M@Z       0000000140040310 f i shadertoy.obj
 0002:0001a3b0       ??0Vector3@@QEAA@T__m128@@@Z 00000001400403b0 f i shadertoy.obj
 0002:0001a410       ??0Vector3@@QEAA@XZ        0000000140040410 f i shadertoy.obj
 0002:0001a450       ??BVector3@@QEBA?AT__m128@@XZ 0000000140040450 f i shadertoy.obj
 0002:0001a4b0       ??HVector3@@QEBA?BV0@AEBV0@@Z 00000001400404b0 f i shadertoy.obj
 0002:0001a520       ??HVector3@@QEBA?BV0@M@Z   0000000140040520 f i shadertoy.obj
 0002:0001a5a0       ??YVector3@@QEAAAEAV0@AEBV0@@Z 00000001400405a0 f i shadertoy.obj
 0002:0001a620       ??YVector3@@QEAAAEAV0@M@Z  0000000140040620 f i shadertoy.obj
 0002:0001a6a0       ?Add@Vector3@@SA?BV1@AEBV1@0@Z 00000001400406a0 f i shadertoy.obj
 0002:0001acb0       ?Laura_Draw@@YAXPEAIMM@Z   0000000140040cb0 f   shadertoy.obj
 0002:0001ae50       ?Nautilus_Draw@@YAXPEAIMM@Z 0000000140040e50 f   shadertoy.obj
 0002:0001af70       ?Plasma_Draw@@YAXPEAIMM@Z  0000000140040f70 f   shadertoy.obj
 0002:0001b860       ?RenderLaura_2x2@@YAXPEAIM@Z 0000000140041860 f   shadertoy.obj
 0002:000204a0       ?Shadertoy_Create@@YA_NXZ  00000001400464a0 f   shadertoy.obj
 0002:00020ba0       ?Shadertoy_Destroy@@YAXXZ  0000000140046ba0 f   shadertoy.obj
 0002:00020be0       ?Sinuses_Draw@@YAXPEAIMM@Z 0000000140046be0 f   shadertoy.obj
 0002:00020de0       ?Spikey_Draw@@YAXPEAIMM_N@Z 0000000140046de0 f   shadertoy.obj
 0002:000219e0       ?Tunnel_Draw@@YAXPEAIMM@Z  00000001400479e0 f   shadertoy.obj
 0002:000224b0       ?cos_ps@@YA?AT__m128@@T1@@Z 00000001400484b0 f   shadertoy.obj
 0002:00022ea0       ?exp_ps@@YA?AT__m128@@T1@@Z 0000000140048ea0 f   shadertoy.obj
 0002:00023ff0       ?log_ps@@YA?AT__m128@@T1@@Z 0000000140049ff0 f   shadertoy.obj
 0002:00024d10       ?sin_ps@@YA?AT__m128@@T1@@Z 000000014004ad10 f   shadertoy.obj
 0002:00025500       ?sincos_ps@@YAXT__m128@@PEAT1@1@Z 000000014004b500 f   shadertoy.obj
 0002:00026540       ?Demo_Create@@YA_NXZ       000000014004c540 f   demo.obj
 0002:00028020       ?Demo_Destroy@@YAXXZ       000000014004e020 f   demo.obj
 0002:00028080       ?Demo_Draw@@YA_NPEAIMM@Z   000000014004e080 f   demo.obj
 0002:0002a410       ??0Display@@QEAA@XZ        0000000140050410 f   display.obj
 0002:0002a4a0       ??1Display@@QEAA@XZ        00000001400504a0 f   display.obj
 0002:0002a510       ?Open@Display@@QEAA_NAEBV?$basic_string@DU?$char_traits@D@std@@V?$allocator@D@2@@std@@II_N@Z 0000000140050510 f   display.obj
 0002:0002a7a0       ?Update@Display@@QEAAXPEBI@Z 00000001400507a0 f   display.obj
 0002:0002a870       ?ClampAxisDeadzone@@YAMH@Z 0000000140050870 f i gamepad.obj
 0002:0002a910       ?Gamepad_Create@@YAXXZ     0000000140050910 f   gamepad.obj
 0002:0002a990       ?Gamepad_Destroy@@YAXXZ    0000000140050990 f   gamepad.obj
 0002:0002a9e0       ?Gamepad_Update@@YA_NAEAUPadState@@@Z 00000001400509e0 f   gamepad.obj
 0002:0002ac90       ??$?0$$V@?$_Compressed_pair@V?$allocator@PEAX@std@@V?$_Vector_val@U?$_Simple_types@PEAX@std@@@2@$00@std@@QEAA@U_Zero_then_variadic_args_t@1@@Z 0000000140050c90 f i image.obj
 0002:0002ad00       ??$?0PEAX@?$allocator@U_Container_proxy@std@@@std@@QEAA@AEBV?$allocator@PEAX@1@@Z 0000000140050d00 f i image.obj
 0002:0002ad50       ??$_Alloc_proxy@V?$allocator@U_Container_proxy@std@@@std@@@_Container_base12@std@@QEAAX$$QEAV?$allocator@U_Container_proxy@std@@@1@@Z 0000000140050d50 f i image.obj
 0002:0002ae00       ??$_Copy_memmove@PEAPEAXPEAPEAX@std@@YAPEAPEAXPEAPEAX00@Z 0000000140050e00 f i image.obj
 0002:0002af00       ??$_Destroy_range@V?$allocator@PEAX@std@@@std@@YAXPEAPEAXQEAPEAXAEAV?$allocator@PEAX@0@@Z 0000000140050f00 f i image.obj
 0002:0002af40       ??$_Emplace_back@PEAX@?$_Uninitialized_backout_al@V?$allocator@PEAX@std@@@std@@QEAAX$$QEAPEAX@Z 0000000140050f40 f i image.obj
 0002:0002b010       ??$_Emplace_back_with_unused_capacity@AEBQEAX@?$vector@PEAXV?$allocator@PEAX@std@@@std@@AEAA?A_TAEBQEAX@Z 0000000140051010 f i image.obj
 0002:0002b120       ??$_Emplace_reallocate@AEBQEAX@?$vector@PEAXV?$allocator@PEAX@std@@@std@@QEAAPEAPEAXQEAPEAXAEBQEAX@Z 0000000140051120 f i image.obj
 0002:0002b410       ??$_Get_size_of_n@$07@std@@YA_K_K@Z 0000000140051410 f i image.obj
 0002:0002b490       ??$_Get_unwrapped@AEBQEAPEAX@std@@YA?A_TAEBQEAPEAX@Z 0000000140051490 f i image.obj
 0002:0002b4d0       ??$_To_address@PEAPEAX@std@@YA?A_PAEBQEAPEAX@Z 00000001400514d0 f i image.obj
 0002:0002b520       ??$_Unfancy@PEAX@std@@YAPEAPEAXPEAPEAX@Z 0000000140051520 f i image.obj
 0002:0002b560       ??$_Uninitialized_move@PEAPEAXV?$allocator@PEAX@std@@@std@@YAPEAPEAXQEAPEAX0PEAPEAXAEAV?$allocator@PEAX@0@@Z 0000000140051560 f i image.obj
 0002:0002b6f0       ??$_Voidify_iter@PEAPEAX@std@@YAPEAXPEAPEAX@Z 00000001400516f0 f i image.obj
 0002:0002b730       ??$construct@PEAXAEBQEAX@?$_Default_allocator_traits@V?$allocator@PEAX@std@@@std@@SAXAEAV?$allocator@PEAX@1@QEAPEAXAEBQEAX@Z 0000000140051730 f i image.obj
 0002:0002b7f0       ??$construct@PEAXPEAX@?$_Default_allocator_traits@V?$allocator@PEAX@std@@@std@@SAXAEAV?$allocator@PEAX@1@QEAPEAX$$QEAPEAX@Z 00000001400517f0 f i image.obj
 0002:0002b8b0       ??$construct_at@PEAXAEBQEAXX@std@@YAPEAPEAXQEAPEAXAEBQEAX@Z 00000001400518b0 f i image.obj
 0002:0002b940       ??$construct_at@PEAXPEAXX@std@@YAPEAPEAXQEAPEAX$$QEAPEAX@Z 0000000140051940 f i image.obj
 0002:0002b9d0       ??$emplace_back@AEBQEAX@?$vector@PEAXV?$allocator@PEAX@std@@@std@@QEAA?A_TAEBQEAX@Z 00000001400519d0 f i image.obj
 0002:0002bac0       ??$exchange@PEAU_Container_proxy@std@@$$T@std@@YAPEAU_Container_proxy@0@AEAPEAU10@$$QEA$$T@Z 0000000140051ac0 f i image.obj
 0002:0002bb30       ??$forward@AEBQEAX@std@@YAAEBQEAXAEBQEAX@Z 0000000140051b30 f i image.obj
 0002:0002bb70       ??$forward@PEAX@std@@YA$$QEAPEAXAEAPEAX@Z 0000000140051b70 f i image.obj
 0002:0002bbb0       ??$move@AEAPEAX@std@@YA$$QEAPEAXAEAPEAX@Z 0000000140051bb0 f i image.obj
 0002:0002bbf0       ??$to_address@PEAX@std@@YAPEAPEAXQEAPEAX@Z 0000000140051bf0 f i image.obj
 0002:0002bc30       ??0?$_Uninitialized_backout_al@V?$allocator@PEAX@std@@@std@@QEAA@PEAPEAXAEAV?$allocator@PEAX@1@@Z 0000000140051c30 f i image.obj
 0002:0002bcc0       ??0?$_Vector_val@U?$_Simple_types@PEAX@std@@@std@@QEAA@XZ 0000000140051cc0 f i image.obj
 0002:0002bd50       ??0?$allocator@PEAX@std@@QEAA@XZ 0000000140051d50 f i image.obj
 0002:0002bd90       ??0?$vector@PEAXV?$allocator@PEAX@std@@@std@@QEAA@XZ 0000000140051d90 f i image.obj
 0002:0002be40       ??1?$_Uninitialized_backout_al@V?$allocator@PEAX@std@@@std@@QEAA@XZ 0000000140051e40 f i image.obj
 0002:0002beb0       ??1?$vector@PEAXV?$allocator@PEAX@std@@@std@@QEAA@XZ 0000000140051eb0 f i image.obj
 0002:0002bf90       ?Image_Create@@YA_NXZ      0000000140051f90 f   image.obj
 0002:0002c000       ?Image_Destroy@@YAXXZ      0000000140052000 f   image.obj
 0002:0002c0a0       ?Image_Load32@@YAPEAIAEBV?$basic_string@DU?$char_traits@D@std@@V?$allocator@D@2@@std@@@Z 00000001400520a0 f   image.obj
 0002:0002c0f0       ?Image_Load32_CA@@YAPEAIAEBV?$basic_string@DU?$char_traits@D@std@@V?$allocator@D@2@@std@@0@Z 00000001400520f0 f   image.obj
 0002:0002c240       ?Image_Load8@@YAPEAEAEBV?$basic_string@DU?$char_traits@D@std@@V?$allocator@D@2@@std@@@Z 0000000140052240 f   image.obj
 0002:0002c580       ?_Calculate_growth@?$vector@PEAXV?$allocator@PEAX@std@@@std@@AEBA_K_K@Z 0000000140052580 f i image.obj
 0002:0002c660       ?_Change_array@?$vector@PEAXV?$allocator@PEAX@std@@@std@@AEAAXQEAPEAX_K1@Z 0000000140052660 f i image.obj
 0002:0002c7e0       ?_Destroy@?$vector@PEAXV?$allocator@PEAX@std@@@std@@AEAAXPEAPEAX0@Z 00000001400527e0 f i image.obj
 0002:0002c850       ?_Get_first@?$_Compressed_pair@V?$allocator@PEAX@std@@V?$_Vector_val@U?$_Simple_types@PEAX@std@@@2@$00@std@@QEAAAEAV?$allocator@PEAX@2@XZ 0000000140052850 f i image.obj
 0002:0002c890       ?_Get_first@?$_Compressed_pair@V?$allocator@PEAX@std@@V?$_Vector_val@U?$_Simple_types@PEAX@std@@@2@$00@std@@QEBAAEBV?$allocator@PEAX@2@XZ 0000000140052890 f i image.obj
 0002:0002c8d0       ?_Getal@?$vector@PEAXV?$allocator@PEAX@std@@@std@@AEAAAEAV?$allocator@PEAX@2@XZ 00000001400528d0 f i image.obj
 0002:0002c920       ?_Getal@?$vector@PEAXV?$allocator@PEAX@std@@@std@@AEBAAEBV?$allocator@PEAX@2@XZ 0000000140052920 f i image.obj
 0002:0002c970       ?_Orphan_range@?$vector@PEAXV?$allocator@PEAX@std@@@std@@AEBAXPEAPEAX0@Z 0000000140052970 f i image.obj
 0002:0002ca10       ?_Orphan_range_locked@?$vector@PEAXV?$allocator@PEAX@std@@@std@@AEBAXPEAPEAX0@Z 0000000140052a10 f i image.obj
 0002:0002cad0       ?_Orphan_range_unlocked@?$vector@PEAXV?$allocator@PEAX@std@@@std@@AEBAXPEAPEAX0@Z 0000000140052ad0 f i image.obj
 0002:0002cbc0       ?_Release@?$_Uninitialized_backout_al@V?$allocator@PEAX@std@@@std@@QEAAPEAPEAXXZ 0000000140052bc0 f i image.obj
 0002:0002cc20       ?_Tidy@?$vector@PEAXV?$allocator@PEAX@std@@@std@@AEAAXXZ 0000000140052c20 f i image.obj
 0002:0002cd70       ?_Umove@?$vector@PEAXV?$allocator@PEAX@std@@@std@@AEAAPEAPEAXPEAPEAX00@Z 0000000140052d70 f i image.obj
 0002:0002cdf0       ?_Umove_if_noexcept1@?$vector@PEAXV?$allocator@PEAX@std@@@std@@AEAAXPEAPEAX00U?$integral_constant@_N$00@2@@Z 0000000140052df0 f i image.obj
 0002:0002ce70       ?_Umove_if_noexcept@?$vector@PEAXV?$allocator@PEAX@std@@@std@@AEAAXPEAPEAX00@Z 0000000140052e70 f i image.obj
 0002:0002cf10       ?_Unchecked_begin@?$vector@PEAXV?$allocator@PEAX@std@@@std@@QEAAPEAPEAXXZ 0000000140052f10 f i image.obj
 0002:0002cf60       ?_Unchecked_end@?$vector@PEAXV?$allocator@PEAX@std@@@std@@QEAAPEAPEAXXZ 0000000140052f60 f i image.obj
 0002:0002cfb0       ?_Xlength@?$vector@PEAXV?$allocator@PEAX@std@@@std@@CAXXZ 0000000140052fb0 f i image.obj
 0002:0002cff0       ?allocate@?$allocator@PEAX@std@@QEAAPEAPEAX_K@Z 0000000140052ff0 f i image.obj
 0002:0002d050       ?capacity@?$vector@PEAXV?$allocator@PEAX@std@@@std@@QEBA_KXZ 0000000140053050 f i image.obj
 0002:0002d0b0       ?clear@?$vector@PEAXV?$allocator@PEAX@std@@@std@@QEAAXXZ 00000001400530b0 f i image.obj
 0002:0002d150       ?deallocate@?$allocator@PEAX@std@@QEAAXQEAPEAX_K@Z 0000000140053150 f i image.obj
 0002:0002d1b0       ?max_size@?$_Default_allocator_traits@V?$allocator@PEAX@std@@@std@@SA_KAEBV?$allocator@PEAX@2@@Z 00000001400531b0 f i image.obj
 0002:0002d1f0       ?max_size@?$vector@PEAXV?$allocator@PEAX@std@@@std@@QEBA_KXZ 00000001400531f0 f i image.obj
 0002:0002d270       ?push_back@?$vector@PEAXV?$allocator@PEAX@std@@@std@@QEAAXAEBQEAX@Z 0000000140053270 f i image.obj
 0002:0002d2d0       ?Landscape_Create@@YA_NXZ  00000001400532d0 f   landscape.obj
 0002:0002d4c0       ?Landscape_Destroy@@YAXXZ  00000001400534c0 f   landscape.obj
 0002:0002d4f0       ?Landscape_Draw@@YAXPEAIMM@Z 00000001400534f0 f   landscape.obj
 0002:0002f430       ??$?0$$BY03D$0A@@path@filesystem@std@@QEAA@AEAY03$$CBDW4format@012@@Z 0000000140055430 f i main.obj
 0002:0002f4c0       ??$?0$$V@?$_Compressed_pair@V?$allocator@_W@std@@V?$_String_val@U?$_Simple_types@_W@std@@@2@$00@std@@QEAA@U_Zero_then_variadic_args_t@1@@Z 00000001400554c0 f i main.obj
 0002:0002f530       ??$?0AEBV?$allocator@D@std@@$$V@?$_Compressed_pair@V?$allocator@D@std@@V?$_String_val@U?$_Simple_types@D@std@@@2@$00@std@@QEAA@U_One_then_variadic_args_t@1@AEBV?$allocator@D@1@@Z 0000000140055530 f i main.obj
 0002:0002f5a0       ??$?0V?$allocator@_W@std@@$$V@?$_Compressed_pair@V?$allocator@_W@std@@V?$_String_val@U?$_Simple_types@_W@std@@@2@$00@std@@QEAA@U_One_then_variadic_args_t@1@$$QEAV?$allocator@_W@1@@Z 00000001400555a0 f i main.obj
 0002:0002f610       ??$?0_W@?$allocator@U_Container_proxy@std@@@std@@QEAA@AEBV?$allocator@_W@1@@Z 0000000140055610 f i main.obj
 0002:0002f660       ??$?YV?$basic_string_view@DU?$char_traits@D@std@@@std@@$0A@@?$basic_string@DU?$char_traits@D@std@@V?$allocator@D@2@@std@@QEAAAEAV01@AEBV?$basic_string_view@DU?$char_traits@D@std@@@1@@Z 0000000140055660 f i main.obj
 0002:0002f6c0       ??$_Construct_in_place@PEADAEAPEAD@std@@YAXAEAPEAD0@Z 00000001400556c0 f i main.obj
 0002:0002f7b0       ??$_Construct_in_place@PEA_WAEAPEA_W@std@@YAXAEAPEA_W0@Z 00000001400557b0 f i main.obj
 0002:0002f8a0       ??$_Construct_in_place@PEA_WAEBQEA_W@std@@YAXAEAPEA_WAEBQEA_W@Z 00000001400558a0 f i main.obj
 0002:0002f990       ??$_Convert_Source_to_wide@$$BY03DU_Normal_conversion@filesystem@std@@@filesystem@std@@YA?AV?$basic_string@_WU?$char_traits@_W@std@@V?$allocator@_W@2@@1@AEAY03$$CBDU_Normal_conversion@01@@Z 0000000140055990 f i main.obj
 0002:0002fa50       ??$_Convert_stringoid_to_wide@U_Normal_conversion@filesystem@std@@@filesystem@std@@YA?AV?$basic_string@_WU?$char_traits@_W@std@@V?$allocator@_W@2@@1@V?$basic_string_view@DU?$char_traits@D@std@@@1@U_Normal_conversion@01@@Z 0000000140055a50 f i main.obj
 0002:0002fb30       ??$_Convert_wide_to_narrow_replace_chars@U?$char_traits@D@std@@V?$allocator@D@2@@filesystem@std@@YA?AV?$basic_string@DU?$char_traits@D@std@@V?$allocator@D@2@@1@W4__std_code_page@@V?$basic_string_view@_WU?$char_traits@_W@std@@@1@AEBV?$allocator@D@1@@Z 0000000140055b30 f i main.obj
 0002:0002fd60       ??$_Destroy_in_place@PEA_W@std@@YAXAEAPEA_W@Z 0000000140055d60 f i main.obj
 0002:0002fda0       ??$_Get_size_of_n@$01@std@@YA_K_K@Z 0000000140055da0 f i main.obj
 0002:0002fe20       ??$_Getvals@_W@?$time_get@DV?$istreambuf_iterator@DU?$char_traits@D@std@@@std@@@std@@IEAAX_WAEBV_Locinfo@1@@Z 0000000140055e20 f i main.obj
 0002:0002ffe0       ??$_Getvals@_W@?$time_get@_WV?$istreambuf_iterator@_WU?$char_traits@_W@std@@@std@@@std@@IEAAX_WAEBV_Locinfo@1@@Z 0000000140055fe0 f i main.obj
 0002:000301a0       ??$_Immortalize_memcpy_image@V_Generic_error_category@std@@@std@@YAAEBV_Generic_error_category@0@XZ 00000001400561a0 f i main.obj
 0002:000301e0       ??$_Immortalize_memcpy_image@V_System_error_category@std@@@std@@YAAEBV_System_error_category@0@XZ 00000001400561e0 f i main.obj
 0002:00030220       ??$_Maklocstr@D@std@@YAPEADPEBDPEADAEBU_Cvtvec@@@Z 0000000140056220 f i main.obj
 0002:00030320       ??$_Maklocstr@_W@std@@YAPEA_WPEBDPEA_WAEBU_Cvtvec@@@Z 0000000140056320 f i main.obj
 0002:000305e0       ??$_Pocca@V?$allocator@D@std@@@std@@YAXAEAV?$allocator@D@0@AEBV10@@Z 00000001400565e0 f i main.obj
 0002:00030620       ??$_Reallocate_grow_by@V<lambda_1>@?1??append@?$basic_string@DU?$char_traits@D@std@@V?$allocator@D@2@@std@@QEAAAEAV34@QEBD_K@Z@PEBD_K@?$basic_string@DU?$char_traits@D@std@@V?$allocator@D@2@@std@@AEAAAEAV01@_KV<lambda_1>@?1??append@01@QEAAAEAV01@QEBD0@Z@PEBD_K@Z 0000000140056620 f i main.obj
 0002:00030910       ??$_Reallocate_grow_by@V<lambda_1>@?1??append@?$basic_string@DU?$char_traits@D@std@@V?$allocator@D@2@@std@@QEAAAEAV34@_KD@Z@_KD@?$basic_string@DU?$char_traits@D@std@@V?$allocator@D@2@@std@@AEAAAEAV01@_KV<lambda_1>@?1??append@01@QEAAAEAV01@0D@Z@_KD@Z 0000000140056910 f i main.obj
 0002:00030c00       ??$_Reallocate_grow_by@V<lambda_1>@?1??append@?$basic_string@_WU?$char_traits@_W@std@@V?$allocator@_W@2@@std@@QEAAAEAV34@_K_W@Z@_K_W@?$basic_string@_WU?$char_traits@_W@std@@V?$allocator@_W@2@@std@@AEAAAEAV01@_KV<lambda_1>@?1??append@01@QEAAAEAV01@0_W@Z@_K_W@Z 0000000140056c00 f i main.obj
 0002:00030ef0       ??$_Reallocate_grow_by@V<lambda_1>@?1??push_back@?$basic_string@DU?$char_traits@D@std@@V?$allocator@D@2@@std@@QEAAXD@Z@D@?$basic_string@DU?$char_traits@D@std@@V?$allocator@D@2@@std@@AEAAAEAV01@_KV<lambda_1>@?1??push_back@01@QEAAXD@Z@D@Z 0000000140056ef0 f i main.obj
 0002:000311c0       ??$_Reallocate_grow_by@V<lambda_1>@?1??reserve@?$basic_string@DU?$char_traits@D@std@@V?$allocator@D@2@@std@@QEAAX_K@Z@$$V@?$basic_string@DU?$char_traits@D@std@@V?$allocator@D@2@@std@@AEAAAEAV01@_KV<lambda_1>@?1??reserve@01@QEAAX0@Z@@Z 00000001400571c0 f i main.obj
 0002:00031470       ??$_Stringoid_from_Source@D$03@filesystem@std@@YA?AV?$basic_string_view@DU?$char_traits@D@std@@@1@AEAY03$$CBD@Z 0000000140057470 f i main.obj
 0002:000315b0       ??$_Unfancy@_W@std@@YAPEA_WPEA_W@Z 00000001400575b0 f i main.obj
 0002:000315f0       ??$_Voidify_iter@PEAPEA_W@std@@YAPEAXPEAPEA_W@Z 00000001400575f0 f i main.obj
 0002:00031630       ??$_Voidify_iter@PEA_W@std@@YAPEAXPEA_W@Z 0000000140057630 f i main.obj
 0002:00031670       ??$addressof@$$CBV?$_String_val@U?$_Simple_types@D@std@@@std@@@std@@YAPEBV?$_String_val@U?$_Simple_types@D@std@@@0@AEBV10@@Z 0000000140057670 f i main.obj
 0002:000316b0       ??$addressof@$$CBV?$_String_val@U?$_Simple_types@_W@std@@@std@@@std@@YAPEBV?$_String_val@U?$_Simple_types@_W@std@@@0@AEBV10@@Z 00000001400576b0 f i main.obj
 0002:000316f0       ??$addressof@$$CBV?$basic_string@DU?$char_traits@D@std@@V?$allocator@D@2@@std@@@std@@YAPEBV?$basic_string@DU?$char_traits@D@std@@V?$allocator@D@2@@0@AEBV10@@Z 00000001400576f0 f i main.obj
 0002:00031730       ??$addressof@PEA_W@std@@YAPEAPEA_WAEAPEA_W@Z 0000000140057730 f i main.obj
 0002:00031770       ??$addressof@V?$_String_val@U?$_Simple_types@D@std@@@std@@@std@@YAPEAV?$_String_val@U?$_Simple_types@D@std@@@0@AEAV10@@Z 0000000140057770 f i main.obj
 0002:000317b0       ??$addressof@V?$_String_val@U?$_Simple_types@_W@std@@@std@@@std@@YAPEAV?$_String_val@U?$_Simple_types@_W@std@@@0@AEAV10@@Z 00000001400577b0 f i main.obj
 0002:000317f0       ??$append@V?$basic_string_view@DU?$char_traits@D@std@@@std@@$0A@@?$basic_string@DU?$char_traits@D@std@@V?$allocator@D@2@@std@@QEAAAEAV01@AEBV?$basic_string_view@DU?$char_traits@D@std@@@1@@Z 00000001400577f0 f i main.obj
 0002:000318e0       ??$construct_at@PEADAEAPEADX@std@@YAPEAPEADQEAPEADAEAPEAD@Z 00000001400578e0 f i main.obj
 0002:00031970       ??$construct_at@PEA_WAEAPEA_WX@std@@YAPEAPEA_WQEAPEA_WAEAPEA_W@Z 0000000140057970 f i main.obj
 0002:00031a00       ??$construct_at@PEA_WAEBQEA_WX@std@@YAPEAPEA_WQEAPEA_WAEBQEA_W@Z 0000000140057a00 f i main.obj
 0002:00031a90       ??$construct_at@_WAEB_WX@std@@YAPEA_WQEA_WAEB_W@Z 0000000140057a90 f i main.obj
 0002:00031b20       ??$forward@AEAPEAD@std@@YAAEAPEADAEAPEAD@Z 0000000140057b20 f i main.obj
 0002:00031b60       ??$forward@AEAPEA_W@std@@YAAEAPEA_WAEAPEA_W@Z 0000000140057b60 f i main.obj
 0002:00031ba0       ??$forward@AEBQEA_W@std@@YAAEBQEA_WAEBQEA_W@Z 0000000140057ba0 f i main.obj
 0002:00031be0       ??$forward@AEBV?$allocator@D@std@@@std@@YAAEBV?$allocator@D@0@AEBV10@@Z 0000000140057be0 f i main.obj
 0002:00031c20       ??$forward@AEB_W@std@@YAAEB_WAEB_W@Z 0000000140057c20 f i main.obj
 0002:00031c60       ??$forward@V?$allocator@_W@std@@@std@@YA$$QEAV?$allocator@_W@0@AEAV10@@Z 0000000140057c60 f i main.obj
 0002:00031ca0       ??$move@AEAV?$allocator@D@std@@@std@@YA$$QEAV?$allocator@D@0@AEAV10@@Z 0000000140057ca0 f i main.obj
 0002:00031ce0       ??$move@AEAV?$allocator@_W@std@@@std@@YA$$QEAV?$allocator@_W@0@AEAV10@@Z 0000000140057ce0 f i main.obj
 0002:00031d20       ??0?$_String_val@U?$_Simple_types@_W@std@@@std@@QEAA@XZ 0000000140057d20 f i main.obj
 0002:00031db0       ??0?$allocator@_W@std@@QEAA@XZ 0000000140057db0 f i main.obj
 0002:00031df0       ??0?$basic_string@DU?$char_traits@D@std@@V?$allocator@D@2@@std@@QEAA@$$QEAV01@@Z 0000000140057df0 f i main.obj
 0002:00031f00       ??0?$basic_string@DU?$char_traits@D@std@@V?$allocator@D@2@@std@@QEAA@AEBV01@@Z 0000000140057f00 f i main.obj
 0002:00032070       ??0?$basic_string@DU?$char_traits@D@std@@V?$allocator@D@2@@std@@QEAA@AEBV?$allocator@D@1@@Z 0000000140058070 f i main.obj
 0002:00032140       ??0?$basic_string@DU?$char_traits@D@std@@V?$allocator@D@2@@std@@QEAA@QEBD_K@Z 0000000140058140 f i main.obj
 0002:00032280       ??0?$basic_string@DU?$char_traits@D@std@@V?$allocator@D@2@@std@@QEAA@XZ 0000000140058280 f i main.obj
 0002:00032340       ??0?$basic_string@_WU?$char_traits@_W@std@@V?$allocator@_W@2@@std@@QEAA@$$QEAV01@@Z 0000000140058340 f i main.obj
 0002:00032450       ??0?$basic_string@_WU?$char_traits@_W@std@@V?$allocator@_W@2@@std@@QEAA@AEBV01@@Z 0000000140058450 f i main.obj
 0002:000325c0       ??0?$basic_string@_WU?$char_traits@_W@std@@V?$allocator@_W@2@@std@@QEAA@XZ 00000001400585c0 f i main.obj
 0002:00032680       ??0?$basic_string_view@DU?$char_traits@D@std@@@std@@QEAA@QEBD@Z 0000000140058680 f i main.obj
 0002:00032700       ??0?$basic_string_view@DU?$char_traits@D@std@@@std@@QEAA@QEBD_K@Z 0000000140058700 f i main.obj
 0002:00032830       ??0?$basic_string_view@_WU?$char_traits@_W@std@@@std@@QEAA@QEB_W_K@Z 0000000140058830 f i main.obj
 0002:00032960       ??0Timer@@QEAA@XZ          0000000140058960 f i main.obj
 0002:000329b0       ??0_Bxty@?$_String_val@U?$_Simple_types@_W@std@@@std@@QEAA@XZ 00000001400589b0 f i main.obj
 0002:00032a00       ??0_System_error@std@@IEAA@Verror_code@1@AEBV?$basic_string@DU?$char_traits@D@std@@V?$allocator@D@2@@1@@Z 0000000140058a00 f i main.obj
 0002:00032b70       ??0_System_error@std@@QEAA@AEBV01@@Z 0000000140058b70 f i main.obj
 0002:00032c00       ??0_System_error_message@std@@QEAA@K@Z 0000000140058c00 f i main.obj
 0002:00032c80       ??0error_code@std@@QEAA@HAEBVerror_category@1@@Z 0000000140058c80 f i main.obj
 0002:00032cf0       ??0error_condition@std@@QEAA@HAEBVerror_category@1@@Z 0000000140058cf0 f i main.obj
 0002:00032d60       ??0exception@std@@QEAA@QEBD@Z 0000000140058d60 f i main.obj
 0002:00032e40       ??0filesystem_error@filesystem@std@@QEAA@AEBV012@@Z 0000000140058e40 f i main.obj
 0002:00032f50       ??0filesystem_error@filesystem@std@@QEAA@AEBV?$basic_string@DU?$char_traits@D@std@@V?$allocator@D@2@@2@AEBVpath@12@Verror_code@2@@Z 0000000140058f50 f i main.obj
 0002:00033120       ??0path@filesystem@std@@QEAA@AEBV012@@Z 0000000140059120 f i main.obj
 0002:00033190       ??0path@filesystem@std@@QEAA@XZ 0000000140059190 f i main.obj
 0002:000331e0       ??0runtime_error@std@@QEAA@AEBV01@@Z 00000001400591e0 f i main.obj
 0002:00033240       ??0runtime_error@std@@QEAA@AEBV?$basic_string@DU?$char_traits@D@std@@V?$allocator@D@2@@1@@Z 0000000140059240 f i main.obj
 0002:000332c0       ??0system_error@std@@QEAA@AEBV01@@Z 00000001400592c0 f i main.obj
 0002:00033320       ??0system_error@std@@QEAA@Verror_code@1@@Z 0000000140059320 f i main.obj
 0002:000333f0       ??0system_error@std@@QEAA@Verror_code@1@AEBV?$basic_string@DU?$char_traits@D@std@@V?$allocator@D@2@@1@@Z 00000001400593f0 f i main.obj
 0002:00033490       ??1?$_Compressed_pair@V?$allocator@_W@std@@V?$_String_val@U?$_Simple_types@_W@std@@@2@$00@std@@QEAA@XZ 0000000140059490 f i main.obj
 0002:000334d0       ??1?$_String_val@U?$_Simple_types@_W@std@@@std@@QEAA@XZ 00000001400594d0 f i main.obj
 0002:00033510       ??1?$basic_string@_WU?$char_traits@_W@std@@V?$allocator@_W@2@@std@@QEAA@XZ 0000000140059510 f i main.obj
 0002:00033600       ??1_Bxty@?$_String_val@U?$_Simple_types@_W@std@@@std@@QEAA@XZ 0000000140059600 f i main.obj
 0002:00033640       ??1_Generic_error_category@std@@UEAA@XZ 0000000140059640 f i main.obj
 0002:00033680       ??1_System_error@std@@UEAA@XZ 0000000140059680 f i main.obj
 0002:000336c0       ??1_System_error_category@std@@UEAA@XZ 00000001400596c0 f i main.obj
 0002:00033700       ??1_System_error_message@std@@QEAA@XZ 0000000140059700 f i main.obj
 0002:00033750       ??1error_category@std@@UEAA@XZ 0000000140059750 f i main.obj
 0002:00033790       ??1filesystem_error@filesystem@std@@UEAA@XZ 0000000140059790 f i main.obj
 0002:00033810       ??1path@filesystem@std@@QEAA@XZ 0000000140059810 f i main.obj
 0002:00033860       ??1runtime_error@std@@UEAA@XZ 0000000140059860 f i main.obj
 0002:000338a0       ??1system_error@std@@UEAA@XZ 00000001400598a0 f i main.obj
 0002:000338e0       ??4?$basic_string@DU?$char_traits@D@std@@V?$allocator@D@2@@std@@QEAAAEAV01@AEBV01@@Z 00000001400598e0 f i main.obj
 0002:00033980       ??8error_category@std@@QEBA_NAEBV01@@Z 0000000140059980 f i main.obj
 0002:00033a00       ??8std@@YA_NAEBVerror_condition@0@0@Z 0000000140059a00 f i main.obj
 0002:00033ae0       ??B?$basic_string@_WU?$char_traits@_W@std@@V?$allocator@_W@2@@std@@QEBA?AV?$basic_string_view@_WU?$char_traits@_W@std@@@1@XZ 0000000140059ae0 f i main.obj
 0002:00033b80       ??R<lambda_1>@?1??append@?$basic_string@DU?$char_traits@D@std@@V?$allocator@D@2@@std@@QEAAAEAV23@QEBD_K@Z@QEBA@QEAD0101@Z 0000000140059b80 f i main.obj
 0002:00033c60       ??R<lambda_1>@?1??append@?$basic_string@DU?$char_traits@D@std@@V?$allocator@D@2@@std@@QEAAAEAV23@_KD@Z@QEBA@QEADQEBD00D@Z 0000000140059c60 f i main.obj
 0002:00033d50       ??R<lambda_1>@?1??append@?$basic_string@_WU?$char_traits@_W@std@@V?$allocator@_W@2@@std@@QEAAAEAV23@_K_W@Z@QEBA@QEA_WQEB_W001@Z 0000000140059d50 f i main.obj
 0002:00033e30       ??R<lambda_1>@?1??push_back@?$basic_string@DU?$char_traits@D@std@@V?$allocator@D@2@@std@@QEAAXD@Z@QEBA@QEADQEBD_KD@Z 0000000140059e30 f i main.obj
 0002:00033f00       ??R<lambda_1>@?1??reserve@?$basic_string@DU?$char_traits@D@std@@V?$allocator@D@2@@std@@QEAAX_K@Z@QEBA@QEADQEBD0@Z 0000000140059f00 f i main.obj
 0002:00033f70       ??Y?$basic_string@DU?$char_traits@D@std@@V?$allocator@D@2@@std@@QEAAAEAV01@AEBV01@@Z 0000000140059f70 f i main.obj
 0002:00033fd0       ??Y?$basic_string@DU?$char_traits@D@std@@V?$allocator@D@2@@std@@QEAAAEAV01@D@Z 0000000140059fd0 f i main.obj
 0002:00034030       ??_E_Generic_error_category@std@@UEAAPEAXI@Z 000000014005a030 f i main.obj
 0002:00034030       ??_G_Generic_error_category@std@@UEAAPEAXI@Z 000000014005a030 f i main.obj
 0002:000340a0       ??_G_System_error@std@@UEAAPEAXI@Z 000000014005a0a0 f i main.obj
 0002:000340a0       ??_E_System_error@std@@UEAAPEAXI@Z 000000014005a0a0 f i main.obj
 0002:00034110       ??_E_System_error_category@std@@UEAAPEAXI@Z 000000014005a110 f i main.obj
 0002:00034110       ??_G_System_error_category@std@@UEAAPEAXI@Z 000000014005a110 f i main.obj
 0002:00034180       ??_Efilesystem_error@filesystem@std@@UEAAPEAXI@Z 000000014005a180 f i main.obj
 0002:00034180       ??_Gfilesystem_error@filesystem@std@@UEAAPEAXI@Z 000000014005a180 f i main.obj
 0002:000341f0       ??_Eruntime_error@std@@UEAAPEAXI@Z 000000014005a1f0 f i main.obj
 0002:000341f0       ??_Gruntime_error@std@@UEAAPEAXI@Z 000000014005a1f0 f i main.obj
 0002:00034260       ??_Esystem_error@std@@UEAAPEAXI@Z 000000014005a260 f i main.obj
 0002:00034260       ??_Gsystem_error@std@@UEAAPEAXI@Z 000000014005a260 f i main.obj
 0002:000342d0       ??__Ksv@string_view_literals@literals@std@@YA?AV?$basic_string_view@DU?$char_traits@D@std@@@3@PEBD_K@Z 000000014005a2d0 f i main.obj
 0002:00034340       ?Get@Timer@@QEBAMXZ        000000014005a340 f i main.obj
 0002:000344a0       ?Reset@Timer@@QEAAXXZ      000000014005a4a0 f i main.obj
 0002:00034560       ?SetLastError@@YAXAEBV?$basic_string@DU?$char_traits@D@std@@V?$allocator@D@2@@std@@@Z 000000014005a560 f   main.obj
 0002:000345b0       ?_Calculate_growth@?$basic_string@_WU?$char_traits@_W@std@@V?$allocator@_W@2@@std@@AEBA_K_K@Z 000000014005a5b0 f i main.obj
 0002:00034640       ?_Calculate_growth@?$basic_string@_WU?$char_traits@_W@std@@V?$allocator@_W@2@@std@@CA_K_K00@Z 000000014005a640 f i main.obj
 0002:00034770       ?_Check_convert_result@filesystem@std@@YAHU__std_fs_convert_result@@@Z 000000014005a770 f i main.obj
 0002:000347d0       ?_Construct_lv_contents@?$basic_string@DU?$char_traits@D@std@@V?$allocator@D@2@@std@@AEAAXAEBV12@@Z 000000014005a7d0 f i main.obj
 0002:00034a60       ?_Construct_lv_contents@?$basic_string@_WU?$char_traits@_W@std@@V?$allocator@_W@2@@std@@AEAAXAEBV12@@Z 000000014005aa60 f i main.obj
 0002:00034cf0       ?_Convert_narrow_to_wide@filesystem@std@@YA?AV?$basic_string@_WU?$char_traits@_W@std@@V?$allocator@_W@2@@2@W4__std_code_page@@V?$basic_string_view@DU?$char_traits@D@std@@@2@@Z 000000014005acf0 f i main.obj
 0002:00034f20       ?_Copy_assign@?$basic_string@DU?$char_traits@D@std@@V?$allocator@D@2@@std@@AEAAXAEBV12@U?$integral_constant@_N$0A@@2@@Z 000000014005af20 f i main.obj
 0002:00035000       ?_Eos@?$basic_string@DU?$char_traits@D@std@@V?$allocator@D@2@@std@@AEAAX_K@Z 000000014005b000 f i main.obj
 0002:000350c0       ?_Eos@?$basic_string@_WU?$char_traits@_W@std@@V?$allocator@_W@2@@std@@AEAAX_K@Z 000000014005b0c0 f i main.obj
 0002:00035180       ?_Get_first@?$_Compressed_pair@V?$allocator@_W@std@@V?$_String_val@U?$_Simple_types@_W@std@@@2@$00@std@@QEAAAEAV?$allocator@_W@2@XZ 000000014005b180 f i main.obj
 0002:000351c0       ?_Get_first@?$_Compressed_pair@V?$allocator@_W@std@@V?$_String_val@U?$_Simple_types@_W@std@@@2@$00@std@@QEBAAEBV?$allocator@_W@2@XZ 000000014005b1c0 f i main.obj
 0002:00035200       ?_Getal@?$basic_string@_WU?$char_traits@_W@std@@V?$allocator@_W@2@@std@@AEAAAEAV?$allocator@_W@2@XZ 000000014005b200 f i main.obj
 0002:00035250       ?_Getal@?$basic_string@_WU?$char_traits@_W@std@@V?$allocator@_W@2@@std@@AEBAAEBV?$allocator@_W@2@XZ 000000014005b250 f i main.obj
 0002:000352a0       ?_Large_string_engaged@?$_String_val@U?$_Simple_types@_W@std@@@std@@QEBA_NXZ 000000014005b2a0 f i main.obj
 0002:00035320       ?_Make_ec@filesystem@std@@YA?AVerror_code@2@W4__std_win_error@@@Z 000000014005b320 f i main.obj
 0002:00035390       ?_Makestr@_System_error@std@@CA?AV?$basic_string@DU?$char_traits@D@std@@V?$allocator@D@2@@2@Verror_code@2@V32@@Z 000000014005b390 f i main.obj
 0002:000354c0       ?_Maklocwcs@std@@YAPEA_WPEB_W@Z 000000014005b4c0 f i main.obj
 0002:00035580       ?_Memcpy_val_from@?$basic_string@DU?$char_traits@D@std@@V?$allocator@D@2@@std@@AEAAXAEBV12@@Z 000000014005b580 f i main.obj
 0002:00035610       ?_Memcpy_val_from@?$basic_string@_WU?$char_traits@_W@std@@V?$allocator@_W@2@@std@@AEAAXAEBV12@@Z 000000014005b610 f i main.obj
 0002:000356a0       ?_Myptr@?$_String_val@U?$_Simple_types@_W@std@@@std@@QEAAPEA_WXZ 000000014005b6a0 f i main.obj
 0002:00035720       ?_Myptr@?$_String_val@U?$_Simple_types@_W@std@@@std@@QEBAPEB_WXZ 000000014005b720 f i main.obj
 0002:000357a0       ?_Pretty_message@filesystem_error@filesystem@std@@CA?AV?$basic_string@DU?$char_traits@D@std@@V?$allocator@D@2@@3@V?$basic_string_view@DU?$char_traits@D@std@@@3@AEBVpath@23@1@Z 000000014005b7a0 f i main.obj
 0002:00035b50       ?_Swap_proxy_and_iterators@?$basic_string@DU?$char_traits@D@std@@V?$allocator@D@2@@std@@AEAAXAEAV12@@Z 000000014005bb50 f i main.obj
 0002:00035bc0       ?_Swap_proxy_and_iterators@?$basic_string@_WU?$char_traits@_W@std@@V?$allocator@_W@2@@std@@AEAAXAEAV12@@Z 000000014005bbc0 f i main.obj
 0002:00035c30       ?_Swap_proxy_and_iterators@_Container_base12@std@@QEAAXAEAU12@@Z 000000014005bc30 f i main.obj
 0002:00035cb0       ?_Swap_proxy_and_iterators_locked@_Container_base12@std@@AEAAXAEAU12@@Z 000000014005bcb0 f i main.obj
 0002:00035d60       ?_Swap_proxy_and_iterators_unlocked@_Container_base12@std@@AEAAXAEAU12@@Z 000000014005bd60 f i main.obj
 0002:00035e30       ?_Take_contents@?$basic_string@DU?$char_traits@D@std@@V?$allocator@D@2@@std@@AEAAXAEAV12@@Z 000000014005be30 f i main.obj
 0002:00035fe0       ?_Take_contents@?$basic_string@_WU?$char_traits@_W@std@@V?$allocator@_W@2@@std@@AEAAXAEAV12@@Z 000000014005bfe0 f i main.obj
 0002:00036190       ?_Throw_fs_error@filesystem@std@@YAXPEBDW4__std_win_error@@AEBVpath@12@@Z 000000014005c190 f i main.obj
 0002:00036290       ?_Throw_system_error@std@@YAXW4errc@1@@Z 000000014005c290 f i main.obj
 0002:00036330       ?_Throw_system_error_from_std_win_error@filesystem@std@@YAXW4__std_win_error@@@Z 000000014005c330 f i main.obj
 0002:000363d0       ?_Tidy_deallocate@?$basic_string@_WU?$char_traits@_W@std@@V?$allocator@_W@2@@std@@AEAAXXZ 000000014005c3d0 f i main.obj
 0002:00036540       ?_Tidy_init@?$basic_string@_WU?$char_traits@_W@std@@V?$allocator@_W@2@@std@@AEAAXXZ 000000014005c540 f i main.obj
 0002:00036660       ?__empty_global_delete@@YAXPEAX@Z 000000014005c660 f i main.obj
 0002:000366a0       ?__empty_global_delete@@YAXPEAXW4align_val_t@std@@@Z 000000014005c6a0 f i main.obj
 0002:000366e0       ?__empty_global_delete@@YAXPEAX_K@Z 000000014005c6e0 f i main.obj
 0002:00036720       ?__empty_global_delete@@YAXPEAX_KW4align_val_t@std@@@Z 000000014005c720 f i main.obj
 0002:00036760       ?allocate@?$allocator@_W@std@@QEAAPEA_W_K@Z 000000014005c760 f i main.obj
 0002:000367c0       ?append@?$basic_string@DU?$char_traits@D@std@@V?$allocator@D@2@@std@@QEAAAEAV12@AEBV12@@Z 000000014005c7c0 f i main.obj
 0002:00036850       ?append@?$basic_string@DU?$char_traits@D@std@@V?$allocator@D@2@@std@@QEAAAEAV12@QEBD@Z 000000014005c850 f i main.obj
 0002:000368c0       ?append@?$basic_string@DU?$char_traits@D@std@@V?$allocator@D@2@@std@@QEAAAEAV12@QEBD_K@Z 000000014005c8c0 f i main.obj
 0002:00036a30       ?append@?$basic_string@DU?$char_traits@D@std@@V?$allocator@D@2@@std@@QEAAAEAV12@_KD@Z 000000014005ca30 f i main.obj
 0002:00036ba0       ?append@?$basic_string@_WU?$char_traits@_W@std@@V?$allocator@_W@2@@std@@QEAAAEAV12@_K_W@Z 000000014005cba0 f i main.obj
 0002:00036d10       ?assign@?$_Char_traits@_WG@std@@SAPEA_WQEA_W_K_W@Z 000000014005cd10 f i main.obj
 0002:00036e20       ?assign@?$_WChar_traits@_W@std@@SAPEA_WQEA_W_K_W@Z 000000014005ce20 f i main.obj
 0002:00036ec0       ?assign@?$_WChar_traits@_W@std@@SAXAEA_WAEB_W@Z 000000014005cec0 f i main.obj
 0002:00036f20       ?category@error_code@std@@QEBAAEBVerror_category@2@XZ 000000014005cf20 f i main.obj
 0002:00036f70       ?category@error_condition@std@@QEBAAEBVerror_category@2@XZ 000000014005cf70 f i main.obj
 0002:00036fc0       ?copy@?$_Char_traits@_WG@std@@SAPEA_WQEA_WQEB_W_K@Z 000000014005cfc0 f i main.obj
 0002:000370a0       ?current_path@filesystem@std@@YAXAEBVpath@12@@Z 000000014005d0a0 f i main.obj
 0002:00037120       ?data@?$basic_string@DU?$char_traits@D@std@@V?$allocator@D@2@@std@@QEAAPEADXZ 000000014005d120 f i main.obj
 0002:00037170       ?data@?$basic_string@_WU?$char_traits@_W@std@@V?$allocator@_W@2@@std@@QEAAPEA_WXZ 000000014005d170 f i main.obj
 0002:000371c0       ?data@?$basic_string@_WU?$char_traits@_W@std@@V?$allocator@_W@2@@std@@QEBAPEB_WXZ 000000014005d1c0 f i main.obj
 0002:00037210       ?data@?$basic_string_view@DU?$char_traits@D@std@@@std@@QEBAPEBDXZ 000000014005d210 f i main.obj
 0002:00037250       ?data@?$basic_string_view@_WU?$char_traits@_W@std@@@std@@QEBAPEB_WXZ 000000014005d250 f i main.obj
 0002:00037290       ?deallocate@?$allocator@_W@std@@QEAAXQEA_W_K@Z 000000014005d290 f i main.obj
 0002:000372f0       ?default_error_condition@_System_error_category@std@@UEBA?AVerror_condition@2@H@Z 000000014005d2f0 f i main.obj
 0002:000373a0       ?default_error_condition@error_category@std@@UEBA?AVerror_condition@2@H@Z 000000014005d3a0 f i main.obj
 0002:00037410       ?empty@?$basic_string@DU?$char_traits@D@std@@V?$allocator@D@2@@std@@QEBA_NXZ 000000014005d410 f i main.obj
 0002:00037480       ?empty@?$basic_string_view@DU?$char_traits@D@std@@@std@@QEBA_NXZ 000000014005d480 f i main.obj
 0002:000374f0       ?empty@?$basic_string_view@_WU?$char_traits@_W@std@@@std@@QEBA_NXZ 000000014005d4f0 f i main.obj
 0002:00037560       ?equivalent@error_category@std@@UEBA_NAEBVerror_code@2@H@Z 000000014005d560 f i main.obj
 0002:00037610       ?equivalent@error_category@std@@UEBA_NHAEBVerror_condition@2@@Z 000000014005d610 f i main.obj
 0002:000376a0       ?generic_category@std@@YAAEBVerror_category@1@XZ 000000014005d6a0 f i main.obj
 0002:000376e0       ?make_error_code@std@@YA?AVerror_code@1@W4errc@1@@Z 000000014005d6e0 f i main.obj
 0002:00037750       ?max_size@?$_Default_allocator_traits@V?$allocator@_W@std@@@std@@SA_KAEBV?$allocator@_W@2@@Z 000000014005d750 f i main.obj
 0002:00037790       ?max_size@?$basic_string@_WU?$char_traits@_W@std@@V?$allocator@_W@2@@std@@QEBA_KXZ 000000014005d790 f i main.obj
 0002:00037970       ?message@_Generic_error_category@std@@UEBA?AV?$basic_string@DU?$char_traits@D@std@@V?$allocator@D@2@@2@H@Z 000000014005d970 f i main.obj
 0002:00037a00       ?message@_System_error_category@std@@UEBA?AV?$basic_string@DU?$char_traits@D@std@@V?$allocator@D@2@@2@H@Z 000000014005da00 f i main.obj
 0002:00037b50       ?message@error_code@std@@QEBA?AV?$basic_string@DU?$char_traits@D@std@@V?$allocator@D@2@@2@XZ 000000014005db50 f i main.obj
 0002:00037c20       ?name@_Generic_error_category@std@@UEBAPEBDXZ 000000014005dc20 f i main.obj
 0002:00037c60       ?name@_System_error_category@std@@UEBAPEBDXZ 000000014005dc60 f i main.obj
 0002:00037ca0       ?native@path@filesystem@std@@QEBAAEBV?$basic_string@_WU?$char_traits@_W@std@@V?$allocator@_W@2@@3@XZ 000000014005dca0 f i main.obj
 0002:00037ce0       ?push_back@?$basic_string@DU?$char_traits@D@std@@V?$allocator@D@2@@std@@QEAAXD@Z 000000014005dce0 f i main.obj
 0002:00037df0       ?reserve@?$basic_string@DU?$char_traits@D@std@@V?$allocator@D@2@@std@@QEAAX_K@Z 000000014005ddf0 f i main.obj
 0002:00037ea0       ?resize@?$basic_string@DU?$char_traits@D@std@@V?$allocator@D@2@@std@@QEAAX_KD@Z 000000014005dea0 f i main.obj
 0002:00037f50       ?resize@?$basic_string@_WU?$char_traits@_W@std@@V?$allocator@_W@2@@std@@QEAAX_K_W@Z 000000014005df50 f i main.obj
 0002:00038010       ?select_on_container_copy_construction@?$_Default_allocator_traits@V?$allocator@_W@std@@@std@@SA?AV?$allocator@_W@2@AEBV32@@Z 000000014005e010 f i main.obj
 0002:00038060       ?size@?$basic_string@_WU?$char_traits@_W@std@@V?$allocator@_W@2@@std@@QEBA_KXZ 000000014005e060 f i main.obj
 0002:000380b0       ?size@?$basic_string_view@DU?$char_traits@D@std@@@std@@QEBA_KXZ 000000014005e0b0 f i main.obj
 0002:00038100       ?size@?$basic_string_view@_WU?$char_traits@_W@std@@@std@@QEBA_KXZ 000000014005e100 f i main.obj
 0002:00038150       ?system_category@std@@YAAEBVerror_category@1@XZ 000000014005e150 f i main.obj
 0002:00038190       ?value@error_code@std@@QEBAHXZ 000000014005e190 f i main.obj
 0002:000381d0       ?value@error_condition@std@@QEBAHXZ 000000014005e1d0 f i main.obj
 0002:00038210       ?what@filesystem_error@filesystem@std@@UEBAPEBDXZ 000000014005e210 f i main.obj
 0002:00038260       WinMain                    000000014005e260 f   main.obj
 0002:00038920       wmemcpy                    000000014005e920 f i main.obj
 0002:00038990       wmemset                    000000014005e990 f i main.obj
 0002:000393f0       ?Polar_Blit@@YAXPEAIPEBI_N@Z 000000014005f3f0 f   polar.obj
 0002:000397a0       ?Polar_BlitA@@YAXPEAIPEBI_N@Z 000000014005f7a0 f   polar.obj
 0002:00039b50       ?Polar_Blit_2x2@@YAXPEAIPEBI_N@Z 000000014005fb50 f   polar.obj
 0002:00039c20       ?Polar_Create@@YA_NXZ      000000014005fc20 f   polar.obj
 0002:00039d40       ?Polar_Destroy@@YAXXZ      000000014005fd40 f   polar.obj
 0002:0003a850       ?Shared_Create@@YA_NXZ     0000000140060850 f   shared-resources.obj
 0002:0003a9d0       ?Shared_Destroy@@YAXXZ     00000001400609d0 f   shared-resources.obj
 0002:0003aac0       ?CalculateCosLUT@@YAXXZ    0000000140060ac0 f   sincos-lut.obj
 0002:0003ab70       ?RunTests@@YA_NXZ          0000000140060b70 f   tests.obj
 0002:0003ac30       ?Twister_Create@@YA_NXZ    0000000140060c30 f   torus-twister.obj
 0002:0003ada0       ?Twister_Destroy@@YAXXZ    0000000140060da0 f   torus-twister.obj
 0002:0003add0       ?Twister_Draw@@YAXPEAIMM@Z 0000000140060dd0 f   torus-twister.obj
 0002:0003c0e0       ?vtwister_precalc@@YAXXZ   00000001400620e0 f   torus-twister.obj
 0002:0003c7c0       ?Tunnelscape_Create@@YA_NXZ 00000001400627c0 f   tunnelscape.obj
 0002:0003c9b0       ?Tunnelscape_Destroy@@YAXXZ 00000001400629b0 f   tunnelscape.obj
 0002:0003c9e0       ?Tunnelscape_Draw@@YAXPEAIMM@Z 00000001400629e0 f   tunnelscape.obj
 0002:0003e440       ?Add32@@YAXPEAIPEBII@Z     0000000140064440 f   util.obj
 0002:0003e7c0       ?BlitAdd32@@YAXPEAIPEBIIII@Z 00000001400647c0 f   util.obj
 0002:0003ebc0       ?BlitAdd32A@@YAXPEAIPEBIIIIM@Z 0000000140064bc0 f   util.obj
 0002:0003f060       ?BlitSrc32@@YAXPEAIPEBIIII@Z 0000000140065060 f   util.obj
 0002:0003f4f0       ?BlitSrc32A@@YAXPEAIPEBIIIIM@Z 00000001400654f0 f   util.obj
 0002:0003f950       ?Darken32_50@@YAXPEAIPEBII@Z 0000000140065950 f   util.obj
 0002:0003fc90       ?Excl32@@YAXPEAIPEBII@Z    0000000140065c90 f   util.obj
 0002:0003ff70       ?Fade32@@YAXPEAIIIE@Z      0000000140065f70 f   util.obj
 0002:00040360       ?Mix32@@YAXPEAIPEBIIE@Z    0000000140066360 f   util.obj
 0002:00040780       ?MixOver32@@YAXPEAIPEBII@Z 0000000140066780 f   util.obj
 0002:00040ae0       ?MixSrc32@@YAXPEAIPEBII@Z  0000000140066ae0 f   util.obj
 0002:00040f00       ?MixSrc32S@@YAXPEAIPEBIIII@Z 0000000140066f00 f   util.obj
 0002:00041230       ?MulSrc32@@YAXPEAIPEBII@Z  0000000140067230 f   util.obj
 0002:00041560       ?MulSrc32A@@YAXPEAIPEBII@Z 0000000140067560 f   util.obj
 0002:00041970       ?Overlay32@@YAXPEAIPEBII@Z 0000000140067970 f   util.obj
 0002:00041e10       ?Overlay32A@@YAXPEAIPEBII@Z 0000000140067e10 f   util.obj
 0002:00042110       ?SoftLight32@@YAXPEAIPEBII@Z 0000000140068110 f   util.obj
 0002:000424a0       ?SoftLight32A@@YAXPEAIPEBII@Z 00000001400684a0 f   util.obj
 0002:00042830       ?SoftLight32AA@@YAXPEAIPEBIIM@Z 0000000140068830 f   util.obj
 0002:00042c00       ?Sub32@@YAXPEAIPEBII@Z     0000000140068c00 f   util.obj
 0002:00043120       ?TapeWarp32@@YAXPEAIPEBIIIMM@Z 0000000140069120 f   util.obj
 0002:00043a43       closesocket                0000000140069a43 f   ws2_32:WS2_32.dll
 0002:00043a49       connect                    0000000140069a49 f   ws2_32:WS2_32.dll
 0002:00043a4f       htonl                      0000000140069a4f f   ws2_32:WS2_32.dll
 0002:00043a55       ntohl                      0000000140069a55 f   ws2_32:WS2_32.dll
 0002:00043a5b       recv                       0000000140069a5b f   ws2_32:WS2_32.dll
 0002:00043a61       select                     0000000140069a61 f   ws2_32:WS2_32.dll
 0002:00043a67       send                       0000000140069a67 f   ws2_32:WS2_32.dll
 0002:00043a6d       socket                     0000000140069a6d f   ws2_32:WS2_32.dll
 0002:00043a73       WSAStartup                 0000000140069a73 f   ws2_32:WS2_32.dll
 0002:00043a79       getaddrinfo                0000000140069a79 f   ws2_32:WS2_32.dll
 0002:00043a7f       freeaddrinfo               0000000140069a7f f   ws2_32:WS2_32.dll
 0002:00043a85       OutputDebugStringA         0000000140069a85 f   kernel32:KERNEL32.dll
 0002:00043a8b       GetForegroundWindow        0000000140069a8b f   user32:USER32.dll
 0002:00043a91       MessageBoxA                0000000140069a91 f   user32:USER32.dll
 0002:00043a97       BASS_ErrorGetCode          0000000140069a97 f   bass:BASS.dll
 0002:00043a9d       BASS_Init                  0000000140069a9d f   bass:BASS.dll
 0002:00043aa3       BASS_Free                  0000000140069aa3 f   bass:BASS.dll
 0002:00043aa9       BASS_GetInfo               0000000140069aa9 f   bass:BASS.dll
 0002:00043aaf       BASS_StreamCreateFile      0000000140069aaf f   bass:BASS.dll
 0002:00043ab5       BASS_ChannelBytes2Seconds  0000000140069ab5 f   bass:BASS.dll
 0002:00043abb       BASS_ChannelSeconds2Bytes  0000000140069abb f   bass:BASS.dll
 0002:00043ac1       BASS_ChannelIsActive       0000000140069ac1 f   bass:BASS.dll
 0002:00043ac7       BASS_ChannelPlay           0000000140069ac7 f   bass:BASS.dll
 0002:00043acd       BASS_ChannelPause          0000000140069acd f   bass:BASS.dll
 0002:00043ad3       BASS_ChannelSetAttribute   0000000140069ad3 f   bass:BASS.dll
 0002:00043ad9       BASS_ChannelSetPosition    0000000140069ad9 f   bass:BASS.dll
 0002:00043adf       BASS_ChannelGetPosition    0000000140069adf f   bass:BASS.dll
 0002:00043ae5       ilBindImage                0000000140069ae5 f   DevIL:DevIL.dll
 0002:00043aeb       ilConvertImage             0000000140069aeb f   DevIL:DevIL.dll
 0002:00043af1       ilCopyPixels               0000000140069af1 f   DevIL:DevIL.dll
 0002:00043af7       ilDeleteImages             0000000140069af7 f   DevIL:DevIL.dll
 0002:00043afd       ilEnable                   0000000140069afd f   DevIL:DevIL.dll
 0002:00043b03       ilGenImages                0000000140069b03 f   DevIL:DevIL.dll
 0002:00043b09       ilGetError                 0000000140069b09 f   DevIL:DevIL.dll
 0002:00043b0f       ilGetInteger               0000000140069b0f f   DevIL:DevIL.dll
 0002:00043b15       ilInit                     0000000140069b15 f   DevIL:DevIL.dll
 0002:00043b1b       ilLoadImage                0000000140069b1b f   DevIL:DevIL.dll
 0002:00043b21       ilOriginFunc               0000000140069b21 f   DevIL:DevIL.dll
 0002:00043b27       SDL_GetError               0000000140069b27 f   SDL2:SDL2.dll
 0002:00043b2d       SDL_SetWindowTitle         0000000140069b2d f   SDL2:SDL2.dll
 0002:00043b33       SDL_DestroyWindow          0000000140069b33 f   SDL2:SDL2.dll
 0002:00043b39       SDL_SetHint                0000000140069b39 f   SDL2:SDL2.dll
 0002:00043b3f       SDL_CreateWindowAndRenderer 0000000140069b3f f   SDL2:SDL2.dll
 0002:00043b45       SDL_CreateTexture          0000000140069b45 f   SDL2:SDL2.dll
 0002:00043b4b       SDL_UpdateTexture          0000000140069b4b f   SDL2:SDL2.dll
 0002:00043b51       SDL_RenderSetLogicalSize   0000000140069b51 f   SDL2:SDL2.dll
 0002:00043b57       SDL_RenderClear            0000000140069b57 f   SDL2:SDL2.dll
 0002:00043b5d       SDL_RenderCopy             0000000140069b5d f   SDL2:SDL2.dll
 0002:00043b63       SDL_RenderPresent          0000000140069b63 f   SDL2:SDL2.dll
 0002:00043b69       SDL_DestroyTexture         0000000140069b69 f   SDL2:SDL2.dll
 0002:00043b6f       SDL_DestroyRenderer        0000000140069b6f f   SDL2:SDL2.dll
 0002:00043b75       SDL_NumJoysticks           0000000140069b75 f   SDL2:SDL2.dll
 0002:00043b7b       SDL_IsGameController       0000000140069b7b f   SDL2:SDL2.dll
 0002:00043b81       SDL_GameControllerOpen     0000000140069b81 f   SDL2:SDL2.dll
 0002:00043b87       SDL_GameControllerGetAttached 0000000140069b87 f   SDL2:SDL2.dll
 0002:00043b8d       SDL_GameControllerUpdate   0000000140069b8d f   SDL2:SDL2.dll
 0002:00043b93       SDL_GameControllerGetAxis  0000000140069b93 f   SDL2:SDL2.dll
 0002:00043b99       SDL_GameControllerGetButton 0000000140069b99 f   SDL2:SDL2.dll
 0002:00043b9f       SDL_GameControllerClose    0000000140069b9f f   SDL2:SDL2.dll
 0002:00043ba5       SDL_HasSSE41               0000000140069ba5 f   SDL2:SDL2.dll
 0002:00043bab       SDL_HasNEON                0000000140069bab f   SDL2:SDL2.dll
 0002:00043bb1       SDL_ShowCursor             0000000140069bb1 f   SDL2:SDL2.dll
 0002:00043bb7       SDL_PollEvent              0000000140069bb7 f   SDL2:SDL2.dll
 0002:00043bbd       SDL_ShowSimpleMessageBox   0000000140069bbd f   SDL2:SDL2.dll
 0002:00043bc3       SDL_GetPerformanceCounter  0000000140069bc3 f   SDL2:SDL2.dll
 0002:00043bc9       SDL_GetPerformanceFrequency 0000000140069bc9 f   SDL2:SDL2.dll
 0002:00043bcf       SDL_Init                   0000000140069bcf f   SDL2:SDL2.dll
 0002:00043bd5       SDL_Quit                   0000000140069bd5 f   SDL2:SDL2.dll
 0002:00043be0       _RTC_AllocaHelper          0000000140069be0 f   MSVCRTD:stack.obj
 0002:00043c30       _RTC_CheckStackVars        0000000140069c30 f   MSVCRTD:stack.obj
 0002:00043ce0       _RTC_CheckStackVars2       0000000140069ce0 f   MSVCRTD:stack.obj
 0002:00043e30       _CRT_RTC_INIT              0000000140069e30 f   MSVCRTD:init.obj
 0002:00043e40       _CRT_RTC_INITW             0000000140069e40 f   MSVCRTD:init.obj
 0002:00043e50       _RTC_InitBase              0000000140069e50 f   MSVCRTD:init.obj
 0002:00043ea0       _RTC_Shutdown              0000000140069ea0 f   MSVCRTD:init.obj
 0002:00043ed0       __CheckForDebuggerJustMyCode 0000000140069ed0 f   MSVCRTD:debugger_jmc.obj
 0002:00043f20       ??2@YAPEAX_K@Z             0000000140069f20 f   MSVCRTD:new_scalar.obj
 0002:00043f90       ??3@YAXPEAX@Z              0000000140069f90 f   MSVCRTD:delete_scalar.obj
 0002:00043fc0       ??3@YAXPEAX_K@Z            0000000140069fc0 f   MSVCRTD:delete_scalar_size.obj
 0002:00043ff0       ??1type_info@@UEAA@XZ      0000000140069ff0 f   MSVCRTD:std_type_info_static.obj
 0002:00044010       ??_Gtype_info@@UEAAPEAXI@Z 000000014006a010 f i MSVCRTD:std_type_info_static.obj
 0002:00044010       ??_Etype_info@@UEAAPEAXI@Z 000000014006a010 f i MSVCRTD:std_type_info_static.obj
 0002:00044070       __chkstk                   000000014006a070 f   MSVCRTD:chkstk.obj
 0002:00044070       _alloca_probe              000000014006a070 f   MSVCRTD:chkstk.obj
 0002:000440e0       ?configure_argv@__scrt_narrow_argv_policy@@SAHXZ 000000014006a0e0 f i MSVCRTD:utility.obj
 0002:00044200       ?initialize_environment@__scrt_narrow_environment_policy@@SAHXZ 000000014006a200 f i MSVCRTD:utility.obj
 0002:000442d0       NtCurrentTeb               000000014006a2d0 f i MSVCRTD:utility.obj
 0002:000442e0       __scrt_acquire_startup_lock 000000014006a2e0 f   MSVCRTD:utility.obj
 0002:00044360       __scrt_dllmain_after_initialize_c 000000014006a360 f   MSVCRTD:utility.obj
 0002:000443a0       __scrt_dllmain_before_initialize_c 000000014006a3a0 f   MSVCRTD:utility.obj
 0002:000443d0       __scrt_dllmain_crt_thread_attach 000000014006a3d0 f   MSVCRTD:utility.obj
 0002:00044410       __scrt_dllmain_crt_thread_detach 000000014006a410 f   MSVCRTD:utility.obj
 0002:00044430       __scrt_dllmain_exception_filter 000000014006a430 f   MSVCRTD:utility.obj
 0002:000444b0       __scrt_dllmain_uninitialize_c 000000014006a4b0 f   MSVCRTD:utility.obj
 0002:000444f0       __scrt_dllmain_uninitialize_critical 000000014006a4f0 f   MSVCRTD:utility.obj
 0002:00044510       __scrt_initialize_crt      000000014006a510 f   MSVCRTD:utility.obj
 0002:00044570       __scrt_initialize_onexit_tables 000000014006a570 f   MSVCRTD:utility.obj
 0002:000446c0       __scrt_is_nonwritable_in_current_image 000000014006a6c0 f   MSVCRTD:utility.obj
 0002:00044770       __scrt_release_startup_lock 000000014006a770 f   MSVCRTD:utility.obj
 0002:000447b0       __scrt_uninitialize_crt    000000014006a7b0 f   MSVCRTD:utility.obj
 0002:00044800       _onexit                    000000014006a800 f   MSVCRTD:utility.obj
 0002:000448a0       at_quick_exit              000000014006a8a0 f   MSVCRTD:utility.obj
 0002:00044900       atexit                     000000014006a900 f   MSVCRTD:utility.obj
 0002:00044ce0       ?set_app_type@__scrt_winmain_policy@@SAXXZ 000000014006ace0 f i MSVCRTD:exe_winmain.obj
 0002:00044d00       ?set_commode@__scrt_file_policy@@SAXXZ 000000014006ad00 f i MSVCRTD:exe_winmain.obj
 0002:00044d30       ?set_fmode@__scrt_file_policy@@SAXXZ 000000014006ad30 f i MSVCRTD:exe_winmain.obj
 0002:00044d50       WinMainCRTStartup          000000014006ad50 f   MSVCRTD:exe_winmain.obj
 0002:00044e20       ?_RTC_AllocaFailure@@YAXPEAXPEAU_RTC_ALLOCA_NODE@@H@Z 000000014006ae20 f   MSVCRTD:error.obj
 0002:00044fd0       ?_RTC_Failure@@YAXPEAXH@Z  000000014006afd0 f   MSVCRTD:error.obj
 0002:00045040       ?_RTC_StackFailure@@YAXPEAXPEBD@Z 000000014006b040 f   MSVCRTD:error.obj
 0002:00045580       _RTC_UninitUse             000000014006b580 f   MSVCRTD:error.obj
 0002:00045680       _vsprintf_s_l              000000014006b680 f i MSVCRTD:error.obj
 0002:00045700       sprintf_s                  000000014006b700 f i MSVCRTD:error.obj
 0002:00045730       ?_RTC_GetErrorFunc@@YAP6AHHPEBDH00ZZPEBX@Z 000000014006b730 f   MSVCRTD:userapi.obj
 0002:00045740       ?_RTC_GetErrorFuncW@@YAP6AHHPEB_WH00ZZPEBX@Z 000000014006b740 f   MSVCRTD:userapi.obj
 0002:00045750       _RTC_GetErrDesc            000000014006b750 f   MSVCRTD:userapi.obj
 0002:00045770       _RTC_NumErrors             000000014006b770 f   MSVCRTD:userapi.obj
 0002:00045780       _RTC_SetErrorFunc          000000014006b780 f   MSVCRTD:userapi.obj
[...]
 0007:0000063e       __DB7FEBA6_corecrt_wio@h   00000001400a963e     tests.obj
 0007:0000063f       __369A9BC3_corecrt_wtime@h 00000001400a963f     tests.obj
 0007:00000640       __9901C817_stat@h          00000001400a9640     tests.obj
 0007:00000641       __3FCAD62E_wchar@h         00000001400a9641     tests.obj
 0007:00000642       __824400A4_xtr1common      00000001400a9642     tests.obj
 0007:00000643       __C42C34D3_cstddef         00000001400a9643     tests.obj
 0007:00000644       __6E5ACABA_stdlib@h        00000001400a9644     tests.obj
 0007:00000645       __61E7EE7E_cstdlib         00000001400a9645     tests.obj
 0007:00000646       __0DA77A2F_limits          00000001400a9646     tests.obj
 0007:00000647       __025FCB46_type_traits     00000001400a9647     tests.obj
 0007:00000648       __9922F748_vcruntime_exception@h 00000001400a9648     tests.obj
 0007:00000649       __F202CFCE_exception       00000001400a9649     tests.obj
 0007:0000064a       __98F2D4CF_compare         00000001400a964a     tests.obj
 0007:0000064b       __380C1B6C_xutility        00000001400a964b     tests.obj
 0007:0000064c       __8376C109_tuple           00000001400a964c     tests.obj
 0007:0000064d       __3C7F0836_xmemory         00000001400a964d     tests.obj
 0007:0000064e       __650BABBB_xpolymorphic_allocator@h 00000001400a964e     tests.obj
 0007:0000064f       __48AC8EAA_xstring         00000001400a964f     tests.obj
 0007:00000650       __1EC467ED_ctype@h         00000001400a9650     tests.obj
 0007:00000651       __C5DAF03D_string          00000001400a9651     tests.obj
 0007:00000652       __3FA95DB0_vcruntime_typeinfo@h 00000001400a9652     tests.obj
 0007:00000653       __48D3E875_typeinfo        00000001400a9653     tests.obj
 0007:00000654       __0A9237D2_time@h          00000001400a9654     tests.obj
 0007:00000655       __1804055E_xthreads@h      00000001400a9655     tests.obj
 0007:00000656       __669226ED_atomic          00000001400a9656     tests.obj
 0007:00000657       __B10976A1_memory          00000001400a9657     tests.obj
 0007:00000658       __18CE8D1A_algorithm       00000001400a9658     tests.obj
 0007:00000659       __49E641E6_ratio           00000001400a9659     tests.obj
 0007:0000065a       __0AC62DD5___msvc_chrono@hpp 00000001400a965a     tests.obj
 0007:0000065b       __4F859C92_stop_token      00000001400a965b     tests.obj
 0007:0000065c       __6A440E17_thread          00000001400a965c     tests.obj
 0007:0000065d       __2555D848_cmath           00000001400a965d     tests.obj
 0007:0000065e       __04C2951F_Vector2@h       00000001400a965e     tests.obj
 0007:0000065f       __0500FF28_Vector3@h       00000001400a965f     tests.obj
 0007:00000660       __004FE9AD_Vector4@h       00000001400a9660     tests.obj
 0007:00000661       __2712AA3B_Quaternion@h    00000001400a9661     tests.obj
 0007:00000662       __57796A54_Matrix44@h      00000001400a9662     tests.obj
 0007:00000663       __0C139D0A_Math@h          00000001400a9663     tests.obj
 0007:00000664       __9B3FCC1C_bit-tricks@h    00000001400a9664     tests.obj
 0007:00000665       __6C4C598F_alloc-aligned@h 00000001400a9665     tests.obj
 0007:00000666       __0EE86B70_sincos-lut@h    00000001400a9666     tests.obj
 0007:00000667       __A7AC688E_q3-rsqrt@h      00000001400a9667     tests.obj
 0007:00000668       __F1C58939_fast-cosine@h   00000001400a9668     tests.obj
 0007:00000669       __89E0A16F_synth-math-easings@h 00000001400a9669     tests.obj
 0007:0000066a       __67F6A199_util@h          00000001400a966a     tests.obj
 0007:0000066b       __D1164E31_tests@cpp       00000001400a966b     tests.obj
 0007:0000066c       __56EA6BF5_utility         00000001400a966c     tests.obj
 0007:0000066d       __A1F5FCE7_xstddef         00000001400a966d     tests.obj
 0007:0000066e       __F80E4318_xatomic@h       00000001400a966e     tests.obj
 0007:0000067b       __FA77ED4C_malloc@h        00000001400a967b     torus-twister.obj
 0007:0000067c       __BB16330F_corecrt_math@h  00000001400a967c     torus-twister.obj
 0007:0000067d       __37A25909_vcruntime_new@h 00000001400a967d     torus-twister.obj
 0007:0000067e       __44420885_corecrt_stdio_config@h 00000001400a967e     torus-twister.obj
 0007:0000067f       __AB601D8D_corecrt_wstdio@h 00000001400a967f     torus-twister.obj
 0007:00000680       __C1EC35D3_stdio@h         00000001400a9680     torus-twister.obj
 0007:00000681       __E4C945B4_corecrt_memcpy_s@h 00000001400a9681     torus-twister.obj
 0007:00000682       __8EAFF484_corecrt_memory@h 00000001400a9682     torus-twister.obj
 0007:00000683       __6490AEC5_corecrt_wstring@h 00000001400a9683     torus-twister.obj
 0007:00000684       __E8295E1E_string@h        00000001400a9684     torus-twister.obj
 0007:00000685       __EF1F6BBA_corecrt_wconio@h 00000001400a9685     torus-twister.obj
 0007:00000686       __DB7FEBA6_corecrt_wio@h   00000001400a9686     torus-twister.obj
 0007:00000687       __369A9BC3_corecrt_wtime@h 00000001400a9687     torus-twister.obj
 0007:00000688       __9901C817_stat@h          00000001400a9688     torus-twister.obj
 0007:00000689       __3FCAD62E_wchar@h         00000001400a9689     torus-twister.obj
 0007:0000068a       __824400A4_xtr1common      00000001400a968a     torus-twister.obj
 0007:0000068b       __C42C34D3_cstddef         00000001400a968b     torus-twister.obj
 0007:0000068c       __6E5ACABA_stdlib@h        00000001400a968c     torus-twister.obj
 0007:0000068d       __61E7EE7E_cstdlib         00000001400a968d     torus-twister.obj
 0007:0000068e       __0DA77A2F_limits          00000001400a968e     torus-twister.obj
 0007:0000068f       __025FCB46_type_traits     00000001400a968f     torus-twister.obj
 0007:00000690       __9922F748_vcruntime_exception@h 00000001400a9690     torus-twister.obj
 0007:00000691       __F202CFCE_exception       00000001400a9691     torus-twister.obj
 0007:00000692       __98F2D4CF_compare         00000001400a9692     torus-twister.obj
 0007:00000693       __380C1B6C_xutility        00000001400a9693     torus-twister.obj
 0007:00000694       __8376C109_tuple           00000001400a9694     torus-twister.obj
 0007:00000695       __3C7F0836_xmemory         00000001400a9695     torus-twister.obj
 0007:00000696       __650BABBB_xpolymorphic_allocator@h 00000001400a9696     torus-twister.obj
 0007:00000697       __48AC8EAA_xstring         00000001400a9697     torus-twister.obj
 0007:00000698       __1EC467ED_ctype@h         00000001400a9698     torus-twister.obj
 0007:00000699       __C5DAF03D_string          00000001400a9699     torus-twister.obj
 0007:0000069a       __3FA95DB0_vcruntime_typeinfo@h 00000001400a969a     torus-twister.obj
 0007:0000069b       __48D3E875_typeinfo        00000001400a969b     torus-twister.obj
 0007:0000069c       __0A9237D2_time@h          00000001400a969c     torus-twister.obj
 0007:0000069d       __1804055E_xthreads@h      00000001400a969d     torus-twister.obj
 0007:0000069e       __669226ED_atomic          00000001400a969e     torus-twister.obj
 0007:0000069f       __B10976A1_memory          00000001400a969f     torus-twister.obj
 0007:000006a0       __18CE8D1A_algorithm       00000001400a96a0     torus-twister.obj
 0007:000006a1       __49E641E6_ratio           00000001400a96a1     torus-twister.obj
 0007:000006a2       __0AC62DD5___msvc_chrono@hpp 00000001400a96a2     torus-twister.obj
 0007:000006a3       __4F859C92_stop_token      00000001400a96a3     torus-twister.obj
 0007:000006a4       __6A440E17_thread          00000001400a96a4     torus-twister.obj
 0007:000006a5       __2555D848_cmath           00000001400a96a5     torus-twister.obj
 0007:000006a6       __04C2951F_Vector2@h       00000001400a96a6     torus-twister.obj
 0007:000006a7       __0500FF28_Vector3@h       00000001400a96a7     torus-twister.obj
 0007:000006a8       __004FE9AD_Vector4@h       00000001400a96a8     torus-twister.obj
 0007:000006a9       __2712AA3B_Quaternion@h    00000001400a96a9     torus-twister.obj
 0007:000006aa       __57796A54_Matrix44@h      00000001400a96aa     torus-twister.obj
 0007:000006ab       __0C139D0A_Math@h          00000001400a96ab     torus-twister.obj
 0007:000006ac       __9B3FCC1C_bit-tricks@h    00000001400a96ac     torus-twister.obj
 0007:000006ad       __6C4C598F_alloc-aligned@h 00000001400a96ad     torus-twister.obj
 0007:000006ae       __0EE86B70_sincos-lut@h    00000001400a96ae     torus-twister.obj
 0007:000006af       __A7AC688E_q3-rsqrt@h      00000001400a96af     torus-twister.obj
 0007:000006b0       __F1C58939_fast-cosine@h   00000001400a96b0     torus-twister.obj
 0007:000006b1       __89E0A16F_synth-math-easings@h 00000001400a96b1     torus-twister.obj
 0007:000006b2       __67F6A199_util@h          00000001400a96b2     torus-twister.obj
 0007:000006b3       __9AF5E50A_cspan@h         00000001400a96b3     torus-twister.obj
 0007:000006b4       __60AE370E_bilinear@h      00000001400a96b4     torus-twister.obj
 0007:000006b5       __9C887545_boxblur@h       00000001400a96b5     torus-twister.obj
 0007:000006b6       __6CB29EEE_rocket@h        00000001400a96b6     torus-twister.obj
 0007:000006b7       __6A776C42_torus-twister@cpp 00000001400a96b7     torus-twister.obj
 0007:000006b8       __56EA6BF5_utility         00000001400a96b8     torus-twister.obj
 0007:000006b9       __A1F5FCE7_xstddef         00000001400a96b9     torus-twister.obj
 0007:000006ba       __F80E4318_xatomic@h       00000001400a96ba     torus-twister.obj
 0007:000006c7       __FA77ED4C_malloc@h        00000001400a96c7     tunnelscape.obj
 0007:000006c8       __BB16330F_corecrt_math@h  00000001400a96c8     tunnelscape.obj
 0007:000006c9       __37A25909_vcruntime_new@h 00000001400a96c9     tunnelscape.obj
 0007:000006ca       __44420885_corecrt_stdio_config@h 00000001400a96ca     tunnelscape.obj
 0007:000006cb       __AB601D8D_corecrt_wstdio@h 00000001400a96cb     tunnelscape.obj
 0007:000006cc       __C1EC35D3_stdio@h         00000001400a96cc     tunnelscape.obj
 0007:000006cd       __E4C945B4_corecrt_memcpy_s@h 00000001400a96cd     tunnelscape.obj
 0007:000006ce       __8EAFF484_corecrt_memory@h 00000001400a96ce     tunnelscape.obj
 0007:000006cf       __6490AEC5_corecrt_wstring@h 00000001400a96cf     tunnelscape.obj
 0007:000006d0       __E8295E1E_string@h        00000001400a96d0     tunnelscape.obj
 0007:000006d1       __EF1F6BBA_corecrt_wconio@h 00000001400a96d1     tunnelscape.obj
 0007:000006d2       __DB7FEBA6_corecrt_wio@h   00000001400a96d2     tunnelscape.obj
 0007:000006d3       __369A9BC3_corecrt_wtime@h 00000001400a96d3     tunnelscape.obj
 0007:000006d4       __9901C817_stat@h          00000001400a96d4     tunnelscape.obj
 0007:000006d5       __3FCAD62E_wchar@h         00000001400a96d5     tunnelscape.obj
 0007:000006d6       __824400A4_xtr1common      00000001400a96d6     tunnelscape.obj
 0007:000006d7       __C42C34D3_cstddef         00000001400a96d7     tunnelscape.obj
 0007:000006d8       __6E5ACABA_stdlib@h        00000001400a96d8     tunnelscape.obj
 0007:000006d9       __61E7EE7E_cstdlib         00000001400a96d9     tunnelscape.obj
 0007:000006da       __0DA77A2F_limits          00000001400a96da     tunnelscape.obj
 0007:000006db       __025FCB46_type_traits     00000001400a96db     tunnelscape.obj
 0007:000006dc       __9922F748_vcruntime_exception@h 00000001400a96dc     tunnelscape.obj
 0007:000006dd       __F202CFCE_exception       00000001400a96dd     tunnelscape.obj
 0007:000006de       __98F2D4CF_compare         00000001400a96de     tunnelscape.obj
 0007:000006df       __380C1B6C_xutility        00000001400a96df     tunnelscape.obj
 0007:000006e0       __8376C109_tuple           00000001400a96e0     tunnelscape.obj
 0007:000006e1       __3C7F0836_xmemory         00000001400a96e1     tunnelscape.obj
 0007:000006e2       __650BABBB_xpolymorphic_allocator@h 00000001400a96e2     tunnelscape.obj
 0007:000006e3       __48AC8EAA_xstring         00000001400a96e3     tunnelscape.obj
 0007:000006e4       __1EC467ED_ctype@h         00000001400a96e4     tunnelscape.obj
 0007:000006e5       __C5DAF03D_string          00000001400a96e5     tunnelscape.obj
 0007:000006e6       __3FA95DB0_vcruntime_typeinfo@h 00000001400a96e6     tunnelscape.obj
 0007:000006e7       __48D3E875_typeinfo        00000001400a96e7     tunnelscape.obj
 0007:000006e8       __0A9237D2_time@h          00000001400a96e8     tunnelscape.obj
 0007:000006e9       __1804055E_xthreads@h      00000001400a96e9     tunnelscape.obj
 0007:000006ea       __669226ED_atomic          00000001400a96ea     tunnelscape.obj
 0007:000006eb       __B10976A1_memory          00000001400a96eb     tunnelscape.obj
 0007:000006ec       __18CE8D1A_algorithm       00000001400a96ec     tunnelscape.obj
 0007:000006ed       __49E641E6_ratio           00000001400a96ed     tunnelscape.obj
 0007:000006ee       __0AC62DD5___msvc_chrono@hpp 00000001400a96ee     tunnelscape.obj
 0007:000006ef       __4F859C92_stop_token      00000001400a96ef     tunnelscape.obj
 0007:000006f0       __6A440E17_thread          00000001400a96f0     tunnelscape.obj
 0007:000006f1       __2555D848_cmath           00000001400a96f1     tunnelscape.obj
 0007:000006f2       __04C2951F_Vector2@h       00000001400a96f2     tunnelscape.obj
 0007:000006f3       __0500FF28_Vector3@h       00000001400a96f3     tunnelscape.obj
 0007:000006f4       __004FE9AD_Vector4@h       00000001400a96f4     tunnelscape.obj
 0007:000006f5       __2712AA3B_Quaternion@h    00000001400a96f5     tunnelscape.obj
 0007:000006f6       __57796A54_Matrix44@h      00000001400a96f6     tunnelscape.obj
 0007:000006f7       __0C139D0A_Math@h          00000001400a96f7     tunnelscape.obj
 0007:000006f8       __9B3FCC1C_bit-tricks@h    00000001400a96f8     tunnelscape.obj
 0007:000006f9       __6C4C598F_alloc-aligned@h 00000001400a96f9     tunnelscape.obj
 0007:000006fa       __0EE86B70_sincos-lut@h    00000001400a96fa     tunnelscape.obj
 0007:000006fb       __A7AC688E_q3-rsqrt@h      00000001400a96fb     tunnelscape.obj
 0007:000006fc       __F1C58939_fast-cosine@h   00000001400a96fc     tunnelscape.obj
 0007:000006fd       __89E0A16F_synth-math-easings@h 00000001400a96fd     tunnelscape.obj
 0007:000006fe       __67F6A199_util@h          00000001400a96fe     tunnelscape.obj
 0007:000006ff       __9AF5E50A_cspan@h         00000001400a96ff     tunnelscape.obj
 0007:00000700       __60AE370E_bilinear@h      00000001400a9700     tunnelscape.obj
 0007:00000701       __9C887545_boxblur@h       00000001400a9701     tunnelscape.obj
 0007:00000702       __25AB6B12_voxel-shared@h  00000001400a9702     tunnelscape.obj
 0007:00000703       __6CB29EEE_rocket@h        00000001400a9703     tunnelscape.obj
 0007:00000704       __CE8DF0A5_tunnelscape@cpp 00000001400a9704     tunnelscape.obj
 0007:00000705       __56EA6BF5_utility         00000001400a9705     tunnelscape.obj
 0007:00000706       __A1F5FCE7_xstddef         00000001400a9706     tunnelscape.obj
 0007:00000707       __F80E4318_xatomic@h       00000001400a9707     tunnelscape.obj
 0007:00000715       __FA77ED4C_malloc@h        00000001400a9715     util.obj
 0007:00000716       __BB16330F_corecrt_math@h  00000001400a9716     util.obj
 0007:00000717       __37A25909_vcruntime_new@h 00000001400a9717     util.obj
 0007:00000718       __44420885_corecrt_stdio_config@h 00000001400a9718     util.obj
 0007:00000719       __AB601D8D_corecrt_wstdio@h 00000001400a9719     util.obj
 0007:0000071a       __C1EC35D3_stdio@h         00000001400a971a     util.obj
 0007:0000071b       __E4C945B4_corecrt_memcpy_s@h 00000001400a971b     util.obj
 0007:0000071c       __8EAFF484_corecrt_memory@h 00000001400a971c     util.obj
 0007:0000071d       __6490AEC5_corecrt_wstring@h 00000001400a971d     util.obj
 0007:0000071e       __E8295E1E_string@h        00000001400a971e     util.obj
 0007:0000071f       __EF1F6BBA_corecrt_wconio@h 00000001400a971f     util.obj
 0007:00000720       __DB7FEBA6_corecrt_wio@h   00000001400a9720     util.obj
 0007:00000721       __369A9BC3_corecrt_wtime@h 00000001400a9721     util.obj
 0007:00000722       __9901C817_stat@h          00000001400a9722     util.obj
 0007:00000723       __3FCAD62E_wchar@h         00000001400a9723     util.obj
 0007:00000724       __824400A4_xtr1common      00000001400a9724     util.obj
 0007:00000725       __C42C34D3_cstddef         00000001400a9725     util.obj
 0007:00000726       __6E5ACABA_stdlib@h        00000001400a9726     util.obj
 0007:00000727       __61E7EE7E_cstdlib         00000001400a9727     util.obj
 0007:00000728       __0DA77A2F_limits          00000001400a9728     util.obj
 0007:00000729       __025FCB46_type_traits     00000001400a9729     util.obj
 0007:0000072a       __9922F748_vcruntime_exception@h 00000001400a972a     util.obj
 0007:0000072b       __F202CFCE_exception       00000001400a972b     util.obj
 0007:0000072c       __98F2D4CF_compare         00000001400a972c     util.obj
 0007:0000072d       __380C1B6C_xutility        00000001400a972d     util.obj
 0007:0000072e       __8376C109_tuple           00000001400a972e     util.obj
 0007:0000072f       __3C7F0836_xmemory         00000001400a972f     util.obj
 0007:00000730       __650BABBB_xpolymorphic_allocator@h 00000001400a9730     util.obj
 0007:00000731       __48AC8EAA_xstring         00000001400a9731     util.obj
 0007:00000732       __1EC467ED_ctype@h         00000001400a9732     util.obj
 0007:00000733       __C5DAF03D_string          00000001400a9733     util.obj
 0007:00000734       __3FA95DB0_vcruntime_typeinfo@h 00000001400a9734     util.obj
 0007:00000735       __48D3E875_typeinfo        00000001400a9735     util.obj
 0007:00000736       __0A9237D2_time@h          00000001400a9736     util.obj
 0007:00000737       __1804055E_xthreads@h      00000001400a9737     util.obj
 0007:00000738       __669226ED_atomic          00000001400a9738     util.obj
 0007:00000739       __B10976A1_memory          00000001400a9739     util.obj
 0007:0000073a       __18CE8D1A_algorithm       00000001400a973a     util.obj
 0007:0000073b       __49E641E6_ratio           00000001400a973b     util.obj
 0007:0000073c       __0AC62DD5___msvc_chrono@hpp 00000001400a973c     util.obj
 0007:0000073d       __4F859C92_stop_token      00000001400a973d     util.obj
 0007:0000073e       __6A440E17_thread          00000001400a973e     util.obj
 0007:0000073f       __2555D848_cmath           00000001400a973f     util.obj
 0007:00000740       __04C2951F_Vector2@h       00000001400a9740     util.obj
 0007:00000741       __0500FF28_Vector3@h       00000001400a9741     util.obj
 0007:00000742       __004FE9AD_Vector4@h       00000001400a9742     util.obj
 0007:00000743       __2712AA3B_Quaternion@h    00000001400a9743     util.obj
 0007:00000744       __57796A54_Matrix44@h      00000001400a9744     util.obj
 0007:00000745       __0C139D0A_Math@h          00000001400a9745     util.obj
 0007:00000746       __9B3FCC1C_bit-tricks@h    00000001400a9746     util.obj
 0007:00000747       __6C4C598F_alloc-aligned@h 00000001400a9747     util.obj
 0007:00000748       __0EE86B70_sincos-lut@h    00000001400a9748     util.obj
 0007:00000749       __A7AC688E_q3-rsqrt@h      00000001400a9749     util.obj
 0007:0000074a       __F1C58939_fast-cosine@h   00000001400a974a     util.obj
 0007:0000074b       __89E0A16F_synth-math-easings@h 00000001400a974b     util.obj
 0007:0000074c       __67F6A199_util@h          00000001400a974c     util.obj
 0007:0000074d       __60AE370E_bilinear@h      00000001400a974d     util.obj
 0007:0000074e       __56EA6BF5_utility         00000001400a974e     util.obj
 0007:0000074f       __723D22F0_util@cpp        00000001400a974f     util.obj
 0007:00000750       __A1F5FCE7_xstddef         00000001400a9750     util.obj
 0007:00000751       __F80E4318_xatomic@h       00000001400a9751     util.obj
 0009:00000170       $R000000                   00000001400ab170     * linker generated manifest res *
