 VS17

 Timestamp is 641fce03 (Sun Mar 26 06:45:55 2023)

 Preferred load address is 0000000140000000

 Start         Length     Name                   Class
 0001:00000000 00000020H .text$di                CODE
 0001:00000020 00038520H .text$mn                CODE
 0001:00038540 00000040H .text$mn$00             CODE
 0001:00038580 000006d0H .text$x                 CODE
 0001:00038c50 000000d9H .text$yd                CODE
 0002:00000000 00000538H .idata$5                DATA
 0002:00000538 00000028H .00cfg                  DATA
 0002:00000560 00000008H .CRT$XCA                DATA
 0002:00000568 00000008H .CRT$XCAA               DATA
 0002:00000570 00000010H .CRT$XCU                DATA
 0002:00000580 00000008H .CRT$XCZ                DATA
 0002:00000588 00000008H .CRT$XIA                DATA
 0002:00000590 00000008H .CRT$XIAA               DATA
 0002:00000598 00000008H .CRT$XIAC               DATA
 0002:000005a0 00000028H .CRT$XIC                DATA
 0002:000005c8 00000008H .CRT$XIZ                DATA
 0002:000005d0 00000008H .CRT$XPA                DATA
 0002:000005d8 00000010H .CRT$XPX                DATA
 0002:000005e8 00000008H .CRT$XPXA               DATA
 0002:000005f0 00000008H .CRT$XPZ                DATA
 0002:000005f8 00000008H .CRT$XTA                DATA
 0002:00000600 00000010H .CRT$XTZ                DATA
 0002:00000608 00000000H .gehcont$y              DATA
 0002:00000608 00000000H .gfids$y                DATA
 0002:00000610 0000d2f0H .rdata                  DATA
 0002:0000d900 00000000H .rdata$CastGuardVftablesA DATA
 0002:0000d900 00000000H .rdata$CastGuardVftablesC DATA
 0002:0000d900 000006fcH .rdata$r                DATA
 0002:0000dffc 000002f4H .rdata$voltmd           DATA
 0002:0000e2f0 000003b0H .rdata$zzzdbg           DATA
 0002:0000e6a0 00000008H .rtc$IAA                DATA
 0002:0000e6a8 00000008H .rtc$IZZ                DATA
 0002:0000e6b0 00000008H .rtc$TAA                DATA
 0002:0000e6b8 00000008H .rtc$TZZ                DATA
 0002:0000e6c0 00002ea8H .xdata                  DATA
 0002:00011568 00000314H .xdata$x                DATA
 0002:0001187c 00000000H .edata                  DATA
 0002:0001187c 0000008cH .idata$2                DATA
 0002:00011908 00000018H .idata$3                DATA
 0002:00011920 00000538H .idata$4                DATA
 0002:00011e58 00000bd2H .idata$6                DATA
 0003:00000000 00000ca0H .data                   DATA
 0003:00000ca0 000001a8H .data$r                 DATA
 0003:00000e48 000000c8H .data$rs                DATA
 0003:00000f10 0000fc40H .bss                    DATA
 0004:00000000 000028bcH .pdata                  DATA
 0005:00000000 00013510H _RDATA                  DATA
 0006:00000000 00000060H .rsrc$01                DATA
 0006:00000060 00000180H .rsrc$02                DATA

  Address         Publics by Value              Rva+Base               Lib:Object

 0000:00000000       __x64_code_ranges_to_entry_points_count 0000000000000000     <absolute>
 0000:00000000       __guard_longjmp_table      0000000000000000     <absolute>
 0000:00000000       __guard_iat_table          0000000000000000     <absolute>
 0000:00000000       __x64_code_ranges_to_entry_points 0000000000000000     <absolute>
 0000:00000000       __guard_fids_count         0000000000000000     <absolute>
 0000:00000000       __guard_iat_count          0000000000000000     <absolute>
 0000:00000000       __guard_longjmp_count      0000000000000000     <absolute>
 0000:00000000       __arm64x_extra_rfe_table   0000000000000000     <absolute>
 0000:00000000       __dynamic_value_reloc_table 0000000000000000     <absolute>
 0000:00000000       __hybrid_auxiliary_iat     0000000000000000     <absolute>
 0000:00000000       __hybrid_auxiliary_iat_copy 0000000000000000     <absolute>
 0000:00000000       __hybrid_code_map          0000000000000000     <absolute>
 0000:00000000       __arm64x_extra_rfe_table_size 0000000000000000     <absolute>
 0000:00000000       __arm64x_redirection_metadata 0000000000000000     <absolute>
 0000:00000000       __AbsoluteZero             0000000000000000     <absolute>
 0000:00000000       __guard_check_icall_a64n_fptr 0000000000000000     <absolute>
 0000:00000000       __guard_fids_table         0000000000000000     <absolute>
 0000:00000000       __guard_eh_cont_count      0000000000000000     <absolute>
 0000:00000000       __arm64x_redirection_metadata_count 0000000000000000     <absolute>
 0000:00000000       __enclave_config           0000000000000000     <absolute>
 0000:00000000       __guard_eh_cont_table      0000000000000000     <absolute>
 0000:00000000       __arm64x_native_entrypoint 0000000000000000     <absolute>
 0000:00000000       __hybrid_code_map_count    0000000000000000     <absolute>
 0000:00000100       __guard_flags              0000000000000100     <absolute>
 0000:00000000       __ImageBase                0000000140000000     <linker-defined>
 0001:00000020       __local_stdio_printf_options 0000000140001020 f i device.obj
 0001:00000030       fprintf                    0000000140001030 f i device.obj
 0001:00000080       snprintf                   0000000140001080 f i device.obj
 0001:000002d0       sync_save_tracks           00000001400012d0 f   device.obj
 0001:00000890       sync_tcp_connect           0000000140001890 f   device.obj
 0001:00000ad0       sync_update                0000000140001ad0 f   device.obj
 0001:00000d40       sync_get_track             0000000140001d40 f   device.obj
 0001:00000f40       sync_get_val               0000000140001f40 f   track.obj
 0001:00001140       ??0Vector3@@QEAA@MMM@Z     0000000140002140 f i Matrix44.obj
 0001:00001160       ??GVector3@@QEBA?BV0@AEBV0@@Z 0000000140002160 f i Matrix44.obj
 0001:000011a0       ??DVector3@@QEBA?BMAEBV0@@Z 00000001400021a0 f i Matrix44.obj
 0001:000011d0       ??DVector3@@QEBA?BV0@M@Z   00000001400021d0 f i Matrix44.obj
 0001:00001200       ??XVector3@@QEAAAEAV0@M@Z  0000000140002200 f i Matrix44.obj
 0001:00001230       ?Normalized@Vector3@@QEBA?BV1@XZ 0000000140002230 f i Matrix44.obj
 0001:000012a0       ??0Vector4@@QEAA@MMMM@Z    00000001400022a0 f i Matrix44.obj
 0001:000012c0       ??0exception@std@@QEAA@AEBV01@@Z 00000001400022c0 f i audio.obj
 0001:00001300       ?what@exception@std@@UEBAPEBDXZ 0000000140002300 f i audio.obj
 0001:00001320       ??_Gbad_alloc@std@@UEAAPEAXI@Z 0000000140002320 f i audio.obj
 0001:00001320       ??_Eruntime_error@std@@UEAAPEAXI@Z 0000000140002320 f i * CIL library *:* CIL module *
 0001:00001320       ??_Eexception@std@@UEAAPEAXI@Z 0000000140002320 f i * CIL library *:* CIL module *
 0001:00001320       ??_Glogic_error@std@@UEAAPEAXI@Z 0000000140002320 f i libcpmt:xthrow.obj
 0001:00001320       ??_Gbad_array_new_length@std@@UEAAPEAXI@Z 0000000140002320 f i audio.obj
 0001:00001320       ??_Glength_error@std@@UEAAPEAXI@Z 0000000140002320 f i libcpmt:xthrow.obj
 0001:00001320       ??_Gbad_exception@std@@UEAAPEAXI@Z 0000000140002320 f i libvcruntime:frame.obj
 0001:00001320       ??_Elength_error@std@@UEAAPEAXI@Z 0000000140002320 f i libcpmt:xthrow.obj
 0001:00001320       ??_Elogic_error@std@@UEAAPEAXI@Z 0000000140002320 f i libcpmt:xthrow.obj
 0001:00001320       ??_Ebad_array_new_length@std@@UEAAPEAXI@Z 0000000140002320 f i * CIL library *:* CIL module *
 0001:00001320       ??_Gexception@std@@UEAAPEAXI@Z 0000000140002320 f i audio.obj
 0001:00001320       ??_Gruntime_error@std@@UEAAPEAXI@Z 0000000140002320 f i main.obj
 0001:00001320       ??_Ebad_exception@std@@UEAAPEAXI@Z 0000000140002320 f i libvcruntime:frame.obj
 0001:00001320       ??_Ebad_alloc@std@@UEAAPEAXI@Z 0000000140002320 f i * CIL library *:* CIL module *
 0001:00001370       ??1bad_array_new_length@std@@UEAA@XZ 0000000140002370 f i audio.obj
 0001:00001370       ??1system_error@std@@UEAA@XZ 0000000140002370 f i main.obj
 0001:00001370       ??1bad_exception@std@@UEAA@XZ 0000000140002370 f i libvcruntime:frame.obj
 0001:00001370       ??1length_error@std@@UEAA@XZ 0000000140002370 f i libcpmt:xthrow.obj
 0001:00001370       ??1bad_alloc@std@@UEAA@XZ  0000000140002370 f i audio.obj
 0001:00001390       ??0bad_array_new_length@std@@QEAA@XZ 0000000140002390 f i audio.obj
 0001:000013c0       ?_Throw_bad_array_new_length@std@@YAXXZ 00000001400023c0 f i audio.obj
 0001:000013c0       ?__scrt_throw_std_bad_array_new_length@@YAXXZ 00000001400023c0 f i LIBCMT:throw_bad_alloc.obj
 0001:000013e0       ??0bad_array_new_length@std@@QEAA@AEBV01@@Z 00000001400023e0 f i audio.obj
 0001:00001420       ??0bad_alloc@std@@QEAA@AEBV01@@Z 0000000140002420 f i audio.obj
 0001:00001460       ?_Xlen_string@std@@YAXXZ   0000000140002460 f i audio.obj
 0001:00001480       ?Audio_Create@@YA_NIAEBV?$basic_string@DU?$char_traits@D@std@@V?$allocator@D@2@@std@@PEAUHWND__@@_N@Z 0000000140002480 f   audio.obj
 0001:000017d0       ?Audio_Rocket_Pause@@YAXPEAXH@Z 00000001400027d0 f   audio.obj
 0001:000017f0       ?Audio_Rocket_SetRow@@YAXPEAXH@Z 00000001400027f0 f   audio.obj
 0001:00001830       ?Audio_Rocket_IsPlaying@@YAHPEAX@Z 0000000140002830 f   audio.obj
 0001:00001840       ??1?$basic_string@DU?$char_traits@D@std@@V?$allocator@D@2@@std@@QEAA@XZ 0000000140002840 f i audio.obj
 0001:000018a0       ??0?$basic_string@DU?$char_traits@D@std@@V?$allocator@D@2@@std@@QEAA@QEBD@Z 00000001400028a0 f i audio.obj
 0001:000018e0       ?assign@?$basic_string@DU?$char_traits@D@std@@V?$allocator@D@2@@std@@QEAAAEAV12@QEBD_K@Z 00000001400028e0 f i audio.obj
 0001:00002940       ?Ball_Create@@YA_NXZ       0000000140003940 f   ball.obj
 0001:00003040       ?Ball_Draw@@YAXPEAIMM@Z    0000000140004040 f   ball.obj
 0001:000033b0       ?HorizontalBoxBlur32@@YAXPEAIPEBIIIM@Z 00000001400043b0 f   boxblur.obj
 0001:00003540       ?VerticalBoxBlur32@@YAXPEAIPEBIIIM@Z 0000000140004540 f   boxblur.obj
 0001:000036c0       ?Fx_Blit_2x2@@YAXPEAI0@Z   00000001400046c0 f   fx-blitter.obj
 0001:00003730       tinymt32_init              0000000140004730 f   random.obj
 0001:00003a10       ?Shadertoy_Create@@YA_NXZ  0000000140004a10 f   shadertoy.obj
 0001:00004cb0       ?Spikey_Draw@@YAXPEAIMM_N@Z 0000000140005cb0 f   shadertoy.obj
 0001:000053b0       ?RenderLaura_2x2@@YAXPEAIM@Z 00000001400063b0 f   shadertoy.obj
 0001:000055a0       ?Demo_Create@@YA_NXZ       00000001400065a0 f   demo.obj
 0001:00006da0       ?Demo_Draw@@YA_NPEAIMM@Z   0000000140007da0 f   demo.obj
 0001:00008240       ?Open@Display@@QEAA_NAEBV?$basic_string@DU?$char_traits@D@std@@V?$allocator@D@2@@std@@II_N@Z 0000000140009240 f   display.obj
 0001:00008530       ?Gamepad_Update@@YA_NAEAUPadState@@@Z 0000000140009530 f   gamepad.obj
 0001:00008a40       ?Image_Load32@@YAPEAIAEBV?$basic_string@DU?$char_traits@D@std@@V?$allocator@D@2@@std@@@Z 0000000140009a40 f   image.obj
 0001:00008a50       ?deallocate@?$allocator@PEAX@std@@QEAAXQEAPEAX_K@Z 0000000140009a50 f i image.obj
 0001:00008aa0       ??$_Emplace_reallocate@AEBQEAX@?$vector@PEAXV?$allocator@PEAX@std@@@std@@QEAAPEAPEAXQEAPEAXAEBQEAX@Z 0000000140009aa0 f i image.obj
 0001:00008c90       ?_Xlength@?$vector@PEAXV?$allocator@PEAX@std@@@std@@CAXXZ 0000000140009c90 f i image.obj
 0001:00009280       ?Landscape_Create@@YA_NXZ  000000014000a280 f   landscape.obj
 0001:000094e0       ??0runtime_error@std@@QEAA@AEBV01@@Z 000000014000a4e0 f i main.obj
 0001:00009520       ?default_error_condition@error_category@std@@UEBA?AVerror_condition@2@H@Z 000000014000a520 f i main.obj
 0001:00009530       ?equivalent@error_category@std@@UEBA_NHAEBVerror_condition@2@@Z 000000014000a530 f i main.obj
 0001:00009570       ?equivalent@error_category@std@@UEBA_NAEBVerror_code@2@H@Z 000000014000a570 f i main.obj
 0001:00009590       ?make_error_code@std@@YA?AVerror_code@1@W4errc@1@@Z 000000014000a590 f i main.obj
 0001:000095b0       ??0_System_error@std@@IEAA@Verror_code@1@AEBV?$basic_string@DU?$char_traits@D@std@@V?$allocator@D@2@@1@@Z 000000014000a5b0 f i main.obj
 0001:00009750       ??_G_System_error@std@@UEAAPEAXI@Z 000000014000a750 f i main.obj
 0001:00009750       ??_Esystem_error@std@@UEAAPEAXI@Z 000000014000a750 f i * CIL library *:* CIL module *
 0001:00009750       ??_Gsystem_error@std@@UEAAPEAXI@Z 000000014000a750 f i main.obj
 0001:00009750       ??_E_System_error@std@@UEAAPEAXI@Z 000000014000a750 f i * CIL library *:* CIL module *
 0001:000097a0       ??0system_error@std@@QEAA@Verror_code@1@@Z 000000014000a7a0 f i main.obj
 0001:00009850       ?_Throw_system_error@std@@YAXW4errc@1@@Z 000000014000a850 f i main.obj
 0001:00009890       ??0system_error@std@@QEAA@AEBV01@@Z 000000014000a890 f i main.obj
 0001:000098f0       ??0_System_error@std@@QEAA@AEBV01@@Z 000000014000a8f0 f i main.obj
 0001:00009940       ?name@_Generic_error_category@std@@UEBAPEBDXZ 000000014000a940 f i main.obj
 0001:00009950       ?message@_Generic_error_category@std@@UEBA?AV?$basic_string@DU?$char_traits@D@std@@V?$allocator@D@2@@2@H@Z 000000014000a950 f i main.obj
 0001:000099a0       ??_G_System_error_category@std@@UEAAPEAXI@Z 000000014000a9a0 f i main.obj
 0001:000099a0       ??_E_System_error_category@std@@UEAAPEAXI@Z 000000014000a9a0 f i * CIL library *:* CIL module *
 0001:000099a0       ??_G_Generic_error_category@std@@UEAAPEAXI@Z 000000014000a9a0 f i main.obj
 0001:000099a0       ??_E_Generic_error_category@std@@UEAAPEAXI@Z 000000014000a9a0 f i * CIL library *:* CIL module *
 0001:000099d0       ?name@_System_error_category@std@@UEBAPEBDXZ 000000014000a9d0 f i main.obj
 0001:000099e0       ?message@_System_error_category@std@@UEBA?AV?$basic_string@DU?$char_traits@D@std@@V?$allocator@D@2@@2@H@Z 000000014000a9e0 f i main.obj
 0001:00009a50       ?default_error_condition@_System_error_category@std@@UEBA?AVerror_condition@2@H@Z 000000014000aa50 f i main.obj
 0001:00009ab0       ?_Make_ec@filesystem@std@@YA?AVerror_code@2@W4__std_win_error@@@Z 000000014000aab0 f i main.obj
 0001:00009ad0       ?_Throw_system_error_from_std_win_error@filesystem@std@@YAXW4__std_win_error@@@Z 000000014000aad0 f i main.obj
 0001:00009b10       ??0path@filesystem@std@@QEAA@AEBV012@@Z 000000014000ab10 f i main.obj
 0001:00009c10       ??0filesystem_error@filesystem@std@@QEAA@AEBV?$basic_string@DU?$char_traits@D@std@@V?$allocator@D@2@@2@AEBVpath@12@Verror_code@2@@Z 000000014000ac10 f i main.obj
 0001:00009d30       ?what@filesystem_error@filesystem@std@@UEBAPEBDXZ 000000014000ad30 f i main.obj
 0001:00009d40       ?_Pretty_message@filesystem_error@filesystem@std@@CA?AV?$basic_string@DU?$char_traits@D@std@@V?$allocator@D@2@@3@V?$basic_string_view@DU?$char_traits@D@std@@@3@AEBVpath@23@1@Z 000000014000ad40 f i main.obj
 0001:00009f70       ??_Efilesystem_error@filesystem@std@@UEAAPEAXI@Z 000000014000af70 f i * CIL library *:* CIL module *
 0001:00009f70       ??_Gfilesystem_error@filesystem@std@@UEAAPEAXI@Z 000000014000af70 f i main.obj
 0001:0000a0c0       ??1filesystem_error@filesystem@std@@UEAA@XZ 000000014000b0c0 f i main.obj
 0001:0000a1e0       ??0filesystem_error@filesystem@std@@QEAA@AEBV012@@Z 000000014000b1e0 f i main.obj
 0001:0000a260       ?_Throw_fs_error@filesystem@std@@YAXPEBDW4__std_win_error@@AEBVpath@12@@Z 000000014000b260 f i main.obj
 0001:0000a2d0       WinMain                    000000014000b2d0 f   main.obj
 0001:0000acb0       ??0?$basic_string@DU?$char_traits@D@std@@V?$allocator@D@2@@std@@QEAA@AEBV01@@Z 000000014000bcb0 f i main.obj
 0001:0000ad90       ?append@?$basic_string@DU?$char_traits@D@std@@V?$allocator@D@2@@std@@QEAAAEAV12@QEBD_K@Z 000000014000bd90 f i main.obj
 0001:0000ae10       ??$_Convert_wide_to_narrow_replace_chars@U?$char_traits@D@std@@V?$allocator@D@2@@filesystem@std@@YA?AV?$basic_string@DU?$char_traits@D@std@@V?$allocator@D@2@@1@W4__std_code_page@@V?$basic_string_view@_WU?$char_traits@_W@std@@@1@AEBV?$allocator@D@1@@Z 000000014000be10 f i main.obj
 0001:0000af60       ??$_Reallocate_grow_by@V<lambda_1>@?1??reserve@?$basic_string@DU?$char_traits@D@std@@V?$allocator@D@2@@std@@QEAAX_K@Z@$$V@?$basic_string@DU?$char_traits@D@std@@V?$allocator@D@2@@std@@AEAAAEAV01@_KV<lambda_1>@?1??reserve@01@QEAAX0@Z@@Z 000000014000bf60 f i main.obj
 0001:0000b0b0       ??$_Reallocate_grow_by@V<lambda_1>@?1??append@?$basic_string@_WU?$char_traits@_W@std@@V?$allocator@_W@2@@std@@QEAAAEAV34@_K_W@Z@_K_W@?$basic_string@_WU?$char_traits@_W@std@@V?$allocator@_W@2@@std@@AEAAAEAV01@_KV<lambda_1>@?1??append@01@QEAAAEAV01@0_W@Z@_K_W@Z 000000014000c0b0 f i main.obj
 0001:0000b260       ??$_Reallocate_grow_by@V<lambda_1>@?1??push_back@?$basic_string@DU?$char_traits@D@std@@V?$allocator@D@2@@std@@QEAAXD@Z@D@?$basic_string@DU?$char_traits@D@std@@V?$allocator@D@2@@std@@AEAAAEAV01@_KV<lambda_1>@?1??push_back@01@QEAAXD@Z@D@Z 000000014000c260 f i main.obj
 0001:0000b3d0       ??$_Reallocate_grow_by@V<lambda_1>@?1??append@?$basic_string@DU?$char_traits@D@std@@V?$allocator@D@2@@std@@QEAAAEAV34@QEBD_K@Z@PEBD_K@?$basic_string@DU?$char_traits@D@std@@V?$allocator@D@2@@std@@AEAAAEAV01@_KV<lambda_1>@?1??append@01@QEAAAEAV01@QEBD0@Z@PEBD_K@Z 000000014000c3d0 f i main.obj
 0001:0000b550       ??$_Reallocate_grow_by@V<lambda_1>@?1??append@?$basic_string@DU?$char_traits@D@std@@V?$allocator@D@2@@std@@QEAAAEAV34@_KD@Z@_KD@?$basic_string@DU?$char_traits@D@std@@V?$allocator@D@2@@std@@AEAAAEAV01@_KV<lambda_1>@?1??append@01@QEAAAEAV01@0D@Z@_KD@Z 000000014000c550 f i main.obj
 0001:0000b980       ?Polar_Blit@@YAXPEAIPEBI_N@Z 000000014000c980 f   polar.obj
 0001:0000b9c0       ?Polar_BlitA@@YAXPEAIPEBI_N@Z 000000014000c9c0 f   polar.obj
 0001:0000b9f0       ?Shared_Create@@YA_NXZ     000000014000c9f0 f   shared-resources.obj
 0001:0000bfa0       ?Twister_Create@@YA_NXZ    000000014000cfa0 f   torus-twister.obj
 0001:0000c6c0       ?Tunnelscape_Create@@YA_NXZ 000000014000d6c0 f   tunnelscape.obj
 0001:0000c920       ?Mix32@@YAXPEAIPEBIIE@Z    000000014000d920 f   util.obj
 0001:0000c990       ?Add32@@YAXPEAIPEBII@Z     000000014000d990 f   util.obj
 0001:0000c9e0       ?MixOver32@@YAXPEAIPEBII@Z 000000014000d9e0 f   util.obj
 0001:0000ca20       ?Sub32@@YAXPEAIPEBII@Z     000000014000da20 f   util.obj
 0001:0000ca70       ?Excl32@@YAXPEAIPEBII@Z    000000014000da70 f   util.obj
 0001:0000cab0       ?SoftLight32@@YAXPEAIPEBII@Z 000000014000dab0 f   util.obj
 0001:0000caf0       ?SoftLight32A@@YAXPEAIPEBII@Z 000000014000daf0 f   util.obj
 0001:0000cb30       ?SoftLight32AA@@YAXPEAIPEBIIM@Z 000000014000db30 f   util.obj
 0001:0000cbb0       ?Overlay32@@YAXPEAIPEBII@Z 000000014000dbb0 f   util.obj
 0001:0000cbf0       ?Overlay32A@@YAXPEAIPEBII@Z 000000014000dbf0 f   util.obj
 0001:0000cc30       ?Darken32_50@@YAXPEAIPEBII@Z 000000014000dc30 f   util.obj
 0001:0000cc70       ?TapeWarp32@@YAXPEAIPEBIIIMM@Z 000000014000dc70 f   util.obj
 0001:0000ccd0       ?MulSrc32@@YAXPEAIPEBII@Z  000000014000dcd0 f   util.obj
 0001:0000cd20       ?MulSrc32A@@YAXPEAIPEBII@Z 000000014000dd20 f   util.obj
 0001:0000cd70       ?MixSrc32S@@YAXPEAIPEBIIII@Z 000000014000dd70 f   util.obj
 0001:0000cde0       ?MixSrc32@@YAXPEAIPEBII@Z  000000014000dde0 f   util.obj
 0001:0000ce30       ?BlitSrc32@@YAXPEAIPEBIIII@Z 000000014000de30 f   util.obj
 0001:0000ceb0       ?BlitSrc32A@@YAXPEAIPEBIIIIM@Z 000000014000deb0 f   util.obj
 0001:0000cf50       ?BlitAdd32A@@YAXPEAIPEBIIIIM@Z 000000014000df50 f   util.obj
 0001:0000cfe0       ?Fade32@@YAXPEAIIIE@Z      000000014000dfe0 f   util.obj
 0001:0000d060       ??2@YAPEAX_K@Z             000000014000e060 f   LIBCMT:new_scalar.obj
 0001:0000d09c       ??3@YAXPEAX@Z              000000014000e09c f   LIBCMT:delete_scalar.obj
 0001:0000d0a4       ??3@YAXPEAX_K@Z            000000014000e0a4 f   LIBCMT:delete_scalar_size.obj
 0001:0000d0ac       ??_Etype_info@@UEAAPEAXI@Z 000000014000e0ac f i LIBCMT:std_type_info_static.obj
 0001:0000d0ac       ??_Gtype_info@@UEAAPEAXI@Z 000000014000e0ac f i LIBCMT:std_type_info_static.obj
 0001:0000d0d8       __scrt_acquire_startup_lock 000000014000e0d8 f   LIBCMT:utility.obj
 0001:0000d114       __scrt_initialize_crt      000000014000e114 f   LIBCMT:utility.obj
 0001:0000d160       __scrt_initialize_onexit_tables 000000014000e160 f   LIBCMT:utility.obj
 0001:0000d1ec       __scrt_is_nonwritable_in_current_image 000000014000e1ec f   LIBCMT:utility.obj
 0001:0000d284       __scrt_release_startup_lock 000000014000e284 f   LIBCMT:utility.obj
 0001:0000d2a8       __scrt_uninitialize_crt    000000014000e2a8 f   LIBCMT:utility.obj
 0001:0000d2d4       _onexit                    000000014000e2d4 f   LIBCMT:utility.obj
 0001:0000d310       atexit                     000000014000e310 f   LIBCMT:utility.obj
 0001:0000d580       WinMainCRTStartup          000000014000e580 f   LIBCMT:exe_winmain.obj
 0001:0000d594       ??0bad_alloc@std@@QEAA@XZ  000000014000e594 f i LIBCMT:throw_bad_alloc.obj
 0001:0000d5b4       ?__scrt_throw_std_bad_alloc@@YAXXZ 000000014000e5b4 f   LIBCMT:throw_bad_alloc.obj
 0001:0000d5d4       __isa_available_init       000000014000e5d4 f   LIBCMT:cpu_disp.obj
 0001:0000d778       _get_startup_argv_mode     000000014000e778 f   LIBCMT:argv_mode.obj
 0001:0000d780       __scrt_is_ucrt_dll_in_use  000000014000e780 f   LIBCMT:ucrt_detection.obj
 0001:0000d78c       __crt_debugger_hook        000000014000e78c f   LIBCMT:utility_desktop.obj
 0001:0000d794       __scrt_fastfail            000000014000e794 f   LIBCMT:utility_desktop.obj
 0001:0000d8e0       __scrt_get_show_window_mode 000000014000e8e0 f   LIBCMT:utility_desktop.obj
 0001:0000d91c       __scrt_initialize_mta      000000014000e91c f   LIBCMT:utility_desktop.obj
 0001:0000d924       __scrt_stub_for_initialize_mta 000000014000e924 f   LIBCMT:utility_desktop.obj
 0001:0000d924       __scrt_exe_initialize_mta  000000014000e924 f   LIBCMT:utility_desktop.obj
 0001:0000d924       _get_startup_new_mode      000000014000e924 f   LIBCMT:new_mode.obj
 0001:0000d924       _get_startup_thread_locale_mode 000000014000e924 f   LIBCMT:thread_locale.obj
 0001:0000d924       _matherr                   000000014000e924 f   LIBCMT:matherr.obj
 0001:0000d924       __scrt_initialize_winrt    000000014000e924 f   LIBCMT:utility_desktop.obj
 0001:0000d924       _get_startup_commit_mode   000000014000e924 f   LIBCMT:commit_mode.obj
 0001:0000d928       __scrt_is_managed_app      000000014000e928 f   LIBCMT:utility_desktop.obj
 0001:0000d97c       __scrt_set_unhandled_exception_filter 000000014000e97c f   LIBCMT:utility_desktop.obj
 0001:0000d98c       __scrt_unhandled_exception_filter 000000014000e98c f   LIBCMT:utility_desktop.obj
 0001:0000d9e8       _initialize_denormal_control 000000014000e9e8 f i LIBCMT:denormal_control.obj
 0001:0000d9e8       _guard_check_icall_nop     000000014000e9e8 f i LIBCMT:guard_support.obj
 0001:0000d9e8       _initialize_invalid_parameter_handler 000000014000e9e8 f i LIBCMT:invalid_parameter_handler.obj
 0001:0000d9ec       __security_init_cookie     000000014000e9ec f   LIBCMT:gs_support.obj
 0001:0000da98       _get_startup_file_mode     000000014000ea98 f   LIBCMT:file_mode.obj
 0001:0000daa0       ?__scrt_initialize_type_info@@YAXXZ 000000014000eaa0 f   LIBCMT:tncleanup.obj
 0001:0000dab0       __acrt_uninitialize_command_line 000000014000eab0 f   libucrt:argv_data.obj
 0001:0000dab0       _should_initialize_environment 000000014000eab0 f   LIBCMT:env_mode.obj
 0001:0000dab4       __local_stdio_scanf_options 000000014000eab4 f i LIBCMT:default_local_stdio_options.obj
 0001:0000dabc       __scrt_initialize_default_local_stdio_options 000000014000eabc f   LIBCMT:default_local_stdio_options.obj
 0001:0000dad8       __scrt_is_user_matherr_present 000000014000ead8 f   LIBCMT:matherr_detection.obj
 0001:0000dae4       __scrt_get_dyn_tls_init_callback 000000014000eae4 f   LIBCMT:dyn_tls_init.obj
 0001:0000daec       __scrt_get_dyn_tls_dtor_callback 000000014000eaec f   LIBCMT:dyn_tls_dtor.obj
 0001:0000daf4       _RTC_Initialize            000000014000eaf4 f   LIBCMT:initsect.obj
 0001:0000db30       _RTC_Terminate             000000014000eb30 f   LIBCMT:initsect.obj
 0001:0000db70       ??0length_error@std@@QEAA@AEBV01@@Z 000000014000eb70 f i libcpmt:xthrow.obj
 0001:0000dbac       ??0length_error@std@@QEAA@PEBD@Z 000000014000ebac f i libcpmt:xthrow.obj
 0001:0000dbf4       ??0logic_error@std@@QEAA@AEBV01@@Z 000000014000ebf4 f i libcpmt:xthrow.obj
 0001:0000dc30       ?_Xlength_error@std@@YAXPEBD@Z 000000014000ec30 f   libcpmt:xthrow.obj
 0001:0000dc54       __std_system_error_allocate_message 000000014000ec54 f   libcpmt:syserror_import_lib.obj
 0001:0000dcb4       __std_system_error_deallocate_message 000000014000ecb4 f   libcpmt:syserror_import_lib.obj
 0001:0000dcbc       __std_fs_code_page         000000014000ecbc f   libcpmt:filesystem.obj
 0001:0000dce4       __std_fs_convert_narrow_to_wide 000000014000ece4 f   libcpmt:filesystem.obj
 0001:0000dd2c       __std_fs_convert_wide_to_narrow_replace_chars 000000014000ed2c f   libcpmt:filesystem.obj
 0001:0000ddf8       __std_fs_set_current_path  000000014000edf8 f   libcpmt:filesystem.obj
 0001:0000de18       ?_Syserror_map@std@@YAPEBDH@Z 000000014000ee18 f   libcpmt:syserror.obj
 0001:0000de40       ?_Winerror_map@std@@YAHH@Z 000000014000ee40 f   libcpmt:syserror.obj
 0001:0000de64       strchr                     000000014000ee64 f   libvcruntime:strchr.obj
 0001:0000dee4       __std_exception_copy       000000014000eee4 f   libvcruntime:std_exception.obj
 0001:0000df74       __std_exception_destroy    000000014000ef74 f   libvcruntime:std_exception.obj
 0001:0000df9c       __vcrt_initialize          000000014000ef9c f   libvcruntime:initialization.obj
 0001:0000dfc4       __vcrt_uninitialize        000000014000efc4 f   libvcruntime:initialization.obj
 0001:0000dfe0       __C_specific_handler       000000014000efe0 f   libvcruntime:riscchandler.obj
 0001:0000e1ec       _CxxThrowException         000000014000f1ec f   libvcruntime:throw.obj
 0001:0000e28c       __DestructExceptionObject  000000014000f28c f   libvcruntime:ehhelpers.obj
 0001:0000e2fc       ?_CallMemberFunction0@@YAXQEAX0@Z 000000014000f2fc f i libvcruntime:ehhelpers.obj
 0001:0000e300       _IsExceptionObjectToBeDestroyed 000000014000f300 f   libvcruntime:ehhelpers.obj
 0001:0000e330       __AdjustPointer            000000014000f330 f   libvcruntime:ehhelpers.obj
 0001:0000e354       __FrameUnwindFilter        000000014000f354 f   libvcruntime:ehhelpers.obj
 0001:0000e3bc       __current_exception        000000014000f3bc f   libvcruntime:ehhelpers.obj
 0001:0000e3d0       __current_exception_context 000000014000f3d0 f   libvcruntime:ehhelpers.obj
 0001:0000e3e4       __std_terminate            000000014000f3e4 f   libvcruntime:ehhelpers.obj
 0001:0000e400       memset_repmovs             000000014000f400 f   libvcruntime:memset.obj
 0001:0000e420       memset                     000000014000f420 f   libvcruntime:memset.obj
 0001:0000e5b0       __std_type_info_compare    000000014000f5b0 f   libvcruntime:std_type_info.obj
 0001:0000e5d8       __vcrt_freefls             000000014000f5d8 f   libvcruntime:per_thread_data.obj
 0001:0000e5f8       __vcrt_getptd              000000014000f5f8 f   libvcruntime:per_thread_data.obj
 0001:0000e614       __vcrt_getptd_noexit       000000014000f614 f   libvcruntime:per_thread_data.obj
 0001:0000e6d4       __vcrt_initialize_ptd      000000014000f6d4 f   libvcruntime:per_thread_data.obj
 0001:0000e71c       __vcrt_uninitialize_ptd    000000014000f71c f   libvcruntime:per_thread_data.obj
 0001:0000e740       __vcrt_initialize_locks    000000014000f740 f   libvcruntime:locks.obj
 0001:0000e774       __vcrt_uninitialize_locks  000000014000f774 f   libvcruntime:locks.obj
 0001:0000e7c0       _NLG_Notify                000000014000f7c0 f   libvcruntime:notify.obj
 0001:0000e7e0       __NLG_Dispatch2            000000014000f7e0 f   libvcruntime:notify.obj
 0001:0000e7f0       __NLG_Return2              000000014000f7f0 f   libvcruntime:notify.obj
 0001:0000e7f4       __except_validate_context_record 000000014000f7f4 f   libvcruntime:jbcxrval.obj
 0001:0000e97c       __vcrt_FlsAlloc            000000014000f97c f   libvcruntime:winapi_downlevel.obj
 0001:0000e9c4       __vcrt_FlsFree             000000014000f9c4 f   libvcruntime:winapi_downlevel.obj
 0001:0000ea0c       __vcrt_FlsGetValue         000000014000fa0c f   libvcruntime:winapi_downlevel.obj
 0001:0000ea54       __vcrt_FlsSetValue         000000014000fa54 f   libvcruntime:winapi_downlevel.obj
 0001:0000eaa8       __vcrt_InitializeCriticalSectionEx 000000014000faa8 f   libvcruntime:winapi_downlevel.obj
 0001:0000eb0c       ??$_CallSETranslator@V__FrameHandler3@@@@YAHPEAUEHExceptionRecord@@PEA_KPEAU_CONTEXT@@PEAU_xDISPATCHER_CONTEXT@@PEBU_s_FuncInfo@@K1H@Z 000000014000fb0c f i libvcruntime:risctrnsctrl.obj
 0001:0000eb60       ??$_CallSETranslator@V__FrameHandler4@@@@YAHPEAUEHExceptionRecord@@PEA_KPEAU_CONTEXT@@PEAU_xDISPATCHER_CONTEXT@@PEAUFuncInfo4@FH4@@K1H@Z 000000014000fb60 f i libvcruntime:risctrnsctrl.obj
 0001:0000ebb4       ?CatchTryBlock@__FrameHandler3@@SAPEBU_s_TryBlockMapEntry@@PEBU_s_FuncInfo@@H@Z 000000014000fbb4 f   libvcruntime:risctrnsctrl.obj
 0001:0000ec08       ?DecompFuncInfo@FH4@@YA_JPEAEAEAUFuncInfo4@1@_KH_N@Z 000000014000fc08 f i libvcruntime:risctrnsctrl.obj
 0001:0000ed2c       ?ExecutionInCatch@__FrameHandler3@@SA_NPEAU_xDISPATCHER_CONTEXT@@PEBU_s_FuncInfo@@@Z 000000014000fd2c f   libvcruntime:risctrnsctrl.obj
 0001:0000ed58       ?ExecutionInCatch@__FrameHandler4@@SA_NPEAU_xDISPATCHER_CONTEXT@@PEAUFuncInfo4@FH4@@@Z 000000014000fd58 f   libvcruntime:risctrnsctrl.obj
 0001:0000ed60       ?FrameUnwindToEmptyState@__FrameHandler3@@SAXPEA_KPEAU_xDISPATCHER_CONTEXT@@PEBU_s_FuncInfo@@@Z 000000014000fd60 f   libvcruntime:risctrnsctrl.obj
 0001:0000edc4       ?FrameUnwindToEmptyState@__FrameHandler4@@SAXPEA_KPEAU_xDISPATCHER_CONTEXT@@PEAUFuncInfo4@FH4@@@Z 000000014000fdc4 f   libvcruntime:risctrnsctrl.obj
 0001:0000edf8       ?GetEstablisherFrame@__FrameHandler3@@SAPEA_KPEA_KPEAU_xDISPATCHER_CONTEXT@@PEBU_s_FuncInfo@@0@Z 000000014000fdf8 f   libvcruntime:risctrnsctrl.obj
 0001:0000eec4       ?GetEstablisherFrame@__FrameHandler4@@SAPEA_KPEA_KPEAU_xDISPATCHER_CONTEXT@@PEAUFuncInfo4@FH4@@0@Z 000000014000fec4 f   libvcruntime:risctrnsctrl.obj
 0001:0000eee8       ?GetRangeOfTrysToCheck@__FrameHandler3@@SA?AU?$pair@Viterator@TryBlockMap@__FrameHandler3@@V123@@std@@AEAVTryBlockMap@1@HPEAU_xDISPATCHER_CONTEXT@@PEBU_s_FuncInfo@@H@Z 000000014000fee8 f   libvcruntime:risctrnsctrl.obj
 0001:0000f028       ?GetRangeOfTrysToCheck@__FrameHandler4@@SA?AU?$pair@Viterator@TryBlockMap4@FH4@@V123@@std@@AEAVTryBlockMap4@FH4@@HPEAU_xDISPATCHER_CONTEXT@@PEAUFuncInfo4@5@H@Z 0000000140010028 f   libvcruntime:risctrnsctrl.obj
 0001:0000f190       ?UnwindNestedFrames@__FrameHandler3@@SAXPEA_KPEAUEHExceptionRecord@@PEAU_CONTEXT@@0PEAXPEBU_s_FuncInfo@@HHPEBU_s_HandlerType@@PEAU_xDISPATCHER_CONTEXT@@E@Z 0000000140010190 f   libvcruntime:risctrnsctrl.obj
 0001:0000f294       ?UnwindNestedFrames@__FrameHandler4@@SAXPEA_KPEAUEHExceptionRecord@@PEAU_CONTEXT@@0PEAXPEAUFuncInfo4@FH4@@HHPEAUHandlerType4@5@PEAU_xDISPATCHER_CONTEXT@@E@Z 0000000140010294 f   libvcruntime:risctrnsctrl.obj
 0001:0000f3b4       ?setBuffer@TryBlockMap4@FH4@@QEAAXViterator@12@@Z 00000001400103b4 f i libvcruntime:risctrnsctrl.obj
 0001:0000f574       _CreateFrameInfo           0000000140010574 f   libvcruntime:risctrnsctrl.obj
 0001:0000f5b0       _FindAndUnlinkFrame        00000001400105b0 f   libvcruntime:risctrnsctrl.obj
 0001:0000f604       _GetImageBase              0000000140010604 f   libvcruntime:risctrnsctrl.obj
 0001:0000f618       _GetThrowImageBase         0000000140010618 f   libvcruntime:risctrnsctrl.obj
 0001:0000f62c       _SetImageBase              000000014001062c f   libvcruntime:risctrnsctrl.obj
 0001:0000f644       _SetThrowImageBase         0000000140010644 f   libvcruntime:risctrnsctrl.obj
 0001:0000f65c       __CxxFrameHandler3         000000014001065c f   libvcruntime:risctrnsctrl.obj
 0001:0000f6e4       __CxxFrameHandler4         00000001400106e4 f   libvcruntime:risctrnsctrl.obj
 0001:0000f7c0       memcpy_repmovs             00000001400107c0 f   libvcruntime:memcpy.obj
 0001:0000f7e0       memcpy                     00000001400107e0 f   libvcruntime:memcpy.obj
 0001:0000f7e0       memmove                    00000001400107e0 f   libvcruntime:memcpy.obj
 0001:0000fe58       ?GetCurrentState@__FrameHandler3@@SAHPEA_KPEAU_xDISPATCHER_CONTEXT@@PEBU_s_FuncInfo@@@Z 0000000140010e58 f   libvcruntime:ehstate.obj
 0001:0000fe80       ?GetUnwindTryBlock@__FrameHandler3@@SAHPEA_KPEAU_xDISPATCHER_CONTEXT@@PEBU_s_FuncInfo@@@Z 0000000140010e80 f   libvcruntime:ehstate.obj
 0001:0000feac       ?SetState@__FrameHandler3@@SAXPEA_KPEBU_s_FuncInfo@@H@Z 0000000140010eac f   libvcruntime:ehstate.obj
 0001:0000feb8       ?SetUnwindTryBlock@__FrameHandler3@@SAXPEA_KPEAU_xDISPATCHER_CONTEXT@@PEBU_s_FuncInfo@@H@Z 0000000140010eb8 f   libvcruntime:ehstate.obj
 0001:0000fef4       ?StateFromControlPc@__FrameHandler3@@SAHPEBU_s_FuncInfo@@PEAU_xDISPATCHER_CONTEXT@@@Z 0000000140010ef4 f   libvcruntime:ehstate.obj
 0001:0000fefc       ?StateFromControlPc@__FrameHandler4@@SAHPEAUFuncInfo4@FH4@@PEAU_xDISPATCHER_CONTEXT@@@Z 0000000140010efc f   libvcruntime:ehstate.obj
 0001:0000ff04       ?StateFromIp@__FrameHandler3@@SAHPEBU_s_FuncInfo@@PEAU_xDISPATCHER_CONTEXT@@_K@Z 0000000140010f04 f   libvcruntime:ehstate.obj
 0001:0000ff6c       ?StateFromIp@__FrameHandler4@@SAHPEAUFuncInfo4@FH4@@PEAU_xDISPATCHER_CONTEXT@@_K@Z 0000000140010f6c f   libvcruntime:ehstate.obj
 0001:00011650       ??$TypeMatchHelper@V__FrameHandler3@@@@YAHPEBU_s_HandlerType@@PEBU_s_CatchableType@@PEBU_s_ThrowInfo@@@Z 0000000140012650 f i libvcruntime:frame.obj
 0001:00011790       ??$TypeMatchHelper@V__FrameHandler4@@@@YAHPEAUHandlerType4@FH4@@PEBU_s_CatchableType@@PEBU_s_ThrowInfo@@@Z 0000000140012790 f i libvcruntime:frame.obj
 0001:000118d4       ??$__InternalCxxFrameHandler@V__FrameHandler3@@@@YA?AW4_EXCEPTION_DISPOSITION@@PEAUEHExceptionRecord@@PEA_KPEAU_CONTEXT@@PEAU_xDISPATCHER_CONTEXT@@PEBU_s_FuncInfo@@H1E@Z 00000001400128d4 f i libvcruntime:frame.obj
 0001:00011b0c       ??$__InternalCxxFrameHandler@V__FrameHandler4@@@@YA?AW4_EXCEPTION_DISPOSITION@@PEAUEHExceptionRecord@@PEA_KPEAU_CONTEXT@@PEAU_xDISPATCHER_CONTEXT@@PEAUFuncInfo4@FH4@@H1E@Z 0000000140012b0c f i libvcruntime:frame.obj
 0001:00011da0       ??0HandlerMap4@FH4@@QEAA@PEBUTryBlockMapEntry4@1@_KH@Z 0000000140012da0 f i libvcruntime:frame.obj
 0001:00011e1c       ??0TryBlockMap4@FH4@@QEAA@PEBUFuncInfo4@1@_K@Z 0000000140012e1c f i libvcruntime:frame.obj
 0001:00011ef4       ??0bad_exception@std@@QEAA@AEBV01@@Z 0000000140012ef4 f i libvcruntime:frame.obj
 0001:00011f30       ??0bad_exception@std@@QEAA@XZ 0000000140012f30 f i libvcruntime:frame.obj
 0001:00011f50       ?CxxCallCatchBlock@__FrameHandler3@@SAPEAXPEAU_EXCEPTION_RECORD@@@Z 0000000140012f50 f   libvcruntime:frame.obj
 0001:0001213c       ?CxxCallCatchBlock@__FrameHandler4@@SAPEAXPEAU_EXCEPTION_RECORD@@@Z 000000014001313c f   libvcruntime:frame.obj
 0001:0001238c       ?DecompHandler@HandlerMap4@FH4@@AEAAXXZ 000000014001338c f i libvcruntime:frame.obj
 0001:000125cc       ?FrameUnwindToState@__FrameHandler3@@SAXPEA_KPEAU_xDISPATCHER_CONTEXT@@PEBU_s_FuncInfo@@H@Z 00000001400135cc f   libvcruntime:frame.obj
 0001:00012758       ?FrameUnwindToState@__FrameHandler4@@SAXPEA_KPEAU_xDISPATCHER_CONTEXT@@PEAUFuncInfo4@FH4@@H@Z 0000000140013758 f   libvcruntime:frame.obj
 0001:00012a40       ?GetHandlerSearchState@__FrameHandler3@@SAHPEA_KPEAU_xDISPATCHER_CONTEXT@@PEBU_s_FuncInfo@@@Z 0000000140013a40 f i libvcruntime:frame.obj
 0001:00012c50       ?ReadEntry@UWMap4@FH4@@AEAAXPEAPEAE@Z 0000000140013c50 f i libvcruntime:frame.obj
 0001:00012cf0       ?_CallMemberFunction1@@YAXQEAX00@Z 0000000140013cf0 f i libvcruntime:frame.obj
 0001:00012cfc       ?_CallMemberFunction2@@YAXQEAX00H@Z 0000000140013cfc f i libvcruntime:frame.obj
 0001:00012d0c       ?getStartStop@UWMap4@FH4@@QEAAXHHAEAViterator@12@0@Z 0000000140013d0c f i libvcruntime:frame.obj
 0001:00012ddc       ?getStateFromIterators@UWMap4@FH4@@SAHAEBViterator@12@H0H0@Z 0000000140013ddc f i libvcruntime:frame.obj
 0001:00012ec0       _CallSettingFrame          0000000140013ec0 f   libvcruntime:handlers.obj
 0001:00012f10       _CallSettingFrame_LookupContinuationIndex 0000000140013f10 f   libvcruntime:handlers.obj
 0001:00012f40       _CallSettingFrame_NotifyContinuationAddr 0000000140013f40 f   libvcruntime:handlers.obj
 0001:00012f70       _CallSettingFrameEncoded   0000000140013f70 f   libvcruntime:handlers.obj
 0001:00013074       fopen                      0000000140014074 f   libucrt:fopen.obj
 0001:00013080       __acrt_initialize_stdio    0000000140014080 f   libucrt:_file.obj
 0001:000131a0       __acrt_iob_func            00000001400141a0 f   libucrt:_file.obj
 0001:000131b4       __acrt_uninitialize_stdio  00000001400141b4 f   libucrt:_file.obj
 0001:00013210       _lock_file                 0000000140014210 f   libucrt:_file.obj
 0001:0001321c       _unlock_file               000000014001421c f   libucrt:_file.obj
 0001:0001334c       ?get_raw_ptd@__crt_cached_ptd_host@@QEAAPEAU__acrt_ptd@@XZ 000000014001434c f i libucrt:fclose.obj
 0001:000133b4       fclose                     00000001400143b4 f   libucrt:fclose.obj
 0001:0001344c       realloc                    000000014001444c f   libucrt:realloc.obj
 0001:00013494       ??$ensure_buffer_is_big_enough@D@formatting_buffer@__crt_stdio_output@@QEAA_N_KAEAV__crt_cached_ptd_host@@@Z 0000000140014494 f i libucrt:output.obj
 0001:0001353c       ??$parse_integer@KV?$c_string_character_source@D@__crt_strtox@@$0A@@__crt_strtox@@YAKAEAV__crt_cached_ptd_host@@V?$c_string_character_source@D@0@H_N@Z 000000014001453c f i libucrt:output.obj
 0001:000137f0       ??$type_case_integer@$07@?$output_processor@DV?$string_output_adapter@D@__crt_stdio_output@@V?$standard_base@DV?$string_output_adapter@D@__crt_stdio_output@@@2@@__crt_stdio_output@@AEAA_N_N@Z 00000001400147f0 f i libucrt:output.obj
 0001:000137f0       ??$type_case_integer@$07@?$output_processor@DV?$stream_output_adapter@D@__crt_stdio_output@@V?$standard_base@DV?$stream_output_adapter@D@__crt_stdio_output@@@2@@__crt_stdio_output@@AEAA_N_N@Z 00000001400147f0 f i libucrt:output.obj
 0001:000139f4       ??$type_case_integer@$09@?$output_processor@DV?$stream_output_adapter@D@__crt_stdio_output@@V?$standard_base@DV?$stream_output_adapter@D@__crt_stdio_output@@@2@@__crt_stdio_output@@AEAA_N_N@Z 00000001400149f4 f i libucrt:output.obj
 0001:000139f4       ??$type_case_integer@$09@?$output_processor@DV?$string_output_adapter@D@__crt_stdio_output@@V?$standard_base@DV?$string_output_adapter@D@__crt_stdio_output@@@2@@__crt_stdio_output@@AEAA_N_N@Z 00000001400149f4 f i libucrt:output.obj
 0001:00013bf8       ??$type_case_integer@$0BA@@?$output_processor@DV?$string_output_adapter@D@__crt_stdio_output@@V?$standard_base@DV?$string_output_adapter@D@__crt_stdio_output@@@2@@__crt_stdio_output@@AEAA_N_N@Z 0000000140014bf8 f i libucrt:output.obj
 0001:00013bf8       ??$type_case_integer@$0BA@@?$output_processor@DV?$stream_output_adapter@D@__crt_stdio_output@@V?$standard_base@DV?$stream_output_adapter@D@__crt_stdio_output@@@2@@__crt_stdio_output@@AEAA_N_N@Z 0000000140014bf8 f i libucrt:output.obj
 0001:00013dfc       ??$type_case_integer_parse_into_buffer@I$07@?$output_processor@DV?$stream_output_adapter@D@__crt_stdio_output@@V?$standard_base@DV?$stream_output_adapter@D@__crt_stdio_output@@@2@@__crt_stdio_output@@AEAAXI_N@Z 0000000140014dfc f i libucrt:output.obj
 0001:00013dfc       ??$type_case_integer_parse_into_buffer@I$07@?$output_processor@DV?$string_output_adapter@D@__crt_stdio_output@@V?$standard_base@DV?$string_output_adapter@D@__crt_stdio_output@@@2@@__crt_stdio_output@@AEAAXI_N@Z 0000000140014dfc f i libucrt:output.obj
 0001:00013e6c       ??$type_case_integer_parse_into_buffer@I$09@?$output_processor@DV?$string_output_adapter@D@__crt_stdio_output@@V?$standard_base@DV?$string_output_adapter@D@__crt_stdio_output@@@2@@__crt_stdio_output@@AEAAXI_N@Z 0000000140014e6c f i libucrt:output.obj
 0001:00013e6c       ??$type_case_integer_parse_into_buffer@I$09@?$output_processor@DV?$stream_output_adapter@D@__crt_stdio_output@@V?$standard_base@DV?$stream_output_adapter@D@__crt_stdio_output@@@2@@__crt_stdio_output@@AEAAXI_N@Z 0000000140014e6c f i libucrt:output.obj
 0001:00013f18       ??$type_case_integer_parse_into_buffer@I$0BA@@?$output_processor@DV?$string_output_adapter@D@__crt_stdio_output@@V?$standard_base@DV?$string_output_adapter@D@__crt_stdio_output@@@2@@__crt_stdio_output@@AEAAXI_N@Z 0000000140014f18 f i libucrt:output.obj
 0001:00013f18       ??$type_case_integer_parse_into_buffer@I$0BA@@?$output_processor@DV?$stream_output_adapter@D@__crt_stdio_output@@V?$standard_base@DV?$stream_output_adapter@D@__crt_stdio_output@@@2@@__crt_stdio_output@@AEAAXI_N@Z 0000000140014f18 f i libucrt:output.obj
 0001:00013f9c       ??$type_case_integer_parse_into_buffer@_K$07@?$output_processor@DV?$string_output_adapter@D@__crt_stdio_output@@V?$standard_base@DV?$string_output_adapter@D@__crt_stdio_output@@@2@@__crt_stdio_output@@AEAAX_K_N@Z 0000000140014f9c f i libucrt:output.obj
 0001:00013f9c       ??$type_case_integer_parse_into_buffer@_K$07@?$output_processor@DV?$stream_output_adapter@D@__crt_stdio_output@@V?$standard_base@DV?$stream_output_adapter@D@__crt_stdio_output@@@2@@__crt_stdio_output@@AEAAX_K_N@Z 0000000140014f9c f i libucrt:output.obj
 0001:0001400c       ??$type_case_integer_parse_into_buffer@_K$09@?$output_processor@DV?$string_output_adapter@D@__crt_stdio_output@@V?$standard_base@DV?$string_output_adapter@D@__crt_stdio_output@@@2@@__crt_stdio_output@@AEAAX_K_N@Z 000000014001500c f i libucrt:output.obj
 0001:0001400c       ??$type_case_integer_parse_into_buffer@_K$09@?$output_processor@DV?$stream_output_adapter@D@__crt_stdio_output@@V?$standard_base@DV?$stream_output_adapter@D@__crt_stdio_output@@@2@@__crt_stdio_output@@AEAAX_K_N@Z 000000014001500c f i libucrt:output.obj
 0001:000140bc       ??$type_case_integer_parse_into_buffer@_K$0BA@@?$output_processor@DV?$stream_output_adapter@D@__crt_stdio_output@@V?$standard_base@DV?$stream_output_adapter@D@__crt_stdio_output@@@2@@__crt_stdio_output@@AEAAX_K_N@Z 00000001400150bc f i libucrt:output.obj
 0001:000140bc       ??$type_case_integer_parse_into_buffer@_K$0BA@@?$output_processor@DV?$string_output_adapter@D@__crt_stdio_output@@V?$standard_base@DV?$string_output_adapter@D@__crt_stdio_output@@@2@@__crt_stdio_output@@AEAAX_K_N@Z 00000001400150bc f i libucrt:output.obj
 0001:0001425c       ?crop_zeroes@__crt_stdio_output@@YAXPEADQEAU__crt_locale_pointers@@@Z 000000014001525c f i libucrt:output.obj
 0001:000142c8       ?parse_int_from_format_string@?$output_processor@DV?$string_output_adapter@D@__crt_stdio_output@@V?$standard_base@DV?$string_output_adapter@D@__crt_stdio_output@@@2@@__crt_stdio_output@@AEAA_NQEAH@Z 00000001400152c8 f i libucrt:output.obj
 0001:000142c8       ?parse_int_from_format_string@?$output_processor@DV?$stream_output_adapter@D@__crt_stdio_output@@V?$standard_base@DV?$stream_output_adapter@D@__crt_stdio_output@@@2@@__crt_stdio_output@@AEAA_NQEAH@Z 00000001400152c8 f i libucrt:output.obj
 0001:00014358       ?process@?$output_processor@DV?$stream_output_adapter@D@__crt_stdio_output@@V?$standard_base@DV?$stream_output_adapter@D@__crt_stdio_output@@@2@@__crt_stdio_output@@QEAAHXZ 0000000140015358 f i libucrt:output.obj
 0001:000146f0       ?process@?$output_processor@DV?$string_output_adapter@D@__crt_stdio_output@@V?$standard_base@DV?$string_output_adapter@D@__crt_stdio_output@@@2@@__crt_stdio_output@@QEAAHXZ 00000001400156f0 f i libucrt:output.obj
 0001:00014a70       ?state_case_size@?$output_processor@DV?$stream_output_adapter@D@__crt_stdio_output@@V?$standard_base@DV?$stream_output_adapter@D@__crt_stdio_output@@@2@@__crt_stdio_output@@AEAA_NXZ 0000000140015a70 f i libucrt:output.obj
 0001:00014bf8       ?state_case_size@?$output_processor@DV?$string_output_adapter@D@__crt_stdio_output@@V?$standard_base@DV?$string_output_adapter@D@__crt_stdio_output@@@2@@__crt_stdio_output@@AEAA_NXZ 0000000140015bf8 f i libucrt:output.obj
 0001:00014d80       ?state_case_type@?$output_processor@DV?$stream_output_adapter@D@__crt_stdio_output@@V?$standard_base@DV?$stream_output_adapter@D@__crt_stdio_output@@@2@@__crt_stdio_output@@AEAA_NXZ 0000000140015d80 f i libucrt:output.obj
 0001:000151b8       ?state_case_type@?$output_processor@DV?$string_output_adapter@D@__crt_stdio_output@@V?$standard_base@DV?$string_output_adapter@D@__crt_stdio_output@@@2@@__crt_stdio_output@@AEAA_NXZ 00000001400161b8 f i libucrt:output.obj
 0001:000155bc       ?type_case_Z@?$output_processor@DV?$stream_output_adapter@D@__crt_stdio_output@@V?$standard_base@DV?$stream_output_adapter@D@__crt_stdio_output@@@2@@__crt_stdio_output@@AEAA_NXZ 00000001400165bc f i libucrt:output.obj
 0001:000155bc       ?type_case_Z@?$output_processor@DV?$string_output_adapter@D@__crt_stdio_output@@V?$standard_base@DV?$string_output_adapter@D@__crt_stdio_output@@@2@@__crt_stdio_output@@AEAA_NXZ 00000001400165bc f i libucrt:output.obj
 0001:00015638       ?type_case_a@?$output_processor@DV?$stream_output_adapter@D@__crt_stdio_output@@V?$standard_base@DV?$stream_output_adapter@D@__crt_stdio_output@@@2@@__crt_stdio_output@@AEAA_NXZ 0000000140016638 f i libucrt:output.obj
 0001:00015638       ?type_case_a@?$output_processor@DV?$string_output_adapter@D@__crt_stdio_output@@V?$standard_base@DV?$string_output_adapter@D@__crt_stdio_output@@@2@@__crt_stdio_output@@AEAA_NXZ 0000000140016638 f i libucrt:output.obj
 0001:0001588c       ?type_case_c_tchar@?$output_processor@DV?$string_output_adapter@D@__crt_stdio_output@@V?$standard_base@DV?$string_output_adapter@D@__crt_stdio_output@@@2@@__crt_stdio_output@@AEAA_ND@Z 000000014001688c f i libucrt:output.obj
 0001:0001588c       ?type_case_c_tchar@?$output_processor@DV?$stream_output_adapter@D@__crt_stdio_output@@V?$standard_base@DV?$stream_output_adapter@D@__crt_stdio_output@@@2@@__crt_stdio_output@@AEAA_ND@Z 000000014001688c f i libucrt:output.obj
 0001:00015960       ?type_case_n@?$output_processor@DV?$stream_output_adapter@D@__crt_stdio_output@@V?$standard_base@DV?$stream_output_adapter@D@__crt_stdio_output@@@2@@__crt_stdio_output@@AEAA_NXZ 0000000140016960 f i libucrt:output.obj
 0001:00015960       ?type_case_n@?$output_processor@DV?$string_output_adapter@D@__crt_stdio_output@@V?$standard_base@DV?$string_output_adapter@D@__crt_stdio_output@@@2@@__crt_stdio_output@@AEAA_NXZ 0000000140016960 f i libucrt:output.obj
 0001:00015a18       ?type_case_s@?$output_processor@DV?$string_output_adapter@D@__crt_stdio_output@@V?$standard_base@DV?$string_output_adapter@D@__crt_stdio_output@@@2@@__crt_stdio_output@@AEAA_NXZ 0000000140016a18 f i libucrt:output.obj
 0001:00015a18       ?type_case_s@?$output_processor@DV?$stream_output_adapter@D@__crt_stdio_output@@V?$standard_base@DV?$stream_output_adapter@D@__crt_stdio_output@@@2@@__crt_stdio_output@@AEAA_NXZ 0000000140016a18 f i libucrt:output.obj
 0001:00015ac0       ?update_locale_slow@__crt_cached_ptd_host@@AEAAXXZ 0000000140016ac0 f i libucrt:output.obj
 0001:00015b38       ?validate_stream_is_ansi_if_required@?$__acrt_stdio_char_traits@D@@SA_NQEAU_iobuf@@@Z 0000000140016b38 f i libucrt:output.obj
 0001:00015bd4       ?write_string@?$string_output_adapter@D@__crt_stdio_output@@QEBAXQEBDHQEAHAEAV__crt_cached_ptd_host@@@Z 0000000140016bd4 f i libucrt:output.obj
 0001:00015c78       ?write_string_impl@?$output_adapter_common@DV?$stream_output_adapter@D@__crt_stdio_output@@@__crt_stdio_output@@IEBAXQEBDHQEAHAEAV__crt_cached_ptd_host@@@Z 0000000140016c78 f i libucrt:output.obj
 0001:00015d44       __stdio_common_vfprintf    0000000140016d44 f   libucrt:output.obj
 0001:00015e68       __stdio_common_vsprintf    0000000140016e68 f   libucrt:output.obj
 0001:000160d0       strncpy                    00000001400170d0 f   libucrt:strncpy.obj
 0001:00016240       isalnum                    0000000140017240 f   libucrt:_ctype.obj
 0001:000162ec       ??$__acrt_convert_wcs_mbs_cp@D_WV<lambda_7c9dea7b4ca7285d2cdb541a38da6275>@@U__crt_win32_buffer_internal_dynamic_resizing@@@@YAHQEBDAEAV?$__crt_win32_buffer@_WU__crt_win32_buffer_internal_dynamic_resizing@@@@AEBV<lambda_7c9dea7b4ca7285d2cdb541a38da6275>@@I@Z 00000001400172ec f i libucrt:stat.obj
 0001:00016804       ??0_LocaleUpdate@@QEAA@QEAU__crt_locale_pointers@@@Z 0000000140017804 f i libucrt:stat.obj
 0001:00016bf0       _stat64i32                 0000000140017bf0 f   libucrt:stat.obj
 0001:00016d10       strncmp                    0000000140017d10 f   libucrt:strncmp.obj
 0001:00016e50       _fwrite_internal           0000000140017e50 f   libucrt:fwrite.obj
 0001:00016eec       _fwrite_nolock_internal    0000000140017eec f   libucrt:fwrite.obj
 0001:00017100       fwrite                     0000000140018100 f   libucrt:fwrite.obj
 0001:000171a4       free                       00000001400181a4 f   libucrt:free.obj
 0001:000171d0       strncat                    00000001400181d0 f   libucrt:strncat.obj
 0001:00017368       _mkdir                     0000000140018368 f   libucrt:mkdir.obj
 0001:0001744c       _fread_nolock_s            000000014001844c f   libucrt:fread.obj
 0001:000176ac       fread                      00000001400186ac f   libucrt:fread.obj
 0001:000176cc       fread_s                    00000001400186cc f   libucrt:fread.obj
 0001:00017774       malloc                     0000000140018774 f   libucrt:malloc.obj
 0001:0001777c       ?get_raw_ptd_noexit@__crt_cached_ptd_host@@QEAAPEAU__acrt_ptd@@XZ 000000014001877c f i libucrt:invalid_parameter.obj
 0001:000177e8       ?value@?$dual_state_global@P6AXPEB_W00I_K@Z@__crt_state_management@@QEAAAEAP6AXPEB_W00I_K@ZAEAV__crt_cached_ptd_host@@@Z 00000001400187e8 f i libucrt:invalid_parameter.obj
 0001:00017834       __acrt_call_reportfault    0000000140018834 f   libucrt:invalid_parameter.obj
 0001:00017990       __acrt_initialize_invalid_parameter_handler 0000000140018990 f   libucrt:invalid_parameter.obj
 0001:00017998       _invalid_parameter         0000000140018998 f   libucrt:invalid_parameter.obj
 0001:00017a34       _invalid_parameter_internal 0000000140018a34 f   libucrt:invalid_parameter.obj
 0001:00017b00       _invalid_parameter_noinfo  0000000140018b00 f   libucrt:invalid_parameter.obj
 0001:00017b20       _invalid_parameter_noinfo_noreturn 0000000140018b20 f   libucrt:invalid_parameter.obj
 0001:00017b50       _invoke_watson             0000000140018b50 f   libucrt:invalid_parameter.obj
 0001:00017b98       _aligned_free              0000000140018b98 f   libucrt:align.obj
 0001:00017bb4       _aligned_malloc            0000000140018bb4 f   libucrt:align.obj
 0001:00017c34       roundf                     0000000140018c34 f   libucrt:roundf.obj
 0001:00017c9c       _clearfp                   0000000140018c9c f   libucrt:ieee.obj
 0001:00017d08       _control87                 0000000140018d08 f   libucrt:ieee.obj
 0001:00017d10       _controlfp                 0000000140018d10 f   libucrt:ieee.obj
 0001:00017fb8       __acrt_initialize_new_handler 0000000140018fb8 f   libucrt:new_handler.obj
 0001:00017fc0       _callnewh                  0000000140018fc0 f   libucrt:new_handler.obj
 0001:00018000       _query_new_handler         0000000140019000 f   libucrt:new_handler.obj
 0001:00018038       _seh_filter_exe            0000000140019038 f   libucrt:exception_filter.obj
 0001:00018450       __acrt_initialize_thread_local_exit_callback 0000000140019450 f   libucrt:exit.obj
 0001:00018458       _c_exit                    0000000140019458 f   libucrt:exit.obj
 0001:00018468       _cexit                     0000000140019468 f   libucrt:exit.obj
 0001:00018478       _exit                      0000000140019478 f   libucrt:exit.obj
 0001:00018484       _register_thread_local_exe_atexit_callback 0000000140019484 f   libucrt:exit.obj
 0001:000184c4       exit                       00000001400194c4 f   libucrt:exit.obj
 0001:00018698       __acrt_allocate_buffer_for_argv 0000000140019698 f   libucrt:argv_parsing.obj
 0001:000186f8       _configure_narrow_argv     00000001400196f8 f   libucrt:argv_parsing.obj
 0001:00018cc8       __dcrt_get_or_create_wide_environment_nolock 0000000140019cc8 f   libucrt:environment_initialization.obj
 0001:00018d04       __dcrt_uninitialize_environments_nolock 0000000140019d04 f   libucrt:environment_initialization.obj
 0001:00018d48       _initialize_narrow_environment 0000000140019d48 f   libucrt:environment_initialization.obj
 0001:00019098       _crt_atexit                000000014001a098 f   libucrt:onexit.obj
 0001:000190a8       _execute_onexit_table      000000014001a0a8 f   libucrt:onexit.obj
 0001:000190ec       _initialize_onexit_table   000000014001a0ec f   libucrt:onexit.obj
 0001:00019114       _register_onexit_function  000000014001a114 f   libucrt:onexit.obj
 0001:00019288       __acrt_initialize          000000014001a288 f   libucrt:initialization.obj
 0001:0001929c       __acrt_uninitialize        000000014001a29c f   libucrt:initialization.obj
 0001:000192d4       _query_app_type            000000014001a2d4 f   libucrt:report_runtime_error.obj
 0001:000192dc       _set_app_type              000000014001a2dc f   libucrt:report_runtime_error.obj
 0001:000192e4       __acrt_has_user_matherr    000000014001a2e4 f   libucrt:matherr.obj
 0001:00019304       __acrt_initialize_user_matherr 000000014001a304 f   libucrt:matherr.obj
 0001:0001930c       __acrt_invoke_user_matherr 000000014001a30c f   libucrt:matherr.obj
 0001:00019348       __setusermatherr           000000014001a348 f   libucrt:matherr.obj
 0001:00019370       _get_narrow_winmain_command_line 000000014001a370 f   libucrt:argv_winmain.obj
 0001:000193e0       _initterm                  000000014001a3e0 f   libucrt:initterm.obj
 0001:00019424       _initterm_e                000000014001a424 f   libucrt:initterm.obj
 0001:0001946c       _get_fmode                 000000014001a46c f   libucrt:setmode.obj
 0001:0001949c       _set_fmode                 000000014001a49c f   libucrt:setmode.obj
 0001:000194dc       _setmode_nolock            000000014001a4dc f   libucrt:setmode.obj
 0001:00019630       __acrt_set_locale_changed  000000014001a630 f   libucrt:wsetlocale.obj
 0001:0001963c       __acrt_uninitialize_locale 000000014001a63c f   libucrt:wsetlocale.obj
 0001:0001966c       _configthreadlocale        000000014001a66c f   libucrt:wsetlocale.obj
 0001:000196d8       _query_new_mode            000000014001a6d8 f   libucrt:new_mode.obj
 0001:000196e0       _set_new_mode              000000014001a6e0 f   libucrt:new_mode.obj
 0001:0001970c       __p__commode               000000014001a70c f   libucrt:ncommode.obj
 0001:00019714       terminate                  000000014001a714 f   libucrt:terminate.obj
 0001:00019740       strdup                     000000014001a740 f   libucrt:strdup.obj
 0001:00019740       _strdup                    000000014001a740 f   libucrt:strdup.obj
 0001:000197b8       ___lc_codepage_func        000000014001a7b8 f   libucrt:initctype.obj
 0001:000197e8       strcpy_s                   000000014001a7e8 f   libucrt:strcpy_s.obj
 0001:00019848       abort                      000000014001a848 f   libucrt:abort.obj
 0001:000198a0       calloc                     000000014001a8a0 f   libucrt:calloc.obj
 0001:000198a8       ??$parse_integer@KV?$c_string_character_source@_W@__crt_strtox@@$00@__crt_strtox@@YAKAEAV__crt_cached_ptd_host@@V?$c_string_character_source@_W@0@H_N@Z 000000014001a8a8 f i libucrt:atox.obj
 0001:0001a044       wcsncmp                    000000014001b044 f   libucrt:wcsncmp.obj
 0001:0001a070       __acrt_errno_from_os_error 000000014001b070 f   libucrt:errno.obj
 0001:0001a0b8       __acrt_errno_map_os_error  000000014001b0b8 f   libucrt:errno.obj
 0001:0001a100       __acrt_errno_map_os_error_ptd 000000014001b100 f   libucrt:errno.obj
 0001:0001a124       __doserrno                 000000014001b124 f   libucrt:errno.obj
 0001:0001a144       _errno                     000000014001b144 f   libucrt:errno.obj
 0001:0001a164       ?__acrt_stdio_allocate_stream@@YA?AV__crt_stdio_stream@@XZ 000000014001b164 f   libucrt:stream.obj
 0001:0001a1bc       ?__acrt_stdio_free_stream@@YAXV__crt_stdio_stream@@@Z 000000014001b1bc f   libucrt:stream.obj
 0001:0001a2c4       ??$__acrt_stdio_parse_mode@D@@YA?AU__acrt_stdio_stream_mode@@QEBD@Z 000000014001b2c4 f i libucrt:openfile.obj
 0001:0001a588       _openfile                  000000014001b588 f   libucrt:openfile.obj
 0001:0001a624       _calloc_base               000000014001b624 f   libucrt:calloc_base.obj
 0001:0001a69c       _free_base                 000000014001b69c f   libucrt:free_base.obj
 0001:0001a894       __acrt_AppPolicyGetProcessTerminationMethodInternal 000000014001b894 f   libucrt:winapi_thunks.obj
 0001:0001a8ec       __acrt_AreFileApisANSI     000000014001b8ec f   libucrt:winapi_thunks.obj
 0001:0001a930       __acrt_CompareStringEx     000000014001b930 f   libucrt:winapi_thunks.obj
 0001:0001aa1c       __acrt_FlsAlloc            000000014001ba1c f   libucrt:winapi_thunks.obj
 0001:0001aa24       __acrt_FlsFree             000000014001ba24 f   libucrt:winapi_thunks.obj
 0001:0001aa2c       __acrt_FlsGetValue         000000014001ba2c f   libucrt:winapi_thunks.obj
 0001:0001aa34       __acrt_FlsSetValue         000000014001ba34 f   libucrt:winapi_thunks.obj
 0001:0001aa3c       __acrt_InitializeCriticalSectionEx 000000014001ba3c f   libucrt:winapi_thunks.obj
 0001:0001aaac       __acrt_LCMapStringEx       000000014001baac f   libucrt:winapi_thunks.obj
 0001:0001ab98       __acrt_LocaleNameToLCID    000000014001bb98 f   libucrt:winapi_thunks.obj
 0001:0001abf8       __acrt_initialize_winapi_thunks 000000014001bbf8 f   libucrt:winapi_thunks.obj
 0001:0001ac1c       __acrt_uninitialize_winapi_thunks 000000014001bc1c f   libucrt:winapi_thunks.obj
 0001:0001ac60       _fcloseall                 000000014001bc60 f   libucrt:closeall.obj
 0001:0001aef4       __acrt_stdio_flush_nolock  000000014001bef4 f   libucrt:fflush.obj
 0001:0001af80       _fflush_nolock             000000014001bf80 f   libucrt:fflush.obj
 0001:0001b054       _flushall                  000000014001c054 f   libucrt:fflush.obj
 0001:0001b05c       __acrt_stdio_free_buffer_nolock 000000014001c05c f   libucrt:_freebuf.obj
 0001:0001b298       __acrt_initialize_lowio    000000014001c298 f   libucrt:ioinit.obj
 0001:0001b2d4       __acrt_uninitialize_lowio  000000014001c2d4 f   libucrt:ioinit.obj
 0001:0001b314       _fileno                    000000014001c314 f   libucrt:fileno.obj
 0001:0001b3b4       _close_internal            000000014001c3b4 f   libucrt:close.obj
 0001:0001b478       _close_nolock              000000014001c478 f   libucrt:close.obj
 0001:0001b510       _close_nolock_internal     000000014001c510 f   libucrt:close.obj
 0001:0001b958       __acrt_getptd              000000014001c958 f   libucrt:per_thread_data.obj
 0001:0001ba2c       __acrt_getptd_head         000000014001ca2c f   libucrt:per_thread_data.obj
 0001:0001bad0       __acrt_getptd_noexit       000000014001cad0 f   libucrt:per_thread_data.obj
 0001:0001bb98       __acrt_getptd_noexit_explicit 000000014001cb98 f   libucrt:per_thread_data.obj
 0001:0001bc58       __acrt_initialize_ptd      000000014001cc58 f   libucrt:per_thread_data.obj
 0001:0001bc94       __acrt_uninitialize_ptd    000000014001cc94 f   libucrt:per_thread_data.obj
 0001:0001bcb8       _realloc_base              000000014001ccb8 f   libucrt:realloc_base.obj
 0001:0001bd34       _malloc_base               000000014001cd34 f   libucrt:malloc_base.obj
 0001:0001bd94       strnlen                    000000014001cd94 f   libucrt:strnlen.obj
 0001:0001bee4       wcsnlen                    000000014001cee4 f   libucrt:strnlen.obj
 0001:0001c0bc       __acrt_update_locale_info  000000014001d0bc f   libucrt:locale_update.obj
 0001:0001c0f0       __acrt_update_locale_info_explicit 000000014001d0f0 f   libucrt:locale_update.obj
 0001:0001c128       __acrt_update_multibyte_info 000000014001d128 f   libucrt:locale_update.obj
 0001:0001c15c       __acrt_update_multibyte_info_explicit 000000014001d15c f   libucrt:locale_update.obj
 0001:0001cca8       __acrt_fp_format           000000014001dca8 f   libucrt:cvt.obj
 0001:0001cf90       _wctomb_internal           000000014001df90 f   libucrt:wctomb.obj
 0001:0001d140       _mbtowc_internal           000000014001e140 f   libucrt:mbtowc.obj
 0001:0001d2b8       _get_printf_count_output   000000014001e2b8 f   libucrt:printf_count_output.obj
 0001:0001d2d0       _fputc_nolock_internal     000000014001e2d0 f   libucrt:fputc.obj
 0001:0001d2e8       __acrt_should_use_temporary_buffer 000000014001e2e8 f   libucrt:_sftbuf.obj
 0001:0001d334       __acrt_stdio_begin_temporary_buffering_nolock 000000014001e334 f   libucrt:_sftbuf.obj
 0001:0001d3fc       __acrt_stdio_end_temporary_buffering_nolock 000000014001e3fc f   libucrt:_sftbuf.obj
 0001:0001d43c       _isctype_l                 000000014001e43c f   libucrt:isctype.obj
 0001:0001d544       _getdrive                  000000014001e544 f   libucrt:drive.obj
 0001:0001d63c       ??$__acrt_convert_wcs_mbs_cp@_WDV<lambda_f788ae46380686e8b737efdd8c720d07>@@U__crt_win32_buffer_no_resizing@@@@YAHQEB_WAEAV?$__crt_win32_buffer@DU__crt_win32_buffer_no_resizing@@@@AEBV<lambda_f788ae46380686e8b737efdd8c720d07>@@I@Z 000000014001e63c f i libucrt:fullpath.obj
 0001:0001d758       ??$call_win32_function@V<lambda_17b8e77e04f0039ff1429d79b8271fa1>@@@?$__crt_win32_buffer@_WU__crt_win32_buffer_no_resizing@@@@QEAAHAEBV<lambda_17b8e77e04f0039ff1429d79b8271fa1>@@@Z 000000014001e758 f i libucrt:fullpath.obj
 0001:0001d7cc       ??$call_win32_function@V<lambda_1a60cddbd8640ed4c95e91b82cd9827b>@@@?$__crt_win32_buffer@_WU__crt_win32_buffer_public_dynamic_resizing@@@@QEAAHAEBV<lambda_1a60cddbd8640ed4c95e91b82cd9827b>@@@Z 000000014001e7cc f i libucrt:fullpath.obj
 0001:0001d8a4       ?detach@?$__crt_win32_buffer@_WU__crt_win32_buffer_public_dynamic_resizing@@@@QEAAPEA_WXZ 000000014001e8a4 f i libucrt:fullpath.obj
 0001:0001d988       _wfullpath                 000000014001e988 f   libucrt:fullpath.obj
 0001:0001da3c       wcspbrk                    000000014001ea3c f   libucrt:wcspbrk.obj
 0001:0001da70       __ascii_wcsicmp            000000014001ea70 f   libucrt:wcsicmp.obj
 0001:0001dab0       _wcsicmp                   000000014001eab0 f   libucrt:wcsicmp.obj
 0001:0001daf8       _wcsicmp_l                 000000014001eaf8 f   libucrt:wcsicmp.obj
 0001:0001dc2c       __acrt_MultiByteToWideChar 000000014001ec2c f   libucrt:multibytetowidechar.obj
 0001:0001dcbc       __acrt_lowio_create_handle_array 000000014001ecbc f   libucrt:osfinfo.obj
 0001:0001dd64       __acrt_lowio_destroy_handle_array 000000014001ed64 f   libucrt:osfinfo.obj
 0001:0001ddb4       __acrt_lowio_ensure_fh_exists 000000014001edb4 f   libucrt:osfinfo.obj
 0001:0001de5c       __acrt_lowio_lock_fh       000000014001ee5c f   libucrt:osfinfo.obj
 0001:0001de84       __acrt_lowio_set_os_handle 000000014001ee84 f   libucrt:osfinfo.obj
 0001:0001df44       __acrt_lowio_unlock_fh     000000014001ef44 f   libucrt:osfinfo.obj
 0001:0001df6c       _alloc_osfhnd              000000014001ef6c f   libucrt:osfinfo.obj
 0001:0001e0ac       _free_osfhnd               000000014001f0ac f   libucrt:osfinfo.obj
 0001:0001e168       _get_osfhandle             000000014001f168 f   libucrt:osfinfo.obj
 0001:0001e1e0       ??$__crt_time_is_leap_year@H@@YA_NH@Z 000000014001f1e0 f i libucrt:loctotime.obj
 0001:0001e470       __loctotime64_t            000000014001f470 f   libucrt:loctotime.obj
 0001:0001ec80       _write                     000000014001fc80 f   libucrt:write.obj
 0001:0001ed18       _write_internal            000000014001fd18 f   libucrt:write.obj
 0001:0001ee38       _write_nolock              000000014001fe38 f   libucrt:write.obj
 0001:0001f2b4       __acrt_stdio_flush_and_write_narrow_nolock 00000001400202b4 f   libucrt:_flsbuf.obj
 0001:0001f380       _wmkdir                    0000000140020380 f   libucrt:wmkdir.obj
 0001:0001f834       _read                      0000000140020834 f   libucrt:read.obj
 0001:0001f954       _read_nolock               0000000140020954 f   libucrt:read.obj
 0001:0001fda4       __acrt_stdio_refill_and_read_narrow_nolock 0000000140020da4 f   libucrt:_filbuf.obj
 0001:0001ff0c       _msize_base                0000000140020f0c f   libucrt:msize.obj
 0001:0001ff48       _fd_int                    0000000140020f48 f   libucrt:_test.obj
 0001:00020030       _get_fpsr                  0000000140021030 f   libucrt:fpsr.obj
 0001:00020040       _set_fpsr                  0000000140021040 f   libucrt:fpsr.obj
 0001:0002004a       _fclrf                     000000014002104a f   libucrt:fpsr.obj
 0001:0002005e       _frnd                      000000014002105e f   libucrt:fpsr.obj
 0001:00020080       __acrt_initialize_locks    0000000140021080 f   libucrt:locks.obj
 0001:000200c8       __acrt_lock                00000001400210c8 f   libucrt:locks.obj
 0001:000200e4       __acrt_uninitialize_locks  00000001400210e4 f   libucrt:locks.obj
 0001:0002011c       __acrt_unlock              000000014002111c f   libucrt:locks.obj
 0001:00020138       __acrt_app_verifier_enabled 0000000140021138 f   libucrt:peb_access.obj
 0001:00020154       __acrt_is_secure_process   0000000140021154 f   libucrt:peb_access.obj
 0001:0002016c       __acrt_get_process_end_policy 000000014002116c f   libucrt:win_policies.obj
 0001:000201b0       ??$__acrt_convert_wcs_mbs_cp@_WDV<lambda_d8593a27d1aa8c02be35c86a17d324c4>@@U__crt_win32_buffer_internal_dynamic_resizing@@@@YAHQEB_WAEAV?$__crt_win32_buffer@DU__crt_win32_buffer_internal_dynamic_resizing@@@@AEBV<lambda_d8593a27d1aa8c02be35c86a17d324c4>@@I@Z 00000001400211b0 f i libucrt:argv_wildcards.obj
 0001:00020a54       __acrt_expand_narrow_argv_wildcards 0000000140021a54 f   libucrt:argv_wildcards.obj
 0001:00020a5c       __acrt_GetModuleFileNameA  0000000140021a5c f   libucrt:getmodulefilenamea.obj
 0001:00021378       __acrt_initialize_multibyte 0000000140022378 f   libucrt:mbctype.obj
 0001:000213d8       __acrt_update_thread_multibyte_data 00000001400223d8 f   libucrt:mbctype.obj
 0001:000213f4       _setmbcp_nolock            00000001400223f4 f   libucrt:mbctype.obj
 0001:00021728       _ismbblead                 0000000140022728 f   libucrt:ismbbyte.obj
 0001:0002173c       __acrt_initialize_command_line 000000014002273c f   libucrt:argv_data.obj
 0001:00021764       wcscpy_s                   0000000140022764 f   libucrt:wcscpy_s.obj
 0001:000217cc       __acrt_WideCharToMultiByte 00000001400227cc f   libucrt:widechartomultibyte.obj
 0001:000218ac       __dcrt_get_narrow_environment_from_os 00000001400228ac f   libucrt:get_environment_from_os.obj
 0001:000219bc       __dcrt_get_wide_environment_from_os 00000001400229bc f   libucrt:get_environment_from_os.obj
 0001:00021eac       __dcrt_set_variable_in_wide_environment_nolock 0000000140022eac f   libucrt:setenv.obj
 0001:00021eb4       _recalloc_base             0000000140022eb4 f   libucrt:recalloc.obj
 0001:00021f4c       __acrt_initialize_heap     0000000140022f4c f   libucrt:heap_handle.obj
 0001:00021f68       __acrt_uninitialize_heap   0000000140022f68 f   libucrt:heap_handle.obj
 0001:00021f74       __acrt_execute_initializers 0000000140022f74 f   libucrt:shared_initialization.obj
 0001:00022008       __acrt_execute_uninitializers 0000000140023008 f   libucrt:shared_initialization.obj
 0001:00022098       __acrt_get_sigabrt_handler 0000000140023098 f   libucrt:signal.obj
 0001:000220c8       __acrt_initialize_signal_handlers 00000001400230c8 f   libucrt:signal.obj
 0001:000220e8       raise                      00000001400230e8 f   libucrt:signal.obj
 0001:00022364       wcsncpy_s                  0000000140023364 f   libucrt:wcsncpy_s.obj
 0001:00022460       __acrt_initialize_fmode    0000000140023460 f   libucrt:txtmode.obj
 0001:0002247c       __acrt_locale_free_monetary 000000014002347c f   libucrt:initmon.obj
 0001:00022588       __acrt_locale_free_numeric 0000000140023588 f   libucrt:initnum.obj
 0001:00022628       __acrt_locale_free_time    0000000140023628 f   libucrt:inittime.obj
 0001:00022730       __acrt_GetStringTypeA      0000000140023730 f   libucrt:getstringtypea.obj
 0001:000228c0       __acrt_add_locale_ref      00000001400238c0 f   libucrt:locale_refcounting.obj
 0001:0002294c       __acrt_free_locale         000000014002394c f   libucrt:locale_refcounting.obj
 0001:00022ac4       __acrt_locale_add_lc_time_reference 0000000140023ac4 f   libucrt:locale_refcounting.obj
 0001:00022aec       __acrt_locale_free_lc_time_if_unreferenced 0000000140023aec f   libucrt:locale_refcounting.obj
 0001:00022b24       __acrt_locale_release_lc_time_reference 0000000140023b24 f   libucrt:locale_refcounting.obj
 0001:00022b4c       __acrt_release_locale_ref  0000000140023b4c f   libucrt:locale_refcounting.obj
 0001:00022bf4       __acrt_update_thread_locale_data 0000000140023bf4 f   libucrt:locale_refcounting.obj
 0001:00022c64       _updatetlocinfoEx_nolock   0000000140023c64 f   libucrt:locale_refcounting.obj
 0001:00023000       __acrt_LCMapStringA        0000000140024000 f   libucrt:lcmapstringa.obj
 0001:00023098       iswctype                   0000000140024098 f   libucrt:iswctype.obj
 0001:00023104       __ascii_wcsnicmp           0000000140024104 f   libucrt:wcsnicmp.obj
 0001:00023150       __ascii_strnicmp           0000000140024150 f   libucrt:strnicmp.obj
 0001:0002319c       _strnicmp                  000000014002419c f   libucrt:strnicmp.obj
 0001:000231ec       _strnicmp_l                00000001400241ec f   libucrt:strnicmp.obj
 0001:000238ac       _sopen_nolock              00000001400248ac f   libucrt:open.obj
 0001:000239c8       _sopen_s                   00000001400249c8 f   libucrt:open.obj
 0001:000239fc       _wsopen_nolock             00000001400249fc f   libucrt:open.obj
 0001:00023dec       __acrt_DownlevelLocaleNameToLCID 0000000140024dec f   libucrt:lcidtoname_downlevel.obj
 0001:00023f1c       _commit                    0000000140024f1c f   libucrt:commit.obj
 0001:00024080       __acrt_fp_strflt_to_string 0000000140025080 f   libucrt:_fptostr.obj
 0001:00024190       ?divide@__crt_strtox@@YA_KAEAUbig_integer@1@AEBU21@@Z 0000000140025190 f i libucrt:cfout.obj
 0001:0002462c       __acrt_fltout              000000014002562c f   libucrt:cfout.obj
 0001:00025944       fegetround                 0000000140026944 f   libucrt:fegetround.obj
 0001:00025958       ?__c32rtomb_utf8@__crt_mbstring@@YA_KPEAD_UPEAU_Mbstatet@@AEAV__crt_cached_ptd_host@@@Z 0000000140026958 f   libucrt:c32rtomb.obj
 0001:000259fc       ?__mbrtowc_utf8@__crt_mbstring@@YA_KPEA_WPEBD_KPEAU_Mbstatet@@AEAV__crt_cached_ptd_host@@@Z 00000001400269fc f   libucrt:mbrtowc.obj
 0001:00025a40       ?__mbsrtowcs_utf8@__crt_mbstring@@YA_KPEA_WPEAPEBD_KPEAU_Mbstatet@@AEAV__crt_cached_ptd_host@@@Z 0000000140026a40 f   libucrt:mbrtowc.obj
 0001:00025be4       _isatty                    0000000140026be4 f   libucrt:isatty.obj
 0001:00025e34       _wgetcwd                   0000000140026e34 f   libucrt:getcwd.obj
 0001:00025e5c       _towlower_l                0000000140026e5c f   libucrt:towlower.obj
 0001:00025f50       __acrt_initialize_timeset  0000000140026f50 f   libucrt:timeset.obj
 0001:00025fa0       __daylight                 0000000140026fa0 f   libucrt:timeset.obj
 0001:00025fa8       __dstbias                  0000000140026fa8 f   libucrt:timeset.obj
 0001:00025fb0       __timezone                 0000000140026fb0 f   libucrt:timeset.obj
 0001:00025fb8       __tzname                   0000000140026fb8 f   libucrt:timeset.obj
 0001:00025fc0       __wide_tzname              0000000140026fc0 f   libucrt:timeset.obj
 0001:00025fc8       _get_daylight              0000000140026fc8 f   libucrt:timeset.obj
 0001:00025ff8       _get_dstbias               0000000140026ff8 f   libucrt:timeset.obj
 0001:00026028       _get_timezone              0000000140027028 f   libucrt:timeset.obj
 0001:00026bc4       __tzset                    0000000140027bc4 f   libucrt:tzset.obj
 0001:00026c08       _isindst                   0000000140027c08 f   libucrt:tzset.obj
 0001:00026e04       _lseeki64                  0000000140027e04 f   libucrt:lseek.obj
 0001:00026ea0       _lseeki64_nolock           0000000140027ea0 f   libucrt:lseek.obj
 0001:00026f3c       _lseeki64_nolock_internal  0000000140027f3c f   libucrt:lseek.obj
 0001:00026f44       _putwch_nolock             0000000140027f44 f   libucrt:putwch.obj
 0001:00026f80       __acrt_stdio_allocate_buffer_nolock 0000000140027f80 f   libucrt:_getbuf.obj
 0001:00026fec       __acrt_fenv_get_common_round_control 0000000140027fec f   libucrt:_fenvutils.obj
 0001:00026ff8       __acrt_fenv_get_control    0000000140027ff8 f   libucrt:_fenvutils.obj
 0001:000270dc       __acrt_fenv_get_status     00000001400280dc f   libucrt:_fenvutils.obj
 0001:00027134       __acrt_fenv_set_control    0000000140028134 f   libucrt:_fenvutils.obj
 0001:0002726c       __acrt_fenv_set_status     000000014002826c f   libucrt:_fenvutils.obj
 0001:000272e0       qsort                      00000001400282e0 f   libucrt:qsort.obj
 0001:000276f0       strncpy_s                  00000001400286f0 f   libucrt:strncpy_s.obj
 0001:00027880       strpbrk                    0000000140028880 f   libucrt:strpbrk.obj
 0001:00027c48       _mbsdec                    0000000140028c48 f   libucrt:mbsdec.obj
 0001:00027c50       _mbsdec_l                  0000000140028c50 f   libucrt:mbsdec.obj
 0001:00027cfc       _wcsnicoll                 0000000140028cfc f   libucrt:wcsnicol.obj
 0001:00027d4c       _wcsnicoll_l               0000000140028d4c f   libucrt:wcsnicol.obj
 0001:00027e3c       __strncnt                  0000000140028e3c f   libucrt:strncnt.obj
 0001:00027e54       __acrt_GetStringTypeW      0000000140028e54 f   libucrt:getstringtypew.obj
 0001:00027e5c       _chsize_nolock             0000000140028e5c f   libucrt:chsize.obj
 0001:00027ef4       _chsize_nolock_internal    0000000140028ef4 f   libucrt:chsize.obj
 0001:00028088       _controlfp_s               0000000140029088 f   libucrt:contrlfp.obj
 0001:000280ec       fegetenv                   00000001400290ec f   libucrt:fegetenv.obj
 0001:0002810c       fesetenv                   000000014002910c f   libucrt:fesetenv.obj
 0001:00028164       feholdexcept               0000000140029164 f   libucrt:feholdexcept.obj
 0001:000281b4       ceil                       00000001400291b4 f   libucrt:ceil.obj
 0001:00028280       log10                      0000000140029280 f   libucrt:log10.obj
 0001:0002882c       ?reset_and_return@__crt_mbstring@@YA_K_KPEAU_Mbstatet@@@Z 000000014002982c f   libucrt:common_utf8.obj
 0001:00028834       ?return_illegal_sequence@__crt_mbstring@@YA_KPEAU_Mbstatet@@AEAV__crt_cached_ptd_host@@@Z 0000000140029834 f   libucrt:common_utf8.obj
 0001:00028848       ?__mbrtoc32_utf8@__crt_mbstring@@YA_KPEA_UPEBD_KPEAU_Mbstatet@@AEAV__crt_cached_ptd_host@@@Z 0000000140029848 f   libucrt:mbrtoc32.obj
 0001:00028a24       __acrt_LCMapStringW        0000000140029a24 f   libucrt:lcmapstringw.obj
 0001:00028aac       wcstol                     0000000140029aac f   libucrt:strtox.obj
 0001:00028cf0       _wgetenv_s                 0000000140029cf0 f   libucrt:getenv.obj
 0001:00028cf8       __dcrt_lowio_ensure_console_output_initialized 0000000140029cf8 f   libucrt:initcon.obj
 0001:00028d4c       __dcrt_terminate_console_output 0000000140029d4c f   libucrt:initcon.obj
 0001:00028d68       __dcrt_write_console       0000000140029d68 f   libucrt:initcon.obj
 0001:00028e28       __acrt_CompareStringW      0000000140029e28 f   libucrt:comparestringw.obj
 0001:0002900c       _handle_error              000000014002a00c f   libucrt:libm_error.obj
 0001:00029134       _handle_errorf             000000014002a134 f   libucrt:libm_error.obj
 0001:00029268       _handle_nan                000000014002a268 f   libucrt:libm_error.obj
 0001:00029284       _handle_nanf               000000014002a284 f   libucrt:libm_error.obj
 0001:000292a0       __acrt_initialize_fma3     000000014002a2a0 f   libucrt:fma3_available.obj
 0001:00029310       _log10_special             000000014002a310 f   libucrt:log_special.obj
 0001:000293c8       _raise_exc                 000000014002a3c8 f   libucrt:fpexcept.obj
 0001:000293f0       _raise_exc_ex              000000014002a3f0 f   libucrt:fpexcept.obj
 0001:000296f8       _raise_excf                000000014002a6f8 f   libucrt:fpexcept.obj
 0001:00029724       _set_errno_from_matherr    000000014002a724 f   libucrt:fpexcept.obj
 0001:00029754       _clrfp                     000000014002a754 f   libucrt:fpctrl.obj
 0001:00029774       _ctrlfp                    000000014002a774 f   libucrt:fpctrl.obj
 0001:000297f0       _set_statfp                000000014002a7f0 f   libucrt:fpctrl.obj
 0001:00029810       _statfp                    000000014002a810 f   libucrt:fpctrl.obj
 0001:00029824       __GSHandlerCheck           000000014002a824 f   LIBCMT:gshandler.obj
 0001:00029844       __GSHandlerCheckCommon     000000014002a844 f   LIBCMT:gshandler.obj
 0001:000298b0       __security_check_cookie    000000014002a8b0 f   LIBCMT:amdsecgs.obj
 0001:000298d0       _FindPESection             000000014002a8d0 f   LIBCMT:pesect.obj
 0001:00029920       _IsNonwritableInCurrentImage 000000014002a920 f   LIBCMT:pesect.obj
 0001:00029970       _ValidateImageBase         000000014002a970 f   LIBCMT:pesect.obj
 0001:000299a0       __GSHandlerCheck_SEH       000000014002a9a0 f   LIBCMT:gshandlerseh.obj
 0001:00029a28       __raise_securityfailure    000000014002aa28 f   LIBCMT:gs_report.obj
 0001:00029a5c       __report_gsfailure         000000014002aa5c f   LIBCMT:gs_report.obj
 0001:00029b30       __report_rangecheckfailure 000000014002ab30 f   LIBCMT:gs_report.obj
 0001:00029b44       __report_securityfailure   000000014002ab44 f   LIBCMT:gs_report.obj
 0001:00029cc4       __GSHandlerCheck_EH        000000014002acc4 f   LIBCMT:gshandlereh.obj
 0001:00029d60       _alloca_probe              000000014002ad60 f   LIBCMT:chkstk.obj
 0001:00029d60       __chkstk                   000000014002ad60 f   LIBCMT:chkstk.obj
 0001:00029db0       __C_specific_handler_noexcept 000000014002adb0 f   libvcruntime:chandler_noexcept.obj
 0001:00029dfc       wcsrchr                    000000014002adfc f   libvcruntime:wcsrchr.obj
 0001:00029ec0       memcmp                     000000014002aec0 f   libvcruntime:memcmp.obj
 0001:00029f88       strrchr                    000000014002af88 f   libvcruntime:strrchr.obj
 0001:0002a0b4       wcschr                     000000014002b0b4 f   libvcruntime:wcschr.obj
 0001:00032fd0       __vdecl_sinf4              0000000140033fd0 f   LIBCMT:svml_ssinf4_dispatch.obj
 0001:00032ff0       __libm_sse2_sincosf_       0000000140033ff0 f   LIBCMT:svml_ssinf4_dispatch.obj
 0001:00033033       __libm_sse2_sincosf4_      0000000140034033 f   LIBCMT:svml_ssinf4_dispatch.obj
 0001:00033040       __vdecl_cos2               0000000140034040 f   LIBCMT:svml_dcos2_dispatch.obj
 0001:00033060       __sse2_sinf4@@16           0000000140034060 f   LIBCMT:svml_ssinf4_sse2.obj
 0001:000339a0       __sse4_sinf4@@16           00000001400349a0 f   LIBCMT:svml_ssinf4_sse4.obj
 0001:00034120       __sse2_cos2@@16            0000000140035120 f   LIBCMT:svml_dcos2_sse2.obj
 0001:000347d0       __sse4_cos2@@16            00000001400357d0 f   LIBCMT:svml_dcos2_sse4.obj
 0001:00034e80       __common_ssin_cout_rare    0000000140035e80 f   LIBCMT:svml_s_sin_cout.obj
 0001:00034ef0       __common_dcos_cout_rare    0000000140035ef0 f   LIBCMT:svml_d_cos_cout.obj
 0001:00034f60       _vcomp_for_dynamic_init    0000000140035f60 f   VCOMP:VCOMP140.DLL
 0001:00034f66       _vcomp_for_dynamic_next    0000000140035f66 f   VCOMP:VCOMP140.DLL
[...]
 0002:000114e8       $xdatasym                  000000014004b4e8     libucrt:powf.obj
 0002:000114f8       $xdatasym                  000000014004b4f8     libucrt:sinf.obj
 0002:00011500       $unwind$tanhf              000000014004b500     libucrt:tanhf.obj
 0002:00011520       $xdatasym                  000000014004b520     libucrt:remainder_piby2_forasm.obj
 0002:00011530       $xdatasym                  000000014004b530     libucrt:remainder_piby2_forfma3.obj
 0002:0001153c       $unwind$_sincos_special    000000014004b53c     libucrt:sincos_special.obj
 0002:0001153c       $unwind$_sincosf_special   000000014004b53c     libucrt:sincos_special.obj
 0002:00011548       $xdatasym                  000000014004b548     libucrt:remainder_piby2f_forasm.obj
 0002:0001154c       $unwind$_powf_special      000000014004b54c     libucrt:pow_special.obj
 0002:00011558       $xdatasym                  000000014004b558     libucrt:remainder_piby2f_forc.obj
 0002:00011e76       .idata$6                   000000014004be76     ws2_32:WS2_32.dll
 0002:00011e98       .idata$6                   000000014004be98     kernel32:KERNEL32.dll
 0002:00011eca       .idata$6                   000000014004beca     user32:USER32.dll
 0002:00011fd6       .idata$6                   000000014004bfd6     bass:BASS.dll
 0002:00012074       .idata$6                   000000014004c074     DevIL:DevIL.dll
 0002:000122fe       .idata$6                   000000014004c2fe     SDL2:SDL2.dll
 0002:00012a1c       .idata$6                   000000014004ca1c     VCOMP:VCOMP140.DLL
 0003:00000040       ?__vcrt_flsindex@@3KA      000000014004d040     libvcruntime:per_thread_data.obj
 0003:00000160       ?dazSupported@?1??common_control87@@9@9 000000014004d160     libucrt:ieee.obj
 0003:00000168       ?errno_no_memory@@3HA      000000014004d168     libucrt:errno.obj
 0003:0000016c       ?doserrno_no_memory@@3KA   000000014004d16c     libucrt:errno.obj
 0003:000001b8       ?__acrt_flsindex@@3KA      000000014004d1b8     libucrt:per_thread_data.obj
 0003:00000660       _mbctypes                  000000014004d660     libucrt:mbctype.obj
 0003:00000770       _mbcasemaps                000000014004d770     libucrt:mbctype.obj
 0003:00000870       ?__rgctypeflag@@3PADA      000000014004d870     libucrt:mbctype.obj
 0003:00000880       ?__rgcode_page_info@@3PAUcode_page_info@@A 000000014004d880     libucrt:mbctype.obj
 0003:00000a30       ?tzstd_program@@3PADA      000000014004da30     libucrt:timeset.obj
 0003:00000a70       ?tzdst_program@@3PADA      000000014004da70     libucrt:timeset.obj
 0003:00000ab0       ?w_tzstd_program@@3PA_WA   000000014004dab0     libucrt:timeset.obj
 0003:00000b30       ?w_tzdst_program@@3PA_WA   000000014004db30     libucrt:timeset.obj
 0003:00000bb0       ?tzname_states@@3PAY01PEADA 000000014004dbb0     libucrt:timeset.obj
 0003:00000bc0       ?w_tzname_states@@3PAY01PEA_WA 000000014004dbc0     libucrt:timeset.obj
 0003:00000bd0       ?dststart@@3Utransitiondate@?A0x7639d0b4@@A 000000014004dbd0     libucrt:tzset.obj
 0003:00000be0       ?dstend@@3Utransitiondate@?A0x7639d0b4@@A 000000014004dbe0     libucrt:tzset.obj
 0003:00000bf0       ?__dcrt_lowio_console_output_handle@@3PEAXEA 000000014004dbf0     libucrt:initcon.obj
 0003:00000c00       ?dazSupported@?1??_ctrlfp@@9@9 000000014004dc00     libucrt:fpctrl.obj
 0003:00000c40       ?need_init@?1??server_connect@@9@9 000000014004dc40     device.obj
 0003:00000c44       ?s_curRayLength@@3IA       000000014004dc44     ball.obj
 0003:00000c48       ?s_beamAlphaMin@@3MA       000000014004dc48     ball.obj
 0003:00000c4c       ?s_beamAtten@@3IA          000000014004dc4c     ball.obj
 0003:00000c50       ?s_rocketCallbacks@@3Usync_cb@@A 000000014004dc50     rocket.obj
 0003:00000c68       ?s_mapTilt@@3HA            000000014004dc68     landscape.obj
 0003:00000c70       ?s_lastErr@@3V?$basic_string@DU?$char_traits@D@std@@V?$allocator@D@2@@std@@A 000000014004dc70     main.obj
 0003:00000f20       ?is_initialized_as_dll@@3_NA 000000014004df20     LIBCMT:utility.obj
 0003:00000f21       ?module_local_atexit_table_initialized@@3_NA 000000014004df21     LIBCMT:utility.obj
 0003:00000f28       ?module_local_atexit_table@@3U_onexit_table_t@@A 000000014004df28     LIBCMT:utility.obj
 0003:00000f40       ?module_local_at_quick_exit_table@@3U_onexit_table_t@@A 000000014004df40     LIBCMT:utility.obj
 0003:00000f90       ?__vcrt_startup_thread_ptd@@3U__vcrt_ptd@@A 000000014004df90     libvcruntime:per_thread_data.obj
 0003:00001010       __vcrt_lock_table          000000014004e010     libvcruntime:locks.obj
 0003:00001038       __vcrt_locks_initialized   000000014004e038     libvcruntime:locks.obj
 0003:00001080       ?heap@@3V_HeapManager@@A   000000014004e080     libvcruntime:undname.obj
 0003:000010a8       ?module_handles@@3PAPEAUHINSTANCE__@@A 000000014004e0a8     libvcruntime:winapi_downlevel.obj
 0003:000010c0       ?function_pointers@@3PAPEAXA 000000014004e0c0     libvcruntime:winapi_downlevel.obj
 0003:00001108       ?__acrt_invalid_parameter_handler@@3V?$dual_state_global@P6AXPEB_W00I_K@Z@__crt_state_management@@A 000000014004e108     libucrt:invalid_parameter.obj
 0003:00001110       ?__acrt_new_handler@@3V?$dual_state_global@P6AH_K@Z@__crt_state_management@@A 000000014004e110     libucrt:new_handler.obj
 0003:00001118       ?c_termination_complete@@3JA 000000014004e118     libucrt:exit.obj
 0003:00001120       ?thread_local_exit_callback_func@@3P6AXPEAXK0@ZEA 000000014004e120     libucrt:exit.obj
 0003:00001128       ?c_exit_complete@?1???R<lambda_6e4b09c48022b2350581041d5f6b0c4c>@@QEBA@XZ@4_NA 000000014004e128     libucrt:exit.obj
 0003:00001130       ?program_name@?1???$common_configure_argv@D@@YAHW4_crt_argv_mode@@@Z@4PADA 000000014004e130     libucrt:argv_parsing.obj
 0003:00001288       ?__acrt_app_type@@3W4_crt_app_type@@A 000000014004e288     libucrt:report_runtime_error.obj
 0003:00001290       ?user_matherr@@3V?$dual_state_global@P6AHPEAU_exception@@@Z@__crt_state_management@@A 000000014004e290     libucrt:matherr.obj
 0003:00001298       ?empty_string@?1???$common_wincmdln@E@@YAPEAEXZ@4PAEA 000000014004e298     libucrt:argv_winmain.obj
 0003:000012a0       ?__acrt_global_new_mode@@3V?$dual_state_global@J@__crt_state_management@@A 000000014004e2a0     libucrt:new_mode.obj
 0003:000012b0       ?module_handles@@3PAPEAUHINSTANCE__@@A 000000014004e2b0     libucrt:winapi_thunks.obj
 0003:00001360       ?encoded_function_pointers@@3PAPEAXA 000000014004e360     libucrt:winapi_thunks.obj
 0003:00001870       ?internal_state@?1??_mbtowc_internal@@9@4U_Mbstatet@@A 000000014004e870     libucrt:mbtowc.obj
 0003:00001878       ?enable_percent_n@@3_KA    000000014004e878     libucrt:printf_count_output.obj
 0003:00001890       ?__acrt_lock_table@@3PAU_RTL_CRITICAL_SECTION@@A 000000014004e890     libucrt:locks.obj
 0003:00001ac0       ?__acrt_locks_initialized@@3IA 000000014004eac0     libucrt:locks.obj
 0003:00001ae0       ?fSystemSet@@3HA           000000014004eae0     libucrt:mbctype.obj
 0003:00001ae4       ?initialized@?1??__acrt_initialize_multibyte@@9@4_NA 000000014004eae4     libucrt:mbctype.obj
 0003:00001b20       ?ctrlc_action@@3V?$dual_state_global@P6AXH@Z@__crt_state_management@@A 000000014004eb20     libucrt:signal.obj
 0003:00001b28       ?ctrlbreak_action@@3V?$dual_state_global@P6AXH@Z@__crt_state_management@@A 000000014004eb28     libucrt:signal.obj
 0003:00001b30       ?abort_action@@3V?$dual_state_global@P6AXH@Z@__crt_state_management@@A 000000014004eb30     libucrt:signal.obj
 0003:00001b38       ?term_action@@3V?$dual_state_global@P6AXH@Z@__crt_state_management@@A 000000014004eb38     libucrt:signal.obj
 0003:00001b60       ?_tzname@@3V?$dual_state_global@PEAPEAD@__crt_state_management@@A 000000014004eb60     libucrt:timeset.obj
 0003:00001b68       ?w_tzname@@3V?$dual_state_global@PEAPEA_W@__crt_state_management@@A 000000014004eb68     libucrt:timeset.obj
 0003:00001b70       ?last_wide_tz@@3PEA_WEA    000000014004eb70     libucrt:tzset.obj
 0003:00001b80       ?tz_api_used@@3HA          000000014004eb80     libucrt:tzset.obj
 0003:00001b84       ?tzset_init_state@@3V?$dual_state_global@J@__crt_state_management@@A 000000014004eb84     libucrt:tzset.obj
 0003:00001b90       ?tz_info@@3U_TIME_ZONE_INFORMATION@@A 000000014004eb90     libucrt:tzset.obj
 0003:00001c40       ?internal_pst@?1??__mbrtoc32_utf8@__crt_mbstring@@YA_KPEA_UPEBD_KPEAU_Mbstatet@@AEAV__crt_cached_ptd_host@@@Z@4U3@A 000000014004ec40     libucrt:mbrtoc32.obj
 0003:00001c50       GS_ExceptionRecord         000000014004ec50     LIBCMT:gs_report.obj
 0003:00001cf0       GS_ContextRecord           000000014004ecf0     LIBCMT:gs_report.obj
 0003:000095d0       ?fNautilus_global@@3VVector3@@A 00000001400565d0     shadertoy.obj
 0003:000095e0       ?fSpike_global@@3VVector4@@A 00000001400565e0     shadertoy.obj
 0003:000095f0       ?temp@?1??path_encode@@9@9 00000001400565f0     device.obj
 0003:000096f4       ?s_hMusic@@3KA             00000001400566f4     audio.obj
 0003:000096f8       ?s_bassInf@@3UBASS_INFO@@A 00000001400566f8     audio.obj
 0003:00009730       ?temp@?1??sync_track_path@@9@9 0000000140056730     device.obj
 0003:00009838       ?s_pColorMap@@3PAPEAIA     0000000140056838     ball.obj
 0003:00009848       ?s_pEnvMap@@3PEAIEA        0000000140056848     ball.obj
 0003:00009850       ?s_heightProj@@3PAIA       0000000140056850     ball.obj
 0003:0000a850       ?s_heightProjNorm@@3PAHA   0000000140057850     ball.obj
 0003:0000b850       ?s_pHeightMap@@3PAPEAEA    0000000140058850     ball.obj
 0003:0000b878       ?s_pHalo@@3PEAIEA          0000000140058878     ball.obj
 0003:0000b880       ?s_pBeamMapMix@@3PEAIEA    0000000140058880     ball.obj
 0003:0000b888       ?s_pBeamMaps@@3PAPEAIA     0000000140058888     ball.obj
 0003:0000b8a0       ?s_heightMapMix@@3PEAEEA   00000001400588a0     ball.obj
 0003:0000b8a8       ?s_pBackgrounds@@3PAPEAIA  00000001400588a8     ball.obj
 0003:0000b8b8       ?s_pTempBuf@@3PEAIEA       00000001400588b8     boxblur.obj
 0003:0000b8c0       ?s_genState@@3UTINYMT32_T@@A 00000001400588c0     random.obj
 0003:0000b8e0       ?s_hRocket@@3PEAUsync_device@@EA 00000001400588e0     rocket.obj
 0003:0000b8e8       ?s_pFDTunnelTex@@3PEAIEA   00000001400588e8     shadertoy.obj
 0003:0000b8f0       ?s_pFDTunnelTexHighlights@@3PEAIEA 00000001400588f0     shadertoy.obj
 0003:0000b8f8       ?s_pSpikeBlurMaps@@3PAPEAIA 00000001400588f8     shadertoy.obj
 0003:0000b908       ?s_pNautilusDirt@@3PEAIEA  0000000140058908     demo.obj
 0003:0000b910       ?s_pBallVignette@@3PEAIEA  0000000140058910     demo.obj
 0003:0000b918       ?s_pLenz@@3PEAIEA          0000000140058918     demo.obj
 0003:0000b920       ?s_pRevLogo@@3PEAIEA       0000000140058920     demo.obj
 0003:0000b928       ?s_pSpikeyFullDirt@@3PEAIEA 0000000140058928     demo.obj
 0003:0000b930       ?s_pNoooN@@3PEAIEA         0000000140058930     demo.obj
 0003:0000b938       ?s_pTunnelVignette2@@3PEAIEA 0000000140058938     demo.obj
 0003:0000b940       ?s_pDiscoGuys@@3PAPEAIA    0000000140058940     demo.obj
 0003:0000b980       ?s_pGreetings@@3PAPEAIA    0000000140058980     demo.obj
 0003:0000b9a0       ?s_pCredits@@3PAPEAIA      00000001400589a0     demo.obj
 0003:0000b9c0       ?s_pSpikeyBypass@@3PEAIEA  00000001400589c0     demo.obj
 0003:0000b9c8       ?s_pWaterDirt@@3PEAIEA     00000001400589c8     demo.obj
 0003:0000b9d0       ?s_pCloseSpikeVignette@@3PEAIEA 00000001400589d0     demo.obj
 0003:0000b9d8       ?s_pCloseSpikeDirt@@3PEAIEA 00000001400589d8     demo.obj
 0003:0000b9e0       ?s_pVignette06@@3PEAIEA    00000001400589e0     demo.obj
 0003:0000b9e8       ?s_pRibbons@@3PEAIEA       00000001400589e8     demo.obj
 0003:0000b9f0       ?s_pNautilusCousteauRim2@@3PEAIEA 00000001400589f0     demo.obj
 0003:0000b9f8       ?s_pWaterPrismOverlay@@3PEAIEA 00000001400589f8     demo.obj
 0003:0000ba00       ?s_pNautilusCousteau2@@3PEAIEA 0000000140058a00     demo.obj
 0003:0000ba08       ?s_pSpikeyArrested@@3PEAIEA 0000000140058a08     demo.obj
 0003:0000ba10       ?s_pAreWeDone@@3PEAIEA     0000000140058a10     demo.obj
 0003:0000ba18       ?s_pTunnelFullDirt@@3PEAIEA 0000000140058a18     demo.obj
 0003:0000ba20       ?s_pGodLayer@@3PEAIEA      0000000140058a20     demo.obj
 0003:0000ba28       ?s_pSpikeyVignette@@3PEAIEA 0000000140058a28     demo.obj
 0003:0000ba30       ?s_pNautilusCousteauRim1@@3PEAIEA 0000000140058a30     demo.obj
 0003:0000ba38       ?s_pTunnelVignette@@3PEAIEA 0000000140058a38     demo.obj
 0003:0000ba40       ?s_pNautilusCousteau1@@3PEAIEA 0000000140058a40     demo.obj
 0003:0000ba48       ?s_pNautilusVignette@@3PEAIEA 0000000140058a48     demo.obj
 0003:0000ba50       ?s_pNautilusText@@3PEAIEA  0000000140058a50     demo.obj
 0003:0000ba58       ?s_pGreetingsDirt@@3PEAIEA 0000000140058a58     demo.obj
 0003:0000ba60       ?s_pGreetingsVignette@@3PEAIEA 0000000140058a60     demo.obj
 0003:0000ba68       ?s_pMFX@@3PEAIEA           0000000140058a68     demo.obj
 0003:0000ba70       ?s_pSpikeyVignette2@@3PEAIEA 0000000140058a70     demo.obj
 0003:0000ba78       ?s_pPad@@3PEAU_SDL_GameController@@EA 0000000140058a78     gamepad.obj
 0003:0000ba80       ?s_pGC@@3V?$vector@PEAXV?$allocator@PEAX@std@@@std@@A 0000000140058a80     image.obj
 0003:0000ba98       ?s_pColorMap@@3PEAIEA      0000000140058a98     landscape.obj
 0003:0000baa0       ?s_fogGradientUnp@@3PAT__m128i@@A 0000000140058aa0     landscape.obj
 0003:0000caa0       ?s_pFogGradient@@3PEAIEA   0000000140059aa0     landscape.obj
 0003:0000caa8       ?s_pHeightMap@@3PEAEEA     0000000140059aa8     landscape.obj
 0003:0000cab0       ?s_pInvMap2x2@@3PEAHEA     0000000140059ab0     polar.obj
 0003:0000cab8       ?s_pMap@@3PEAHEA           0000000140059ab8     polar.obj
 0003:0000cac0       ?s_pInvMap@@3PEAHEA        0000000140059ac0     polar.obj
 0003:0000cac8       ?s_pMap2x2@@3PEAHEA        0000000140059ac8     polar.obj
 0003:0000cad0       ?s_pColorMap@@3PEAIEA      0000000140059ad0     torus-twister.obj
 0003:0000cad8       ?s_pHeightMap@@3PEAEEA     0000000140059ad8     torus-twister.obj
 0003:0000cae0       ?s_heightProj@@3PAIA       0000000140059ae0     torus-twister.obj
 0003:0000d2e0       ?s_heightProjNorm@@3PAIA   000000014005a2e0     torus-twister.obj
 0003:0000dae0       ?s_pBackground@@3PEAIEA    000000014005aae0     torus-twister.obj
 0003:0000dae8       ?s_pColorMap@@3PEAIEA      000000014005aae8     tunnelscape.obj
 0003:0000daf0       ?s_fogGradientUnp@@3PAT__m128i@@A 000000014005aaf0     tunnelscape.obj
 0003:0000eaf0       ?s_pFogGradient@@3PEAIEA   000000014005baf0     tunnelscape.obj
 0003:0000eaf8       ?s_pHeightMap@@3PEAEEA     000000014005baf8     tunnelscape.obj
 0003:0000eb00       ?numCalls@?9??Gamepad_Update@@YA_NAEAUPadState@@@Z@4HA 000000014005bb00     gamepad.obj
 0003:0000eb04       ?strafeX@?1??vscape@@YAXPEAIMM@Z@4MA 000000014005bb04     landscape.obj
 0003:0000eb08       ?viewAngle@?1??vscape@@YAXPEAIMM@Z@4MA 000000014005bb08     landscape.obj
 0003:0000eb0c       ?padMoveX@?1??vscape@@YAXPEAIMM@Z@4MA 000000014005bb0c     landscape.obj
 0003:0000eb10       ?padTilt@?1??vscape@@YAXPEAIMM@Z@4MA 000000014005bb10     landscape.obj
 0003:0000eb14       ?padMoveY@?1??vscape@@YAXPEAIMM@Z@4MA 000000014005bb14     landscape.obj
 0003:0000eb18       ?strafeY@?1??vscape@@YAXPEAIMM@Z@4MA 000000014005bb18     landscape.obj
 0003:0000eb20       ?edgeDivs@?1??VerticalBoxBlur32@@YAXPEAIPEBIIIM@Z@4PAT__m128i@@A 000000014005bb20     boxblur.obj
 0003:0000fb20       ?edgeDivs@?1??HorizontalBoxBlur32@@YAXPEAIPEBIIIM@Z@4PAT__m128i@@A 000000014005cb20     boxblur.obj
 0005:00000000       MsetTab                    0000000140061000     libvcruntime:memset.obj
 0005:00000050       MoveSmall                  0000000140061050     libvcruntime:memcpy.obj
 0005:00000090       MoveSmallYmm               0000000140061090     libvcruntime:memcpy.obj
 0005:000000b4       MoveSmallYmmNT             00000001400610b4     libvcruntime:memcpy.obj
 0005:000000d8       MoveSmallXmm               00000001400610d8     libvcruntime:memcpy.obj
 0005:00000100       _2il0floatpacket$19        0000000140061100     LIBCMT:svml_ssinf4_sse2.obj
 0005:00000200       _2il0floatpacket$26        0000000140061200     LIBCMT:svml_dcos2_sse2.obj
 0005:00000210       _2il0floatpacket$27        0000000140061210     LIBCMT:svml_dcos2_sse2.obj
 0005:00000220       _2il0floatpacket$28        0000000140061220     LIBCMT:svml_dcos2_sse2.obj
 0005:00000230       _2il0floatpacket$29        0000000140061230     LIBCMT:svml_dcos2_sse2.obj
 0005:00000240       _2il0floatpacket$30        0000000140061240     LIBCMT:svml_dcos2_sse2.obj
 0005:00000250       _2il0floatpacket$31        0000000140061250     LIBCMT:svml_dcos2_sse2.obj
 0005:00000260       _2il0floatpacket$32        0000000140061260     LIBCMT:svml_dcos2_sse2.obj
 0005:00000270       _2il0floatpacket$33        0000000140061270     LIBCMT:svml_dcos2_sse2.obj
 0005:00000280       _2il0floatpacket$34        0000000140061280     LIBCMT:svml_dcos2_sse2.obj
 0005:00000290       _2il0floatpacket$35        0000000140061290     LIBCMT:svml_dcos2_sse2.obj
 0005:000002a0       _2il0floatpacket$36        00000001400612a0     LIBCMT:svml_dcos2_sse2.obj
 0005:000002b0       _2il0floatpacket$37        00000001400612b0     LIBCMT:svml_dcos2_sse2.obj
 0005:000002c0       _2il0floatpacket$38        00000001400612c0     LIBCMT:svml_dcos2_sse2.obj
 0005:000002d0       _2il0floatpacket$39        00000001400612d0     LIBCMT:svml_dcos2_sse2.obj
 0005:000002e0       _2il0floatpacket$40        00000001400612e0     LIBCMT:svml_dcos2_sse2.obj
 0005:000002f0       _2il0floatpacket$41        00000001400612f0     LIBCMT:svml_dcos2_sse2.obj
 0005:00000300       _2il0floatpacket$42        0000000140061300     LIBCMT:svml_dcos2_sse2.obj
 0005:00000310       _2il0floatpacket$43        0000000140061310     LIBCMT:svml_dcos2_sse2.obj
 0005:00000400       _2il0floatpacket$26        0000000140061400     LIBCMT:svml_dcos2_sse4.obj
 0005:00000410       _2il0floatpacket$27        0000000140061410     LIBCMT:svml_dcos2_sse4.obj
 0005:00000420       _2il0floatpacket$28        0000000140061420     LIBCMT:svml_dcos2_sse4.obj
 0005:00000430       _2il0floatpacket$29        0000000140061430     LIBCMT:svml_dcos2_sse4.obj
 0005:00000440       _2il0floatpacket$30        0000000140061440     LIBCMT:svml_dcos2_sse4.obj
 0005:00000450       _2il0floatpacket$31        0000000140061450     LIBCMT:svml_dcos2_sse4.obj
 0005:00000460       _2il0floatpacket$32        0000000140061460     LIBCMT:svml_dcos2_sse4.obj
 0005:00000470       _2il0floatpacket$33        0000000140061470     LIBCMT:svml_dcos2_sse4.obj
 0005:00000480       _2il0floatpacket$34        0000000140061480     LIBCMT:svml_dcos2_sse4.obj
 0005:00000490       _2il0floatpacket$35        0000000140061490     LIBCMT:svml_dcos2_sse4.obj
 0005:000004a0       _2il0floatpacket$36        00000001400614a0     LIBCMT:svml_dcos2_sse4.obj
 0005:000004b0       _2il0floatpacket$37        00000001400614b0     LIBCMT:svml_dcos2_sse4.obj
 0005:000004c0       _2il0floatpacket$38        00000001400614c0     LIBCMT:svml_dcos2_sse4.obj
 0005:000004d0       _2il0floatpacket$39        00000001400614d0     LIBCMT:svml_dcos2_sse4.obj
 0005:000004e0       _2il0floatpacket$40        00000001400614e0     LIBCMT:svml_dcos2_sse4.obj
 0005:000004f0       _2il0floatpacket$41        00000001400614f0     LIBCMT:svml_dcos2_sse4.obj
 0005:00000500       _2il0floatpacket$42        0000000140061500     LIBCMT:svml_dcos2_sse4.obj
 0005:00000510       _2il0floatpacket$43        0000000140061510     LIBCMT:svml_dcos2_sse4.obj
 0005:00002700       _vmlsSinHATab              0000000140063700     LIBCMT:svml_s_sin_cout.obj
 0005:00013500       _vmldCosHATab              0000000140074500     LIBCMT:svml_d_cos_cout.obj
 0006:00000060       $R000000                   0000000140075060     * linker generated manifest res *
