 VS17

 Timestamp is 64243ce6 (Wed Mar 29 15:28:06 2023)

 Preferred load address is 0000000140000000

 Start         Length     Name                   Class
 0001:00000000 00000020H .text$di                CODE
 0001:00000020 00038790H .text$mn                CODE
 0001:000387b0 00000040H .text$mn$00             CODE
 0001:000387f0 000006d0H .text$x                 CODE
 0001:00038ec0 000000d9H .text$yd                CODE
 0002:00000000 00000538H .idata$5                DATA
 0002:00000538 00000028H .00cfg                  DATA
 0002:00000560 00000008H .CRT$XCA                DATA
 0002:00000568 00000008H .CRT$XCAA               DATA
 0002:00000570 00000010H .CRT$XCU                DATA
 0002:00000580 00000008H .CRT$XCZ                DATA
 0002:00000588 00000008H .CRT$XIA                DATA
 0002:00000590 00000008H .CRT$XIAA               DATA
 0002:00000598 00000008H .CRT$XIAC               DATA
 0002:000005a0 00000028H .CRT$XIC                DATA
 0002:000005c8 00000008H .CRT$XIZ                DATA
 0002:000005d0 00000008H .CRT$XPA                DATA
 0002:000005d8 00000010H .CRT$XPX                DATA
 0002:000005e8 00000008H .CRT$XPXA               DATA
 0002:000005f0 00000008H .CRT$XPZ                DATA
 0002:000005f8 00000008H .CRT$XTA                DATA
 0002:00000600 00000010H .CRT$XTZ                DATA
 0002:00000608 00000000H .gehcont$y              DATA
 0002:00000608 00000000H .gfids$y                DATA
 0002:00000610 0000d370H .rdata                  DATA
 0002:0000d980 00000000H .rdata$CastGuardVftablesA DATA
 0002:0000d980 00000000H .rdata$CastGuardVftablesC DATA
 0002:0000d980 000006fcH .rdata$r                DATA
 0002:0000e07c 000002f4H .rdata$voltmd           DATA
 0002:0000e370 000003b0H .rdata$zzzdbg           DATA
 0002:0000e720 00000008H .rtc$IAA                DATA
 0002:0000e728 00000008H .rtc$IZZ                DATA
 0002:0000e730 00000008H .rtc$TAA                DATA
 0002:0000e738 00000008H .rtc$TZZ                DATA
 0002:0000e740 00002eb8H .xdata                  DATA
 0002:000115f8 00000314H .xdata$x                DATA
 0002:0001190c 00000000H .edata                  DATA
 0002:0001190c 0000008cH .idata$2                DATA
 0002:00011998 00000018H .idata$3                DATA
 0002:000119b0 00000538H .idata$4                DATA
 0002:00011ee8 00000bd2H .idata$6                DATA
 0003:00000000 00000ca0H .data                   DATA
 0003:00000ca0 000001a8H .data$r                 DATA
 0003:00000e48 000000c8H .data$rs                DATA
 0003:00000f10 00011c70H .bss                    DATA
 0004:00000000 000028bcH .pdata                  DATA
 0005:00000000 00013510H _RDATA                  DATA
 0006:00000000 00000060H .rsrc$01                DATA
 0006:00000060 00000180H .rsrc$02                DATA

  Address         Publics by Value              Rva+Base               Lib:Object

 0000:00000000       __x64_code_ranges_to_entry_points_count 0000000000000000     <absolute>
 0000:00000000       __guard_longjmp_table      0000000000000000     <absolute>
 0000:00000000       __guard_iat_table          0000000000000000     <absolute>
 0000:00000000       __x64_code_ranges_to_entry_points 0000000000000000     <absolute>
 0000:00000000       __guard_fids_count         0000000000000000     <absolute>
 0000:00000000       __guard_iat_count          0000000000000000     <absolute>
 0000:00000000       __guard_longjmp_count      0000000000000000     <absolute>
 0000:00000000       __arm64x_extra_rfe_table   0000000000000000     <absolute>
 0000:00000000       __dynamic_value_reloc_table 0000000000000000     <absolute>
 0000:00000000       __hybrid_auxiliary_iat     0000000000000000     <absolute>
 0000:00000000       __hybrid_auxiliary_iat_copy 0000000000000000     <absolute>
 0000:00000000       __hybrid_code_map          0000000000000000     <absolute>
 0000:00000000       __arm64x_extra_rfe_table_size 0000000000000000     <absolute>
 0000:00000000       __arm64x_redirection_metadata 0000000000000000     <absolute>
 0000:00000000       __AbsoluteZero             0000000000000000     <absolute>
 0000:00000000       __guard_check_icall_a64n_fptr 0000000000000000     <absolute>
 0000:00000000       __guard_fids_table         0000000000000000     <absolute>
 0000:00000000       __guard_eh_cont_count      0000000000000000     <absolute>
 0000:00000000       __arm64x_redirection_metadata_count 0000000000000000     <absolute>
 0000:00000000       __enclave_config           0000000000000000     <absolute>
 0000:00000000       __guard_eh_cont_table      0000000000000000     <absolute>
 0000:00000000       __arm64x_native_entrypoint 0000000000000000     <absolute>
 0000:00000000       __hybrid_code_map_count    0000000000000000     <absolute>
 0000:00000100       __guard_flags              0000000000000100     <absolute>
 0000:00000000       __ImageBase                0000000140000000     <linker-defined>
 0001:00000020       __local_stdio_printf_options 0000000140001020 f i device.obj
 0001:00000030       fprintf                    0000000140001030 f i device.obj
 0001:00000080       snprintf                   0000000140001080 f i device.obj
 0001:000002d0       sync_save_tracks           00000001400012d0 f   device.obj
 0001:00000890       sync_tcp_connect           0000000140001890 f   device.obj
 0001:00000ad0       sync_update                0000000140001ad0 f   device.obj
 0001:00000d40       sync_get_track             0000000140001d40 f   device.obj
 0001:00000f40       sync_get_val               0000000140001f40 f   track.obj
 0001:00001140       ??0Vector3@@QEAA@MMM@Z     0000000140002140 f i Matrix44.obj
 0001:00001160       ??GVector3@@QEBA?BV0@AEBV0@@Z 0000000140002160 f i Matrix44.obj
 0001:000011a0       ??DVector3@@QEBA?BMAEBV0@@Z 00000001400021a0 f i Matrix44.obj
 0001:000011d0       ??DVector3@@QEBA?BV0@M@Z   00000001400021d0 f i Matrix44.obj
 0001:00001200       ??XVector3@@QEAAAEAV0@M@Z  0000000140002200 f i Matrix44.obj
 0001:00001230       ?Normalized@Vector3@@QEBA?BV1@XZ 0000000140002230 f i Matrix44.obj
 0001:000012a0       ??0Vector4@@QEAA@MMMM@Z    00000001400022a0 f i Matrix44.obj
 0001:000012c0       ??0exception@std@@QEAA@AEBV01@@Z 00000001400022c0 f i audio.obj
 0001:00001300       ?what@exception@std@@UEBAPEBDXZ 0000000140002300 f i audio.obj
 0001:00001320       ??_Eexception@std@@UEAAPEAXI@Z 0000000140002320 f i * CIL library *:* CIL module *
 0001:00001320       ??_Glogic_error@std@@UEAAPEAXI@Z 0000000140002320 f i libcpmt:xthrow.obj
 0001:00001320       ??_Glength_error@std@@UEAAPEAXI@Z 0000000140002320 f i libcpmt:xthrow.obj
 0001:00001320       ??_Eruntime_error@std@@UEAAPEAXI@Z 0000000140002320 f i * CIL library *:* CIL module *
 0001:00001320       ??_Gbad_array_new_length@std@@UEAAPEAXI@Z 0000000140002320 f i audio.obj
 0001:00001320       ??_Elength_error@std@@UEAAPEAXI@Z 0000000140002320 f i libcpmt:xthrow.obj
 0001:00001320       ??_Ebad_array_new_length@std@@UEAAPEAXI@Z 0000000140002320 f i * CIL library *:* CIL module *
 0001:00001320       ??_Gruntime_error@std@@UEAAPEAXI@Z 0000000140002320 f i main.obj
 0001:00001320       ??_Gbad_alloc@std@@UEAAPEAXI@Z 0000000140002320 f i audio.obj
 0001:00001320       ??_Ebad_alloc@std@@UEAAPEAXI@Z 0000000140002320 f i * CIL library *:* CIL module *
 0001:00001320       ??_Elogic_error@std@@UEAAPEAXI@Z 0000000140002320 f i libcpmt:xthrow.obj
 0001:00001320       ??_Ebad_exception@std@@UEAAPEAXI@Z 0000000140002320 f i libvcruntime:frame.obj
 0001:00001320       ??_Gbad_exception@std@@UEAAPEAXI@Z 0000000140002320 f i libvcruntime:frame.obj
 0001:00001320       ??_Gexception@std@@UEAAPEAXI@Z 0000000140002320 f i audio.obj
 0001:00001370       ??1bad_array_new_length@std@@UEAA@XZ 0000000140002370 f i audio.obj
 0001:00001370       ??1bad_alloc@std@@UEAA@XZ  0000000140002370 f i audio.obj
 0001:00001370       ??1system_error@std@@UEAA@XZ 0000000140002370 f i main.obj
 0001:00001370       ??1bad_exception@std@@UEAA@XZ 0000000140002370 f i libvcruntime:frame.obj
 0001:00001370       ??1length_error@std@@UEAA@XZ 0000000140002370 f i libcpmt:xthrow.obj
 0001:00001390       ??0bad_array_new_length@std@@QEAA@XZ 0000000140002390 f i audio.obj
 0001:000013c0       ?_Throw_bad_array_new_length@std@@YAXXZ 00000001400023c0 f i audio.obj
 0001:000013c0       ?__scrt_throw_std_bad_array_new_length@@YAXXZ 00000001400023c0 f i LIBCMT:throw_bad_alloc.obj
 0001:000013e0       ??0bad_array_new_length@std@@QEAA@AEBV01@@Z 00000001400023e0 f i audio.obj
 0001:00001420       ??0bad_alloc@std@@QEAA@AEBV01@@Z 0000000140002420 f i audio.obj
 0001:00001460       ?_Xlen_string@std@@YAXXZ   0000000140002460 f i audio.obj
 0001:00001480       ?Audio_Create@@YA_NIAEBV?$basic_string@DU?$char_traits@D@std@@V?$allocator@D@2@@std@@PEAUHWND__@@_N@Z 0000000140002480 f   audio.obj
 0001:000017d0       ?Audio_Rocket_Pause@@YAXPEAXH@Z 00000001400027d0 f   audio.obj
 0001:000017f0       ?Audio_Rocket_SetRow@@YAXPEAXH@Z 00000001400027f0 f   audio.obj
 0001:00001830       ?Audio_Rocket_IsPlaying@@YAHPEAX@Z 0000000140002830 f   audio.obj
 0001:00001840       ??1?$basic_string@DU?$char_traits@D@std@@V?$allocator@D@2@@std@@QEAA@XZ 0000000140002840 f i audio.obj
 0001:000018a0       ??0?$basic_string@DU?$char_traits@D@std@@V?$allocator@D@2@@std@@QEAA@QEBD@Z 00000001400028a0 f i audio.obj
 0001:000018e0       ?assign@?$basic_string@DU?$char_traits@D@std@@V?$allocator@D@2@@std@@QEAAAEAV12@QEBD_K@Z 00000001400028e0 f i audio.obj
 0001:00002950       ?Ball_Create@@YA_NXZ       0000000140003950 f   ball.obj
 0001:00003050       ?Ball_Draw@@YAXPEAIMM@Z    0000000140004050 f   ball.obj
 0001:000033d0       ?HorizontalBoxBlur32@@YAXPEAIPEBIIIM@Z 00000001400043d0 f   boxblur.obj
 0001:00003560       ?VerticalBoxBlur32@@YAXPEAIPEBIIIM@Z 0000000140004560 f   boxblur.obj
 0001:000036e0       ?Fx_Blit_2x2@@YAXPEAI0@Z   00000001400046e0 f   fx-blitter.obj
 0001:00003750       tinymt32_init              0000000140004750 f   random.obj
 0001:00003a30       ?Shadertoy_Create@@YA_NXZ  0000000140004a30 f   shadertoy.obj
 0001:00004ce0       ?Spikey_Draw@@YAXPEAIMM_N@Z 0000000140005ce0 f   shadertoy.obj
 0001:00005460       ?RenderLaura_2x2@@YAXPEAIM@Z 0000000140006460 f   shadertoy.obj
 0001:00005650       ?Demo_Create@@YA_NXZ       0000000140006650 f   demo.obj
 0001:00006ef0       ?Demo_Draw@@YA_NPEAIMM@Z   0000000140007ef0 f   demo.obj
 0001:00008490       ?Open@Display@@QEAA_NAEBV?$basic_string@DU?$char_traits@D@std@@V?$allocator@D@2@@std@@II_N@Z 0000000140009490 f   display.obj
 0001:00008780       ?Gamepad_Update@@YA_NAEAUPadState@@@Z 0000000140009780 f   gamepad.obj
 0001:00008c90       ?Image_Load32@@YAPEAIAEBV?$basic_string@DU?$char_traits@D@std@@V?$allocator@D@2@@std@@@Z 0000000140009c90 f   image.obj
 0001:00008ca0       ?deallocate@?$allocator@PEAX@std@@QEAAXQEAPEAX_K@Z 0000000140009ca0 f i image.obj
 0001:00008cf0       ??$_Emplace_reallocate@AEBQEAX@?$vector@PEAXV?$allocator@PEAX@std@@@std@@QEAAPEAPEAXQEAPEAXAEBQEAX@Z 0000000140009cf0 f i image.obj
 0001:00008ee0       ?_Xlength@?$vector@PEAXV?$allocator@PEAX@std@@@std@@CAXXZ 0000000140009ee0 f i image.obj
 0001:000094d0       ?Landscape_Create@@YA_NXZ  000000014000a4d0 f   landscape.obj
 0001:00009730       ??0runtime_error@std@@QEAA@AEBV01@@Z 000000014000a730 f i main.obj
 0001:00009770       ?default_error_condition@error_category@std@@UEBA?AVerror_condition@2@H@Z 000000014000a770 f i main.obj
 0001:00009780       ?equivalent@error_category@std@@UEBA_NHAEBVerror_condition@2@@Z 000000014000a780 f i main.obj
 0001:000097c0       ?equivalent@error_category@std@@UEBA_NAEBVerror_code@2@H@Z 000000014000a7c0 f i main.obj
 0001:000097e0       ?make_error_code@std@@YA?AVerror_code@1@W4errc@1@@Z 000000014000a7e0 f i main.obj
 0001:00009800       ??0_System_error@std@@IEAA@Verror_code@1@AEBV?$basic_string@DU?$char_traits@D@std@@V?$allocator@D@2@@1@@Z 000000014000a800 f i main.obj
 0001:000099a0       ??_Gsystem_error@std@@UEAAPEAXI@Z 000000014000a9a0 f i main.obj
 0001:000099a0       ??_Esystem_error@std@@UEAAPEAXI@Z 000000014000a9a0 f i * CIL library *:* CIL module *
 0001:000099a0       ??_E_System_error@std@@UEAAPEAXI@Z 000000014000a9a0 f i * CIL library *:* CIL module *
 0001:000099a0       ??_G_System_error@std@@UEAAPEAXI@Z 000000014000a9a0 f i main.obj
 0001:000099f0       ??0system_error@std@@QEAA@Verror_code@1@@Z 000000014000a9f0 f i main.obj
 0001:00009aa0       ?_Throw_system_error@std@@YAXW4errc@1@@Z 000000014000aaa0 f i main.obj
 0001:00009ae0       ??0system_error@std@@QEAA@AEBV01@@Z 000000014000aae0 f i main.obj
 0001:00009b40       ??0_System_error@std@@QEAA@AEBV01@@Z 000000014000ab40 f i main.obj
 0001:00009b90       ?name@_Generic_error_category@std@@UEBAPEBDXZ 000000014000ab90 f i main.obj
 0001:00009ba0       ?message@_Generic_error_category@std@@UEBA?AV?$basic_string@DU?$char_traits@D@std@@V?$allocator@D@2@@2@H@Z 000000014000aba0 f i main.obj
 0001:00009bf0       ??_E_System_error_category@std@@UEAAPEAXI@Z 000000014000abf0 f i * CIL library *:* CIL module *
 0001:00009bf0       ??_G_System_error_category@std@@UEAAPEAXI@Z 000000014000abf0 f i main.obj
 0001:00009bf0       ??_G_Generic_error_category@std@@UEAAPEAXI@Z 000000014000abf0 f i main.obj
 0001:00009bf0       ??_E_Generic_error_category@std@@UEAAPEAXI@Z 000000014000abf0 f i * CIL library *:* CIL module *
 0001:00009c20       ?name@_System_error_category@std@@UEBAPEBDXZ 000000014000ac20 f i main.obj
 0001:00009c30       ?message@_System_error_category@std@@UEBA?AV?$basic_string@DU?$char_traits@D@std@@V?$allocator@D@2@@2@H@Z 000000014000ac30 f i main.obj
 0001:00009ca0       ?default_error_condition@_System_error_category@std@@UEBA?AVerror_condition@2@H@Z 000000014000aca0 f i main.obj
 0001:00009d00       ?_Make_ec@filesystem@std@@YA?AVerror_code@2@W4__std_win_error@@@Z 000000014000ad00 f i main.obj
 0001:00009d20       ?_Throw_system_error_from_std_win_error@filesystem@std@@YAXW4__std_win_error@@@Z 000000014000ad20 f i main.obj
 0001:00009d60       ??0path@filesystem@std@@QEAA@AEBV012@@Z 000000014000ad60 f i main.obj
 0001:00009e60       ??0filesystem_error@filesystem@std@@QEAA@AEBV?$basic_string@DU?$char_traits@D@std@@V?$allocator@D@2@@2@AEBVpath@12@Verror_code@2@@Z 000000014000ae60 f i main.obj
 0001:00009f80       ?what@filesystem_error@filesystem@std@@UEBAPEBDXZ 000000014000af80 f i main.obj
 0001:00009f90       ?_Pretty_message@filesystem_error@filesystem@std@@CA?AV?$basic_string@DU?$char_traits@D@std@@V?$allocator@D@2@@3@V?$basic_string_view@DU?$char_traits@D@std@@@3@AEBVpath@23@1@Z 000000014000af90 f i main.obj
 0001:0000a1c0       ??_Gfilesystem_error@filesystem@std@@UEAAPEAXI@Z 000000014000b1c0 f i main.obj
 0001:0000a1c0       ??_Efilesystem_error@filesystem@std@@UEAAPEAXI@Z 000000014000b1c0 f i * CIL library *:* CIL module *
 0001:0000a310       ??1filesystem_error@filesystem@std@@UEAA@XZ 000000014000b310 f i main.obj
 0001:0000a430       ??0filesystem_error@filesystem@std@@QEAA@AEBV012@@Z 000000014000b430 f i main.obj
 0001:0000a4b0       ?_Throw_fs_error@filesystem@std@@YAXPEBDW4__std_win_error@@AEBVpath@12@@Z 000000014000b4b0 f i main.obj
 0001:0000a520       WinMain                    000000014000b520 f   main.obj
 0001:0000af10       ??0?$basic_string@DU?$char_traits@D@std@@V?$allocator@D@2@@std@@QEAA@AEBV01@@Z 000000014000bf10 f i main.obj
 0001:0000aff0       ?append@?$basic_string@DU?$char_traits@D@std@@V?$allocator@D@2@@std@@QEAAAEAV12@QEBD_K@Z 000000014000bff0 f i main.obj
 0001:0000b070       ??$_Convert_wide_to_narrow_replace_chars@U?$char_traits@D@std@@V?$allocator@D@2@@filesystem@std@@YA?AV?$basic_string@DU?$char_traits@D@std@@V?$allocator@D@2@@1@W4__std_code_page@@V?$basic_string_view@_WU?$char_traits@_W@std@@@1@AEBV?$allocator@D@1@@Z 000000014000c070 f i main.obj
 0001:0000b1c0       ??$_Reallocate_grow_by@V<lambda_1>@?1??reserve@?$basic_string@DU?$char_traits@D@std@@V?$allocator@D@2@@std@@QEAAX_K@Z@$$V@?$basic_string@DU?$char_traits@D@std@@V?$allocator@D@2@@std@@AEAAAEAV01@_KV<lambda_1>@?1??reserve@01@QEAAX0@Z@@Z 000000014000c1c0 f i main.obj
 0001:0000b310       ??$_Reallocate_grow_by@V<lambda_1>@?1??append@?$basic_string@_WU?$char_traits@_W@std@@V?$allocator@_W@2@@std@@QEAAAEAV34@_K_W@Z@_K_W@?$basic_string@_WU?$char_traits@_W@std@@V?$allocator@_W@2@@std@@AEAAAEAV01@_KV<lambda_1>@?1??append@01@QEAAAEAV01@0_W@Z@_K_W@Z 000000014000c310 f i main.obj
 0001:0000b4c0       ??$_Reallocate_grow_by@V<lambda_1>@?1??push_back@?$basic_string@DU?$char_traits@D@std@@V?$allocator@D@2@@std@@QEAAXD@Z@D@?$basic_string@DU?$char_traits@D@std@@V?$allocator@D@2@@std@@AEAAAEAV01@_KV<lambda_1>@?1??push_back@01@QEAAXD@Z@D@Z 000000014000c4c0 f i main.obj
 0001:0000b630       ??$_Reallocate_grow_by@V<lambda_1>@?1??append@?$basic_string@DU?$char_traits@D@std@@V?$allocator@D@2@@std@@QEAAAEAV34@QEBD_K@Z@PEBD_K@?$basic_string@DU?$char_traits@D@std@@V?$allocator@D@2@@std@@AEAAAEAV01@_KV<lambda_1>@?1??append@01@QEAAAEAV01@QEBD0@Z@PEBD_K@Z 000000014000c630 f i main.obj
 0001:0000b7b0       ??$_Reallocate_grow_by@V<lambda_1>@?1??append@?$basic_string@DU?$char_traits@D@std@@V?$allocator@D@2@@std@@QEAAAEAV34@_KD@Z@_KD@?$basic_string@DU?$char_traits@D@std@@V?$allocator@D@2@@std@@AEAAAEAV01@_KV<lambda_1>@?1??append@01@QEAAAEAV01@0D@Z@_KD@Z 000000014000c7b0 f i main.obj
 0001:0000bbe0       ?Polar_Blit@@YAXPEAIPEBI_N@Z 000000014000cbe0 f   polar.obj
 0001:0000bc20       ?Polar_BlitA@@YAXPEAIPEBI_N@Z 000000014000cc20 f   polar.obj
 0001:0000bc50       ?Shared_Create@@YA_NXZ     000000014000cc50 f   shared-resources.obj
 0001:0000c200       ?Twister_Create@@YA_NXZ    000000014000d200 f   torus-twister.obj
 0001:0000c930       ?Tunnelscape_Create@@YA_NXZ 000000014000d930 f   tunnelscape.obj
 0001:0000cb90       ?Mix32@@YAXPEAIPEBIIE@Z    000000014000db90 f   util.obj
 0001:0000cc00       ?Add32@@YAXPEAIPEBII@Z     000000014000dc00 f   util.obj
 0001:0000cc50       ?MixOver32@@YAXPEAIPEBII@Z 000000014000dc50 f   util.obj
 0001:0000cc90       ?Sub32@@YAXPEAIPEBII@Z     000000014000dc90 f   util.obj
 0001:0000cce0       ?Excl32@@YAXPEAIPEBII@Z    000000014000dce0 f   util.obj
 0001:0000cd20       ?SoftLight32@@YAXPEAIPEBII@Z 000000014000dd20 f   util.obj
 0001:0000cd60       ?SoftLight32A@@YAXPEAIPEBII@Z 000000014000dd60 f   util.obj
 0001:0000cda0       ?SoftLight32AA@@YAXPEAIPEBIIM@Z 000000014000dda0 f   util.obj
 0001:0000ce20       ?Overlay32@@YAXPEAIPEBII@Z 000000014000de20 f   util.obj
 0001:0000ce60       ?Overlay32A@@YAXPEAIPEBII@Z 000000014000de60 f   util.obj
 0001:0000cea0       ?Darken32_50@@YAXPEAIPEBII@Z 000000014000dea0 f   util.obj
 0001:0000cee0       ?TapeWarp32@@YAXPEAIPEBIIIMM@Z 000000014000dee0 f   util.obj
 0001:0000cf40       ?MulSrc32@@YAXPEAIPEBII@Z  000000014000df40 f   util.obj
 0001:0000cf90       ?MulSrc32A@@YAXPEAIPEBII@Z 000000014000df90 f   util.obj
 0001:0000cfe0       ?MixSrc32S@@YAXPEAIPEBIIII@Z 000000014000dfe0 f   util.obj
 0001:0000d050       ?MixSrc32@@YAXPEAIPEBII@Z  000000014000e050 f   util.obj
 0001:0000d0a0       ?BlitSrc32@@YAXPEAIPEBIIII@Z 000000014000e0a0 f   util.obj
 0001:0000d120       ?BlitSrc32A@@YAXPEAIPEBIIIIM@Z 000000014000e120 f   util.obj
 0001:0000d1c0       ?BlitAdd32A@@YAXPEAIPEBIIIIM@Z 000000014000e1c0 f   util.obj
 0001:0000d250       ?Fade32@@YAXPEAIIIE@Z      000000014000e250 f   util.obj
 0001:0000d2d0       ??2@YAPEAX_K@Z             000000014000e2d0 f   LIBCMT:new_scalar.obj
 0001:0000d30c       ??3@YAXPEAX@Z              000000014000e30c f   LIBCMT:delete_scalar.obj
 0001:0000d314       ??3@YAXPEAX_K@Z            000000014000e314 f   LIBCMT:delete_scalar_size.obj
 0001:0000d31c       ??_Etype_info@@UEAAPEAXI@Z 000000014000e31c f i LIBCMT:std_type_info_static.obj
 0001:0000d31c       ??_Gtype_info@@UEAAPEAXI@Z 000000014000e31c f i LIBCMT:std_type_info_static.obj
 0001:0000d348       __scrt_acquire_startup_lock 000000014000e348 f   LIBCMT:utility.obj
 0001:0000d384       __scrt_initialize_crt      000000014000e384 f   LIBCMT:utility.obj
 0001:0000d3d0       __scrt_initialize_onexit_tables 000000014000e3d0 f   LIBCMT:utility.obj
 0001:0000d45c       __scrt_is_nonwritable_in_current_image 000000014000e45c f   LIBCMT:utility.obj
 0001:0000d4f4       __scrt_release_startup_lock 000000014000e4f4 f   LIBCMT:utility.obj
 0001:0000d518       __scrt_uninitialize_crt    000000014000e518 f   LIBCMT:utility.obj
 0001:0000d544       _onexit                    000000014000e544 f   LIBCMT:utility.obj
 0001:0000d580       atexit                     000000014000e580 f   LIBCMT:utility.obj
 0001:0000d7f0       WinMainCRTStartup          000000014000e7f0 f   LIBCMT:exe_winmain.obj
 0001:0000d804       ??0bad_alloc@std@@QEAA@XZ  000000014000e804 f i LIBCMT:throw_bad_alloc.obj
 0001:0000d824       ?__scrt_throw_std_bad_alloc@@YAXXZ 000000014000e824 f   LIBCMT:throw_bad_alloc.obj
 0001:0000d844       __isa_available_init       000000014000e844 f   LIBCMT:cpu_disp.obj
 0001:0000d9e8       _get_startup_argv_mode     000000014000e9e8 f   LIBCMT:argv_mode.obj
 0001:0000d9f0       __scrt_is_ucrt_dll_in_use  000000014000e9f0 f   LIBCMT:ucrt_detection.obj
 0001:0000d9fc       __crt_debugger_hook        000000014000e9fc f   LIBCMT:utility_desktop.obj
 0001:0000da04       __scrt_fastfail            000000014000ea04 f   LIBCMT:utility_desktop.obj
 0001:0000db50       __scrt_get_show_window_mode 000000014000eb50 f   LIBCMT:utility_desktop.obj
 0001:0000db8c       __scrt_initialize_mta      000000014000eb8c f   LIBCMT:utility_desktop.obj
 0001:0000db94       _get_startup_thread_locale_mode 000000014000eb94 f   LIBCMT:thread_locale.obj
 0001:0000db94       _matherr                   000000014000eb94 f   LIBCMT:matherr.obj
 0001:0000db94       __scrt_exe_initialize_mta  000000014000eb94 f   LIBCMT:utility_desktop.obj
 0001:0000db94       __scrt_initialize_winrt    000000014000eb94 f   LIBCMT:utility_desktop.obj
 0001:0000db94       __scrt_stub_for_initialize_mta 000000014000eb94 f   LIBCMT:utility_desktop.obj
 0001:0000db94       _get_startup_commit_mode   000000014000eb94 f   LIBCMT:commit_mode.obj
 0001:0000db94       _get_startup_new_mode      000000014000eb94 f   LIBCMT:new_mode.obj
 0001:0000db98       __scrt_is_managed_app      000000014000eb98 f   LIBCMT:utility_desktop.obj
 0001:0000dbec       __scrt_set_unhandled_exception_filter 000000014000ebec f   LIBCMT:utility_desktop.obj
 0001:0000dbfc       __scrt_unhandled_exception_filter 000000014000ebfc f   LIBCMT:utility_desktop.obj
 0001:0000dc58       _initialize_denormal_control 000000014000ec58 f i LIBCMT:denormal_control.obj
 0001:0000dc58       _initialize_invalid_parameter_handler 000000014000ec58 f i LIBCMT:invalid_parameter_handler.obj
 0001:0000dc58       _guard_check_icall_nop     000000014000ec58 f i LIBCMT:guard_support.obj
 0001:0000dc5c       __security_init_cookie     000000014000ec5c f   LIBCMT:gs_support.obj
 0001:0000dd08       _get_startup_file_mode     000000014000ed08 f   LIBCMT:file_mode.obj
 0001:0000dd10       ?__scrt_initialize_type_info@@YAXXZ 000000014000ed10 f   LIBCMT:tncleanup.obj
 0001:0000dd20       _should_initialize_environment 000000014000ed20 f   LIBCMT:env_mode.obj
 0001:0000dd20       __acrt_uninitialize_command_line 000000014000ed20 f   libucrt:argv_data.obj
 0001:0000dd24       __local_stdio_scanf_options 000000014000ed24 f i LIBCMT:default_local_stdio_options.obj
 0001:0000dd2c       __scrt_initialize_default_local_stdio_options 000000014000ed2c f   LIBCMT:default_local_stdio_options.obj
 0001:0000dd48       __scrt_is_user_matherr_present 000000014000ed48 f   LIBCMT:matherr_detection.obj
 0001:0000dd54       __scrt_get_dyn_tls_init_callback 000000014000ed54 f   LIBCMT:dyn_tls_init.obj
 0001:0000dd5c       __scrt_get_dyn_tls_dtor_callback 000000014000ed5c f   LIBCMT:dyn_tls_dtor.obj
 0001:0000dd64       _RTC_Initialize            000000014000ed64 f   LIBCMT:initsect.obj
 0001:0000dda0       _RTC_Terminate             000000014000eda0 f   LIBCMT:initsect.obj
 0001:0000dde0       ??0length_error@std@@QEAA@AEBV01@@Z 000000014000ede0 f i libcpmt:xthrow.obj
 0001:0000de1c       ??0length_error@std@@QEAA@PEBD@Z 000000014000ee1c f i libcpmt:xthrow.obj
 0001:0000de64       ??0logic_error@std@@QEAA@AEBV01@@Z 000000014000ee64 f i libcpmt:xthrow.obj
 0001:0000dea0       ?_Xlength_error@std@@YAXPEBD@Z 000000014000eea0 f   libcpmt:xthrow.obj
 0001:0000dec4       __std_system_error_allocate_message 000000014000eec4 f   libcpmt:syserror_import_lib.obj
 0001:0000df24       __std_system_error_deallocate_message 000000014000ef24 f   libcpmt:syserror_import_lib.obj
 0001:0000df2c       __std_fs_code_page         000000014000ef2c f   libcpmt:filesystem.obj
 0001:0000df54       __std_fs_convert_narrow_to_wide 000000014000ef54 f   libcpmt:filesystem.obj
 0001:0000df9c       __std_fs_convert_wide_to_narrow_replace_chars 000000014000ef9c f   libcpmt:filesystem.obj
 0001:0000e068       __std_fs_set_current_path  000000014000f068 f   libcpmt:filesystem.obj
 0001:0000e088       ?_Syserror_map@std@@YAPEBDH@Z 000000014000f088 f   libcpmt:syserror.obj
 0001:0000e0b0       ?_Winerror_map@std@@YAHH@Z 000000014000f0b0 f   libcpmt:syserror.obj
 0001:0000e0d4       strchr                     000000014000f0d4 f   libvcruntime:strchr.obj
 0001:0000e154       __std_exception_copy       000000014000f154 f   libvcruntime:std_exception.obj
 0001:0000e1e4       __std_exception_destroy    000000014000f1e4 f   libvcruntime:std_exception.obj
 0001:0000e20c       __vcrt_initialize          000000014000f20c f   libvcruntime:initialization.obj
 0001:0000e234       __vcrt_uninitialize        000000014000f234 f   libvcruntime:initialization.obj
 0001:0000e250       __C_specific_handler       000000014000f250 f   libvcruntime:riscchandler.obj
 0001:0000e45c       _CxxThrowException         000000014000f45c f   libvcruntime:throw.obj
 0001:0000e4fc       __DestructExceptionObject  000000014000f4fc f   libvcruntime:ehhelpers.obj
 0001:0000e56c       ?_CallMemberFunction0@@YAXQEAX0@Z 000000014000f56c f i libvcruntime:ehhelpers.obj
 0001:0000e570       _IsExceptionObjectToBeDestroyed 000000014000f570 f   libvcruntime:ehhelpers.obj
 0001:0000e5a0       __AdjustPointer            000000014000f5a0 f   libvcruntime:ehhelpers.obj
 0001:0000e5c4       __FrameUnwindFilter        000000014000f5c4 f   libvcruntime:ehhelpers.obj
 0001:0000e62c       __current_exception        000000014000f62c f   libvcruntime:ehhelpers.obj
 0001:0000e640       __current_exception_context 000000014000f640 f   libvcruntime:ehhelpers.obj
 0001:0000e654       __std_terminate            000000014000f654 f   libvcruntime:ehhelpers.obj
 0001:0000e670       memset_repmovs             000000014000f670 f   libvcruntime:memset.obj
 0001:0000e690       memset                     000000014000f690 f   libvcruntime:memset.obj
 0001:0000e820       __std_type_info_compare    000000014000f820 f   libvcruntime:std_type_info.obj
 0001:0000e848       __vcrt_freefls             000000014000f848 f   libvcruntime:per_thread_data.obj
 0001:0000e868       __vcrt_getptd              000000014000f868 f   libvcruntime:per_thread_data.obj
 0001:0000e884       __vcrt_getptd_noexit       000000014000f884 f   libvcruntime:per_thread_data.obj
 0001:0000e944       __vcrt_initialize_ptd      000000014000f944 f   libvcruntime:per_thread_data.obj
 0001:0000e98c       __vcrt_uninitialize_ptd    000000014000f98c f   libvcruntime:per_thread_data.obj
 0001:0000e9b0       __vcrt_initialize_locks    000000014000f9b0 f   libvcruntime:locks.obj
 0001:0000e9e4       __vcrt_uninitialize_locks  000000014000f9e4 f   libvcruntime:locks.obj
 0001:0000ea30       _NLG_Notify                000000014000fa30 f   libvcruntime:notify.obj
 0001:0000ea50       __NLG_Dispatch2            000000014000fa50 f   libvcruntime:notify.obj
 0001:0000ea60       __NLG_Return2              000000014000fa60 f   libvcruntime:notify.obj
 0001:0000ea64       __except_validate_context_record 000000014000fa64 f   libvcruntime:jbcxrval.obj
 0001:0000ebec       __vcrt_FlsAlloc            000000014000fbec f   libvcruntime:winapi_downlevel.obj
 0001:0000ec34       __vcrt_FlsFree             000000014000fc34 f   libvcruntime:winapi_downlevel.obj
 0001:0000ec7c       __vcrt_FlsGetValue         000000014000fc7c f   libvcruntime:winapi_downlevel.obj
 0001:0000ecc4       __vcrt_FlsSetValue         000000014000fcc4 f   libvcruntime:winapi_downlevel.obj
 0001:0000ed18       __vcrt_InitializeCriticalSectionEx 000000014000fd18 f   libvcruntime:winapi_downlevel.obj
 0001:0000ed7c       ??$_CallSETranslator@V__FrameHandler3@@@@YAHPEAUEHExceptionRecord@@PEA_KPEAU_CONTEXT@@PEAU_xDISPATCHER_CONTEXT@@PEBU_s_FuncInfo@@K1H@Z 000000014000fd7c f i libvcruntime:risctrnsctrl.obj
 0001:0000edd0       ??$_CallSETranslator@V__FrameHandler4@@@@YAHPEAUEHExceptionRecord@@PEA_KPEAU_CONTEXT@@PEAU_xDISPATCHER_CONTEXT@@PEAUFuncInfo4@FH4@@K1H@Z 000000014000fdd0 f i libvcruntime:risctrnsctrl.obj
 0001:0000ee24       ?CatchTryBlock@__FrameHandler3@@SAPEBU_s_TryBlockMapEntry@@PEBU_s_FuncInfo@@H@Z 000000014000fe24 f   libvcruntime:risctrnsctrl.obj
 0001:0000ee78       ?DecompFuncInfo@FH4@@YA_JPEAEAEAUFuncInfo4@1@_KH_N@Z 000000014000fe78 f i libvcruntime:risctrnsctrl.obj
 0001:0000ef9c       ?ExecutionInCatch@__FrameHandler3@@SA_NPEAU_xDISPATCHER_CONTEXT@@PEBU_s_FuncInfo@@@Z 000000014000ff9c f   libvcruntime:risctrnsctrl.obj
 0001:0000efc8       ?ExecutionInCatch@__FrameHandler4@@SA_NPEAU_xDISPATCHER_CONTEXT@@PEAUFuncInfo4@FH4@@@Z 000000014000ffc8 f   libvcruntime:risctrnsctrl.obj
 0001:0000efd0       ?FrameUnwindToEmptyState@__FrameHandler3@@SAXPEA_KPEAU_xDISPATCHER_CONTEXT@@PEBU_s_FuncInfo@@@Z 000000014000ffd0 f   libvcruntime:risctrnsctrl.obj
 0001:0000f034       ?FrameUnwindToEmptyState@__FrameHandler4@@SAXPEA_KPEAU_xDISPATCHER_CONTEXT@@PEAUFuncInfo4@FH4@@@Z 0000000140010034 f   libvcruntime:risctrnsctrl.obj
 0001:0000f068       ?GetEstablisherFrame@__FrameHandler3@@SAPEA_KPEA_KPEAU_xDISPATCHER_CONTEXT@@PEBU_s_FuncInfo@@0@Z 0000000140010068 f   libvcruntime:risctrnsctrl.obj
 0001:0000f134       ?GetEstablisherFrame@__FrameHandler4@@SAPEA_KPEA_KPEAU_xDISPATCHER_CONTEXT@@PEAUFuncInfo4@FH4@@0@Z 0000000140010134 f   libvcruntime:risctrnsctrl.obj
 0001:0000f158       ?GetRangeOfTrysToCheck@__FrameHandler3@@SA?AU?$pair@Viterator@TryBlockMap@__FrameHandler3@@V123@@std@@AEAVTryBlockMap@1@HPEAU_xDISPATCHER_CONTEXT@@PEBU_s_FuncInfo@@H@Z 0000000140010158 f   libvcruntime:risctrnsctrl.obj
 0001:0000f298       ?GetRangeOfTrysToCheck@__FrameHandler4@@SA?AU?$pair@Viterator@TryBlockMap4@FH4@@V123@@std@@AEAVTryBlockMap4@FH4@@HPEAU_xDISPATCHER_CONTEXT@@PEAUFuncInfo4@5@H@Z 0000000140010298 f   libvcruntime:risctrnsctrl.obj
 0001:0000f400       ?UnwindNestedFrames@__FrameHandler3@@SAXPEA_KPEAUEHExceptionRecord@@PEAU_CONTEXT@@0PEAXPEBU_s_FuncInfo@@HHPEBU_s_HandlerType@@PEAU_xDISPATCHER_CONTEXT@@E@Z 0000000140010400 f   libvcruntime:risctrnsctrl.obj
 0001:0000f504       ?UnwindNestedFrames@__FrameHandler4@@SAXPEA_KPEAUEHExceptionRecord@@PEAU_CONTEXT@@0PEAXPEAUFuncInfo4@FH4@@HHPEAUHandlerType4@5@PEAU_xDISPATCHER_CONTEXT@@E@Z 0000000140010504 f   libvcruntime:risctrnsctrl.obj
 0001:0000f624       ?setBuffer@TryBlockMap4@FH4@@QEAAXViterator@12@@Z 0000000140010624 f i libvcruntime:risctrnsctrl.obj
 0001:0000f7e4       _CreateFrameInfo           00000001400107e4 f   libvcruntime:risctrnsctrl.obj
 0001:0000f820       _FindAndUnlinkFrame        0000000140010820 f   libvcruntime:risctrnsctrl.obj
 0001:0000f874       _GetImageBase              0000000140010874 f   libvcruntime:risctrnsctrl.obj
 0001:0000f888       _GetThrowImageBase         0000000140010888 f   libvcruntime:risctrnsctrl.obj
 0001:0000f89c       _SetImageBase              000000014001089c f   libvcruntime:risctrnsctrl.obj
 0001:0000f8b4       _SetThrowImageBase         00000001400108b4 f   libvcruntime:risctrnsctrl.obj
 0001:0000f8cc       __CxxFrameHandler3         00000001400108cc f   libvcruntime:risctrnsctrl.obj
 0001:0000f954       __CxxFrameHandler4         0000000140010954 f   libvcruntime:risctrnsctrl.obj
 0001:0000fa30       memcpy_repmovs             0000000140010a30 f   libvcruntime:memcpy.obj
 0001:0000fa50       memcpy                     0000000140010a50 f   libvcruntime:memcpy.obj
 0001:0000fa50       memmove                    0000000140010a50 f   libvcruntime:memcpy.obj
 0001:000100c8       ?GetCurrentState@__FrameHandler3@@SAHPEA_KPEAU_xDISPATCHER_CONTEXT@@PEBU_s_FuncInfo@@@Z 00000001400110c8 f   libvcruntime:ehstate.obj
 0001:000100f0       ?GetUnwindTryBlock@__FrameHandler3@@SAHPEA_KPEAU_xDISPATCHER_CONTEXT@@PEBU_s_FuncInfo@@@Z 00000001400110f0 f   libvcruntime:ehstate.obj
 0001:0001011c       ?SetState@__FrameHandler3@@SAXPEA_KPEBU_s_FuncInfo@@H@Z 000000014001111c f   libvcruntime:ehstate.obj
 0001:00010128       ?SetUnwindTryBlock@__FrameHandler3@@SAXPEA_KPEAU_xDISPATCHER_CONTEXT@@PEBU_s_FuncInfo@@H@Z 0000000140011128 f   libvcruntime:ehstate.obj
 0001:00010164       ?StateFromControlPc@__FrameHandler3@@SAHPEBU_s_FuncInfo@@PEAU_xDISPATCHER_CONTEXT@@@Z 0000000140011164 f   libvcruntime:ehstate.obj
 0001:0001016c       ?StateFromControlPc@__FrameHandler4@@SAHPEAUFuncInfo4@FH4@@PEAU_xDISPATCHER_CONTEXT@@@Z 000000014001116c f   libvcruntime:ehstate.obj
 0001:00010174       ?StateFromIp@__FrameHandler3@@SAHPEBU_s_FuncInfo@@PEAU_xDISPATCHER_CONTEXT@@_K@Z 0000000140011174 f   libvcruntime:ehstate.obj
 0001:000101dc       ?StateFromIp@__FrameHandler4@@SAHPEAUFuncInfo4@FH4@@PEAU_xDISPATCHER_CONTEXT@@_K@Z 00000001400111dc f   libvcruntime:ehstate.obj
 0001:000118c0       ??$TypeMatchHelper@V__FrameHandler3@@@@YAHPEBU_s_HandlerType@@PEBU_s_CatchableType@@PEBU_s_ThrowInfo@@@Z 00000001400128c0 f i libvcruntime:frame.obj
 0001:00011a00       ??$TypeMatchHelper@V__FrameHandler4@@@@YAHPEAUHandlerType4@FH4@@PEBU_s_CatchableType@@PEBU_s_ThrowInfo@@@Z 0000000140012a00 f i libvcruntime:frame.obj
 0001:00011b44       ??$__InternalCxxFrameHandler@V__FrameHandler3@@@@YA?AW4_EXCEPTION_DISPOSITION@@PEAUEHExceptionRecord@@PEA_KPEAU_CONTEXT@@PEAU_xDISPATCHER_CONTEXT@@PEBU_s_FuncInfo@@H1E@Z 0000000140012b44 f i libvcruntime:frame.obj
 0001:00011d7c       ??$__InternalCxxFrameHandler@V__FrameHandler4@@@@YA?AW4_EXCEPTION_DISPOSITION@@PEAUEHExceptionRecord@@PEA_KPEAU_CONTEXT@@PEAU_xDISPATCHER_CONTEXT@@PEAUFuncInfo4@FH4@@H1E@Z 0000000140012d7c f i libvcruntime:frame.obj
 0001:00012010       ??0HandlerMap4@FH4@@QEAA@PEBUTryBlockMapEntry4@1@_KH@Z 0000000140013010 f i libvcruntime:frame.obj
 0001:0001208c       ??0TryBlockMap4@FH4@@QEAA@PEBUFuncInfo4@1@_K@Z 000000014001308c f i libvcruntime:frame.obj
 0001:00012164       ??0bad_exception@std@@QEAA@AEBV01@@Z 0000000140013164 f i libvcruntime:frame.obj
 0001:000121a0       ??0bad_exception@std@@QEAA@XZ 00000001400131a0 f i libvcruntime:frame.obj
 0001:000121c0       ?CxxCallCatchBlock@__FrameHandler3@@SAPEAXPEAU_EXCEPTION_RECORD@@@Z 00000001400131c0 f   libvcruntime:frame.obj
 0001:000123ac       ?CxxCallCatchBlock@__FrameHandler4@@SAPEAXPEAU_EXCEPTION_RECORD@@@Z 00000001400133ac f   libvcruntime:frame.obj
 0001:000125fc       ?DecompHandler@HandlerMap4@FH4@@AEAAXXZ 00000001400135fc f i libvcruntime:frame.obj
 0001:0001283c       ?FrameUnwindToState@__FrameHandler3@@SAXPEA_KPEAU_xDISPATCHER_CONTEXT@@PEBU_s_FuncInfo@@H@Z 000000014001383c f   libvcruntime:frame.obj
 0001:000129c8       ?FrameUnwindToState@__FrameHandler4@@SAXPEA_KPEAU_xDISPATCHER_CONTEXT@@PEAUFuncInfo4@FH4@@H@Z 00000001400139c8 f   libvcruntime:frame.obj
 0001:00012cb0       ?GetHandlerSearchState@__FrameHandler3@@SAHPEA_KPEAU_xDISPATCHER_CONTEXT@@PEBU_s_FuncInfo@@@Z 0000000140013cb0 f i libvcruntime:frame.obj
 0001:00012ec0       ?ReadEntry@UWMap4@FH4@@AEAAXPEAPEAE@Z 0000000140013ec0 f i libvcruntime:frame.obj
 0001:00012f60       ?_CallMemberFunction1@@YAXQEAX00@Z 0000000140013f60 f i libvcruntime:frame.obj
 0001:00012f6c       ?_CallMemberFunction2@@YAXQEAX00H@Z 0000000140013f6c f i libvcruntime:frame.obj
 0001:00012f7c       ?getStartStop@UWMap4@FH4@@QEAAXHHAEAViterator@12@0@Z 0000000140013f7c f i libvcruntime:frame.obj
 0001:0001304c       ?getStateFromIterators@UWMap4@FH4@@SAHAEBViterator@12@H0H0@Z 000000014001404c f i libvcruntime:frame.obj
 0001:00013130       _CallSettingFrame          0000000140014130 f   libvcruntime:handlers.obj
 0001:00013180       _CallSettingFrame_LookupContinuationIndex 0000000140014180 f   libvcruntime:handlers.obj
 0001:000131b0       _CallSettingFrame_NotifyContinuationAddr 00000001400141b0 f   libvcruntime:handlers.obj
 0001:000131e0       _CallSettingFrameEncoded   00000001400141e0 f   libvcruntime:handlers.obj
 0001:000132e4       fopen                      00000001400142e4 f   libucrt:fopen.obj
 0001:000132f0       __acrt_initialize_stdio    00000001400142f0 f   libucrt:_file.obj
 0001:00013410       __acrt_iob_func            0000000140014410 f   libucrt:_file.obj
 0001:00013424       __acrt_uninitialize_stdio  0000000140014424 f   libucrt:_file.obj
 0001:00013480       _lock_file                 0000000140014480 f   libucrt:_file.obj
 0001:0001348c       _unlock_file               000000014001448c f   libucrt:_file.obj
 0001:000135bc       ?get_raw_ptd@__crt_cached_ptd_host@@QEAAPEAU__acrt_ptd@@XZ 00000001400145bc f i libucrt:fclose.obj
 0001:00013624       fclose                     0000000140014624 f   libucrt:fclose.obj
 0001:000136bc       realloc                    00000001400146bc f   libucrt:realloc.obj
 0001:00013704       ??$ensure_buffer_is_big_enough@D@formatting_buffer@__crt_stdio_output@@QEAA_N_KAEAV__crt_cached_ptd_host@@@Z 0000000140014704 f i libucrt:output.obj
 0001:000137ac       ??$parse_integer@KV?$c_string_character_source@D@__crt_strtox@@$0A@@__crt_strtox@@YAKAEAV__crt_cached_ptd_host@@V?$c_string_character_source@D@0@H_N@Z 00000001400147ac f i libucrt:output.obj
 0001:00013a60       ??$type_case_integer@$07@?$output_processor@DV?$string_output_adapter@D@__crt_stdio_output@@V?$standard_base@DV?$string_output_adapter@D@__crt_stdio_output@@@2@@__crt_stdio_output@@AEAA_N_N@Z 0000000140014a60 f i libucrt:output.obj
 0001:00013a60       ??$type_case_integer@$07@?$output_processor@DV?$stream_output_adapter@D@__crt_stdio_output@@V?$standard_base@DV?$stream_output_adapter@D@__crt_stdio_output@@@2@@__crt_stdio_output@@AEAA_N_N@Z 0000000140014a60 f i libucrt:output.obj
 0001:00013c64       ??$type_case_integer@$09@?$output_processor@DV?$stream_output_adapter@D@__crt_stdio_output@@V?$standard_base@DV?$stream_output_adapter@D@__crt_stdio_output@@@2@@__crt_stdio_output@@AEAA_N_N@Z 0000000140014c64 f i libucrt:output.obj
 0001:00013c64       ??$type_case_integer@$09@?$output_processor@DV?$string_output_adapter@D@__crt_stdio_output@@V?$standard_base@DV?$string_output_adapter@D@__crt_stdio_output@@@2@@__crt_stdio_output@@AEAA_N_N@Z 0000000140014c64 f i libucrt:output.obj
 0001:00013e68       ??$type_case_integer@$0BA@@?$output_processor@DV?$string_output_adapter@D@__crt_stdio_output@@V?$standard_base@DV?$string_output_adapter@D@__crt_stdio_output@@@2@@__crt_stdio_output@@AEAA_N_N@Z 0000000140014e68 f i libucrt:output.obj
 0001:00013e68       ??$type_case_integer@$0BA@@?$output_processor@DV?$stream_output_adapter@D@__crt_stdio_output@@V?$standard_base@DV?$stream_output_adapter@D@__crt_stdio_output@@@2@@__crt_stdio_output@@AEAA_N_N@Z 0000000140014e68 f i libucrt:output.obj
 0001:0001406c       ??$type_case_integer_parse_into_buffer@I$07@?$output_processor@DV?$string_output_adapter@D@__crt_stdio_output@@V?$standard_base@DV?$string_output_adapter@D@__crt_stdio_output@@@2@@__crt_stdio_output@@AEAAXI_N@Z 000000014001506c f i libucrt:output.obj
 0001:0001406c       ??$type_case_integer_parse_into_buffer@I$07@?$output_processor@DV?$stream_output_adapter@D@__crt_stdio_output@@V?$standard_base@DV?$stream_output_adapter@D@__crt_stdio_output@@@2@@__crt_stdio_output@@AEAAXI_N@Z 000000014001506c f i libucrt:output.obj
 0001:000140dc       ??$type_case_integer_parse_into_buffer@I$09@?$output_processor@DV?$stream_output_adapter@D@__crt_stdio_output@@V?$standard_base@DV?$stream_output_adapter@D@__crt_stdio_output@@@2@@__crt_stdio_output@@AEAAXI_N@Z 00000001400150dc f i libucrt:output.obj
 0001:000140dc       ??$type_case_integer_parse_into_buffer@I$09@?$output_processor@DV?$string_output_adapter@D@__crt_stdio_output@@V?$standard_base@DV?$string_output_adapter@D@__crt_stdio_output@@@2@@__crt_stdio_output@@AEAAXI_N@Z 00000001400150dc f i libucrt:output.obj
 0001:00014188       ??$type_case_integer_parse_into_buffer@I$0BA@@?$output_processor@DV?$string_output_adapter@D@__crt_stdio_output@@V?$standard_base@DV?$string_output_adapter@D@__crt_stdio_output@@@2@@__crt_stdio_output@@AEAAXI_N@Z 0000000140015188 f i libucrt:output.obj
 0001:00014188       ??$type_case_integer_parse_into_buffer@I$0BA@@?$output_processor@DV?$stream_output_adapter@D@__crt_stdio_output@@V?$standard_base@DV?$stream_output_adapter@D@__crt_stdio_output@@@2@@__crt_stdio_output@@AEAAXI_N@Z 0000000140015188 f i libucrt:output.obj
 0001:0001420c       ??$type_case_integer_parse_into_buffer@_K$07@?$output_processor@DV?$string_output_adapter@D@__crt_stdio_output@@V?$standard_base@DV?$string_output_adapter@D@__crt_stdio_output@@@2@@__crt_stdio_output@@AEAAX_K_N@Z 000000014001520c f i libucrt:output.obj
 0001:0001420c       ??$type_case_integer_parse_into_buffer@_K$07@?$output_processor@DV?$stream_output_adapter@D@__crt_stdio_output@@V?$standard_base@DV?$stream_output_adapter@D@__crt_stdio_output@@@2@@__crt_stdio_output@@AEAAX_K_N@Z 000000014001520c f i libucrt:output.obj
 0001:0001427c       ??$type_case_integer_parse_into_buffer@_K$09@?$output_processor@DV?$stream_output_adapter@D@__crt_stdio_output@@V?$standard_base@DV?$stream_output_adapter@D@__crt_stdio_output@@@2@@__crt_stdio_output@@AEAAX_K_N@Z 000000014001527c f i libucrt:output.obj
 0001:0001427c       ??$type_case_integer_parse_into_buffer@_K$09@?$output_processor@DV?$string_output_adapter@D@__crt_stdio_output@@V?$standard_base@DV?$string_output_adapter@D@__crt_stdio_output@@@2@@__crt_stdio_output@@AEAAX_K_N@Z 000000014001527c f i libucrt:output.obj
 0001:0001432c       ??$type_case_integer_parse_into_buffer@_K$0BA@@?$output_processor@DV?$stream_output_adapter@D@__crt_stdio_output@@V?$standard_base@DV?$stream_output_adapter@D@__crt_stdio_output@@@2@@__crt_stdio_output@@AEAAX_K_N@Z 000000014001532c f i libucrt:output.obj
 0001:0001432c       ??$type_case_integer_parse_into_buffer@_K$0BA@@?$output_processor@DV?$string_output_adapter@D@__crt_stdio_output@@V?$standard_base@DV?$string_output_adapter@D@__crt_stdio_output@@@2@@__crt_stdio_output@@AEAAX_K_N@Z 000000014001532c f i libucrt:output.obj
 0001:000144cc       ?crop_zeroes@__crt_stdio_output@@YAXPEADQEAU__crt_locale_pointers@@@Z 00000001400154cc f i libucrt:output.obj
 0001:00014538       ?parse_int_from_format_string@?$output_processor@DV?$stream_output_adapter@D@__crt_stdio_output@@V?$standard_base@DV?$stream_output_adapter@D@__crt_stdio_output@@@2@@__crt_stdio_output@@AEAA_NQEAH@Z 0000000140015538 f i libucrt:output.obj
 0001:00014538       ?parse_int_from_format_string@?$output_processor@DV?$string_output_adapter@D@__crt_stdio_output@@V?$standard_base@DV?$string_output_adapter@D@__crt_stdio_output@@@2@@__crt_stdio_output@@AEAA_NQEAH@Z 0000000140015538 f i libucrt:output.obj
 0001:000145c8       ?process@?$output_processor@DV?$stream_output_adapter@D@__crt_stdio_output@@V?$standard_base@DV?$stream_output_adapter@D@__crt_stdio_output@@@2@@__crt_stdio_output@@QEAAHXZ 00000001400155c8 f i libucrt:output.obj
 0001:00014960       ?process@?$output_processor@DV?$string_output_adapter@D@__crt_stdio_output@@V?$standard_base@DV?$string_output_adapter@D@__crt_stdio_output@@@2@@__crt_stdio_output@@QEAAHXZ 0000000140015960 f i libucrt:output.obj
 0001:00014ce0       ?state_case_size@?$output_processor@DV?$stream_output_adapter@D@__crt_stdio_output@@V?$standard_base@DV?$stream_output_adapter@D@__crt_stdio_output@@@2@@__crt_stdio_output@@AEAA_NXZ 0000000140015ce0 f i libucrt:output.obj
 0001:00014e68       ?state_case_size@?$output_processor@DV?$string_output_adapter@D@__crt_stdio_output@@V?$standard_base@DV?$string_output_adapter@D@__crt_stdio_output@@@2@@__crt_stdio_output@@AEAA_NXZ 0000000140015e68 f i libucrt:output.obj
 0001:00014ff0       ?state_case_type@?$output_processor@DV?$stream_output_adapter@D@__crt_stdio_output@@V?$standard_base@DV?$stream_output_adapter@D@__crt_stdio_output@@@2@@__crt_stdio_output@@AEAA_NXZ 0000000140015ff0 f i libucrt:output.obj
 0001:00015428       ?state_case_type@?$output_processor@DV?$string_output_adapter@D@__crt_stdio_output@@V?$standard_base@DV?$string_output_adapter@D@__crt_stdio_output@@@2@@__crt_stdio_output@@AEAA_NXZ 0000000140016428 f i libucrt:output.obj
 0001:0001582c       ?type_case_Z@?$output_processor@DV?$stream_output_adapter@D@__crt_stdio_output@@V?$standard_base@DV?$stream_output_adapter@D@__crt_stdio_output@@@2@@__crt_stdio_output@@AEAA_NXZ 000000014001682c f i libucrt:output.obj
 0001:0001582c       ?type_case_Z@?$output_processor@DV?$string_output_adapter@D@__crt_stdio_output@@V?$standard_base@DV?$string_output_adapter@D@__crt_stdio_output@@@2@@__crt_stdio_output@@AEAA_NXZ 000000014001682c f i libucrt:output.obj
 0001:000158a8       ?type_case_a@?$output_processor@DV?$stream_output_adapter@D@__crt_stdio_output@@V?$standard_base@DV?$stream_output_adapter@D@__crt_stdio_output@@@2@@__crt_stdio_output@@AEAA_NXZ 00000001400168a8 f i libucrt:output.obj
 0001:000158a8       ?type_case_a@?$output_processor@DV?$string_output_adapter@D@__crt_stdio_output@@V?$standard_base@DV?$string_output_adapter@D@__crt_stdio_output@@@2@@__crt_stdio_output@@AEAA_NXZ 00000001400168a8 f i libucrt:output.obj
 0001:00015afc       ?type_case_c_tchar@?$output_processor@DV?$string_output_adapter@D@__crt_stdio_output@@V?$standard_base@DV?$string_output_adapter@D@__crt_stdio_output@@@2@@__crt_stdio_output@@AEAA_ND@Z 0000000140016afc f i libucrt:output.obj
 0001:00015afc       ?type_case_c_tchar@?$output_processor@DV?$stream_output_adapter@D@__crt_stdio_output@@V?$standard_base@DV?$stream_output_adapter@D@__crt_stdio_output@@@2@@__crt_stdio_output@@AEAA_ND@Z 0000000140016afc f i libucrt:output.obj
 0001:00015bd0       ?type_case_n@?$output_processor@DV?$stream_output_adapter@D@__crt_stdio_output@@V?$standard_base@DV?$stream_output_adapter@D@__crt_stdio_output@@@2@@__crt_stdio_output@@AEAA_NXZ 0000000140016bd0 f i libucrt:output.obj
 0001:00015bd0       ?type_case_n@?$output_processor@DV?$string_output_adapter@D@__crt_stdio_output@@V?$standard_base@DV?$string_output_adapter@D@__crt_stdio_output@@@2@@__crt_stdio_output@@AEAA_NXZ 0000000140016bd0 f i libucrt:output.obj
 0001:00015c88       ?type_case_s@?$output_processor@DV?$stream_output_adapter@D@__crt_stdio_output@@V?$standard_base@DV?$stream_output_adapter@D@__crt_stdio_output@@@2@@__crt_stdio_output@@AEAA_NXZ 0000000140016c88 f i libucrt:output.obj
 0001:00015c88       ?type_case_s@?$output_processor@DV?$string_output_adapter@D@__crt_stdio_output@@V?$standard_base@DV?$string_output_adapter@D@__crt_stdio_output@@@2@@__crt_stdio_output@@AEAA_NXZ 0000000140016c88 f i libucrt:output.obj
 0001:00015d30       ?update_locale_slow@__crt_cached_ptd_host@@AEAAXXZ 0000000140016d30 f i libucrt:output.obj
 0001:00015da8       ?validate_stream_is_ansi_if_required@?$__acrt_stdio_char_traits@D@@SA_NQEAU_iobuf@@@Z 0000000140016da8 f i libucrt:output.obj
 0001:00015e44       ?write_string@?$string_output_adapter@D@__crt_stdio_output@@QEBAXQEBDHQEAHAEAV__crt_cached_ptd_host@@@Z 0000000140016e44 f i libucrt:output.obj
 0001:00015ee8       ?write_string_impl@?$output_adapter_common@DV?$stream_output_adapter@D@__crt_stdio_output@@@__crt_stdio_output@@IEBAXQEBDHQEAHAEAV__crt_cached_ptd_host@@@Z 0000000140016ee8 f i libucrt:output.obj
 0001:00015fb4       __stdio_common_vfprintf    0000000140016fb4 f   libucrt:output.obj
 0001:000160d8       __stdio_common_vsprintf    00000001400170d8 f   libucrt:output.obj
 0001:00016340       strncpy                    0000000140017340 f   libucrt:strncpy.obj
 0001:000164b0       isalnum                    00000001400174b0 f   libucrt:_ctype.obj
 0001:0001655c       ??$__acrt_convert_wcs_mbs_cp@D_WV<lambda_7c9dea7b4ca7285d2cdb541a38da6275>@@U__crt_win32_buffer_internal_dynamic_resizing@@@@YAHQEBDAEAV?$__crt_win32_buffer@_WU__crt_win32_buffer_internal_dynamic_resizing@@@@AEBV<lambda_7c9dea7b4ca7285d2cdb541a38da6275>@@I@Z 000000014001755c f i libucrt:stat.obj
 0001:00016a74       ??0_LocaleUpdate@@QEAA@QEAU__crt_locale_pointers@@@Z 0000000140017a74 f i libucrt:stat.obj
 0001:00016e60       _stat64i32                 0000000140017e60 f   libucrt:stat.obj
 0001:00016f80       strncmp                    0000000140017f80 f   libucrt:strncmp.obj
 0001:000170c0       _fwrite_internal           00000001400180c0 f   libucrt:fwrite.obj
 0001:0001715c       _fwrite_nolock_internal    000000014001815c f   libucrt:fwrite.obj
 0001:00017370       fwrite                     0000000140018370 f   libucrt:fwrite.obj
 0001:00017414       free                       0000000140018414 f   libucrt:free.obj
 0001:00017440       strncat                    0000000140018440 f   libucrt:strncat.obj
 0001:000175d8       _mkdir                     00000001400185d8 f   libucrt:mkdir.obj
 0001:000176bc       _fread_nolock_s            00000001400186bc f   libucrt:fread.obj
 0001:0001791c       fread                      000000014001891c f   libucrt:fread.obj
 0001:0001793c       fread_s                    000000014001893c f   libucrt:fread.obj
 0001:000179e4       malloc                     00000001400189e4 f   libucrt:malloc.obj
 0001:000179ec       ?get_raw_ptd_noexit@__crt_cached_ptd_host@@QEAAPEAU__acrt_ptd@@XZ 00000001400189ec f i libucrt:invalid_parameter.obj
 0001:00017a58       ?value@?$dual_state_global@P6AXPEB_W00I_K@Z@__crt_state_management@@QEAAAEAP6AXPEB_W00I_K@ZAEAV__crt_cached_ptd_host@@@Z 0000000140018a58 f i libucrt:invalid_parameter.obj
 0001:00017aa4       __acrt_call_reportfault    0000000140018aa4 f   libucrt:invalid_parameter.obj
 0001:00017c00       __acrt_initialize_invalid_parameter_handler 0000000140018c00 f   libucrt:invalid_parameter.obj
 0001:00017c08       _invalid_parameter         0000000140018c08 f   libucrt:invalid_parameter.obj
 0001:00017ca4       _invalid_parameter_internal 0000000140018ca4 f   libucrt:invalid_parameter.obj
 0001:00017d70       _invalid_parameter_noinfo  0000000140018d70 f   libucrt:invalid_parameter.obj
 0001:00017d90       _invalid_parameter_noinfo_noreturn 0000000140018d90 f   libucrt:invalid_parameter.obj
 0001:00017dc0       _invoke_watson             0000000140018dc0 f   libucrt:invalid_parameter.obj
 0001:00017e08       _aligned_free              0000000140018e08 f   libucrt:align.obj
 0001:00017e24       _aligned_malloc            0000000140018e24 f   libucrt:align.obj
 0001:00017ea4       roundf                     0000000140018ea4 f   libucrt:roundf.obj
 0001:00017f0c       _clearfp                   0000000140018f0c f   libucrt:ieee.obj
 0001:00017f78       _control87                 0000000140018f78 f   libucrt:ieee.obj
 0001:00017f80       _controlfp                 0000000140018f80 f   libucrt:ieee.obj
 0001:00018228       __acrt_initialize_new_handler 0000000140019228 f   libucrt:new_handler.obj
 0001:00018230       _callnewh                  0000000140019230 f   libucrt:new_handler.obj
 0001:00018270       _query_new_handler         0000000140019270 f   libucrt:new_handler.obj
 0001:000182a8       _seh_filter_exe            00000001400192a8 f   libucrt:exception_filter.obj
 0001:000186c0       __acrt_initialize_thread_local_exit_callback 00000001400196c0 f   libucrt:exit.obj
 0001:000186c8       _c_exit                    00000001400196c8 f   libucrt:exit.obj
 0001:000186d8       _cexit                     00000001400196d8 f   libucrt:exit.obj
 0001:000186e8       _exit                      00000001400196e8 f   libucrt:exit.obj
 0001:000186f4       _register_thread_local_exe_atexit_callback 00000001400196f4 f   libucrt:exit.obj
 0001:00018734       exit                       0000000140019734 f   libucrt:exit.obj
 0001:00018908       __acrt_allocate_buffer_for_argv 0000000140019908 f   libucrt:argv_parsing.obj
 0001:00018968       _configure_narrow_argv     0000000140019968 f   libucrt:argv_parsing.obj
 0001:00018f38       __dcrt_get_or_create_wide_environment_nolock 0000000140019f38 f   libucrt:environment_initialization.obj
 0001:00018f74       __dcrt_uninitialize_environments_nolock 0000000140019f74 f   libucrt:environment_initialization.obj
 0001:00018fb8       _initialize_narrow_environment 0000000140019fb8 f   libucrt:environment_initialization.obj
 0001:00019308       _crt_atexit                000000014001a308 f   libucrt:onexit.obj
 0001:00019318       _execute_onexit_table      000000014001a318 f   libucrt:onexit.obj
 0001:0001935c       _initialize_onexit_table   000000014001a35c f   libucrt:onexit.obj
 0001:00019384       _register_onexit_function  000000014001a384 f   libucrt:onexit.obj
 0001:000194f8       __acrt_initialize          000000014001a4f8 f   libucrt:initialization.obj
 0001:0001950c       __acrt_uninitialize        000000014001a50c f   libucrt:initialization.obj
 0001:00019544       _query_app_type            000000014001a544 f   libucrt:report_runtime_error.obj
 0001:0001954c       _set_app_type              000000014001a54c f   libucrt:report_runtime_error.obj
 0001:00019554       __acrt_has_user_matherr    000000014001a554 f   libucrt:matherr.obj
 0001:00019574       __acrt_initialize_user_matherr 000000014001a574 f   libucrt:matherr.obj
 0001:0001957c       __acrt_invoke_user_matherr 000000014001a57c f   libucrt:matherr.obj
 0001:000195b8       __setusermatherr           000000014001a5b8 f   libucrt:matherr.obj
 0001:000195e0       _get_narrow_winmain_command_line 000000014001a5e0 f   libucrt:argv_winmain.obj
 0001:00019650       _initterm                  000000014001a650 f   libucrt:initterm.obj
 0001:00019694       _initterm_e                000000014001a694 f   libucrt:initterm.obj
 0001:000196dc       _get_fmode                 000000014001a6dc f   libucrt:setmode.obj
 0001:0001970c       _set_fmode                 000000014001a70c f   libucrt:setmode.obj
 0001:0001974c       _setmode_nolock            000000014001a74c f   libucrt:setmode.obj
 0001:000198a0       __acrt_set_locale_changed  000000014001a8a0 f   libucrt:wsetlocale.obj
 0001:000198ac       __acrt_uninitialize_locale 000000014001a8ac f   libucrt:wsetlocale.obj
 0001:000198dc       _configthreadlocale        000000014001a8dc f   libucrt:wsetlocale.obj
 0001:00019948       _query_new_mode            000000014001a948 f   libucrt:new_mode.obj
 0001:00019950       _set_new_mode              000000014001a950 f   libucrt:new_mode.obj
 0001:0001997c       __p__commode               000000014001a97c f   libucrt:ncommode.obj
 0001:00019984       terminate                  000000014001a984 f   libucrt:terminate.obj
 0001:000199b0       strdup                     000000014001a9b0 f   libucrt:strdup.obj
 0001:000199b0       _strdup                    000000014001a9b0 f   libucrt:strdup.obj
 0001:00019a28       ___lc_codepage_func        000000014001aa28 f   libucrt:initctype.obj
 0001:00019a58       strcpy_s                   000000014001aa58 f   libucrt:strcpy_s.obj
 0001:00019ab8       abort                      000000014001aab8 f   libucrt:abort.obj
 0001:00019b10       calloc                     000000014001ab10 f   libucrt:calloc.obj
 0001:00019b18       ??$parse_integer@KV?$c_string_character_source@_W@__crt_strtox@@$00@__crt_strtox@@YAKAEAV__crt_cached_ptd_host@@V?$c_string_character_source@_W@0@H_N@Z 000000014001ab18 f i libucrt:atox.obj
 0001:0001a2b4       wcsncmp                    000000014001b2b4 f   libucrt:wcsncmp.obj
 0001:0001a2e0       __acrt_errno_from_os_error 000000014001b2e0 f   libucrt:errno.obj
 0001:0001a328       __acrt_errno_map_os_error  000000014001b328 f   libucrt:errno.obj
 0001:0001a370       __acrt_errno_map_os_error_ptd 000000014001b370 f   libucrt:errno.obj
 0001:0001a394       __doserrno                 000000014001b394 f   libucrt:errno.obj
 0001:0001a3b4       _errno                     000000014001b3b4 f   libucrt:errno.obj
 0001:0001a3d4       ?__acrt_stdio_allocate_stream@@YA?AV__crt_stdio_stream@@XZ 000000014001b3d4 f   libucrt:stream.obj
 0001:0001a42c       ?__acrt_stdio_free_stream@@YAXV__crt_stdio_stream@@@Z 000000014001b42c f   libucrt:stream.obj
 0001:0001a534       ??$__acrt_stdio_parse_mode@D@@YA?AU__acrt_stdio_stream_mode@@QEBD@Z 000000014001b534 f i libucrt:openfile.obj
 0001:0001a7f8       _openfile                  000000014001b7f8 f   libucrt:openfile.obj
 0001:0001a894       _calloc_base               000000014001b894 f   libucrt:calloc_base.obj
 0001:0001a90c       _free_base                 000000014001b90c f   libucrt:free_base.obj
 0001:0001ab04       __acrt_AppPolicyGetProcessTerminationMethodInternal 000000014001bb04 f   libucrt:winapi_thunks.obj
 0001:0001ab5c       __acrt_AreFileApisANSI     000000014001bb5c f   libucrt:winapi_thunks.obj
 0001:0001aba0       __acrt_CompareStringEx     000000014001bba0 f   libucrt:winapi_thunks.obj
 0001:0001ac8c       __acrt_FlsAlloc            000000014001bc8c f   libucrt:winapi_thunks.obj
 0001:0001ac94       __acrt_FlsFree             000000014001bc94 f   libucrt:winapi_thunks.obj
 0001:0001ac9c       __acrt_FlsGetValue         000000014001bc9c f   libucrt:winapi_thunks.obj
 0001:0001aca4       __acrt_FlsSetValue         000000014001bca4 f   libucrt:winapi_thunks.obj
 0001:0001acac       __acrt_InitializeCriticalSectionEx 000000014001bcac f   libucrt:winapi_thunks.obj
 0001:0001ad1c       __acrt_LCMapStringEx       000000014001bd1c f   libucrt:winapi_thunks.obj
 0001:0001ae08       __acrt_LocaleNameToLCID    000000014001be08 f   libucrt:winapi_thunks.obj
 0001:0001ae68       __acrt_initialize_winapi_thunks 000000014001be68 f   libucrt:winapi_thunks.obj
 0001:0001ae8c       __acrt_uninitialize_winapi_thunks 000000014001be8c f   libucrt:winapi_thunks.obj
 0001:0001aed0       _fcloseall                 000000014001bed0 f   libucrt:closeall.obj
 0001:0001b164       __acrt_stdio_flush_nolock  000000014001c164 f   libucrt:fflush.obj
 0001:0001b1f0       _fflush_nolock             000000014001c1f0 f   libucrt:fflush.obj
 0001:0001b2c4       _flushall                  000000014001c2c4 f   libucrt:fflush.obj
 0001:0001b2cc       __acrt_stdio_free_buffer_nolock 000000014001c2cc f   libucrt:_freebuf.obj
 0001:0001b508       __acrt_initialize_lowio    000000014001c508 f   libucrt:ioinit.obj
 0001:0001b544       __acrt_uninitialize_lowio  000000014001c544 f   libucrt:ioinit.obj
 0001:0001b584       _fileno                    000000014001c584 f   libucrt:fileno.obj
 0001:0001b624       _close_internal            000000014001c624 f   libucrt:close.obj
 0001:0001b6e8       _close_nolock              000000014001c6e8 f   libucrt:close.obj
 0001:0001b780       _close_nolock_internal     000000014001c780 f   libucrt:close.obj
 0001:0001bbc8       __acrt_getptd              000000014001cbc8 f   libucrt:per_thread_data.obj
 0001:0001bc9c       __acrt_getptd_head         000000014001cc9c f   libucrt:per_thread_data.obj
 0001:0001bd40       __acrt_getptd_noexit       000000014001cd40 f   libucrt:per_thread_data.obj
 0001:0001be08       __acrt_getptd_noexit_explicit 000000014001ce08 f   libucrt:per_thread_data.obj
 0001:0001bec8       __acrt_initialize_ptd      000000014001cec8 f   libucrt:per_thread_data.obj
 0001:0001bf04       __acrt_uninitialize_ptd    000000014001cf04 f   libucrt:per_thread_data.obj
 0001:0001bf28       _realloc_base              000000014001cf28 f   libucrt:realloc_base.obj
 0001:0001bfa4       _malloc_base               000000014001cfa4 f   libucrt:malloc_base.obj
 0001:0001c004       strnlen                    000000014001d004 f   libucrt:strnlen.obj
 0001:0001c154       wcsnlen                    000000014001d154 f   libucrt:strnlen.obj
 0001:0001c32c       __acrt_update_locale_info  000000014001d32c f   libucrt:locale_update.obj
 0001:0001c360       __acrt_update_locale_info_explicit 000000014001d360 f   libucrt:locale_update.obj
 0001:0001c398       __acrt_update_multibyte_info 000000014001d398 f   libucrt:locale_update.obj
 0001:0001c3cc       __acrt_update_multibyte_info_explicit 000000014001d3cc f   libucrt:locale_update.obj
 0001:0001cf18       __acrt_fp_format           000000014001df18 f   libucrt:cvt.obj
 0001:0001d200       _wctomb_internal           000000014001e200 f   libucrt:wctomb.obj
 0001:0001d3b0       _mbtowc_internal           000000014001e3b0 f   libucrt:mbtowc.obj
 0001:0001d528       _get_printf_count_output   000000014001e528 f   libucrt:printf_count_output.obj
 0001:0001d540       _fputc_nolock_internal     000000014001e540 f   libucrt:fputc.obj
 0001:0001d558       __acrt_should_use_temporary_buffer 000000014001e558 f   libucrt:_sftbuf.obj
 0001:0001d5a4       __acrt_stdio_begin_temporary_buffering_nolock 000000014001e5a4 f   libucrt:_sftbuf.obj
 0001:0001d66c       __acrt_stdio_end_temporary_buffering_nolock 000000014001e66c f   libucrt:_sftbuf.obj
 0001:0001d6ac       _isctype_l                 000000014001e6ac f   libucrt:isctype.obj
 0001:0001d7b4       _getdrive                  000000014001e7b4 f   libucrt:drive.obj
 0001:0001d8ac       ??$__acrt_convert_wcs_mbs_cp@_WDV<lambda_f788ae46380686e8b737efdd8c720d07>@@U__crt_win32_buffer_no_resizing@@@@YAHQEB_WAEAV?$__crt_win32_buffer@DU__crt_win32_buffer_no_resizing@@@@AEBV<lambda_f788ae46380686e8b737efdd8c720d07>@@I@Z 000000014001e8ac f i libucrt:fullpath.obj
 0001:0001d9c8       ??$call_win32_function@V<lambda_17b8e77e04f0039ff1429d79b8271fa1>@@@?$__crt_win32_buffer@_WU__crt_win32_buffer_no_resizing@@@@QEAAHAEBV<lambda_17b8e77e04f0039ff1429d79b8271fa1>@@@Z 000000014001e9c8 f i libucrt:fullpath.obj
 0001:0001da3c       ??$call_win32_function@V<lambda_1a60cddbd8640ed4c95e91b82cd9827b>@@@?$__crt_win32_buffer@_WU__crt_win32_buffer_public_dynamic_resizing@@@@QEAAHAEBV<lambda_1a60cddbd8640ed4c95e91b82cd9827b>@@@Z 000000014001ea3c f i libucrt:fullpath.obj
 0001:0001db14       ?detach@?$__crt_win32_buffer@_WU__crt_win32_buffer_public_dynamic_resizing@@@@QEAAPEA_WXZ 000000014001eb14 f i libucrt:fullpath.obj
 0001:0001dbf8       _wfullpath                 000000014001ebf8 f   libucrt:fullpath.obj
 0001:0001dcac       wcspbrk                    000000014001ecac f   libucrt:wcspbrk.obj
 0001:0001dce0       __ascii_wcsicmp            000000014001ece0 f   libucrt:wcsicmp.obj
 0001:0001dd20       _wcsicmp                   000000014001ed20 f   libucrt:wcsicmp.obj
 0001:0001dd68       _wcsicmp_l                 000000014001ed68 f   libucrt:wcsicmp.obj
 0001:0001de9c       __acrt_MultiByteToWideChar 000000014001ee9c f   libucrt:multibytetowidechar.obj
 0001:0001df2c       __acrt_lowio_create_handle_array 000000014001ef2c f   libucrt:osfinfo.obj
 0001:0001dfd4       __acrt_lowio_destroy_handle_array 000000014001efd4 f   libucrt:osfinfo.obj
 0001:0001e024       __acrt_lowio_ensure_fh_exists 000000014001f024 f   libucrt:osfinfo.obj
 0001:0001e0cc       __acrt_lowio_lock_fh       000000014001f0cc f   libucrt:osfinfo.obj
 0001:0001e0f4       __acrt_lowio_set_os_handle 000000014001f0f4 f   libucrt:osfinfo.obj
 0001:0001e1b4       __acrt_lowio_unlock_fh     000000014001f1b4 f   libucrt:osfinfo.obj
 0001:0001e1dc       _alloc_osfhnd              000000014001f1dc f   libucrt:osfinfo.obj
 0001:0001e31c       _free_osfhnd               000000014001f31c f   libucrt:osfinfo.obj
 0001:0001e3d8       _get_osfhandle             000000014001f3d8 f   libucrt:osfinfo.obj
 0001:0001e450       ??$__crt_time_is_leap_year@H@@YA_NH@Z 000000014001f450 f i libucrt:loctotime.obj
 0001:0001e6e0       __loctotime64_t            000000014001f6e0 f   libucrt:loctotime.obj
 0001:0001eef0       _write                     000000014001fef0 f   libucrt:write.obj
 0001:0001ef88       _write_internal            000000014001ff88 f   libucrt:write.obj
 0001:0001f0a8       _write_nolock              00000001400200a8 f   libucrt:write.obj
 0001:0001f524       __acrt_stdio_flush_and_write_narrow_nolock 0000000140020524 f   libucrt:_flsbuf.obj
 0001:0001f5f0       _wmkdir                    00000001400205f0 f   libucrt:wmkdir.obj
 0001:0001faa4       _read                      0000000140020aa4 f   libucrt:read.obj
 0001:0001fbc4       _read_nolock               0000000140020bc4 f   libucrt:read.obj
 0001:00020014       __acrt_stdio_refill_and_read_narrow_nolock 0000000140021014 f   libucrt:_filbuf.obj
 0001:0002017c       _msize_base                000000014002117c f   libucrt:msize.obj
 0001:000201b8       _fd_int                    00000001400211b8 f   libucrt:_test.obj
 0001:000202a0       _get_fpsr                  00000001400212a0 f   libucrt:fpsr.obj
 0001:000202b0       _set_fpsr                  00000001400212b0 f   libucrt:fpsr.obj
 0001:000202ba       _fclrf                     00000001400212ba f   libucrt:fpsr.obj
 0001:000202ce       _frnd                      00000001400212ce f   libucrt:fpsr.obj
 0001:000202f0       __acrt_initialize_locks    00000001400212f0 f   libucrt:locks.obj
 0001:00020338       __acrt_lock                0000000140021338 f   libucrt:locks.obj
 0001:00020354       __acrt_uninitialize_locks  0000000140021354 f   libucrt:locks.obj
 0001:0002038c       __acrt_unlock              000000014002138c f   libucrt:locks.obj
 0001:000203a8       __acrt_app_verifier_enabled 00000001400213a8 f   libucrt:peb_access.obj
 0001:000203c4       __acrt_is_secure_process   00000001400213c4 f   libucrt:peb_access.obj
 0001:000203dc       __acrt_get_process_end_policy 00000001400213dc f   libucrt:win_policies.obj
 0001:00020420       ??$__acrt_convert_wcs_mbs_cp@_WDV<lambda_d8593a27d1aa8c02be35c86a17d324c4>@@U__crt_win32_buffer_internal_dynamic_resizing@@@@YAHQEB_WAEAV?$__crt_win32_buffer@DU__crt_win32_buffer_internal_dynamic_resizing@@@@AEBV<lambda_d8593a27d1aa8c02be35c86a17d324c4>@@I@Z 0000000140021420 f i libucrt:argv_wildcards.obj
 0001:00020cc4       __acrt_expand_narrow_argv_wildcards 0000000140021cc4 f   libucrt:argv_wildcards.obj
 0001:00020ccc       __acrt_GetModuleFileNameA  0000000140021ccc f   libucrt:getmodulefilenamea.obj
 0001:000215e8       __acrt_initialize_multibyte 00000001400225e8 f   libucrt:mbctype.obj
 0001:00021648       __acrt_update_thread_multibyte_data 0000000140022648 f   libucrt:mbctype.obj
 0001:00021664       _setmbcp_nolock            0000000140022664 f   libucrt:mbctype.obj
 0001:00021998       _ismbblead                 0000000140022998 f   libucrt:ismbbyte.obj
 0001:000219ac       __acrt_initialize_command_line 00000001400229ac f   libucrt:argv_data.obj
 0001:000219d4       wcscpy_s                   00000001400229d4 f   libucrt:wcscpy_s.obj
 0001:00021a3c       __acrt_WideCharToMultiByte 0000000140022a3c f   libucrt:widechartomultibyte.obj
 0001:00021b1c       __dcrt_get_narrow_environment_from_os 0000000140022b1c f   libucrt:get_environment_from_os.obj
 0001:00021c2c       __dcrt_get_wide_environment_from_os 0000000140022c2c f   libucrt:get_environment_from_os.obj
 0001:0002211c       __dcrt_set_variable_in_wide_environment_nolock 000000014002311c f   libucrt:setenv.obj
 0001:00022124       _recalloc_base             0000000140023124 f   libucrt:recalloc.obj
 0001:000221bc       __acrt_initialize_heap     00000001400231bc f   libucrt:heap_handle.obj
 0001:000221d8       __acrt_uninitialize_heap   00000001400231d8 f   libucrt:heap_handle.obj
 0001:000221e4       __acrt_execute_initializers 00000001400231e4 f   libucrt:shared_initialization.obj
 0001:00022278       __acrt_execute_uninitializers 0000000140023278 f   libucrt:shared_initialization.obj
 0001:00022308       __acrt_get_sigabrt_handler 0000000140023308 f   libucrt:signal.obj
 0001:00022338       __acrt_initialize_signal_handlers 0000000140023338 f   libucrt:signal.obj
 0001:00022358       raise                      0000000140023358 f   libucrt:signal.obj
 0001:000225d4       wcsncpy_s                  00000001400235d4 f   libucrt:wcsncpy_s.obj
 0001:000226d0       __acrt_initialize_fmode    00000001400236d0 f   libucrt:txtmode.obj
 0001:000226ec       __acrt_locale_free_monetary 00000001400236ec f   libucrt:initmon.obj
 0001:000227f8       __acrt_locale_free_numeric 00000001400237f8 f   libucrt:initnum.obj
 0001:00022898       __acrt_locale_free_time    0000000140023898 f   libucrt:inittime.obj
 0001:000229a0       __acrt_GetStringTypeA      00000001400239a0 f   libucrt:getstringtypea.obj
 0001:00022b30       __acrt_add_locale_ref      0000000140023b30 f   libucrt:locale_refcounting.obj
 0001:00022bbc       __acrt_free_locale         0000000140023bbc f   libucrt:locale_refcounting.obj
 0001:00022d34       __acrt_locale_add_lc_time_reference 0000000140023d34 f   libucrt:locale_refcounting.obj
 0001:00022d5c       __acrt_locale_free_lc_time_if_unreferenced 0000000140023d5c f   libucrt:locale_refcounting.obj
 0001:00022d94       __acrt_locale_release_lc_time_reference 0000000140023d94 f   libucrt:locale_refcounting.obj
 0001:00022dbc       __acrt_release_locale_ref  0000000140023dbc f   libucrt:locale_refcounting.obj
 0001:00022e64       __acrt_update_thread_locale_data 0000000140023e64 f   libucrt:locale_refcounting.obj
 0001:00022ed4       _updatetlocinfoEx_nolock   0000000140023ed4 f   libucrt:locale_refcounting.obj
 0001:00023270       __acrt_LCMapStringA        0000000140024270 f   libucrt:lcmapstringa.obj
 0001:00023308       iswctype                   0000000140024308 f   libucrt:iswctype.obj
 0001:00023374       __ascii_wcsnicmp           0000000140024374 f   libucrt:wcsnicmp.obj
 0001:000233c0       __ascii_strnicmp           00000001400243c0 f   libucrt:strnicmp.obj
 0001:0002340c       _strnicmp                  000000014002440c f   libucrt:strnicmp.obj
 0001:0002345c       _strnicmp_l                000000014002445c f   libucrt:strnicmp.obj
 0001:00023b1c       _sopen_nolock              0000000140024b1c f   libucrt:open.obj
 0001:00023c38       _sopen_s                   0000000140024c38 f   libucrt:open.obj
 0001:00023c6c       _wsopen_nolock             0000000140024c6c f   libucrt:open.obj
 0001:0002405c       __acrt_DownlevelLocaleNameToLCID 000000014002505c f   libucrt:lcidtoname_downlevel.obj
 0001:0002418c       _commit                    000000014002518c f   libucrt:commit.obj
 0001:000242f0       __acrt_fp_strflt_to_string 00000001400252f0 f   libucrt:_fptostr.obj
 0001:00024400       ?divide@__crt_strtox@@YA_KAEAUbig_integer@1@AEBU21@@Z 0000000140025400 f i libucrt:cfout.obj
 0001:0002489c       __acrt_fltout              000000014002589c f   libucrt:cfout.obj
 0001:00025bb4       fegetround                 0000000140026bb4 f   libucrt:fegetround.obj
 0001:00025bc8       ?__c32rtomb_utf8@__crt_mbstring@@YA_KPEAD_UPEAU_Mbstatet@@AEAV__crt_cached_ptd_host@@@Z 0000000140026bc8 f   libucrt:c32rtomb.obj
 0001:00025c6c       ?__mbrtowc_utf8@__crt_mbstring@@YA_KPEA_WPEBD_KPEAU_Mbstatet@@AEAV__crt_cached_ptd_host@@@Z 0000000140026c6c f   libucrt:mbrtowc.obj
 0001:00025cb0       ?__mbsrtowcs_utf8@__crt_mbstring@@YA_KPEA_WPEAPEBD_KPEAU_Mbstatet@@AEAV__crt_cached_ptd_host@@@Z 0000000140026cb0 f   libucrt:mbrtowc.obj
 0001:00025e54       _isatty                    0000000140026e54 f   libucrt:isatty.obj
 0001:000260a4       _wgetcwd                   00000001400270a4 f   libucrt:getcwd.obj
 0001:000260cc       _towlower_l                00000001400270cc f   libucrt:towlower.obj
 0001:000261c0       __acrt_initialize_timeset  00000001400271c0 f   libucrt:timeset.obj
 0001:00026210       __daylight                 0000000140027210 f   libucrt:timeset.obj
 0001:00026218       __dstbias                  0000000140027218 f   libucrt:timeset.obj
 0001:00026220       __timezone                 0000000140027220 f   libucrt:timeset.obj
 0001:00026228       __tzname                   0000000140027228 f   libucrt:timeset.obj
 0001:00026230       __wide_tzname              0000000140027230 f   libucrt:timeset.obj
 0001:00026238       _get_daylight              0000000140027238 f   libucrt:timeset.obj
 0001:00026268       _get_dstbias               0000000140027268 f   libucrt:timeset.obj
 0001:00026298       _get_timezone              0000000140027298 f   libucrt:timeset.obj
 0001:00026e34       __tzset                    0000000140027e34 f   libucrt:tzset.obj
 0001:00026e78       _isindst                   0000000140027e78 f   libucrt:tzset.obj
 0001:00027074       _lseeki64                  0000000140028074 f   libucrt:lseek.obj
 0001:00027110       _lseeki64_nolock           0000000140028110 f   libucrt:lseek.obj
 0001:000271ac       _lseeki64_nolock_internal  00000001400281ac f   libucrt:lseek.obj
 0001:000271b4       _putwch_nolock             00000001400281b4 f   libucrt:putwch.obj
 0001:000271f0       __acrt_stdio_allocate_buffer_nolock 00000001400281f0 f   libucrt:_getbuf.obj
 0001:0002725c       __acrt_fenv_get_common_round_control 000000014002825c f   libucrt:_fenvutils.obj
 0001:00027268       __acrt_fenv_get_control    0000000140028268 f   libucrt:_fenvutils.obj
 0001:0002734c       __acrt_fenv_get_status     000000014002834c f   libucrt:_fenvutils.obj
 0001:000273a4       __acrt_fenv_set_control    00000001400283a4 f   libucrt:_fenvutils.obj
 0001:000274dc       __acrt_fenv_set_status     00000001400284dc f   libucrt:_fenvutils.obj
 0001:00027550       qsort                      0000000140028550 f   libucrt:qsort.obj
 0001:00027960       strncpy_s                  0000000140028960 f   libucrt:strncpy_s.obj
 0001:00027af0       strpbrk                    0000000140028af0 f   libucrt:strpbrk.obj
 0001:00027eb8       _mbsdec                    0000000140028eb8 f   libucrt:mbsdec.obj
 0001:00027ec0       _mbsdec_l                  0000000140028ec0 f   libucrt:mbsdec.obj
 0001:00027f6c       _wcsnicoll                 0000000140028f6c f   libucrt:wcsnicol.obj
 0001:00027fbc       _wcsnicoll_l               0000000140028fbc f   libucrt:wcsnicol.obj
 0001:000280ac       __strncnt                  00000001400290ac f   libucrt:strncnt.obj
 0001:000280c4       __acrt_GetStringTypeW      00000001400290c4 f   libucrt:getstringtypew.obj
 0001:000280cc       _chsize_nolock             00000001400290cc f   libucrt:chsize.obj
 0001:00028164       _chsize_nolock_internal    0000000140029164 f   libucrt:chsize.obj
 0001:000282f8       _controlfp_s               00000001400292f8 f   libucrt:contrlfp.obj
 0001:0002835c       fegetenv                   000000014002935c f   libucrt:fegetenv.obj
 0001:0002837c       fesetenv                   000000014002937c f   libucrt:fesetenv.obj
 0001:000283d4       feholdexcept               00000001400293d4 f   libucrt:feholdexcept.obj
 0001:00028424       ceil                       0000000140029424 f   libucrt:ceil.obj
 0001:000284f0       log10                      00000001400294f0 f   libucrt:log10.obj
 0001:00028a9c       ?reset_and_return@__crt_mbstring@@YA_K_KPEAU_Mbstatet@@@Z 0000000140029a9c f   libucrt:common_utf8.obj
 0001:00028aa4       ?return_illegal_sequence@__crt_mbstring@@YA_KPEAU_Mbstatet@@AEAV__crt_cached_ptd_host@@@Z 0000000140029aa4 f   libucrt:common_utf8.obj
 0001:00028ab8       ?__mbrtoc32_utf8@__crt_mbstring@@YA_KPEA_UPEBD_KPEAU_Mbstatet@@AEAV__crt_cached_ptd_host@@@Z 0000000140029ab8 f   libucrt:mbrtoc32.obj
 0001:00028c94       __acrt_LCMapStringW        0000000140029c94 f   libucrt:lcmapstringw.obj
 0001:00028d1c       wcstol                     0000000140029d1c f   libucrt:strtox.obj
 0001:00028f60       _wgetenv_s                 0000000140029f60 f   libucrt:getenv.obj
 0001:00028f68       __dcrt_lowio_ensure_console_output_initialized 0000000140029f68 f   libucrt:initcon.obj
 0001:00028fbc       __dcrt_terminate_console_output 0000000140029fbc f   libucrt:initcon.obj
 0001:00028fd8       __dcrt_write_console       0000000140029fd8 f   libucrt:initcon.obj
 0001:00029098       __acrt_CompareStringW      000000014002a098 f   libucrt:comparestringw.obj
 0001:0002927c       _handle_error              000000014002a27c f   libucrt:libm_error.obj
 0001:000293a4       _handle_errorf             000000014002a3a4 f   libucrt:libm_error.obj
 0001:000294d8       _handle_nan                000000014002a4d8 f   libucrt:libm_error.obj
 0001:000294f4       _handle_nanf               000000014002a4f4 f   libucrt:libm_error.obj
 0001:00029510       __acrt_initialize_fma3     000000014002a510 f   libucrt:fma3_available.obj
 0001:00029580       _log10_special             000000014002a580 f   libucrt:log_special.obj
 0001:00029638       _raise_exc                 000000014002a638 f   libucrt:fpexcept.obj
 0001:00029660       _raise_exc_ex              000000014002a660 f   libucrt:fpexcept.obj
 0001:00029968       _raise_excf                000000014002a968 f   libucrt:fpexcept.obj
 0001:00029994       _set_errno_from_matherr    000000014002a994 f   libucrt:fpexcept.obj
 0001:000299c4       _clrfp                     000000014002a9c4 f   libucrt:fpctrl.obj
 0001:000299e4       _ctrlfp                    000000014002a9e4 f   libucrt:fpctrl.obj
 0001:00029a60       _set_statfp                000000014002aa60 f   libucrt:fpctrl.obj
 0001:00029a80       _statfp                    000000014002aa80 f   libucrt:fpctrl.obj
 0001:00029a94       __GSHandlerCheck           000000014002aa94 f   LIBCMT:gshandler.obj
 0001:00029ab4       __GSHandlerCheckCommon     000000014002aab4 f   LIBCMT:gshandler.obj
 0001:00029b20       __security_check_cookie    000000014002ab20 f   LIBCMT:amdsecgs.obj
 0001:00029b40       _FindPESection             000000014002ab40 f   LIBCMT:pesect.obj
 0001:00029b90       _IsNonwritableInCurrentImage 000000014002ab90 f   LIBCMT:pesect.obj
 0001:00029be0       _ValidateImageBase         000000014002abe0 f   LIBCMT:pesect.obj
 0001:00029c10       __GSHandlerCheck_SEH       000000014002ac10 f   LIBCMT:gshandlerseh.obj
 0001:00029c98       __raise_securityfailure    000000014002ac98 f   LIBCMT:gs_report.obj
 0001:00029ccc       __report_gsfailure         000000014002accc f   LIBCMT:gs_report.obj
 0001:00029da0       __report_rangecheckfailure 000000014002ada0 f   LIBCMT:gs_report.obj
 0001:00029db4       __report_securityfailure   000000014002adb4 f   LIBCMT:gs_report.obj
 0001:00029f34       __GSHandlerCheck_EH        000000014002af34 f   LIBCMT:gshandlereh.obj
 0001:00029fd0       __chkstk                   000000014002afd0 f   LIBCMT:chkstk.obj
 0001:00029fd0       _alloca_probe              000000014002afd0 f   LIBCMT:chkstk.obj
 0001:0002a020       __C_specific_handler_noexcept 000000014002b020 f   libvcruntime:chandler_noexcept.obj
 0001:0002a06c       wcsrchr                    000000014002b06c f   libvcruntime:wcsrchr.obj
 0001:0002a130       memcmp                     000000014002b130 f   libvcruntime:memcmp.obj
 0001:0002a1f8       strrchr                    000000014002b1f8 f   libvcruntime:strrchr.obj
 0001:0002a324       wcschr                     000000014002b324 f   libvcruntime:wcschr.obj
 0001:00033240       __vdecl_sinf4              0000000140034240 f   LIBCMT:svml_ssinf4_dispatch.obj
 0001:00033260       __libm_sse2_sincosf_       0000000140034260 f   LIBCMT:svml_ssinf4_dispatch.obj
 0001:000332a3       __libm_sse2_sincosf4_      00000001400342a3 f   LIBCMT:svml_ssinf4_dispatch.obj
 0001:000332b0       __vdecl_cos2               00000001400342b0 f   LIBCMT:svml_dcos2_dispatch.obj
 0001:000332d0       __sse2_sinf4@@16           00000001400342d0 f   LIBCMT:svml_ssinf4_sse2.obj
 0001:00033c10       __sse4_sinf4@@16           0000000140034c10 f   LIBCMT:svml_ssinf4_sse4.obj
 0001:00034390       __sse2_cos2@@16            0000000140035390 f   LIBCMT:svml_dcos2_sse2.obj
 0001:00034a40       __sse4_cos2@@16            0000000140035a40 f   LIBCMT:svml_dcos2_sse4.obj
 0001:000350f0       __common_ssin_cout_rare    00000001400360f0 f   LIBCMT:svml_s_sin_cout.obj
 0001:00035160       __common_dcos_cout_rare    0000000140036160 f   LIBCMT:svml_d_cos_cout.obj
 0001:000351d0       _vcomp_for_dynamic_init    00000001400361d0 f   VCOMP:VCOMP140.DLL
 0001:000351d6       _vcomp_for_dynamic_next    00000001400361d6 f   VCOMP:VCOMP140.DLL
[...]
 0002:000115b0       $xdatasym                  000000014004b5b0     libucrt:remainder_piby2_forasm.obj
 0002:000115c0       $xdatasym                  000000014004b5c0     libucrt:remainder_piby2_forfma3.obj
 0002:000115cc       $unwind$_sincos_special    000000014004b5cc     libucrt:sincos_special.obj
 0002:000115cc       $unwind$_sincosf_special   000000014004b5cc     libucrt:sincos_special.obj
 0002:000115d8       $xdatasym                  000000014004b5d8     libucrt:remainder_piby2f_forasm.obj
 0002:000115dc       $unwind$_powf_special      000000014004b5dc     libucrt:pow_special.obj
 0002:000115e8       $xdatasym                  000000014004b5e8     libucrt:remainder_piby2f_forc.obj
 0002:00011f06       .idata$6                   000000014004bf06     ws2_32:WS2_32.dll
 0002:00011f28       .idata$6                   000000014004bf28     kernel32:KERNEL32.dll
 0002:00011f5a       .idata$6                   000000014004bf5a     user32:USER32.dll
 0002:00012066       .idata$6                   000000014004c066     bass:BASS.dll
 0002:00012104       .idata$6                   000000014004c104     DevIL:DevIL.dll
 0002:0001238e       .idata$6                   000000014004c38e     SDL2:SDL2.dll
 0002:00012aac       .idata$6                   000000014004caac     VCOMP:VCOMP140.DLL
 0003:00000040       ?__vcrt_flsindex@@3KA      000000014004d040     libvcruntime:per_thread_data.obj
 0003:00000160       ?dazSupported@?1??common_control87@@9@9 000000014004d160     libucrt:ieee.obj
 0003:00000168       ?errno_no_memory@@3HA      000000014004d168     libucrt:errno.obj
 0003:0000016c       ?doserrno_no_memory@@3KA   000000014004d16c     libucrt:errno.obj
 0003:000001b8       ?__acrt_flsindex@@3KA      000000014004d1b8     libucrt:per_thread_data.obj
 0003:00000660       _mbctypes                  000000014004d660     libucrt:mbctype.obj
 0003:00000770       _mbcasemaps                000000014004d770     libucrt:mbctype.obj
 0003:00000870       ?__rgctypeflag@@3PADA      000000014004d870     libucrt:mbctype.obj
 0003:00000880       ?__rgcode_page_info@@3PAUcode_page_info@@A 000000014004d880     libucrt:mbctype.obj
 0003:00000a30       ?tzstd_program@@3PADA      000000014004da30     libucrt:timeset.obj
 0003:00000a70       ?tzdst_program@@3PADA      000000014004da70     libucrt:timeset.obj
 0003:00000ab0       ?w_tzstd_program@@3PA_WA   000000014004dab0     libucrt:timeset.obj
 0003:00000b30       ?w_tzdst_program@@3PA_WA   000000014004db30     libucrt:timeset.obj
 0003:00000bb0       ?tzname_states@@3PAY01PEADA 000000014004dbb0     libucrt:timeset.obj
 0003:00000bc0       ?w_tzname_states@@3PAY01PEA_WA 000000014004dbc0     libucrt:timeset.obj
 0003:00000bd0       ?dststart@@3Utransitiondate@?A0x7639d0b4@@A 000000014004dbd0     libucrt:tzset.obj
 0003:00000be0       ?dstend@@3Utransitiondate@?A0x7639d0b4@@A 000000014004dbe0     libucrt:tzset.obj
 0003:00000bf0       ?__dcrt_lowio_console_output_handle@@3PEAXEA 000000014004dbf0     libucrt:initcon.obj
 0003:00000c00       ?dazSupported@?1??_ctrlfp@@9@9 000000014004dc00     libucrt:fpctrl.obj
 0003:00000c40       ?need_init@?1??server_connect@@9@9 000000014004dc40     device.obj
 0003:00000c44       ?s_curRayLength@@3IA       000000014004dc44     ball.obj
 0003:00000c48       ?s_beamAlphaMin@@3MA       000000014004dc48     ball.obj
 0003:00000c4c       ?s_beamAtten@@3IA          000000014004dc4c     ball.obj
 0003:00000c50       ?s_rocketCallbacks@@3Usync_cb@@A 000000014004dc50     rocket.obj
 0003:00000c68       ?s_mapTilt@@3HA            000000014004dc68     landscape.obj
 0003:00000c70       ?s_lastErr@@3V?$basic_string@DU?$char_traits@D@std@@V?$allocator@D@2@@std@@A 000000014004dc70     main.obj
 0003:00000f20       ?is_initialized_as_dll@@3_NA 000000014004df20     LIBCMT:utility.obj
 0003:00000f21       ?module_local_atexit_table_initialized@@3_NA 000000014004df21     LIBCMT:utility.obj
 0003:00000f28       ?module_local_atexit_table@@3U_onexit_table_t@@A 000000014004df28     LIBCMT:utility.obj
 0003:00000f40       ?module_local_at_quick_exit_table@@3U_onexit_table_t@@A 000000014004df40     LIBCMT:utility.obj
 0003:00000f90       ?__vcrt_startup_thread_ptd@@3U__vcrt_ptd@@A 000000014004df90     libvcruntime:per_thread_data.obj
 0003:00001010       __vcrt_lock_table          000000014004e010     libvcruntime:locks.obj
 0003:00001038       __vcrt_locks_initialized   000000014004e038     libvcruntime:locks.obj
 0003:00001080       ?heap@@3V_HeapManager@@A   000000014004e080     libvcruntime:undname.obj
 0003:000010a8       ?module_handles@@3PAPEAUHINSTANCE__@@A 000000014004e0a8     libvcruntime:winapi_downlevel.obj
 0003:000010c0       ?function_pointers@@3PAPEAXA 000000014004e0c0     libvcruntime:winapi_downlevel.obj
 0003:00001108       ?__acrt_invalid_parameter_handler@@3V?$dual_state_global@P6AXPEB_W00I_K@Z@__crt_state_management@@A 000000014004e108     libucrt:invalid_parameter.obj
 0003:00001110       ?__acrt_new_handler@@3V?$dual_state_global@P6AH_K@Z@__crt_state_management@@A 000000014004e110     libucrt:new_handler.obj
 0003:00001118       ?c_termination_complete@@3JA 000000014004e118     libucrt:exit.obj
 0003:00001120       ?thread_local_exit_callback_func@@3P6AXPEAXK0@ZEA 000000014004e120     libucrt:exit.obj
 0003:00001128       ?c_exit_complete@?1???R<lambda_6e4b09c48022b2350581041d5f6b0c4c>@@QEBA@XZ@4_NA 000000014004e128     libucrt:exit.obj
 0003:00001130       ?program_name@?1???$common_configure_argv@D@@YAHW4_crt_argv_mode@@@Z@4PADA 000000014004e130     libucrt:argv_parsing.obj
 0003:00001288       ?__acrt_app_type@@3W4_crt_app_type@@A 000000014004e288     libucrt:report_runtime_error.obj
 0003:00001290       ?user_matherr@@3V?$dual_state_global@P6AHPEAU_exception@@@Z@__crt_state_management@@A 000000014004e290     libucrt:matherr.obj
 0003:00001298       ?empty_string@?1???$common_wincmdln@E@@YAPEAEXZ@4PAEA 000000014004e298     libucrt:argv_winmain.obj
 0003:000012a0       ?__acrt_global_new_mode@@3V?$dual_state_global@J@__crt_state_management@@A 000000014004e2a0     libucrt:new_mode.obj
 0003:000012b0       ?module_handles@@3PAPEAUHINSTANCE__@@A 000000014004e2b0     libucrt:winapi_thunks.obj
 0003:00001360       ?encoded_function_pointers@@3PAPEAXA 000000014004e360     libucrt:winapi_thunks.obj
 0003:00001870       ?internal_state@?1??_mbtowc_internal@@9@4U_Mbstatet@@A 000000014004e870     libucrt:mbtowc.obj
 0003:00001878       ?enable_percent_n@@3_KA    000000014004e878     libucrt:printf_count_output.obj
 0003:00001890       ?__acrt_lock_table@@3PAU_RTL_CRITICAL_SECTION@@A 000000014004e890     libucrt:locks.obj
 0003:00001ac0       ?__acrt_locks_initialized@@3IA 000000014004eac0     libucrt:locks.obj
 0003:00001ae0       ?fSystemSet@@3HA           000000014004eae0     libucrt:mbctype.obj
 0003:00001ae4       ?initialized@?1??__acrt_initialize_multibyte@@9@4_NA 000000014004eae4     libucrt:mbctype.obj
 0003:00001b20       ?ctrlc_action@@3V?$dual_state_global@P6AXH@Z@__crt_state_management@@A 000000014004eb20     libucrt:signal.obj
 0003:00001b28       ?ctrlbreak_action@@3V?$dual_state_global@P6AXH@Z@__crt_state_management@@A 000000014004eb28     libucrt:signal.obj
 0003:00001b30       ?abort_action@@3V?$dual_state_global@P6AXH@Z@__crt_state_management@@A 000000014004eb30     libucrt:signal.obj
 0003:00001b38       ?term_action@@3V?$dual_state_global@P6AXH@Z@__crt_state_management@@A 000000014004eb38     libucrt:signal.obj
 0003:00001b60       ?_tzname@@3V?$dual_state_global@PEAPEAD@__crt_state_management@@A 000000014004eb60     libucrt:timeset.obj
 0003:00001b68       ?w_tzname@@3V?$dual_state_global@PEAPEA_W@__crt_state_management@@A 000000014004eb68     libucrt:timeset.obj
 0003:00001b70       ?last_wide_tz@@3PEA_WEA    000000014004eb70     libucrt:tzset.obj
 0003:00001b80       ?tz_api_used@@3HA          000000014004eb80     libucrt:tzset.obj
 0003:00001b84       ?tzset_init_state@@3V?$dual_state_global@J@__crt_state_management@@A 000000014004eb84     libucrt:tzset.obj
 0003:00001b90       ?tz_info@@3U_TIME_ZONE_INFORMATION@@A 000000014004eb90     libucrt:tzset.obj
 0003:00001c40       ?internal_pst@?1??__mbrtoc32_utf8@__crt_mbstring@@YA_KPEA_UPEBD_KPEAU_Mbstatet@@AEAV__crt_cached_ptd_host@@@Z@4U3@A 000000014004ec40     libucrt:mbrtoc32.obj
 0003:00001c50       GS_ExceptionRecord         000000014004ec50     LIBCMT:gs_report.obj
 0003:00001cf0       GS_ContextRecord           000000014004ecf0     LIBCMT:gs_report.obj
 0003:000095e8       ?s_bassInf@@3UBASS_INFO@@A 00000001400565e8     audio.obj
 0003:00009620       ?fNautilus_global@@3VVector3@@A 0000000140056620     shadertoy.obj
 0003:00009630       ?fSpike_global@@3VVector4@@A 0000000140056630     shadertoy.obj
 0003:00009640       ?temp@?1??path_encode@@9@9 0000000140056640     device.obj
 0003:00009744       ?s_hMusic@@3KA             0000000140056744     audio.obj
 0003:00009748       ?s_pEnvMap@@3PEAIEA        0000000140056748     ball.obj
 0003:00009750       ?temp@?1??sync_track_path@@9@9 0000000140056750     device.obj
 0003:00009858       ?s_pColorMap@@3PAPEAIA     0000000140056858     ball.obj
 0003:00009868       ?s_pHeightMap@@3PAPEAEA    0000000140056868     ball.obj
 0003:00009890       ?s_heightProj@@3PAIA       0000000140056890     ball.obj
 0003:0000a890       ?s_heightProjNorm@@3PAY02HA 0000000140057890     ball.obj
 0003:0000d890       ?s_pHalo@@3PEAIEA          000000014005a890     ball.obj
 0003:0000d898       ?s_pBeamMapMix@@3PEAIEA    000000014005a898     ball.obj
 0003:0000d8a0       ?s_pBeamMaps@@3PAPEAIA     000000014005a8a0     ball.obj
 0003:0000d8b8       ?s_heightMapMix@@3PEAEEA   000000014005a8b8     ball.obj
 0003:0000d8c0       ?s_pBackgrounds@@3PAPEAIA  000000014005a8c0     ball.obj
 0003:0000d8d0       ?s_pTempBuf@@3PEAIEA       000000014005a8d0     boxblur.obj
 0003:0000d8d8       ?s_genState@@3UTINYMT32_T@@A 000000014005a8d8     random.obj
 0003:0000d8f8       ?s_hRocket@@3PEAUsync_device@@EA 000000014005a8f8     rocket.obj
 0003:0000d900       ?s_pFDTunnelTex@@3PEAIEA   000000014005a900     shadertoy.obj
 0003:0000d908       ?s_pFDTunnelTexHighlights@@3PEAIEA 000000014005a908     shadertoy.obj
 0003:0000d910       ?s_pSpikeBlurMap@@3PEAIEA  000000014005a910     shadertoy.obj
 0003:0000d918       ?s_pSpikeBlurMaps@@3PAPEAIA 000000014005a918     shadertoy.obj
 0003:0000d928       ?s_pNautilusDirt@@3PEAIEA  000000014005a928     demo.obj
 0003:0000d930       ?s_pBallVignette@@3PEAIEA  000000014005a930     demo.obj
 0003:0000d938       ?s_pLenz@@3PEAIEA          000000014005a938     demo.obj
 0003:0000d940       ?s_pRevLogo@@3PEAIEA       000000014005a940     demo.obj
 0003:0000d948       ?s_pSpikeyFullDirt@@3PEAIEA 000000014005a948     demo.obj
 0003:0000d950       ?s_pNoooN@@3PEAIEA         000000014005a950     demo.obj
 0003:0000d958       ?s_pTunnelVignette2@@3PEAIEA 000000014005a958     demo.obj
 0003:0000d960       ?s_pDiscoGuys@@3PAPEAIA    000000014005a960     demo.obj
 0003:0000d9a0       ?s_pGreetings@@3PAPEAIA    000000014005a9a0     demo.obj
 0003:0000d9c0       ?s_pCredits@@3PAPEAIA      000000014005a9c0     demo.obj
 0003:0000d9e0       ?s_pSpikeyBypass@@3PEAIEA  000000014005a9e0     demo.obj
 0003:0000d9e8       ?s_pWaterDirt@@3PEAIEA     000000014005a9e8     demo.obj
 0003:0000d9f0       ?s_pCloseSpikeVignette@@3PEAIEA 000000014005a9f0     demo.obj
 0003:0000d9f8       ?s_pVignette06@@3PEAIEA    000000014005a9f8     demo.obj
 0003:0000da00       ?s_pRibbons@@3PEAIEA       000000014005aa00     demo.obj
 0003:0000da08       ?s_pNautilusCousteauRim2@@3PEAIEA 000000014005aa08     demo.obj
 0003:0000da10       ?s_pWaterPrismOverlay@@3PEAIEA 000000014005aa10     demo.obj
 0003:0000da18       ?s_pNautilusCousteau2@@3PEAIEA 000000014005aa18     demo.obj
 0003:0000da20       ?s_pSpikeyArrested@@3PEAIEA 000000014005aa20     demo.obj
 0003:0000da28       ?s_pCloseSpikeDirtRaker@@3PEAIEA 000000014005aa28     demo.obj
 0003:0000da30       ?s_pAreWeDone@@3PEAIEA     000000014005aa30     demo.obj
 0003:0000da38       ?s_pTunnelFullDirt@@3PEAIEA 000000014005aa38     demo.obj
 0003:0000da40       ?s_pGodLayer@@3PEAIEA      000000014005aa40     demo.obj
 0003:0000da48       ?s_pCloseSpikeVignetteForRaker@@3PEAIEA 000000014005aa48     demo.obj
 0003:0000da50       ?s_pSpikeyVignette@@3PEAIEA 000000014005aa50     demo.obj
 0003:0000da58       ?s_pNautilusCousteauRim1@@3PEAIEA 000000014005aa58     demo.obj
 0003:0000da60       ?s_pGPUJoke@@3PEAIEA       000000014005aa60     demo.obj
 0003:0000da68       ?s_pTunnelVignette@@3PEAIEA 000000014005aa68     demo.obj
 0003:0000da70       ?s_pNautilusCousteau1@@3PEAIEA 000000014005aa70     demo.obj
 0003:0000da78       ?s_pNautilusVignette@@3PEAIEA 000000014005aa78     demo.obj
 0003:0000da80       ?s_pNautilusText@@3PEAIEA  000000014005aa80     demo.obj
 0003:0000da88       ?s_pGreetingsDirt@@3PEAIEA 000000014005aa88     demo.obj
 0003:0000da90       ?s_pGreetingsVignette@@3PEAIEA 000000014005aa90     demo.obj
 0003:0000da98       ?s_pMFX@@3PEAIEA           000000014005aa98     demo.obj
 0003:0000daa0       ?s_pSpikeyVignette2@@3PEAIEA 000000014005aaa0     demo.obj
 0003:0000daa8       ?s_pPad@@3PEAU_SDL_GameController@@EA 000000014005aaa8     gamepad.obj
 0003:0000dab0       ?s_pGC@@3V?$vector@PEAXV?$allocator@PEAX@std@@@std@@A 000000014005aab0     image.obj
 0003:0000dac8       ?s_pColorMap@@3PEAIEA      000000014005aac8     landscape.obj
 0003:0000dad0       ?s_fogGradientUnp@@3PAT__m128i@@A 000000014005aad0     landscape.obj
 0003:0000ead0       ?s_pFogGradient@@3PEAIEA   000000014005bad0     landscape.obj
 0003:0000ead8       ?s_pHeightMap@@3PEAEEA     000000014005bad8     landscape.obj
 0003:0000eae0       ?s_pInvMap2x2@@3PEAHEA     000000014005bae0     polar.obj
 0003:0000eae8       ?s_pMap@@3PEAHEA           000000014005bae8     polar.obj
 0003:0000eaf0       ?s_pInvMap@@3PEAHEA        000000014005baf0     polar.obj
 0003:0000eaf8       ?s_pMap2x2@@3PEAHEA        000000014005baf8     polar.obj
 0003:0000eb00       ?s_pColorMap@@3PEAIEA      000000014005bb00     torus-twister.obj
 0003:0000eb08       ?s_pHeightMap@@3PEAEEA     000000014005bb08     torus-twister.obj
 0003:0000eb10       ?s_heightProj@@3PAIA       000000014005bb10     torus-twister.obj
 0003:0000f310       ?s_heightProjNorm@@3PAIA   000000014005c310     torus-twister.obj
 0003:0000fb10       ?s_pBackground@@3PEAIEA    000000014005cb10     torus-twister.obj
 0003:0000fb18       ?s_pColorMap@@3PEAIEA      000000014005cb18     tunnelscape.obj
 0003:0000fb20       ?s_fogGradientUnp@@3PAT__m128i@@A 000000014005cb20     tunnelscape.obj
 0003:00010b20       ?s_pFogGradient@@3PEAIEA   000000014005db20     tunnelscape.obj
 0003:00010b28       ?s_pHeightMap@@3PEAEEA     000000014005db28     tunnelscape.obj
 0003:00010b30       ?numCalls@?9??Gamepad_Update@@YA_NAEAUPadState@@@Z@4HA 000000014005db30     gamepad.obj
 0003:00010b34       ?strafeX@?1??vscape@@YAXPEAIMM@Z@4MA 000000014005db34     landscape.obj
 0003:00010b38       ?viewAngle@?1??vscape@@YAXPEAIMM@Z@4MA 000000014005db38     landscape.obj
 0003:00010b3c       ?padMoveX@?1??vscape@@YAXPEAIMM@Z@4MA 000000014005db3c     landscape.obj
 0003:00010b40       ?padTilt@?1??vscape@@YAXPEAIMM@Z@4MA 000000014005db40     landscape.obj
 0003:00010b44       ?padMoveY@?1??vscape@@YAXPEAIMM@Z@4MA 000000014005db44     landscape.obj
 0003:00010b48       ?strafeY@?1??vscape@@YAXPEAIMM@Z@4MA 000000014005db48     landscape.obj
 0003:00010b50       ?edgeDivs@?1??VerticalBoxBlur32@@YAXPEAIPEBIIIM@Z@4PAT__m128i@@A 000000014005db50     boxblur.obj
 0003:00011b50       ?edgeDivs@?1??HorizontalBoxBlur32@@YAXPEAIPEBIIIM@Z@4PAT__m128i@@A 000000014005eb50     boxblur.obj
 0005:00000000       MsetTab                    0000000140063000     libvcruntime:memset.obj
 0005:00000050       MoveSmall                  0000000140063050     libvcruntime:memcpy.obj
 0005:00000090       MoveSmallYmm               0000000140063090     libvcruntime:memcpy.obj
 0005:000000b4       MoveSmallYmmNT             00000001400630b4     libvcruntime:memcpy.obj
 0005:000000d8       MoveSmallXmm               00000001400630d8     libvcruntime:memcpy.obj
 0005:00000100       _2il0floatpacket$19        0000000140063100     LIBCMT:svml_ssinf4_sse2.obj
 0005:00000200       _2il0floatpacket$26        0000000140063200     LIBCMT:svml_dcos2_sse2.obj
 0005:00000210       _2il0floatpacket$27        0000000140063210     LIBCMT:svml_dcos2_sse2.obj
 0005:00000220       _2il0floatpacket$28        0000000140063220     LIBCMT:svml_dcos2_sse2.obj
 0005:00000230       _2il0floatpacket$29        0000000140063230     LIBCMT:svml_dcos2_sse2.obj
 0005:00000240       _2il0floatpacket$30        0000000140063240     LIBCMT:svml_dcos2_sse2.obj
 0005:00000250       _2il0floatpacket$31        0000000140063250     LIBCMT:svml_dcos2_sse2.obj
 0005:00000260       _2il0floatpacket$32        0000000140063260     LIBCMT:svml_dcos2_sse2.obj
 0005:00000270       _2il0floatpacket$33        0000000140063270     LIBCMT:svml_dcos2_sse2.obj
 0005:00000280       _2il0floatpacket$34        0000000140063280     LIBCMT:svml_dcos2_sse2.obj
 0005:00000290       _2il0floatpacket$35        0000000140063290     LIBCMT:svml_dcos2_sse2.obj
 0005:000002a0       _2il0floatpacket$36        00000001400632a0     LIBCMT:svml_dcos2_sse2.obj
 0005:000002b0       _2il0floatpacket$37        00000001400632b0     LIBCMT:svml_dcos2_sse2.obj
 0005:000002c0       _2il0floatpacket$38        00000001400632c0     LIBCMT:svml_dcos2_sse2.obj
 0005:000002d0       _2il0floatpacket$39        00000001400632d0     LIBCMT:svml_dcos2_sse2.obj
 0005:000002e0       _2il0floatpacket$40        00000001400632e0     LIBCMT:svml_dcos2_sse2.obj
 0005:000002f0       _2il0floatpacket$41        00000001400632f0     LIBCMT:svml_dcos2_sse2.obj
 0005:00000300       _2il0floatpacket$42        0000000140063300     LIBCMT:svml_dcos2_sse2.obj
 0005:00000310       _2il0floatpacket$43        0000000140063310     LIBCMT:svml_dcos2_sse2.obj
 0005:00000400       _2il0floatpacket$26        0000000140063400     LIBCMT:svml_dcos2_sse4.obj
 0005:00000410       _2il0floatpacket$27        0000000140063410     LIBCMT:svml_dcos2_sse4.obj
 0005:00000420       _2il0floatpacket$28        0000000140063420     LIBCMT:svml_dcos2_sse4.obj
 0005:00000430       _2il0floatpacket$29        0000000140063430     LIBCMT:svml_dcos2_sse4.obj
 0005:00000440       _2il0floatpacket$30        0000000140063440     LIBCMT:svml_dcos2_sse4.obj
 0005:00000450       _2il0floatpacket$31        0000000140063450     LIBCMT:svml_dcos2_sse4.obj
 0005:00000460       _2il0floatpacket$32        0000000140063460     LIBCMT:svml_dcos2_sse4.obj
 0005:00000470       _2il0floatpacket$33        0000000140063470     LIBCMT:svml_dcos2_sse4.obj
 0005:00000480       _2il0floatpacket$34        0000000140063480     LIBCMT:svml_dcos2_sse4.obj
 0005:00000490       _2il0floatpacket$35        0000000140063490     LIBCMT:svml_dcos2_sse4.obj
 0005:000004a0       _2il0floatpacket$36        00000001400634a0     LIBCMT:svml_dcos2_sse4.obj
 0005:000004b0       _2il0floatpacket$37        00000001400634b0     LIBCMT:svml_dcos2_sse4.obj
 0005:000004c0       _2il0floatpacket$38        00000001400634c0     LIBCMT:svml_dcos2_sse4.obj
 0005:000004d0       _2il0floatpacket$39        00000001400634d0     LIBCMT:svml_dcos2_sse4.obj
 0005:000004e0       _2il0floatpacket$40        00000001400634e0     LIBCMT:svml_dcos2_sse4.obj
 0005:000004f0       _2il0floatpacket$41        00000001400634f0     LIBCMT:svml_dcos2_sse4.obj
 0005:00000500       _2il0floatpacket$42        0000000140063500     LIBCMT:svml_dcos2_sse4.obj
 0005:00000510       _2il0floatpacket$43        0000000140063510     LIBCMT:svml_dcos2_sse4.obj
 0005:00002700       _vmlsSinHATab              0000000140065700     LIBCMT:svml_s_sin_cout.obj
 0005:00013500       _vmldCosHATab              0000000140076500     LIBCMT:svml_d_cos_cout.obj
 0006:00000060       $R000000                   0000000140077060     * linker generated manifest res *
