 VS17

 Timestamp is 641b96be (Thu Mar 23 01:01:02 2023)

 Preferred load address is 0000000140000000

 Start         Length     Name                   Class
 0001:00000000 00000020H .text$di                CODE
 0001:00000020 00031aa0H .text$mn                CODE
 0001:00031ac0 00000040H .text$mn$00             CODE
 0001:00031b00 000006a0H .text$x                 CODE
 0001:000321a0 000000d9H .text$yd                CODE
 0002:00000000 00000488H .idata$5                DATA
 0002:00000488 00000028H .00cfg                  DATA
 0002:000004b0 00000008H .CRT$XCA                DATA
 0002:000004b8 00000008H .CRT$XCAA               DATA
 0002:000004c0 00000010H .CRT$XCU                DATA
 0002:000004d0 00000008H .CRT$XCZ                DATA
 0002:000004d8 00000008H .CRT$XIA                DATA
 0002:000004e0 00000008H .CRT$XIAA               DATA
 0002:000004e8 00000008H .CRT$XIAC               DATA
 0002:000004f0 00000028H .CRT$XIC                DATA
 0002:00000518 00000008H .CRT$XIZ                DATA
 0002:00000520 00000008H .CRT$XPA                DATA
 0002:00000528 00000010H .CRT$XPX                DATA
 0002:00000538 00000008H .CRT$XPXA               DATA
 0002:00000540 00000008H .CRT$XPZ                DATA
 0002:00000548 00000008H .CRT$XTA                DATA
 0002:00000550 00000010H .CRT$XTZ                DATA
 0002:00000558 00000000H .gehcont$y              DATA
 0002:00000558 00000000H .gfids$y                DATA
 0002:00000560 0000cca0H .rdata                  DATA
 0002:0000d200 00000000H .rdata$CastGuardVftablesA DATA
 0002:0000d200 00000000H .rdata$CastGuardVftablesC DATA
 0002:0000d200 000006fcH .rdata$r                DATA
 0002:0000d8fc 0000023cH .rdata$voltmd           DATA
 0002:0000db38 000003b0H .rdata$zzzdbg           DATA
 0002:0000dee8 00000008H .rtc$IAA                DATA
 0002:0000def0 00000008H .rtc$IZZ                DATA
 0002:0000def8 00000008H .rtc$TAA                DATA
 0002:0000df00 00000008H .rtc$TZZ                DATA
 0002:0000df08 000029e8H .xdata                  DATA
 0002:000108f0 00000314H .xdata$x                DATA
 0002:00010c04 00000000H .edata                  DATA
 0002:00010c04 0000008cH .idata$2                DATA
 0002:00010c90 00000018H .idata$3                DATA
 0002:00010ca8 00000488H .idata$4                DATA
 0002:00011130 00000a6eH .idata$6                DATA
 0003:00000000 00000c50H .data                   DATA
 0003:00000c50 000001a8H .data$r                 DATA
 0003:00000df8 000000c8H .data$rs                DATA
 0003:00000ec0 0000fb70H .bss                    DATA
 0004:00000000 000023f4H .pdata                  DATA
 0005:00000000 00013510H _RDATA                  DATA
 0006:00000000 00000060H .rsrc$01                DATA
 0006:00000060 00000180H .rsrc$02                DATA

  Address         Publics by Value              Rva+Base               Lib:Object

 0000:00000000       __x64_code_ranges_to_entry_points_count 0000000000000000     <absolute>
 0000:00000000       __x64_code_ranges_to_entry_points 0000000000000000     <absolute>
 0000:00000000       __arm64x_redirection_metadata 0000000000000000     <absolute>
 0000:00000000       __guard_iat_table          0000000000000000     <absolute>
 0000:00000000       __guard_fids_count         0000000000000000     <absolute>
 0000:00000000       __arm64x_extra_rfe_table   0000000000000000     <absolute>
 0000:00000000       __guard_iat_count          0000000000000000     <absolute>
 0000:00000000       __guard_longjmp_count      0000000000000000     <absolute>
 0000:00000000       __dynamic_value_reloc_table 0000000000000000     <absolute>
 0000:00000000       __hybrid_code_map          0000000000000000     <absolute>
 0000:00000000       __hybrid_auxiliary_iat     0000000000000000     <absolute>
 0000:00000000       __arm64x_extra_rfe_table_size 0000000000000000     <absolute>
 0000:00000000       __hybrid_auxiliary_iat_copy 0000000000000000     <absolute>
 0000:00000000       __guard_longjmp_table      0000000000000000     <absolute>
 0000:00000000       __AbsoluteZero             0000000000000000     <absolute>
 0000:00000000       __guard_check_icall_a64n_fptr 0000000000000000     <absolute>
 0000:00000000       __guard_eh_cont_count      0000000000000000     <absolute>
 0000:00000000       __guard_fids_table         0000000000000000     <absolute>
 0000:00000000       __arm64x_redirection_metadata_count 0000000000000000     <absolute>
 0000:00000000       __enclave_config           0000000000000000     <absolute>
 0000:00000000       __guard_eh_cont_table      0000000000000000     <absolute>
 0000:00000000       __arm64x_native_entrypoint 0000000000000000     <absolute>
 0000:00000000       __hybrid_code_map_count    0000000000000000     <absolute>
 0000:00000100       __guard_flags              0000000000000100     <absolute>
 0000:00000000       __ImageBase                0000000140000000     <linker-defined>
 0001:00000020       __local_stdio_printf_options 0000000140001020 f i device.obj
 0001:00000030       snprintf                   0000000140001030 f i device.obj
 0001:00000340       sync_get_track             0000000140001340 f   device.obj
 0001:00000540       sync_get_val               0000000140001540 f   track.obj
 0001:00000740       ??0Vector3@@QEAA@MMM@Z     0000000140001740 f i Matrix44.obj
 0001:00000760       ??GVector3@@QEBA?BV0@AEBV0@@Z 0000000140001760 f i Matrix44.obj
 0001:000007a0       ??DVector3@@QEBA?BMAEBV0@@Z 00000001400017a0 f i Matrix44.obj
 0001:000007d0       ??DVector3@@QEBA?BV0@M@Z   00000001400017d0 f i Matrix44.obj
 0001:00000800       ??XVector3@@QEAAAEAV0@M@Z  0000000140001800 f i Matrix44.obj
 0001:00000830       ?Normalized@Vector3@@QEBA?BV1@XZ 0000000140001830 f i Matrix44.obj
 0001:000008a0       ??0Vector4@@QEAA@MMMM@Z    00000001400018a0 f i Matrix44.obj
 0001:000008c0       ??0exception@std@@QEAA@AEBV01@@Z 00000001400018c0 f i audio.obj
 0001:00000900       ?what@exception@std@@UEBAPEBDXZ 0000000140001900 f i audio.obj
 0001:00000920       ??_Gbad_array_new_length@std@@UEAAPEAXI@Z 0000000140001920 f i audio.obj
 0001:00000920       ??_Elength_error@std@@UEAAPEAXI@Z 0000000140001920 f i libcpmt:xthrow.obj
 0001:00000920       ??_Ebad_array_new_length@std@@UEAAPEAXI@Z 0000000140001920 f i * CIL library *:* CIL module *
 0001:00000920       ??_Gbad_alloc@std@@UEAAPEAXI@Z 0000000140001920 f i audio.obj
 0001:00000920       ??_Eruntime_error@std@@UEAAPEAXI@Z 0000000140001920 f i * CIL library *:* CIL module *
 0001:00000920       ??_Glength_error@std@@UEAAPEAXI@Z 0000000140001920 f i libcpmt:xthrow.obj
 0001:00000920       ??_Elogic_error@std@@UEAAPEAXI@Z 0000000140001920 f i libcpmt:xthrow.obj
 0001:00000920       ??_Ebad_exception@std@@UEAAPEAXI@Z 0000000140001920 f i libvcruntime:frame.obj
 0001:00000920       ??_Gexception@std@@UEAAPEAXI@Z 0000000140001920 f i audio.obj
 0001:00000920       ??_Ebad_alloc@std@@UEAAPEAXI@Z 0000000140001920 f i * CIL library *:* CIL module *
 0001:00000920       ??_Eexception@std@@UEAAPEAXI@Z 0000000140001920 f i * CIL library *:* CIL module *
 0001:00000920       ??_Gbad_exception@std@@UEAAPEAXI@Z 0000000140001920 f i libvcruntime:frame.obj
 0001:00000920       ??_Glogic_error@std@@UEAAPEAXI@Z 0000000140001920 f i libcpmt:xthrow.obj
 0001:00000920       ??_Gruntime_error@std@@UEAAPEAXI@Z 0000000140001920 f i main.obj
 0001:00000970       ??1length_error@std@@UEAA@XZ 0000000140001970 f i libcpmt:xthrow.obj
 0001:00000970       ??1system_error@std@@UEAA@XZ 0000000140001970 f i main.obj
 0001:00000970       ??1bad_array_new_length@std@@UEAA@XZ 0000000140001970 f i audio.obj
 0001:00000970       ??1bad_alloc@std@@UEAA@XZ  0000000140001970 f i audio.obj
 0001:00000970       ??1bad_exception@std@@UEAA@XZ 0000000140001970 f i libvcruntime:frame.obj
 0001:00000990       ??0bad_array_new_length@std@@QEAA@XZ 0000000140001990 f i audio.obj
 0001:000009c0       ?_Throw_bad_array_new_length@std@@YAXXZ 00000001400019c0 f i audio.obj
 0001:000009c0       ?__scrt_throw_std_bad_array_new_length@@YAXXZ 00000001400019c0 f i LIBCMT:throw_bad_alloc.obj
 0001:000009e0       ??0bad_array_new_length@std@@QEAA@AEBV01@@Z 00000001400019e0 f i audio.obj
 0001:00000a20       ??0bad_alloc@std@@QEAA@AEBV01@@Z 0000000140001a20 f i audio.obj
 0001:00000a60       ?_Xlen_string@std@@YAXXZ   0000000140001a60 f i audio.obj
 0001:00000a80       ?Audio_Create@@YA_NIAEBV?$basic_string@DU?$char_traits@D@std@@V?$allocator@D@2@@std@@PEAUHWND__@@_N@Z 0000000140001a80 f   audio.obj
 0001:00000dd0       ??1?$basic_string@DU?$char_traits@D@std@@V?$allocator@D@2@@std@@QEAA@XZ 0000000140001dd0 f i audio.obj
 0001:00000dd0       ?_Tidy_deallocate@?$basic_string@DU?$char_traits@D@std@@V?$allocator@D@2@@std@@AEAAXXZ 0000000140001dd0 f i audio.obj
 0001:00000e30       ??0?$basic_string@DU?$char_traits@D@std@@V?$allocator@D@2@@std@@QEAA@QEBD@Z 0000000140001e30 f i audio.obj
 0001:00000e70       ?assign@?$basic_string@DU?$char_traits@D@std@@V?$allocator@D@2@@std@@QEAAAEAV12@QEBD_K@Z 0000000140001e70 f i audio.obj
 0001:00001ed0       ?Ball_Create@@YA_NXZ       0000000140002ed0 f   ball.obj
 0001:000025d0       ?Ball_Draw@@YAXPEAIMM@Z    00000001400035d0 f   ball.obj
 0001:00002940       ?HorizontalBoxBlur32@@YAXPEAIPEBIIIM@Z 0000000140003940 f   boxblur.obj
 0001:00002ad0       ?VerticalBoxBlur32@@YAXPEAIPEBIIIM@Z 0000000140003ad0 f   boxblur.obj
 0001:00002c50       ?Fx_Blit_2x2@@YAXPEAI0@Z   0000000140003c50 f   fx-blitter.obj
 0001:00002cc0       tinymt32_init              0000000140003cc0 f   random.obj
 0001:00002fa0       ?Shadertoy_Create@@YA_NXZ  0000000140003fa0 f   shadertoy.obj
 0001:00004390       ?RenderLaura_2x2@@YAXPEAIM@Z 0000000140005390 f   shadertoy.obj
 0001:00004580       ?Demo_Create@@YA_NXZ       0000000140005580 f   demo.obj
 0001:00005c60       ?Demo_Draw@@YA_NPEAIMM@Z   0000000140006c60 f   demo.obj
 0001:00006f80       ?Open@Display@@QEAA_NAEBV?$basic_string@DU?$char_traits@D@std@@V?$allocator@D@2@@std@@II_N@Z 0000000140007f80 f   display.obj
 0001:00007260       ?Gamepad_Update@@YA_NAEAUPadState@@@Z 0000000140008260 f   gamepad.obj
 0001:00007770       ?Image_Load32@@YAPEAIAEBV?$basic_string@DU?$char_traits@D@std@@V?$allocator@D@2@@std@@@Z 0000000140008770 f   image.obj
 0001:00007780       ?deallocate@?$allocator@PEAX@std@@QEAAXQEAPEAX_K@Z 0000000140008780 f i image.obj
 0001:000077d0       ??$_Emplace_reallocate@AEBQEAX@?$vector@PEAXV?$allocator@PEAX@std@@@std@@QEAAPEAPEAXQEAPEAXAEBQEAX@Z 00000001400087d0 f i image.obj
 0001:000079c0       ?_Xlength@?$vector@PEAXV?$allocator@PEAX@std@@@std@@CAXXZ 00000001400089c0 f i image.obj
 0001:00007fb0       ?Landscape_Create@@YA_NXZ  0000000140008fb0 f   landscape.obj
 0001:00008210       ??0runtime_error@std@@QEAA@AEBV01@@Z 0000000140009210 f i main.obj
 0001:00008250       ?default_error_condition@error_category@std@@UEBA?AVerror_condition@2@H@Z 0000000140009250 f i main.obj
 0001:00008260       ?equivalent@error_category@std@@UEBA_NHAEBVerror_condition@2@@Z 0000000140009260 f i main.obj
 0001:000082a0       ?equivalent@error_category@std@@UEBA_NAEBVerror_code@2@H@Z 00000001400092a0 f i main.obj
 0001:000082c0       ?make_error_code@std@@YA?AVerror_code@1@W4errc@1@@Z 00000001400092c0 f i main.obj
 0001:000082e0       ??0_System_error@std@@IEAA@Verror_code@1@AEBV?$basic_string@DU?$char_traits@D@std@@V?$allocator@D@2@@1@@Z 00000001400092e0 f i main.obj
 0001:00008480       ??_E_System_error@std@@UEAAPEAXI@Z 0000000140009480 f i * CIL library *:* CIL module *
 0001:00008480       ??_Esystem_error@std@@UEAAPEAXI@Z 0000000140009480 f i * CIL library *:* CIL module *
 0001:00008480       ??_G_System_error@std@@UEAAPEAXI@Z 0000000140009480 f i main.obj
 0001:00008480       ??_Gsystem_error@std@@UEAAPEAXI@Z 0000000140009480 f i main.obj
 0001:000084d0       ??0system_error@std@@QEAA@Verror_code@1@@Z 00000001400094d0 f i main.obj
 0001:00008580       ?_Throw_system_error@std@@YAXW4errc@1@@Z 0000000140009580 f i main.obj
 0001:000085c0       ??0system_error@std@@QEAA@AEBV01@@Z 00000001400095c0 f i main.obj
 0001:00008620       ??0_System_error@std@@QEAA@AEBV01@@Z 0000000140009620 f i main.obj
 0001:00008670       ?name@_Generic_error_category@std@@UEBAPEBDXZ 0000000140009670 f i main.obj
 0001:00008680       ?message@_Generic_error_category@std@@UEBA?AV?$basic_string@DU?$char_traits@D@std@@V?$allocator@D@2@@2@H@Z 0000000140009680 f i main.obj
 0001:000086d0       ??_G_Generic_error_category@std@@UEAAPEAXI@Z 00000001400096d0 f i main.obj
 0001:000086d0       ??_E_Generic_error_category@std@@UEAAPEAXI@Z 00000001400096d0 f i * CIL library *:* CIL module *
 0001:000086d0       ??_E_System_error_category@std@@UEAAPEAXI@Z 00000001400096d0 f i * CIL library *:* CIL module *
 0001:000086d0       ??_G_System_error_category@std@@UEAAPEAXI@Z 00000001400096d0 f i main.obj
 0001:00008700       ?name@_System_error_category@std@@UEBAPEBDXZ 0000000140009700 f i main.obj
 0001:00008710       ?message@_System_error_category@std@@UEBA?AV?$basic_string@DU?$char_traits@D@std@@V?$allocator@D@2@@2@H@Z 0000000140009710 f i main.obj
 0001:00008780       ?default_error_condition@_System_error_category@std@@UEBA?AVerror_condition@2@H@Z 0000000140009780 f i main.obj
 0001:000087e0       ?_Make_ec@filesystem@std@@YA?AVerror_code@2@W4__std_win_error@@@Z 00000001400097e0 f i main.obj
 0001:00008800       ?_Throw_system_error_from_std_win_error@filesystem@std@@YAXW4__std_win_error@@@Z 0000000140009800 f i main.obj
 0001:00008840       ??0path@filesystem@std@@QEAA@AEBV012@@Z 0000000140009840 f i main.obj
 0001:00008940       ??0filesystem_error@filesystem@std@@QEAA@AEBV?$basic_string@DU?$char_traits@D@std@@V?$allocator@D@2@@2@AEBVpath@12@Verror_code@2@@Z 0000000140009940 f i main.obj
 0001:00008a60       ?what@filesystem_error@filesystem@std@@UEBAPEBDXZ 0000000140009a60 f i main.obj
 0001:00008a70       ?_Pretty_message@filesystem_error@filesystem@std@@CA?AV?$basic_string@DU?$char_traits@D@std@@V?$allocator@D@2@@3@V?$basic_string_view@DU?$char_traits@D@std@@@3@AEBVpath@23@1@Z 0000000140009a70 f i main.obj
 0001:00008ca0       ??_Gfilesystem_error@filesystem@std@@UEAAPEAXI@Z 0000000140009ca0 f i main.obj
 0001:00008ca0       ??_Efilesystem_error@filesystem@std@@UEAAPEAXI@Z 0000000140009ca0 f i * CIL library *:* CIL module *
 0001:00008df0       ??1filesystem_error@filesystem@std@@UEAA@XZ 0000000140009df0 f i main.obj
 0001:00008f10       ??0filesystem_error@filesystem@std@@QEAA@AEBV012@@Z 0000000140009f10 f i main.obj
 0001:00008f90       ?_Throw_fs_error@filesystem@std@@YAXPEBDW4__std_win_error@@AEBVpath@12@@Z 0000000140009f90 f i main.obj
 0001:00009000       WinMain                    000000014000a000 f   main.obj
 0001:000099f0       ??0?$basic_string@DU?$char_traits@D@std@@V?$allocator@D@2@@std@@QEAA@AEBV01@@Z 000000014000a9f0 f i main.obj
 0001:00009ad0       ?append@?$basic_string@DU?$char_traits@D@std@@V?$allocator@D@2@@std@@QEAAAEAV12@QEBD_K@Z 000000014000aad0 f i main.obj
 0001:00009b50       ??$_Convert_wide_to_narrow_replace_chars@U?$char_traits@D@std@@V?$allocator@D@2@@filesystem@std@@YA?AV?$basic_string@DU?$char_traits@D@std@@V?$allocator@D@2@@1@W4__std_code_page@@V?$basic_string_view@_WU?$char_traits@_W@std@@@1@AEBV?$allocator@D@1@@Z 000000014000ab50 f i main.obj
 0001:00009ca0       ??$_Reallocate_grow_by@V<lambda_1>@?1??reserve@?$basic_string@DU?$char_traits@D@std@@V?$allocator@D@2@@std@@QEAAX_K@Z@$$V@?$basic_string@DU?$char_traits@D@std@@V?$allocator@D@2@@std@@AEAAAEAV01@_KV<lambda_1>@?1??reserve@01@QEAAX0@Z@@Z 000000014000aca0 f i main.obj
 0001:00009df0       ??$_Reallocate_grow_by@V<lambda_1>@?1??append@?$basic_string@_WU?$char_traits@_W@std@@V?$allocator@_W@2@@std@@QEAAAEAV34@_K_W@Z@_K_W@?$basic_string@_WU?$char_traits@_W@std@@V?$allocator@_W@2@@std@@AEAAAEAV01@_KV<lambda_1>@?1??append@01@QEAAAEAV01@0_W@Z@_K_W@Z 000000014000adf0 f i main.obj
 0001:00009fa0       ??$_Reallocate_grow_by@V<lambda_1>@?1??push_back@?$basic_string@DU?$char_traits@D@std@@V?$allocator@D@2@@std@@QEAAXD@Z@D@?$basic_string@DU?$char_traits@D@std@@V?$allocator@D@2@@std@@AEAAAEAV01@_KV<lambda_1>@?1??push_back@01@QEAAXD@Z@D@Z 000000014000afa0 f i main.obj
 0001:0000a110       ??$_Reallocate_grow_by@V<lambda_1>@?1??append@?$basic_string@DU?$char_traits@D@std@@V?$allocator@D@2@@std@@QEAAAEAV34@QEBD_K@Z@PEBD_K@?$basic_string@DU?$char_traits@D@std@@V?$allocator@D@2@@std@@AEAAAEAV01@_KV<lambda_1>@?1??append@01@QEAAAEAV01@QEBD0@Z@PEBD_K@Z 000000014000b110 f i main.obj
 0001:0000a290       ??$_Reallocate_grow_by@V<lambda_1>@?1??append@?$basic_string@DU?$char_traits@D@std@@V?$allocator@D@2@@std@@QEAAAEAV34@_KD@Z@_KD@?$basic_string@DU?$char_traits@D@std@@V?$allocator@D@2@@std@@AEAAAEAV01@_KV<lambda_1>@?1??append@01@QEAAAEAV01@0D@Z@_KD@Z 000000014000b290 f i main.obj
 0001:0000a6c0       ?Polar_Blit@@YAXPEAIPEBI_N@Z 000000014000b6c0 f   polar.obj
 0001:0000a700       ?Polar_BlitA@@YAXPEAIPEBI_N@Z 000000014000b700 f   polar.obj
 0001:0000a730       ?Shared_Create@@YA_NXZ     000000014000b730 f   shared-resources.obj
 0001:0000ace0       ?Twister_Create@@YA_NXZ    000000014000bce0 f   torus-twister.obj
 0001:0000b400       ?Tunnelscape_Create@@YA_NXZ 000000014000c400 f   tunnelscape.obj
 0001:0000b660       ?Mix32@@YAXPEAIPEBIIE@Z    000000014000c660 f   util.obj
 0001:0000b6d0       ?Add32@@YAXPEAIPEBII@Z     000000014000c6d0 f   util.obj
 0001:0000b720       ?MixOver32@@YAXPEAIPEBII@Z 000000014000c720 f   util.obj
 0001:0000b760       ?Sub32@@YAXPEAIPEBII@Z     000000014000c760 f   util.obj
 0001:0000b7b0       ?Excl32@@YAXPEAIPEBII@Z    000000014000c7b0 f   util.obj
 0001:0000b7f0       ?SoftLight32@@YAXPEAIPEBII@Z 000000014000c7f0 f   util.obj
 0001:0000b830       ?SoftLight32A@@YAXPEAIPEBII@Z 000000014000c830 f   util.obj
 0001:0000b870       ?Overlay32@@YAXPEAIPEBII@Z 000000014000c870 f   util.obj
 0001:0000b8b0       ?Overlay32A@@YAXPEAIPEBII@Z 000000014000c8b0 f   util.obj
 0001:0000b8f0       ?Darken32_50@@YAXPEAIPEBII@Z 000000014000c8f0 f   util.obj
 0001:0000b930       ?TapeWarp32@@YAXPEAIPEBIIIMM@Z 000000014000c930 f   util.obj
 0001:0000b990       ?MulSrc32@@YAXPEAIPEBII@Z  000000014000c990 f   util.obj
 0001:0000b9e0       ?MulSrc32A@@YAXPEAIPEBII@Z 000000014000c9e0 f   util.obj
 0001:0000ba30       ?MixSrc32@@YAXPEAIPEBII@Z  000000014000ca30 f   util.obj
 0001:0000ba80       ?BlitSrc32@@YAXPEAIPEBIIII@Z 000000014000ca80 f   util.obj
 0001:0000bb00       ?BlitSrc32A@@YAXPEAIPEBIIIIM@Z 000000014000cb00 f   util.obj
 0001:0000bba0       ?BlitAdd32A@@YAXPEAIPEBIIIIM@Z 000000014000cba0 f   util.obj
 0001:0000bc30       ?Fade32@@YAXPEAIIIE@Z      000000014000cc30 f   util.obj
 0001:0000bcb0       ??2@YAPEAX_K@Z             000000014000ccb0 f   LIBCMT:new_scalar.obj
 0001:0000bcec       ??3@YAXPEAX@Z              000000014000ccec f   LIBCMT:delete_scalar.obj
 0001:0000bcf4       ??3@YAXPEAX_K@Z            000000014000ccf4 f   LIBCMT:delete_scalar_size.obj
 0001:0000bcfc       ??_Etype_info@@UEAAPEAXI@Z 000000014000ccfc f i LIBCMT:std_type_info_static.obj
 0001:0000bcfc       ??_Gtype_info@@UEAAPEAXI@Z 000000014000ccfc f i LIBCMT:std_type_info_static.obj
 0001:0000bd28       __scrt_acquire_startup_lock 000000014000cd28 f   LIBCMT:utility.obj
 0001:0000bd64       __scrt_initialize_crt      000000014000cd64 f   LIBCMT:utility.obj
 0001:0000bdb0       __scrt_initialize_onexit_tables 000000014000cdb0 f   LIBCMT:utility.obj
 0001:0000be3c       __scrt_is_nonwritable_in_current_image 000000014000ce3c f   LIBCMT:utility.obj
 0001:0000bed4       __scrt_release_startup_lock 000000014000ced4 f   LIBCMT:utility.obj
 0001:0000bef8       __scrt_uninitialize_crt    000000014000cef8 f   LIBCMT:utility.obj
 0001:0000bf24       _onexit                    000000014000cf24 f   LIBCMT:utility.obj
 0001:0000bf60       atexit                     000000014000cf60 f   LIBCMT:utility.obj
 0001:0000c1d0       WinMainCRTStartup          000000014000d1d0 f   LIBCMT:exe_winmain.obj
 0001:0000c1e4       ??0bad_alloc@std@@QEAA@XZ  000000014000d1e4 f i LIBCMT:throw_bad_alloc.obj
 0001:0000c204       ?__scrt_throw_std_bad_alloc@@YAXXZ 000000014000d204 f   LIBCMT:throw_bad_alloc.obj
 0001:0000c224       __isa_available_init       000000014000d224 f   LIBCMT:cpu_disp.obj
 0001:0000c3c8       _get_startup_argv_mode     000000014000d3c8 f   LIBCMT:argv_mode.obj
 0001:0000c3d0       __scrt_is_ucrt_dll_in_use  000000014000d3d0 f   LIBCMT:ucrt_detection.obj
 0001:0000c3dc       __crt_debugger_hook        000000014000d3dc f   LIBCMT:utility_desktop.obj
 0001:0000c3e4       __scrt_fastfail            000000014000d3e4 f   LIBCMT:utility_desktop.obj
 0001:0000c530       __scrt_get_show_window_mode 000000014000d530 f   LIBCMT:utility_desktop.obj
 0001:0000c56c       __scrt_initialize_mta      000000014000d56c f   LIBCMT:utility_desktop.obj
 0001:0000c574       __scrt_exe_initialize_mta  000000014000d574 f   LIBCMT:utility_desktop.obj
 0001:0000c574       __scrt_initialize_winrt    000000014000d574 f   LIBCMT:utility_desktop.obj
 0001:0000c574       _get_startup_thread_locale_mode 000000014000d574 f   LIBCMT:thread_locale.obj
 0001:0000c574       _get_startup_commit_mode   000000014000d574 f   LIBCMT:commit_mode.obj
 0001:0000c574       __scrt_stub_for_initialize_mta 000000014000d574 f   LIBCMT:utility_desktop.obj
 0001:0000c574       _get_startup_new_mode      000000014000d574 f   LIBCMT:new_mode.obj
 0001:0000c574       _matherr                   000000014000d574 f   LIBCMT:matherr.obj
 0001:0000c578       __scrt_is_managed_app      000000014000d578 f   LIBCMT:utility_desktop.obj
 0001:0000c5cc       __scrt_set_unhandled_exception_filter 000000014000d5cc f   LIBCMT:utility_desktop.obj
 0001:0000c5dc       __scrt_unhandled_exception_filter 000000014000d5dc f   LIBCMT:utility_desktop.obj
 0001:0000c638       _initialize_denormal_control 000000014000d638 f i LIBCMT:denormal_control.obj
 0001:0000c638       _initialize_invalid_parameter_handler 000000014000d638 f i LIBCMT:invalid_parameter_handler.obj
 0001:0000c638       _guard_check_icall_nop     000000014000d638 f i LIBCMT:guard_support.obj
 0001:0000c63c       __security_init_cookie     000000014000d63c f   LIBCMT:gs_support.obj
 0001:0000c6e8       _get_startup_file_mode     000000014000d6e8 f   LIBCMT:file_mode.obj
 0001:0000c6f0       ?__scrt_initialize_type_info@@YAXXZ 000000014000d6f0 f   LIBCMT:tncleanup.obj
 0001:0000c700       _should_initialize_environment 000000014000d700 f   LIBCMT:env_mode.obj
 0001:0000c700       __acrt_uninitialize_command_line 000000014000d700 f   libucrt:argv_data.obj
 0001:0000c704       __local_stdio_scanf_options 000000014000d704 f i LIBCMT:default_local_stdio_options.obj
 0001:0000c70c       __scrt_initialize_default_local_stdio_options 000000014000d70c f   LIBCMT:default_local_stdio_options.obj
 0001:0000c728       __scrt_is_user_matherr_present 000000014000d728 f   LIBCMT:matherr_detection.obj
 0001:0000c734       __scrt_get_dyn_tls_init_callback 000000014000d734 f   LIBCMT:dyn_tls_init.obj
 0001:0000c73c       __scrt_get_dyn_tls_dtor_callback 000000014000d73c f   LIBCMT:dyn_tls_dtor.obj
 0001:0000c744       _RTC_Initialize            000000014000d744 f   LIBCMT:initsect.obj
 0001:0000c780       _RTC_Terminate             000000014000d780 f   LIBCMT:initsect.obj
 0001:0000c7c0       ??0length_error@std@@QEAA@AEBV01@@Z 000000014000d7c0 f i libcpmt:xthrow.obj
 0001:0000c7fc       ??0length_error@std@@QEAA@PEBD@Z 000000014000d7fc f i libcpmt:xthrow.obj
 0001:0000c844       ??0logic_error@std@@QEAA@AEBV01@@Z 000000014000d844 f i libcpmt:xthrow.obj
 0001:0000c880       ?_Xlength_error@std@@YAXPEBD@Z 000000014000d880 f   libcpmt:xthrow.obj
 0001:0000c8a4       __std_system_error_allocate_message 000000014000d8a4 f   libcpmt:syserror_import_lib.obj
 0001:0000c904       __std_system_error_deallocate_message 000000014000d904 f   libcpmt:syserror_import_lib.obj
 0001:0000c90c       __std_fs_code_page         000000014000d90c f   libcpmt:filesystem.obj
 0001:0000c934       __std_fs_convert_narrow_to_wide 000000014000d934 f   libcpmt:filesystem.obj
 0001:0000c97c       __std_fs_convert_wide_to_narrow_replace_chars 000000014000d97c f   libcpmt:filesystem.obj
 0001:0000ca48       __std_fs_set_current_path  000000014000da48 f   libcpmt:filesystem.obj
 0001:0000ca68       ?_Syserror_map@std@@YAPEBDH@Z 000000014000da68 f   libcpmt:syserror.obj
 0001:0000ca90       ?_Winerror_map@std@@YAHH@Z 000000014000da90 f   libcpmt:syserror.obj
 0001:0000cab4       __std_exception_copy       000000014000dab4 f   libvcruntime:std_exception.obj
 0001:0000cb44       __std_exception_destroy    000000014000db44 f   libvcruntime:std_exception.obj
 0001:0000cb6c       __vcrt_initialize          000000014000db6c f   libvcruntime:initialization.obj
 0001:0000cb94       __vcrt_uninitialize        000000014000db94 f   libvcruntime:initialization.obj
 0001:0000cbb0       __C_specific_handler       000000014000dbb0 f   libvcruntime:riscchandler.obj
 0001:0000cdbc       _CxxThrowException         000000014000ddbc f   libvcruntime:throw.obj
 0001:0000ce5c       __DestructExceptionObject  000000014000de5c f   libvcruntime:ehhelpers.obj
 0001:0000cecc       ?_CallMemberFunction0@@YAXQEAX0@Z 000000014000decc f i libvcruntime:ehhelpers.obj
 0001:0000ced0       _IsExceptionObjectToBeDestroyed 000000014000ded0 f   libvcruntime:ehhelpers.obj
 0001:0000cf00       __AdjustPointer            000000014000df00 f   libvcruntime:ehhelpers.obj
 0001:0000cf24       __FrameUnwindFilter        000000014000df24 f   libvcruntime:ehhelpers.obj
 0001:0000cf8c       __current_exception        000000014000df8c f   libvcruntime:ehhelpers.obj
 0001:0000cfa0       __current_exception_context 000000014000dfa0 f   libvcruntime:ehhelpers.obj
 0001:0000cfb4       __std_terminate            000000014000dfb4 f   libvcruntime:ehhelpers.obj
 0001:0000cfd0       memset_repmovs             000000014000dfd0 f   libvcruntime:memset.obj
 0001:0000cff0       memset                     000000014000dff0 f   libvcruntime:memset.obj
 0001:0000d180       __std_type_info_compare    000000014000e180 f   libvcruntime:std_type_info.obj
 0001:0000d1a8       __vcrt_freefls             000000014000e1a8 f   libvcruntime:per_thread_data.obj
 0001:0000d1c8       __vcrt_getptd              000000014000e1c8 f   libvcruntime:per_thread_data.obj
 0001:0000d1e4       __vcrt_getptd_noexit       000000014000e1e4 f   libvcruntime:per_thread_data.obj
 0001:0000d2a4       __vcrt_initialize_ptd      000000014000e2a4 f   libvcruntime:per_thread_data.obj
 0001:0000d2ec       __vcrt_uninitialize_ptd    000000014000e2ec f   libvcruntime:per_thread_data.obj
 0001:0000d310       __vcrt_initialize_locks    000000014000e310 f   libvcruntime:locks.obj
 0001:0000d344       __vcrt_uninitialize_locks  000000014000e344 f   libvcruntime:locks.obj
 0001:0000d390       _NLG_Notify                000000014000e390 f   libvcruntime:notify.obj
 0001:0000d3b0       __NLG_Dispatch2            000000014000e3b0 f   libvcruntime:notify.obj
 0001:0000d3c0       __NLG_Return2              000000014000e3c0 f   libvcruntime:notify.obj
 0001:0000d3c4       __except_validate_context_record 000000014000e3c4 f   libvcruntime:jbcxrval.obj
 0001:0000d54c       __vcrt_FlsAlloc            000000014000e54c f   libvcruntime:winapi_downlevel.obj
 0001:0000d594       __vcrt_FlsFree             000000014000e594 f   libvcruntime:winapi_downlevel.obj
 0001:0000d5dc       __vcrt_FlsGetValue         000000014000e5dc f   libvcruntime:winapi_downlevel.obj
 0001:0000d624       __vcrt_FlsSetValue         000000014000e624 f   libvcruntime:winapi_downlevel.obj
 0001:0000d678       __vcrt_InitializeCriticalSectionEx 000000014000e678 f   libvcruntime:winapi_downlevel.obj
 0001:0000d6dc       ??$_CallSETranslator@V__FrameHandler3@@@@YAHPEAUEHExceptionRecord@@PEA_KPEAU_CONTEXT@@PEAU_xDISPATCHER_CONTEXT@@PEBU_s_FuncInfo@@K1H@Z 000000014000e6dc f i libvcruntime:risctrnsctrl.obj
 0001:0000d730       ??$_CallSETranslator@V__FrameHandler4@@@@YAHPEAUEHExceptionRecord@@PEA_KPEAU_CONTEXT@@PEAU_xDISPATCHER_CONTEXT@@PEAUFuncInfo4@FH4@@K1H@Z 000000014000e730 f i libvcruntime:risctrnsctrl.obj
 0001:0000d784       ?CatchTryBlock@__FrameHandler3@@SAPEBU_s_TryBlockMapEntry@@PEBU_s_FuncInfo@@H@Z 000000014000e784 f   libvcruntime:risctrnsctrl.obj
 0001:0000d7d8       ?DecompFuncInfo@FH4@@YA_JPEAEAEAUFuncInfo4@1@_KH_N@Z 000000014000e7d8 f i libvcruntime:risctrnsctrl.obj
 0001:0000d8fc       ?ExecutionInCatch@__FrameHandler3@@SA_NPEAU_xDISPATCHER_CONTEXT@@PEBU_s_FuncInfo@@@Z 000000014000e8fc f   libvcruntime:risctrnsctrl.obj
 0001:0000d928       ?ExecutionInCatch@__FrameHandler4@@SA_NPEAU_xDISPATCHER_CONTEXT@@PEAUFuncInfo4@FH4@@@Z 000000014000e928 f   libvcruntime:risctrnsctrl.obj
 0001:0000d930       ?FrameUnwindToEmptyState@__FrameHandler3@@SAXPEA_KPEAU_xDISPATCHER_CONTEXT@@PEBU_s_FuncInfo@@@Z 000000014000e930 f   libvcruntime:risctrnsctrl.obj
 0001:0000d994       ?FrameUnwindToEmptyState@__FrameHandler4@@SAXPEA_KPEAU_xDISPATCHER_CONTEXT@@PEAUFuncInfo4@FH4@@@Z 000000014000e994 f   libvcruntime:risctrnsctrl.obj
 0001:0000d9c8       ?GetEstablisherFrame@__FrameHandler3@@SAPEA_KPEA_KPEAU_xDISPATCHER_CONTEXT@@PEBU_s_FuncInfo@@0@Z 000000014000e9c8 f   libvcruntime:risctrnsctrl.obj
 0001:0000da94       ?GetEstablisherFrame@__FrameHandler4@@SAPEA_KPEA_KPEAU_xDISPATCHER_CONTEXT@@PEAUFuncInfo4@FH4@@0@Z 000000014000ea94 f   libvcruntime:risctrnsctrl.obj
 0001:0000dab8       ?GetRangeOfTrysToCheck@__FrameHandler3@@SA?AU?$pair@Viterator@TryBlockMap@__FrameHandler3@@V123@@std@@AEAVTryBlockMap@1@HPEAU_xDISPATCHER_CONTEXT@@PEBU_s_FuncInfo@@H@Z 000000014000eab8 f   libvcruntime:risctrnsctrl.obj
 0001:0000dbf8       ?GetRangeOfTrysToCheck@__FrameHandler4@@SA?AU?$pair@Viterator@TryBlockMap4@FH4@@V123@@std@@AEAVTryBlockMap4@FH4@@HPEAU_xDISPATCHER_CONTEXT@@PEAUFuncInfo4@5@H@Z 000000014000ebf8 f   libvcruntime:risctrnsctrl.obj
 0001:0000dd60       ?UnwindNestedFrames@__FrameHandler3@@SAXPEA_KPEAUEHExceptionRecord@@PEAU_CONTEXT@@0PEAXPEBU_s_FuncInfo@@HHPEBU_s_HandlerType@@PEAU_xDISPATCHER_CONTEXT@@E@Z 000000014000ed60 f   libvcruntime:risctrnsctrl.obj
 0001:0000de64       ?UnwindNestedFrames@__FrameHandler4@@SAXPEA_KPEAUEHExceptionRecord@@PEAU_CONTEXT@@0PEAXPEAUFuncInfo4@FH4@@HHPEAUHandlerType4@5@PEAU_xDISPATCHER_CONTEXT@@E@Z 000000014000ee64 f   libvcruntime:risctrnsctrl.obj
 0001:0000df84       ?setBuffer@TryBlockMap4@FH4@@QEAAXViterator@12@@Z 000000014000ef84 f i libvcruntime:risctrnsctrl.obj
 0001:0000e144       _CreateFrameInfo           000000014000f144 f   libvcruntime:risctrnsctrl.obj
 0001:0000e180       _FindAndUnlinkFrame        000000014000f180 f   libvcruntime:risctrnsctrl.obj
 0001:0000e1d4       _GetImageBase              000000014000f1d4 f   libvcruntime:risctrnsctrl.obj
 0001:0000e1e8       _GetThrowImageBase         000000014000f1e8 f   libvcruntime:risctrnsctrl.obj
 0001:0000e1fc       _SetImageBase              000000014000f1fc f   libvcruntime:risctrnsctrl.obj
 0001:0000e214       _SetThrowImageBase         000000014000f214 f   libvcruntime:risctrnsctrl.obj
 0001:0000e22c       __CxxFrameHandler3         000000014000f22c f   libvcruntime:risctrnsctrl.obj
 0001:0000e2b4       __CxxFrameHandler4         000000014000f2b4 f   libvcruntime:risctrnsctrl.obj
 0001:0000e390       memcpy_repmovs             000000014000f390 f   libvcruntime:memcpy.obj
 0001:0000e3b0       memcpy                     000000014000f3b0 f   libvcruntime:memcpy.obj
 0001:0000e3b0       memmove                    000000014000f3b0 f   libvcruntime:memcpy.obj
 0001:0000ea28       ?GetCurrentState@__FrameHandler3@@SAHPEA_KPEAU_xDISPATCHER_CONTEXT@@PEBU_s_FuncInfo@@@Z 000000014000fa28 f   libvcruntime:ehstate.obj
 0001:0000ea50       ?GetUnwindTryBlock@__FrameHandler3@@SAHPEA_KPEAU_xDISPATCHER_CONTEXT@@PEBU_s_FuncInfo@@@Z 000000014000fa50 f   libvcruntime:ehstate.obj
 0001:0000ea7c       ?SetState@__FrameHandler3@@SAXPEA_KPEBU_s_FuncInfo@@H@Z 000000014000fa7c f   libvcruntime:ehstate.obj
 0001:0000ea88       ?SetUnwindTryBlock@__FrameHandler3@@SAXPEA_KPEAU_xDISPATCHER_CONTEXT@@PEBU_s_FuncInfo@@H@Z 000000014000fa88 f   libvcruntime:ehstate.obj
 0001:0000eac4       ?StateFromControlPc@__FrameHandler3@@SAHPEBU_s_FuncInfo@@PEAU_xDISPATCHER_CONTEXT@@@Z 000000014000fac4 f   libvcruntime:ehstate.obj
 0001:0000eacc       ?StateFromControlPc@__FrameHandler4@@SAHPEAUFuncInfo4@FH4@@PEAU_xDISPATCHER_CONTEXT@@@Z 000000014000facc f   libvcruntime:ehstate.obj
 0001:0000ead4       ?StateFromIp@__FrameHandler3@@SAHPEBU_s_FuncInfo@@PEAU_xDISPATCHER_CONTEXT@@_K@Z 000000014000fad4 f   libvcruntime:ehstate.obj
 0001:0000eb3c       ?StateFromIp@__FrameHandler4@@SAHPEAUFuncInfo4@FH4@@PEAU_xDISPATCHER_CONTEXT@@_K@Z 000000014000fb3c f   libvcruntime:ehstate.obj
 0001:00010220       ??$TypeMatchHelper@V__FrameHandler3@@@@YAHPEBU_s_HandlerType@@PEBU_s_CatchableType@@PEBU_s_ThrowInfo@@@Z 0000000140011220 f i libvcruntime:frame.obj
 0001:00010360       ??$TypeMatchHelper@V__FrameHandler4@@@@YAHPEAUHandlerType4@FH4@@PEBU_s_CatchableType@@PEBU_s_ThrowInfo@@@Z 0000000140011360 f i libvcruntime:frame.obj
 0001:000104a4       ??$__InternalCxxFrameHandler@V__FrameHandler3@@@@YA?AW4_EXCEPTION_DISPOSITION@@PEAUEHExceptionRecord@@PEA_KPEAU_CONTEXT@@PEAU_xDISPATCHER_CONTEXT@@PEBU_s_FuncInfo@@H1E@Z 00000001400114a4 f i libvcruntime:frame.obj
 0001:000106dc       ??$__InternalCxxFrameHandler@V__FrameHandler4@@@@YA?AW4_EXCEPTION_DISPOSITION@@PEAUEHExceptionRecord@@PEA_KPEAU_CONTEXT@@PEAU_xDISPATCHER_CONTEXT@@PEAUFuncInfo4@FH4@@H1E@Z 00000001400116dc f i libvcruntime:frame.obj
 0001:00010970       ??0HandlerMap4@FH4@@QEAA@PEBUTryBlockMapEntry4@1@_KH@Z 0000000140011970 f i libvcruntime:frame.obj
 0001:000109ec       ??0TryBlockMap4@FH4@@QEAA@PEBUFuncInfo4@1@_K@Z 00000001400119ec f i libvcruntime:frame.obj
 0001:00010ac4       ??0bad_exception@std@@QEAA@AEBV01@@Z 0000000140011ac4 f i libvcruntime:frame.obj
 0001:00010b00       ??0bad_exception@std@@QEAA@XZ 0000000140011b00 f i libvcruntime:frame.obj
 0001:00010b20       ?CxxCallCatchBlock@__FrameHandler3@@SAPEAXPEAU_EXCEPTION_RECORD@@@Z 0000000140011b20 f   libvcruntime:frame.obj
 0001:00010d0c       ?CxxCallCatchBlock@__FrameHandler4@@SAPEAXPEAU_EXCEPTION_RECORD@@@Z 0000000140011d0c f   libvcruntime:frame.obj
 0001:00010f5c       ?DecompHandler@HandlerMap4@FH4@@AEAAXXZ 0000000140011f5c f i libvcruntime:frame.obj
 0001:0001119c       ?FrameUnwindToState@__FrameHandler3@@SAXPEA_KPEAU_xDISPATCHER_CONTEXT@@PEBU_s_FuncInfo@@H@Z 000000014001219c f   libvcruntime:frame.obj
 0001:00011328       ?FrameUnwindToState@__FrameHandler4@@SAXPEA_KPEAU_xDISPATCHER_CONTEXT@@PEAUFuncInfo4@FH4@@H@Z 0000000140012328 f   libvcruntime:frame.obj
 0001:00011610       ?GetHandlerSearchState@__FrameHandler3@@SAHPEA_KPEAU_xDISPATCHER_CONTEXT@@PEBU_s_FuncInfo@@@Z 0000000140012610 f i libvcruntime:frame.obj
 0001:00011820       ?ReadEntry@UWMap4@FH4@@AEAAXPEAPEAE@Z 0000000140012820 f i libvcruntime:frame.obj
 0001:000118c0       ?_CallMemberFunction1@@YAXQEAX00@Z 00000001400128c0 f i libvcruntime:frame.obj
 0001:000118cc       ?_CallMemberFunction2@@YAXQEAX00H@Z 00000001400128cc f i libvcruntime:frame.obj
 0001:000118dc       ?getStartStop@UWMap4@FH4@@QEAAXHHAEAViterator@12@0@Z 00000001400128dc f i libvcruntime:frame.obj
 0001:000119ac       ?getStateFromIterators@UWMap4@FH4@@SAHAEBViterator@12@H0H0@Z 00000001400129ac f i libvcruntime:frame.obj
 0001:00011a90       _CallSettingFrame          0000000140012a90 f   libvcruntime:handlers.obj
 0001:00011ae0       _CallSettingFrame_LookupContinuationIndex 0000000140012ae0 f   libvcruntime:handlers.obj
 0001:00011b10       _CallSettingFrame_NotifyContinuationAddr 0000000140012b10 f   libvcruntime:handlers.obj
 0001:00011b40       _CallSettingFrameEncoded   0000000140012b40 f   libvcruntime:handlers.obj
 0001:00011c44       fopen                      0000000140012c44 f   libucrt:fopen.obj
 0001:00011c50       __acrt_initialize_stdio    0000000140012c50 f   libucrt:_file.obj
 0001:00011d70       __acrt_uninitialize_stdio  0000000140012d70 f   libucrt:_file.obj
 0001:00011dcc       _lock_file                 0000000140012dcc f   libucrt:_file.obj
 0001:00011dd8       _unlock_file               0000000140012dd8 f   libucrt:_file.obj
 0001:00011f08       ?get_raw_ptd@__crt_cached_ptd_host@@QEAAPEAU__acrt_ptd@@XZ 0000000140012f08 f i libucrt:fclose.obj
 0001:00011f70       fclose                     0000000140012f70 f   libucrt:fclose.obj
 0001:00012008       realloc                    0000000140013008 f   libucrt:realloc.obj
 0001:00012010       ??$ensure_buffer_is_big_enough@D@formatting_buffer@__crt_stdio_output@@QEAA_N_KAEAV__crt_cached_ptd_host@@@Z 0000000140013010 f i libucrt:output.obj
 0001:000120b8       ??$parse_integer@KV?$c_string_character_source@D@__crt_strtox@@$0A@@__crt_strtox@@YAKAEAV__crt_cached_ptd_host@@V?$c_string_character_source@D@0@H_N@Z 00000001400130b8 f i libucrt:output.obj
 0001:0001236c       ??$type_case_integer@$07@?$output_processor@DV?$string_output_adapter@D@__crt_stdio_output@@V?$standard_base@DV?$string_output_adapter@D@__crt_stdio_output@@@2@@__crt_stdio_output@@AEAA_N_N@Z 000000014001336c f i libucrt:output.obj
 0001:00012570       ??$type_case_integer@$09@?$output_processor@DV?$string_output_adapter@D@__crt_stdio_output@@V?$standard_base@DV?$string_output_adapter@D@__crt_stdio_output@@@2@@__crt_stdio_output@@AEAA_N_N@Z 0000000140013570 f i libucrt:output.obj
 0001:00012774       ??$type_case_integer@$0BA@@?$output_processor@DV?$string_output_adapter@D@__crt_stdio_output@@V?$standard_base@DV?$string_output_adapter@D@__crt_stdio_output@@@2@@__crt_stdio_output@@AEAA_N_N@Z 0000000140013774 f i libucrt:output.obj
 0001:00012978       ??$type_case_integer_parse_into_buffer@I$07@?$output_processor@DV?$string_output_adapter@D@__crt_stdio_output@@V?$standard_base@DV?$string_output_adapter@D@__crt_stdio_output@@@2@@__crt_stdio_output@@AEAAXI_N@Z 0000000140013978 f i libucrt:output.obj
 0001:000129e8       ??$type_case_integer_parse_into_buffer@I$09@?$output_processor@DV?$string_output_adapter@D@__crt_stdio_output@@V?$standard_base@DV?$string_output_adapter@D@__crt_stdio_output@@@2@@__crt_stdio_output@@AEAAXI_N@Z 00000001400139e8 f i libucrt:output.obj
 0001:00012a94       ??$type_case_integer_parse_into_buffer@I$0BA@@?$output_processor@DV?$string_output_adapter@D@__crt_stdio_output@@V?$standard_base@DV?$string_output_adapter@D@__crt_stdio_output@@@2@@__crt_stdio_output@@AEAAXI_N@Z 0000000140013a94 f i libucrt:output.obj
 0001:00012b18       ??$type_case_integer_parse_into_buffer@_K$07@?$output_processor@DV?$string_output_adapter@D@__crt_stdio_output@@V?$standard_base@DV?$string_output_adapter@D@__crt_stdio_output@@@2@@__crt_stdio_output@@AEAAX_K_N@Z 0000000140013b18 f i libucrt:output.obj
 0001:00012b88       ??$type_case_integer_parse_into_buffer@_K$09@?$output_processor@DV?$string_output_adapter@D@__crt_stdio_output@@V?$standard_base@DV?$string_output_adapter@D@__crt_stdio_output@@@2@@__crt_stdio_output@@AEAAX_K_N@Z 0000000140013b88 f i libucrt:output.obj
 0001:00012c38       ??$type_case_integer_parse_into_buffer@_K$0BA@@?$output_processor@DV?$string_output_adapter@D@__crt_stdio_output@@V?$standard_base@DV?$string_output_adapter@D@__crt_stdio_output@@@2@@__crt_stdio_output@@AEAAX_K_N@Z 0000000140013c38 f i libucrt:output.obj
 0001:00012cbc       ?crop_zeroes@__crt_stdio_output@@YAXPEADQEAU__crt_locale_pointers@@@Z 0000000140013cbc f i libucrt:output.obj
 0001:00012d28       ?parse_int_from_format_string@?$output_processor@DV?$string_output_adapter@D@__crt_stdio_output@@V?$standard_base@DV?$string_output_adapter@D@__crt_stdio_output@@@2@@__crt_stdio_output@@AEAA_NQEAH@Z 0000000140013d28 f i libucrt:output.obj
 0001:00012db8       ?process@?$output_processor@DV?$string_output_adapter@D@__crt_stdio_output@@V?$standard_base@DV?$string_output_adapter@D@__crt_stdio_output@@@2@@__crt_stdio_output@@QEAAHXZ 0000000140013db8 f i libucrt:output.obj
 0001:00013138       ?state_case_size@?$output_processor@DV?$string_output_adapter@D@__crt_stdio_output@@V?$standard_base@DV?$string_output_adapter@D@__crt_stdio_output@@@2@@__crt_stdio_output@@AEAA_NXZ 0000000140014138 f i libucrt:output.obj
 0001:000132c0       ?state_case_type@?$output_processor@DV?$string_output_adapter@D@__crt_stdio_output@@V?$standard_base@DV?$string_output_adapter@D@__crt_stdio_output@@@2@@__crt_stdio_output@@AEAA_NXZ 00000001400142c0 f i libucrt:output.obj
 0001:000136c4       ?type_case_Z@?$output_processor@DV?$string_output_adapter@D@__crt_stdio_output@@V?$standard_base@DV?$string_output_adapter@D@__crt_stdio_output@@@2@@__crt_stdio_output@@AEAA_NXZ 00000001400146c4 f i libucrt:output.obj
 0001:00013740       ?type_case_a@?$output_processor@DV?$string_output_adapter@D@__crt_stdio_output@@V?$standard_base@DV?$string_output_adapter@D@__crt_stdio_output@@@2@@__crt_stdio_output@@AEAA_NXZ 0000000140014740 f i libucrt:output.obj
 0001:00013994       ?type_case_c_tchar@?$output_processor@DV?$string_output_adapter@D@__crt_stdio_output@@V?$standard_base@DV?$string_output_adapter@D@__crt_stdio_output@@@2@@__crt_stdio_output@@AEAA_ND@Z 0000000140014994 f i libucrt:output.obj
 0001:00013a68       ?type_case_n@?$output_processor@DV?$string_output_adapter@D@__crt_stdio_output@@V?$standard_base@DV?$string_output_adapter@D@__crt_stdio_output@@@2@@__crt_stdio_output@@AEAA_NXZ 0000000140014a68 f i libucrt:output.obj
 0001:00013b20       ?type_case_s@?$output_processor@DV?$string_output_adapter@D@__crt_stdio_output@@V?$standard_base@DV?$string_output_adapter@D@__crt_stdio_output@@@2@@__crt_stdio_output@@AEAA_NXZ 0000000140014b20 f i libucrt:output.obj
 0001:00013bc0       ?update_locale_slow@__crt_cached_ptd_host@@AEAAXXZ 0000000140014bc0 f i libucrt:output.obj
 0001:00013c38       ?write_string@?$string_output_adapter@D@__crt_stdio_output@@QEBAXQEBDHQEAHAEAV__crt_cached_ptd_host@@@Z 0000000140014c38 f i libucrt:output.obj
 0001:00013cdc       __stdio_common_vsprintf    0000000140014cdc f   libucrt:output.obj
 0001:00013f40       strncpy                    0000000140014f40 f   libucrt:strncpy.obj
 0001:000140b0       isalnum                    00000001400150b0 f   libucrt:_ctype.obj
 0001:0001415c       ??$__acrt_convert_wcs_mbs_cp@D_WV<lambda_7c9dea7b4ca7285d2cdb541a38da6275>@@U__crt_win32_buffer_internal_dynamic_resizing@@@@YAHQEBDAEAV?$__crt_win32_buffer@_WU__crt_win32_buffer_internal_dynamic_resizing@@@@AEBV<lambda_7c9dea7b4ca7285d2cdb541a38da6275>@@I@Z 000000014001515c f i libucrt:stat.obj
 0001:000142d8       ??0_LocaleUpdate@@QEAA@QEAU__crt_locale_pointers@@@Z 00000001400152d8 f i libucrt:stat.obj
 0001:00014390       strncmp                    0000000140015390 f   libucrt:strncmp.obj
 0001:00014410       free                       0000000140015410 f   libucrt:free.obj
 0001:00014440       strncat                    0000000140015440 f   libucrt:strncat.obj
 0001:000145d8       _fread_nolock_s            00000001400155d8 f   libucrt:fread.obj
 0001:00014838       fread                      0000000140015838 f   libucrt:fread.obj
 0001:00014858       fread_s                    0000000140015858 f   libucrt:fread.obj
 0001:00014900       malloc                     0000000140015900 f   libucrt:malloc.obj
 0001:00014908       ?get_raw_ptd_noexit@__crt_cached_ptd_host@@QEAAPEAU__acrt_ptd@@XZ 0000000140015908 f i libucrt:invalid_parameter.obj
 0001:00014974       ?value@?$dual_state_global@P6AXPEB_W00I_K@Z@__crt_state_management@@QEAAAEAP6AXPEB_W00I_K@ZAEAV__crt_cached_ptd_host@@@Z 0000000140015974 f i libucrt:invalid_parameter.obj
 0001:000149c0       __acrt_call_reportfault    00000001400159c0 f   libucrt:invalid_parameter.obj
 0001:00014b1c       __acrt_initialize_invalid_parameter_handler 0000000140015b1c f   libucrt:invalid_parameter.obj
 0001:00014b24       _invalid_parameter         0000000140015b24 f   libucrt:invalid_parameter.obj
 0001:00014bc0       _invalid_parameter_internal 0000000140015bc0 f   libucrt:invalid_parameter.obj
 0001:00014c8c       _invalid_parameter_noinfo  0000000140015c8c f   libucrt:invalid_parameter.obj
 0001:00014cac       _invalid_parameter_noinfo_noreturn 0000000140015cac f   libucrt:invalid_parameter.obj
 0001:00014cdc       _invoke_watson             0000000140015cdc f   libucrt:invalid_parameter.obj
 0001:00014d24       _aligned_free              0000000140015d24 f   libucrt:align.obj
 0001:00014d40       _aligned_malloc            0000000140015d40 f   libucrt:align.obj
 0001:00014dc0       roundf                     0000000140015dc0 f   libucrt:roundf.obj
 0001:00014e28       _clearfp                   0000000140015e28 f   libucrt:ieee.obj
 0001:00014e94       _control87                 0000000140015e94 f   libucrt:ieee.obj
 0001:00014e9c       _controlfp                 0000000140015e9c f   libucrt:ieee.obj
 0001:00015144       __acrt_initialize_new_handler 0000000140016144 f   libucrt:new_handler.obj
 0001:0001514c       _callnewh                  000000014001614c f   libucrt:new_handler.obj
 0001:0001518c       _query_new_handler         000000014001618c f   libucrt:new_handler.obj
 0001:000151c4       _seh_filter_exe            00000001400161c4 f   libucrt:exception_filter.obj
 0001:000155dc       __acrt_initialize_thread_local_exit_callback 00000001400165dc f   libucrt:exit.obj
 0001:000155e4       _c_exit                    00000001400165e4 f   libucrt:exit.obj
 0001:000155f4       _cexit                     00000001400165f4 f   libucrt:exit.obj
 0001:00015604       _exit                      0000000140016604 f   libucrt:exit.obj
 0001:00015610       _register_thread_local_exe_atexit_callback 0000000140016610 f   libucrt:exit.obj
 0001:00015650       exit                       0000000140016650 f   libucrt:exit.obj
 0001:00015824       __acrt_allocate_buffer_for_argv 0000000140016824 f   libucrt:argv_parsing.obj
 0001:00015884       _configure_narrow_argv     0000000140016884 f   libucrt:argv_parsing.obj
 0001:00015c0c       __dcrt_uninitialize_environments_nolock 0000000140016c0c f   libucrt:environment_initialization.obj
 0001:00015c50       _initialize_narrow_environment 0000000140016c50 f   libucrt:environment_initialization.obj
 0001:00015fa0       _crt_atexit                0000000140016fa0 f   libucrt:onexit.obj
 0001:00015fb0       _execute_onexit_table      0000000140016fb0 f   libucrt:onexit.obj
 0001:00015ff4       _initialize_onexit_table   0000000140016ff4 f   libucrt:onexit.obj
 0001:0001601c       _register_onexit_function  000000014001701c f   libucrt:onexit.obj
 0001:00016190       __acrt_initialize          0000000140017190 f   libucrt:initialization.obj
 0001:000161a4       __acrt_uninitialize        00000001400171a4 f   libucrt:initialization.obj
 0001:000161dc       _query_app_type            00000001400171dc f   libucrt:report_runtime_error.obj
 0001:000161e4       _set_app_type              00000001400171e4 f   libucrt:report_runtime_error.obj
 0001:000161ec       __acrt_has_user_matherr    00000001400171ec f   libucrt:matherr.obj
 0001:0001620c       __acrt_initialize_user_matherr 000000014001720c f   libucrt:matherr.obj
 0001:00016214       __acrt_invoke_user_matherr 0000000140017214 f   libucrt:matherr.obj
 0001:00016250       __setusermatherr           0000000140017250 f   libucrt:matherr.obj
 0001:00016278       _get_narrow_winmain_command_line 0000000140017278 f   libucrt:argv_winmain.obj
 0001:000162e8       _initterm                  00000001400172e8 f   libucrt:initterm.obj
 0001:0001632c       _initterm_e                000000014001732c f   libucrt:initterm.obj
 0001:00016374       _get_fmode                 0000000140017374 f   libucrt:setmode.obj
 0001:000163a4       _set_fmode                 00000001400173a4 f   libucrt:setmode.obj
 0001:000163e4       _setmode_nolock            00000001400173e4 f   libucrt:setmode.obj
 0001:00016538       __acrt_set_locale_changed  0000000140017538 f   libucrt:wsetlocale.obj
 0001:00016544       __acrt_uninitialize_locale 0000000140017544 f   libucrt:wsetlocale.obj
 0001:00016574       _configthreadlocale        0000000140017574 f   libucrt:wsetlocale.obj
 0001:000165e0       _query_new_mode            00000001400175e0 f   libucrt:new_mode.obj
 0001:000165e8       _set_new_mode              00000001400175e8 f   libucrt:new_mode.obj
 0001:00016614       __p__commode               0000000140017614 f   libucrt:ncommode.obj
 0001:0001661c       terminate                  000000014001761c f   libucrt:terminate.obj
 0001:00016648       strdup                     0000000140017648 f   libucrt:strdup.obj
 0001:00016648       _strdup                    0000000140017648 f   libucrt:strdup.obj
 0001:000166c0       ___lc_codepage_func        00000001400176c0 f   libucrt:initctype.obj
 0001:000166f0       strcpy_s                   00000001400176f0 f   libucrt:strcpy_s.obj
 0001:00016750       abort                      0000000140017750 f   libucrt:abort.obj
 0001:000167a8       calloc                     00000001400177a8 f   libucrt:calloc.obj
 0001:000167b0       wcsncmp                    00000001400177b0 f   libucrt:wcsncmp.obj
 0001:000167dc       __acrt_errno_from_os_error 00000001400177dc f   libucrt:errno.obj
 0001:00016824       __acrt_errno_map_os_error  0000000140017824 f   libucrt:errno.obj
 0001:0001686c       __acrt_errno_map_os_error_ptd 000000014001786c f   libucrt:errno.obj
 0001:00016890       __doserrno                 0000000140017890 f   libucrt:errno.obj
 0001:000168b0       _errno                     00000001400178b0 f   libucrt:errno.obj
 0001:000168d0       ?__acrt_stdio_allocate_stream@@YA?AV__crt_stdio_stream@@XZ 00000001400178d0 f   libucrt:stream.obj
 0001:00016928       ?__acrt_stdio_free_stream@@YAXV__crt_stdio_stream@@@Z 0000000140017928 f   libucrt:stream.obj
 0001:00016a30       ??$__acrt_stdio_parse_mode@D@@YA?AU__acrt_stdio_stream_mode@@QEBD@Z 0000000140017a30 f i libucrt:openfile.obj
 0001:00016cf4       _openfile                  0000000140017cf4 f   libucrt:openfile.obj
 0001:00016d90       _calloc_base               0000000140017d90 f   libucrt:calloc_base.obj
 0001:00016e08       _free_base                 0000000140017e08 f   libucrt:free_base.obj
 0001:00017000       __acrt_AppPolicyGetProcessTerminationMethodInternal 0000000140018000 f   libucrt:winapi_thunks.obj
 0001:00017058       __acrt_AreFileApisANSI     0000000140018058 f   libucrt:winapi_thunks.obj
 0001:0001709c       __acrt_FlsAlloc            000000014001809c f   libucrt:winapi_thunks.obj
 0001:000170a4       __acrt_FlsFree             00000001400180a4 f   libucrt:winapi_thunks.obj
 0001:000170ac       __acrt_FlsGetValue         00000001400180ac f   libucrt:winapi_thunks.obj
 0001:000170b4       __acrt_FlsSetValue         00000001400180b4 f   libucrt:winapi_thunks.obj
 0001:000170bc       __acrt_InitializeCriticalSectionEx 00000001400180bc f   libucrt:winapi_thunks.obj
 0001:0001712c       __acrt_LCMapStringEx       000000014001812c f   libucrt:winapi_thunks.obj
 0001:00017218       __acrt_LocaleNameToLCID    0000000140018218 f   libucrt:winapi_thunks.obj
 0001:00017278       __acrt_initialize_winapi_thunks 0000000140018278 f   libucrt:winapi_thunks.obj
 0001:0001729c       __acrt_uninitialize_winapi_thunks 000000014001829c f   libucrt:winapi_thunks.obj
 0001:000172e0       _fcloseall                 00000001400182e0 f   libucrt:closeall.obj
 0001:00017574       __acrt_stdio_flush_nolock  0000000140018574 f   libucrt:fflush.obj
 0001:00017600       _fflush_nolock             0000000140018600 f   libucrt:fflush.obj
 0001:000176d4       _flushall                  00000001400186d4 f   libucrt:fflush.obj
 0001:000176dc       __acrt_stdio_free_buffer_nolock 00000001400186dc f   libucrt:_freebuf.obj
 0001:00017918       __acrt_initialize_lowio    0000000140018918 f   libucrt:ioinit.obj
 0001:00017954       __acrt_uninitialize_lowio  0000000140018954 f   libucrt:ioinit.obj
 0001:00017994       _fileno                    0000000140018994 f   libucrt:fileno.obj
 0001:00017a34       _close_internal            0000000140018a34 f   libucrt:close.obj
 0001:00017af8       _close_nolock              0000000140018af8 f   libucrt:close.obj
 0001:00017b90       _close_nolock_internal     0000000140018b90 f   libucrt:close.obj
 0001:00017fd8       __acrt_getptd              0000000140018fd8 f   libucrt:per_thread_data.obj
 0001:000180ac       __acrt_getptd_head         00000001400190ac f   libucrt:per_thread_data.obj
 0001:00018150       __acrt_getptd_noexit       0000000140019150 f   libucrt:per_thread_data.obj
 0001:00018218       __acrt_getptd_noexit_explicit 0000000140019218 f   libucrt:per_thread_data.obj
 0001:000182d8       __acrt_initialize_ptd      00000001400192d8 f   libucrt:per_thread_data.obj
 0001:00018314       __acrt_uninitialize_ptd    0000000140019314 f   libucrt:per_thread_data.obj
 0001:00018338       _realloc_base              0000000140019338 f   libucrt:realloc_base.obj
 0001:000183b4       _malloc_base               00000001400193b4 f   libucrt:malloc_base.obj
 0001:00018414       strnlen                    0000000140019414 f   libucrt:strnlen.obj
 0001:00018564       wcsnlen                    0000000140019564 f   libucrt:strnlen.obj
 0001:0001873c       __acrt_update_locale_info  000000014001973c f   libucrt:locale_update.obj
 0001:00018770       __acrt_update_locale_info_explicit 0000000140019770 f   libucrt:locale_update.obj
 0001:000187a8       __acrt_update_multibyte_info 00000001400197a8 f   libucrt:locale_update.obj
 0001:000187dc       __acrt_update_multibyte_info_explicit 00000001400197dc f   libucrt:locale_update.obj
 0001:00019328       __acrt_fp_format           000000014001a328 f   libucrt:cvt.obj
 0001:00019610       _wctomb_internal           000000014001a610 f   libucrt:wctomb.obj
 0001:000197c0       _mbtowc_internal           000000014001a7c0 f   libucrt:mbtowc.obj
 0001:00019938       _get_printf_count_output   000000014001a938 f   libucrt:printf_count_output.obj
 0001:00019950       _isctype_l                 000000014001a950 f   libucrt:isctype.obj
 0001:00019a58       ??$__acrt_convert_wcs_mbs_cp@_WDV<lambda_f788ae46380686e8b737efdd8c720d07>@@U__crt_win32_buffer_no_resizing@@@@YAHQEB_WAEAV?$__crt_win32_buffer@DU__crt_win32_buffer_no_resizing@@@@AEBV<lambda_f788ae46380686e8b737efdd8c720d07>@@I@Z 000000014001aa58 f i libucrt:fullpath.obj
 0001:00019b74       __acrt_MultiByteToWideChar 000000014001ab74 f   libucrt:multibytetowidechar.obj
 0001:00019c04       __acrt_lowio_create_handle_array 000000014001ac04 f   libucrt:osfinfo.obj
 0001:00019cac       __acrt_lowio_destroy_handle_array 000000014001acac f   libucrt:osfinfo.obj
 0001:00019cfc       __acrt_lowio_ensure_fh_exists 000000014001acfc f   libucrt:osfinfo.obj
 0001:00019da4       __acrt_lowio_lock_fh       000000014001ada4 f   libucrt:osfinfo.obj
 0001:00019dcc       __acrt_lowio_set_os_handle 000000014001adcc f   libucrt:osfinfo.obj
 0001:00019e8c       __acrt_lowio_unlock_fh     000000014001ae8c f   libucrt:osfinfo.obj
 0001:00019eb4       _alloc_osfhnd              000000014001aeb4 f   libucrt:osfinfo.obj
 0001:00019ff4       _free_osfhnd               000000014001aff4 f   libucrt:osfinfo.obj
 0001:0001a0b0       _get_osfhandle             000000014001b0b0 f   libucrt:osfinfo.obj
 0001:0001a930       _write                     000000014001b930 f   libucrt:write.obj
 0001:0001a9c8       _write_internal            000000014001b9c8 f   libucrt:write.obj
 0001:0001aae8       _write_nolock              000000014001bae8 f   libucrt:write.obj
 0001:0001b278       _read                      000000014001c278 f   libucrt:read.obj
 0001:0001b398       _read_nolock               000000014001c398 f   libucrt:read.obj
 0001:0001b7e8       __acrt_stdio_refill_and_read_narrow_nolock 000000014001c7e8 f   libucrt:_filbuf.obj
 0001:0001b950       _msize_base                000000014001c950 f   libucrt:msize.obj
 0001:0001b98c       _fd_int                    000000014001c98c f   libucrt:_test.obj
 0001:0001ba80       _get_fpsr                  000000014001ca80 f   libucrt:fpsr.obj
 0001:0001ba90       _set_fpsr                  000000014001ca90 f   libucrt:fpsr.obj
 0001:0001ba9a       _fclrf                     000000014001ca9a f   libucrt:fpsr.obj
 0001:0001baae       _frnd                      000000014001caae f   libucrt:fpsr.obj
 0001:0001bad0       __acrt_initialize_locks    000000014001cad0 f   libucrt:locks.obj
 0001:0001bb18       __acrt_lock                000000014001cb18 f   libucrt:locks.obj
 0001:0001bb34       __acrt_uninitialize_locks  000000014001cb34 f   libucrt:locks.obj
 0001:0001bb6c       __acrt_unlock              000000014001cb6c f   libucrt:locks.obj
 0001:0001bb88       __acrt_app_verifier_enabled 000000014001cb88 f   libucrt:peb_access.obj
 0001:0001bba4       __acrt_is_secure_process   000000014001cba4 f   libucrt:peb_access.obj
 0001:0001bbbc       __acrt_get_process_end_policy 000000014001cbbc f   libucrt:win_policies.obj
 0001:0001bc00       ??$__acrt_convert_wcs_mbs_cp@_WDV<lambda_d8593a27d1aa8c02be35c86a17d324c4>@@U__crt_win32_buffer_internal_dynamic_resizing@@@@YAHQEB_WAEAV?$__crt_win32_buffer@DU__crt_win32_buffer_internal_dynamic_resizing@@@@AEBV<lambda_d8593a27d1aa8c02be35c86a17d324c4>@@I@Z 000000014001cc00 f i libucrt:argv_wildcards.obj
 0001:0001c4a4       __acrt_expand_narrow_argv_wildcards 000000014001d4a4 f   libucrt:argv_wildcards.obj
 0001:0001c4ac       __acrt_GetModuleFileNameA  000000014001d4ac f   libucrt:getmodulefilenamea.obj
 0001:0001cdc8       __acrt_initialize_multibyte 000000014001ddc8 f   libucrt:mbctype.obj
 0001:0001ce28       __acrt_update_thread_multibyte_data 000000014001de28 f   libucrt:mbctype.obj
 0001:0001ce44       _setmbcp_nolock            000000014001de44 f   libucrt:mbctype.obj
 0001:0001d178       _ismbblead                 000000014001e178 f   libucrt:ismbbyte.obj
 0001:0001d18c       __acrt_initialize_command_line 000000014001e18c f   libucrt:argv_data.obj
 0001:0001d1b4       __acrt_WideCharToMultiByte 000000014001e1b4 f   libucrt:widechartomultibyte.obj
 0001:0001d294       __dcrt_get_narrow_environment_from_os 000000014001e294 f   libucrt:get_environment_from_os.obj
 0001:0001d3a4       _recalloc_base             000000014001e3a4 f   libucrt:recalloc.obj
 0001:0001d43c       __acrt_initialize_heap     000000014001e43c f   libucrt:heap_handle.obj
 0001:0001d458       __acrt_uninitialize_heap   000000014001e458 f   libucrt:heap_handle.obj
 0001:0001d464       __acrt_execute_initializers 000000014001e464 f   libucrt:shared_initialization.obj
 0001:0001d4f8       __acrt_execute_uninitializers 000000014001e4f8 f   libucrt:shared_initialization.obj
 0001:0001d588       __acrt_get_sigabrt_handler 000000014001e588 f   libucrt:signal.obj
 0001:0001d5b8       __acrt_initialize_signal_handlers 000000014001e5b8 f   libucrt:signal.obj
 0001:0001d5d8       raise                      000000014001e5d8 f   libucrt:signal.obj
 0001:0001d854       __acrt_initialize_fmode    000000014001e854 f   libucrt:txtmode.obj
 0001:0001d870       __acrt_locale_free_monetary 000000014001e870 f   libucrt:initmon.obj
 0001:0001d97c       __acrt_locale_free_numeric 000000014001e97c f   libucrt:initnum.obj
 0001:0001da1c       __acrt_locale_free_time    000000014001ea1c f   libucrt:inittime.obj
 0001:0001db24       __acrt_GetStringTypeA      000000014001eb24 f   libucrt:getstringtypea.obj
 0001:0001dcb4       __acrt_add_locale_ref      000000014001ecb4 f   libucrt:locale_refcounting.obj
 0001:0001dd40       __acrt_free_locale         000000014001ed40 f   libucrt:locale_refcounting.obj
 0001:0001deb8       __acrt_locale_add_lc_time_reference 000000014001eeb8 f   libucrt:locale_refcounting.obj
 0001:0001dee0       __acrt_locale_free_lc_time_if_unreferenced 000000014001eee0 f   libucrt:locale_refcounting.obj
 0001:0001df18       __acrt_locale_release_lc_time_reference 000000014001ef18 f   libucrt:locale_refcounting.obj
 0001:0001df40       __acrt_release_locale_ref  000000014001ef40 f   libucrt:locale_refcounting.obj
 0001:0001dfe8       __acrt_update_thread_locale_data 000000014001efe8 f   libucrt:locale_refcounting.obj
 0001:0001e058       _updatetlocinfoEx_nolock   000000014001f058 f   libucrt:locale_refcounting.obj
 0001:0001e3f4       __acrt_LCMapStringA        000000014001f3f4 f   libucrt:lcmapstringa.obj
 0001:0001e48c       __ascii_wcsnicmp           000000014001f48c f   libucrt:wcsnicmp.obj
 0001:0001e4d8       __ascii_strnicmp           000000014001f4d8 f   libucrt:strnicmp.obj
 0001:0001e524       _strnicmp                  000000014001f524 f   libucrt:strnicmp.obj
 0001:0001e574       _strnicmp_l                000000014001f574 f   libucrt:strnicmp.obj
 0001:0001ec34       _sopen_nolock              000000014001fc34 f   libucrt:open.obj
 0001:0001ed50       _sopen_s                   000000014001fd50 f   libucrt:open.obj
 0001:0001ed84       _wsopen_nolock             000000014001fd84 f   libucrt:open.obj
 0001:0001f174       __acrt_DownlevelLocaleNameToLCID 0000000140020174 f   libucrt:lcidtoname_downlevel.obj
 0001:0001f2a4       _commit                    00000001400202a4 f   libucrt:commit.obj
 0001:0001f408       __acrt_fp_strflt_to_string 0000000140020408 f   libucrt:_fptostr.obj
 0001:0001f520       ?divide@__crt_strtox@@YA_KAEAUbig_integer@1@AEBU21@@Z 0000000140020520 f i libucrt:cfout.obj
 0001:0001f9bc       __acrt_fltout              00000001400209bc f   libucrt:cfout.obj
 0001:00020cd4       fegetround                 0000000140021cd4 f   libucrt:fegetround.obj
 0001:00020ce8       ?__c32rtomb_utf8@__crt_mbstring@@YA_KPEAD_UPEAU_Mbstatet@@AEAV__crt_cached_ptd_host@@@Z 0000000140021ce8 f   libucrt:c32rtomb.obj
 0001:00020d8c       ?__mbrtowc_utf8@__crt_mbstring@@YA_KPEA_WPEBD_KPEAU_Mbstatet@@AEAV__crt_cached_ptd_host@@@Z 0000000140021d8c f   libucrt:mbrtowc.obj
 0001:00020dd0       ?__mbsrtowcs_utf8@__crt_mbstring@@YA_KPEA_WPEAPEBD_KPEAU_Mbstatet@@AEAV__crt_cached_ptd_host@@@Z 0000000140021dd0 f   libucrt:mbrtowc.obj
 0001:00020f74       _isatty                    0000000140021f74 f   libucrt:isatty.obj
 0001:00020fd4       __acrt_initialize_timeset  0000000140021fd4 f   libucrt:timeset.obj
 0001:000210d0       _lseeki64_nolock           00000001400220d0 f   libucrt:lseek.obj
 0001:0002116c       _lseeki64_nolock_internal  000000014002216c f   libucrt:lseek.obj
 0001:00021174       _putwch_nolock             0000000140022174 f   libucrt:putwch.obj
 0001:000211b0       __acrt_stdio_allocate_buffer_nolock 00000001400221b0 f   libucrt:_getbuf.obj
 0001:0002121c       __acrt_fenv_get_common_round_control 000000014002221c f   libucrt:_fenvutils.obj
 0001:00021228       __acrt_fenv_get_control    0000000140022228 f   libucrt:_fenvutils.obj
 0001:0002130c       __acrt_fenv_get_status     000000014002230c f   libucrt:_fenvutils.obj
 0001:00021364       __acrt_fenv_set_control    0000000140022364 f   libucrt:_fenvutils.obj
 0001:0002149c       __acrt_fenv_set_status     000000014002249c f   libucrt:_fenvutils.obj
 0001:00021510       qsort                      0000000140022510 f   libucrt:qsort.obj
 0001:00021920       strncpy_s                  0000000140022920 f   libucrt:strncpy_s.obj
 0001:00021ab0       strpbrk                    0000000140022ab0 f   libucrt:strpbrk.obj
 0001:00021e78       _mbsdec                    0000000140022e78 f   libucrt:mbsdec.obj
 0001:00021e80       _mbsdec_l                  0000000140022e80 f   libucrt:mbsdec.obj
 0001:00021f2c       __strncnt                  0000000140022f2c f   libucrt:strncnt.obj
 0001:00021f44       _chsize_nolock             0000000140022f44 f   libucrt:chsize.obj
 0001:00021fdc       _chsize_nolock_internal    0000000140022fdc f   libucrt:chsize.obj
 0001:00022170       _controlfp_s               0000000140023170 f   libucrt:contrlfp.obj
 0001:000221d4       fegetenv                   00000001400231d4 f   libucrt:fegetenv.obj
 0001:000221f4       fesetenv                   00000001400231f4 f   libucrt:fesetenv.obj
 0001:0002224c       feholdexcept               000000014002324c f   libucrt:feholdexcept.obj
 0001:0002229c       ceil                       000000014002329c f   libucrt:ceil.obj
 0001:00022360       log10                      0000000140023360 f   libucrt:log10.obj
 0001:0002290c       ?reset_and_return@__crt_mbstring@@YA_K_KPEAU_Mbstatet@@@Z 000000014002390c f   libucrt:common_utf8.obj
 0001:00022914       ?return_illegal_sequence@__crt_mbstring@@YA_KPEAU_Mbstatet@@AEAV__crt_cached_ptd_host@@@Z 0000000140023914 f   libucrt:common_utf8.obj
 0001:00022928       ?__mbrtoc32_utf8@__crt_mbstring@@YA_KPEA_UPEBD_KPEAU_Mbstatet@@AEAV__crt_cached_ptd_host@@@Z 0000000140023928 f   libucrt:mbrtoc32.obj
 0001:00022b04       __dcrt_lowio_ensure_console_output_initialized 0000000140023b04 f   libucrt:initcon.obj
 0001:00022b58       __dcrt_terminate_console_output 0000000140023b58 f   libucrt:initcon.obj
 0001:00022b74       __dcrt_write_console       0000000140023b74 f   libucrt:initcon.obj
 0001:00022d58       _handle_error              0000000140023d58 f   libucrt:libm_error.obj
 0001:00022e80       _handle_errorf             0000000140023e80 f   libucrt:libm_error.obj
 0001:00022fb4       _handle_nan                0000000140023fb4 f   libucrt:libm_error.obj
 0001:00022fd0       _handle_nanf               0000000140023fd0 f   libucrt:libm_error.obj
 0001:00022fe0       __acrt_initialize_fma3     0000000140023fe0 f   libucrt:fma3_available.obj
 0001:00023050       _log10_special             0000000140024050 f   libucrt:log_special.obj
 0001:00023108       _raise_exc                 0000000140024108 f   libucrt:fpexcept.obj
 0001:00023130       _raise_exc_ex              0000000140024130 f   libucrt:fpexcept.obj
 0001:00023438       _raise_excf                0000000140024438 f   libucrt:fpexcept.obj
 0001:00023464       _set_errno_from_matherr    0000000140024464 f   libucrt:fpexcept.obj
 0001:00023494       _clrfp                     0000000140024494 f   libucrt:fpctrl.obj
 0001:000234b4       _ctrlfp                    00000001400244b4 f   libucrt:fpctrl.obj
 0001:00023530       _set_statfp                0000000140024530 f   libucrt:fpctrl.obj
 0001:00023550       _statfp                    0000000140024550 f   libucrt:fpctrl.obj
 0001:00023564       __GSHandlerCheck           0000000140024564 f   LIBCMT:gshandler.obj
 0001:00023584       __GSHandlerCheckCommon     0000000140024584 f   LIBCMT:gshandler.obj
 0001:000235f0       __security_check_cookie    00000001400245f0 f   LIBCMT:amdsecgs.obj
 0001:00023610       _FindPESection             0000000140024610 f   LIBCMT:pesect.obj
 0001:00023660       _IsNonwritableInCurrentImage 0000000140024660 f   LIBCMT:pesect.obj
 0001:000236b0       _ValidateImageBase         00000001400246b0 f   LIBCMT:pesect.obj
 0001:000236e0       __GSHandlerCheck_SEH       00000001400246e0 f   LIBCMT:gshandlerseh.obj
 0001:00023768       __raise_securityfailure    0000000140024768 f   LIBCMT:gs_report.obj
 0001:0002379c       __report_gsfailure         000000014002479c f   LIBCMT:gs_report.obj
 0001:00023870       __report_rangecheckfailure 0000000140024870 f   LIBCMT:gs_report.obj
 0001:00023884       __report_securityfailure   0000000140024884 f   LIBCMT:gs_report.obj
 0001:00023a04       __GSHandlerCheck_EH        0000000140024a04 f   LIBCMT:gshandlereh.obj
 0001:00023aa0       __chkstk                   0000000140024aa0 f   LIBCMT:chkstk.obj
 0001:00023aa0       _alloca_probe              0000000140024aa0 f   LIBCMT:chkstk.obj
 0001:00023af0       __C_specific_handler_noexcept 0000000140024af0 f   libvcruntime:chandler_noexcept.obj
 0001:00023b50       memcmp                     0000000140024b50 f   libvcruntime:memcmp.obj
 0001:00023c18       strrchr                    0000000140024c18 f   libvcruntime:strrchr.obj
 0001:0002c7e0       __vdecl_sinf4              000000014002d7e0 f   LIBCMT:svml_ssinf4_dispatch.obj
 0001:0002c800       __libm_sse2_sincosf_       000000014002d800 f   LIBCMT:svml_ssinf4_dispatch.obj
 0001:0002c843       __libm_sse2_sincosf4_      000000014002d843 f   LIBCMT:svml_ssinf4_dispatch.obj
 0001:0002c850       __vdecl_cos2               000000014002d850 f   LIBCMT:svml_dcos2_dispatch.obj
 0001:0002c870       __sse2_sinf4@@16           000000014002d870 f   LIBCMT:svml_ssinf4_sse2.obj
 0001:0002d1b0       __sse4_sinf4@@16           000000014002e1b0 f   LIBCMT:svml_ssinf4_sse4.obj
 0001:0002d930       __sse2_cos2@@16            000000014002e930 f   LIBCMT:svml_dcos2_sse2.obj
 0001:0002dfe0       __sse4_cos2@@16            000000014002efe0 f   LIBCMT:svml_dcos2_sse4.obj
 0001:0002e690       __common_ssin_cout_rare    000000014002f690 f   LIBCMT:svml_s_sin_cout.obj
 0001:0002e700       __common_dcos_cout_rare    000000014002f700 f   LIBCMT:svml_d_cos_cout.obj
 0001:0002e770       _vcomp_for_dynamic_init    000000014002f770 f   VCOMP:VCOMP140.DLL
 0001:0002e776       _vcomp_for_dynamic_next    000000014002f776 f   VCOMP:VCOMP140.DLL
 0001:0002e77c       _vcomp_for_static_end      000000014002f77c f   VCOMP:VCOMP140.DLL
 0001:0002e782       _vcomp_for_static_simple_init 000000014002f782 f   VCOMP:VCOMP140.DLL
 0001:0002e788       _vcomp_fork                000000014002f788 f   VCOMP:VCOMP140.DLL
 0001:0002e790       atan2f                     000000014002f790 f   libucrt:atan2f.obj
 0001:0002eb90       cos                        000000014002fb90 f   libucrt:cos.obj
 0001:0002f110       cosf                       0000000140030110 f   libucrt:cosf.obj
 0001:0002f610       expf                       0000000140030610 f   libucrt:expf.obj
 0001:0002f8c0       powf                       00000001400308c0 f   libucrt:powf.obj
 0001:00030790       sinf                       0000000140031790 f   libucrt:sinf.obj
 0001:00030e90       __remainder_piby2_forAsm   0000000140031e90 f   libucrt:remainder_piby2_forasm.obj
 0001:000310a0       __remainder_piby2_cw_forAsm 00000001400320a0 f   libucrt:remainder_piby2_forasm.obj
 0001:000311e0       __remainder_piby2_fma3     00000001400321e0 f   libucrt:remainder_piby2_forfma3.obj
 0001:000313d0       __remainder_piby2_fma3_bdl 00000001400323d0 f   libucrt:remainder_piby2_forfma3.obj
 0001:00031448       _cos_special               0000000140032448 f   libucrt:sincos_special.obj
 0001:0003145c       _cosf_special              000000014003245c f   libucrt:sincos_special.obj
 0001:000315a0       _sinf_special              00000001400325a0 f   libucrt:sincos_special.obj
 0001:000315c0       __remainder_piby2d2f_forAsm 00000001400325c0 f   libucrt:remainder_piby2f_forasm.obj
 0001:00031710       _expf_special              0000000140032710 f   libucrt:exp_special.obj
 0001:000317b8       _powf_special              00000001400327b8 f   libucrt:pow_special.obj
 0001:00031930       __remainder_piby2d2f_forC  0000000140032930 f   libucrt:remainder_piby2f_forc.obj
 0001:00031ad0       _guard_dispatch_icall_nop  0000000140032ad0 f   LIBCMT:guard_dispatch.obj
 0001:00031af0       _guard_xfg_dispatch_icall_nop 0000000140032af0 f   LIBCMT:guard_xfg_dispatch.obj
 0002:00000000       __imp_BASS_ChannelGetPosition 0000000140034000     bass:BASS.dll
 0002:00000008       __imp_BASS_ChannelIsActive 0000000140034008     bass:BASS.dll
 0002:00000010       __imp_BASS_ChannelBytes2Seconds 0000000140034010     bass:BASS.dll
 0002:00000018       __imp_BASS_ErrorGetCode    0000000140034018     bass:BASS.dll
 0002:00000020       __imp_BASS_Init            0000000140034020     bass:BASS.dll
 0002:00000028       __imp_BASS_GetInfo         0000000140034028     bass:BASS.dll
 0002:00000030       __imp_BASS_StreamCreateFile 0000000140034030     bass:BASS.dll
 0002:00000038       __imp_BASS_ChannelPlay     0000000140034038     bass:BASS.dll
 0002:00000040       __imp_BASS_Free            0000000140034040     bass:BASS.dll
 0002:00000048       \177BASS_NULL_THUNK_DATA   0000000140034048     bass:BASS.dll
 0002:00000050       __imp_ilLoadImage          0000000140034050     DevIL:DevIL.dll
 0002:00000058       __imp_ilDeleteImages       0000000140034058     DevIL:DevIL.dll
 0002:00000060       __imp_ilConvertImage       0000000140034060     DevIL:DevIL.dll
 0002:00000068       __imp_ilOriginFunc         0000000140034068     DevIL:DevIL.dll
 0002:00000070       __imp_ilEnable             0000000140034070     DevIL:DevIL.dll
 0002:00000078       __imp_ilBindImage          0000000140034078     DevIL:DevIL.dll
 0002:00000080       __imp_ilGetInteger         0000000140034080     DevIL:DevIL.dll
 0002:00000088       __imp_ilGenImages          0000000140034088     DevIL:DevIL.dll
 0002:00000090       __imp_ilCopyPixels         0000000140034090     DevIL:DevIL.dll
 0002:00000098       __imp_ilInit               0000000140034098     DevIL:DevIL.dll
 0002:000000a0       \177DevIL_NULL_THUNK_DATA  00000001400340a0     DevIL:DevIL.dll
 0002:000000a8       __imp_IsValidCodePage      00000001400340a8     kernel32:KERNEL32.dll
 0002:000000b0       __imp_GetACP               00000001400340b0     kernel32:KERNEL32.dll
 0002:000000b8       __imp_GetOEMCP             00000001400340b8     kernel32:KERNEL32.dll
 0002:000000c0       __imp_GetCommandLineA      00000001400340c0     kernel32:KERNEL32.dll
 0002:000000c8       __imp_OutputDebugStringA   00000001400340c8     kernel32:KERNEL32.dll
 0002:000000d0       __imp_GetStringTypeW       00000001400340d0     kernel32:KERNEL32.dll
 0002:000000d8       __imp_FlushFileBuffers     00000001400340d8     kernel32:KERNEL32.dll
 0002:000000e0       __imp_WriteConsoleW        00000001400340e0     kernel32:KERNEL32.dll
 0002:000000e8       __imp_GetCommandLineW      00000001400340e8     kernel32:KERNEL32.dll
 0002:000000f0       __imp_GetEnvironmentStringsW 00000001400340f0     kernel32:KERNEL32.dll
 0002:000000f8       __imp_FreeEnvironmentStringsW 00000001400340f8     kernel32:KERNEL32.dll
 0002:00000100       __imp_GetProcessHeap       0000000140034100     kernel32:KERNEL32.dll
 0002:00000108       __imp_HeapSize             0000000140034108     kernel32:KERNEL32.dll
 0002:00000110       __imp_ReadConsoleW         0000000140034110     kernel32:KERNEL32.dll
 0002:00000118       __imp_ReadFile             0000000140034118     kernel32:KERNEL32.dll
 0002:00000120       __imp_GetConsoleMode       0000000140034120     kernel32:KERNEL32.dll
 0002:00000128       __imp_GetConsoleOutputCP   0000000140034128     kernel32:KERNEL32.dll
 0002:00000130       __imp_SetStdHandle         0000000140034130     kernel32:KERNEL32.dll
 0002:00000138       __imp_HeapReAlloc          0000000140034138     kernel32:KERNEL32.dll
 0002:00000140       __imp_LCMapStringW         0000000140034140     kernel32:KERNEL32.dll
 0002:00000148       __imp_FlsFree              0000000140034148     kernel32:KERNEL32.dll
 0002:00000150       __imp_FlsSetValue          0000000140034150     kernel32:KERNEL32.dll
 0002:00000158       __imp_FlsGetValue          0000000140034158     kernel32:KERNEL32.dll
 0002:00000160       __imp_FlsAlloc             0000000140034160     kernel32:KERNEL32.dll
 0002:00000168       __imp_HeapFree             0000000140034168     kernel32:KERNEL32.dll
 0002:00000170       __imp_HeapAlloc            0000000140034170     kernel32:KERNEL32.dll
 0002:00000178       __imp_GetCPInfo            0000000140034178     kernel32:KERNEL32.dll
 0002:00000180       __imp_WriteFile            0000000140034180     kernel32:KERNEL32.dll
 0002:00000188       __imp_GetStdHandle         0000000140034188     kernel32:KERNEL32.dll
 0002:00000190       __imp_GetModuleFileNameW   0000000140034190     kernel32:KERNEL32.dll
 0002:00000198       __imp_GetModuleHandleExW   0000000140034198     kernel32:KERNEL32.dll
 0002:000001a0       __imp_ExitProcess          00000001400341a0     kernel32:KERNEL32.dll
 0002:000001a8       __imp_TerminateProcess     00000001400341a8     kernel32:KERNEL32.dll
 0002:000001b0       __imp_RtlCaptureContext    00000001400341b0     kernel32:KERNEL32.dll
 0002:000001b8       __imp_RtlLookupFunctionEntry 00000001400341b8     kernel32:KERNEL32.dll
 0002:000001c0       __imp_RtlVirtualUnwind     00000001400341c0     kernel32:KERNEL32.dll
 0002:000001c8       __imp_IsDebuggerPresent    00000001400341c8     kernel32:KERNEL32.dll
 0002:000001d0       __imp_UnhandledExceptionFilter 00000001400341d0     kernel32:KERNEL32.dll
 0002:000001d8       __imp_SetUnhandledExceptionFilter 00000001400341d8     kernel32:KERNEL32.dll
 0002:000001e0       __imp_GetStartupInfoW      00000001400341e0     kernel32:KERNEL32.dll
 0002:000001e8       __imp_IsProcessorFeaturePresent 00000001400341e8     kernel32:KERNEL32.dll
 0002:000001f0       __imp_GetModuleHandleW     00000001400341f0     kernel32:KERNEL32.dll
 0002:000001f8       __imp_QueryPerformanceCounter 00000001400341f8     kernel32:KERNEL32.dll
 0002:00000200       __imp_GetCurrentProcessId  0000000140034200     kernel32:KERNEL32.dll
 0002:00000208       __imp_GetCurrentThreadId   0000000140034208     kernel32:KERNEL32.dll
 0002:00000210       __imp_GetSystemTimeAsFileTime 0000000140034210     kernel32:KERNEL32.dll
 0002:00000218       __imp_InitializeSListHead  0000000140034218     kernel32:KERNEL32.dll
 0002:00000220       __imp_LocalFree            0000000140034220     kernel32:KERNEL32.dll
 0002:00000228       __imp_FormatMessageA       0000000140034228     kernel32:KERNEL32.dll
 0002:00000230       __imp_SetCurrentDirectoryW 0000000140034230     kernel32:KERNEL32.dll
 0002:00000238       __imp_CreateFileW          0000000140034238     kernel32:KERNEL32.dll
 0002:00000240       __imp_FindClose            0000000140034240     kernel32:KERNEL32.dll
 0002:00000248       __imp_FindFirstFileExW     0000000140034248     kernel32:KERNEL32.dll
 0002:00000250       __imp_FindNextFileW        0000000140034250     kernel32:KERNEL32.dll
 0002:00000258       __imp_GetCurrentProcess    0000000140034258     kernel32:KERNEL32.dll
 0002:00000260       __imp_SetEndOfFile         0000000140034260     kernel32:KERNEL32.dll
 0002:00000268       __imp_SetFilePointerEx     0000000140034268     kernel32:KERNEL32.dll
 0002:00000270       __imp_AreFileApisANSI      0000000140034270     kernel32:KERNEL32.dll
 0002:00000278       __imp_CloseHandle          0000000140034278     kernel32:KERNEL32.dll
 0002:00000280       __imp_GetLastError         0000000140034280     kernel32:KERNEL32.dll
 0002:00000288       __imp_MultiByteToWideChar  0000000140034288     kernel32:KERNEL32.dll
 0002:00000290       __imp_WideCharToMultiByte  0000000140034290     kernel32:KERNEL32.dll
 0002:00000298       __imp_RtlUnwindEx          0000000140034298     kernel32:KERNEL32.dll
 0002:000002a0       __imp_RtlPcToFileHeader    00000001400342a0     kernel32:KERNEL32.dll
 0002:000002a8       __imp_RaiseException       00000001400342a8     kernel32:KERNEL32.dll
 0002:000002b0       __imp_SetLastError         00000001400342b0     kernel32:KERNEL32.dll
 0002:000002b8       __imp_EnterCriticalSection 00000001400342b8     kernel32:KERNEL32.dll
 0002:000002c0       __imp_LeaveCriticalSection 00000001400342c0     kernel32:KERNEL32.dll
 0002:000002c8       __imp_DeleteCriticalSection 00000001400342c8     kernel32:KERNEL32.dll
 0002:000002d0       __imp_InitializeCriticalSectionAndSpinCount 00000001400342d0     kernel32:KERNEL32.dll
 0002:000002d8       __imp_TlsAlloc             00000001400342d8     kernel32:KERNEL32.dll
 0002:000002e0       __imp_TlsGetValue          00000001400342e0     kernel32:KERNEL32.dll
 0002:000002e8       __imp_TlsSetValue          00000001400342e8     kernel32:KERNEL32.dll
 0002:000002f0       __imp_TlsFree              00000001400342f0     kernel32:KERNEL32.dll
 0002:000002f8       __imp_FreeLibrary          00000001400342f8     kernel32:KERNEL32.dll
 0002:00000300       __imp_GetProcAddress       0000000140034300     kernel32:KERNEL32.dll
 0002:00000308       __imp_LoadLibraryExW       0000000140034308     kernel32:KERNEL32.dll
 0002:00000310       __imp_EncodePointer        0000000140034310     kernel32:KERNEL32.dll
 0002:00000318       __imp_GetFileType          0000000140034318     kernel32:KERNEL32.dll
 0002:00000320       \177KERNEL32_NULL_THUNK_DATA 0000000140034320     kernel32:KERNEL32.dll
[...]
 0002:000107d8       $xdatasym                  00000001400447d8     LIBCMT:svml_dcos2_sse2.obj
 0002:00010810       $xdatasym                  0000000140044810     LIBCMT:svml_dcos2_sse4.obj
 0002:00010848       $xdatasym                  0000000140044848     LIBCMT:svml_s_sin_cout.obj
 0002:00010850       $xdatasym                  0000000140044850     LIBCMT:svml_d_cos_cout.obj
 0002:00010858       $unwind$atan2f             0000000140044858     libucrt:atan2f.obj
 0002:00010878       $xdatasym                  0000000140044878     libucrt:cos.obj
 0002:00010880       $xdatasym                  0000000140044880     libucrt:cosf.obj
 0002:00010888       $xdatasym                  0000000140044888     libucrt:expf.obj
 0002:00010890       $xdatasym                  0000000140044890     libucrt:powf.obj
 0002:000108a0       $xdatasym                  00000001400448a0     libucrt:sinf.obj
 0002:000108a8       $xdatasym                  00000001400448a8     libucrt:remainder_piby2_forasm.obj
 0002:000108b8       $xdatasym                  00000001400448b8     libucrt:remainder_piby2_forfma3.obj
 0002:000108c4       $unwind$_sincos_special    00000001400448c4     libucrt:sincos_special.obj
 0002:000108c4       $unwind$_sincosf_special   00000001400448c4     libucrt:sincos_special.obj
 0002:000108d0       $xdatasym                  00000001400448d0     libucrt:remainder_piby2f_forasm.obj
 0002:000108d4       $unwind$_powf_special      00000001400448d4     libucrt:pow_special.obj
 0002:000108e0       $xdatasym                  00000001400448e0     libucrt:remainder_piby2f_forc.obj
 0002:00011130       .idata$6                   0000000140045130     ws2_32:WS2_32.dll
 0002:00011152       .idata$6                   0000000140045152     kernel32:KERNEL32.dll
 0002:00011184       .idata$6                   0000000140045184     user32:USER32.dll
 0002:00011246       .idata$6                   0000000140045246     bass:BASS.dll
 0002:000112e4       .idata$6                   00000001400452e4     DevIL:DevIL.dll
 0002:00011580       .idata$6                   0000000140045580     SDL2:SDL2.dll
 0002:00011b90       .idata$6                   0000000140045b90     VCOMP:VCOMP140.DLL
 0003:00000040       ?__vcrt_flsindex@@3KA      0000000140046040     libvcruntime:per_thread_data.obj
 0003:00000160       ?dazSupported@?1??common_control87@@9@9 0000000140046160     libucrt:ieee.obj
 0003:00000168       ?errno_no_memory@@3HA      0000000140046168     libucrt:errno.obj
 0003:0000016c       ?doserrno_no_memory@@3KA   000000014004616c     libucrt:errno.obj
 0003:000001b8       ?__acrt_flsindex@@3KA      00000001400461b8     libucrt:per_thread_data.obj
 0003:00000660       _mbctypes                  0000000140046660     libucrt:mbctype.obj
 0003:00000770       _mbcasemaps                0000000140046770     libucrt:mbctype.obj
 0003:00000870       ?__rgctypeflag@@3PADA      0000000140046870     libucrt:mbctype.obj
 0003:00000880       ?__rgcode_page_info@@3PAUcode_page_info@@A 0000000140046880     libucrt:mbctype.obj
 0003:00000a20       ?tzstd_program@@3PADA      0000000140046a20     libucrt:timeset.obj
 0003:00000a60       ?tzdst_program@@3PADA      0000000140046a60     libucrt:timeset.obj
 0003:00000aa0       ?w_tzstd_program@@3PA_WA   0000000140046aa0     libucrt:timeset.obj
 0003:00000b20       ?w_tzdst_program@@3PA_WA   0000000140046b20     libucrt:timeset.obj
 0003:00000ba0       ?tzname_states@@3PAY01PEADA 0000000140046ba0     libucrt:timeset.obj
 0003:00000bb0       ?w_tzname_states@@3PAY01PEA_WA 0000000140046bb0     libucrt:timeset.obj
 0003:00000bc0       ?__dcrt_lowio_console_output_handle@@3PEAXEA 0000000140046bc0     libucrt:initcon.obj
 0003:00000bd0       ?dazSupported@?1??_ctrlfp@@9@9 0000000140046bd0     libucrt:fpctrl.obj
 0003:00000c10       ?s_curRayLength@@3IA       0000000140046c10     ball.obj
 0003:00000c14       ?s_beamAlphaMin@@3MA       0000000140046c14     ball.obj
 0003:00000c18       ?s_beamAtten@@3IA          0000000140046c18     ball.obj
 0003:00000c1c       ?s_mapTilt@@3HA            0000000140046c1c     landscape.obj
 0003:00000c20       ?s_lastErr@@3V?$basic_string@DU?$char_traits@D@std@@V?$allocator@D@2@@std@@A 0000000140046c20     main.obj
 0003:00000ed0       ?is_initialized_as_dll@@3_NA 0000000140046ed0     LIBCMT:utility.obj
 0003:00000ed1       ?module_local_atexit_table_initialized@@3_NA 0000000140046ed1     LIBCMT:utility.obj
 0003:00000ed8       ?module_local_atexit_table@@3U_onexit_table_t@@A 0000000140046ed8     LIBCMT:utility.obj
 0003:00000ef0       ?module_local_at_quick_exit_table@@3U_onexit_table_t@@A 0000000140046ef0     LIBCMT:utility.obj
 0003:00000f40       ?__vcrt_startup_thread_ptd@@3U__vcrt_ptd@@A 0000000140046f40     libvcruntime:per_thread_data.obj
 0003:00000fc0       __vcrt_lock_table          0000000140046fc0     libvcruntime:locks.obj
 0003:00000fe8       __vcrt_locks_initialized   0000000140046fe8     libvcruntime:locks.obj
 0003:00001030       ?heap@@3V_HeapManager@@A   0000000140047030     libvcruntime:undname.obj
 0003:00001058       ?module_handles@@3PAPEAUHINSTANCE__@@A 0000000140047058     libvcruntime:winapi_downlevel.obj
 0003:00001070       ?function_pointers@@3PAPEAXA 0000000140047070     libvcruntime:winapi_downlevel.obj
 0003:000010b8       ?__acrt_invalid_parameter_handler@@3V?$dual_state_global@P6AXPEB_W00I_K@Z@__crt_state_management@@A 00000001400470b8     libucrt:invalid_parameter.obj
 0003:000010c0       ?__acrt_new_handler@@3V?$dual_state_global@P6AH_K@Z@__crt_state_management@@A 00000001400470c0     libucrt:new_handler.obj
 0003:000010c8       ?c_termination_complete@@3JA 00000001400470c8     libucrt:exit.obj
 0003:000010d0       ?thread_local_exit_callback_func@@3P6AXPEAXK0@ZEA 00000001400470d0     libucrt:exit.obj
 0003:000010d8       ?c_exit_complete@?1???R<lambda_6e4b09c48022b2350581041d5f6b0c4c>@@QEBA@XZ@4_NA 00000001400470d8     libucrt:exit.obj
 0003:000010e0       ?program_name@?1???$common_configure_argv@D@@YAHW4_crt_argv_mode@@@Z@4PADA 00000001400470e0     libucrt:argv_parsing.obj
 0003:00001238       ?__acrt_app_type@@3W4_crt_app_type@@A 0000000140047238     libucrt:report_runtime_error.obj
 0003:00001240       ?user_matherr@@3V?$dual_state_global@P6AHPEAU_exception@@@Z@__crt_state_management@@A 0000000140047240     libucrt:matherr.obj
 0003:00001248       ?empty_string@?1???$common_wincmdln@E@@YAPEAEXZ@4PAEA 0000000140047248     libucrt:argv_winmain.obj
 0003:00001250       ?__acrt_global_new_mode@@3V?$dual_state_global@J@__crt_state_management@@A 0000000140047250     libucrt:new_mode.obj
 0003:00001260       ?module_handles@@3PAPEAUHINSTANCE__@@A 0000000140047260     libucrt:winapi_thunks.obj
 0003:00001310       ?encoded_function_pointers@@3PAPEAXA 0000000140047310     libucrt:winapi_thunks.obj
 0003:00001820       ?internal_state@?1??_mbtowc_internal@@9@4U_Mbstatet@@A 0000000140047820     libucrt:mbtowc.obj
 0003:00001828       ?enable_percent_n@@3_KA    0000000140047828     libucrt:printf_count_output.obj
 0003:00001840       ?__acrt_lock_table@@3PAU_RTL_CRITICAL_SECTION@@A 0000000140047840     libucrt:locks.obj
 0003:00001a70       ?__acrt_locks_initialized@@3IA 0000000140047a70     libucrt:locks.obj
 0003:00001a90       ?fSystemSet@@3HA           0000000140047a90     libucrt:mbctype.obj
 0003:00001a94       ?initialized@?1??__acrt_initialize_multibyte@@9@4_NA 0000000140047a94     libucrt:mbctype.obj
 0003:00001ad0       ?ctrlc_action@@3V?$dual_state_global@P6AXH@Z@__crt_state_management@@A 0000000140047ad0     libucrt:signal.obj
 0003:00001ad8       ?ctrlbreak_action@@3V?$dual_state_global@P6AXH@Z@__crt_state_management@@A 0000000140047ad8     libucrt:signal.obj
 0003:00001ae0       ?abort_action@@3V?$dual_state_global@P6AXH@Z@__crt_state_management@@A 0000000140047ae0     libucrt:signal.obj
 0003:00001ae8       ?term_action@@3V?$dual_state_global@P6AXH@Z@__crt_state_management@@A 0000000140047ae8     libucrt:signal.obj
 0003:00001b10       ?_tzname@@3V?$dual_state_global@PEAPEAD@__crt_state_management@@A 0000000140047b10     libucrt:timeset.obj
 0003:00001b18       ?w_tzname@@3V?$dual_state_global@PEAPEA_W@__crt_state_management@@A 0000000140047b18     libucrt:timeset.obj
 0003:00001b20       ?tz_api_used@@3HA          0000000140047b20     libucrt:tzset.obj
 0003:00001b24       ?tzset_init_state@@3V?$dual_state_global@J@__crt_state_management@@A 0000000140047b24     libucrt:tzset.obj
 0003:00001b30       ?tz_info@@3U_TIME_ZONE_INFORMATION@@A 0000000140047b30     libucrt:tzset.obj
 0003:00001be0       ?internal_pst@?1??__mbrtoc32_utf8@__crt_mbstring@@YA_KPEA_UPEBD_KPEAU_Mbstatet@@AEAV__crt_cached_ptd_host@@@Z@4U3@A 0000000140047be0     libucrt:mbrtoc32.obj
 0003:00001bf0       GS_ExceptionRecord         0000000140047bf0     LIBCMT:gs_report.obj
 0003:00001c90       GS_ContextRecord           0000000140047c90     LIBCMT:gs_report.obj
 0003:000094c8       ?s_bassInf@@3UBASS_INFO@@A 000000014004f4c8     audio.obj
 0003:00009500       ?fNautilus_global@@3VVector3@@A 000000014004f500     shadertoy.obj
 0003:00009510       ?fSpike_global@@3VVector4@@A 000000014004f510     shadertoy.obj
 0003:00009520       ?temp@?1??path_encode@@9@9 000000014004f520     device.obj
 0003:00009624       ?s_hMusic@@3KA             000000014004f624     audio.obj
 0003:00009628       ?s_pEnvMap@@3PEAIEA        000000014004f628     ball.obj
 0003:00009630       ?temp@?1??sync_track_path@@9@9 000000014004f630     device.obj
 0003:00009738       ?s_pColorMap@@3PAPEAIA     000000014004f738     ball.obj
 0003:00009748       ?s_pHeightMap@@3PAPEAEA    000000014004f748     ball.obj
 0003:00009770       ?s_heightProj@@3PAIA       000000014004f770     ball.obj
 0003:0000a770       ?s_heightProjNorm@@3PAHA   0000000140050770     ball.obj
 0003:0000b770       ?s_pHalo@@3PEAIEA          0000000140051770     ball.obj
 0003:0000b778       ?s_pBeamMapMix@@3PEAIEA    0000000140051778     ball.obj
 0003:0000b780       ?s_pBeamMaps@@3PAPEAIA     0000000140051780     ball.obj
 0003:0000b798       ?s_heightMapMix@@3PEAEEA   0000000140051798     ball.obj
 0003:0000b7a0       ?s_pBackgrounds@@3PAPEAIA  00000001400517a0     ball.obj
 0003:0000b7b0       ?s_pTempBuf@@3PEAIEA       00000001400517b0     boxblur.obj
 0003:0000b7b8       ?s_genState@@3UTINYMT32_T@@A 00000001400517b8     random.obj
 0003:0000b7d8       ?s_hRocket@@3PEAUsync_device@@EA 00000001400517d8     rocket.obj
 0003:0000b7e0       ?s_pFDTunnelTex@@3PEAIEA   00000001400517e0     shadertoy.obj
 0003:0000b7e8       ?s_pFDTunnelTex2@@3PEAIEA  00000001400517e8     shadertoy.obj
 0003:0000b7f0       ?s_pNautilusDirt@@3PEAIEA  00000001400517f0     demo.obj
 0003:0000b7f8       ?s_pBallVignette@@3PEAIEA  00000001400517f8     demo.obj
 0003:0000b800       ?s_pLenz@@3PEAIEA          0000000140051800     demo.obj
 0003:0000b808       ?s_pRevLogo@@3PEAIEA       0000000140051808     demo.obj
 0003:0000b810       ?s_pSpikeyFullDirt@@3PEAIEA 0000000140051810     demo.obj
 0003:0000b818       ?s_pNoooN@@3PEAIEA         0000000140051818     demo.obj
 0003:0000b820       ?s_pTunnelVignette2@@3PEAIEA 0000000140051820     demo.obj
 0003:0000b828       ?s_pSpikeyBypass@@3PEAIEA  0000000140051828     demo.obj
 0003:0000b830       ?s_pDiscoGuys@@3PAPEAIA    0000000140051830     demo.obj
 0003:0000b870       ?s_pGreetings@@3PAPEAIA    0000000140051870     demo.obj
 0003:0000b890       ?s_pCredits@@3PAPEAIA      0000000140051890     demo.obj
 0003:0000b8b0       ?s_pWaterDirt@@3PEAIEA     00000001400518b0     demo.obj
 0003:0000b8b8       ?s_pCloseSpikeVignette@@3PEAIEA 00000001400518b8     demo.obj
 0003:0000b8c0       ?s_pCloseSpikeDirt@@3PEAIEA 00000001400518c0     demo.obj
 0003:0000b8c8       ?s_pVignette06@@3PEAIEA    00000001400518c8     demo.obj
 0003:0000b8d0       ?s_pNautilusCousteauRim2@@3PEAIEA 00000001400518d0     demo.obj
 0003:0000b8d8       ?s_pWaterPrismOverlay@@3PEAIEA 00000001400518d8     demo.obj
 0003:0000b8e0       ?s_pNautilusCousteau2@@3PEAIEA 00000001400518e0     demo.obj
 0003:0000b8e8       ?s_pSpikeyArrested@@3PEAIEA 00000001400518e8     demo.obj
 0003:0000b8f0       ?s_pAreWeDone@@3PEAIEA     00000001400518f0     demo.obj
 0003:0000b8f8       ?s_pTunnelFullDirt@@3PEAIEA 00000001400518f8     demo.obj
 0003:0000b900       ?s_pGodLayer@@3PEAIEA      0000000140051900     demo.obj
 0003:0000b908       ?s_pSpikeyVignette@@3PEAIEA 0000000140051908     demo.obj
 0003:0000b910       ?s_pNautilusCousteauRim1@@3PEAIEA 0000000140051910     demo.obj
 0003:0000b918       ?s_pTunnelVignette@@3PEAIEA 0000000140051918     demo.obj
 0003:0000b920       ?s_pNautilusCousteau1@@3PEAIEA 0000000140051920     demo.obj
 0003:0000b928       ?s_pNautilusVignette@@3PEAIEA 0000000140051928     demo.obj
 0003:0000b930       ?s_pNautilusText@@3PEAIEA  0000000140051930     demo.obj
 0003:0000b938       ?s_pGreetingsDirt@@3PEAIEA 0000000140051938     demo.obj
 0003:0000b940       ?s_pGreetingsVignette@@3PEAIEA 0000000140051940     demo.obj
 0003:0000b948       ?s_pMFX@@3PEAIEA           0000000140051948     demo.obj
 0003:0000b950       ?s_pSpikeyVignette2@@3PEAIEA 0000000140051950     demo.obj
 0003:0000b958       ?s_pPad@@3PEAU_SDL_GameController@@EA 0000000140051958     gamepad.obj
 0003:0000b960       ?s_pGC@@3V?$vector@PEAXV?$allocator@PEAX@std@@@std@@A 0000000140051960     image.obj
 0003:0000b978       ?s_pColorMap@@3PEAIEA      0000000140051978     landscape.obj
 0003:0000b980       ?s_fogGradientUnp@@3PAT__m128i@@A 0000000140051980     landscape.obj
 0003:0000c980       ?s_pFogGradient@@3PEAIEA   0000000140052980     landscape.obj
 0003:0000c988       ?s_pHeightMap@@3PEAEEA     0000000140052988     landscape.obj
 0003:0000c990       ?s_pInvMap2x2@@3PEAHEA     0000000140052990     polar.obj
 0003:0000c998       ?s_pMap@@3PEAHEA           0000000140052998     polar.obj
 0003:0000c9a0       ?s_pInvMap@@3PEAHEA        00000001400529a0     polar.obj
 0003:0000c9a8       ?s_pMap2x2@@3PEAHEA        00000001400529a8     polar.obj
 0003:0000c9b0       ?s_pColorMap@@3PEAIEA      00000001400529b0     torus-twister.obj
 0003:0000c9b8       ?s_pHeightMap@@3PEAEEA     00000001400529b8     torus-twister.obj
 0003:0000c9c0       ?s_heightProj@@3PAIA       00000001400529c0     torus-twister.obj
 0003:0000d1c0       ?s_heightProjNorm@@3PAIA   00000001400531c0     torus-twister.obj
 0003:0000d9c0       ?s_pBackground@@3PEAIEA    00000001400539c0     torus-twister.obj
 0003:0000d9c8       ?s_pColorMap@@3PEAIEA      00000001400539c8     tunnelscape.obj
 0003:0000d9d0       ?s_fogGradientUnp@@3PAT__m128i@@A 00000001400539d0     tunnelscape.obj
 0003:0000e9d0       ?s_pFogGradient@@3PEAIEA   00000001400549d0     tunnelscape.obj
 0003:0000e9d8       ?s_pHeightMap@@3PEAEEA     00000001400549d8     tunnelscape.obj
 0003:0000e9e0       ?numCalls@?9??Gamepad_Update@@YA_NAEAUPadState@@@Z@4HA 00000001400549e0     gamepad.obj
 0003:0000e9e4       ?viewAngle@?1??vscape@@YAXPEAIMM@Z@4MA 00000001400549e4     landscape.obj
 0003:0000e9e8       ?padMoveX@?1??vscape@@YAXPEAIMM@Z@4MA 00000001400549e8     landscape.obj
 0003:0000e9ec       ?padTilt@?1??vscape@@YAXPEAIMM@Z@4MA 00000001400549ec     landscape.obj
 0003:0000e9f0       ?padMoveY@?1??vscape@@YAXPEAIMM@Z@4MA 00000001400549f0     landscape.obj
 0003:0000e9f4       ?strafeY@?1??vscape@@YAXPEAIMM@Z@4MA 00000001400549f4     landscape.obj
 0003:0000e9f8       ?strafeX@?1??vscape@@YAXPEAIMM@Z@4MA 00000001400549f8     landscape.obj
 0003:0000ea00       ?edgeDivs@?1??VerticalBoxBlur32@@YAXPEAIPEBIIIM@Z@4PAT__m128i@@A 0000000140054a00     boxblur.obj
 0003:0000fa00       ?edgeDivs@?1??HorizontalBoxBlur32@@YAXPEAIPEBIIIM@Z@4PAT__m128i@@A 0000000140055a00     boxblur.obj
 0005:00000000       MsetTab                    000000014005a000     libvcruntime:memset.obj
 0005:00000050       MoveSmall                  000000014005a050     libvcruntime:memcpy.obj
 0005:00000090       MoveSmallYmm               000000014005a090     libvcruntime:memcpy.obj
 0005:000000b4       MoveSmallYmmNT             000000014005a0b4     libvcruntime:memcpy.obj
 0005:000000d8       MoveSmallXmm               000000014005a0d8     libvcruntime:memcpy.obj
 0005:00000100       _2il0floatpacket$19        000000014005a100     LIBCMT:svml_ssinf4_sse2.obj
 0005:00000200       _2il0floatpacket$26        000000014005a200     LIBCMT:svml_dcos2_sse2.obj
 0005:00000210       _2il0floatpacket$27        000000014005a210     LIBCMT:svml_dcos2_sse2.obj
 0005:00000220       _2il0floatpacket$28        000000014005a220     LIBCMT:svml_dcos2_sse2.obj
 0005:00000230       _2il0floatpacket$29        000000014005a230     LIBCMT:svml_dcos2_sse2.obj
 0005:00000240       _2il0floatpacket$30        000000014005a240     LIBCMT:svml_dcos2_sse2.obj
 0005:00000250       _2il0floatpacket$31        000000014005a250     LIBCMT:svml_dcos2_sse2.obj
 0005:00000260       _2il0floatpacket$32        000000014005a260     LIBCMT:svml_dcos2_sse2.obj
 0005:00000270       _2il0floatpacket$33        000000014005a270     LIBCMT:svml_dcos2_sse2.obj
 0005:00000280       _2il0floatpacket$34        000000014005a280     LIBCMT:svml_dcos2_sse2.obj
 0005:00000290       _2il0floatpacket$35        000000014005a290     LIBCMT:svml_dcos2_sse2.obj
 0005:000002a0       _2il0floatpacket$36        000000014005a2a0     LIBCMT:svml_dcos2_sse2.obj
 0005:000002b0       _2il0floatpacket$37        000000014005a2b0     LIBCMT:svml_dcos2_sse2.obj
 0005:000002c0       _2il0floatpacket$38        000000014005a2c0     LIBCMT:svml_dcos2_sse2.obj
 0005:000002d0       _2il0floatpacket$39        000000014005a2d0     LIBCMT:svml_dcos2_sse2.obj
 0005:000002e0       _2il0floatpacket$40        000000014005a2e0     LIBCMT:svml_dcos2_sse2.obj
 0005:000002f0       _2il0floatpacket$41        000000014005a2f0     LIBCMT:svml_dcos2_sse2.obj
 0005:00000300       _2il0floatpacket$42        000000014005a300     LIBCMT:svml_dcos2_sse2.obj
 0005:00000310       _2il0floatpacket$43        000000014005a310     LIBCMT:svml_dcos2_sse2.obj
 0005:00000400       _2il0floatpacket$26        000000014005a400     LIBCMT:svml_dcos2_sse4.obj
 0005:00000410       _2il0floatpacket$27        000000014005a410     LIBCMT:svml_dcos2_sse4.obj
 0005:00000420       _2il0floatpacket$28        000000014005a420     LIBCMT:svml_dcos2_sse4.obj
 0005:00000430       _2il0floatpacket$29        000000014005a430     LIBCMT:svml_dcos2_sse4.obj
 0005:00000440       _2il0floatpacket$30        000000014005a440     LIBCMT:svml_dcos2_sse4.obj
 0005:00000450       _2il0floatpacket$31        000000014005a450     LIBCMT:svml_dcos2_sse4.obj
 0005:00000460       _2il0floatpacket$32        000000014005a460     LIBCMT:svml_dcos2_sse4.obj
 0005:00000470       _2il0floatpacket$33        000000014005a470     LIBCMT:svml_dcos2_sse4.obj
 0005:00000480       _2il0floatpacket$34        000000014005a480     LIBCMT:svml_dcos2_sse4.obj
 0005:00000490       _2il0floatpacket$35        000000014005a490     LIBCMT:svml_dcos2_sse4.obj
 0005:000004a0       _2il0floatpacket$36        000000014005a4a0     LIBCMT:svml_dcos2_sse4.obj
 0005:000004b0       _2il0floatpacket$37        000000014005a4b0     LIBCMT:svml_dcos2_sse4.obj
 0005:000004c0       _2il0floatpacket$38        000000014005a4c0     LIBCMT:svml_dcos2_sse4.obj
 0005:000004d0       _2il0floatpacket$39        000000014005a4d0     LIBCMT:svml_dcos2_sse4.obj
 0005:000004e0       _2il0floatpacket$40        000000014005a4e0     LIBCMT:svml_dcos2_sse4.obj
 0005:000004f0       _2il0floatpacket$41        000000014005a4f0     LIBCMT:svml_dcos2_sse4.obj
 0005:00000500       _2il0floatpacket$42        000000014005a500     LIBCMT:svml_dcos2_sse4.obj
 0005:00000510       _2il0floatpacket$43        000000014005a510     LIBCMT:svml_dcos2_sse4.obj
 0005:00002700       _vmlsSinHATab              000000014005c700     LIBCMT:svml_s_sin_cout.obj
 0005:00013500       _vmldCosHATab              000000014006d500     LIBCMT:svml_d_cos_cout.obj
 0006:00000060       $R000000                   000000014006e060     * linker generated manifest res *
